START ALGORITHM:
I am going to build an instance with N: 300 variables and 1245 clauses with a clause density equal to 4.15
START BSP WITH r=0.9:
Decimation scorer: pol
END UNIT PROPAGATION
300 1245 1.92963742 0.00643212475 4.15
300 1245 1.92936028 0.00643120092 4.15
300 1245 1.92930693 0.00643102311 4.15
300 1245 1.92939114 0.00643130379 4.15
300 1245 1.92936597 0.0064312199 4.15
300 1245 1.92938086 0.00643126955 4.15
300 1245 1.92939045 0.00643130149 4.15
300 1245 1.92939038 0.00643130128 4.15
300 1245 1.92939653 0.00643132176 4.15
299 1232 1.9260125 0.00642004166 4.12040134
299 1232 1.92601431 0.0064200477 4.12040134
299 1232 1.92601754 0.00642005846 4.12040134
299 1232 1.92602085 0.00642006949 4.12040134
299 1232 1.9260298 0.00642009934 4.12040134
299 1232 1.92599564 0.00641998547 4.12040134
299 1232 1.92596704 0.00641989014 4.12040134
299 1232 1.92602519 0.00642008396 4.12040134
299 1232 1.92600258 0.00642000861 4.12040134
299 1232 1.92597753 0.00641992511 4.12040134
298 1222 1.92204184 0.00640680614 4.10067114
298 1222 1.92205906 0.00640686354 4.10067114
298 1222 1.92207825 0.00640692752 4.10067114
298 1222 1.92206714 0.00640689047 4.10067114
298 1222 1.92204712 0.00640682373 4.10067114
298 1222 1.92205727 0.00640685757 4.10067114
298 1222 1.92205475 0.00640684917 4.10067114
298 1222 1.92205353 0.00640684509 4.10067114
298 1222 1.92205062 0.0064068354 4.10067114
298 1222 1.92205234 0.00640684113 4.10067114
297 1218 1.9206222 0.006402074 4.1010101
297 1218 1.92068195 0.00640227316 4.1010101
297 1218 1.92076442 0.00640254806 4.1010101
297 1218 1.92079055 0.00640263515 4.1010101
297 1218 1.92080922 0.00640269741 4.1010101
297 1218 1.92081567 0.00640271889 4.1010101
297 1218 1.92081449 0.00640271497 4.1010101
297 1218 1.92079763 0.00640265876 4.1010101
297 1218 1.92079775 0.00640265917 4.1010101
297 1218 1.92080537 0.00640268457 4.1010101
296 1209 1.91179767 0.0063726589 4.08445946
296 1209 1.91173085 0.00637243615 4.08445946
296 1209 1.9115178 0.00637172602 4.08445946
296 1209 1.91169077 0.00637230258 4.08445946
296 1209 1.91147531 0.00637158436 4.08445946
296 1209 1.91183361 0.0063727787 4.08445946
296 1209 1.91163072 0.00637210241 4.08445946
296 1209 1.91141478 0.00637138259 4.08445946
296 1209 1.91184334 0.00637281112 4.08445946
296 1209 1.91168718 0.0063722906 4.08445946
295 1200 1.90176562 0.00633921875 4.06779661
295 1200 1.90184351 0.00633947836 4.06779661
295 1200 1.90184991 0.00633949969 4.06779661
295 1200 1.9018356 0.006339452 4.06779661
295 1200 1.90183723 0.00633945743 4.06779661
295 1200 1.90184284 0.00633947613 4.06779661
295 1200 1.90184827 0.00633949424 4.06779661
295 1200 1.9018486 0.00633949533 4.06779661
295 1200 1.90184912 0.00633949705 4.06779661
295 1200 1.90184851 0.00633949505 4.06779661
294 1189 1.89905265 0.0063301755 4.04421769
294 1189 1.89902094 0.00633006981 4.04421769
294 1189 1.89878495 0.00632928317 4.04421769
294 1189 1.89848624 0.00632828746 4.04421769
294 1189 1.89921787 0.00633072624 4.04421769
294 1189 1.89894271 0.00632980903 4.04421769
294 1189 1.89887348 0.00632957828 4.04421769
294 1189 1.89873829 0.00632912764 4.04421769
294 1189 1.89851634 0.00632838781 4.04421769
294 1189 1.89912707 0.00633042356 4.04421769
293 1181 1.88713053 0.0062904351 4.03071672
293 1181 1.88723017 0.00629076725 4.03071672
293 1181 1.88724371 0.00629081238 4.03071672
293 1181 1.8875835 0.00629194499 4.03071672
293 1181 1.88702866 0.00629009555 4.03071672
293 1181 1.88662408 0.00628874694 4.03071672
293 1181 1.8865506 0.00628850199 4.03071672
293 1181 1.88669683 0.00628898945 4.03071672
293 1181 1.88690869 0.00628969563 4.03071672
293 1181 1.88726871 0.00629089572 4.03071672
292 1174 1.87169884 0.00623899613 4.02054795
292 1174 1.87251785 0.00624172618 4.02054795
292 1174 1.87242182 0.00624140605 4.02054795
292 1174 1.87210335 0.0062403445 4.02054795
292 1174 1.87201208 0.00624004026 4.02054795
292 1174 1.87214247 0.00624047489 4.02054795
292 1174 1.8722458 0.00624081932 4.02054795
292 1174 1.87218149 0.00624060496 4.02054795
292 1174 1.87210442 0.00624034808 4.02054795
292 1174 1.87216194 0.00624053981 4.02054795
291 1170 1.86701268 0.0062233756 4.02061856
291 1170 1.86708069 0.00622360231 4.02061856
291 1170 1.86710477 0.00622368258 4.02061856
291 1170 1.86712646 0.00622375486 4.02061856
291 1170 1.86712526 0.00622375085 4.02061856
291 1170 1.86711544 0.00622371812 4.02061856
291 1170 1.86711748 0.00622372492 4.02061856
291 1170 1.86711347 0.00622371157 4.02061856
291 1170 1.86711037 0.00622370124 4.02061856
291 1170 1.86710834 0.00622369445 4.02061856
290 1164 1.8573349 0.00619111634 4.0137931
290 1164 1.85718408 0.00619061359 4.0137931
290 1164 1.85718057 0.0061906019 4.0137931
290 1164 1.85719186 0.00619063952 4.0137931
290 1164 1.85719809 0.00619066032 4.0137931
290 1164 1.85719149 0.00619063829 4.0137931
290 1164 1.85718958 0.00619063193 4.0137931
290 1164 1.85718969 0.00619063231 4.0137931
290 1164 1.85719372 0.00619064572 4.0137931
290 1164 1.85719388 0.00619064626 4.0137931
289 1156 1.85525488 0.00618418293 4
289 1156 1.85522839 0.00618409462 4
289 1156 1.85522685 0.00618408951 4
289 1156 1.85523867 0.00618412891 4
289 1156 1.85524631 0.00618415437 4
289 1156 1.85525648 0.00618418827 4
289 1156 1.85524794 0.00618415982 4
289 1156 1.85525021 0.00618416738 4
289 1156 1.85526078 0.0061842026 4
289 1156 1.85525232 0.0061841744 4
288 1144 1.84991656 0.00616638854 3.97222222
288 1144 1.85003891 0.00616679637 3.97222222
288 1144 1.85023374 0.0061674458 3.97222222
288 1144 1.8502091 0.00616736368 3.97222222
288 1144 1.85020548 0.0061673516 3.97222222
288 1144 1.85020037 0.00616733457 3.97222222
288 1144 1.85020454 0.00616734848 3.97222222
288 1144 1.85020379 0.00616734597 3.97222222
288 1144 1.8502001 0.00616733368 3.97222222
288 1144 1.85019818 0.00616732726 3.97222222
287 1135 1.83484667 0.00611615556 3.95470383
287 1135 1.83457113 0.00611523709 3.95470383
287 1139 1.82168534 0.00607228446 3.96864111
287 1135 1.83504325 0.00611681083 3.95470383
287 1135 1.83508623 0.00611695409 3.95470383
287 1135 1.83458894 0.00611529648 3.95470383
287 1135 1.83501317 0.00611671055 3.95470383
287 1135 1.83461434 0.00611538113 3.95470383
287 1135 1.83458692 0.00611528974 3.95470383
287 1135 1.83471878 0.00611572925 3.95470383
286 1128 1.81100676 0.00603668921 3.94405594
286 1130 1.81305233 0.00604350775 3.95104895
286 1135 1.79934114 0.00599780381 3.96853147
286 1131 1.7974118 0.00599137266 3.95454545
286 1129 1.80373879 0.00601246263 3.94755245
286 1131 1.79736422 0.00599121408 3.95454545
286 1131 1.79738488 0.00599128293 3.95454545
286 1131 1.79737016 0.00599123385 3.95454545
286 1131 1.79737118 0.00599123727 3.95454545
286 1131 1.79737641 0.0059912547 3.95454545
285 1123 1.79582513 0.00598608376 3.94035088
285 1123 1.79573162 0.00598577206 3.94035088
285 1123 1.79596507 0.00598655024 3.94035088
285 1123 1.79573635 0.00598578783 3.94035088
285 1123 1.79581195 0.00598603983 3.94035088
285 1123 1.79581587 0.00598605289 3.94035088
285 1123 1.79569291 0.00598564304 3.94035088
285 1123 1.79572518 0.0059857506 3.94035088
285 1123 1.79545372 0.00598484572 3.94035088
285 1123 1.79576735 0.00598589117 3.94035088
284 1114 1.77417523 0.00591391745 3.92253521
284 1118 1.77377007 0.00591256689 3.93661972
284 1115 1.77452533 0.00591508443 3.92605634
284 1115 1.77453431 0.00591511438 3.92605634
284 1115 1.7745313 0.00591510433 3.92605634
284 1115 1.77480437 0.00591601456 3.92605634
284 1115 1.77485686 0.00591618955 3.92605634
284 1115 1.77461801 0.00591539336 3.92605634
284 1115 1.77442665 0.00591475549 3.92605634
284 1115 1.77423901 0.00591413004 3.92605634
283 1106 1.75683826 0.00585612754 3.90812721
283 1110 1.76262495 0.00587541649 3.92226148
283 1109 1.75068848 0.00583562828 3.91872792
283 1109 1.75113798 0.00583712661 3.91872792
283 1109 1.75084401 0.0058361467 3.91872792
283 1109 1.75063032 0.00583543439 3.91872792
283 1109 1.75068401 0.00583561337 3.91872792
283 1109 1.75084773 0.00583615911 3.91872792
283 1109 1.750852 0.00583617333 3.91872792
283 1109 1.75075443 0.0058358481 3.91872792
282 1101 1.74935524 0.00583118412 3.90425532
282 1101 1.74948573 0.0058316191 3.90425532
282 1101 1.74937758 0.00583125859 3.90425532
282 1101 1.74942064 0.00583140212 3.90425532
282 1101 1.74944971 0.00583149902 3.90425532
282 1101 1.74945842 0.00583152808 3.90425532
282 1101 1.7494497 0.00583149899 3.90425532
282 1101 1.74944666 0.00583148887 3.90425532
282 1101 1.74944931 0.00583149768 3.90425532
282 1101 1.74945255 0.00583150851 3.90425532
281 1095 1.73329539 0.00577765131 3.89679715
281 1095 1.73311666 0.00577705552 3.89679715
281 1095 1.73314481 0.00577714937 3.89679715
281 1095 1.73311754 0.00577705847 3.89679715
281 1095 1.73308226 0.00577694088 3.89679715
281 1095 1.73308977 0.00577696589 3.89679715
281 1095 1.73312395 0.00577707983 3.89679715
281 1095 1.73314056 0.0057771352 3.89679715
281 1095 1.73315008 0.00577716694 3.89679715
281 1095 1.73315245 0.00577717484 3.89679715
280 1085 1.72563749 0.00575212498 3.875
280 1085 1.72557843 0.00575192809 3.875
280 1085 1.72552521 0.00575175069 3.875
280 1085 1.72569962 0.00575233206 3.875
280 1085 1.72564484 0.00575214947 3.875
280 1085 1.72554298 0.00575180993 3.875
280 1085 1.72560496 0.00575201655 3.875
280 1085 1.72555634 0.00575185448 3.875
280 1085 1.72575058 0.00575250195 3.875
280 1085 1.72569524 0.00575231748 3.875
279 1076 1.71586133 0.00571953777 3.85663082
279 1076 1.71591443 0.00571971476 3.85663082
279 1076 1.71591692 0.00571972307 3.85663082
279 1076 1.71592979 0.00571976596 3.85663082
279 1076 1.71594889 0.00571982962 3.85663082
279 1076 1.71594227 0.00571980755 3.85663082
279 1076 1.71604065 0.00572013549 3.85663082
279 1076 1.71598055 0.00571993517 3.85663082
279 1076 1.7159305 0.00571976833 3.85663082
279 1076 1.71602309 0.00572007698 3.85663082
278 1069 1.70581561 0.00568605203 3.84532374
278 1069 1.70587608 0.00568625361 3.84532374
278 1069 1.70586542 0.00568621805 3.84532374
278 1069 1.70587865 0.00568626216 3.84532374
278 1069 1.70589169 0.00568630562 3.84532374
278 1069 1.70589432 0.0056863144 3.84532374
278 1069 1.7058907 0.00568630233 3.84532374
278 1069 1.70589349 0.00568631163 3.84532374
278 1069 1.70589257 0.00568630855 3.84532374
278 1069 1.70589171 0.00568630572 3.84532374
277 1060 1.68574841 0.00561916135 3.8267148
277 1060 1.70253341 0.00567511135 3.8267148
277 1060 1.6857064 0.00561902133 3.8267148
277 1060 1.68568535 0.00561895115 3.8267148
277 1058 1.69209813 0.00564032711 3.81949458
277 1060 1.70252494 0.00567508314 3.8267148
277 1060 1.70245075 0.00567483583 3.8267148
277 1060 1.70248109 0.00567493696 3.8267148
277 1060 1.70247701 0.00567492335 3.8267148
277 1060 1.70246598 0.00567488659 3.8267148
276 1051 1.68243415 0.00560811384 3.80797101
276 1051 1.68270161 0.00560900538 3.80797101
276 1051 1.68220993 0.00560736644 3.80797101
276 1051 1.68225565 0.00560751883 3.80797101
276 1051 1.68238232 0.00560794105 3.80797101
276 1051 1.68242239 0.00560807462 3.80797101
276 1051 1.68243663 0.00560812209 3.80797101
276 1051 1.68246256 0.00560820852 3.80797101
276 1051 1.68249079 0.00560830264 3.80797101
276 1051 1.68248939 0.00560829797 3.80797101
275 1041 1.66173699 0.00553912331 3.78545455
275 1042 1.66559083 0.00555196945 3.78909091
275 1041 1.66810409 0.00556034698 3.78545455
275 1041 1.66819618 0.00556065394 3.78545455
275 1041 1.66818974 0.00556063248 3.78545455
275 1041 1.66814164 0.00556047212 3.78545455
275 1041 1.66814143 0.00556047143 3.78545455
275 1041 1.66814028 0.00556046759 3.78545455
275 1041 1.6681444 0.00556048134 3.78545455
275 1041 1.66814308 0.00556047695 3.78545455
274 1032 1.64817195 0.00549390651 3.76642336
274 1032 1.64805763 0.00549352544 3.76642336
274 1032 1.64813013 0.00549376708 3.76642336
274 1032 1.64820272 0.00549400907 3.76642336
274 1032 1.64826706 0.00549422352 3.76642336
274 1032 1.6482594 0.00549419801 3.76642336
274 1032 1.64823262 0.00549410875 3.76642336
274 1032 1.64819243 0.00549397477 3.76642336
274 1032 1.64816884 0.00549389612 3.76642336
274 1032 1.64815999 0.00549386664 3.76642336
273 1023 1.64037619 0.00546792063 3.74725275
273 1023 1.6402863 0.00546762101 3.74725275
273 1023 1.64042848 0.00546809492 3.74725275
273 1023 1.64052979 0.00546843264 3.74725275
273 1023 1.64056768 0.00546855892 3.74725275
273 1023 1.64057033 0.00546856776 3.74725275
273 1023 1.64054355 0.00546847851 3.74725275
273 1023 1.64052032 0.00546840106 3.74725275
273 1023 1.64050675 0.00546835582 3.74725275
273 1023 1.64050098 0.00546833659 3.74725275
272 1012 1.62872165 0.00542907218 3.72058824
272 1012 1.62815292 0.00542717639 3.72058824
272 1012 1.62873578 0.00542911925 3.72058824
272 1012 1.62870233 0.00542900776 3.72058824
272 1012 1.62858603 0.0054286201 3.72058824
272 1012 1.62829952 0.00542766508 3.72058824
272 1012 1.62841046 0.00542803488 3.72058824
272 1012 1.62856259 0.00542854198 3.72058824
272 1012 1.62887725 0.00542959082 3.72058824
272 1012 1.62846861 0.00542822869 3.72058824
271 1005 1.60039473 0.00533464909 3.70848708
271 1005 1.60085058 0.00533616861 3.70848708
271 1005 1.60099947 0.00533666491 3.70848708
271 1005 1.60113733 0.00533712442 3.70848708
271 1005 1.6010302 0.00533676734 3.70848708
271 1005 1.60101535 0.00533671782 3.70848708
271 1005 1.60098422 0.00533661407 3.70848708
271 1005 1.60097876 0.00533659585 3.70848708
271 1005 1.60094292 0.00533647641 3.70848708
271 1005 1.60109105 0.00533697017 3.70848708
270 999 1.59324458 0.00531081525 3.7
270 999 1.59312899 0.00531042996 3.7
270 999 1.59359908 0.00531199694 3.7
270 999 1.5932658 0.005310886 3.7
270 999 1.59333546 0.0053111182 3.7
270 999 1.59301054 0.00531003512 3.7
270 999 1.59349219 0.00531164062 3.7
270 999 1.59326861 0.00531089537 3.7
270 999 1.59338221 0.00531127403 3.7
270 999 1.5934062 0.00531135401 3.7
269 993 1.5811621 0.00527054032 3.69144981
269 989 1.5682131 0.005227377 3.67657993
269 989 1.56800389 0.00522667964 3.67657993
269 989 1.56829615 0.00522765382 3.67657993
269 989 1.56829604 0.00522765348 3.67657993
269 989 1.56802395 0.00522674649 3.67657993
269 989 1.56858466 0.00522861553 3.67657993
269 989 1.56828506 0.00522761687 3.67657993
269 989 1.56861784 0.00522872614 3.67657993
269 989 1.56851078 0.00522836926 3.67657993
268 983 1.55722608 0.0051907536 3.66791045
268 983 1.55691128 0.00518970428 3.66791045
268 983 1.55714313 0.00519047709 3.66791045
268 981 1.56048823 0.00520162745 3.66044776
268 983 1.55705306 0.00519017686 3.66791045
268 983 1.55684791 0.00518949303 3.66791045
268 983 1.55704935 0.00519016449 3.66791045
268 983 1.55712185 0.00519040616 3.66791045
268 983 1.55715867 0.00519052891 3.66791045
268 983 1.55715847 0.00519052825 3.66791045
267 975 1.5496638 0.005165546 3.65168539
267 975 1.54990295 0.00516634315 3.65168539
267 975 1.55024531 0.00516748438 3.65168539
267 975 1.54972423 0.00516574744 3.65168539
267 975 1.54974666 0.0051658222 3.65168539
267 975 1.54953959 0.00516513198 3.65168539
267 975 1.54969587 0.0051656529 3.65168539
267 975 1.54966998 0.00516556659 3.65168539
267 975 1.54958817 0.00516529391 3.65168539
267 975 1.54975042 0.00516583472 3.65168539
266 970 1.51909427 0.00506364757 3.64661654
266 970 1.51887576 0.0050629192 3.64661654
266 970 1.51901225 0.00506337417 3.64661654
266 970 1.51907317 0.00506357723 3.64661654
266 970 1.51912096 0.00506373653 3.64661654
266 970 1.51898322 0.00506327739 3.64661654
266 970 1.51913849 0.00506379497 3.64661654
266 970 1.51901284 0.00506337612 3.64661654
266 970 1.51911128 0.00506370426 3.64661654
266 970 1.51905989 0.00506353295 3.64661654
265 961 1.51904939 0.00506349798 3.62641509
265 961 1.51908888 0.00506362959 3.62641509
265 961 1.51907499 0.0050635833 3.62641509
265 961 1.51906471 0.00506354904 3.62641509
265 961 1.51906942 0.00506356473 3.62641509
265 961 1.51907125 0.00506357082 3.62641509
265 961 1.51906999 0.00506356663 3.62641509
265 961 1.519068 0.00506356001 3.62641509
265 961 1.51906802 0.00506356005 3.62641509
265 961 1.51906858 0.00506356195 3.62641509
264 949 1.51707019 0.00505690063 3.59469697
264 949 1.51707959 0.00505693196 3.59469697
264 949 1.5170915 0.00505697168 3.59469697
264 949 1.5170896 0.00505696534 3.59469697
264 949 1.51711212 0.00505704039 3.59469697
264 949 1.5171236 0.00505707868 3.59469697
264 949 1.51712255 0.00505707517 3.59469697
264 949 1.51712804 0.00505709347 3.59469697
264 949 1.5171357 0.00505711901 3.59469697
264 949 1.51713328 0.00505711092 3.59469697
263 940 1.51441048 0.00504803493 3.57414449
263 940 1.51451168 0.00504837228 3.57414449
263 940 1.51453397 0.00504844657 3.57414449
263 940 1.51457029 0.00504856762 3.57414449
263 940 1.51453466 0.00504844888 3.57414449
263 940 1.51450992 0.00504836641 3.57414449
263 940 1.5145111 0.00504837032 3.57414449
263 940 1.51450013 0.00504833375 3.57414449
263 940 1.51450404 0.0050483468 3.57414449
263 940 1.5145111 0.00504837035 3.57414449
262 931 1.50680245 0.00502267483 3.55343511
262 931 1.50679123 0.00502263744 3.55343511
262 933 1.48052806 0.00493509354 3.5610687
262 938 1.47200496 0.0049066832 3.58015267
262 936 1.4969407 0.00498980232 3.57251908
262 941 1.47236465 0.00490788216 3.59160305
262 936 1.49688984 0.00498963281 3.57251908
262 936 1.49673987 0.00498913288 3.57251908
262 936 1.49614223 0.00498714076 3.57251908
262 937 1.4698416 0.00489947201 3.57633588
261 929 1.47073256 0.00490244187 3.55938697
261 929 1.47046776 0.0049015592 3.55938697
261 929 1.47013784 0.00490045948 3.55938697
261 929 1.47000439 0.00490001464 3.55938697
261 929 1.46992068 0.0048997356 3.55938697
261 929 1.47014824 0.00490049415 3.55938697
261 929 1.46990032 0.00489966772 3.55938697
261 929 1.47024993 0.0049008331 3.55938697
261 929 1.47002407 0.00490008024 3.55938697
261 929 1.46983058 0.00489943528 3.55938697
260 921 1.45736789 0.00485789296 3.54230769
260 920 1.46481862 0.00488272873 3.53846154
260 920 1.46431575 0.00488105251 3.53846154
260 921 1.45757849 0.00485859497 3.54230769
260 921 1.45748275 0.00485827582 3.54230769
260 921 1.45751148 0.00485837161 3.54230769
260 921 1.45748868 0.00485829559 3.54230769
260 921 1.45747847 0.00485826155 3.54230769
260 921 1.45746804 0.0048582268 3.54230769
260 921 1.45744756 0.00485815853 3.54230769
259 912 1.45148032 0.00483826774 3.52123552
259 912 1.45140394 0.00483801312 3.52123552
259 912 1.45130465 0.00483768215 3.52123552
259 912 1.451492 0.00483830665 3.52123552
259 912 1.45125187 0.00483750623 3.52123552
259 912 1.45126879 0.00483756263 3.52123552
259 912 1.45137503 0.00483791676 3.52123552
259 912 1.45117656 0.00483725521 3.52123552
259 912 1.4514922 0.00483830734 3.52123552
259 912 1.45118353 0.00483727843 3.52123552
258 903 1.42992857 0.00476642856 3.5
258 903 1.43028065 0.00476760217 3.5
258 906 1.42617477 0.00475391591 3.51162791
258 904 1.4227693 0.00474256434 3.50387597
258 903 1.43037675 0.0047679225 3.5
258 903 1.42938585 0.00476461951 3.5
258 903 1.42989194 0.00476630647 3.5
258 903 1.43000602 0.00476668672 3.5
258 903 1.43015915 0.00476719715 3.5
258 903 1.4303454 0.00476781798 3.5
257 897 1.40622897 0.00468742991 3.49027237
257 895 1.4021636 0.00467387865 3.48249027
257 897 1.40677212 0.00468924039 3.49027237
257 897 1.40650844 0.00468836147 3.49027237
257 897 1.4068818 0.004689606 3.49027237
257 897 1.40697665 0.00468992215 3.49027237
257 897 1.40696813 0.00468989377 3.49027237
257 897 1.40698115 0.00468993718 3.49027237
257 897 1.40704524 0.00469015079 3.49027237
257 897 1.40700601 0.00469002004 3.49027237
256 889 1.38200407 0.00460668024 3.47265625
256 891 1.4047903 0.00468263434 3.48046875
256 889 1.38170306 0.00460567687 3.47265625
256 889 1.38157146 0.00460523821 3.47265625
256 889 1.38148747 0.00460495824 3.47265625
256 889 1.38148481 0.00460494936 3.47265625
256 889 1.3814978 0.00460499268 3.47265625
256 889 1.38151753 0.00460505843 3.47265625
256 889 1.38152674 0.00460508912 3.47265625
256 889 1.38152248 0.00460507494 3.47265625
255 883 1.37966829 0.00459889431 3.4627451
255 883 1.37984247 0.00459947491 3.4627451
255 883 1.37957555 0.00459858517 3.4627451
255 883 1.37984161 0.00459947202 3.4627451
255 883 1.37945889 0.00459819631 3.4627451
255 883 1.37942937 0.0045980979 3.4627451
255 883 1.37940687 0.0045980229 3.4627451
255 883 1.37959091 0.00459863637 3.4627451
255 883 1.37941416 0.00459804721 3.4627451
255 883 1.37961619 0.00459872064 3.4627451
254 877 1.34505204 0.00448350679 3.45275591
254 877 1.34496148 0.00448320494 3.45275591
254 876 1.35196791 0.0045065597 3.4488189
254 876 1.35181702 0.00450605672 3.4488189
254 877 1.34484977 0.00448283256 3.45275591
254 877 1.34499197 0.00448330658 3.45275591
254 877 1.34484713 0.00448282377 3.45275591
254 877 1.34502144 0.00448340481 3.45275591
254 877 1.34490899 0.00448302996 3.45275591
254 877 1.34470775 0.00448235916 3.45275591
253 870 1.32127285 0.00440424284 3.43873518
253 869 1.28809858 0.00429366193 3.43478261
253 868 1.28081498 0.00426938327 3.43083004
253 868 1.29987086 0.00433290288 3.43083004
253 870 1.30141253 0.00433804176 3.43873518
253 871 1.29498078 0.00431660261 3.44268775
253 869 1.32047733 0.00440159111 3.43478261
253 867 1.29246719 0.00430822397 3.42687747
253 871 1.29521236 0.00431737455 3.44268775
253 869 1.32103805 0.00440346015 3.43478261
252 861 1.28120366 0.00427067888 3.41666667
252 859 1.28360109 0.0042786703 3.40873016
252 857 1.25188013 0.00417293376 3.40079365
252 858 1.25409227 0.00418030757 3.4047619
252 860 1.24267261 0.00414224203 3.41269841
252 859 1.23803627 0.00412678757 3.40873016
252 860 1.26383339 0.00421277796 3.41269841
252 860 1.26389553 0.00421298511 3.41269841
252 860 1.26375587 0.00421251956 3.41269841
252 858 1.239656 0.00413218667 3.4047619
251 850 1.23323211 0.00411077371 3.38645418
251 850 1.23310253 0.00411034177 3.38645418
251 850 1.23277734 0.00410925781 3.38645418
251 850 1.23333382 0.00411111272 3.38645418
251 850 1.23305745 0.00411019148 3.38645418
251 850 1.23284681 0.00410948938 3.38645418
251 850 1.23339995 0.00411133316 3.38645418
251 850 1.23320453 0.00411068176 3.38645418
251 850 1.23304737 0.0041101579 3.38645418
251 850 1.23334925 0.00411116415 3.38645418
250 841 1.2187701 0.004062567 3.364
250 844 1.23210051 0.00410700168 3.376
250 844 1.23175237 0.00410584122 3.376
250 844 1.2320176 0.00410672532 3.376
250 844 1.2318357 0.00410611901 3.376
250 844 1.23155097 0.00410516989 3.376
250 844 1.23179668 0.00410598894 3.376
250 844 1.2318522 0.00410617401 3.376
250 844 1.23149891 0.00410499638 3.376
250 844 1.23177955 0.00410593184 3.376
249 835 1.21763959 0.00405879862 3.35341365
249 835 1.21786168 0.00405953895 3.35341365
249 840 1.20999581 0.00403331935 3.37349398
249 840 1.20860649 0.00402868829 3.37349398
249 841 1.20976459 0.00403254864 3.37751004
249 843 1.22393173 0.00407977243 3.38554217
249 850 1.21351543 0.00404505144 3.41365462
249 846 1.22728569 0.00409095229 3.39759036
249 845 1.23157677 0.00410525591 3.3935743
249 845 1.23161817 0.00410539391 3.3935743
248 835 1.2014004 0.004004668 3.36693548
248 835 1.20175899 0.00400586331 3.36693548
248 835 1.20166607 0.00400555357 3.36693548
248 835 1.20150733 0.00400502443 3.36693548
248 835 1.20116827 0.00400389423 3.36693548
248 835 1.20144842 0.00400482806 3.36693548
248 835 1.20139375 0.00400464583 3.36693548
248 835 1.201456 0.00400485335 3.36693548
248 835 1.2013175 0.00400439165 3.36693548
248 835 1.20142886 0.00400476286 3.36693548
247 829 1.18075032 0.0039358344 3.3562753
247 829 1.18062444 0.0039354148 3.3562753
247 829 1.18047651 0.00393492171 3.3562753
247 829 1.18081259 0.00393604198 3.3562753
247 829 1.18118004 0.00393726679 3.3562753
247 829 1.1806798 0.00393559934 3.3562753
247 829 1.18121199 0.00393737331 3.3562753
247 829 1.1811452 0.00393715068 3.3562753
247 829 1.18069061 0.00393563537 3.3562753
247 829 1.18111615 0.00393705384 3.3562753
246 820 1.16778751 0.00389262503 3.33333333
246 820 1.16834547 0.00389448491 3.33333333
246 823 1.15657428 0.00385524761 3.34552846
246 822 1.15547177 0.00385157256 3.34146341
246 824 1.15828319 0.00386094395 3.3495935
246 828 1.16617107 0.00388723688 3.36585366
246 826 1.13960254 0.00379867513 3.35772358
246 825 1.14556785 0.00381855952 3.35365854
246 823 1.15163233 0.00383877444 3.34552846
246 824 1.14029048 0.00380096827 3.3495935
245 818 1.12151127 0.00373837091 3.33877551
245 817 1.12392859 0.00374642862 3.33469388
245 818 1.11267324 0.00370891082 3.33877551
244 811 1.09991358 0.00366637861 3.32377049
244 814 1.09416598 0.00364721993 3.33606557
244 815 1.08476976 0.00361589921 3.34016393
244 814 1.08113152 0.00360377172 3.33606557
244 813 1.08100968 0.00360336559 3.33196721
244 815 1.08416459 0.00361388195 3.34016393
244 811 1.08379923 0.0036126641 3.32377049
243 807 1.08105188 0.00360350627 3.32098765
243 807 1.10298668 0.00367662227 3.32098765
242 801 1.08101409 0.00360338029 3.30991736
242 801 1.07862751 0.00359542503 3.30991736
242 801 1.08046497 0.00360154989 3.30991736
242 798 1.04284009 0.00347613362 3.29752066
242 800 1.01383415 0.00337944717 3.30578512
242 797 1.02690766 0.00342302554 3.29338843
242 799 1.05006104 0.00350020347 3.30165289
241 795 1.0340822 0.00344694068 3.29875519
240 786 1.00666507 0.00335555025 3.275
240 789 1.00941561 0.00336471871 3.2875
240 789 0.995309858 0.00331769953 3.2875
240 790 0.992108312 0.00330702771 3.29166667
240 786 0.99254802 0.0033084934 3.275
240 785 1.00382194 0.00334607312 3.27083333
240 786 0.998696835 0.00332898945 3.275
240 780 0.984337138 0.00328112379 3.25
240 782 1.01834133 0.00339447109 3.25833333
240 786 1.00390358 0.00334634526 3.275
239 775 1.0037557 0.00334585233 3.24267782
239 773 0.994508254 0.00331502751 3.23430962
238 769 0.990176646 0.00330058882 3.23109244
237 763 0.99027941 0.00330093137 3.21940928
237 765 0.981096888 0.00327032296 3.2278481
237 768 0.964115076 0.00321371692 3.24050633
237 770 0.977077791 0.00325692597 3.24894515
237 769 0.965039735 0.00321679912 3.24472574
236 761 0.962823709 0.00320941236 3.22457627
235 752 0.953363707 0.00317787902 3.2
234 744 0.949437324 0.00316479108 3.17948718
234 744 0.949150451 0.00316383484 3.17948718
233 735 0.948751267 0.00316250422 3.15450644
233 735 0.947877078 0.00315959026 3.15450644
233 735 0.948694396 0.00316231465 3.15450644
233 735 0.948780376 0.00316260125 3.15450644
233 735 0.94851072 0.0031617024 3.15450644
233 735 0.948933913 0.00316311304 3.15450644
233 735 0.948650914 0.00316216971 3.15450644
233 735 0.947769668 0.00315923223 3.15450644
232 725 0.927993299 0.003093311 3.125
232 732 0.948385187 0.00316128396 3.15517241
232 732 0.949106654 0.00316368885 3.15517241
232 732 0.948455108 0.00316151703 3.15517241
232 732 0.949133429 0.0031637781 3.15517241
232 732 0.948498365 0.00316166122 3.15517241
232 732 0.949053799 0.00316351266 3.15517241
232 732 0.948709259 0.0031623642 3.15517241
232 732 0.948979588 0.00316326529 3.15517241
232 732 0.948836909 0.0031627897 3.15517241
231 728 0.925386991 0.0030846233 3.15151515
231 728 0.933075367 0.00311025122 3.15151515
231 729 0.921565378 0.00307188459 3.15584416
231 728 0.921086569 0.00307028856 3.15151515
230 721 0.920884537 0.00306961512 3.13478261
230 721 0.905263504 0.00301754501 3.13478261
230 726 0.9046809 0.003015603 3.15652174
230 728 0.89576638 0.00298588793 3.16521739
230 727 0.896826244 0.00298942081 3.16086957
230 726 0.882307759 0.00294102586 3.15652174
229 717 0.880658399 0.002935528 3.13100437
229 718 0.877763862 0.00292587954 3.13537118
229 716 0.884663334 0.00294887778 3.12663755
229 715 0.876287486 0.00292095829 3.12227074
229 715 0.876396548 0.00292132183 3.12227074
229 719 0.891858869 0.0029728629 3.13973799
228 709 0.87638702 0.00292129007 3.10964912
228 709 0.8761496 0.00292049867 3.10964912
228 709 0.876238226 0.00292079409 3.10964912
228 709 0.876334087 0.00292111362 3.10964912
227 700 0.875884869 0.00291961623 3.08370044
227 700 0.875795991 0.00291931997 3.08370044
227 706 0.875870289 0.00291956763 3.11013216
227 704 0.874540437 0.00291513479 3.10132159
227 704 0.874575458 0.00291525153 3.10132159
227 704 0.874672621 0.0029155754 3.10132159
227 704 0.874722545 0.00291574182 3.10132159
227 704 0.874643388 0.00291547796 3.10132159
227 704 0.87454997 0.00291516657 3.10132159
227 704 0.874532349 0.00291510783 3.10132159
226 695 0.87422282 0.00291407607 3.07522124
226 701 0.874710371 0.00291570124 3.10176991
226 701 0.874640691 0.00291546897 3.10176991
226 701 0.874545264 0.00291515088 3.10176991
226 701 0.874534815 0.00291511605 3.10176991
226 701 0.874616959 0.00291538986 3.10176991
226 701 0.874702505 0.00291567502 3.10176991
226 701 0.874696932 0.00291565644 3.10176991
226 701 0.874602724 0.00291534241 3.10176991
226 701 0.874532048 0.00291510683 3.10176991
225 692 0.87426142 0.00291420473 3.07555556
225 692 0.874243581 0.00291414527 3.07555556
225 692 0.874208867 0.00291402956 3.07555556
225 692 0.874186832 0.00291395611 3.07555556
225 692 0.873833161 0.0029127772 3.07555556
225 697 0.856096412 0.00285365471 3.09777778
225 692 0.874436463 0.00291478821 3.07555556
225 692 0.874727532 0.00291575844 3.07555556
225 692 0.874365174 0.00291455058 3.07555556
225 692 0.874070364 0.00291356788 3.07555556
224 688 0.856246949 0.0028541565 3.07142857
224 688 0.856347421 0.0028544914 3.07142857
224 688 0.856175566 0.00285391855 3.07142857
224 688 0.856162084 0.00285387361 3.07142857
224 688 0.856158763 0.00285386254 3.07142857
224 688 0.856365631 0.0028545521 3.07142857
224 688 0.856947489 0.00285649163 3.07142857
224 688 0.856108518 0.00285369506 3.07142857
224 688 0.856787677 0.00285595892 3.07142857
224 688 0.855984527 0.00285328176 3.07142857
223 678 0.826396297 0.00275465432 3.04035874
223 685 0.828745049 0.0027624835 3.07174888
SP does not find any fixed points -> SP does not converge.
I am sorry I quit :(
