START ALGORITHM:
I am going to build an instance with N: 300 variables and 1245 clauses with a clause density equal to 4.15
START BSP WITH r=0.9:
Decimation scorer: cert
END UNIT PROPAGATION
300 1245 1.92963742 0.00643212475 4.15
300 1245 1.92926338 0.00643087794 4.15
300 1245 1.92935779 0.00643119262 4.15
300 1245 1.92936636 0.0064312212 4.15
300 1245 1.92937604 0.00643125348 4.15
300 1245 1.92937287 0.00643124288 4.15
300 1245 1.92939546 0.00643131819 4.15
300 1245 1.92937506 0.00643125019 4.15
300 1245 1.92937457 0.00643124858 4.15
299 1241 1.92792106 0.00642640355 4.15050167
299 1241 1.92789934 0.00642633112 4.15050167
299 1240 1.92937929 0.00643126429 4.14715719
299 1240 1.92936203 0.00643120677 4.14715719
299 1240 1.9293787 0.00643126233 4.14715719
299 1240 1.92938336 0.00643127785 4.14715719
299 1240 1.92937934 0.00643126447 4.14715719
299 1240 1.92937617 0.00643125389 4.14715719
299 1240 1.92938694 0.00643128981 4.14715719
299 1240 1.92937934 0.00643126448 4.14715719
298 1236 1.92790922 0.00642636406 4.14765101
298 1236 1.92791645 0.00642638816 4.14765101
298 1235 1.92938751 0.0064312917 4.1442953
298 1235 1.92939213 0.0064313071 4.1442953
298 1235 1.92939258 0.00643130861 4.1442953
298 1235 1.9293832 0.00643127733 4.1442953
298 1235 1.92938051 0.00643126835 4.1442953
298 1235 1.9293808 0.00643126933 4.1442953
298 1235 1.92938172 0.0064312724 4.1442953
298 1235 1.92939729 0.00643132429 4.1442953
297 1227 1.92714401 0.00642381335 4.13131313
297 1232 1.9292654 0.00643088467 4.14814815
297 1232 1.92926103 0.0064308701 4.14814815
297 1232 1.92927021 0.00643090069 4.14814815
297 1232 1.92925639 0.00643085464 4.14814815
297 1232 1.92927474 0.0064309158 4.14814815
297 1232 1.92929819 0.00643099395 4.14814815
297 1232 1.92924129 0.0064308043 4.14814815
297 1232 1.92931902 0.0064310634 4.14814815
297 1232 1.92927989 0.00643093298 4.14814815
296 1221 1.92524305 0.00641747683 4.125
296 1219 1.92601481 0.00642004937 4.11824324
296 1219 1.92600742 0.00642002475 4.11824324
296 1219 1.92605955 0.00642019851 4.11824324
296 1224 1.92702213 0.0064234071 4.13513514
296 1224 1.92701114 0.00642337047 4.13513514
296 1224 1.9270115 0.00642337167 4.13513514
296 1226 1.92926437 0.00643088123 4.14189189
296 1226 1.92927569 0.00643091898 4.14189189
296 1226 1.92926272 0.00643087575 4.14189189
295 1217 1.92308501 0.00641028336 4.12542373
295 1216 1.92528644 0.00641762148 4.1220339
295 1216 1.92645887 0.00642152957 4.1220339
295 1222 1.92780289 0.00642600962 4.14237288
295 1222 1.92779595 0.00642598649 4.14237288
295 1222 1.92779034 0.00642596781 4.14237288
295 1222 1.92778969 0.00642596563 4.14237288
295 1222 1.92778049 0.00642593498 4.14237288
295 1222 1.92782814 0.0064260938 4.14237288
295 1222 1.92778177 0.00642593924 4.14237288
294 1211 1.92429204 0.00641430682 4.11904762
294 1212 1.92494133 0.0064164711 4.12244898
294 1214 1.92555973 0.00641853245 4.1292517
294 1214 1.92556381 0.00641854603 4.1292517
294 1214 1.92557658 0.0064185886 4.1292517
294 1214 1.92554794 0.00641849315 4.1292517
294 1214 1.92555088 0.00641850293 4.1292517
294 1214 1.92554961 0.00641849868 4.1292517
294 1214 1.92557544 0.00641858479 4.1292517
294 1214 1.92555518 0.00641851726 4.1292517
293 1202 1.91916213 0.0063972071 4.10238908
293 1202 1.91914147 0.00639713822 4.10238908
293 1211 1.91914573 0.00639715245 4.1331058
293 1203 1.92211159 0.00640703864 4.10580205
293 1203 1.92210811 0.00640702704 4.10580205
293 1204 1.92271842 0.00640906142 4.10921502
293 1204 1.92271096 0.00640903654 4.10921502
293 1204 1.92272891 0.00640909637 4.10921502
293 1204 1.92272713 0.00640909042 4.10921502
293 1204 1.92274175 0.00640913915 4.10921502
292 1192 1.91638274 0.00638794246 4.08219178
292 1192 1.91645797 0.00638819324 4.08219178
292 1201 1.916317 0.00638772333 4.1130137
292 1201 1.91632916 0.00638776386 4.1130137
292 1201 1.91626648 0.00638755494 4.1130137
292 1200 1.91590404 0.00638634681 4.10958904
292 1197 1.91779941 0.00639266471 4.09931507
292 1191 1.9195016 0.00639833866 4.07876712
292 1191 1.91926733 0.00639755775 4.07876712
292 1191 1.91948219 0.00639827397 4.07876712
291 1180 1.91616505 0.00638721685 4.05498282
291 1180 1.91619327 0.00638731088 4.05498282
291 1180 1.91611868 0.00638706227 4.05498282
291 1180 1.91614439 0.00638714798 4.05498282
291 1180 1.91610416 0.00638701386 4.05498282
291 1180 1.91620638 0.00638735461 4.05498282
291 1180 1.91614064 0.00638713546 4.05498282
291 1180 1.91613221 0.00638710738 4.05498282
291 1180 1.91609741 0.00638699137 4.05498282
291 1180 1.91608523 0.00638695077 4.05498282
290 1168 1.90996317 0.00636654389 4.02758621
290 1171 1.91012453 0.00636708177 4.03793103
290 1171 1.91017089 0.00636723631 4.03793103
290 1173 1.91154021 0.00637180069 4.04482759
290 1173 1.91159027 0.00637196755 4.04482759
290 1170 1.91224398 0.00637414658 4.03448276
290 1170 1.91226648 0.00637422161 4.03448276
290 1170 1.91226709 0.00637422364 4.03448276
290 1170 1.91232345 0.00637441149 4.03448276
290 1170 1.91226227 0.00637420756 4.03448276
289 1161 1.90363718 0.00634545726 4.01730104
289 1161 1.90343575 0.00634478584 4.01730104
289 1163 1.90771524 0.0063590508 4.02422145
289 1163 1.90786312 0.00635954373 4.02422145
289 1163 1.90770133 0.00635900444 4.02422145
289 1163 1.90775099 0.00635916997 4.02422145
289 1163 1.90750514 0.00635835048 4.02422145
289 1163 1.9077817 0.00635927233 4.02422145
289 1163 1.90773921 0.00635913071 4.02422145
289 1163 1.90773558 0.00635911859 4.02422145
288 1155 1.90103627 0.00633678757 4.01041667
288 1154 1.90186587 0.0063395529 4.00694444
288 1154 1.90186871 0.00633956236 4.00694444
288 1154 1.90185127 0.00633950422 4.00694444
288 1154 1.90178523 0.00633928411 4.00694444
288 1154 1.90190694 0.00633968981 4.00694444
288 1154 1.90185517 0.00633951725 4.00694444
288 1159 1.9020374 0.00634012468 4.02430556
288 1159 1.90207769 0.00634025897 4.02430556
288 1160 1.90165061 0.00633883535 4.02777778
287 1151 1.89353284 0.00631177614 4.01045296
287 1151 1.89352869 0.00631176229 4.01045296
287 1152 1.89500335 0.00631667783 4.01393728
287 1156 1.89676451 0.00632254838 4.02787456
287 1156 1.8968293 0.00632276435 4.02787456
287 1156 1.8968356 0.00632278534 4.02787456
287 1156 1.89676552 0.00632255174 4.02787456
287 1156 1.89680881 0.00632269604 4.02787456
287 1156 1.89660063 0.0063220021 4.02787456
287 1156 1.8969995 0.00632333166 4.02787456
286 1147 1.88837424 0.0062945808 4.01048951
286 1142 1.8894407 0.00629813566 3.99300699
286 1148 1.89012855 0.00630042851 4.01398601
286 1148 1.89019795 0.00630065985 4.01398601
286 1148 1.89014909 0.00630049697 4.01398601
286 1144 1.89084314 0.00630281047 4
286 1144 1.89102086 0.00630340288 4
286 1144 1.89078463 0.00630261544 4
286 1144 1.89077315 0.00630257717 4
286 1144 1.89084928 0.00630283093 4
285 1134 1.88068364 0.00626894548 3.97894737
285 1135 1.8851748 0.00628391599 3.98245614
285 1135 1.88516479 0.00628388263 3.98245614
285 1135 1.88518118 0.00628393728 3.98245614
285 1135 1.88526915 0.00628423049 3.98245614
285 1135 1.88521855 0.00628406183 3.98245614
285 1135 1.88515979 0.00628386596 3.98245614
285 1135 1.88514029 0.00628380096 3.98245614
285 1135 1.88514247 0.00628380822 3.98245614
285 1135 1.88533665 0.00628445548 3.98245614
284 1128 1.87418183 0.00624727275 3.97183099
284 1128 1.8744574 0.00624819133 3.97183099
284 1128 1.87434765 0.00624782551 3.97183099
284 1127 1.87845777 0.00626152589 3.96830986
284 1126 1.87853013 0.00626176709 3.96478873
284 1126 1.87859772 0.00626199239 3.96478873
284 1126 1.87854015 0.0062618005 3.96478873
284 1126 1.8785523 0.006261841 3.96478873
284 1126 1.87851489 0.00626171629 3.96478873
284 1126 1.87851524 0.00626171747 3.96478873
283 1117 1.86968748 0.00623229158 3.94699647
283 1118 1.87188039 0.0062396013 3.95053004
283 1118 1.87174406 0.00623914688 3.95053004
283 1118 1.87175802 0.00623919339 3.95053004
283 1118 1.87198021 0.00623993402 3.95053004
283 1118 1.87185497 0.00623951658 3.95053004
283 1118 1.87191441 0.00623971469 3.95053004
283 1118 1.87190139 0.00623967129 3.95053004
283 1118 1.87179442 0.00623931474 3.95053004
283 1118 1.87184562 0.00623948539 3.95053004
282 1109 1.86390522 0.00621301741 3.93262411
282 1105 1.86458809 0.00621529364 3.91843972
282 1105 1.86442857 0.00621476191 3.91843972
282 1105 1.86442469 0.00621474895 3.91843972
282 1105 1.8643132 0.00621437735 3.91843972
282 1105 1.86437701 0.00621459004 3.91843972
282 1105 1.86444495 0.00621481651 3.91843972
282 1105 1.86440255 0.00621467515 3.91843972
282 1105 1.86442198 0.00621473992 3.91843972
282 1105 1.86429107 0.00621430357 3.91843972
281 1095 1.85458895 0.00618196318 3.89679715
281 1095 1.85437505 0.00618125018 3.89679715
281 1095 1.85454734 0.00618182448 3.89679715
281 1098 1.85503155 0.00618343851 3.90747331
281 1098 1.85512173 0.00618373909 3.90747331
281 1098 1.85486925 0.00618289749 3.90747331
281 1098 1.85502834 0.00618342781 3.90747331
281 1096 1.85567933 0.00618559775 3.90035587
281 1096 1.85662729 0.00618875762 3.90035587
281 1096 1.85653451 0.00618844835 3.90035587
280 1089 1.84761632 0.00615872108 3.88928571
280 1089 1.84744771 0.00615815902 3.88928571
280 1089 1.84735385 0.00615784618 3.88928571
280 1089 1.84762074 0.00615873581 3.88928571
280 1089 1.84757602 0.00615858675 3.88928571
280 1089 1.84747802 0.00615826008 3.88928571
280 1089 1.8475774 0.00615859134 3.88928571
280 1087 1.84798825 0.00615996085 3.88214286
280 1090 1.84588462 0.00615294874 3.89285714
280 1090 1.84583505 0.00615278351 3.89285714
279 1082 1.83491166 0.00611637221 3.8781362
279 1083 1.83744114 0.00612480379 3.88172043
279 1083 1.83738327 0.00612461089 3.88172043
279 1081 1.83949984 0.00613166612 3.87455197
279 1081 1.83949511 0.00613165036 3.87455197
279 1081 1.83943328 0.00613144426 3.87455197
279 1081 1.83941217 0.00613137389 3.87455197
279 1081 1.83937534 0.00613125113 3.87455197
279 1081 1.83952531 0.00613175105 3.87455197
279 1081 1.83947216 0.00613157387 3.87455197
278 1078 1.8276848 0.00609228266 3.87769784
278 1070 1.82612631 0.00608708771 3.84892086
278 1072 1.82969118 0.0060989706 3.85611511
278 1072 1.82976036 0.0060992012 3.85611511
278 1072 1.82957524 0.00609858412 3.85611511
278 1072 1.82953737 0.00609845789 3.85611511
278 1072 1.82954345 0.00609847817 3.85611511
278 1072 1.82952569 0.00609841896 3.85611511
278 1072 1.82973207 0.00609910688 3.85611511
278 1072 1.82984888 0.00609949627 3.85611511
277 1065 1.82115314 0.00607051048 3.84476534
277 1065 1.82104973 0.00607016577 3.84476534
277 1065 1.82122492 0.00607074973 3.84476534
277 1065 1.82120204 0.00607067347 3.84476534
277 1065 1.82110908 0.00607036361 3.84476534
277 1065 1.82095622 0.00606985408 3.84476534
277 1065 1.82116245 0.0060705415 3.84476534
277 1065 1.82118761 0.00607062537 3.84476534
277 1065 1.8211877 0.00607062565 3.84476534
277 1065 1.82109448 0.00607031494 3.84476534
276 1058 1.80761711 0.00602539036 3.83333333
276 1054 1.80780592 0.00602601975 3.81884058
276 1054 1.80835714 0.00602785713 3.81884058
276 1057 1.8105731 0.00603524368 3.82971014
276 1057 1.81055176 0.00603517253 3.82971014
276 1056 1.81171851 0.0060390617 3.82608696
276 1056 1.81187279 0.00603957596 3.82608696
276 1056 1.81172427 0.00603908088 3.82608696
276 1056 1.81187304 0.00603957681 3.82608696
276 1056 1.811747 0.00603915665 3.82608696
275 1048 1.79774772 0.00599249241 3.81090909
275 1045 1.79888228 0.00599627426 3.8
275 1045 1.79903477 0.00599678258 3.8
275 1048 1.80098036 0.00600326786 3.81090909
275 1048 1.80138765 0.00600462549 3.81090909
275 1048 1.8011932 0.00600397734 3.81090909
275 1048 1.80105964 0.00600353213 3.81090909
275 1048 1.80083506 0.00600278352 3.81090909
275 1049 1.80213259 0.00600710862 3.81454545
275 1049 1.80194305 0.00600647682 3.81454545
274 1043 1.79106065 0.00597020217 3.80656934
274 1043 1.79092266 0.0059697422 3.80656934
274 1042 1.78861835 0.00596206116 3.80291971
274 1040 1.797045 0.00599015 3.79562044
274 1040 1.79709375 0.0059903125 3.79562044
274 1040 1.79712469 0.00599041562 3.79562044
274 1040 1.79695224 0.00598984079 3.79562044
274 1040 1.797064 0.00599021334 3.79562044
274 1040 1.79723636 0.00599078787 3.79562044
274 1040 1.7974392 0.00599146401 3.79562044
273 1032 1.78650795 0.0059550265 3.78021978
273 1032 1.78634074 0.00595446912 3.78021978
273 1032 1.78656566 0.00595521886 3.78021978
273 1034 1.78700636 0.00595668788 3.78754579
273 1034 1.78693701 0.00595645671 3.78754579
273 1034 1.7869017 0.00595633899 3.78754579
273 1034 1.78693705 0.00595645684 3.78754579
273 1033 1.78759024 0.00595863414 3.78388278
273 1033 1.78748969 0.00595829896 3.78388278
273 1033 1.78744922 0.00595816407 3.78388278
272 1022 1.77530717 0.00591769056 3.75735294
272 1022 1.77535735 0.00591785783 3.75735294
272 1022 1.77549231 0.00591830771 3.75735294
272 1025 1.77730306 0.00592434354 3.76838235
272 1025 1.77744442 0.00592481474 3.76838235
272 1025 1.77727904 0.00592426346 3.76838235
272 1027 1.77761634 0.0059253878 3.77573529
272 1027 1.77748357 0.00592494523 3.77573529
272 1027 1.77767252 0.00592557508 3.77573529
272 1027 1.77736143 0.00592453809 3.77573529
271 1021 1.7652325 0.00588410833 3.76752768
271 1021 1.76501339 0.00588337795 3.76752768
271 1024 1.7668017 0.005889339 3.77859779
271 1019 1.76774592 0.0058924864 3.7601476
271 1019 1.76774398 0.00589247993 3.7601476
271 1019 1.76783334 0.00589277779 3.7601476
271 1019 1.76757369 0.00589191231 3.7601476
271 1019 1.76768765 0.00589229217 3.7601476
271 1019 1.76762222 0.00589207406 3.7601476
271 1019 1.76769497 0.00589231658 3.7601476
270 1012 1.75380117 0.0058460039 3.74814815
270 1013 1.75557042 0.00585190141 3.75185185
270 1008 1.75618559 0.00585395198 3.73333333
270 1010 1.75589114 0.00585297045 3.74074074
270 1010 1.75625479 0.00585418264 3.74074074
270 1016 1.75710382 0.00585701273 3.76296296
270 1016 1.75699074 0.0058566358 3.76296296
270 1016 1.756906 0.00585635335 3.76296296
270 1016 1.75692828 0.00585642759 3.76296296
270 1016 1.75694495 0.00585648316 3.76296296
269 1005 1.74809001 0.00582696671 3.73605948
269 1005 1.74814112 0.00582713708 3.73605948
269 1005 1.74809054 0.00582696846 3.73605948
269 1005 1.74814658 0.00582715525 3.73605948
269 1005 1.748352 0.00582784001 3.73605948
269 1005 1.74809436 0.00582698121 3.73605948
269 1005 1.7482861 0.00582762032 3.73605948
269 1005 1.74810472 0.00582701575 3.73605948
269 1005 1.74821828 0.00582739426 3.73605948
269 1005 1.74829083 0.00582763612 3.73605948
268 999 1.73624158 0.00578747192 3.72761194
268 999 1.73661446 0.00578871485 3.72761194
268 999 1.73607979 0.00578693262 3.72761194
268 999 1.73634608 0.00578782028 3.72761194
268 996 1.73684607 0.00578948691 3.71641791
268 996 1.73666299 0.00578887663 3.71641791
268 996 1.73694254 0.00578980847 3.71641791
268 996 1.7368234 0.00578941134 3.71641791
268 996 1.73669839 0.00578899464 3.71641791
268 996 1.73644387 0.00578814623 3.71641791
267 990 1.72462412 0.00574874705 3.70786517
267 990 1.72481796 0.00574939321 3.70786517
267 990 1.72353344 0.00574511148 3.70786517
267 990 1.72469471 0.00574898237 3.70786517
267 990 1.72473758 0.00574912527 3.70786517
267 990 1.72486894 0.00574956314 3.70786517
267 990 1.72512325 0.00575041085 3.70786517
267 990 1.72480706 0.00574935686 3.70786517
267 990 1.72457534 0.00574858446 3.70786517
267 992 1.72280656 0.00574268855 3.71535581
266 985 1.70866221 0.0056955407 3.70300752
266 985 1.70858382 0.00569527942 3.70300752
266 985 1.70854582 0.00569515273 3.70300752
266 985 1.70838664 0.00569462213 3.70300752
266 985 1.70880925 0.00569603085 3.70300752
266 985 1.70841871 0.00569472903 3.70300752
266 985 1.70890201 0.00569634003 3.70300752
266 985 1.70907876 0.00569692919 3.70300752
266 983 1.71454292 0.00571514307 3.69548872
266 983 1.71477379 0.00571591263 3.69548872
265 977 1.70269987 0.00567566623 3.68679245
265 977 1.70283492 0.0056761164 3.68679245
265 977 1.70251331 0.00567504436 3.68679245
265 977 1.70274156 0.00567580521 3.68679245
265 977 1.7025757 0.00567525234 3.68679245
265 977 1.70256133 0.00567520445 3.68679245
265 977 1.70292213 0.00567640709 3.68679245
265 977 1.70270709 0.0056756903 3.68679245
265 977 1.71093971 0.00570313238 3.68679245
265 977 1.71082724 0.00570275748 3.68679245
264 970 1.69650119 0.00565500396 3.67424242
264 970 1.69662885 0.00565542951 3.67424242
264 970 1.6964407 0.00565480232 3.67424242
264 970 1.6967636 0.00565587866 3.67424242
264 971 1.69993711 0.00566645702 3.6780303
264 971 1.70022697 0.00566742324 3.6780303
264 971 1.70022345 0.00566741149 3.6780303
264 971 1.69999132 0.00566663773 3.6780303
264 971 1.7003301 0.00566776702 3.6780303
264 971 1.69978621 0.00566595405 3.6780303
263 963 1.67890284 0.00559634279 3.66159696
263 962 1.68656701 0.00562189003 3.65779468
263 962 1.68648121 0.00562160404 3.65779468
263 962 1.686811 0.00562270335 3.65779468
263 964 1.68496078 0.00561653594 3.66539924
263 958 1.67919882 0.00559732941 3.64258555
263 958 1.67940008 0.00559800028 3.64258555
263 958 1.67921202 0.00559737339 3.64258555
263 961 1.68573464 0.00561911545 3.6539924
263 961 1.68556264 0.00561854212 3.6539924
262 953 1.66775863 0.00555919545 3.63740458
262 955 1.67556952 0.00558523175 3.64503817
262 953 1.67763464 0.00559211547 3.63740458
262 953 1.67776363 0.00559254542 3.63740458
262 953 1.67750692 0.00559168973 3.63740458
262 953 1.67772736 0.00559242452 3.63740458
262 953 1.6777113 0.00559237098 3.63740458
262 953 1.6776895 0.00559229834 3.63740458
262 953 1.67765133 0.0055921711 3.63740458
262 952 1.67865406 0.00559551355 3.63358779
261 948 1.66581849 0.0055527283 3.63218391
261 948 1.66584847 0.00555282824 3.63218391
261 948 1.6660429 0.00555347633 3.63218391
260 940 1.66122692 0.00553742305 3.61538462
260 940 1.66123184 0.00553743945 3.61538462
260 940 1.6612689 0.00553756301 3.61538462
260 940 1.66111104 0.00553703681 3.61538462
260 940 1.66147629 0.00553825431 3.61538462
260 940 1.66110911 0.00553703037 3.61538462
260 940 1.66114052 0.00553713508 3.61538462
259 935 1.65110444 0.00550368146 3.61003861
259 935 1.65110473 0.00550368243 3.61003861
259 935 1.65103139 0.00550343796 3.61003861
259 935 1.65120941 0.00550403138 3.61003861
259 935 1.65142574 0.00550475247 3.61003861
259 935 1.65101028 0.00550336762 3.61003861
259 935 1.65111535 0.00550371783 3.61003861
259 935 1.65127732 0.00550425774 3.61003861
259 935 1.65122908 0.00550409692 3.61003861
259 935 1.6510661 0.00550355365 3.61003861
258 928 1.63724359 0.00545747862 3.59689922
258 928 1.63756647 0.00545855489 3.59689922
258 928 1.6374241 0.00545808035 3.59689922
258 928 1.63740674 0.00545802246 3.59689922
258 928 1.63722388 0.00545741293 3.59689922
258 928 1.63750472 0.00545834908 3.59689922
258 928 1.63744264 0.00545814213 3.59689922
258 928 1.63717839 0.0054572613 3.59689922
258 928 1.6374462 0.00545815401 3.59689922
258 928 1.6373849 0.00545794968 3.59689922
257 925 1.62154574 0.00540515246 3.59922179
257 925 1.62159778 0.00540532592 3.59922179
257 925 1.62198742 0.00540662474 3.59922179
257 920 1.62115674 0.00540385579 3.57976654
257 922 1.62181469 0.00540604898 3.58754864
257 922 1.62169011 0.00540563369 3.58754864
257 926 1.62246939 0.00540823129 3.60311284
257 926 1.62282742 0.00540942472 3.60311284
257 919 1.62235054 0.00540783514 3.57587549
257 919 1.62226736 0.00540755786 3.57587549
256 916 1.60940117 0.00536467056 3.578125
256 916 1.60952284 0.00536507612 3.578125
256 916 1.60937078 0.00536456926 3.578125
256 916 1.60952433 0.0053650811 3.578125
256 916 1.60957525 0.00536525083 3.578125
256 916 1.60932761 0.00536442535 3.578125
256 916 1.60932582 0.0053644194 3.578125
256 917 1.6060883 0.00535362767 3.58203125
256 917 1.60630225 0.00535434084 3.58203125
256 916 1.60945639 0.00536485462 3.578125
255 914 1.59497168 0.00531657227 3.58431373
255 914 1.59469339 0.00531564462 3.58431373
255 911 1.59339388 0.00531131294 3.57254902
255 908 1.59462172 0.00531540575 3.56078431
255 908 1.59473385 0.00531577951 3.56078431
255 908 1.59467453 0.00531558176 3.56078431
255 908 1.59453446 0.00531511487 3.56078431
255 908 1.59441873 0.0053147291 3.56078431
255 908 1.59490127 0.00531633756 3.56078431
255 908 1.59441038 0.00531470127 3.56078431
254 903 1.5790034 0.00526334467 3.55511811
254 900 1.57814656 0.00526048855 3.54330709
254 900 1.57850556 0.00526168519 3.54330709
254 906 1.57950929 0.00526503098 3.56692913
254 906 1.57944309 0.00526481028 3.56692913
254 906 1.57956312 0.00526521041 3.56692913
254 906 1.58002048 0.00526673492 3.56692913
254 906 1.57980981 0.00526603271 3.56692913
254 906 1.57948701 0.00526495668 3.56692913
254 906 1.57943982 0.0052647994 3.56692913
253 902 1.5616389 0.00520546299 3.56521739
253 898 1.56423459 0.00521411531 3.54940711
253 897 1.56547277 0.00521824255 3.54545455
253 901 1.57144269 0.0052381423 3.56126482
253 901 1.57146951 0.00523823171 3.56126482
253 901 1.57158578 0.00523861928 3.56126482
253 901 1.57134952 0.00523783174 3.56126482
253 901 1.57158619 0.00523862062 3.56126482
253 901 1.57149373 0.00523831242 3.56126482
253 901 1.57152893 0.00523842978 3.56126482
252 896 1.55248982 0.00517496608 3.55555556
252 894 1.55350651 0.00517835505 3.54761905
251 889 1.54893459 0.0051631153 3.54183267
251 889 1.54892801 0.00516309335 3.54183267
251 882 1.55112871 0.00517042904 3.51394422
251 882 1.55100607 0.00517002025 3.51394422
251 882 1.55127301 0.00517091005 3.51394422
251 882 1.55129975 0.00517099918 3.51394422
251 882 1.55135778 0.00517119261 3.51394422
251 882 1.55091751 0.00516972505 3.51394422
250 876 1.537699 0.00512566334 3.504
250 876 1.53789498 0.00512631659 3.504
250 876 1.53761789 0.00512539296 3.504
250 876 1.53802135 0.00512673784 3.504
250 876 1.5379763 0.00512658766 3.504
250 876 1.53768318 0.00512561062 3.504
250 876 1.53778351 0.00512594504 3.504
250 876 1.53766055 0.00512553516 3.504
250 876 1.53791015 0.00512636717 3.504
250 876 1.53791452 0.00512638174 3.504
249 872 1.5214147 0.00507138235 3.50200803
249 874 1.52412618 0.0050804206 3.51004016
249 874 1.52434522 0.00508115073 3.51004016
249 874 1.5245514 0.00508183801 3.51004016
249 874 1.52478162 0.00508260541 3.51004016
249 874 1.52425478 0.00508084927 3.51004016
249 874 1.52441366 0.00508137886 3.51004016
249 874 1.52474681 0.00508248937 3.51004016
249 874 1.52450642 0.00508168807 3.51004016
249 874 1.52424688 0.00508082293 3.51004016
248 868 1.50651329 0.00502171096 3.5
248 868 1.50685293 0.0050228431 3.5
248 868 1.50681364 0.00502271215 3.5
248 868 1.50651982 0.00502173273 3.5
248 868 1.50672424 0.00502241414 3.5
248 868 1.50658781 0.00502195936 3.5
248 870 1.50818486 0.00502728288 3.50806452
248 870 1.50818385 0.0050272795 3.50806452
248 870 1.50815898 0.00502719659 3.50806452
248 866 1.50888307 0.00502961023 3.49193548
247 861 1.49045474 0.00496818248 3.48582996
247 861 1.49028361 0.00496761203 3.48582996
247 860 1.49190707 0.00497302356 3.48178138
247 862 1.49273809 0.00497579363 3.48987854
247 862 1.4927726 0.00497590865 3.48987854
247 862 1.49290913 0.00497636377 3.48987854
247 862 1.49244453 0.00497481511 3.48987854
247 862 1.49294074 0.00497646913 3.48987854
247 862 1.49263447 0.00497544824 3.48987854
247 862 1.49275088 0.00497583626 3.48987854
246 857 1.47488847 0.0049162949 3.48373984
246 856 1.47610395 0.00492034652 3.4796748
246 856 1.47616041 0.0049205347 3.4796748
246 856 1.47611566 0.00492038552 3.4796748
246 853 1.47443918 0.00491479725 3.46747967
246 853 1.47491386 0.00491637955 3.46747967
246 853 1.47435968 0.00491453226 3.46747967
246 851 1.47619913 0.00492066378 3.45934959
246 851 1.47570344 0.00491901146 3.45934959
246 851 1.47571564 0.00491905214 3.45934959
245 847 1.46006705 0.00486689015 3.45714286
245 847 1.46066388 0.00486887958 3.45714286
245 847 1.46016759 0.00486722529 3.45714286
245 847 1.46060361 0.00486867868 3.45714286
245 847 1.46104138 0.00487013794 3.45714286
245 852 1.46146075 0.00487153585 3.47755102
245 852 1.4612102 0.00487070067 3.47755102
245 852 1.4611448 0.00487048267 3.47755102
245 852 1.46097543 0.00486991809 3.47755102
245 852 1.46120844 0.00487069478 3.47755102
244 849 1.43831458 0.00479438193 3.4795082
244 843 1.44482658 0.0048160886 3.45491803
244 843 1.44535515 0.00481785049 3.45491803
244 843 1.44542293 0.00481807643 3.45491803
244 843 1.44534549 0.00481781831 3.45491803
244 843 1.44553751 0.00481845837 3.45491803
244 843 1.44527861 0.00481759537 3.45491803
244 843 1.44518361 0.00481727871 3.45491803
244 843 1.44519237 0.00481730791 3.45491803
244 843 1.44545728 0.00481819092 3.45491803
243 834 1.4267485 0.00475582833 3.43209877
243 834 1.42689407 0.00475631357 3.43209877
243 834 1.42639335 0.00475464449 3.43209877
243 834 1.42705982 0.00475686608 3.43209877
243 834 1.42626519 0.0047542173 3.43209877
243 838 1.42772104 0.00475907013 3.44855967
243 838 1.42761182 0.00475870606 3.44855967
243 838 1.42796001 0.0047598667 3.44855967
243 835 1.42807484 0.00476024947 3.43621399
243 835 1.42807834 0.00476026112 3.43621399
242 827 1.41231446 0.00470771486 3.41735537
242 827 1.41265185 0.00470883948 3.41735537
242 827 1.41213404 0.00470711347 3.41735537
242 827 1.4120222 0.00470674065 3.41735537
242 827 1.41257697 0.00470858989 3.41735537
242 829 1.40673882 0.0046891294 3.42561983
242 829 1.40653666 0.00468845553 3.42561983
242 830 1.41310043 0.00471033476 3.42975207
242 830 1.41291709 0.00470972362 3.42975207
241 822 1.399773 0.00466591001 3.41078838
240 813 1.38184322 0.00460614408 3.3875
240 813 1.38165271 0.00460550904 3.3875
240 813 1.38238596 0.00460795321 3.3875
240 813 1.38213609 0.00460712031 3.3875
240 813 1.38210593 0.00460701977 3.3875
240 813 1.38192442 0.00460641472 3.3875
240 817 1.38546447 0.00461821488 3.40416667
240 817 1.38500695 0.00461668983 3.40416667
240 817 1.38536871 0.0046178957 3.40416667
240 817 1.38529287 0.00461764291 3.40416667
239 808 1.36740363 0.0045580121 3.38075314
239 808 1.36692287 0.00455640956 3.38075314
239 808 1.36833823 0.00456112742 3.38075314
239 808 1.36785798 0.00455952662 3.38075314
239 808 1.36862433 0.0045620811 3.38075314
239 808 1.36867417 0.00456224723 3.38075314
239 808 1.36841136 0.00456137119 3.38075314
239 808 1.36833605 0.00456112017 3.38075314
239 808 1.36813433 0.00456044776 3.38075314
239 808 1.36862646 0.0045620882 3.38075314
238 802 1.34800342 0.00449334472 3.3697479
238 804 1.35074507 0.00450248357 3.37815126
238 799 1.3523136 0.004507712 3.35714286
238 799 1.35253099 0.00450843663 3.35714286
238 799 1.35210311 0.00450701038 3.35714286
238 799 1.35240003 0.0045080001 3.35714286
238 799 1.35262035 0.00450873451 3.35714286
238 799 1.35255126 0.00450850419 3.35714286
238 799 1.35244299 0.00450814329 3.35714286
238 799 1.35273908 0.00450913027 3.35714286
237 790 1.33758854 0.00445862847 3.33333333
237 790 1.33761646 0.00445872154 3.33333333
237 790 1.33728738 0.00445762461 3.33333333
237 795 1.33590962 0.00445303206 3.35443038
237 795 1.33652754 0.00445509181 3.35443038
237 795 1.33620098 0.00445400325 3.35443038
237 795 1.33601538 0.00445338459 3.35443038
237 795 1.33590413 0.00445301377 3.35443038
237 795 1.33591405 0.00445304685 3.35443038
237 795 1.33617949 0.00445393165 3.35443038
236 792 1.31843752 0.00439479173 3.3559322
236 786 1.31868821 0.00439562735 3.33050847
236 786 1.31873281 0.00439577604 3.33050847
236 786 1.31900652 0.00439668839 3.33050847
236 786 1.31919863 0.00439732876 3.33050847
236 786 1.32060222 0.0044020074 3.33050847
236 786 1.32084434 0.00440281445 3.33050847
236 786 1.32074442 0.00440248141 3.33050847
236 786 1.32082087 0.00440273622 3.33050847
236 786 1.32079238 0.00440264127 3.33050847
235 781 1.30289856 0.0043429952 3.32340426
235 780 1.30366899 0.00434556329 3.31914894
235 775 1.30300725 0.00434335749 3.29787234
235 775 1.30319725 0.00434399083 3.29787234
235 775 1.30319257 0.00434397522 3.29787234
235 775 1.30319927 0.00434399757 3.29787234
235 775 1.3029634 0.00434321132 3.29787234
235 778 1.30501754 0.00435005846 3.3106383
235 778 1.30478485 0.00434928283 3.3106383
235 778 1.30447711 0.00434825703 3.3106383
234 774 1.28869907 0.00429566357 3.30769231
234 774 1.28837709 0.00429459031 3.30769231
234 774 1.28873725 0.00429579082 3.30769231
234 773 1.2880557 0.00429351899 3.3034188
234 773 1.28834738 0.00429449127 3.3034188
234 773 1.28828427 0.00429428089 3.3034188
234 778 1.28817184 0.00429390612 3.32478632
234 776 1.2892264 0.00429742135 3.31623932
234 776 1.28973926 0.00429913088 3.31623932
234 777 1.28943863 0.00429812878 3.32051282
233 773 1.26602933 0.00422009775 3.31759657
233 772 1.27349264 0.00424497545 3.31330472
233 772 1.27428455 0.00424761515 3.31330472
233 772 1.2738186 0.004246062 3.31330472
233 772 1.27392255 0.00424640852 3.31330472
233 772 1.27343873 0.00424479578 3.31330472
233 772 1.27388535 0.00424628449 3.31330472
233 767 1.27357703 0.00424525677 3.29184549
233 767 1.27290606 0.00424302021 3.29184549
233 767 1.27394705 0.00424649018 3.29184549
232 760 1.2534025 0.00417800835 3.27586207
232 760 1.25324947 0.00417749823 3.27586207
232 762 1.25761216 0.00419204052 3.28448276
232 762 1.25761485 0.00419204951 3.28448276
232 762 1.2574408 0.00419146932 3.28448276
232 762 1.25759188 0.00419197293 3.28448276
232 762 1.25736815 0.00419122715 3.28448276
232 762 1.2576509 0.00419216966 3.28448276
232 762 1.25743935 0.00419146451 3.28448276
232 762 1.2577553 0.00419251766 3.28448276
231 758 1.24230431 0.00414101435 3.28138528
231 758 1.24193723 0.00413979076 3.28138528
231 758 1.24261511 0.00414205036 3.28138528
231 756 1.24136414 0.00413788047 3.27272727
231 758 1.24266839 0.00414222796 3.28138528
231 758 1.24216747 0.00414055824 3.28138528
231 758 1.24227908 0.00414093025 3.28138528
231 758 1.2428463 0.00414282099 3.28138528
231 758 1.24227461 0.00414091535 3.28138528
231 758 1.24204926 0.00414016418 3.28138528
230 754 1.22062226 0.00406874085 3.27826087
230 754 1.22066106 0.00406887019 3.27826087
230 754 1.22086488 0.00406954958 3.27826087
230 751 1.22554606 0.00408515354 3.26521739
230 749 1.22559531 0.00408531772 3.25652174
230 749 1.22623842 0.00408746139 3.25652174
230 749 1.22592681 0.0040864227 3.25652174
230 749 1.22545266 0.00408484221 3.25652174
230 749 1.22571494 0.00408571646 3.25652174
230 749 1.22573014 0.00408576713 3.25652174
229 744 1.2125701 0.00404190034 3.2489083
229 744 1.21255252 0.00404184172 3.2489083
229 744 1.21291839 0.0040430613 3.2489083
229 744 1.21252688 0.00404175627 3.2489083
229 744 1.21284339 0.00404281132 3.2489083
229 744 1.21301201 0.00404337336 3.2489083
229 744 1.21253474 0.00404178246 3.2489083
229 744 1.21273562 0.00404245207 3.2489083
229 748 1.20404891 0.00401349636 3.26637555
229 747 1.20312337 0.00401041122 3.26200873
228 745 1.18519354 0.00395064515 3.26754386
228 742 1.19095544 0.00396985147 3.25438596
228 742 1.19112211 0.00397040703 3.25438596
228 742 1.19091697 0.00396972324 3.25438596
228 742 1.19079694 0.00396932313 3.25438596
228 745 1.19451496 0.00398171654 3.26754386
228 745 1.19422024 0.00398073413 3.26754386
228 745 1.194657 0.00398219001 3.26754386
228 745 1.19433812 0.00398112706 3.26754386
228 745 1.19426377 0.00398087925 3.26754386
227 736 1.18927687 0.00396425624 3.24229075
227 736 1.18903551 0.00396345171 3.24229075
227 736 1.1890161 0.00396338701 3.24229075
227 731 1.18845343 0.00396151143 3.22026432
227 731 1.18852845 0.00396176151 3.22026432
227 731 1.18829234 0.00396097446 3.22026432
227 731 1.1886564 0.00396218798 3.22026432
227 731 1.18830128 0.00396100426 3.22026432
227 731 1.18846412 0.00396154707 3.22026432
227 731 1.18836732 0.00396122439 3.22026432
226 727 1.17629056 0.00392096852 3.21681416
226 727 1.17647712 0.00392159041 3.21681416
226 727 1.17636035 0.00392120118 3.21681416
226 727 1.1761603 0.00392053433 3.21681416
226 727 1.17621479 0.00392071595 3.21681416
226 727 1.1763738 0.00392124602 3.21681416
226 727 1.17640944 0.0039213648 3.21681416
226 727 1.17670067 0.00392233555 3.21681416
226 727 1.17674465 0.00392248216 3.21681416
226 727 1.17627405 0.00392091351 3.21681416
225 725 1.15956298 0.00386520992 3.22222222
225 725 1.15900736 0.00386335787 3.22222222
225 721 1.16046917 0.00386823057 3.20444444
225 723 1.16041091 0.00386803638 3.21333333
225 723 1.16007016 0.00386690052 3.21333333
225 723 1.16050809 0.00386836029 3.21333333
225 723 1.15987187 0.00386623956 3.21333333
225 725 1.16009454 0.00386698179 3.22222222
225 725 1.16083835 0.00386946118 3.22222222
225 725 1.16043932 0.00386813107 3.22222222
224 721 1.14296548 0.00380988493 3.21875
224 719 1.14416057 0.00381386857 3.20982143
224 719 1.14538015 0.00381793382 3.20982143
224 719 1.1452723 0.00381757434 3.20982143
224 719 1.14570008 0.00381900028 3.20982143
224 719 1.14533647 0.00381778823 3.20982143
224 719 1.14542365 0.00381807884 3.20982143
224 719 1.14547103 0.00381823676 3.20982143
224 719 1.14556039 0.00381853464 3.20982143
224 719 1.1454256 0.00381808535 3.20982143
223 715 1.12864056 0.0037621352 3.20627803
223 715 1.12753567 0.00375845222 3.20627803
223 712 1.12515848 0.00375052825 3.19282511
223 712 1.11595721 0.00371985738 3.19282511
223 716 1.11740892 0.00372469641 3.21076233
223 714 1.1142223 0.00371407432 3.20179372
223 715 1.10678653 0.00368928844 3.20627803
223 713 1.10941546 0.00369805154 3.19730942
223 718 1.10261649 0.00367538829 3.21973094
223 718 1.10278547 0.00367595157 3.21973094
222 709 1.09400844 0.0036466948 3.19369369
222 705 1.10471439 0.00368238129 3.17567568
222 709 1.095853 0.00365284334 3.19369369
222 709 1.0958077 0.00365269235 3.19369369
222 707 1.09801317 0.00366004389 3.18468468
222 709 1.10099081 0.00366996936 3.19369369
222 709 1.10071376 0.00366904587 3.19369369
222 709 1.10062295 0.00366874317 3.19369369
222 711 1.0968164 0.00365605466 3.2027027
222 711 1.09668835 0.00365562782 3.2027027
221 703 1.09199439 0.00363998131 3.18099548
221 703 1.08613585 0.00362045284 3.18099548
221 704 1.07946006 0.0035982002 3.18552036
221 702 1.09346252 0.00364487507 3.17647059
221 702 1.09372693 0.00364575645 3.17647059
221 703 1.10238364 0.00367461215 3.18099548
221 703 1.10235006 0.00367450019 3.18099548
221 704 1.10132652 0.00367108839 3.18552036
221 704 1.096366 0.00365455333 3.18552036
221 704 1.0962658 0.00365421933 3.18552036
220 700 1.09098085 0.00363660283 3.18181818
220 700 1.09110249 0.00363700829 3.18181818
220 700 1.09070892 0.0036356964 3.18181818
220 702 1.09088516 0.00363628388 3.19090909
220 699 1.08451416 0.0036150472 3.17727273
220 698 1.09118091 0.00363726969 3.17272727
220 698 1.09114646 0.00363715487 3.17272727
220 698 1.09117133 0.00363723776 3.17272727
220 698 1.09139828 0.00363799425 3.17272727
220 698 1.09120588 0.00363735293 3.17272727
219 692 1.07767984 0.00359226614 3.15981735
219 696 1.0820128 0.00360670933 3.17808219
219 696 1.08213513 0.0036071171 3.17808219
219 696 1.082025 0.00360675001 3.17808219
219 696 1.08200446 0.00360668152 3.17808219
219 696 1.0819723 0.00360657432 3.17808219
219 696 1.08197612 0.00360658708 3.17808219
219 696 1.08194951 0.00360649835 3.17808219
219 696 1.08217767 0.00360725891 3.17808219
219 696 1.08201875 0.00360672918 3.17808219
218 689 1.06823429 0.00356078097 3.16055046
218 691 1.06769398 0.00355897993 3.16972477
218 695 1.05497602 0.00351658674 3.18807339
218 695 1.05480115 0.00351600384 3.18807339
218 695 1.0544438 0.00351481268 3.18807339
218 695 1.05001183 0.00350003942 3.18807339
218 695 1.05003234 0.00350010781 3.18807339
218 692 1.04553455 0.00348511517 3.17431193
218 688 1.04454364 0.00348181215 3.1559633
218 684 1.05595551 0.00351985169 3.13761468
217 680 1.046854 0.00348951333 3.13364055
217 680 1.04687466 0.00348958219 3.13364055
217 680 1.04680826 0.00348936086 3.13364055
217 680 1.04335647 0.00347785491 3.13364055
217 681 1.04170291 0.00347234305 3.13824885
217 681 1.04182017 0.0034727339 3.13824885
217 679 1.05193373 0.00350644576 3.12903226
217 679 1.05174739 0.00350582462 3.12903226
217 679 1.05189738 0.00350632459 3.12903226
217 679 1.05192064 0.00350640213 3.12903226
216 675 1.03984916 0.00346616387 3.125
216 677 1.03046726 0.00343489087 3.13425926
216 680 1.04285431 0.00347618103 3.14814815
216 680 1.04309533 0.00347698442 3.14814815
216 680 1.0426289 0.00347542965 3.14814815
216 680 1.04345045 0.00347816817 3.14814815
216 680 1.04294977 0.00347649925 3.14814815
216 677 1.03300778 0.00344335927 3.13425926
215 670 1.02181469 0.00340604896 3.11627907
214 666 1.02043398 0.0034014466 3.11214953
213 662 1.00941848 0.00336472826 3.10798122
213 662 1.00950541 0.00336501802 3.10798122
213 665 1.00598564 0.00335328547 3.12206573
213 665 1.00956469 0.00336521564 3.12206573
213 664 0.999124675 0.00333041558 3.11737089
213 665 0.997490788 0.00332496929 3.12206573
213 662 0.99070016 0.00330233387 3.10798122
213 659 0.993671155 0.00331223718 3.09389671
213 663 0.992250975 0.00330750325 3.11267606
213 665 0.99991334 0.00333304447 3.12206573
212 658 0.984387138 0.00328129046 3.10377358
212 657 0.997890122 0.00332630041 3.0990566
212 659 1.0073926 0.00335797534 3.10849057
212 659 1.00722081 0.00335740272 3.10849057
211 652 0.997756312 0.00332585437 3.09004739
210 646 0.98906603 0.00329688677 3.07619048
210 646 0.989165134 0.00329721711 3.07619048
210 644 0.988103747 0.00329367916 3.06666667
209 640 0.981457848 0.00327152616 3.06220096
209 640 0.981541691 0.00327180564 3.06220096
208 634 0.971940065 0.00323980022 3.04807692
208 634 0.971997954 0.00323999318 3.04807692
208 634 0.971936019 0.00323978673 3.04807692
208 634 0.971548164 0.00323849388 3.04807692
208 632 0.972642712 0.00324214237 3.03846154
208 632 0.972414425 0.00324138142 3.03846154
208 634 0.973048533 0.00324349511 3.04807692
208 634 0.972879891 0.00324293297 3.04807692
208 634 0.973153027 0.00324384342 3.04807692
208 634 0.973112015 0.00324370672 3.04807692
207 628 0.957539463 0.00319179821 3.03381643
207 628 0.966109456 0.00322036485 3.03381643
207 628 0.966267653 0.00322089218 3.03381643
207 628 0.965821716 0.00321940572 3.03381643
207 628 0.966096948 0.00322032316 3.03381643
207 624 0.961469878 0.00320489959 3.01449275
207 626 0.958348011 0.00319449337 3.02415459
207 628 0.966032766 0.00322010922 3.03381643
207 628 0.965938119 0.00321979373 3.03381643
207 624 0.960808635 0.00320269545 3.01449275
206 623 0.94637082 0.0031545694 3.02427184
206 623 0.946241085 0.00315413695 3.02427184
206 621 0.950488436 0.00316829479 3.01456311
206 621 0.950674093 0.00316891364 3.01456311
206 621 0.950564023 0.00316854674 3.01456311
206 621 0.950646965 0.00316882322 3.01456311
206 620 0.954114138 0.00318038046 3.00970874
206 620 0.954297436 0.00318099145 3.00970874
206 620 0.954126262 0.00318042087 3.00970874
206 620 0.953941377 0.00317980459 3.00970874
205 617 0.943863327 0.00314621109 3.0097561
205 617 0.944203786 0.00314734595 3.0097561
205 617 0.943754178 0.00314584726 3.0097561
205 617 0.944225304 0.00314741768 3.0097561
205 618 0.949308895 0.00316436298 3.01463415
205 618 0.949136401 0.003163788 3.01463415
205 618 0.949261802 0.00316420601 3.01463415
205 618 0.949214365 0.00316404788 3.01463415
205 618 0.9492949 0.00316431633 3.01463415
205 618 0.949320922 0.00316440307 3.01463415
204 614 0.932979333 0.00310993111 3.00980392
204 613 0.933946458 0.00311315486 3.00490196
204 615 0.93917657 0.00313058857 3.01470588
204 615 0.939114699 0.00313038233 3.01470588
204 615 0.9392206 0.00313073533 3.01470588
204 615 0.939349782 0.00313116594 3.01470588
204 615 0.939440527 0.00313146842 3.01470588
204 615 0.939155229 0.00313051743 3.01470588
204 615 0.939117955 0.00313039318 3.01470588
204 615 0.939391546 0.00313130515 3.01470588
203 610 0.927229729 0.00309076576 3.00492611
203 609 0.927119793 0.00309039931 3
203 610 0.927181711 0.0030906057 3.00492611
203 610 0.927225179 0.0030907506 3.00492611
203 610 0.926995373 0.00308998458 3.00492611
203 608 0.929089977 0.00309696659 2.99507389
203 608 0.92913745 0.00309712483 2.99507389
203 608 0.928970444 0.00309656815 2.99507389
203 608 0.929148779 0.0030971626 2.99507389
203 609 0.929675474 0.00309891825 3
202 603 0.921204434 0.00307068145 2.98514851
202 602 0.911227893 0.00303742631 2.98019802
202 602 0.911265836 0.00303755279 2.98019802
202 602 0.911245319 0.0030374844 2.98019802
202 602 0.91136191 0.00303787303 2.98019802
202 602 0.911329137 0.00303776379 2.98019802
202 602 0.911456562 0.00303818854 2.98019802
201 596 0.911129941 0.0030370998 2.96517413
201 598 0.901947337 0.00300649112 2.97512438
201 602 0.892728664 0.00297576221 2.99502488
199 593 0.88040135 0.00293467117 2.9798995
199 591 0.880647139 0.00293549046 2.96984925
199 593 0.88947757 0.00296492523 2.9798995
199 593 0.889205058 0.00296401686 2.9798995
198 588 0.889033167 0.00296344389 2.96969697
198 588 0.899703934 0.00299901311 2.96969697
198 587 0.894854225 0.00298284742 2.96464646
198 587 0.894999464 0.00298333155 2.96464646
198 587 0.894697821 0.00298232607 2.96464646
198 588 0.89359574 0.00297865247 2.96969697
197 581 0.893486784 0.00297828928 2.94923858
197 581 0.893558253 0.00297852751 2.94923858
196 572 0.882641486 0.00294213829 2.91836735
196 573 0.881699583 0.00293899861 2.92346939
196 573 0.881601018 0.00293867006 2.92346939
196 573 0.881953708 0.00293984569 2.92346939
196 573 0.881839272 0.00293946424 2.92346939
196 574 0.882729106 0.00294243035 2.92857143
195 571 0.876374477 0.00292124826 2.92820513
195 571 0.877251297 0.00292417099 2.92820513
194 565 0.871011399 0.00290337133 2.91237113
194 565 0.871069926 0.00290356642 2.91237113
194 565 0.871117293 0.00290372431 2.91237113
193 562 0.870958944 0.00290319648 2.9119171
193 562 0.870737102 0.00290245701 2.9119171
193 562 0.871039435 0.00290346478 2.9119171
193 562 0.871303398 0.00290434466 2.9119171
193 562 0.870826179 0.00290275393 2.9119171
193 562 0.870901445 0.00290300482 2.9119171
193 562 0.870764517 0.00290254839 2.9119171
192 555 0.866834565 0.00288944855 2.890625
192 555 0.86670252 0.0028890084 2.890625
192 556 0.863918669 0.0028797289 2.89583333
191 550 0.857526398 0.00285842133 2.87958115
191 550 0.857624722 0.00285874907 2.87958115
191 550 0.857589757 0.00285863252 2.87958115
191 550 0.857086918 0.00285695639 2.87958115
191 550 0.85731823 0.00285772743 2.87958115
191 553 0.861821192 0.00287273731 2.89528796
191 553 0.862032387 0.00287344129 2.89528796
190 550 0.843381135 0.00281127045 2.89473684
190 547 0.851720618 0.00283906873 2.87894737
190 547 0.855099958 0.00285033319 2.87894737
190 547 0.854519782 0.00284839927 2.87894737
190 547 0.854735776 0.00284911925 2.87894737
190 547 0.855075147 0.00285025049 2.87894737
190 547 0.854705469 0.00284901823 2.87894737
190 547 0.85461843 0.0028487281 2.87894737
190 547 0.854425118 0.00284808373 2.87894737
190 547 0.85494036 0.0028498012 2.87894737
189 541 0.839717326 0.00279905775 2.86243386
189 541 0.844847161 0.0028161572 2.86243386
189 541 0.844774456 0.00281591485 2.86243386
189 541 0.845086256 0.00281695419 2.86243386
189 541 0.844647444 0.00281549148 2.86243386
189 541 0.844598729 0.0028153291 2.86243386
189 541 0.844545912 0.00281515304 2.86243386
189 541 0.844648778 0.00281549593 2.86243386
189 541 0.84461912 0.00281539707 2.86243386
189 541 0.844520312 0.00281506771 2.86243386
188 536 0.825378887 0.00275126296 2.85106383
188 537 0.829859118 0.00276619706 2.85638298
188 534 0.830629752 0.00276876584 2.84042553
188 534 0.830960058 0.00276986686 2.84042553
188 538 0.831564825 0.00277188275 2.86170213
188 538 0.831946876 0.00277315625 2.86170213
188 538 0.83131328 0.00277104427 2.86170213
188 536 0.825417739 0.00275139246 2.85106383
188 536 0.825246582 0.00275082194 2.85106383
188 536 0.833694259 0.00277898086 2.85106383
187 535 0.833120246 0.00277706749 2.86096257
187 535 0.833491963 0.00277830654 2.86096257
187 535 0.833749891 0.0027791663 2.86096257
187 535 0.833274032 0.00277758011 2.86096257
187 535 0.832621096 0.00277540365 2.86096257
187 535 0.833831749 0.00277943916 2.86096257
187 535 0.833269199 0.002777564 2.86096257
187 535 0.83343985 0.00277813283 2.86096257
187 535 0.833505326 0.00277835109 2.86096257
187 535 0.833605585 0.00277868528 2.86096257
186 533 0.820130482 0.00273376827 2.8655914
186 529 0.82371155 0.00274570517 2.84408602
186 529 0.82371538 0.00274571793 2.84408602
186 529 0.823381358 0.00274460453 2.84408602
186 529 0.823539717 0.00274513239 2.84408602
186 529 0.823683645 0.00274561215 2.84408602
186 529 0.823659765 0.00274553255 2.84408602
186 529 0.823874886 0.00274624962 2.84408602
186 529 0.823767422 0.00274589141 2.84408602
186 529 0.823630314 0.00274543438 2.84408602
185 521 0.808261833 0.00269420611 2.81621622
185 526 0.800697205 0.00266899068 2.84324324
185 526 0.801153865 0.00267051288 2.84324324
185 521 0.808428025 0.00269476008 2.81621622
185 521 0.808153296 0.00269384432 2.81621622
185 521 0.808505456 0.00269501819 2.81621622
185 521 0.808541046 0.00269513682 2.81621622
185 521 0.808191824 0.00269397275 2.81621622
185 521 0.808328663 0.00269442888 2.81621622
185 521 0.80808646 0.00269362153 2.81621622
184 519 0.795617035 0.00265205678 2.82065217
184 519 0.795693416 0.00265231139 2.82065217
184 519 0.796026983 0.00265342328 2.82065217
184 518 0.796418349 0.00265472783 2.81521739
183 516 0.796991206 0.00265663735 2.81967213
183 516 0.79725345 0.0026575115 2.81967213
183 516 0.796921846 0.00265640615 2.81967213
183 516 0.797006454 0.00265668818 2.81967213
183 516 0.797055693 0.00265685231 2.81967213
183 516 0.789339142 0.00263113047 2.81967213
182 510 0.789210426 0.00263070142 2.8021978
182 510 0.78922417 0.00263074723 2.8021978
182 510 0.789333784 0.00263111261 2.8021978
182 510 0.789160768 0.00263053589 2.8021978
182 510 0.789147516 0.00263049172 2.8021978
182 510 0.789076623 0.00263025541 2.8021978
182 512 0.784720628 0.00261573543 2.81318681
182 515 0.789535411 0.0026317847 2.82967033
181 509 0.784724969 0.0026157499 2.8121547
181 509 0.784885927 0.00261628642 2.8121547
180 502 0.778586148 0.00259528716 2.78888889
180 505 0.768805117 0.00256268372 2.80555556
180 505 0.768690445 0.00256230148 2.80555556
180 505 0.768599358 0.00256199786 2.80555556
179 499 0.768341299 0.00256113766 2.7877095
179 499 0.768195746 0.00256065249 2.7877095
179 499 0.768069921 0.00256023307 2.7877095
179 499 0.768332641 0.0025611088 2.7877095
179 499 0.76816983 0.0025605661 2.7877095
179 499 0.768403718 0.00256134573 2.7877095
177 488 0.75899872 0.00252999573 2.75706215
177 488 0.758824201 0.002529414 2.75706215
177 488 0.758803861 0.0025293462 2.75706215
177 489 0.752351938 0.00250783979 2.76271186
177 488 0.759007984 0.00253002661 2.75706215
177 488 0.759088042 0.00253029347 2.75706215
176 480 0.740433999 0.00246811333 2.72727273
176 480 0.740349109 0.00246783036 2.72727273
176 480 0.740996998 0.00246998999 2.72727273
176 480 0.741442452 0.00247147484 2.72727273
175 471 0.729310555 0.00243103518 2.69142857
175 476 0.731945811 0.00243981937 2.72
175 476 0.731580703 0.00243860234 2.72
175 476 0.732467646 0.00244155882 2.72
175 476 0.732954045 0.00244318015 2.72
175 476 0.732620745 0.00244206915 2.72
175 477 0.738760469 0.0024625349 2.72571429
174 468 0.734289884 0.00244763295 2.68965517
174 467 0.729261026 0.00243087009 2.68390805
174 468 0.728621194 0.00242873731 2.68965517
173 461 0.718052753 0.00239350918 2.66473988
SP does not find any fixed points -> SP does not converge.
I am sorry I quit :(
