START ALGORITHM:
I am going to build an instance with N: 300 variables and 1245 clauses with a clause density equal to 4.15
START BSP WITH r=0.9:
Decimation scorer: cert
END UNIT PROPAGATION
300 1245 2.66679984 0.00888933279 4.15
300 1245 2.66735471 0.00889118237 4.15
300 1245 2.66692571 0.00888975237 4.15
300 1245 2.66709729 0.00889032429 4.15
300 1245 2.66720826 0.00889069419 4.15
300 1245 2.66706947 0.00889023158 4.15
300 1245 2.6670012 0.00889000401 4.15
300 1245 2.66705142 0.00889017139 4.15
300 1245 2.66709073 0.00889030244 4.15
299 1236 2.66254443 0.00887514809 4.13377926
299 1236 2.66256978 0.00887523259 4.13377926
299 1236 2.66257856 0.00887526186 4.13377926
299 1236 2.66259089 0.00887530298 4.13377926
299 1236 2.66257363 0.00887524545 4.13377926
299 1236 2.66258059 0.00887526864 4.13377926
299 1236 2.6626235 0.00887541165 4.13377926
299 1236 2.66263554 0.0088754518 4.13377926
299 1236 2.66249407 0.00887498023 4.13377926
299 1236 2.6625592 0.00887519735 4.13377926
298 1221 2.64660725 0.00882202418 4.09731544
298 1224 2.64889045 0.00882963482 4.10738255
298 1229 2.64862068 0.00882873561 4.12416107
298 1229 2.64856875 0.00882856251 4.12416107
298 1233 2.65526457 0.0088508819 4.13758389
298 1233 2.65537686 0.0088512562 4.13758389
298 1226 2.65520279 0.00885067596 4.11409396
298 1226 2.65527141 0.0088509047 4.11409396
298 1226 2.65532358 0.0088510786 4.11409396
298 1226 2.65514668 0.00885048894 4.11409396
297 1216 2.64083526 0.00880278422 4.09427609
297 1216 2.64078263 0.00880260876 4.09427609
297 1218 2.64515777 0.00881719258 4.1010101
297 1218 2.64532859 0.00881776197 4.1010101
297 1223 2.64797703 0.00882659009 4.11784512
297 1222 2.65531059 0.00885103529 4.11447811
297 1222 2.65533064 0.00885110214 4.11447811
297 1222 2.65531038 0.00885103459 4.11447811
297 1222 2.65531861 0.00885106204 4.11447811
297 1222 2.65506291 0.00885020969 4.11447811
296 1219 2.64785749 0.00882619164 4.11824324
296 1219 2.64803581 0.00882678604 4.11824324
296 1219 2.64793151 0.00882643836 4.11824324
296 1219 2.64801686 0.00882672286 4.11824324
296 1219 2.64805893 0.00882686309 4.11824324
296 1219 2.64801341 0.00882671137 4.11824324
296 1219 2.6479502 0.00882650067 4.11824324
296 1219 2.64770817 0.00882569391 4.11824324
296 1219 2.64792259 0.00882640863 4.11824324
296 1219 2.64810818 0.00882702726 4.11824324
295 1209 2.63361302 0.00877871007 4.09830508
295 1213 2.6374266 0.00879142201 4.11186441
295 1213 2.63730791 0.00879102637 4.11186441
295 1211 2.63793733 0.00879312444 4.10508475
295 1211 2.63796383 0.00879321278 4.10508475
295 1214 2.6333839 0.00877794633 4.11525424
295 1214 2.63348413 0.00877828043 4.11525424
295 1209 2.63804729 0.00879349096 4.09830508
295 1209 2.63813594 0.00879378648 4.09830508
295 1209 2.63807064 0.00879356879 4.09830508
294 1199 2.62355158 0.00874517192 4.07823129
294 1206 2.63077484 0.00876924946 4.10204082
294 1206 2.63105758 0.00877019193 4.10204082
294 1206 2.63097654 0.00876992181 4.10204082
294 1206 2.63074074 0.00876913581 4.10204082
294 1206 2.63070941 0.00876903135 4.10204082
294 1206 2.63080969 0.00876936565 4.10204082
294 1206 2.63090595 0.00876968651 4.10204082
294 1206 2.63069107 0.00876897022 4.10204082
294 1206 2.63096819 0.00876989395 4.10204082
293 1196 2.61640003 0.00872133342 4.08191126
293 1196 2.61637595 0.00872125316 4.08191126
293 1196 2.61666076 0.00872220253 4.08191126
293 1200 2.62054614 0.00873515378 4.09556314
293 1200 2.62060567 0.00873535223 4.09556314
293 1200 2.62051437 0.0087350479 4.09556314
293 1200 2.62065346 0.00873551153 4.09556314
293 1200 2.62056024 0.00873520081 4.09556314
293 1200 2.6204676 0.008734892 4.09556314
293 1200 2.62043325 0.00873477749 4.09556314
292 1189 2.61082163 0.00870273877 4.07191781
292 1189 2.61089982 0.00870299941 4.07191781
292 1189 2.61065286 0.00870217621 4.07191781
292 1189 2.61076433 0.00870254778 4.07191781
292 1189 2.61091196 0.00870303987 4.07191781
292 1189 2.61070032 0.00870233441 4.07191781
292 1189 2.61075776 0.00870252588 4.07191781
292 1189 2.61080855 0.00870269516 4.07191781
292 1189 2.61065628 0.00870218761 4.07191781
292 1189 2.61079997 0.00870266657 4.07191781
291 1180 2.59179093 0.00863930309 4.05498282
291 1182 2.59780061 0.00865933536 4.06185567
291 1182 2.59758647 0.00865862158 4.06185567
291 1177 2.59825212 0.00866084039 4.04467354
291 1177 2.59843262 0.00866144208 4.04467354
291 1177 2.59822888 0.00866076294 4.04467354
291 1177 2.59811275 0.00866037582 4.04467354
291 1177 2.598351 0.00866116999 4.04467354
291 1177 2.59827094 0.00866090314 4.04467354
291 1177 2.59827567 0.00866091889 4.04467354
290 1170 2.58559445 0.00861864816 4.03448276
290 1170 2.58567012 0.00861890039 4.03448276
290 1170 2.58566753 0.00861889178 4.03448276
290 1170 2.5855076 0.00861835867 4.03448276
290 1170 2.58552795 0.00861842651 4.03448276
290 1170 2.58547142 0.00861823806 4.03448276
290 1170 2.5852773 0.00861759101 4.03448276
290 1170 2.58549248 0.00861830827 4.03448276
290 1170 2.58555136 0.00861850452 4.03448276
290 1170 2.58550867 0.00861836223 4.03448276
289 1161 2.57189738 0.00857299125 4.01730104
289 1155 2.57281402 0.00857604675 3.99653979
289 1155 2.5727468 0.00857582267 3.99653979
289 1163 2.57174127 0.00857247091 4.02422145
289 1163 2.5722604 0.00857420132 4.02422145
289 1163 2.57221373 0.00857404578 4.02422145
289 1163 2.57213758 0.00857379193 4.02422145
289 1163 2.57240337 0.00857467789 4.02422145
289 1163 2.57228268 0.00857427561 4.02422145
289 1163 2.57225053 0.00857416843 4.02422145
288 1155 2.56025943 0.00853419809 4.01041667
288 1147 2.56032332 0.00853441105 3.98263889
288 1147 2.56058408 0.00853528028 3.98263889
288 1147 2.56044067 0.00853480224 3.98263889
288 1148 2.55963773 0.00853212576 3.98611111
288 1148 2.55930003 0.0085310001 3.98611111
288 1148 2.55976899 0.00853256332 3.98611111
288 1148 2.55990619 0.00853302063 3.98611111
288 1148 2.5596981 0.00853232698 3.98611111
288 1148 2.5597804 0.00853260132 3.98611111
287 1135 2.53626667 0.00845422223 3.95470383
287 1136 2.53657554 0.00845525181 3.95818815
287 1139 2.5468914 0.00848963801 3.96864111
287 1139 2.54689763 0.00848965878 3.96864111
287 1139 2.54703799 0.00849012663 3.96864111
287 1139 2.5468775 0.00848959167 3.96864111
287 1139 2.54707642 0.00849025472 3.96864111
287 1139 2.54707988 0.00849026626 3.96864111
287 1147 2.54542729 0.00848475762 3.99651568
287 1147 2.54536108 0.00848453694 3.99651568
286 1134 2.5313954 0.00843798466 3.96503497
286 1134 2.53198593 0.00843995311 3.96503497
286 1132 2.53513014 0.00845043381 3.95804196
286 1133 2.53380298 0.00844600993 3.96153846
286 1133 2.53368402 0.00844561341 3.96153846
286 1133 2.5336397 0.00844546568 3.96153846
286 1133 2.53352295 0.00844507651 3.96153846
286 1133 2.53354903 0.00844516343 3.96153846
286 1133 2.53333971 0.00844446569 3.96153846
286 1133 2.53326661 0.00844422202 3.96153846
285 1120 2.52142639 0.00840475465 3.92982456
285 1120 2.52161069 0.00840536896 3.92982456
285 1120 2.52094735 0.00840315785 3.92982456
285 1124 2.52359438 0.00841198127 3.94385965
285 1124 2.52333229 0.00841110765 3.94385965
285 1118 2.52252254 0.00840840848 3.92280702
285 1118 2.5225173 0.00840839101 3.92280702
285 1118 2.52270186 0.00840900619 3.92280702
285 1118 2.52248927 0.00840829755 3.92280702
285 1118 2.52262699 0.00840875665 3.92280702
284 1109 2.50147614 0.0083382538 3.90492958
284 1109 2.50156422 0.0083385474 3.90492958
284 1108 2.4994302 0.00833143399 3.90140845
284 1112 2.51159334 0.0083719778 3.91549296
284 1112 2.51151203 0.00837170677 3.91549296
284 1112 2.51164202 0.00837214006 3.91549296
284 1112 2.51101057 0.00837003523 3.91549296
284 1112 2.51130913 0.00837103042 3.91549296
284 1112 2.51153442 0.00837178141 3.91549296
284 1112 2.51121208 0.00837070694 3.91549296
283 1103 2.49107564 0.00830358547 3.8975265
283 1108 2.49915722 0.00833052406 3.91519435
283 1108 2.49899598 0.0083299866 3.91519435
283 1108 2.49880623 0.00832935411 3.91519435
283 1108 2.49893381 0.00832977938 3.91519435
283 1108 2.49924264 0.00833080881 3.91519435
283 1108 2.49859004 0.00832863347 3.91519435
283 1108 2.49900834 0.00833002779 3.91519435
283 1108 2.49911003 0.00833036676 3.91519435
283 1108 2.49898134 0.00832993779 3.91519435
282 1095 2.47924198 0.00826413992 3.88297872
282 1095 2.47943256 0.0082647752 3.88297872
282 1096 2.4851893 0.00828396433 3.88652482
282 1096 2.48578845 0.00828596149 3.88652482
282 1096 2.48568065 0.00828560217 3.88652482
282 1096 2.485635 0.00828545 3.88652482
282 1096 2.48530384 0.00828434613 3.88652482
282 1096 2.48568903 0.0082856301 3.88652482
282 1096 2.48541783 0.00828472611 3.88652482
282 1096 2.48561321 0.00828537737 3.88652482
281 1091 2.46708328 0.00822361092 3.88256228
281 1091 2.46692542 0.00822308475 3.88256228
281 1091 2.46719675 0.00822398918 3.88256228
281 1091 2.46688641 0.00822295469 3.88256228
281 1091 2.46701668 0.00822338892 3.88256228
281 1091 2.46694835 0.00822316117 3.88256228
281 1091 2.46711442 0.00822371473 3.88256228
281 1091 2.46697141 0.00822323804 3.88256228
281 1091 2.46727855 0.00822426182 3.88256228
281 1091 2.46708471 0.00822361571 3.88256228
280 1087 2.44547017 0.00815156724 3.88214286
280 1079 2.44872656 0.00816242187 3.85357143
280 1079 2.44882235 0.00816274115 3.85357143
280 1079 2.44902397 0.00816341322 3.85357143
280 1079 2.44885508 0.00816285027 3.85357143
280 1079 2.44896526 0.00816321753 3.85357143
280 1079 2.44881925 0.00816273085 3.85357143
280 1075 2.45308552 0.00817695172 3.83928571
280 1075 2.4531448 0.00817714933 3.83928571
280 1080 2.45424703 0.00818082342 3.85714286
279 1070 2.4359959 0.00811998634 3.83512545
279 1072 2.43472838 0.00811576127 3.84229391
279 1072 2.43517028 0.00811723427 3.84229391
279 1072 2.43502214 0.00811674045 3.84229391
279 1072 2.43496086 0.0081165362 3.84229391
279 1070 2.43236008 0.00810786694 3.83512545
279 1070 2.43231224 0.00810770746 3.83512545
279 1072 2.43492936 0.00811643121 3.84229391
279 1072 2.43477907 0.00811593022 3.84229391
279 1072 2.43502276 0.00811674254 3.84229391
278 1067 2.41534773 0.00805115911 3.8381295
278 1063 2.41986243 0.00806620809 3.82374101
278 1060 2.42606373 0.00808687909 3.81294964
278 1060 2.42610205 0.00808700685 3.81294964
278 1060 2.42613625 0.00808712085 3.81294964
278 1060 2.42617727 0.00808725755 3.81294964
278 1060 2.42614696 0.00808715653 3.81294964
278 1060 2.42613862 0.00808712874 3.81294964
278 1060 2.42603221 0.00808677402 3.81294964
278 1060 2.42636288 0.00808787627 3.81294964
277 1055 2.40929264 0.00803097547 3.80866426
277 1055 2.40916121 0.00803053736 3.80866426
277 1055 2.40871289 0.00802904295 3.80866426
277 1055 2.40941901 0.00803139671 3.80866426
277 1055 2.40957297 0.00803190991 3.80866426
277 1055 2.40923268 0.0080307756 3.80866426
277 1055 2.40908616 0.0080302872 3.80866426
277 1055 2.40910063 0.00803033542 3.80866426
277 1055 2.40906003 0.0080302001 3.80866426
277 1055 2.40902574 0.00803008579 3.80866426
276 1048 2.38875608 0.00796252025 3.79710145
276 1048 2.38863947 0.00796213157 3.79710145
276 1051 2.38967582 0.00796558606 3.80797101
276 1049 2.38867041 0.00796223469 3.80072464
276 1045 2.39226941 0.00797423138 3.78623188
276 1045 2.39239205 0.00797464017 3.78623188
276 1045 2.39231603 0.00797438677 3.78623188
276 1045 2.39229678 0.0079743226 3.78623188
276 1045 2.39225023 0.00797416742 3.78623188
276 1045 2.39185594 0.00797285313 3.78623188
275 1038 2.36805772 0.00789352574 3.77454545
275 1036 2.37112219 0.00790374065 3.76727273
275 1038 2.37371199 0.00791237331 3.77454545
275 1038 2.37321965 0.00791073217 3.77454545
275 1038 2.37335645 0.00791118817 3.77454545
275 1035 2.37422694 0.00791408979 3.76363636
275 1035 2.37444736 0.00791482452 3.76363636
275 1035 2.37452169 0.0079150723 3.76363636
275 1035 2.37446394 0.00791487981 3.76363636
275 1035 2.37395377 0.00791317923 3.76363636
274 1028 2.35018873 0.00783396243 3.75182482
274 1028 2.35044608 0.00783482027 3.75182482
274 1027 2.35365765 0.00784552551 3.74817518
274 1026 2.35294057 0.00784313522 3.74452555
274 1026 2.35321808 0.00784406025 3.74452555
274 1026 2.35341876 0.00784472921 3.74452555
274 1026 2.35317517 0.00784391722 3.74452555
274 1029 2.35523566 0.00785078553 3.75547445
274 1030 2.36279193 0.0078759731 3.75912409
274 1030 2.36278383 0.00787594609 3.75912409
273 1021 2.34190813 0.00780636042 3.73992674
273 1021 2.341681 0.00780560332 3.73992674
273 1021 2.34204315 0.0078068105 3.73992674
273 1021 2.34180532 0.00780601772 3.73992674
273 1021 2.34202776 0.00780675918 3.73992674
273 1023 2.34622115 0.00782073717 3.74725275
273 1020 2.34778528 0.00782595093 3.73626374
273 1020 2.34784162 0.00782613872 3.73626374
273 1020 2.34771156 0.00782570519 3.73626374
273 1020 2.34756043 0.00782520144 3.73626374
272 1009 2.32214405 0.00774048016 3.70955882
272 1015 2.33300356 0.00777667853 3.73161765
272 1018 2.3329325 0.00777644168 3.74264706
272 1021 2.33352889 0.00777842963 3.75367647
272 1025 2.33117214 0.00777057379 3.76838235
272 1023 2.33792781 0.00779309269 3.76102941
272 1023 2.33784642 0.00779282141 3.76102941
272 1023 2.33751613 0.00779172044 3.76102941
272 1023 2.33783839 0.00779279462 3.76102941
272 1023 2.33785515 0.00779285051 3.76102941
271 1013 2.31893949 0.00772979831 3.73800738
271 1015 2.31758321 0.00772527738 3.74538745
271 1016 2.32219448 0.00774064825 3.74907749
271 1016 2.32193133 0.00773977112 3.74907749
271 1012 2.31571745 0.00771905818 3.73431734
271 1012 2.31609952 0.00772033172 3.73431734
271 1012 2.31596271 0.00771987571 3.73431734
271 1012 2.31556686 0.00771855619 3.73431734
271 1012 2.32463264 0.00774877546 3.73431734
271 1012 2.32484192 0.00774947308 3.73431734
270 1003 2.29935846 0.00766452819 3.71481481
270 1002 2.30491105 0.00768303682 3.71111111
270 1004 2.30469604 0.00768232013 3.71851852
270 1004 2.30446441 0.00768154804 3.71851852
270 1004 2.3043922 0.00768130734 3.71851852
270 1004 2.30432885 0.00768109616 3.71851852
270 1005 2.31205622 0.00770685407 3.72222222
270 1005 2.31158803 0.00770529344 3.72222222
270 1005 2.31200043 0.00770666811 3.72222222
270 1005 2.31168874 0.00770562915 3.72222222
269 995 2.29768926 0.00765896418 3.69888476
269 995 2.29781833 0.00765939442 3.69888476
269 995 2.29764314 0.00765881047 3.69888476
269 995 2.29761508 0.00765871694 3.69888476
269 995 2.29777208 0.00765924027 3.69888476
269 995 2.29790343 0.00765967811 3.69888476
269 995 2.29754906 0.00765849687 3.69888476
269 995 2.29789183 0.00765963942 3.69888476
269 995 2.29771799 0.00765905998 3.69888476
269 995 2.29755695 0.00765852316 3.69888476
268 987 2.27797869 0.00759326228 3.68283582
268 987 2.27810131 0.00759367104 3.68283582
268 987 2.27969268 0.00759897562 3.68283582
268 987 2.27954487 0.00759848291 3.68283582
268 987 2.27970449 0.00759901495 3.68283582
268 987 2.27959446 0.00759864819 3.68283582
268 985 2.2790727 0.007596909 3.67537313
268 985 2.27903104 0.00759677013 3.67537313
268 985 2.27893867 0.00759646223 3.67537313
268 981 2.27654623 0.00758848744 3.66044776
267 972 2.25853748 0.00752845828 3.64044944
267 972 2.25846801 0.00752822672 3.64044944
267 972 2.25845449 0.00752818164 3.64044944
267 972 2.25888563 0.00752961878 3.64044944
267 974 2.24978409 0.00749928031 3.64794007
267 980 2.25221308 0.00750737694 3.67041199
267 976 2.25055265 0.00750184216 3.65543071
267 976 2.25068249 0.00750227497 3.65543071
267 976 2.25047367 0.00750157889 3.65543071
267 984 2.26375838 0.00754586127 3.68539326
266 978 2.25052967 0.00750176557 3.67669173
266 978 2.25050168 0.00750167226 3.67669173
266 978 2.25055588 0.00750185294 3.67669173
266 978 2.25030745 0.00750102484 3.67669173
266 978 2.25048617 0.00750162058 3.67669173
266 978 2.25071278 0.00750237593 3.67669173
266 976 2.25033761 0.00750112537 3.66917293
266 976 2.2506717 0.00750223902 3.66917293
266 976 2.25075896 0.00750252987 3.66917293
266 976 2.25069514 0.00750231713 3.66917293
265 968 2.22276468 0.0074092156 3.65283019
265 968 2.23799331 0.00745997771 3.65283019
265 968 2.23771781 0.00745905937 3.65283019
265 968 2.23817797 0.00746059324 3.65283019
265 968 2.2383625 0.00746120833 3.65283019
265 968 2.23770233 0.00745900776 3.65283019
265 968 2.23805647 0.00746018823 3.65283019
265 968 2.237681 0.00745893668 3.65283019
265 968 2.23798642 0.00745995473 3.65283019
265 968 2.2375378 0.00745845933 3.65283019
264 963 2.21236117 0.00737453724 3.64772727
264 963 2.21224241 0.00737414137 3.64772727
264 960 2.21865287 0.00739550956 3.63636364
264 960 2.21862957 0.00739543191 3.63636364
264 960 2.21864489 0.00739548298 3.63636364
264 960 2.21912912 0.00739709708 3.63636364
264 960 2.21875023 0.0073958341 3.63636364
264 960 2.21924371 0.00739747902 3.63636364
264 960 2.2192091 0.00739736368 3.63636364
264 960 2.21914216 0.00739714055 3.63636364
263 956 2.19415997 0.00731386658 3.63498099
263 952 2.19714072 0.00732380241 3.61977186
263 952 2.19728422 0.00732428072 3.61977186
263 952 2.19702755 0.00732342517 3.61977186
263 953 2.19789616 0.00732632052 3.62357414
263 952 2.19988599 0.0073329533 3.61977186
263 952 2.19929285 0.00733097618 3.61977186
263 952 2.19958024 0.00733193414 3.61977186
263 952 2.1999376 0.00733312535 3.61977186
263 953 2.20691079 0.00735636929 3.62357414
262 944 2.19015253 0.00730050845 3.60305344
262 944 2.19038281 0.00730127604 3.60305344
262 944 2.1903419 0.00730113968 3.60305344
262 944 2.19028673 0.00730095576 3.60305344
262 944 2.190071 0.00730023667 3.60305344
262 944 2.19017879 0.00730059596 3.60305344
262 944 2.19009614 0.00730032048 3.60305344
262 944 2.19050958 0.00730169858 3.60305344
262 944 2.19072879 0.0073024293 3.60305344
262 944 2.1901337 0.00730044567 3.60305344
261 936 2.16493512 0.00721645041 3.5862069
261 936 2.16518076 0.00721726919 3.5862069
261 940 2.16958434 0.0072319478 3.60153257
261 940 2.16967786 0.00723225954 3.60153257
261 940 2.16963373 0.00723211244 3.60153257
261 940 2.16940343 0.00723134476 3.60153257
261 940 2.16991887 0.00723306291 3.60153257
261 940 2.16943915 0.00723146382 3.60153257
261 940 2.16937887 0.00723126289 3.60153257
261 940 2.16963685 0.00723212282 3.60153257
260 932 2.15130342 0.00717101139 3.58461538
260 932 2.15120202 0.00717067339 3.58461538
260 928 2.15288519 0.00717628396 3.56923077
260 928 2.15195803 0.00717319344 3.56923077
260 928 2.15222786 0.00717409287 3.56923077
260 928 2.152286 0.00717428667 3.56923077
260 928 2.15205696 0.0071735232 3.56923077
260 928 2.15219953 0.00717399845 3.56923077
260 928 2.15197459 0.00717324864 3.56923077
260 928 2.15199045 0.00717330151 3.56923077
259 922 2.12443489 0.00708144963 3.55984556
259 922 2.12429083 0.00708096942 3.55984556
259 922 2.12415706 0.00708052355 3.55984556
259 922 2.1242538 0.007080846 3.55984556
259 920 2.12515045 0.00708383482 3.55212355
258 908 2.11607811 0.0070535937 3.51937984
258 908 2.11588025 0.00705293416 3.51937984
258 908 2.11597955 0.00705326516 3.51937984
258 907 2.1167151 0.00705571699 3.51550388
258 907 2.11640404 0.00705468013 3.51550388
257 901 2.08983019 0.00696610063 3.50583658
257 902 2.09092346 0.00696974486 3.50972763
257 902 2.09062749 0.00696875831 3.50972763
257 902 2.09137536 0.0069712512 3.50972763
257 899 2.09581944 0.0069860648 3.49805447
257 899 2.0959277 0.00698642567 3.49805447
257 899 2.09579784 0.00698599279 3.49805447
257 899 2.09596173 0.00698653909 3.49805447
257 899 2.096224 0.00698741332 3.49805447
257 899 2.09574081 0.0069858027 3.49805447
256 895 2.0720053 0.00690668435 3.49609375
256 895 2.07222285 0.00690740949 3.49609375
256 895 2.07161041 0.00690536803 3.49609375
256 896 2.06826925 0.00689423085 3.5
256 896 2.06774566 0.00689248554 3.5
256 895 2.07478551 0.00691595171 3.49609375
256 895 2.07505297 0.00691684323 3.49609375
256 895 2.07465065 0.00691550217 3.49609375
256 895 2.07477935 0.00691593118 3.49609375
256 895 2.0748323 0.00691610765 3.49609375
255 888 2.05474008 0.00684913359 3.48235294
255 888 2.05454768 0.00684849225 3.48235294
255 888 2.05494121 0.00684980402 3.48235294
255 888 2.05468294 0.00684894315 3.48235294
255 888 2.05477696 0.00684925654 3.48235294
255 888 2.05442136 0.00684807121 3.48235294
255 888 2.05472987 0.00684909957 3.48235294
255 888 2.05439841 0.00684799469 3.48235294
255 888 2.0546817 0.00684893901 3.48235294
255 888 2.05478139 0.0068492713 3.48235294
254 882 2.03076115 0.00676920382 3.47244094
254 882 2.03066815 0.00676889383 3.47244094
254 882 2.03043993 0.00676813309 3.47244094
254 882 2.03047546 0.00676825152 3.47244094
254 882 2.0305093 0.00676836433 3.47244094
254 882 2.0312626 0.00677087533 3.47244094
254 882 2.03076656 0.00676922188 3.47244094
254 885 2.02844884 0.00676149615 3.48425197
254 885 2.02845444 0.00676151481 3.48425197
254 885 2.02796712 0.00675989041 3.48425197
253 877 1.99549471 0.00665164904 3.46640316
253 880 2.00128521 0.00667095072 3.47826087
253 881 2.00721018 0.0066907006 3.48221344
253 881 2.00751603 0.00669172009 3.48221344
253 878 2.01056557 0.00670188522 3.47035573
253 878 2.01072049 0.00670240164 3.47035573
253 877 2.00596486 0.00668654954 3.46640316
253 877 2.00605698 0.0066868566 3.46640316
253 881 2.00717441 0.00669058138 3.48221344
253 881 2.0066793 0.00668893101 3.48221344
252 876 1.98246318 0.0066082106 3.47619048
252 873 1.98620063 0.00662066876 3.46428571
252 878 1.997144 0.00665714668 3.48412698
252 878 1.99703699 0.00665678997 3.48412698
252 878 1.99720609 0.00665735365 3.48412698
252 878 1.99727981 0.00665759935 3.48412698
252 878 1.99700879 0.00665669598 3.48412698
252 878 1.99718614 0.00665728715 3.48412698
252 878 1.99745877 0.0066581959 3.48412698
252 878 1.99707934 0.00665693115 3.48412698
251 873 1.97066864 0.00656889546 3.47808765
251 875 1.97445359 0.00658151197 3.48605578
251 875 1.97441657 0.00658138858 3.48605578
251 875 1.97440048 0.00658133495 3.48605578
251 875 1.97411168 0.00658037225 3.48605578
251 875 1.97449595 0.00658165317 3.48605578
251 875 1.97442681 0.00658142269 3.48605578
251 875 1.97456248 0.00658187493 3.48605578
251 875 1.97415252 0.0065805084 3.48605578
251 875 1.97467771 0.00658225903 3.48605578
250 868 1.94158617 0.00647195391 3.472
250 867 1.94194031 0.00647313438 3.468
250 870 1.95032435 0.00650108117 3.48
250 870 1.95106165 0.00650353884 3.48
250 870 1.95081632 0.00650272106 3.48
250 870 1.95109802 0.00650366008 3.48
250 868 1.95614389 0.00652047964 3.472
250 868 1.95624511 0.00652081705 3.472
250 868 1.95590423 0.00651968076 3.472
250 868 1.95599775 0.00651999251 3.472
249 863 1.93254802 0.00644182674 3.46586345
249 863 1.93241083 0.00644136942 3.46586345
249 863 1.93253447 0.00644178156 3.46586345
249 867 1.93174966 0.00643916553 3.48192771
249 867 1.93173396 0.00643911322 3.48192771
249 867 1.93108486 0.00643694953 3.48192771
249 867 1.93172711 0.00643909037 3.48192771
249 867 1.93190558 0.00643968528 3.48192771
249 865 1.93290109 0.00644300362 3.47389558
249 865 1.93298842 0.00644329473 3.47389558
248 859 1.91113186 0.00637043954 3.46370968
248 859 1.91034567 0.00636781889 3.46370968
248 859 1.91033614 0.00636778714 3.46370968
248 859 1.91097333 0.0063699111 3.46370968
248 859 1.91096676 0.00636988919 3.46370968
248 859 1.91125745 0.00637085818 3.46370968
248 859 1.91032352 0.00636774506 3.46370968
248 859 1.91067175 0.00636890583 3.46370968
248 859 1.91097458 0.00636991526 3.46370968
248 859 1.91070776 0.00636902586 3.46370968
247 851 1.88911242 0.00629704142 3.44534413
247 851 1.88952703 0.00629842344 3.44534413
247 851 1.88929313 0.00629764377 3.44534413
247 851 1.88937551 0.00629791837 3.44534413
247 851 1.88911886 0.00629706286 3.44534413
247 851 1.88897145 0.0062965715 3.44534413
247 851 1.88925257 0.00629750856 3.44534413
247 851 1.88913581 0.00629711937 3.44534413
247 851 1.88851247 0.00629504157 3.44534413
247 851 1.88970767 0.00629902555 3.44534413
246 846 1.86552419 0.00621841398 3.43902439
246 846 1.86587844 0.0062195948 3.43902439
246 846 1.86487895 0.00621626316 3.43902439
246 846 1.86459256 0.00621530853 3.43902439
246 850 1.86590787 0.0062196929 3.45528455
246 846 1.86502458 0.00621674861 3.43902439
246 846 1.86487077 0.00621623591 3.43902439
246 846 1.86409339 0.00621364464 3.43902439
246 846 1.8654445 0.00621814833 3.43902439
246 846 1.86439599 0.00621465331 3.43902439
245 841 1.84358411 0.00614528035 3.43265306
245 848 1.8452606 0.00615086867 3.46122449
245 848 1.84549756 0.00615165852 3.46122449
245 848 1.84529975 0.00615099915 3.46122449
245 848 1.84535618 0.00615118728 3.46122449
245 845 1.84367278 0.00614557594 3.44897959
245 845 1.84367703 0.00614559011 3.44897959
245 845 1.84371562 0.00614571874 3.44897959
245 845 1.84378809 0.0061459603 3.44897959
245 845 1.84358141 0.00614527135 3.44897959
244 841 1.81170335 0.00603901118 3.44672131
244 841 1.81059844 0.00603532813 3.44672131
244 840 1.8232624 0.00607754133 3.44262295
244 840 1.82360554 0.00607868514 3.44262295
244 840 1.82354334 0.00607847781 3.44262295
244 838 1.79583109 0.00598610363 3.43442623
244 843 1.80915224 0.00603050747 3.45491803
244 841 1.80855586 0.00602851952 3.44672131
244 841 1.80824992 0.00602749974 3.44672131
244 841 1.80832708 0.00602775692 3.44672131
243 834 1.80238225 0.00600794082 3.43209877
243 834 1.80245214 0.0060081738 3.43209877
243 834 1.8026586 0.006008862 3.43209877
243 834 1.80285236 0.00600950786 3.43209877
243 834 1.80279979 0.00600933264 3.43209877
243 834 1.80283853 0.00600946178 3.43209877
243 834 1.8021867 0.00600728898 3.43209877
243 834 1.80231549 0.00600771829 3.43209877
243 834 1.80239205 0.0060079735 3.43209877
243 834 1.80198328 0.00600661092 3.43209877
242 830 1.77378247 0.00591260823 3.42975207
242 827 1.77338324 0.00591127748 3.41735537
242 829 1.77779333 0.00592597776 3.42561983
242 829 1.77858468 0.00592861559 3.42561983
242 829 1.77842896 0.00592809655 3.42561983
242 829 1.77865604 0.00592885347 3.42561983
242 829 1.77885903 0.00592953009 3.42561983
242 829 1.77864253 0.00592880843 3.42561983
242 829 1.77874716 0.00592915719 3.42561983
242 828 1.7842087 0.00594736232 3.4214876
241 821 1.74840975 0.00582803252 3.406639
241 817 1.75052486 0.00583508286 3.39004149
241 821 1.75464848 0.00584882826 3.406639
241 821 1.75449348 0.00584831159 3.406639
241 821 1.75500194 0.00585000646 3.406639
241 823 1.75376358 0.00584587858 3.41493776
241 823 1.75425697 0.00584752323 3.41493776
241 823 1.75388425 0.00584628083 3.41493776
241 823 1.75347316 0.00584491054 3.41493776
241 823 1.75380737 0.00584602455 3.41493776
240 817 1.71807194 0.00572690646 3.40416667
240 817 1.71746353 0.00572487843 3.40416667
240 818 1.73718544 0.00579061812 3.40833333
240 818 1.73069201 0.00576897337 3.40833333
240 816 1.74233715 0.00580779049 3.4
240 816 1.74217868 0.00580726228 3.4
240 816 1.74007232 0.00580024108 3.4
240 816 1.74060186 0.00580200621 3.4
240 814 1.7442615 0.00581420502 3.39166667
240 814 1.74389171 0.00581297237 3.39166667
239 803 1.708737 0.00569579001 3.35983264
239 810 1.7137263 0.00571242101 3.38912134
239 810 1.71416082 0.00571386941 3.38912134
239 811 1.72665192 0.00575550641 3.39330544
239 814 1.72503732 0.0057501244 3.40585774
239 814 1.72463383 0.00574877942 3.40585774
239 814 1.72486539 0.00574955129 3.40585774
239 814 1.72513383 0.00575044611 3.40585774
239 814 1.72500662 0.00575002206 3.40585774
239 814 1.72535888 0.00575119627 3.40585774
238 802 1.69122259 0.00563740862 3.3697479
238 809 1.69265639 0.00564218796 3.39915966
238 807 1.69658888 0.00565529626 3.3907563
238 808 1.70252316 0.00567507721 3.39495798
238 808 1.7026265 0.00567542166 3.39495798
238 806 1.70706998 0.00569023326 3.38655462
238 806 1.70727583 0.00569091942 3.38655462
238 806 1.70778963 0.00569263211 3.38655462
238 809 1.71280504 0.00570935015 3.39915966
238 809 1.71238083 0.0057079361 3.39915966
237 801 1.69178432 0.00563928106 3.37974684
237 801 1.69158618 0.00563862059 3.37974684
237 801 1.69201028 0.00564003427 3.37974684
237 801 1.69159062 0.00563863539 3.37974684
237 801 1.69105405 0.00563684684 3.37974684
237 801 1.69185815 0.00563952717 3.37974684
237 801 1.69183105 0.00563943683 3.37974684
237 804 1.69093713 0.00563645711 3.39240506
237 804 1.69157538 0.00563858461 3.39240506
237 804 1.69089996 0.00563633321 3.39240506
236 799 1.65769722 0.00552565741 3.38559322
236 799 1.65760335 0.00552534449 3.38559322
236 799 1.65701331 0.00552337771 3.38559322
236 793 1.65788386 0.00552627954 3.36016949
236 793 1.65745428 0.0055248476 3.36016949
236 793 1.65721352 0.00552404507 3.36016949
236 793 1.65770364 0.00552567878 3.36016949
236 800 1.66885942 0.00556286474 3.38983051
236 800 1.66857144 0.00556190481 3.38983051
236 800 1.66871856 0.00556239522 3.38983051
235 794 1.62744658 0.00542482194 3.3787234
235 793 1.6388639 0.00546287965 3.37446809
235 796 1.64134157 0.00547113857 3.38723404
235 796 1.64126565 0.00547088551 3.38723404
235 796 1.64122152 0.0054707384 3.38723404
235 796 1.64077465 0.00546924884 3.38723404
235 796 1.64172143 0.00547240478 3.38723404
235 796 1.64169453 0.00547231509 3.38723404
235 792 1.64850237 0.00549500789 3.37021277
235 792 1.64810562 0.00549368541 3.37021277
234 782 1.60809347 0.00536031158 3.34188034
234 786 1.62434447 0.00541448157 3.35897436
234 786 1.62470611 0.00541568704 3.35897436
234 786 1.6245604 0.00541520133 3.35897436
234 786 1.62475967 0.00541586556 3.35897436
234 786 1.62477451 0.00541591503 3.35897436
234 786 1.62483157 0.00541610525 3.35897436
234 786 1.62461865 0.00541539549 3.35897436
234 786 1.62426163 0.00541420543 3.35897436
234 786 1.62429954 0.00541433181 3.35897436
233 781 1.59719355 0.00532397851 3.35193133
233 779 1.62009608 0.00540032028 3.34334764
233 779 1.61999647 0.00539998823 3.34334764
233 779 1.61937162 0.00539790541 3.34334764
232 774 1.59232138 0.00530773792 3.3362069
232 774 1.59213711 0.0053071237 3.3362069
232 774 1.59216479 0.00530721597 3.3362069
232 774 1.59228064 0.00530760212 3.3362069
231 770 1.58848483 0.00529494943 3.33333333
231 770 1.58842806 0.0052947602 3.33333333
230 760 1.54845682 0.00516152274 3.30434783
230 768 1.54568258 0.00515227526 3.33913043
230 768 1.54557988 0.00515193293 3.33913043
230 768 1.54573108 0.00515243693 3.33913043
230 768 1.54570335 0.00515234451 3.33913043
230 768 1.54546948 0.00515156493 3.33913043
230 766 1.53729268 0.00512430895 3.33043478
230 766 1.53751289 0.00512504296 3.33043478
230 766 1.53724932 0.00512416438 3.33043478
230 767 1.53045143 0.00510150477 3.33478261
229 757 1.50001582 0.00500005275 3.30567686
229 761 1.50733553 0.00502445178 3.3231441
229 761 1.50741258 0.00502470861 3.3231441
229 759 1.53011655 0.00510038851 3.31441048
229 759 1.53041916 0.00510139719 3.31441048
229 759 1.53034014 0.00510113379 3.31441048
229 759 1.53029563 0.00510098543 3.31441048
229 759 1.53025007 0.00510083358 3.31441048
229 751 1.53311383 0.00511037944 3.27947598
229 751 1.5330633 0.005110211 3.27947598
228 747 1.49666417 0.00498888056 3.27631579
228 745 1.50459217 0.00501530724 3.26754386
228 745 1.50434566 0.00501448554 3.26754386
228 745 1.51029945 0.00503433151 3.26754386
228 745 1.51076703 0.00503589009 3.26754386
228 745 1.51000088 0.00503333628 3.26754386
228 745 1.51047586 0.00503491952 3.26754386
228 745 1.50971492 0.00503238308 3.26754386
228 745 1.50986272 0.00503287574 3.26754386
228 745 1.51064146 0.00503547152 3.26754386
227 740 1.47649194 0.00492163979 3.25991189
227 738 1.48404456 0.0049468152 3.25110132
227 736 1.48141285 0.00493804282 3.24229075
227 736 1.48109145 0.00493697149 3.24229075
227 736 1.48107712 0.00493692372 3.24229075
227 736 1.48118274 0.0049372758 3.24229075
227 736 1.48180476 0.00493934919 3.24229075
227 736 1.48158278 0.00493860926 3.24229075
227 736 1.48151012 0.00493836708 3.24229075
227 744 1.49431071 0.0049810357 3.27753304
226 738 1.45192727 0.00483975756 3.26548673
226 735 1.46609667 0.00488698889 3.25221239
226 735 1.46621415 0.00488738051 3.25221239
226 737 1.46829917 0.00489433055 3.26106195
226 737 1.46780714 0.00489269048 3.26106195
226 737 1.46874032 0.00489580107 3.26106195
226 737 1.46747522 0.00489158408 3.26106195
226 737 1.46832654 0.0048944218 3.26106195
226 737 1.46771019 0.0048923673 3.26106195
226 737 1.46818185 0.0048939395 3.26106195
225 731 1.44186029 0.00480620096 3.24888889
225 728 1.4403696 0.00480123198 3.23555556
225 728 1.44075253 0.00480250844 3.23555556
225 728 1.4404223 0.00480140767 3.23555556
225 728 1.44045482 0.00480151607 3.23555556
225 728 1.44053541 0.0048017847 3.23555556
225 728 1.44030734 0.00480102446 3.23555556
225 728 1.4404377 0.00480145899 3.23555556
225 728 1.44051036 0.00480170121 3.23555556
225 728 1.44098005 0.00480326684 3.23555556
224 724 1.404854 0.00468284667 3.23214286
224 722 1.41370739 0.00471235797 3.22321429
224 722 1.41424072 0.00471413574 3.22321429
224 724 1.41747649 0.00472492165 3.23214286
224 724 1.41656336 0.00472187787 3.23214286
224 724 1.41737294 0.00472457648 3.23214286
224 724 1.41737655 0.00472458849 3.23214286
224 724 1.41776644 0.00472588813 3.23214286
224 724 1.41734522 0.00472448405 3.23214286
224 724 1.41720406 0.00472401354 3.23214286
223 720 1.38854288 0.00462847628 3.22869955
223 720 1.38862295 0.00462874318 3.22869955
223 720 1.38868654 0.00462895513 3.22869955
223 720 1.3884216 0.00462807201 3.22869955
223 720 1.38895418 0.00462984726 3.22869955
223 720 1.38843994 0.00462813312 3.22869955
223 720 1.38838514 0.00462795046 3.22869955
223 720 1.38879031 0.00462930103 3.22869955
223 720 1.3890418 0.00463013933 3.22869955
223 720 1.38849028 0.00462830093 3.22869955
222 715 1.34928358 0.00449761194 3.22072072
222 710 1.36040834 0.00453469446 3.1981982
222 710 1.36003881 0.00453346271 3.1981982
222 713 1.33495833 0.00444986109 3.21171171
222 713 1.3345791 0.00444859701 3.21171171
222 709 1.36498211 0.00454994037 3.19369369
222 709 1.36477609 0.00454925365 3.19369369
222 709 1.36495467 0.00454984889 3.19369369
222 709 1.36516092 0.0045505364 3.19369369
222 709 1.36512186 0.00455040619 3.19369369
221 705 1.33416318 0.0044472106 3.19004525
221 705 1.3372957 0.00445765234 3.19004525
221 705 1.33718614 0.00445728714 3.19004525
221 705 1.33706791 0.00445689303 3.19004525
221 705 1.33670719 0.00445569064 3.19004525
221 705 1.33728946 0.00445763152 3.19004525
221 705 1.33700888 0.00445669628 3.19004525
221 700 1.36074852 0.00453582841 3.16742081
221 700 1.36045061 0.00453483536 3.16742081
221 700 1.36057422 0.00453524739 3.16742081
220 696 1.33032636 0.0044344212 3.16363636
220 696 1.33018879 0.00443396264 3.16363636
220 696 1.33328969 0.00444429897 3.16363636
220 696 1.33301974 0.00444339914 3.16363636
220 696 1.33351935 0.00444506449 3.16363636
220 696 1.33381558 0.00444605195 3.16363636
220 696 1.33296007 0.00444320024 3.16363636
220 696 1.33324389 0.00444414628 3.16363636
220 696 1.33323222 0.00444410739 3.16363636
220 696 1.33333519 0.00444445062 3.16363636
219 687 1.29615876 0.00432052919 3.1369863
219 691 1.30096816 0.00433656054 3.15525114
219 691 1.3013755 0.00433791833 3.15525114
219 686 1.30264682 0.00434215608 3.13242009
219 686 1.30250156 0.00434167188 3.13242009
219 686 1.30282621 0.00434275403 3.13242009
219 686 1.30264279 0.00434214264 3.13242009
219 692 1.30320877 0.00434402922 3.15981735
219 690 1.31497975 0.00438326584 3.15068493
219 690 1.31534802 0.00438449339 3.15068493
218 686 1.28483484 0.00428278281 3.14678899
218 686 1.28493266 0.00428310887 3.14678899
218 686 1.28438143 0.00428127145 3.14678899
218 686 1.28494166 0.00428313887 3.14678899
218 686 1.28474266 0.00428247555 3.14678899
218 686 1.28488378 0.00428294593 3.14678899
218 686 1.28472645 0.00428242151 3.14678899
218 686 1.28497882 0.00428326273 3.14678899
218 686 1.28463776 0.00428212587 3.14678899
218 686 1.28500495 0.00428334983 3.14678899
217 681 1.25180959 0.00417269864 3.13824885
217 681 1.25178211 0.00417260704 3.13824885
217 681 1.25239854 0.00417466181 3.13824885
217 681 1.25188256 0.00417294186 3.13824885
217 681 1.25443318 0.00418144394 3.13824885
217 681 1.25441651 0.00418138835 3.13824885
217 679 1.26156027 0.0042052009 3.12903226
217 678 1.25911284 0.0041970428 3.12442396
217 678 1.25943508 0.00419811692 3.12442396
217 678 1.25836186 0.00419453954 3.12442396
216 675 1.22347158 0.00407823861 3.125
216 671 1.22577082 0.00408590272 3.10648148
216 674 1.23436162 0.00411453873 3.12037037
216 674 1.23346521 0.0041115507 3.12037037
216 674 1.23248613 0.00410828711 3.12037037
216 673 1.24765685 0.00415885616 3.11574074
215 666 1.227117 0.00409038998 3.09767442
215 666 1.22740719 0.00409135731 3.09767442
215 666 1.2273973 0.00409132432 3.09767442
214 662 1.20239203 0.00400797342 3.09345794
213 655 1.17586583 0.00391955277 3.07511737
213 655 1.1764187 0.00392139568 3.07511737
213 655 1.17660963 0.00392203211 3.07511737
213 655 1.17657391 0.00392191302 3.07511737
213 652 1.17575291 0.00391917637 3.06103286
213 652 1.17569909 0.00391899698 3.06103286
213 653 1.19712474 0.0039904158 3.0657277
213 653 1.19668767 0.00398895891 3.0657277
213 653 1.19673075 0.00398910249 3.0657277
213 653 1.19692213 0.00398974045 3.0657277
212 646 1.16488347 0.00388294489 3.04716981
212 646 1.16479429 0.00388264762 3.04716981
212 646 1.16426413 0.00388088044 3.04716981
212 647 1.1707252 0.00390241735 3.05188679
212 647 1.17058319 0.00390194397 3.05188679
212 647 1.17073196 0.00390243988 3.05188679
212 646 1.17492886 0.00391642954 3.04716981
212 645 1.17058974 0.0039019658 3.04245283
212 645 1.17043789 0.00390145963 3.04245283
212 645 1.17052133 0.00390173775 3.04245283
211 644 1.13187621 0.00377292069 3.0521327
211 638 1.13725811 0.00379086038 3.02369668
211 642 1.13667291 0.00378890969 3.04265403
211 639 1.14524627 0.00381748757 3.02843602
211 641 1.15216996 0.00384056653 3.03791469
211 641 1.15216554 0.00384055179 3.03791469
211 641 1.15224769 0.00384082563 3.03791469
211 641 1.15251396 0.00384171321 3.03791469
211 641 1.15267989 0.0038422663 3.03791469
211 641 1.15232661 0.0038410887 3.03791469
210 634 1.12436155 0.00374787183 3.01904762
210 637 1.12876918 0.00376256392 3.03333333
210 637 1.12929058 0.00376430195 3.03333333
210 637 1.12855356 0.00376184519 3.03333333
210 637 1.12888823 0.00376296078 3.03333333
210 637 1.12879552 0.00376265174 3.03333333
210 637 1.12864133 0.00376213777 3.03333333
210 637 1.12923599 0.00376411998 3.03333333
210 637 1.12903795 0.00376345985 3.03333333
210 635 1.12778996 0.00375929987 3.02380952
209 628 1.09744893 0.0036581631 3.00478469
209 628 1.09694974 0.00365649912 3.00478469
209 628 1.09662712 0.00365542372 3.00478469
209 628 1.09710565 0.00365701884 3.00478469
209 628 1.09709713 0.00365699042 3.00478469
209 628 1.09673233 0.00365577444 3.00478469
209 628 1.09742126 0.00365807087 3.00478469
209 628 1.09632244 0.00365440813 3.00478469
209 628 1.09755635 0.00365852117 3.00478469
209 628 1.09711831 0.00365706104 3.00478469
208 623 1.05361902 0.00351206342 2.99519231
208 624 1.0584958 0.00352831934 3
208 624 1.0596151 0.00353205034 3
208 621 1.06268226 0.00354227419 2.98557692
208 621 1.06258429 0.00354194763 2.98557692
208 627 1.07006053 0.00356686843 3.01442308
208 627 1.06983924 0.00356613079 3.01442308
208 627 1.07052519 0.00356841729 3.01442308
208 627 1.07037441 0.0035679147 3.01442308
208 627 1.07055417 0.0035685139 3.01442308
207 618 1.02840714 0.00342802378 2.98550725
207 617 1.04320869 0.0034773623 2.98067633
207 617 1.0427306 0.00347576866 2.98067633
207 617 1.04410667 0.00348035557 2.98067633
207 617 1.04410251 0.0034803417 2.98067633
207 617 1.04304288 0.0034768096 2.98067633
207 623 1.04786033 0.00349286775 3.00966184
207 623 1.04865292 0.00349550972 3.00966184
207 623 1.04764807 0.00349216025 3.00966184
207 623 1.0477316 0.00349243868 3.00966184
206 619 1.00387429 0.00334624763 3.00485437
206 619 1.00326572 0.00334421908 3.00485437
206 613 1.02250728 0.00340835762 2.97572816
206 613 1.02225636 0.00340752119 2.97572816
206 613 1.02185253 0.00340617511 2.97572816
206 613 1.02219002 0.00340730005 2.97572816
206 613 1.02228988 0.00340763294 2.97572816
206 613 1.02191797 0.00340639323 2.97572816
206 613 1.02233955 0.00340779848 2.97572816
206 613 1.02238328 0.00340794428 2.97572816
205 609 0.98408653 0.00328028843 2.97073171
205 608 0.980440962 0.00326813654 2.96585366
205 610 0.988457348 0.00329485783 2.97560976
205 610 0.988854291 0.00329618097 2.97560976
205 606 0.992923464 0.00330974488 2.95609756
205 606 0.995308679 0.0033176956 2.95609756
205 606 0.995889649 0.00331963216 2.95609756
205 606 0.994501916 0.00331500639 2.95609756
205 606 0.995113371 0.00331704457 2.95609756
205 606 0.99449864 0.00331499547 2.95609756
204 601 0.954012636 0.00318004212 2.94607843
204 601 0.952999626 0.00317666542 2.94607843
204 603 0.963192591 0.00321064197 2.95588235
204 603 0.963014093 0.00321004698 2.95588235
204 603 0.962260688 0.00320753563 2.95588235
204 603 0.96285862 0.00320952873 2.95588235
204 603 0.962592695 0.00320864232 2.95588235
204 603 0.962978795 0.00320992932 2.95588235
204 603 0.962932815 0.00320977605 2.95588235
204 603 0.963353968 0.00321117989 2.95588235
203 600 0.922159527 0.00307386509 2.95566502
203 599 0.920855244 0.00306951748 2.95073892
203 599 0.921124363 0.00307041454 2.95073892
203 600 0.920881694 0.00306960565 2.95566502
203 601 0.932268506 0.00310756169 2.96059113
203 601 0.932323509 0.00310774503 2.96059113
203 601 0.932925382 0.00310975127 2.96059113
203 601 0.932331591 0.00310777197 2.96059113
203 601 0.932815242 0.00310938414 2.96059113
203 601 0.932618132 0.00310872711 2.96059113
202 595 0.895472131 0.0029849071 2.94554455
202 594 0.905550562 0.00301850187 2.94059406
202 594 0.905749432 0.00301916477 2.94059406
202 594 0.905659697 0.00301886566 2.94059406
202 594 0.905725439 0.0030190848 2.94059406
202 594 0.90569728 0.00301899093 2.94059406
202 594 0.905818081 0.0030193936 2.94059406
202 594 0.90618219 0.0030206073 2.94059406
202 594 0.90497084 0.00301656947 2.94059406
202 594 0.905784689 0.0030192823 2.94059406
200 581 0.869049077 0.00289683026 2.905
200 587 0.833391909 0.00277797303 2.935
200 587 0.832663666 0.00277554555 2.935
200 587 0.833100651 0.00277700217 2.935
200 587 0.833004951 0.00277668317 2.935
200 583 0.82998352 0.00276661173 2.915
200 583 0.830921996 0.00276973999 2.915
200 583 0.830936051 0.00276978684 2.915
200 583 0.829942879 0.00276647626 2.915
200 583 0.830701643 0.00276900548 2.915
199 580 0.791394684 0.00263798228 2.91457286
199 576 0.830235242 0.00276745081 2.89447236
199 580 0.833596474 0.00277865491 2.91457286
199 580 0.833317548 0.00277772516 2.91457286
199 580 0.83354382 0.0027784794 2.91457286
199 580 0.833265933 0.00277755311 2.91457286
199 580 0.833129699 0.002777099 2.91457286
199 580 0.833148656 0.00277716219 2.91457286
199 580 0.833532912 0.00277844304 2.91457286
199 580 0.834363627 0.00278121209 2.91457286
198 577 0.794211407 0.00264737136 2.91414141
198 575 0.796863043 0.00265621014 2.9040404
198 575 0.796344595 0.00265448198 2.9040404
198 575 0.795774429 0.00265258143 2.9040404
198 575 0.796713622 0.00265571207 2.9040404
198 575 0.796793819 0.0026559794 2.9040404
198 575 0.796983212 0.00265661071 2.9040404
198 575 0.796236217 0.00265412072 2.9040404
198 575 0.796555992 0.00265518664 2.9040404
198 575 0.796725399 0.00265575133 2.9040404
197 571 0.755232671 0.00251744224 2.89847716
197 569 0.758504297 0.00252834766 2.88832487
197 569 0.758256511 0.0025275217 2.88832487
197 569 0.758782279 0.00252927426 2.88832487
197 569 0.758584015 0.00252861338 2.88832487
197 572 0.762880214 0.00254293405 2.9035533
197 572 0.762816567 0.00254272189 2.9035533
197 572 0.762594623 0.00254198208 2.9035533
197 572 0.763033276 0.00254344425 2.9035533
197 572 0.762494249 0.0025416475 2.9035533
196 569 0.725109692 0.00241703231 2.90306122
196 566 0.726465852 0.00242155284 2.8877551
196 566 0.726189125 0.00242063042 2.8877551
196 569 0.724618771 0.0024153959 2.90306122
196 568 0.72974162 0.00243247207 2.89795918
196 564 0.732349756 0.00244116585 2.87755102
196 564 0.731965617 0.00243988539 2.87755102
196 560 0.737115848 0.00245705283 2.85714286
196 558 0.736492394 0.00245497465 2.84693878
196 558 0.73636877 0.00245456257 2.84693878
195 555 0.701923049 0.0023397435 2.84615385
195 555 0.70216941 0.0023405647 2.84615385
195 555 0.702015213 0.00234005071 2.84615385
195 555 0.702017178 0.00234005726 2.84615385
195 555 0.701900291 0.00233966764 2.84615385
195 556 0.706878528 0.00235626176 2.85128205
195 556 0.706556667 0.00235518889 2.85128205
195 556 0.706528048 0.00235509349 2.85128205
195 556 0.707054832 0.00235684944 2.85128205
195 556 0.706546697 0.00235515566 2.85128205
194 553 0.672726778 0.00224242259 2.85051546
194 552 0.672263941 0.0022408798 2.84536082
194 545 0.670340805 0.00223446935 2.80927835
194 545 0.670343826 0.00223447942 2.80927835
194 545 0.669902759 0.0022330092 2.80927835
194 545 0.669961244 0.00223320415 2.80927835
194 547 0.67553308 0.00225177693 2.81958763
194 547 0.674386468 0.00224795489 2.81958763
194 547 0.675158483 0.00225052828 2.81958763
194 547 0.675516319 0.00225172106 2.81958763
193 544 0.635873273 0.00211957758 2.81865285
193 544 0.645763817 0.00215254606 2.81865285
193 544 0.645544536 0.00215181512 2.81865285
193 544 0.645908612 0.00215302871 2.81865285
193 544 0.646105192 0.00215368397 2.81865285
193 548 0.64933181 0.00216443937 2.83937824
193 548 0.650107282 0.00216702427 2.83937824
193 548 0.648584196 0.00216194732 2.83937824
193 548 0.648995254 0.00216331751 2.83937824
193 548 0.648932817 0.00216310939 2.83937824
192 545 0.60688271 0.00202294237 2.83854167
192 547 0.608923757 0.00202974586 2.84895833
192 542 0.615702776 0.00205234259 2.82291667
192 542 0.615507304 0.00205169101 2.82291667
192 544 0.605385559 0.00201795186 2.83333333
192 544 0.606196621 0.0020206554 2.83333333
192 544 0.605620163 0.00201873388 2.83333333
192 544 0.606008141 0.00202002714 2.83333333
192 544 0.606279501 0.00202093167 2.83333333
192 544 0.605594064 0.00201864688 2.83333333
191 539 0.578856676 0.00192952225 2.82198953
191 536 0.587909938 0.00195969979 2.80628272
191 536 0.587364498 0.00195788166 2.80628272
191 533 0.582722038 0.00194240679 2.79057592
191 532 0.57616575 0.0019205525 2.78534031
SP does not find any fixed points -> SP does not converge.
I am sorry I quit :(
