START ALGORITHM:
I am going to build an instance with N: 1000 variables and 4200 clauses with a clause density equal to 4.2
START DYNAMIC-I BSP WITH r=0.9:
Decimation scorer: cert
END UNIT PROPAGATION
1000 4200 4.42337131 0.00442337131 4.2
1000 4200 4.42435921 0.00442435921 4.2
1000 4200 4.42232361 0.00442232361 4.2
1000 4200 4.42319603 0.00442319603 4.2
1000 4200 4.42283886 0.00442283886 4.2
1000 4200 4.42377517 0.00442377517 4.2
1000 4200 4.42310684 0.00442310684 4.2
1000 4200 4.42297555 0.00442297555 4.2
1000 4200 4.42312201 0.00442312201 4.2
999 4198 4.42328227 0.00442328227 4.2022022
999 4198 4.4229063 0.0044229063 4.2022022
999 4196 4.42316246 0.00442316246 4.2002002
999 4196 4.42327599 0.00442327599 4.2002002
999 4196 4.42317956 0.00442317956 4.2002002
999 4196 4.42315012 0.00442315012 4.2002002
999 4196 4.42305765 0.00442305765 4.2002002
999 4196 4.42322787 0.00442322787 4.2002002
999 4196 4.42317426 0.00442317426 4.2002002
999 4196 4.42317819 0.00442317819 4.2002002
998 4194 4.4231662 0.0044231662 4.20240481
998 4194 4.42320746 0.00442320746 4.20240481
998 4194 4.42313319 0.00442313319 4.20240481
998 4194 4.42315294 0.00442315294 4.20240481
998 4194 4.42315717 0.00442315717 4.20240481
998 4194 4.42317905 0.00442317905 4.20240481
998 4194 4.4231656 0.0044231656 4.20240481
998 4194 4.42314888 0.00442314888 4.20240481
998 4194 4.42316058 0.00442316058 4.20240481
998 4194 4.42316322 0.00442316322 4.20240481
997 4187 4.42315461 0.00442315461 4.1995988
997 4187 4.42316744 0.00442316744 4.1995988
997 4187 4.4231611 0.0044231611 4.1995988
997 4187 4.42316377 0.00442316377 4.1995988
997 4187 4.42316164 0.00442316164 4.1995988
997 4187 4.42316114 0.00442316114 4.1995988
997 4187 4.42316176 0.00442316176 4.1995988
997 4187 4.42316095 0.00442316095 4.1995988
997 4187 4.42316179 0.00442316179 4.1995988
997 4187 4.42316111 0.00442316111 4.1995988
996 4179 4.42265746 0.00442265746 4.19578313
996 4179 4.42265787 0.00442265787 4.19578313
996 4179 4.422657 0.004422657 4.19578313
996 4179 4.42265716 0.00442265716 4.19578313
996 4179 4.4226574 0.0044226574 4.19578313
996 4179 4.42265764 0.00442265764 4.19578313
996 4179 4.42265753 0.00442265753 4.19578313
996 4179 4.42265755 0.00442265755 4.19578313
996 4179 4.42265754 0.00442265754 4.19578313
996 4179 4.42265765 0.00442265765 4.19578313
995 4169 4.42171872 0.00442171872 4.18994975
995 4169 4.42171972 0.00442171972 4.18994975
995 4169 4.42171908 0.00442171908 4.18994975
995 4169 4.42171915 0.00442171915 4.18994975
995 4169 4.42171921 0.00442171921 4.18994975
995 4169 4.42171909 0.00442171909 4.18994975
995 4169 4.42171889 0.00442171889 4.18994975
995 4169 4.4217188 0.0044217188 4.18994975
995 4169 4.42171876 0.00442171876 4.18994975
995 4169 4.42171863 0.00442171863 4.18994975
994 4163 4.42058505 0.00442058505 4.18812877
994 4163 4.4205877 0.0044205877 4.18812877
994 4163 4.42058684 0.00442058684 4.18812877
994 4163 4.42058678 0.00442058678 4.18812877
994 4163 4.42058592 0.00442058592 4.18812877
994 4163 4.42058639 0.00442058639 4.18812877
994 4163 4.42058703 0.00442058703 4.18812877
994 4163 4.42058734 0.00442058734 4.18812877
994 4163 4.42058781 0.00442058781 4.18812877
994 4163 4.42058791 0.00442058791 4.18812877
993 4154 4.41859383 0.00441859383 4.18328298
993 4154 4.41858824 0.00441858824 4.18328298
993 4154 4.41859154 0.00441859154 4.18328298
993 4154 4.41859862 0.00441859862 4.18328298
993 4154 4.41861223 0.00441861223 4.18328298
993 4154 4.41862013 0.00441862013 4.18328298
993 4154 4.41862327 0.00441862327 4.18328298
993 4154 4.41862418 0.00441862418 4.18328298
993 4154 4.41862 0.00441862 4.18328298
993 4154 4.4186133 0.0044186133 4.18328298
992 4138 4.41566298 0.00441566298 4.17137097
992 4138 4.4156514 0.0044156514 4.17137097
992 4138 4.41564938 0.00441564938 4.17137097
992 4138 4.41566569 0.00441566569 4.17137097
992 4138 4.41566463 0.00441566463 4.17137097
992 4138 4.41566063 0.00441566063 4.17137097
992 4138 4.4156595 0.0044156595 4.17137097
992 4138 4.41565685 0.00441565685 4.17137097
992 4138 4.41565703 0.00441565703 4.17137097
992 4138 4.4156566 0.0044156566 4.17137097
991 4131 4.41230327 0.00441230327 4.16851665
991 4131 4.41229187 0.00441229187 4.16851665
991 4131 4.41230513 0.00441230513 4.16851665
991 4131 4.41231337 0.00441231337 4.16851665
991 4131 4.41230796 0.00441230796 4.16851665
991 4131 4.41230547 0.00441230547 4.16851665
991 4131 4.41230264 0.00441230264 4.16851665
991 4131 4.41230214 0.00441230214 4.16851665
991 4131 4.41229996 0.00441229996 4.16851665
991 4131 4.41229765 0.00441229765 4.16851665
990 4123 4.40841326 0.00440841326 4.16464646
990 4123 4.40842016 0.00440842016 4.16464646
990 4123 4.40841285 0.00440841285 4.16464646
990 4123 4.40841822 0.00440841822 4.16464646
990 4123 4.40840744 0.00440840744 4.16464646
990 4123 4.40841856 0.00440841856 4.16464646
990 4123 4.40842287 0.00440842287 4.16464646
990 4123 4.40842459 0.00440842459 4.16464646
990 4123 4.40842917 0.00440842917 4.16464646
990 4123 4.40842478 0.00440842478 4.16464646
989 4110 4.40424902 0.00440424902 4.15571284
989 4110 4.40423645 0.00440423645 4.15571284
989 4110 4.40423961 0.00440423961 4.15571284
989 4110 4.40423485 0.00440423485 4.15571284
989 4110 4.40422743 0.00440422743 4.15571284
989 4110 4.40423188 0.00440423188 4.15571284
989 4110 4.40424326 0.00440424326 4.15571284
989 4110 4.40426792 0.00440426792 4.15571284
989 4110 4.4042377 0.0044042377 4.15571284
989 4110 4.40420583 0.00440420583 4.15571284
988 4101 4.39962588 0.00439962588 4.15080972
988 4101 4.39968558 0.00439968558 4.15080972
988 4101 4.39964738 0.00439964738 4.15080972
988 4101 4.39964336 0.00439964336 4.15080972
988 4101 4.39963127 0.00439963127 4.15080972
988 4101 4.39963895 0.00439963895 4.15080972
988 4101 4.3996378 0.0043996378 4.15080972
988 4101 4.39963683 0.00439963683 4.15080972
988 4101 4.39963612 0.00439963612 4.15080972
988 4101 4.39963526 0.00439963526 4.15080972
987 4095 4.39488256 0.00439488256 4.14893617
987 4095 4.39490095 0.00439490095 4.14893617
987 4095 4.39491152 0.00439491152 4.14893617
987 4095 4.39490898 0.00439490898 4.14893617
987 4095 4.39490631 0.00439490631 4.14893617
987 4095 4.39490004 0.00439490004 4.14893617
987 4095 4.39489642 0.00439489642 4.14893617
987 4095 4.3948924 0.0043948924 4.14893617
987 4095 4.39489055 0.00439489055 4.14893617
987 4095 4.39489214 0.00439489214 4.14893617
986 4090 4.38987825 0.00438987825 4.14807302
986 4090 4.38988167 0.00438988167 4.14807302
986 4090 4.38986903 0.00438986903 4.14807302
986 4090 4.38986196 0.00438986196 4.14807302
986 4090 4.38985326 0.00438985326 4.14807302
986 4090 4.38984471 0.00438984471 4.14807302
986 4090 4.38984201 0.00438984201 4.14807302
986 4090 4.38983997 0.00438983997 4.14807302
986 4090 4.38983638 0.00438983638 4.14807302
986 4090 4.38983391 0.00438983391 4.14807302
985 4085 4.38385921 0.00438385921 4.14720812
985 4085 4.38389832 0.00438389832 4.14720812
985 4085 4.3839214 0.0043839214 4.14720812
985 4085 4.38393249 0.00438393249 4.14720812
985 4085 4.38391982 0.00438391982 4.14720812
985 4085 4.38392224 0.00438392224 4.14720812
985 4085 4.38392913 0.00438392913 4.14720812
985 4085 4.38393559 0.00438393559 4.14720812
985 4085 4.38393878 0.00438393878 4.14720812
985 4085 4.3839394 0.0043839394 4.14720812
984 4075 4.37728028 0.00437728028 4.14126016
984 4064 4.37732512 0.00437732512 4.1300813
984 4064 4.37727859 0.00437727859 4.1300813
984 4064 4.37725813 0.00437725813 4.1300813
984 4064 4.37725562 0.00437725562 4.1300813
984 4064 4.37726352 0.00437726352 4.1300813
984 4064 4.3772618 0.0043772618 4.1300813
984 4064 4.3772623 0.0043772623 4.1300813
984 4064 4.37725557 0.00437725557 4.1300813
984 4064 4.3772529 0.0043772529 4.1300813
983 4059 4.37134056 0.00437134056 4.12919634
983 4059 4.37137065 0.00437137065 4.12919634
983 4059 4.37138337 0.00437138337 4.12919634
983 4059 4.37138948 0.00437138948 4.12919634
983 4059 4.37139228 0.00437139228 4.12919634
983 4059 4.37139627 0.00437139627 4.12919634
983 4059 4.37141508 0.00437141508 4.12919634
983 4059 4.37141543 0.00437141543 4.12919634
983 4059 4.37143326 0.00437143326 4.12919634
983 4059 4.37142433 0.00437142433 4.12919634
982 4050 4.36465474 0.00436465474 4.12423625
982 4050 4.36462516 0.00436462516 4.12423625
982 4050 4.36465539 0.00436465539 4.12423625
982 4050 4.36470601 0.00436470601 4.12423625
982 4050 4.36468935 0.00436468935 4.12423625
982 4050 4.36468532 0.00436468532 4.12423625
982 4050 4.36467962 0.00436467962 4.12423625
982 4050 4.36467737 0.00436467737 4.12423625
982 4050 4.36467015 0.00436467015 4.12423625
982 4050 4.36466052 0.00436466052 4.12423625
981 4040 4.35742491 0.00435742491 4.11824669
981 4040 4.35735471 0.00435735471 4.11824669
981 4040 4.35731561 0.00435731561 4.11824669
981 4040 4.35735295 0.00435735295 4.11824669
981 4040 4.35733466 0.00435733466 4.11824669
981 4040 4.3573202 0.0043573202 4.11824669
981 4040 4.35730875 0.00435730875 4.11824669
981 4040 4.35730737 0.00435730737 4.11824669
981 4040 4.35731446 0.00435731446 4.11824669
981 4040 4.35731533 0.00435731533 4.11824669
980 4031 4.34993244 0.00434993244 4.11326531
980 4031 4.34998425 0.00434998425 4.11326531
980 4031 4.35002571 0.00435002571 4.11326531
980 4031 4.35004057 0.00435004057 4.11326531
980 4031 4.35004653 0.00435004653 4.11326531
980 4031 4.35003966 0.00435003966 4.11326531
980 4031 4.35003641 0.00435003641 4.11326531
980 4031 4.35003554 0.00435003554 4.11326531
980 4031 4.35003725 0.00435003725 4.11326531
980 4031 4.35003821 0.00435003821 4.11326531
979 4026 4.34196012 0.00434196012 4.11235955
979 4026 4.34192122 0.00434192122 4.11235955
979 4021 4.34193029 0.00434193029 4.1072523
979 4021 4.34190136 0.00434190136 4.1072523
979 4021 4.34186714 0.00434186714 4.1072523
979 4021 4.34185052 0.00434185052 4.1072523
979 4021 4.34189867 0.00434189867 4.1072523
979 4021 4.34190666 0.00434190666 4.1072523
979 4021 4.3418971 0.0043418971 4.1072523
979 4021 4.34187633 0.00434187633 4.1072523
978 4015 4.33398603 0.00433398603 4.10531697
978 4015 4.3339965 0.0043339965 4.10531697
978 4015 4.33403102 0.00433403102 4.10531697
978 4015 4.33404548 0.00433404548 4.10531697
978 4015 4.33405089 0.00433405089 4.10531697
978 4015 4.33404324 0.00433404324 4.10531697
978 4015 4.33404526 0.00433404526 4.10531697
978 4015 4.334043 0.004334043 4.10531697
978 4015 4.33404357 0.00433404357 4.10531697
978 4015 4.33404331 0.00433404331 4.10531697
977 4010 4.32611943 0.00432611943 4.10440123
977 4010 4.32606142 0.00432606142 4.10440123
977 4010 4.3261335 0.0043261335 4.10440123
977 4010 4.3260841 0.0043260841 4.10440123
977 4010 4.32607141 0.00432607141 4.10440123
977 4010 4.32601618 0.00432601618 4.10440123
977 4010 4.32599796 0.00432599796 4.10440123
977 4010 4.32598184 0.00432598184 4.10440123
977 4010 4.32616038 0.00432616038 4.10440123
977 4010 4.32605856 0.00432605856 4.10440123
976 4004 4.3180388 0.0043180388 4.10245902
976 4004 4.31806343 0.00431806343 4.10245902
976 4004 4.31806798 0.00431806798 4.10245902
976 4004 4.31812824 0.00431812824 4.10245902
976 4004 4.31808578 0.00431808578 4.10245902
976 4004 4.31807759 0.00431807759 4.10245902
976 4004 4.31808922 0.00431808922 4.10245902
976 4004 4.3180924 0.0043180924 4.10245902
976 4004 4.31809261 0.00431809261 4.10245902
976 4004 4.31808854 0.00431808854 4.10245902
975 4001 4.30941911 0.00430941911 4.10358974
975 4001 4.30939957 0.00430939957 4.10358974
975 4001 4.30943913 0.00430943913 4.10358974
975 4001 4.30945684 0.00430945684 4.10358974
975 4001 4.3094682 0.0043094682 4.10358974
975 4001 4.30945509 0.00430945509 4.10358974
975 4001 4.30945332 0.00430945332 4.10358974
975 4001 4.30945836 0.00430945836 4.10358974
975 4001 4.30945097 0.00430945097 4.10358974
975 4001 4.30944814 0.00430944814 4.10358974
974 3992 4.30060466 0.00430060466 4.09856263
974 3992 4.30057674 0.00430057674 4.09856263
974 3992 4.30068445 0.00430068445 4.09856263
974 3992 4.30063269 0.00430063269 4.09856263
974 3992 4.30060694 0.00430060694 4.09856263
974 3992 4.30065537 0.00430065537 4.09856263
974 3992 4.30066312 0.00430066312 4.09856263
974 3992 4.30064603 0.00430064603 4.09856263
974 3992 4.30065293 0.00430065293 4.09856263
974 3992 4.30064957 0.00430064957 4.09856263
973 3981 4.29183393 0.00429183393 4.09146968
973 3981 4.29174686 0.00429174686 4.09146968
973 3981 4.29177808 0.00429177808 4.09146968
973 3981 4.29178122 0.00429178122 4.09146968
973 3981 4.29178732 0.00429178732 4.09146968
973 3981 4.29179369 0.00429179369 4.09146968
973 3981 4.29180122 0.00429180122 4.09146968
973 3981 4.29179981 0.00429179981 4.09146968
973 3981 4.29180195 0.00429180195 4.09146968
973 3981 4.29179845 0.00429179845 4.09146968
972 3973 4.28191761 0.00428191761 4.08744856
972 3973 4.28192935 0.00428192935 4.08744856
972 3973 4.28192501 0.00428192501 4.08744856
972 3973 4.2819135 0.0042819135 4.08744856
972 3973 4.28190501 0.00428190501 4.08744856
972 3973 4.28189333 0.00428189333 4.08744856
972 3973 4.28189235 0.00428189235 4.08744856
972 3973 4.2818899 0.0042818899 4.08744856
972 3973 4.28189005 0.00428189005 4.08744856
972 3973 4.2818918 0.0042818918 4.08744856
971 3964 4.27195262 0.00427195262 4.08238929
971 3964 4.27191169 0.00427191169 4.08238929
971 3964 4.271966 0.004271966 4.08238929
971 3964 4.2719816 0.0042719816 4.08238929
971 3964 4.27199028 0.00427199028 4.08238929
971 3964 4.27198643 0.00427198643 4.08238929
971 3964 4.27198416 0.00427198416 4.08238929
971 3964 4.27198301 0.00427198301 4.08238929
971 3964 4.27198245 0.00427198245 4.08238929
971 3964 4.27198311 0.00427198311 4.08238929
970 3958 4.26044297 0.00426044297 4.08041237
970 3958 4.26040115 0.00426040115 4.08041237
970 3958 4.26037484 0.00426037484 4.08041237
970 3958 4.26036416 0.00426036416 4.08041237
970 3958 4.26047067 0.00426047067 4.08041237
970 3958 4.26048069 0.00426048069 4.08041237
970 3958 4.26035476 0.00426035476 4.08041237
970 3958 4.26044803 0.00426044803 4.08041237
970 3958 4.26054544 0.00426054544 4.08041237
970 3958 4.26048029 0.00426048029 4.08041237
969 3952 4.24854219 0.00424854219 4.07843137
969 3952 4.24863338 0.00424863338 4.07843137
969 3952 4.24858739 0.00424858739 4.07843137
969 3952 4.24842318 0.00424842318 4.07843137
969 3952 4.24869778 0.00424869778 4.07843137
969 3952 4.24857539 0.00424857539 4.07843137
969 3952 4.24842301 0.00424842301 4.07843137
969 3952 4.24834678 0.00424834678 4.07843137
969 3952 4.24861459 0.00424861459 4.07843137
969 3952 4.24845881 0.00424845881 4.07843137
968 3940 4.23633435 0.00423633435 4.07024793
968 3940 4.23632905 0.00423632905 4.07024793
968 3940 4.23621798 0.00423621798 4.07024793
968 3940 4.23630822 0.00423630822 4.07024793
968 3940 4.23632301 0.00423632301 4.07024793
968 3940 4.23633344 0.00423633344 4.07024793
968 3940 4.23635898 0.00423635898 4.07024793
968 3940 4.23634816 0.00423634816 4.07024793
968 3940 4.23629395 0.00423629395 4.07024793
968 3940 4.23618842 0.00423618842 4.07024793
967 3931 4.22432827 0.00422432827 4.06514995
967 3936 4.22414458 0.00422414458 4.07032058
967 3942 4.22708988 0.00422708988 4.07652534
967 3937 4.2277577 0.0042277577 4.07135471
967 3937 4.2284286 0.0042284286 4.07135471
967 3937 4.22857785 0.00422857785 4.07135471
967 3937 4.22852227 0.00422852227 4.07135471
967 3937 4.22848133 0.00422848133 4.07135471
967 3937 4.22852077 0.00422852077 4.07135471
967 3937 4.22854218 0.00422854218 4.07135471
966 3925 4.21678093 0.00421678093 4.063147
966 3925 4.2166339 0.0042166339 4.063147
966 3925 4.21670836 0.00421670836 4.063147
966 3925 4.21681833 0.00421681833 4.063147
966 3925 4.21676382 0.00421676382 4.063147
966 3925 4.21655924 0.00421655924 4.063147
966 3925 4.21688936 0.00421688936 4.063147
966 3925 4.21671581 0.00421671581 4.063147
966 3925 4.21663 0.00421663 4.063147
966 3925 4.21650569 0.00421650569 4.063147
965 3913 4.20459233 0.00420459233 4.05492228
965 3913 4.2044935 0.0042044935 4.05492228
965 3913 4.20435844 0.00420435844 4.05492228
965 3913 4.20451041 0.00420451041 4.05492228
965 3913 4.20434676 0.00420434676 4.05492228
965 3913 4.20447944 0.00420447944 4.05492228
965 3913 4.20447486 0.00420447486 4.05492228
965 3913 4.20449479 0.00420449479 4.05492228
965 3913 4.20448468 0.00420448468 4.05492228
965 3913 4.20450001 0.00420450001 4.05492228
964 3905 4.19238275 0.00419238275 4.05082988
964 3905 4.1923614 0.0041923614 4.05082988
964 3905 4.19237482 0.00419237482 4.05082988
964 3905 4.19228626 0.00419228626 4.05082988
964 3905 4.19226002 0.00419226002 4.05082988
964 3905 4.19228528 0.00419228528 4.05082988
964 3905 4.19227734 0.00419227734 4.05082988
964 3905 4.19228419 0.00419228419 4.05082988
964 3905 4.19228691 0.00419228691 4.05082988
964 3905 4.19228749 0.00419228749 4.05082988
963 3899 4.17981896 0.00417981896 4.04880582
963 3899 4.17989555 0.00417989555 4.04880582
963 3899 4.17979785 0.00417979785 4.04880582
963 3899 4.17996125 0.00417996125 4.04880582
963 3899 4.18001016 0.00418001016 4.04880582
963 3899 4.17998481 0.00417998481 4.04880582
963 3899 4.17997622 0.00417997622 4.04880582
963 3899 4.1799716 0.0041799716 4.04880582
963 3899 4.17995786 0.00417995786 4.04880582
963 3899 4.17994889 0.00417994889 4.04880582
962 3888 4.16636062 0.00416636062 4.04158004
962 3888 4.16625029 0.00416625029 4.04158004
962 3888 4.16630552 0.00416630552 4.04158004
962 3888 4.16640959 0.00416640959 4.04158004
962 3888 4.16640439 0.00416640439 4.04158004
962 3888 4.16641362 0.00416641362 4.04158004
962 3888 4.16642469 0.00416642469 4.04158004
962 3888 4.16642368 0.00416642368 4.04158004
962 3888 4.16641713 0.00416641713 4.04158004
962 3888 4.16642185 0.00416642185 4.04158004
961 3878 4.15283112 0.00415283112 4.03537981
961 3878 4.15271893 0.00415271893 4.03537981
961 3878 4.15280741 0.00415280741 4.03537981
961 3878 4.15289473 0.00415289473 4.03537981
961 3878 4.1529339 0.0041529339 4.03537981
961 3878 4.15293602 0.00415293602 4.03537981
961 3878 4.15297995 0.00415297995 4.03537981
961 3878 4.15297652 0.00415297652 4.03537981
961 3878 4.15295951 0.00415295951 4.03537981
961 3878 4.15295536 0.00415295536 4.03537981
960 3874 4.13937443 0.00413937443 4.03541667
960 3874 4.13924599 0.00413924599 4.03541667
960 3874 4.13921302 0.00413921302 4.03541667
960 3874 4.13911124 0.00413911124 4.03541667
960 3874 4.13909402 0.00413909402 4.03541667
960 3874 4.1391116 0.0041391116 4.03541667
960 3874 4.13911156 0.00413911156 4.03541667
960 3874 4.13911741 0.00413911741 4.03541667
960 3874 4.13912401 0.00413912401 4.03541667
960 3874 4.13912252 0.00413912252 4.03541667
959 3868 4.12481927 0.00412481927 4.03336809
959 3868 4.12475527 0.00412475527 4.03336809
959 3868 4.12475425 0.00412475425 4.03336809
959 3868 4.12479833 0.00412479833 4.03336809
959 3868 4.12486729 0.00412486729 4.03336809
959 3868 4.12487006 0.00412487006 4.03336809
959 3868 4.12488735 0.00412488735 4.03336809
959 3868 4.12487423 0.00412487423 4.03336809
959 3868 4.12486871 0.00412486871 4.03336809
959 3868 4.12486799 0.00412486799 4.03336809
958 3863 4.10990826 0.00410990826 4.03235908
958 3863 4.11296432 0.00411296432 4.03235908
958 3863 4.11292516 0.00411292516 4.03235908
958 3863 4.11286575 0.00411286575 4.03235908
958 3863 4.11289838 0.00411289838 4.03235908
958 3863 4.11290065 0.00411290065 4.03235908
958 3863 4.11286212 0.00411286212 4.03235908
958 3863 4.11284272 0.00411284272 4.03235908
958 3863 4.11283681 0.00411283681 4.03235908
958 3863 4.11283439 0.00411283439 4.03235908
957 3857 4.09881562 0.00409881562 4.03030303
957 3857 4.09876307 0.00409876307 4.03030303
957 3857 4.09880596 0.00409880596 4.03030303
957 3857 4.09881658 0.00409881658 4.03030303
957 3857 4.09884109 0.00409884109 4.03030303
957 3857 4.09887367 0.00409887367 4.03030303
957 3857 4.09888032 0.00409888032 4.03030303
957 3857 4.09888807 0.00409888807 4.03030303
957 3857 4.09888582 0.00409888582 4.03030303
957 3857 4.09888081 0.00409888081 4.03030303
956 3849 4.08374876 0.00408374876 4.02615063
956 3849 4.08359979 0.00408359979 4.02615063
956 3849 4.08385174 0.00408385174 4.02615063
956 3849 4.08373394 0.00408373394 4.02615063
956 3849 4.08367056 0.00408367056 4.02615063
956 3849 4.08361047 0.00408361047 4.02615063
956 3849 4.08369826 0.00408369826 4.02615063
956 3849 4.08363513 0.00408363513 4.02615063
956 3849 4.08359961 0.00408359961 4.02615063
956 3849 4.08369793 0.00408369793 4.02615063
955 3844 4.06781561 0.00406781561 4.02513089
955 3847 4.07080366 0.00407080366 4.02827225
955 3847 4.0707496 0.0040707496 4.02827225
955 3847 4.07070112 0.00407070112 4.02827225
955 3847 4.07077653 0.00407077653 4.02827225
955 3847 4.07080192 0.00407080192 4.02827225
955 3847 4.07081165 0.00407081165 4.02827225
955 3847 4.07081712 0.00407081712 4.02827225
955 3847 4.07082239 0.00407082239 4.02827225
955 3847 4.07081727 0.00407081727 4.02827225
954 3839 4.05596479 0.00405596479 4.02410901
954 3839 4.05582056 0.00405582056 4.02410901
954 3839 4.05606604 0.00405606604 4.02410901
954 3839 4.05604143 0.00405604143 4.02410901
954 3839 4.05598825 0.00405598825 4.02410901
954 3839 4.05622147 0.00405622147 4.02410901
954 3839 4.05615161 0.00405615161 4.02410901
954 3839 4.05616091 0.00405616091 4.02410901
954 3839 4.05584796 0.00405584796 4.02410901
954 3839 4.05582445 0.00405582445 4.02410901
953 3829 4.03987206 0.00403987206 4.01783841
953 3829 4.0398831 0.0040398831 4.01783841
953 3829 4.04019891 0.00404019891 4.01783841
953 3829 4.0400999 0.0040400999 4.01783841
953 3829 4.04009228 0.00404009228 4.01783841
953 3829 4.040106 0.004040106 4.01783841
953 3829 4.04012497 0.00404012497 4.01783841
953 3829 4.04013048 0.00404013048 4.01783841
953 3829 4.04011971 0.00404011971 4.01783841
953 3829 4.04011827 0.00404011827 4.01783841
952 3821 4.02325737 0.00402325737 4.01365546
952 3821 4.02317449 0.00402317449 4.01365546
952 3821 4.02328277 0.00402328277 4.01365546
952 3821 4.02308371 0.00402308371 4.01365546
952 3821 4.02293397 0.00402293397 4.01365546
952 3825 4.02326718 0.00402326718 4.01785714
952 3825 4.02306063 0.00402306063 4.01785714
952 3825 4.02291506 0.00402291506 4.01785714
952 3825 4.0231597 0.0040231597 4.01785714
952 3825 4.02304505 0.00402304505 4.01785714
951 3816 4.00661679 0.00400661679 4.0126183
951 3816 4.00677996 0.00400677996 4.0126183
951 3816 4.00697121 0.00400697121 4.0126183
951 3816 4.00688965 0.00400688965 4.0126183
951 3816 4.00670802 0.00400670802 4.0126183
951 3816 4.00684025 0.00400684025 4.0126183
951 3816 4.00696639 0.00400696639 4.0126183
951 3816 4.0067138 0.0040067138 4.0126183
951 3816 4.00680382 0.00400680382 4.0126183
951 3816 4.00697128 0.00400697128 4.0126183
950 3808 3.98985165 0.00398985165 4.00842105
950 3808 3.98957394 0.00398957394 4.00842105
950 3809 3.98961161 0.00398961161 4.00947368
950 3809 3.98979035 0.00398979035 4.00947368
950 3809 3.98974453 0.00398974453 4.00947368
950 3809 3.98971862 0.00398971862 4.00947368
950 3809 3.98973274 0.00398973274 4.00947368
950 3809 3.98972342 0.00398972342 4.00947368
950 3809 3.98972465 0.00398972465 4.00947368
950 3809 3.98973583 0.00398973583 4.00947368
949 3801 3.97281845 0.00397281845 4.0052687
949 3801 3.9727708 0.0039727708 4.0052687
949 3801 3.97275766 0.00397275766 4.0052687
949 3801 3.97272819 0.00397272819 4.0052687
949 3801 3.97276173 0.00397276173 4.0052687
949 3801 3.97279048 0.00397279048 4.0052687
949 3801 3.97280381 0.00397280381 4.0052687
949 3801 3.97281171 0.00397281171 4.0052687
949 3801 3.97279986 0.00397279986 4.0052687
949 3801 3.97279045 0.00397279045 4.0052687
948 3794 3.95555155 0.00395555155 4.0021097
948 3794 3.95527033 0.00395527033 4.0021097
948 3794 3.95536815 0.00395536815 4.0021097
948 3794 3.95538706 0.00395538706 4.0021097
948 3794 3.9553526 0.0039553526 4.0021097
948 3794 3.955321 0.003955321 4.0021097
948 3794 3.9552994 0.0039552994 4.0021097
948 3794 3.95529919 0.00395529919 4.0021097
948 3794 3.95530423 0.00395530423 4.0021097
948 3794 3.95530465 0.00395530465 4.0021097
947 3783 3.93756444 0.00393756444 3.99472017
947 3783 3.93775473 0.00393775473 3.99472017
947 3783 3.9379865 0.0039379865 3.99472017
947 3783 3.93808139 0.00393808139 3.99472017
947 3783 3.93809969 0.00393809969 3.99472017
947 3783 3.93809862 0.00393809862 3.99472017
947 3783 3.93757476 0.00393757476 3.99472017
947 3783 3.93791752 0.00393791752 3.99472017
947 3783 3.93788822 0.00393788822 3.99472017
947 3783 3.93783567 0.00393783567 3.99472017
946 3775 3.92086826 0.00392086826 3.99048626
946 3775 3.92062173 0.00392062173 3.99048626
946 3775 3.92061966 0.00392061966 3.99048626
946 3775 3.92070443 0.00392070443 3.99048626
946 3775 3.92048829 0.00392048829 3.99048626
946 3775 3.92076662 0.00392076662 3.99048626
946 3775 3.92055584 0.00392055584 3.99048626
946 3775 3.92083168 0.00392083168 3.99048626
946 3775 3.9205298 0.0039205298 3.99048626
946 3775 3.92084597 0.00392084597 3.99048626
945 3764 3.90317397 0.00390317397 3.98306878
945 3765 3.90307068 0.00390307068 3.98412698
945 3764 3.90327925 0.00390327925 3.98306878
945 3765 3.90310482 0.00390310482 3.98412698
945 3765 3.90291747 0.00390291747 3.98412698
945 3764 3.90320244 0.00390320244 3.98306878
945 3765 3.9030991 0.0039030991 3.98412698
945 3765 3.90285134 0.00390285134 3.98412698
945 3764 3.90315908 0.00390315908 3.98306878
945 3765 3.90306865 0.00390306865 3.98412698
944 3754 3.88540068 0.00388540068 3.97669492
944 3754 3.88573018 0.00388573018 3.97669492
944 3754 3.88590606 0.00388590606 3.97669492
944 3754 3.88605321 0.00388605321 3.97669492
944 3754 3.88603741 0.00388603741 3.97669492
944 3754 3.88601477 0.00388601477 3.97669492
944 3754 3.88600481 0.00388600481 3.97669492
944 3754 3.88599692 0.00388599692 3.97669492
944 3754 3.8859986 0.0038859986 3.97669492
944 3754 3.88599666 0.00388599666 3.97669492
943 3745 3.86752194 0.00386752194 3.97136797
943 3745 3.86753063 0.00386753063 3.97136797
943 3745 3.86746924 0.00386746924 3.97136797
943 3745 3.86737989 0.00386737989 3.97136797
943 3745 3.86745526 0.00386745526 3.97136797
943 3745 3.86755246 0.00386755246 3.97136797
943 3745 3.86757397 0.00386757397 3.97136797
943 3745 3.86758756 0.00386758756 3.97136797
943 3745 3.86757871 0.00386757871 3.97136797
943 3745 3.8675613 0.0038675613 3.97136797
942 3736 3.84846043 0.00384846043 3.96602972
942 3736 3.848078 0.003848078 3.96602972
942 3740 3.84810298 0.00384810298 3.97027601
942 3740 3.84779339 0.00384779339 3.97027601
942 3736 3.84822519 0.00384822519 3.96602972
942 3736 3.84814274 0.00384814274 3.96602972
942 3736 3.84794915 0.00384794915 3.96602972
942 3740 3.84811177 0.00384811177 3.97027601
942 3740 3.84783305 0.00384783305 3.97027601
942 3736 3.84808777 0.00384808777 3.96602972
941 3729 3.8282081 0.0038282081 3.96280553
941 3727 3.82842154 0.00382842154 3.96068013
941 3731 3.82859393 0.00382859393 3.96493092
941 3731 3.82877636 0.00382877636 3.96493092
941 3731 3.82844242 0.00382844242 3.96493092
941 3731 3.82863453 0.00382863453 3.96493092
941 3731 3.82879659 0.00382879659 3.96493092
941 3731 3.82874318 0.00382874318 3.96493092
941 3731 3.82845992 0.00382845992 3.96493092
941 3731 3.82869782 0.00382869782 3.96493092
940 3722 3.8094447 0.0038094447 3.95957447
940 3722 3.8092323 0.0038092323 3.95957447
940 3722 3.80931465 0.00380931465 3.95957447
940 3722 3.80926044 0.00380926044 3.95957447
940 3722 3.80922953 0.00380922953 3.95957447
940 3722 3.80921107 0.00380921107 3.95957447
940 3722 3.80917925 0.00380917925 3.95957447
940 3722 3.80916091 0.00380916091 3.95957447
940 3722 3.80914367 0.00380914367 3.95957447
940 3722 3.80913529 0.00380913529 3.95957447
939 3715 3.7893057 0.0037893057 3.95633653
939 3715 3.78935737 0.00378935737 3.95633653
939 3715 3.7895618 0.0037895618 3.95633653
939 3716 3.78940254 0.00378940254 3.95740149
939 3715 3.78951756 0.00378951756 3.95633653
939 3715 3.78955941 0.00378955941 3.95633653
939 3716 3.78942557 0.00378942557 3.95740149
939 3715 3.7893588 0.0037893588 3.95633653
939 3715 3.78956637 0.00378956637 3.95633653
939 3716 3.78943703 0.00378943703 3.95740149
938 3709 3.76969662 0.00376969662 3.95415778
938 3705 3.76996533 0.00376996533 3.94989339
938 3705 3.76989874 0.00376989874 3.94989339
938 3705 3.76987044 0.00376987044 3.94989339
938 3705 3.76984776 0.00376984776 3.94989339
938 3705 3.76991826 0.00376991826 3.94989339
938 3705 3.76992893 0.00376992893 3.94989339
938 3705 3.76992284 0.00376992284 3.94989339
938 3705 3.76993307 0.00376993307 3.94989339
938 3705 3.76992269 0.00376992269 3.94989339
937 3700 3.75032306 0.00375032306 3.94877268
937 3700 3.75032452 0.00375032452 3.94877268
937 3700 3.75024803 0.00375024803 3.94877268
937 3700 3.75025661 0.00375025661 3.94877268
937 3700 3.75020481 0.00375020481 3.94877268
937 3700 3.75017283 0.00375017283 3.94877268
937 3700 3.7501427 0.0037501427 3.94877268
937 3700 3.75012418 0.00375012418 3.94877268
937 3700 3.75011453 0.00375011453 3.94877268
937 3700 3.7501086 0.0037501086 3.94877268
936 3693 3.7300678 0.0037300678 3.94551282
936 3693 3.73022131 0.00373022131 3.94551282
936 3693 3.73029891 0.00373029891 3.94551282
936 3689 3.73022771 0.00373022771 3.94123932
936 3689 3.7300089 0.0037300089 3.94123932
936 3689 3.72999339 0.00372999339 3.94123932
936 3689 3.72998134 0.00372998134 3.94123932
936 3689 3.72993779 0.00372993779 3.94123932
936 3689 3.72990139 0.00372990139 3.94123932
936 3689 3.72986633 0.00372986633 3.94123932
935 3682 3.70990441 0.00370990441 3.93796791
935 3682 3.71025284 0.00371025284 3.93796791
935 3682 3.71013661 0.00371013661 3.93796791
935 3682 3.710518 0.003710518 3.93796791
935 3682 3.71023592 0.00371023592 3.93796791
935 3682 3.71017127 0.00371017127 3.93796791
935 3682 3.71047277 0.00371047277 3.93796791
935 3682 3.71008603 0.00371008603 3.93796791
935 3682 3.71033633 0.00371033633 3.93796791
935 3682 3.71000747 0.00371000747 3.93796791
934 3678 3.68879002 0.00368879002 3.9379015
934 3678 3.68881609 0.00368881609 3.9379015
934 3678 3.68873208 0.00368873208 3.9379015
934 3678 3.68890692 0.00368890692 3.9379015
934 3678 3.68882627 0.00368882627 3.9379015
934 3678 3.68870789 0.00368870789 3.9379015
934 3678 3.68877487 0.00368877487 3.9379015
934 3678 3.68874762 0.00368874762 3.9379015
934 3678 3.68875284 0.00368875284 3.9379015
934 3678 3.68874557 0.00368874557 3.9379015
933 3669 3.66704497 0.00366704497 3.93247588
933 3661 3.66765839 0.00366765839 3.92390139
933 3661 3.66775835 0.00366775835 3.92390139
933 3669 3.66726332 0.00366726332 3.93247588
933 3661 3.66774655 0.00366774655 3.92390139
933 3661 3.66768285 0.00366768285 3.92390139
933 3669 3.66708922 0.00366708922 3.93247588
933 3661 3.66772568 0.00366772568 3.92390139
933 3661 3.66764544 0.00366764544 3.92390139
933 3669 3.66709212 0.00366709212 3.93247588
932 3657 3.64683048 0.00364683048 3.92381974
932 3657 3.64682282 0.00364682282 3.92381974
932 3657 3.64683554 0.00364683554 3.92381974
932 3657 3.64695013 0.00364695013 3.92381974
932 3657 3.64673041 0.00364673041 3.92381974
932 3657 3.64688026 0.00364688026 3.92381974
932 3657 3.64673886 0.00364673886 3.92381974
932 3657 3.6468812 0.0036468812 3.92381974
932 3657 3.6467385 0.0036467385 3.92381974
932 3657 3.646883 0.003646883 3.92381974
931 3653 3.62654125 0.00362654125 3.92373792
931 3653 3.62585982 0.00362585982 3.92373792
931 3653 3.62610907 0.00362610907 3.92373792
931 3653 3.62611935 0.00362611935 3.92373792
931 3653 3.62608862 0.00362608862 3.92373792
931 3653 3.62610844 0.00362610844 3.92373792
931 3653 3.62607407 0.00362607407 3.92373792
931 3653 3.62605807 0.00362605807 3.92373792
931 3653 3.62607444 0.00362607444 3.92373792
931 3653 3.62605995 0.00362605995 3.92373792
930 3645 3.60421983 0.00360421983 3.91935484
930 3645 3.60437284 0.00360437284 3.91935484
930 3645 3.60451384 0.00360451384 3.91935484
930 3645 3.60450959 0.00360450959 3.91935484
930 3645 3.60453053 0.00360453053 3.91935484
930 3645 3.60459942 0.00360459942 3.91935484
930 3645 3.60460192 0.00360460192 3.91935484
930 3645 3.60460245 0.00360460245 3.91935484
930 3645 3.60459964 0.00360459964 3.91935484
930 3645 3.60459905 0.00360459905 3.91935484
929 3639 3.58289588 0.00358289588 3.91711518
929 3635 3.58402559 0.00358402559 3.91280947
929 3635 3.58428765 0.00358428765 3.91280947
929 3635 3.58438275 0.00358438275 3.91280947
929 3635 3.58435863 0.00358435863 3.91280947
929 3635 3.58428458 0.00358428458 3.91280947
929 3635 3.58448841 0.00358448841 3.91280947
929 3635 3.58440282 0.00358440282 3.91280947
929 3635 3.58441512 0.00358441512 3.91280947
929 3635 3.58437156 0.00358437156 3.91280947
928 3631 3.56205492 0.00356205492 3.91271552
928 3631 3.56235546 0.00356235546 3.91271552
928 3631 3.56235927 0.00356235927 3.91271552
928 3631 3.56239291 0.00356239291 3.91271552
928 3631 3.56232793 0.00356232793 3.91271552
928 3631 3.56231631 0.00356231631 3.91271552
928 3631 3.56234558 0.00356234558 3.91271552
928 3631 3.56236458 0.00356236458 3.91271552
928 3631 3.56236521 0.00356236521 3.91271552
928 3631 3.56236813 0.00356236813 3.91271552
927 3623 3.53923308 0.00353923308 3.90830636
927 3619 3.5488996 0.0035488996 3.90399137
927 3619 3.54901308 0.00354901308 3.90399137
927 3619 3.54903762 0.00354903762 3.90399137
927 3619 3.54909085 0.00354909085 3.90399137
927 3619 3.54896281 0.00354896281 3.90399137
927 3619 3.54885022 0.00354885022 3.90399137
927 3619 3.54896927 0.00354896927 3.90399137
927 3619 3.5490605 0.0035490605 3.90399137
927 3619 3.54907736 0.00354907736 3.90399137
926 3615 3.52639161 0.00352639161 3.90388769
926 3615 3.52651144 0.00352651144 3.90388769
926 3615 3.52650111 0.00352650111 3.90388769
926 3615 3.52643954 0.00352643954 3.90388769
926 3615 3.52646576 0.00352646576 3.90388769
926 3615 3.52653217 0.00352653217 3.90388769
926 3615 3.52662292 0.00352662292 3.90388769
926 3615 3.52662134 0.00352662134 3.90388769
926 3615 3.52660552 0.00352660552 3.90388769
926 3615 3.52659678 0.00352659678 3.90388769
925 3604 3.50297986 0.00350297986 3.89621622
925 3604 3.50288748 0.00350288748 3.89621622
925 3604 3.50306557 0.00350306557 3.89621622
925 3604 3.50306229 0.00350306229 3.89621622
925 3604 3.50277808 0.00350277808 3.89621622
925 3604 3.50288609 0.00350288609 3.89621622
925 3604 3.50291636 0.00350291636 3.89621622
925 3604 3.50272708 0.00350272708 3.89621622
925 3604 3.50280076 0.00350280076 3.89621622
925 3604 3.50294157 0.00350294157 3.89621622
924 3600 3.48031758 0.00348031758 3.8961039
924 3600 3.4802142 0.0034802142 3.8961039
924 3597 3.48051897 0.00348051897 3.89285714
924 3597 3.48016557 0.00348016557 3.89285714
924 3597 3.4803147 0.0034803147 3.89285714
924 3597 3.48007738 0.00348007738 3.89285714
924 3597 3.48014138 0.00348014138 3.89285714
924 3600 3.48024033 0.00348024033 3.8961039
924 3600 3.47991953 0.00347991953 3.8961039
924 3597 3.48044283 0.00348044283 3.89285714
923 3593 3.4582962 0.0034582962 3.89274106
923 3593 3.45834644 0.00345834644 3.89274106
923 3593 3.45863358 0.00345863358 3.89274106
923 3593 3.45906227 0.00345906227 3.89274106
923 3593 3.45927145 0.00345927145 3.89274106
923 3593 3.45930339 0.00345930339 3.89274106
923 3593 3.45927314 0.00345927314 3.89274106
923 3593 3.45925749 0.00345925749 3.89274106
923 3593 3.4592671 0.0034592671 3.89274106
923 3593 3.45928715 0.00345928715 3.89274106
922 3587 3.43633615 0.00343633615 3.89045553
922 3588 3.455208 0.003455208 3.89154013
922 3588 3.45504352 0.00345504352 3.89154013
922 3588 3.4549796 0.0034549796 3.89154013
922 3591 3.45509406 0.00345509406 3.89479393
922 3591 3.45488947 0.00345488947 3.89479393
922 3588 3.45529481 0.00345529481 3.89154013
922 3588 3.45511952 0.00345511952 3.89154013
922 3588 3.4550016 0.0034550016 3.89154013
922 3591 3.45507936 0.00345507936 3.89479393
921 3584 3.43349362 0.00343349362 3.89142237
921 3584 3.43341318 0.00343341318 3.89142237
921 3584 3.43347263 0.00343347263 3.89142237
921 3584 3.43351313 0.00343351313 3.89142237
921 3584 3.43356278 0.00343356278 3.89142237
921 3584 3.43355954 0.00343355954 3.89142237
921 3584 3.43355467 0.00343355467 3.89142237
921 3584 3.43354554 0.00343354554 3.89142237
921 3584 3.43354056 0.00343354056 3.89142237
921 3584 3.4335365 0.0034335365 3.89142237
920 3577 3.40997397 0.00340997397 3.88804348
920 3578 3.4126929 0.0034126929 3.88913043
920 3579 3.43050887 0.00343050887 3.89021739
920 3578 3.43423407 0.00343423407 3.88913043
920 3581 3.43585204 0.00343585204 3.8923913
920 3578 3.43679753 0.00343679753 3.88913043
920 3578 3.43648497 0.00343648497 3.88913043
920 3578 3.43664226 0.00343664226 3.88913043
920 3578 3.43650906 0.00343650906 3.88913043
920 3578 3.43652574 0.00343652574 3.88913043
919 3571 3.41681414 0.00341681414 3.88574538
919 3571 3.41697944 0.00341697944 3.88574538
919 3571 3.41734137 0.00341734137 3.88574538
919 3571 3.41625901 0.00341625901 3.88574538
919 3571 3.41666142 0.00341666142 3.88574538
919 3571 3.41672251 0.00341672251 3.88574538
919 3571 3.41675612 0.00341675612 3.88574538
919 3571 3.41685194 0.00341685194 3.88574538
919 3571 3.41677376 0.00341677376 3.88574538
919 3571 3.41675525 0.00341675525 3.88574538
918 3563 3.39655057 0.00339655057 3.88126362
918 3563 3.39672062 0.00339672062 3.88126362
918 3563 3.39670983 0.00339670983 3.88126362
918 3563 3.39641334 0.00339641334 3.88126362
918 3563 3.39662982 0.00339662982 3.88126362
918 3563 3.39700543 0.00339700543 3.88126362
918 3563 3.39682746 0.00339682746 3.88126362
918 3563 3.39695771 0.00339695771 3.88126362
918 3563 3.39678944 0.00339678944 3.88126362
918 3563 3.39691681 0.00339691681 3.88126362
917 3561 3.37373161 0.00337373161 3.88331516
917 3564 3.38049663 0.00338049663 3.8865867
917 3564 3.38029941 0.00338029941 3.8865867
917 3563 3.38041108 0.00338041108 3.88549618
917 3563 3.38036309 0.00338036309 3.88549618
917 3563 3.38041067 0.00338041067 3.88549618
917 3563 3.3803687 0.0033803687 3.88549618
917 3563 3.38050288 0.00338050288 3.88549618
917 3563 3.38044377 0.00338044377 3.88549618
917 3563 3.38031986 0.00338031986 3.88549618
916 3556 3.3606889 0.0033606889 3.88209607
916 3556 3.36120993 0.00336120993 3.88209607
916 3556 3.36112339 0.00336112339 3.88209607
916 3556 3.36116139 0.00336116139 3.88209607
916 3556 3.36104384 0.00336104384 3.88209607
916 3556 3.36105059 0.00336105059 3.88209607
916 3556 3.36101335 0.00336101335 3.88209607
916 3556 3.36109678 0.00336109678 3.88209607
916 3556 3.36101125 0.00336101125 3.88209607
916 3556 3.36110303 0.00336110303 3.88209607
915 3549 3.33839385 0.00333839385 3.87868852
915 3549 3.33803766 0.00333803766 3.87868852
915 3549 3.33820431 0.00333820431 3.87868852
915 3549 3.33821238 0.00333821238 3.87868852
915 3549 3.33822949 0.00333822949 3.87868852
915 3549 3.33823332 0.00333823332 3.87868852
915 3549 3.33824955 0.00333824955 3.87868852
915 3549 3.3382443 0.0033382443 3.87868852
915 3549 3.33825489 0.00333825489 3.87868852
915 3549 3.33826673 0.00333826673 3.87868852
914 3543 3.31646376 0.00331646376 3.87636761
914 3543 3.31635588 0.00331635588 3.87636761
914 3543 3.3167397 0.0033167397 3.87636761
914 3543 3.31641219 0.00331641219 3.87636761
914 3543 3.31647798 0.00331647798 3.87636761
914 3543 3.31654176 0.00331654176 3.87636761
914 3543 3.31652037 0.00331652037 3.87636761
914 3543 3.31651291 0.00331651291 3.87636761
914 3543 3.31651152 0.00331651152 3.87636761
914 3543 3.31650891 0.00331650891 3.87636761
913 3535 3.29388569 0.00329388569 3.87185104
913 3535 3.29374765 0.00329374765 3.87185104
913 3535 3.2940237 0.0032940237 3.87185104
913 3535 3.29417436 0.00329417436 3.87185104
913 3535 3.29419996 0.00329419996 3.87185104
913 3535 3.29419421 0.00329419421 3.87185104
913 3535 3.29418937 0.00329418937 3.87185104
913 3535 3.2941861 0.0032941861 3.87185104
913 3535 3.29418395 0.00329418395 3.87185104
913 3535 3.29418633 0.00329418633 3.87185104
912 3528 3.27049726 0.00327049726 3.86842105
912 3528 3.27038594 0.00327038594 3.86842105
912 3528 3.27051542 0.00327051542 3.86842105
912 3528 3.27059353 0.00327059353 3.86842105
912 3528 3.27057413 0.00327057413 3.86842105
912 3528 3.27056814 0.00327056814 3.86842105
912 3528 3.27055296 0.00327055296 3.86842105
912 3528 3.27055731 0.00327055731 3.86842105
912 3528 3.27055456 0.00327055456 3.86842105
912 3528 3.2705449 0.0032705449 3.86842105
911 3522 3.24640656 0.00324640656 3.86608123
911 3522 3.24620002 0.00324620002 3.86608123
911 3522 3.24598608 0.00324598608 3.86608123
911 3522 3.24604005 0.00324604005 3.86608123
911 3522 3.24600289 0.00324600289 3.86608123
911 3522 3.24601241 0.00324601241 3.86608123
911 3522 3.24598041 0.00324598041 3.86608123
911 3522 3.2459522 0.0032459522 3.86608123
911 3522 3.24596917 0.00324596917 3.86608123
911 3522 3.24598734 0.00324598734 3.86608123
910 3516 3.22191104 0.00322191104 3.86373626
910 3516 3.22219317 0.00322219317 3.86373626
910 3516 3.22185451 0.00322185451 3.86373626
910 3516 3.22101961 0.00322101961 3.86373626
910 3516 3.22222461 0.00322222461 3.86373626
910 3516 3.22186882 0.00322186882 3.86373626
910 3516 3.22162874 0.00322162874 3.86373626
910 3516 3.22164346 0.00322164346 3.86373626
910 3516 3.2210226 0.0032210226 3.86373626
910 3516 3.22195006 0.00322195006 3.86373626
909 3505 3.19563796 0.00319563796 3.85588559
909 3507 3.19583502 0.00319583502 3.85808581
909 3505 3.19742123 0.00319742123 3.85588559
909 3505 3.19664177 0.00319664177 3.85588559
909 3505 3.1969159 0.0031969159 3.85588559
909 3505 3.19639409 0.00319639409 3.85588559
909 3505 3.19708469 0.00319708469 3.85588559
909 3505 3.1961881 0.0031961881 3.85588559
909 3505 3.19622134 0.00319622134 3.85588559
909 3505 3.19637995 0.00319637995 3.85588559
908 3496 3.17042456 0.00317042456 3.85022026
908 3498 3.17072416 0.00317072416 3.85242291
908 3498 3.17048239 0.00317048239 3.85242291
908 3500 3.17072981 0.00317072981 3.85462555
908 3498 3.17104531 0.00317104531 3.85242291
908 3500 3.17101848 0.00317101848 3.85462555
908 3498 3.17086706 0.00317086706 3.85242291
908 3500 3.17082262 0.00317082262 3.85462555
908 3498 3.17080064 0.00317080064 3.85242291
908 3500 3.17088078 0.00317088078 3.85462555
907 3489 3.14608581 0.00314608581 3.84674752
907 3489 3.14604033 0.00314604033 3.84674752
907 3489 3.14587007 0.00314587007 3.84674752
907 3489 3.14558767 0.00314558767 3.84674752
907 3489 3.14548953 0.00314548953 3.84674752
907 3489 3.14562251 0.00314562251 3.84674752
907 3489 3.14537169 0.00314537169 3.84674752
907 3489 3.1462965 0.0031462965 3.84674752
907 3489 3.14537118 0.00314537118 3.84674752
907 3489 3.14546261 0.00314546261 3.84674752
906 3480 3.11982549 0.00311982549 3.8410596
906 3480 3.12054792 0.00312054792 3.8410596
906 3482 3.12022954 0.00312022954 3.84326711
906 3482 3.11980583 0.00311980583 3.84326711
906 3480 3.12106999 0.00312106999 3.8410596
906 3480 3.12036566 0.00312036566 3.8410596
906 3480 3.120262 0.003120262 3.8410596
906 3480 3.12065242 0.00312065242 3.8410596
906 3480 3.12042273 0.00312042273 3.8410596
906 3480 3.12040222 0.00312040222 3.8410596
905 3474 3.09434816 0.00309434816 3.83867403
905 3471 3.1066774 0.0031066774 3.83535912
905 3471 3.10602081 0.00310602081 3.83535912
905 3471 3.10622278 0.00310622278 3.83535912
905 3471 3.10598921 0.00310598921 3.83535912
905 3471 3.10616581 0.00310616581 3.83535912
905 3471 3.10621795 0.00310621795 3.83535912
905 3471 3.10646836 0.00310646836 3.83535912
905 3471 3.10625705 0.00310625705 3.83535912
905 3471 3.10635054 0.00310635054 3.83535912
904 3462 3.08125156 0.00308125156 3.82964602
904 3465 3.0808798 0.0030808798 3.8329646
904 3462 3.08176222 0.00308176222 3.82964602
904 3462 3.08209441 0.00308209441 3.82964602
904 3462 3.0818087 0.0030818087 3.82964602
904 3462 3.08209795 0.00308209795 3.82964602
904 3462 3.08187082 0.00308187082 3.82964602
904 3462 3.08191417 0.00308191417 3.82964602
904 3462 3.08193851 0.00308193851 3.82964602
904 3462 3.08193278 0.00308193278 3.82964602
903 3456 3.05630146 0.00305630146 3.82724252
903 3453 3.055879 0.003055879 3.82392027
903 3456 3.0560145 0.0030560145 3.82724252
903 3457 3.05492462 0.00305492462 3.82834994
903 3456 3.05635829 0.00305635829 3.82724252
903 3453 3.05561478 0.00305561478 3.82392027
903 3456 3.05563834 0.00305563834 3.82724252
903 3457 3.05482751 0.00305482751 3.82834994
903 3456 3.0562313 0.0030562313 3.82724252
903 3453 3.0553732 0.0030553732 3.82392027
902 3447 3.0310649 0.0030310649 3.82150776
902 3447 3.03070671 0.00303070671 3.82150776
902 3447 3.03032916 0.00303032916 3.82150776
902 3447 3.03025036 0.00303025036 3.82150776
902 3447 3.03018931 0.00303018931 3.82150776
902 3447 3.03027797 0.00303027797 3.82150776
902 3447 3.0304736 0.0030304736 3.82150776
902 3447 3.03012174 0.00303012174 3.82150776
902 3447 3.03017377 0.00303017377 3.82150776
902 3447 3.03046854 0.00303046854 3.82150776
901 3439 3.00374223 0.00300374223 3.81687014
901 3439 3.00383133 0.00300383133 3.81687014
901 3439 3.00397099 0.00300397099 3.81687014
901 3439 3.00346 0.00300346 3.81687014
901 3439 3.00343002 0.00300343002 3.81687014
901 3439 3.00329736 0.00300329736 3.81687014
901 3439 3.00341368 0.00300341368 3.81687014
901 3439 3.00334093 0.00300334093 3.81687014
901 3439 3.00345436 0.00300345436 3.81687014
901 3439 3.00335695 0.00300335695 3.81687014
900 3428 2.97734181 0.00297734181 3.80888889
900 3428 2.9774447 0.0029774447 3.80888889
900 3428 2.97709053 0.00297709053 3.80888889
900 3428 2.97679903 0.00297679903 3.80888889
900 3428 2.97643951 0.00297643951 3.80888889
900 3432 2.97741891 0.00297741891 3.81333333
900 3428 2.97746612 0.00297746612 3.80888889
900 3428 2.97707843 0.00297707843 3.80888889
900 3428 2.97685623 0.00297685623 3.80888889
900 3428 2.9765681 0.0029765681 3.80888889
899 3421 2.950664 0.002950664 3.80533927
899 3421 2.95167514 0.00295167514 3.80533927
899 3421 2.95144023 0.00295144023 3.80533927
899 3421 2.95158114 0.00295158114 3.80533927
899 3421 2.95157125 0.00295157125 3.80533927
899 3421 2.950526 0.002950526 3.80533927
899 3421 2.95162793 0.00295162793 3.80533927
899 3421 2.95167072 0.00295167072 3.80533927
899 3421 2.95125505 0.00295125505 3.80533927
899 3421 2.95142931 0.00295142931 3.80533927
898 3411 2.92432566 0.00292432566 3.79844098
898 3413 2.92630995 0.00292630995 3.80066815
898 3417 2.92686757 0.00292686757 3.80512249
898 3414 2.92722867 0.00292722867 3.80178174
898 3414 2.92722694 0.00292722694 3.80178174
898 3417 2.92713918 0.00292713918 3.80512249
898 3414 2.92729998 0.00292729998 3.80178174
898 3414 2.92673913 0.00292673913 3.80178174
898 3411 2.92666644 0.00292666644 3.79844098
898 3417 2.92697286 0.00292697286 3.80512249
897 3406 2.90199231 0.00290199231 3.79710145
897 3406 2.90181732 0.00290181732 3.79710145
897 3406 2.90211608 0.00290211608 3.79710145
897 3406 2.90173723 0.00290173723 3.79710145
897 3406 2.90167401 0.00290167401 3.79710145
897 3406 2.90173475 0.00290173475 3.79710145
897 3406 2.90178729 0.00290178729 3.79710145
897 3406 2.90182366 0.00290182366 3.79710145
897 3406 2.90178418 0.00290178418 3.79710145
897 3406 2.90175809 0.00290175809 3.79710145
896 3400 2.87508126 0.00287508126 3.79464286
896 3400 2.88055158 0.00288055158 3.79464286
896 3403 2.88034508 0.00288034508 3.79799107
896 3400 2.88038676 0.00288038676 3.79464286
896 3400 2.88036559 0.00288036559 3.79464286
896 3403 2.88026573 0.00288026573 3.79799107
896 3400 2.88072634 0.00288072634 3.79464286
896 3403 2.88017261 0.00288017261 3.79799107
896 3400 2.8808788 0.0028808788 3.79464286
896 3400 2.88057121 0.00288057121 3.79464286
895 3392 2.85558384 0.00285558384 3.78994413
895 3392 2.85532357 0.00285532357 3.78994413
895 3392 2.8551664 0.0028551664 3.78994413
895 3392 2.85498695 0.00285498695 3.78994413
895 3392 2.85542386 0.00285542386 3.78994413
895 3392 2.85495475 0.00285495475 3.78994413
895 3392 2.85545357 0.00285545357 3.78994413
895 3392 2.85493705 0.00285493705 3.78994413
895 3392 2.85547638 0.00285547638 3.78994413
895 3392 2.85495642 0.00285495642 3.78994413
894 3385 2.82831279 0.00282831279 3.78635347
894 3385 2.82813288 0.00282813288 3.78635347
894 3386 2.82902692 0.00282902692 3.78747204
894 3386 2.82955871 0.00282955871 3.78747204
894 3386 2.82889356 0.00282889356 3.78747204
894 3384 2.82937781 0.00282937781 3.7852349
894 3386 2.8291527 0.0028291527 3.78747204
894 3384 2.82963307 0.00282963307 3.7852349
894 3384 2.82963663 0.00282963663 3.7852349
894 3384 2.82945658 0.00282945658 3.7852349
893 3376 2.80403479 0.00280403479 3.78051512
893 3376 2.80437644 0.00280437644 3.78051512
893 3376 2.80407553 0.00280407553 3.78051512
893 3376 2.8041146 0.0028041146 3.78051512
893 3376 2.80409258 0.00280409258 3.78051512
893 3376 2.80432466 0.00280432466 3.78051512
893 3376 2.80414288 0.00280414288 3.78051512
893 3376 2.80423685 0.00280423685 3.78051512
893 3376 2.80390501 0.00280390501 3.78051512
893 3376 2.80415966 0.00280415966 3.78051512
892 3371 2.77708339 0.00277708339 3.77914798
892 3374 2.77869163 0.00277869163 3.78251121
892 3379 2.77901292 0.00277901292 3.78811659
892 3378 2.77829449 0.00277829449 3.78699552
892 3381 2.78225658 0.00278225658 3.79035874
892 3382 2.79758695 0.00279758695 3.79147982
892 3382 2.79775076 0.00279775076 3.79147982
892 3382 2.79728694 0.00279728694 3.79147982
892 3382 2.79707666 0.00279707666 3.79147982
892 3382 2.79694756 0.00279694756 3.79147982
891 3375 2.77280734 0.00277280734 3.78787879
891 3375 2.77352388 0.00277352388 3.78787879
891 3375 2.77357606 0.00277357606 3.78787879
891 3375 2.77350735 0.00277350735 3.78787879
891 3375 2.77315255 0.00277315255 3.78787879
891 3375 2.77349038 0.00277349038 3.78787879
891 3375 2.77343184 0.00277343184 3.78787879
891 3375 2.77346766 0.00277346766 3.78787879
891 3375 2.77355356 0.00277355356 3.78787879
891 3375 2.77347198 0.00277347198 3.78787879
890 3371 2.74745129 0.00274745129 3.78764045
890 3371 2.74757011 0.00274757011 3.78764045
890 3371 2.74751171 0.00274751171 3.78764045
890 3371 2.74815463 0.00274815463 3.78764045
890 3371 2.74825304 0.00274825304 3.78764045
890 3371 2.74808049 0.00274808049 3.78764045
890 3371 2.74810535 0.00274810535 3.78764045
890 3371 2.74717885 0.00274717885 3.78764045
890 3371 2.74772164 0.00274772164 3.78764045
890 3371 2.74683266 0.00274683266 3.78764045
889 3365 2.72037816 0.00272037816 3.78515186
889 3362 2.72045773 0.00272045773 3.78177728
889 3362 2.71996723 0.00271996723 3.78177728
889 3365 2.72061027 0.00272061027 3.78515186
889 3362 2.72033202 0.00272033202 3.78177728
889 3365 2.72057067 0.00272057067 3.78515186
889 3365 2.72042711 0.00272042711 3.78515186
889 3365 2.72028586 0.00272028586 3.78515186
889 3362 2.72041396 0.00272041396 3.78177728
889 3365 2.72061947 0.00272061947 3.78515186
888 3358 2.69536904 0.00269536904 3.78153153
888 3354 2.69455996 0.00269455996 3.77702703
888 3358 2.69534888 0.00269534888 3.78153153
888 3358 2.69518948 0.00269518948 3.78153153
888 3358 2.69482258 0.00269482258 3.78153153
888 3358 2.69394151 0.00269394151 3.78153153
888 3351 2.69519966 0.00269519966 3.77364865
888 3354 2.69338657 0.00269338657 3.77702703
888 3354 2.69374244 0.00269374244 3.77702703
888 3358 2.69604709 0.00269604709 3.78153153
887 3347 2.67002839 0.00267002839 3.77339346
887 3347 2.6698471 0.0026698471 3.77339346
887 3347 2.6683194 0.0026683194 3.77339346
887 3347 2.67062427 0.00267062427 3.77339346
887 3347 2.67028773 0.00267028773 3.77339346
887 3347 2.67013813 0.00267013813 3.77339346
887 3347 2.67076941 0.00267076941 3.77339346
887 3347 2.67037958 0.00267037958 3.77339346
887 3347 2.67002193 0.00267002193 3.77339346
887 3347 2.66960514 0.00266960514 3.77339346
886 3339 2.64392447 0.00264392447 3.76862302
886 3345 2.64384444 0.00264384444 3.77539503
886 3345 2.64339369 0.00264339369 3.77539503
886 3339 2.64334521 0.00264334521 3.76862302
886 3345 2.64386458 0.00264386458 3.77539503
886 3345 2.6442485 0.0026442485 3.77539503
886 3339 2.64377576 0.00264377576 3.76862302
886 3345 2.64356693 0.00264356693 3.77539503
886 3345 2.64421166 0.00264421166 3.77539503
886 3339 2.64394052 0.00264394052 3.76862302
885 3337 2.61754393 0.00261754393 3.77062147
885 3337 2.61826194 0.00261826194 3.77062147
885 3337 2.61753496 0.00261753496 3.77062147
885 3337 2.61769607 0.00261769607 3.77062147
885 3337 2.61792613 0.00261792613 3.77062147
885 3337 2.61767877 0.00261767877 3.77062147
885 3337 2.61695545 0.00261695545 3.77062147
885 3337 2.61774984 0.00261774984 3.77062147
885 3337 2.61728571 0.00261728571 3.77062147
885 3337 2.61729843 0.00261729843 3.77062147
884 3333 2.59162757 0.00259162757 3.77036199
884 3330 2.59135709 0.00259135709 3.76696833
884 3333 2.59127204 0.00259127204 3.77036199
884 3329 2.59196015 0.00259196015 3.7658371
884 3329 2.5916173 0.0025916173 3.7658371
884 3329 2.59162062 0.00259162062 3.7658371
884 3329 2.59177328 0.00259177328 3.7658371
884 3329 2.59161961 0.00259161961 3.7658371
884 3329 2.59155312 0.00259155312 3.7658371
884 3329 2.59167489 0.00259167489 3.7658371
883 3325 2.56540704 0.00256540704 3.76557191
883 3322 2.56558698 0.00256558698 3.76217441
883 3322 2.56552235 0.00256552235 3.76217441
883 3322 2.56559315 0.00256559315 3.76217441
883 3322 2.56557358 0.00256557358 3.76217441
883 3322 2.56491674 0.00256491674 3.76217441
883 3322 2.56556146 0.00256556146 3.76217441
883 3326 2.56510876 0.00256510876 3.76670442
883 3322 2.5651726 0.0025651726 3.76217441
883 3322 2.5653375 0.0025653375 3.76217441
882 3318 2.53949819 0.00253949819 3.76190476
882 3318 2.53929334 0.00253929334 3.76190476
882 3318 2.53937346 0.00253937346 3.76190476
882 3318 2.53942639 0.00253942639 3.76190476
882 3314 2.53900432 0.00253900432 3.75736961
882 3317 2.53845466 0.00253845466 3.76077098
882 3318 2.53917099 0.00253917099 3.76190476
882 3318 2.53951996 0.00253951996 3.76190476
882 3318 2.53993867 0.00253993867 3.76190476
882 3318 2.53919742 0.00253919742 3.76190476
881 3310 2.51332802 0.00251332802 3.75709421
881 3310 2.51355683 0.00251355683 3.75709421
881 3309 2.51386491 0.00251386491 3.75595914
881 3309 2.52396515 0.00252396515 3.75595914
881 3309 2.52405948 0.00252405948 3.75595914
881 3305 2.5236478 0.0025236478 3.75141884
881 3305 2.52411371 0.00252411371 3.75141884
881 3305 2.52386282 0.00252386282 3.75141884
881 3309 2.52420431 0.00252420431 3.75595914
881 3309 2.52401104 0.00252401104 3.75595914
880 3301 2.49818711 0.00249818711 3.75113636
880 3301 2.49868964 0.00249868964 3.75113636
880 3301 2.49853247 0.00249853247 3.75113636
880 3297 2.49838124 0.00249838124 3.74659091
880 3296 2.49766905 0.00249766905 3.74545455
880 3297 2.49854117 0.00249854117 3.74659091
880 3301 2.49845005 0.00249845005 3.75113636
880 3301 2.49859444 0.00249859444 3.75113636
880 3301 2.49874611 0.00249874611 3.75113636
880 3301 2.49845874 0.00249845874 3.75113636
879 3293 2.47312484 0.00247312484 3.74630262
879 3288 2.47270688 0.00247270688 3.74061433
879 3292 2.47218489 0.00247218489 3.74516496
879 3292 2.47241418 0.00247241418 3.74516496
879 3292 2.47271871 0.00247271871 3.74516496
879 3288 2.47232879 0.00247232879 3.74061433
879 3293 2.47325857 0.00247325857 3.74630262
879 3290 2.47298164 0.00247298164 3.74288965
879 3292 2.47243148 0.00247243148 3.74516496
879 3290 2.47258394 0.00247258394 3.74288965
878 3285 2.4465994 0.0024465994 3.74145786
878 3285 2.44690563 0.00244690563 3.74145786
878 3285 2.4474017 0.0024474017 3.74145786
878 3285 2.44739058 0.00244739058 3.74145786
878 3285 2.44709816 0.00244709816 3.74145786
878 3288 2.44682325 0.00244682325 3.74487472
878 3285 2.44696129 0.00244696129 3.74145786
878 3285 2.44739965 0.00244739965 3.74145786
878 3285 2.44716667 0.00244716667 3.74145786
878 3285 2.44747591 0.00244747591 3.74145786
877 3280 2.42197969 0.00242197969 3.74002281
877 3280 2.42227866 0.00242227866 3.74002281
877 3280 2.42205315 0.00242205315 3.74002281
877 3280 2.42186774 0.00242186774 3.74002281
877 3280 2.42204378 0.00242204378 3.74002281
877 3280 2.4221934 0.0024221934 3.74002281
877 3280 2.42199303 0.00242199303 3.74002281
877 3280 2.42211809 0.00242211809 3.74002281
877 3280 2.42217434 0.00242217434 3.74002281
877 3280 2.42192513 0.00242192513 3.74002281
876 3276 2.39577641 0.00239577641 3.73972603
876 3276 2.3958942 0.0023958942 3.73972603
876 3276 2.39611973 0.00239611973 3.73972603
876 3276 2.39589092 0.00239589092 3.73972603
876 3275 2.39514311 0.00239514311 3.73858447
876 3273 2.39574514 0.00239574514 3.73630137
876 3274 2.39817693 0.00239817693 3.73744292
876 3273 2.40182354 0.00240182354 3.73630137
876 3271 2.40726064 0.00240726064 3.73401826
876 3273 2.40778149 0.00240778149 3.73630137
875 3268 2.38429319 0.00238429319 3.73485714
875 3269 2.3838509 0.0023838509 3.736
875 3268 2.3847814 0.0023847814 3.73485714
875 3267 2.38490754 0.00238490754 3.73371429
875 3267 2.38506437 0.00238506437 3.73371429
875 3267 2.38540806 0.00238540806 3.73371429
875 3267 2.38514375 0.00238514375 3.73371429
875 3267 2.38520019 0.00238520019 3.73371429
875 3267 2.38560753 0.00238560753 3.73371429
875 3267 2.38578089 0.00238578089 3.73371429
874 3260 2.36069797 0.00236069797 3.72997712
874 3262 2.36048955 0.00236048955 3.73226545
874 3260 2.36080792 0.00236080792 3.72997712
874 3260 2.36073455 0.00236073455 3.72997712
874 3260 2.36104437 0.00236104437 3.72997712
874 3260 2.36085823 0.00236085823 3.72997712
874 3260 2.3610657 0.0023610657 3.72997712
874 3260 2.36101653 0.00236101653 3.72997712
874 3260 2.36104033 0.00236104033 3.72997712
874 3260 2.3610935 0.0023610935 3.72997712
873 3255 2.337112 0.002337112 3.72852234
873 3255 2.33658436 0.00233658436 3.72852234
873 3255 2.33644039 0.00233644039 3.72852234
873 3255 2.33678968 0.00233678968 3.72852234
873 3255 2.33628366 0.00233628366 3.72852234
873 3255 2.33605868 0.00233605868 3.72852234
873 3255 2.33651156 0.00233651156 3.72852234
873 3255 2.33630884 0.00233630884 3.72852234
873 3255 2.33594922 0.00233594922 3.72852234
873 3255 2.33612002 0.00233612002 3.72852234
872 3246 2.31099212 0.00231099212 3.72247706
872 3246 2.31159438 0.00231159438 3.72247706
872 3246 2.31080318 0.00231080318 3.72247706
872 3251 2.31040419 0.00231040419 3.72821101
872 3254 2.31182566 0.00231182566 3.73165138
872 3252 2.32949052 0.00232949052 3.7293578
872 3250 2.3315243 0.0023315243 3.72706422
872 3250 2.33183607 0.00233183607 3.72706422
872 3250 2.33125756 0.00233125756 3.72706422
872 3250 2.33129538 0.00233129538 3.72706422
871 3243 2.30634505 0.00230634505 3.72330654
871 3243 2.30667404 0.00230667404 3.72330654
871 3243 2.3063747 0.0023063747 3.72330654
871 3243 2.30644371 0.00230644371 3.72330654
871 3243 2.30675449 0.00230675449 3.72330654
871 3243 2.30567813 0.00230567813 3.72330654
871 3243 2.30688687 0.00230688687 3.72330654
871 3243 2.30468177 0.00230468177 3.72330654
871 3243 2.30628801 0.00230628801 3.72330654
871 3243 2.30627844 0.00230627844 3.72330654
870 3238 2.28093105 0.00228093105 3.72183908
870 3237 2.2798117 0.0022798117 3.72068966
870 3238 2.28196543 0.00228196543 3.72183908
870 3238 2.28210281 0.00228210281 3.72183908
870 3238 2.28239411 0.00228239411 3.72183908
870 3238 2.28184032 0.00228184032 3.72183908
870 3238 2.28169818 0.00228169818 3.72183908
870 3238 2.28148723 0.00228148723 3.72183908
870 3238 2.28158054 0.00228158054 3.72183908
870 3238 2.28154649 0.00228154649 3.72183908
869 3230 2.25692888 0.00225692888 3.716916
869 3232 2.25729778 0.00225729778 3.71921749
869 3232 2.25737272 0.00225737272 3.71921749
869 3233 2.25634667 0.00225634667 3.72036824
869 3232 2.25687472 0.00225687472 3.71921749
869 3230 2.25781407 0.00225781407 3.716916
869 3230 2.25817386 0.00225817386 3.716916
869 3230 2.25729843 0.00225729843 3.716916
869 3232 2.25731706 0.00225731706 3.71921749
869 3232 2.25723701 0.00225723701 3.71921749
868 3224 2.23273824 0.00223273824 3.71428571
868 3225 2.23248963 0.00223248963 3.71543779
868 3225 2.23229002 0.00223229002 3.71543779
868 3224 2.23248847 0.00223248847 3.71428571
868 3224 2.23261851 0.00223261851 3.71428571
868 3224 2.23311212 0.00223311212 3.71428571
868 3224 2.23271376 0.00223271376 3.71428571
868 3224 2.23287915 0.00223287915 3.71428571
868 3224 2.23294155 0.00223294155 3.71428571
868 3227 2.23175864 0.00223175864 3.71774194
867 3219 2.2078199 0.0022078199 3.71280277
867 3219 2.20769398 0.00220769398 3.71280277
867 3221 2.20782467 0.00220782467 3.71510957
867 3220 2.21433681 0.00221433681 3.71395617
867 3219 2.22022352 0.00222022352 3.71280277
867 3220 2.22615487 0.00222615487 3.71395617
867 3217 2.23331548 0.00223331548 3.71049596
867 3217 2.23577921 0.00223577921 3.71049596
867 3214 2.24184909 0.00224184909 3.70703576
867 3211 2.24277813 0.00224277813 3.70357555
866 3206 2.22051975 0.00222051975 3.70207852
866 3206 2.22101938 0.00222101938 3.70207852
866 3206 2.22052573 0.00222052573 3.70207852
866 3206 2.22083712 0.00222083712 3.70207852
866 3206 2.22052991 0.00222052991 3.70207852
866 3206 2.22069439 0.00222069439 3.70207852
866 3206 2.22059422 0.00222059422 3.70207852
866 3206 2.2205027 0.0022205027 3.70207852
866 3206 2.22056071 0.00222056071 3.70207852
866 3206 2.2208175 0.0022208175 3.70207852
865 3200 2.19732697 0.00219732697 3.69942197
865 3201 2.20268258 0.00220268258 3.70057803
865 3203 2.20456826 0.00220456826 3.70289017
865 3199 2.21651227 0.00221651227 3.6982659
865 3203 2.22891188 0.00222891188 3.70289017
865 3200 2.22934372 0.00222934372 3.69942197
865 3200 2.22932959 0.00222932959 3.69942197
865 3200 2.22962527 0.00222962527 3.69942197
865 3200 2.22945166 0.00222945166 3.69942197
865 3200 2.22946932 0.00222946932 3.69942197
864 3192 2.20827049 0.00220827049 3.69444444
864 3192 2.20967596 0.00220967596 3.69444444
864 3192 2.20917511 0.00220917511 3.69444444
864 3192 2.20865786 0.00220865786 3.69444444
864 3192 2.2088415 0.0022088415 3.69444444
864 3192 2.20878167 0.00220878167 3.69444444
864 3192 2.20876451 0.00220876451 3.69444444
864 3192 2.20876436 0.00220876436 3.69444444
864 3192 2.20869465 0.00220869465 3.69444444
864 3192 2.20872476 0.00220872476 3.69444444
863 3184 2.18864098 0.00218864098 3.68945539
863 3184 2.18909042 0.00218909042 3.68945539
863 3184 2.18933344 0.00218933344 3.68945539
863 3184 2.18887741 0.00218887741 3.68945539
863 3184 2.18923602 0.00218923602 3.68945539
863 3184 2.18875178 0.00218875178 3.68945539
863 3184 2.18906525 0.00218906525 3.68945539
863 3184 2.18887292 0.00218887292 3.68945539
863 3184 2.18924032 0.00218924032 3.68945539
863 3184 2.18903421 0.00218903421 3.68945539
862 3177 2.16743642 0.00216743642 3.68561485
862 3177 2.16697874 0.00216697874 3.68561485
862 3177 2.1671868 0.0021671868 3.68561485
862 3176 2.16711257 0.00216711257 3.68445476
862 3177 2.16742637 0.00216742637 3.68561485
862 3177 2.1669888 0.0021669888 3.68561485
862 3177 2.16726187 0.00216726187 3.68561485
862 3177 2.16710341 0.00216710341 3.68561485
862 3177 2.16697948 0.00216697948 3.68561485
862 3177 2.16692631 0.00216692631 3.68561485
861 3169 2.14532981 0.00214532981 3.68060395
861 3169 2.14530372 0.00214530372 3.68060395
861 3169 2.14544334 0.00214544334 3.68060395
861 3169 2.14530499 0.00214530499 3.68060395
861 3169 2.1456084 0.0021456084 3.68060395
861 3169 2.14572322 0.00214572322 3.68060395
861 3169 2.14546199 0.00214546199 3.68060395
861 3166 2.14504742 0.00214504742 3.67711963
861 3169 2.14575146 0.00214575146 3.68060395
861 3169 2.14526955 0.00214526955 3.68060395
860 3158 2.12310005 0.00212310005 3.67209302
860 3162 2.12344493 0.00212344493 3.67674419
860 3162 2.12322663 0.00212322663 3.67674419
860 3162 2.12363116 0.00212363116 3.67674419
860 3162 2.12340894 0.00212340894 3.67674419
860 3162 2.12375868 0.00212375868 3.67674419
860 3162 2.1231268 0.0021231268 3.67674419
860 3162 2.1234933 0.0021234933 3.67674419
860 3162 2.12349175 0.00212349175 3.67674419
860 3162 2.12358959 0.00212358959 3.67674419
859 3151 2.10038973 0.00210038973 3.66821886
859 3152 2.09978416 0.00209978416 3.669383
859 3154 2.10224945 0.00210224945 3.67171129
859 3154 2.10267117 0.00210267117 3.67171129
859 3154 2.10304255 0.00210304255 3.67171129
859 3154 2.10319196 0.00210319196 3.67171129
859 3154 2.10282048 0.00210282048 3.67171129
859 3154 2.10280873 0.00210280873 3.67171129
859 3154 2.10301733 0.00210301733 3.67171129
859 3154 2.10300405 0.00210300405 3.67171129
858 3146 2.08217402 0.00208217402 3.66666667
858 3146 2.08188419 0.00208188419 3.66666667
858 3147 2.08233861 0.00208233861 3.66783217
858 3147 2.08190119 0.00208190119 3.66783217
858 3147 2.08198226 0.00208198226 3.66783217
858 3147 2.08155589 0.00208155589 3.66783217
858 3147 2.08179459 0.00208179459 3.66783217
858 3147 2.08206797 0.00208206797 3.66783217
858 3147 2.08202985 0.00208202985 3.66783217
858 3147 2.0820099 0.0020820099 3.66783217
857 3139 2.06153754 0.00206153754 3.66277713
857 3139 2.0615418 0.0020615418 3.66277713
857 3139 2.0618317 0.0020618317 3.66277713
857 3139 2.06213718 0.00206213718 3.66277713
857 3139 2.06202258 0.00206202258 3.66277713
857 3139 2.06208872 0.00206208872 3.66277713
857 3139 2.06202157 0.00206202157 3.66277713
857 3139 2.06200199 0.00206200199 3.66277713
857 3139 2.06201325 0.00206201325 3.66277713
857 3139 2.06201035 0.00206201035 3.66277713
856 3132 2.03945845 0.00203945845 3.6588785
856 3132 2.03957797 0.00203957797 3.6588785
856 3132 2.03964715 0.00203964715 3.6588785
856 3132 2.03938 0.00203938 3.6588785
856 3132 2.03969186 0.00203969186 3.6588785
856 3132 2.03906 0.00203906 3.6588785
856 3132 2.040459 0.002040459 3.6588785
856 3132 2.04018007 0.00204018007 3.6588785
856 3132 2.03946566 0.00203946566 3.6588785
856 3132 2.0394706 0.0020394706 3.6588785
855 3124 2.01668722 0.00201668722 3.65380117
855 3122 2.02918674 0.00202918674 3.65146199
855 3122 2.02916591 0.00202916591 3.65146199
855 3122 2.02911073 0.00202911073 3.65146199
855 3122 2.02931799 0.00202931799 3.65146199
855 3122 2.02902388 0.00202902388 3.65146199
855 3122 2.02928421 0.00202928421 3.65146199
855 3122 2.02970349 0.00202970349 3.65146199
855 3122 2.03006003 0.00203006003 3.65146199
855 3122 2.02912672 0.00202912672 3.65146199
854 3115 2.00844508 0.00200844508 3.64754098
854 3115 2.00787027 0.00200787027 3.64754098
854 3115 2.00750105 0.00200750105 3.64754098
854 3115 2.00790191 0.00200790191 3.64754098
854 3115 2.00744646 0.00200744646 3.64754098
854 3115 2.00771298 0.00200771298 3.64754098
854 3115 2.00741809 0.00200741809 3.64754098
854 3115 2.00721378 0.00200721378 3.64754098
854 3115 2.00743488 0.00200743488 3.64754098
854 3115 2.0072062 0.0020072062 3.64754098
853 3108 1.98732954 0.00198732954 3.64361079
853 3108 1.98585789 0.00198585789 3.64361079
853 3108 1.98616691 0.00198616691 3.64361079
853 3108 1.98629896 0.00198629896 3.64361079
853 3108 1.98604787 0.00198604787 3.64361079
853 3108 1.98607959 0.00198607959 3.64361079
853 3108 1.98606805 0.00198606805 3.64361079
853 3108 1.98616204 0.00198616204 3.64361079
853 3108 1.98623876 0.00198623876 3.64361079
853 3108 1.98621755 0.00198621755 3.64361079
852 3100 1.96415699 0.00196415699 3.63849765
852 3103 1.98019471 0.00198019471 3.64201878
852 3103 1.98424102 0.00198424102 3.64201878
852 3102 1.99367382 0.00199367382 3.64084507
852 3104 2.00500945 0.00200500945 3.64319249
852 3104 2.01306618 0.00201306618 3.64319249
852 3104 2.01300478 0.00201300478 3.64319249
852 3102 2.01419333 0.00201419333 3.64084507
852 3106 2.01556345 0.00201556345 3.64553991
852 3103 2.01944638 0.00201944638 3.64201878
851 3099 2.00404823 0.00200404823 3.64159812
851 3098 2.00809691 0.00200809691 3.64042303
851 3098 2.01101929 0.00201101929 3.64042303
851 3100 2.01399429 0.00201399429 3.64277321
851 3102 2.0235014 0.0020235014 3.64512338
851 3100 2.06579675 0.00206579675 3.64277321
851 3096 2.08299527 0.00208299527 3.63807286
851 3099 2.09434523 0.00209434523 3.64159812
851 3098 2.10254471 0.00210254471 3.64042303
851 3097 2.11503434 0.00211503434 3.63924794
850 3091 2.10695068 0.00210695068 3.63647059
850 3090 2.11168463 0.00211168463 3.63529412
850 3089 2.12119372 0.00212119372 3.63411765
850 3087 2.12599469 0.00212599469 3.63176471
850 3083 2.13199328 0.00213199328 3.62705882
850 3078 2.13502446 0.00213502446 3.62117647
850 3077 2.14379905 0.00214379905 3.62
850 3077 2.14764035 0.00214764035 3.62
850 3079 2.15616908 0.00215616908 3.62235294
850 3084 2.16006598 0.00216006598 3.62823529
849 3078 2.15319001 0.00215319001 3.6254417
849 3079 2.15585853 0.00215585853 3.62661955
849 3077 2.2463288 0.0022463288 3.62426384
849 3075 2.24872421 0.00224872421 3.62190813
849 3075 2.25088799 0.00225088799 3.62190813
849 3075 2.25589178 0.00225589178 3.62190813
849 3073 2.25752898 0.00225752898 3.61955241
849 3066 2.26686572 0.00226686572 3.61130742
849 3069 2.27871692 0.00227871692 3.61484099
849 3072 2.28769428 0.00228769428 3.61837456
848 3065 2.28265657 0.00228265657 3.61438679
848 3065 2.28640819 0.00228640819 3.61438679
848 3067 2.30099615 0.00230099615 3.61674528
848 3066 2.32272314 0.00232272314 3.61556604
848 3066 2.35159071 0.00235159071 3.61556604
848 3065 2.35743249 0.00235743249 3.61438679
848 3064 2.3610177 0.0023610177 3.61320755
848 3067 2.36481287 0.00236481287 3.61674528
848 3064 2.366334 0.002366334 3.61320755
848 3065 2.37026975 0.00237026975 3.61438679
847 3061 2.363912 0.002363912 3.61393152
847 3066 2.36495698 0.00236495698 3.61983471
847 3072 2.36563907 0.00236563907 3.62691854
847 3072 2.36670403 0.00236670403 3.62691854
847 3070 2.36703147 0.00236703147 3.62455726
847 3069 2.36690788 0.00236690788 3.62337662
847 3069 2.36701196 0.00236701196 3.62337662
847 3071 2.36713863 0.00236713863 3.6257379
847 3071 2.36704103 0.00236704103 3.6257379
847 3069 2.36703258 0.00236703258 3.62337662
846 3062 2.36031895 0.00236031895 3.61938534
846 3062 2.36045739 0.00236045739 3.61938534
846 3062 2.36042833 0.00236042833 3.61938534
846 3062 2.36040721 0.00236040721 3.61938534
846 3062 2.36035428 0.00236035428 3.61938534
846 3062 2.36022735 0.00236022735 3.61938534
846 3062 2.36005904 0.00236005904 3.61938534
846 3062 2.35989038 0.00235989038 3.61938534
846 3062 2.35978107 0.00235978107 3.61938534
846 3062 2.35972895 0.00235972895 3.61938534
845 3055 2.3530384 0.0023530384 3.61538462
845 3060 2.35360964 0.00235360964 3.62130178
845 3060 2.35397993 0.00235397993 3.62130178
845 3060 2.35396802 0.00235396802 3.62130178
845 3059 2.35360995 0.00235360995 3.62011834
845 3059 2.3538381 0.0023538381 3.62011834
845 3060 2.3536304 0.0023536304 3.62130178
845 3060 2.35375662 0.00235375662 3.62130178
845 3060 2.35399299 0.00235399299 3.62130178
845 3060 2.35402184 0.00235402184 3.62130178
844 3052 2.34694122 0.00234694122 3.61611374
844 3050 2.34712184 0.00234712184 3.61374408
844 3052 2.34671721 0.00234671721 3.61611374
844 3052 2.3467119 0.0023467119 3.61611374
844 3052 2.34705232 0.00234705232 3.61611374
844 3055 2.34734868 0.00234734868 3.61966825
844 3054 2.34677071 0.00234677071 3.61848341
844 3046 2.35323736 0.00235323736 3.60900474
844 3048 2.3534127 0.0023534127 3.61137441
844 3048 2.35334854 0.00235334854 3.61137441
843 3040 2.34727047 0.00234727047 3.60616845
843 3041 2.34672908 0.00234672908 3.60735469
843 3041 2.3470158 0.0023470158 3.60735469
843 3036 2.346419 0.002346419 3.60142349
843 3041 2.34671858 0.00234671858 3.60735469
843 3041 2.34704167 0.00234704167 3.60735469
843 3039 2.34650853 0.00234650853 3.60498221
843 3036 2.34720263 0.00234720263 3.60142349
843 3039 2.3467237 0.0023467237 3.60498221
843 3036 2.34639653 0.00234639653 3.60142349
842 3031 2.34082121 0.00234082121 3.59976247
842 3036 2.34052215 0.00234052215 3.60570071
842 3036 2.34081472 0.00234081472 3.60570071
842 3036 2.34087701 0.00234087701 3.60570071
842 3036 2.34040738 0.00234040738 3.60570071
842 3036 2.34083798 0.00234083798 3.60570071
842 3031 2.34082288 0.00234082288 3.59976247
842 3031 2.34021492 0.00234021492 3.59976247
842 3036 2.34107905 0.00234107905 3.60570071
842 3036 2.34063341 0.00234063341 3.60570071
841 3028 2.33373261 0.00233373261 3.60047562
841 3028 2.33340208 0.00233340208 3.60047562
841 3028 2.3338279 0.0023338279 3.60047562
841 3028 2.33416328 0.00233416328 3.60047562
841 3028 2.33426362 0.00233426362 3.60047562
841 3028 2.33418259 0.00233418259 3.60047562
841 3028 2.33421498 0.00233421498 3.60047562
841 3028 2.33390232 0.00233390232 3.60047562
841 3028 2.33365958 0.00233365958 3.60047562
841 3028 2.33362031 0.00233362031 3.60047562
840 3024 2.3269937 0.0023269937 3.6
840 3024 2.32726094 0.00232726094 3.6
840 3024 2.32725808 0.00232725808 3.6
840 3024 2.32735074 0.00232735074 3.6
840 3020 2.32730417 0.00232730417 3.5952381
840 3016 2.32788517 0.00232788517 3.59047619
840 3020 2.32813549 0.00232813549 3.5952381
840 3018 2.33112287 0.00233112287 3.59285714
840 3018 2.33114465 0.00233114465 3.59285714
840 3018 2.33104492 0.00233104492 3.59285714
839 3007 2.32511355 0.00232511355 3.58402861
839 3012 2.33081074 0.00233081074 3.58998808
839 3016 2.331564 0.002331564 3.59475566
839 3015 2.33131571 0.00233131571 3.59356377
839 3018 2.33282727 0.00233282727 3.59713945
839 3014 2.33288614 0.00233288614 3.59237187
839 3014 2.3331861 0.0023331861 3.59237187
839 3014 2.33384199 0.00233384199 3.59237187
839 3014 2.33292075 0.00233292075 3.59237187
839 3014 2.33379338 0.00233379338 3.59237187
838 3009 2.32675259 0.00232675259 3.59069212
838 3009 2.32683681 0.00232683681 3.59069212
838 3006 2.32798787 0.00232798787 3.58711217
838 3013 2.32688277 0.00232688277 3.59546539
SP does not find any fixed points -> SP does not converge.
I am sorry I quit :(
