START ALGORITHM:
I am going to build an instance with N: 300 variables and 1200 clauses with a clause density equal to 4
START BSP WITH r=0.9:
Decimation scorer: gamma:0.01
END UNIT PROPAGATION
300 1200 5.48113241 0.0182704414 4
300 1200 5.48039755 0.0182679918 4
300 1200 5.48044803 0.0182681601 4
300 1200 5.47999911 0.0182666637 4
300 1200 5.48004269 0.018266809 4
300 1200 5.48019761 0.0182673254 4
300 1200 5.48019275 0.0182673092 4
300 1200 5.48011338 0.0182670446 4
300 1200 5.48012118 0.0182670706 4
299 1190 5.48014198 0.0182671399 3.97993311
299 1190 5.48012803 0.0182670934 3.97993311
299 1190 5.48013938 0.0182671313 3.97993311
299 1190 5.48014559 0.018267152 3.97993311
299 1190 5.48014 0.0182671333 3.97993311
299 1190 5.48013775 0.0182671258 3.97993311
299 1190 5.48013996 0.0182671332 3.97993311
299 1190 5.48014098 0.0182671366 3.97993311
299 1190 5.48014003 0.0182671334 3.97993311
299 1190 5.48013963 0.0182671321 3.97993311
298 1184 5.48014022 0.0182671341 3.97315436
298 1184 5.4801401 0.0182671337 3.97315436
298 1184 5.48013065 0.0182671022 3.97315436
298 1184 5.48013242 0.0182671081 3.97315436
298 1184 5.48013419 0.018267114 3.97315436
298 1184 5.48013491 0.0182671164 3.97315436
298 1184 5.48013479 0.018267116 3.97315436
298 1184 5.48013465 0.0182671155 3.97315436
298 1184 5.4801346 0.0182671153 3.97315436
298 1184 5.48013458 0.0182671153 3.97315436
297 1172 5.47530394 0.0182510131 3.94612795
297 1172 5.475261 0.01825087 3.94612795
297 1172 5.47531394 0.0182510465 3.94612795
297 1172 5.47524321 0.0182508107 3.94612795
297 1172 5.47531271 0.0182510424 3.94612795
297 1172 5.47524296 0.0182508099 3.94612795
297 1172 5.4753107 0.0182510357 3.94612795
297 1172 5.4752409 0.018250803 3.94612795
297 1172 5.47531084 0.0182510361 3.94612795
297 1172 5.47524043 0.0182508014 3.94612795
296 1163 5.46396943 0.0182132314 3.92905405
296 1163 5.46399896 0.0182133299 3.92905405
296 1163 5.46403293 0.0182134431 3.92905405
296 1163 5.46401953 0.0182133984 3.92905405
296 1163 5.46401082 0.0182133694 3.92905405
296 1163 5.46401601 0.0182133867 3.92905405
296 1163 5.46401708 0.0182133903 3.92905405
296 1163 5.46401603 0.0182133868 3.92905405
296 1163 5.46401468 0.0182133823 3.92905405
296 1163 5.46401509 0.0182133836 3.92905405
295 1161 5.4640153 0.0182133843 3.93559322
295 1161 5.46395264 0.0182131755 3.93559322
295 1161 5.46398214 0.0182132738 3.93559322
295 1161 5.46399823 0.0182133274 3.93559322
295 1161 5.46399032 0.0182133011 3.93559322
295 1161 5.46399252 0.0182133084 3.93559322
295 1161 5.46399256 0.0182133085 3.93559322
295 1161 5.46399293 0.0182133098 3.93559322
295 1161 5.46399305 0.0182133102 3.93559322
295 1161 5.46399316 0.0182133105 3.93559322
294 1150 5.44820898 0.0181606966 3.91156463
294 1150 5.44823733 0.0181607911 3.91156463
294 1150 5.44825156 0.0181608385 3.91156463
294 1156 5.44823727 0.0181607909 3.93197279
294 1150 5.44822261 0.018160742 3.91156463
294 1150 5.4482552 0.0181608507 3.91156463
294 1150 5.44824856 0.0181608285 3.91156463
294 1156 5.44822637 0.0181607546 3.93197279
294 1156 5.44814936 0.0181604979 3.93197279
294 1156 5.44818664 0.0181606221 3.93197279
293 1145 5.43248722 0.0181082907 3.90784983
293 1145 5.43248422 0.0181082807 3.90784983
293 1145 5.43250104 0.0181083368 3.90784983
293 1145 5.43249675 0.0181083225 3.90784983
293 1145 5.43249972 0.0181083324 3.90784983
293 1145 5.43249937 0.0181083312 3.90784983
293 1145 5.43249978 0.0181083326 3.90784983
293 1145 5.43250027 0.0181083342 3.90784983
293 1145 5.43250054 0.0181083351 3.90784983
293 1145 5.43250069 0.0181083356 3.90784983
292 1142 5.41743626 0.0180581209 3.9109589
292 1142 5.41744159 0.0180581386 3.9109589
292 1142 5.41747468 0.0180582489 3.9109589
292 1142 5.41748309 0.018058277 3.9109589
292 1142 5.41747722 0.0180582574 3.9109589
292 1142 5.41747744 0.0180582581 3.9109589
292 1142 5.41747833 0.0180582611 3.9109589
292 1142 5.41747717 0.0180582572 3.9109589
292 1142 5.41747683 0.0180582561 3.9109589
292 1142 5.41747682 0.0180582561 3.9109589
291 1134 5.39665452 0.0179888484 3.89690722
291 1134 5.39658902 0.0179886301 3.89690722
291 1134 5.39649104 0.0179883035 3.89690722
291 1134 5.39653976 0.0179884659 3.89690722
291 1134 5.39655491 0.0179885164 3.89690722
291 1134 5.39661783 0.0179887261 3.89690722
291 1134 5.39668061 0.0179889354 3.89690722
291 1134 5.39655336 0.0179885112 3.89690722
291 1134 5.39663684 0.0179887895 3.89690722
291 1134 5.39662212 0.0179887404 3.89690722
290 1128 5.37458919 0.0179152973 3.88965517
290 1128 5.37449398 0.0179149799 3.88965517
290 1128 5.37448798 0.0179149599 3.88965517
290 1128 5.37466811 0.0179155604 3.88965517
290 1128 5.37467215 0.0179155738 3.88965517
290 1128 5.37449279 0.017914976 3.88965517
290 1128 5.37448188 0.0179149396 3.88965517
290 1128 5.37449617 0.0179149872 3.88965517
290 1128 5.3744954 0.0179149847 3.88965517
290 1128 5.37449152 0.0179149717 3.88965517
289 1121 5.34706819 0.0178235606 3.87889273
289 1121 5.34691609 0.0178230536 3.87889273
289 1121 5.34694819 0.0178231606 3.87889273
289 1121 5.34696687 0.0178232229 3.87889273
289 1121 5.34697379 0.017823246 3.87889273
289 1121 5.34697841 0.0178232614 3.87889273
289 1121 5.34697938 0.0178232646 3.87889273
289 1121 5.34697967 0.0178232656 3.87889273
289 1121 5.34697977 0.0178232659 3.87889273
289 1121 5.34697978 0.0178232659 3.87889273
288 1116 5.31292053 0.0177097351 3.875
288 1112 5.31348017 0.0177116006 3.86111111
288 1116 5.31271734 0.0177090578 3.875
288 1116 5.3128198 0.0177093993 3.875
288 1116 5.31278955 0.0177092985 3.875
288 1116 5.3128102 0.0177093673 3.875
288 1116 5.3128132 0.0177093773 3.875
288 1116 5.3128137 0.017709379 3.875
288 1116 5.31281326 0.0177093775 3.875
288 1116 5.31281345 0.0177093782 3.875
287 1107 5.28200592 0.0176066864 3.85714286
287 1107 5.28191544 0.0176063848 3.85714286
287 1107 5.2819419 0.017606473 3.85714286
287 1107 5.28193742 0.0176064581 3.85714286
287 1107 5.28193693 0.0176064564 3.85714286
287 1107 5.28193602 0.0176064534 3.85714286
287 1107 5.2819359 0.017606453 3.85714286
287 1107 5.28193587 0.0176064529 3.85714286
287 1107 5.28193588 0.0176064529 3.85714286
287 1107 5.28193589 0.017606453 3.85714286
286 1100 5.24881824 0.0174960608 3.84615385
286 1103 5.22994366 0.0174331455 3.85664336
286 1105 5.25653178 0.0175217726 3.86363636
286 1103 5.25805343 0.0175268448 3.85664336
286 1104 5.25510094 0.0175170031 3.86013986
286 1103 5.25826976 0.0175275659 3.85664336
286 1100 5.26039917 0.0175346639 3.84615385
286 1100 5.26018943 0.0175339648 3.84615385
286 1100 5.26012924 0.0175337641 3.84615385
286 1100 5.2601098 0.0175336993 3.84615385
285 1095 5.22724508 0.0174241503 3.84210526
285 1095 5.22751534 0.0174250511 3.84210526
285 1095 5.22759468 0.0174253156 3.84210526
285 1095 5.22758867 0.0174252956 3.84210526
285 1095 5.22758696 0.0174252899 3.84210526
285 1095 5.22758671 0.017425289 3.84210526
285 1095 5.22758664 0.0174252888 3.84210526
285 1095 5.22758667 0.0174252889 3.84210526
285 1095 5.22758668 0.0174252889 3.84210526
285 1095 5.22758668 0.0174252889 3.84210526
284 1089 5.19672404 0.0173224135 3.83450704
284 1089 5.19716953 0.0173238984 3.83450704
284 1089 5.19723686 0.0173241229 3.83450704
284 1089 5.19725526 0.0173241842 3.83450704
284 1089 5.19728899 0.0173242966 3.83450704
284 1089 5.19729769 0.0173243256 3.83450704
284 1089 5.19730238 0.0173243413 3.83450704
284 1089 5.19730356 0.0173243452 3.83450704
284 1089 5.1973042 0.0173243473 3.83450704
284 1089 5.1973043 0.0173243477 3.83450704
283 1083 5.15723393 0.0171907798 3.82685512
283 1083 5.15666893 0.0171888964 3.82685512
283 1083 5.15660897 0.0171886966 3.82685512
283 1083 5.15671445 0.0171890482 3.82685512
283 1082 5.15832237 0.0171944079 3.82332155
283 1077 5.15530116 0.0171843372 3.80565371
283 1082 5.15826473 0.0171942158 3.82332155
283 1082 5.15787067 0.0171929022 3.82332155
283 1082 5.15805798 0.0171935266 3.82332155
283 1082 5.15800855 0.0171933618 3.82332155
282 1070 5.12121525 0.0170707175 3.79432624
282 1070 5.12158519 0.0170719506 3.79432624
282 1070 5.12169009 0.0170723003 3.79432624
282 1070 5.12174674 0.0170724891 3.79432624
282 1070 5.12177186 0.0170725729 3.79432624
282 1070 5.12177427 0.0170725809 3.79432624
282 1070 5.12177404 0.0170725801 3.79432624
282 1070 5.1217743 0.017072581 3.79432624
282 1070 5.12177432 0.0170725811 3.79432624
282 1070 5.12177436 0.0170725812 3.79432624
281 1064 5.08145098 0.0169381699 3.78647687
281 1064 5.08091092 0.0169363697 3.78647687
281 1064 5.08091875 0.0169363958 3.78647687
281 1064 5.08088159 0.016936272 3.78647687
281 1064 5.08082555 0.0169360852 3.78647687
281 1064 5.08091241 0.0169363747 3.78647687
281 1064 5.08088941 0.016936298 3.78647687
281 1064 5.080828 0.0169360933 3.78647687
281 1064 5.08091243 0.0169363748 3.78647687
281 1064 5.08088935 0.0169362978 3.78647687
280 1057 5.0383136 0.0167943787 3.775
280 1055 5.03584709 0.016786157 3.76785714
280 1056 5.03544787 0.0167848262 3.77142857
280 1053 5.03159684 0.0167719895 3.76071429
280 1055 5.03619111 0.0167873037 3.76785714
280 1055 5.03584065 0.0167861355 3.76785714
280 1055 5.03591694 0.0167863898 3.76785714
280 1055 5.03578735 0.0167859578 3.76785714
280 1055 5.03603038 0.0167867679 3.76785714
280 1055 5.03579146 0.0167859715 3.76785714
279 1047 4.9962489 0.016654163 3.75268817
279 1047 4.99637055 0.0166545685 3.75268817
279 1047 4.99586015 0.0166528672 3.75268817
279 1047 4.9963953 0.016654651 3.75268817
279 1047 4.99605576 0.0166535192 3.75268817
279 1047 4.99609289 0.016653643 3.75268817
279 1047 4.99663477 0.0166554492 3.75268817
279 1047 4.9958411 0.0166528037 3.75268817
279 1047 4.9963664 0.0166545547 3.75268817
279 1047 4.99607091 0.0166535697 3.75268817
278 1038 4.95541144 0.0165180381 3.73381295
278 1040 4.9549249 0.0165164163 3.74100719
278 1039 4.96283091 0.0165427697 3.73741007
278 1040 4.95124121 0.0165041374 3.74100719
278 1039 4.96270479 0.0165423493 3.73741007
278 1039 4.96282237 0.0165427412 3.73741007
278 1039 4.96281811 0.016542727 3.73741007
278 1039 4.96280285 0.0165426762 3.73741007
278 1039 4.96280561 0.0165426854 3.73741007
278 1039 4.96280454 0.0165426818 3.73741007
277 1031 4.92684107 0.0164228036 3.72202166
277 1031 4.92674031 0.0164224677 3.72202166
277 1031 4.92695585 0.0164231862 3.72202166
277 1031 4.9269279 0.016423093 3.72202166
277 1031 4.92692573 0.0164230858 3.72202166
277 1031 4.92692699 0.01642309 3.72202166
277 1031 4.92692862 0.0164230954 3.72202166
277 1031 4.92692764 0.0164230921 3.72202166
277 1031 4.92692769 0.0164230923 3.72202166
277 1031 4.92692771 0.0164230924 3.72202166
276 1024 4.88587715 0.0162862572 3.71014493
276 1024 4.8856487 0.0162854957 3.71014493
276 1024 4.88545159 0.0162848386 3.71014493
276 1024 4.88553737 0.0162851246 3.71014493
276 1024 4.88572215 0.0162857405 3.71014493
276 1024 4.88544527 0.0162848176 3.71014493
276 1024 4.88621408 0.0162873803 3.71014493
276 1024 4.88554198 0.0162851399 3.71014493
276 1024 4.88562219 0.0162854073 3.71014493
276 1024 4.88554063 0.0162851354 3.71014493
275 1016 4.84242409 0.0161414136 3.69454545
275 1018 4.8414306 0.016138102 3.70181818
275 1018 4.84138871 0.0161379624 3.70181818
275 1016 4.84283291 0.0161427764 3.69454545
275 1016 4.84291907 0.0161430636 3.69454545
275 1018 4.84139803 0.0161379934 3.70181818
275 1018 4.84137436 0.0161379145 3.70181818
275 1018 4.84141449 0.0161380483 3.70181818
275 1016 4.84283326 0.0161427775 3.69454545
275 1016 4.84291894 0.0161430631 3.69454545
274 1010 4.80155173 0.0160051724 3.68613139
274 1010 4.80130188 0.0160043396 3.68613139
274 1010 4.80125573 0.0160041858 3.68613139
274 1010 4.80130929 0.0160043643 3.68613139
274 1010 4.80128186 0.0160042729 3.68613139
274 1010 4.80133161 0.0160044387 3.68613139
274 1010 4.80128106 0.0160042702 3.68613139
274 1010 4.80133164 0.0160044388 3.68613139
274 1010 4.80128098 0.0160042699 3.68613139
274 1010 4.80133156 0.0160044385 3.68613139
273 1000 4.75582532 0.0158527511 3.66300366
273 1000 4.75588719 0.0158529573 3.66300366
273 1000 4.755601 0.0158520033 3.66300366
273 1000 4.75591468 0.0158530489 3.66300366
273 1000 4.75601884 0.0158533961 3.66300366
273 1000 4.75611176 0.0158537059 3.66300366
273 1000 4.75608317 0.0158536106 3.66300366
273 1000 4.75608868 0.0158536289 3.66300366
273 1000 4.75608526 0.0158536175 3.66300366
273 1000 4.75608626 0.0158536209 3.66300366
272 991 4.70341807 0.0156780602 3.64338235
271 986 4.6623803 0.0155412677 3.63837638
271 986 4.66193604 0.0155397868 3.63837638
271 986 4.6623239 0.0155410797 3.63837638
271 986 4.66289739 0.0155429913 3.63837638
271 986 4.66250449 0.0155416816 3.63837638
271 986 4.66285306 0.0155428435 3.63837638
271 986 4.66194647 0.0155398216 3.63837638
271 986 4.6623273 0.015541091 3.63837638
271 986 4.6628978 0.0155429927 3.63837638
270 977 4.61401333 0.0153800444 3.61851852
270 977 4.61378059 0.0153792686 3.61851852
270 977 4.61387203 0.0153795734 3.61851852
270 977 4.61384772 0.0153794924 3.61851852
270 977 4.61385341 0.0153795114 3.61851852
270 977 4.61385414 0.0153795138 3.61851852
270 977 4.61385402 0.0153795134 3.61851852
270 977 4.61385411 0.0153795137 3.61851852
270 977 4.61385411 0.0153795137 3.61851852
270 977 4.61385411 0.0153795137 3.61851852
269 969 4.56398733 0.0152132911 3.60223048
269 970 4.56382214 0.0152127405 3.60594796
269 971 4.56121719 0.0152040573 3.60966543
269 969 4.56435758 0.0152145253 3.60223048
269 969 4.56397012 0.0152132337 3.60223048
269 969 4.56398829 0.0152132943 3.60223048
269 969 4.56398738 0.0152132913 3.60223048
269 969 4.5639855 0.015213285 3.60223048
269 969 4.56398698 0.0152132899 3.60223048
269 969 4.56398701 0.01521329 3.60223048
268 962 4.5179393 0.0150597977 3.58955224
268 962 4.51759034 0.0150586345 3.58955224
268 962 4.5173505 0.015057835 3.58955224
268 962 4.51762706 0.0150587569 3.58955224
268 962 4.51744744 0.0150581581 3.58955224
268 962 4.51762988 0.0150587663 3.58955224
268 962 4.51744181 0.0150581394 3.58955224
268 962 4.5176298 0.015058766 3.58955224
268 962 4.5174421 0.0150581403 3.58955224
268 962 4.51762981 0.015058766 3.58955224
267 956 4.46596692 0.0148865564 3.58052434
267 956 4.4668248 0.014889416 3.58052434
266 950 4.45098148 0.0148366049 3.57142857
266 950 4.45085046 0.0148361682 3.57142857
266 950 4.45061817 0.0148353939 3.57142857
266 950 4.4509873 0.0148366243 3.57142857
266 950 4.45064857 0.0148354952 3.57142857
266 950 4.45067293 0.0148355764 3.57142857
266 950 4.45100057 0.0148366686 3.57142857
266 950 4.45064804 0.0148354935 3.57142857
265 944 4.39844737 0.0146614912 3.56226415
265 944 4.39858715 0.0146619572 3.56226415
265 944 4.39867044 0.0146622348 3.56226415
265 944 4.39870004 0.0146623335 3.56226415
265 944 4.39869973 0.0146623324 3.56226415
265 944 4.39869977 0.0146623326 3.56226415
265 944 4.3986997 0.0146623323 3.56226415
265 944 4.39869968 0.0146623323 3.56226415
265 944 4.3986996 0.014662332 3.56226415
265 944 4.3986996 0.014662332 3.56226415
264 937 4.34649782 0.0144883261 3.54924242
264 934 4.34253625 0.0144751208 3.53787879
264 933 4.35385253 0.0145128418 3.53409091
264 933 4.35411979 0.0145137326 3.53409091
264 933 4.35366768 0.0145122256 3.53409091
264 933 4.35397956 0.0145132652 3.53409091
264 933 4.35387445 0.0145129148 3.53409091
264 933 4.35389984 0.0145129995 3.53409091
264 933 4.35389941 0.014512998 3.53409091
264 933 4.35390125 0.0145130042 3.53409091
263 927 4.29849363 0.0143283121 3.52471483
263 927 4.29817964 0.0143272655 3.52471483
263 927 4.29817305 0.0143272435 3.52471483
263 927 4.29819273 0.0143273091 3.52471483
263 927 4.29819452 0.0143273151 3.52471483
263 927 4.29819469 0.0143273156 3.52471483
263 927 4.29819459 0.0143273153 3.52471483
263 927 4.29819458 0.0143273153 3.52471483
263 927 4.29819458 0.0143273153 3.52471483
263 927 4.29819458 0.0143273153 3.52471483
262 917 4.24627564 0.0141542521 3.5
262 917 4.24680953 0.0141560318 3.5
262 922 4.24424623 0.0141474874 3.51908397
262 925 4.23396252 0.0141132084 3.53053435
262 926 4.26363508 0.0142121169 3.53435115
262 926 4.26379918 0.0142126639 3.53435115
262 926 4.26354771 0.0142118257 3.53435115
262 926 4.26370309 0.0142123436 3.53435115
262 926 4.26359529 0.0142119843 3.53435115
262 926 4.2638405 0.0142128017 3.53435115
261 920 4.206956 0.0140231867 3.52490421
261 916 4.20635203 0.0140211734 3.50957854
261 920 4.20698941 0.014023298 3.52490421
261 920 4.20687713 0.0140229238 3.52490421
261 920 4.20664739 0.014022158 3.52490421
261 920 4.20693727 0.0140231242 3.52490421
261 920 4.20659381 0.0140219794 3.52490421
261 920 4.20691449 0.0140230483 3.52490421
261 920 4.20659587 0.0140219862 3.52490421
261 920 4.20691456 0.0140230485 3.52490421
260 910 4.15526753 0.0138508918 3.5
260 913 4.14014017 0.0138004672 3.51153846
260 910 4.15543277 0.0138514426 3.5
260 910 4.15480001 0.0138493334 3.5
260 910 4.15525118 0.0138508373 3.5
260 910 4.15473563 0.0138491188 3.5
260 910 4.15467795 0.0138489265 3.5
260 910 4.15536072 0.0138512024 3.5
260 910 4.15472225 0.0138490742 3.5
260 910 4.15468987 0.0138489662 3.5
259 903 4.10256224 0.0136752075 3.48648649
259 903 4.09426549 0.0136475516 3.48648649
259 906 4.11094555 0.0137031518 3.4980695
259 906 4.11126969 0.0137042323 3.4980695
259 906 4.11091084 0.0137030361 3.4980695
259 906 4.10268059 0.013675602 3.4980695
259 902 4.09199399 0.01363998 3.48262548
259 907 4.10398767 0.0136799589 3.5019305
259 906 4.11125896 0.0137041965 3.4980695
259 906 4.11131552 0.0137043851 3.4980695
258 900 4.06363662 0.0135454554 3.48837209
258 900 4.06359831 0.0135453277 3.48837209
258 900 4.06354885 0.0135451628 3.48837209
258 900 4.06345307 0.0135448436 3.48837209
258 900 4.06354388 0.0135451463 3.48837209
258 900 4.06356205 0.0135452068 3.48837209
258 900 4.06355109 0.0135451703 3.48837209
258 900 4.06345269 0.0135448423 3.48837209
258 900 4.06354384 0.0135451461 3.48837209
258 900 4.06356206 0.0135452069 3.48837209
257 889 4.01780855 0.0133926952 3.45914397
257 889 4.01747055 0.0133915685 3.45914397
257 889 4.01776535 0.0133925512 3.45914397
257 889 4.01768352 0.0133922784 3.45914397
257 889 4.01769557 0.0133923186 3.45914397
257 889 4.0176952 0.0133923173 3.45914397
257 889 4.01769516 0.0133923172 3.45914397
257 889 4.01769511 0.013392317 3.45914397
257 889 4.01769515 0.0133923172 3.45914397
257 889 4.01769514 0.0133923171 3.45914397
256 879 3.96627748 0.0132209249 3.43359375
256 879 3.96639778 0.0132213259 3.43359375
256 879 3.96628913 0.0132209638 3.43359375
256 879 3.96632857 0.0132210952 3.43359375
256 879 3.96628263 0.0132209421 3.43359375
256 879 3.96614479 0.0132204826 3.43359375
256 879 3.96618708 0.0132206236 3.43359375
256 879 3.9662354 0.0132207847 3.43359375
256 879 3.96629452 0.0132209817 3.43359375
256 879 3.96614532 0.0132204844 3.43359375
255 873 3.91523047 0.0130507682 3.42352941
255 870 3.89949113 0.0129983038 3.41176471
255 874 3.91532929 0.0130510976 3.42745098
255 876 3.90901194 0.0130300398 3.43529412
255 876 3.91693862 0.0130564621 3.43529412
254 870 3.87651858 0.0129217286 3.42519685
254 869 3.88694623 0.0129564874 3.42125984
254 870 3.88522149 0.0129507383 3.42519685
254 870 3.88501421 0.0129500474 3.42519685
254 870 3.88493986 0.0129497995 3.42519685
253 863 3.83974682 0.0127991561 3.41106719
253 863 3.83987943 0.0127995981 3.41106719
253 863 3.84012804 0.0128004268 3.41106719
253 863 3.84013733 0.0128004578 3.41106719
253 863 3.84013303 0.0128004434 3.41106719
253 863 3.84013239 0.0128004413 3.41106719
253 863 3.84013237 0.0128004412 3.41106719
253 863 3.84013238 0.0128004413 3.41106719
253 863 3.84013238 0.0128004413 3.41106719
253 863 3.84013238 0.0128004413 3.41106719
252 853 3.78585457 0.0126195152 3.38492063
252 853 3.78598497 0.0126199499 3.38492063
252 853 3.78625173 0.0126208391 3.38492063
252 853 3.78570903 0.0126190301 3.38492063
252 853 3.78618975 0.0126206325 3.38492063
252 853 3.78570188 0.0126190063 3.38492063
252 853 3.78618505 0.0126206168 3.38492063
252 853 3.78572857 0.0126190952 3.38492063
252 853 3.78619124 0.0126206375 3.38492063
252 853 3.78570043 0.0126190014 3.38492063
251 844 3.73304173 0.0124434724 3.3625498
251 849 3.72918713 0.0124306238 3.38247012
251 850 3.73157094 0.0124385698 3.38645418
251 844 3.73294318 0.0124431439 3.3625498
251 844 3.73285452 0.0124428484 3.3625498
251 844 3.73285124 0.0124428375 3.3625498
251 844 3.73285145 0.0124428382 3.3625498
251 844 3.732852 0.01244284 3.3625498
251 844 3.73285209 0.0124428403 3.3625498
251 844 3.73285208 0.0124428403 3.3625498
250 840 3.68108647 0.0122702882 3.36
250 841 3.67226702 0.0122408901 3.364
249 837 3.64071653 0.0121357218 3.36144578
249 838 3.62836982 0.0120945661 3.36546185
249 839 3.67911219 0.0122637073 3.36947791
249 839 3.69045687 0.0123015229 3.36947791
249 839 3.69031021 0.012301034 3.36947791
249 839 3.6903464 0.0123011547 3.36947791
249 839 3.69035547 0.0123011849 3.36947791
249 839 3.69035695 0.0123011898 3.36947791
248 833 3.64317399 0.0121439133 3.35887097
248 829 3.64183784 0.0121394595 3.34274194
248 830 3.61893067 0.0120631022 3.34677419
248 829 3.65517148 0.0121839049 3.34274194
248 829 3.65455009 0.0121818336 3.34274194
248 829 3.65462015 0.0121820672 3.34274194
248 829 3.65463475 0.0121821158 3.34274194
248 829 3.65463597 0.0121821199 3.34274194
248 829 3.65463591 0.0121821197 3.34274194
248 829 3.6546359 0.0121821197 3.34274194
247 823 3.60378757 0.0120126252 3.33198381
247 823 3.60330233 0.0120110078 3.33198381
247 823 3.6033676 0.0120112253 3.33198381
247 823 3.6038384 0.0120127947 3.33198381
247 823 3.60325075 0.0120108358 3.33198381
247 823 3.60380904 0.0120126968 3.33198381
247 823 3.60325275 0.0120108425 3.33198381
247 823 3.60381008 0.0120127003 3.33198381
247 823 3.60325276 0.0120108425 3.33198381
247 823 3.60381005 0.0120127002 3.33198381
246 819 3.55123224 0.0118374408 3.32926829
246 819 3.55174276 0.0118391425 3.32926829
246 819 3.55134591 0.0118378197 3.32926829
246 819 3.55140103 0.0118380034 3.32926829
246 819 3.55167845 0.0118389282 3.32926829
246 819 3.55136199 0.0118378733 3.32926829
246 819 3.55148487 0.0118382829 3.32926829
246 819 3.55188194 0.0118396065 3.32926829
246 819 3.55131775 0.0118377258 3.32926829
246 819 3.55138749 0.0118379583 3.32926829
245 816 3.49714217 0.0116571406 3.33061224
245 809 3.48494774 0.0116164925 3.30204082
245 810 3.50421765 0.0116807255 3.30612245
245 812 3.49449541 0.011648318 3.31428571
245 810 3.50447331 0.0116815777 3.30612245
245 810 3.50423224 0.0116807741 3.30612245
245 810 3.5044116 0.011681372 3.30612245
245 810 3.50441466 0.0116813822 3.30612245
245 810 3.50442551 0.0116814184 3.30612245
245 810 3.50442683 0.0116814228 3.30612245
244 806 3.45966209 0.011532207 3.30327869
244 806 3.45918771 0.0115306257 3.30327869
244 806 3.46005552 0.0115335184 3.30327869
244 806 3.4594165 0.0115313883 3.30327869
244 806 3.45960888 0.0115320296 3.30327869
244 806 3.46011741 0.0115337247 3.30327869
244 806 3.45941941 0.011531398 3.30327869
244 806 3.45961565 0.0115320522 3.30327869
244 806 3.46011761 0.0115337254 3.30327869
244 806 3.45941965 0.0115313988 3.30327869
243 799 3.40836177 0.0113612059 3.28806584
243 799 3.40801813 0.0113600604 3.28806584
243 799 3.40844745 0.0113614915 3.28806584
243 799 3.40352044 0.0113450681 3.28806584
243 799 3.4082786 0.0113609287 3.28806584
243 799 3.4078354 0.0113594513 3.28806584
243 799 3.40819578 0.0113606526 3.28806584
243 799 3.40824271 0.011360809 3.28806584
243 799 3.40825253 0.0113608418 3.28806584
243 799 3.40825454 0.0113608485 3.28806584
242 792 3.35405281 0.011180176 3.27272727
242 791 3.34993141 0.011166438 3.26859504
242 792 3.35331957 0.0111777319 3.27272727
242 792 3.35351406 0.0111783802 3.27272727
242 792 3.35374988 0.0111791663 3.27272727
242 792 3.35348519 0.011178284 3.27272727
242 792 3.35348842 0.0111782947 3.27272727
242 792 3.3534882 0.011178294 3.27272727
242 792 3.35348778 0.0111782926 3.27272727
242 792 3.35348774 0.0111782925 3.27272727
241 784 3.30166375 0.0110055458 3.25311203
241 784 3.30208221 0.0110069407 3.25311203
241 784 3.30213185 0.0110071062 3.25311203
241 784 3.30215639 0.011007188 3.25311203
241 784 3.30216422 0.0110072141 3.25311203
241 784 3.30216508 0.0110072169 3.25311203
241 784 3.30216503 0.0110072168 3.25311203
241 784 3.30216505 0.0110072168 3.25311203
241 784 3.30216505 0.0110072168 3.25311203
241 784 3.30216505 0.0110072168 3.25311203
240 783 3.2566044 0.010855348 3.2625
240 777 3.23556418 0.0107852139 3.2375
240 784 3.26458555 0.0108819518 3.26666667
240 784 3.25946234 0.0108648745 3.26666667
240 781 3.25145076 0.0108381692 3.25416667
240 784 3.27195519 0.0109065173 3.26666667
240 784 3.27160891 0.010905363 3.26666667
240 784 3.27160981 0.010905366 3.26666667
240 784 3.27160757 0.0109053586 3.26666667
240 784 3.27160714 0.0109053571 3.26666667
239 778 3.22365639 0.0107455213 3.25523013
239 778 3.22364784 0.0107454928 3.25523013
239 778 3.2234988 0.010744996 3.25523013
239 778 3.22349547 0.0107449849 3.25523013
239 778 3.22349255 0.0107449752 3.25523013
239 778 3.2234923 0.0107449743 3.25523013
239 778 3.2234923 0.0107449743 3.25523013
239 778 3.2234923 0.0107449743 3.25523013
239 778 3.2234923 0.0107449743 3.25523013
239 778 3.2234923 0.0107449743 3.25523013
238 770 3.17040975 0.0105680325 3.23529412
238 771 3.16963309 0.0105654436 3.2394958
238 771 3.16956189 0.0105652063 3.2394958
238 771 3.16951468 0.0105650489 3.2394958
238 771 3.1695266 0.0105650887 3.2394958
238 771 3.16963543 0.0105654514 3.2394958
238 771 3.16948156 0.0105649385 3.2394958
238 771 3.16962961 0.010565432 3.2394958
238 771 3.1694792 0.0105649307 3.2394958
238 771 3.16962995 0.0105654332 3.2394958
237 763 3.12261127 0.0104087042 3.21940928
237 763 3.12240936 0.0104080312 3.21940928
237 763 3.12239292 0.0104079764 3.21940928
237 763 3.12237932 0.0104079311 3.21940928
237 763 3.12233683 0.0104077894 3.21940928
237 763 3.12233589 0.0104077863 3.21940928
237 763 3.12233501 0.0104077834 3.21940928
237 763 3.12233494 0.0104077831 3.21940928
237 763 3.12233477 0.0104077826 3.21940928
237 763 3.12233474 0.0104077825 3.21940928
236 757 3.06748873 0.0102249624 3.20762712
236 757 3.06847556 0.0102282519 3.20762712
236 757 3.06833119 0.0102277706 3.20762712
236 757 3.0683035 0.0102276783 3.20762712
236 757 3.06830201 0.0102276734 3.20762712
236 757 3.06830242 0.0102276747 3.20762712
236 757 3.06830243 0.0102276748 3.20762712
236 757 3.06830244 0.0102276748 3.20762712
236 757 3.06830244 0.0102276748 3.20762712
236 757 3.06830244 0.0102276748 3.20762712
235 748 3.00597144 0.0100199048 3.18297872
235 748 3.00608072 0.0100202691 3.18297872
235 748 3.00665427 0.0100221809 3.18297872
235 748 3.00615877 0.0100205292 3.18297872
235 748 3.00666206 0.0100222069 3.18297872
235 748 3.00615867 0.0100205289 3.18297872
235 748 3.00666161 0.0100222054 3.18297872
235 748 3.0061587 0.010020529 3.18297872
235 748 3.00666161 0.0100222054 3.18297872
235 748 3.0061587 0.010020529 3.18297872
234 744 2.93701923 0.00979006409 3.17948718
234 744 2.93721208 0.00979070692 3.17948718
234 744 2.93724664 0.00979082212 3.17948718
234 744 2.93729195 0.00979097316 3.17948718
234 744 2.93725092 0.0097908364 3.17948718
234 744 2.9372912 0.00979097067 3.17948718
234 744 2.9372509 0.00979083632 3.17948718
234 744 2.93729121 0.0097909707 3.17948718
234 744 2.9372509 0.00979083632 3.17948718
234 744 2.93729121 0.0097909707 3.17948718
233 736 2.86230373 0.00954101242 3.15879828
233 737 2.86748628 0.00955828758 3.16309013
233 733 2.86478605 0.00954928684 3.14592275
233 733 2.86496275 0.00954987583 3.14592275
233 733 2.86470769 0.00954902564 3.14592275
233 733 2.86522525 0.00955075083 3.14592275
233 736 2.86222884 0.00954076279 3.15879828
233 736 2.86229635 0.00954098783 3.15879828
233 736 2.86225519 0.00954085065 3.15879828
233 736 2.86228829 0.00954096096 3.15879828
232 729 2.79776345 0.00932587817 3.14224138
232 729 2.78219122 0.00927397073 3.14224138
232 726 2.79401767 0.00931339222 3.12931034
232 728 2.77246949 0.00924156497 3.13793103
232 728 2.80218666 0.00934062221 3.13793103
232 731 2.80705313 0.00935684378 3.15086207
232 729 2.79540381 0.00931801269 3.14224138
232 731 2.80699716 0.00935665722 3.15086207
232 730 2.80245389 0.00934151298 3.14655172
232 730 2.80238159 0.00934127195 3.14655172
231 724 2.74866178 0.00916220593 3.13419913
231 725 2.74552174 0.00915173913 3.13852814
231 724 2.74887592 0.00916291974 3.13419913
231 724 2.74865024 0.00916216748 3.13419913
231 724 2.74863779 0.00916212596 3.13419913
231 724 2.74863329 0.00916211098 3.13419913
231 724 2.74863367 0.00916211222 3.13419913
231 724 2.74863372 0.00916211239 3.13419913
231 724 2.74863372 0.00916211241 3.13419913
231 724 2.74863372 0.0091621124 3.13419913
230 719 2.69596505 0.00898655015 3.12608696
230 719 2.69665984 0.00898886614 3.12608696
230 719 2.69637892 0.00898792974 3.12608696
230 719 2.69684011 0.00898946702 3.12608696
230 719 2.69676372 0.00898921239 3.12608696
230 719 2.6969631 0.00898987699 3.12608696
230 719 2.6968576 0.00898952534 3.12608696
230 719 2.69671557 0.00898905191 3.12608696
230 719 2.69681086 0.00898936954 3.12608696
230 719 2.69636864 0.00898789548 3.12608696
229 710 2.63772827 0.00879242757 3.10043668
229 710 2.63752222 0.00879174072 3.10043668
229 710 2.63779524 0.00879265081 3.10043668
229 710 2.63783935 0.00879279785 3.10043668
229 710 2.63787792 0.00879292641 3.10043668
229 710 2.6375876 0.00879195867 3.10043668
229 710 2.63787593 0.00879291977 3.10043668
229 710 2.63758283 0.00879194276 3.10043668
229 710 2.63787682 0.00879292272 3.10043668
229 710 2.6375832 0.008791944 3.10043668
228 706 2.57445713 0.00858152377 3.09649123
228 706 2.5760141 0.00858671367 3.09649123
228 706 2.57395328 0.00857984427 3.09649123
228 706 2.57599613 0.00858665375 3.09649123
228 706 2.57577776 0.00858592587 3.09649123
228 711 2.56841147 0.00856137158 3.11842105
228 706 2.57425159 0.00858083865 3.09649123
228 706 2.57413397 0.00858044658 3.09649123
228 706 2.5741228 0.00858040932 3.09649123
228 706 2.57435581 0.00858118605 3.09649123
227 702 2.51813952 0.0083937984 3.09251101
227 702 2.51793106 0.00839310354 3.09251101
227 702 2.51776745 0.00839255818 3.09251101
227 702 2.51807489 0.00839358297 3.09251101
227 702 2.51800577 0.00839335255 3.09251101
227 702 2.51800437 0.00839334789 3.09251101
227 702 2.51800511 0.00839335036 3.09251101
227 702 2.51800475 0.00839334915 3.09251101
227 702 2.51800478 0.00839334926 3.09251101
227 702 2.51800478 0.00839334927 3.09251101
226 699 2.46099931 0.00820333102 3.09292035
226 699 2.46128185 0.00820427284 3.09292035
226 699 2.46110578 0.00820368592 3.09292035
226 699 2.46114558 0.00820381861 3.09292035
226 699 2.46111452 0.00820371508 3.09292035
226 699 2.46114562 0.00820381875 3.09292035
226 699 2.46111452 0.00820371506 3.09292035
226 699 2.46114561 0.00820381869 3.09292035
226 699 2.46111452 0.00820371506 3.09292035
226 699 2.46114561 0.00820381869 3.09292035
225 696 2.38923133 0.00796410443 3.09333333
225 696 2.38910171 0.00796367237 3.09333333
225 696 2.38875787 0.00796252625 3.09333333
225 696 2.38871865 0.00796239548 3.09333333
225 696 2.38871831 0.00796239436 3.09333333
225 696 2.38871843 0.00796239477 3.09333333
225 696 2.38871819 0.00796239398 3.09333333
225 696 2.38871824 0.00796239414 3.09333333
225 696 2.38871825 0.00796239415 3.09333333
225 696 2.38871824 0.00796239415 3.09333333
224 689 2.31804733 0.00772682445 3.07589286
223 687 2.31821962 0.00772739872 3.08071749
223 687 2.31827554 0.00772758514 3.08071749
223 687 2.31843418 0.00772811392 3.08071749
223 687 2.31851124 0.00772837079 3.08071749
223 687 2.3185073 0.00772835766 3.08071749
223 687 2.31850623 0.00772835412 3.08071749
223 687 2.31850608 0.0077283536 3.08071749
223 687 2.31850605 0.0077283535 3.08071749
223 687 2.31850605 0.0077283535 3.08071749
222 680 2.24439308 0.00748131025 3.06306306
222 683 2.24827672 0.00749425573 3.07657658
222 679 2.25138758 0.00750462525 3.05855856
222 675 2.24392301 0.00747974338 3.04054054
222 676 2.24649281 0.00748830938 3.04504505
222 679 2.23657439 0.00745524797 3.05855856
222 676 2.24972407 0.00749908025 3.04504505
221 672 2.1955477 0.00731849234 3.04072398
221 672 2.19565163 0.00731883878 3.04072398
221 672 2.19559987 0.00731866625 3.04072398
220 669 2.13305236 0.00711017453 3.04090909
220 669 2.13313731 0.0071104577 3.04090909
220 669 2.13305136 0.00711017119 3.04090909
220 669 2.13304578 0.0071101526 3.04090909
220 669 2.13304909 0.00711016363 3.04090909
220 669 2.13304891 0.00711016305 3.04090909
220 669 2.13304893 0.00711016309 3.04090909
220 669 2.13304895 0.00711016315 3.04090909
220 669 2.13304894 0.00711016313 3.04090909
220 669 2.13304894 0.00711016313 3.04090909
219 662 2.07141779 0.00690472595 3.02283105
219 662 2.07101781 0.00690339269 3.02283105
219 662 2.07243583 0.00690811943 3.02283105
219 662 2.07109132 0.00690363774 3.02283105
219 662 2.07202948 0.00690676492 3.02283105
219 662 2.07110187 0.0069036729 3.02283105
219 662 2.07201959 0.00690673196 3.02283105
219 662 2.07110295 0.00690367651 3.02283105
219 662 2.07201972 0.00690673238 3.02283105
219 662 2.07110302 0.00690367673 3.02283105
218 659 2.01127493 0.00670424975 3.02293578
218 656 1.97211942 0.0065737314 3.00917431
218 660 2.00858149 0.00669527163 3.02752294
218 656 2.00994519 0.0066998173 3.00917431
218 659 2.011391 0.00670463665 3.02293578
218 657 1.98971115 0.00663237051 3.01376147
217 653 1.95372925 0.00651243083 3.00921659
217 653 1.95392604 0.00651308681 3.00921659
217 653 1.95401546 0.00651338487 3.00921659
217 653 1.9538524 0.00651284133 3.00921659
216 646 1.88776564 0.00629255215 2.99074074
216 646 1.86010439 0.00620034797 2.99074074
216 646 1.88781087 0.00629270288 2.99074074
216 646 1.88813524 0.00629378412 2.99074074
216 646 1.88813657 0.00629378858 2.99074074
216 646 1.88813816 0.00629379386 2.99074074
216 646 1.88813928 0.00629379759 2.99074074
216 646 1.88813965 0.00629379883 2.99074074
216 646 1.88813973 0.00629379911 2.99074074
216 646 1.88813974 0.00629379913 2.99074074
215 639 1.82771389 0.00609237962 2.97209302
215 636 1.8242925 0.00608097499 2.95813953
215 637 1.86397355 0.00621324516 2.9627907
215 640 1.8662748 0.00622091599 2.97674419
215 641 1.86908118 0.00623027061 2.98139535
214 634 1.82482541 0.00608275138 2.96261682
214 630 1.81160987 0.00603869958 2.94392523
214 633 1.79557531 0.00598525103 2.95794393
214 634 1.81800187 0.00606000623 2.96261682
214 630 1.81941323 0.00606471078 2.94392523
213 627 1.77492868 0.00591642894 2.94366197
213 628 1.74231899 0.00580772998 2.94835681
213 628 1.74290173 0.00580967243 2.94835681
213 627 1.77450749 0.00591502497 2.94366197
213 636 1.73800553 0.00579335177 2.98591549
213 633 1.77014021 0.00590046736 2.97183099
213 638 1.77303962 0.00591013207 2.99530516
212 631 1.73516927 0.00578389758 2.97641509
212 629 1.78945572 0.0059648524 2.96698113
212 629 1.75863761 0.00586212538 2.96698113
211 624 1.75556487 0.00585188291 2.95734597
210 619 1.71558667 0.00571862224 2.94761905
210 622 1.7035169 0.00567838965 2.96190476
209 616 1.6782642 0.005594214 2.94736842
209 621 1.76200174 0.00587333913 2.97129187
209 619 1.76602883 0.00588676277 2.96172249
209 620 1.81227756 0.00604092521 2.96650718
209 620 1.78625745 0.00595419151 2.96650718
209 619 1.80911595 0.0060303865 2.96172249
209 621 1.79286161 0.00597620536 2.97129187
208 613 1.77989137 0.00593297124 2.94711538
207 607 1.74732924 0.00582443081 2.93236715
207 612 1.72480572 0.00574935239 2.95652174
207 607 1.75907778 0.00586359259 2.93236715
207 611 1.74412425 0.00581374748 2.95169082
207 610 1.74429608 0.00581432026 2.9468599
207 606 1.76527837 0.00588426123 2.92753623
207 606 1.75021866 0.0058340622 2.92753623
207 608 1.7722301 0.00590743368 2.93719807
207 605 1.78642119 0.00595473731 2.92270531
206 600 1.76346823 0.00587822742 2.91262136
206 600 1.80339967 0.00601133223 2.91262136
206 599 1.80215927 0.00600719756 2.90776699
206 605 1.78556653 0.00595188842 2.9368932
205 598 1.77839924 0.00592799746 2.91707317
204 592 1.74263982 0.0058087994 2.90196078
204 589 1.75381502 0.00584605006 2.8872549
203 583 1.72970599 0.00576568664 2.87192118
203 584 1.73857019 0.00579523395 2.87684729
203 588 1.70740062 0.00569133541 2.89655172
202 582 1.70753754 0.00569179179 2.88118812
202 583 1.68999718 0.00563332392 2.88613861
202 582 1.72826164 0.00576087214 2.88118812
202 583 1.70113061 0.00567043538 2.88613861
202 582 1.70477349 0.0056825783 2.88118812
202 584 1.7263668 0.00575455601 2.89108911
201 576 1.70149389 0.00567164631 2.86567164
201 575 1.68887294 0.00562957648 2.86069652
200 569 1.67198579 0.00557328598 2.845
199 565 1.63962593 0.00546541976 2.83919598
198 559 1.60451414 0.00534838048 2.82323232
198 556 1.59593276 0.00531977586 2.80808081
198 555 1.64300213 0.00547667378 2.8030303
197 550 1.61675944 0.00538919814 2.79187817
196 547 1.61014856 0.00536716185 2.79081633
196 549 1.59713251 0.00532377503 2.80102041
195 544 1.58726657 0.00529088855 2.78974359
195 544 1.58327814 0.00527759381 2.78974359
195 546 1.59342911 0.00531143038 2.8
195 545 1.57640928 0.00525469761 2.79487179
194 540 1.5768551 0.00525618366 2.78350515
194 542 1.58401881 0.0052800627 2.79381443
193 537 1.55830502 0.00519435007 2.78238342
192 531 1.52976674 0.00509922245 2.765625
192 531 1.51621081 0.00505403603 2.765625
192 533 1.52155747 0.00507185824 2.77604167
191 525 1.49729867 0.00499099555 2.7486911
191 525 1.49747663 0.00499158878 2.7486911
191 525 1.49754119 0.00499180396 2.7486911
191 525 1.49749973 0.00499166577 2.7486911
190 522 1.46161019 0.00487203397 2.74736842
189 520 1.44060961 0.00480203203 2.75132275
189 520 1.44035904 0.00480119681 2.75132275
189 520 1.44031454 0.00480104846 2.75132275
189 520 1.44040378 0.00480134593 2.75132275
189 520 1.44033462 0.0048011154 2.75132275
189 520 1.44031266 0.00480104221 2.75132275
189 520 1.44030529 0.00480101764 2.75132275
189 520 1.44030513 0.00480101709 2.75132275
189 520 1.44030438 0.00480101459 2.75132275
188 514 1.40484226 0.00468280752 2.73404255
188 514 1.4049402 0.00468313402 2.73404255
188 514 1.40510059 0.00468366862 2.73404255
188 514 1.40510215 0.00468367382 2.73404255
188 514 1.40548598 0.00468495327 2.73404255
188 514 1.40498393 0.00468327975 2.73404255
188 514 1.4051174 0.00468372465 2.73404255
188 514 1.40518782 0.00468395942 2.73404255
188 514 1.40513653 0.00468378842 2.73404255
188 514 1.40481479 0.00468271598 2.73404255
187 509 1.36812718 0.00456042393 2.72192513
187 509 1.36813597 0.00456045323 2.72192513
187 509 1.36876391 0.00456254638 2.72192513
187 509 1.36849037 0.00456163455 2.72192513
187 509 1.36722668 0.00455742225 2.72192513
187 509 1.36886992 0.00456289973 2.72192513
187 509 1.36818426 0.00456061419 2.72192513
187 509 1.36735162 0.00455783873 2.72192513
187 509 1.36884297 0.00456280989 2.72192513
187 509 1.36818276 0.00456060921 2.72192513
186 505 1.32674947 0.00442249822 2.71505376
186 504 1.3308453 0.00443615101 2.70967742
186 504 1.33076524 0.00443588412 2.70967742
186 504 1.33086206 0.00443620686 2.70967742
186 505 1.32861672 0.0044287224 2.71505376
186 504 1.33106429 0.00443688097 2.70967742
186 504 1.33079346 0.00443597819 2.70967742
186 504 1.33086074 0.00443620245 2.70967742
186 504 1.33121587 0.00443738625 2.70967742
186 504 1.33047956 0.00443493186 2.70967742
185 500 1.29410624 0.00431368747 2.7027027
185 500 1.29334759 0.00431115865 2.7027027
185 500 1.29413504 0.00431378346 2.7027027
185 500 1.29394475 0.00431314918 2.7027027
185 500 1.29389841 0.0043129947 2.7027027
185 500 1.29394772 0.00431315907 2.7027027
185 500 1.29394752 0.00431315841 2.7027027
185 500 1.29393275 0.00431310918 2.7027027
185 500 1.29394044 0.00431313481 2.7027027
185 500 1.29394128 0.00431313762 2.7027027
184 495 1.25295089 0.00417650295 2.69021739
184 495 1.25300119 0.00417667063 2.69021739
184 495 1.25307344 0.00417691146 2.69021739
184 495 1.25308424 0.00417694748 2.69021739
184 495 1.25307593 0.00417691978 2.69021739
184 495 1.25307779 0.00417692598 2.69021739
184 495 1.25307685 0.00417692282 2.69021739
184 495 1.25307704 0.00417692346 2.69021739
184 495 1.25307699 0.0041769233 2.69021739
184 495 1.25307699 0.00417692332 2.69021739
183 494 1.21311859 0.00404372863 2.69945355
183 491 1.20345113 0.00401150376 2.68306011
183 495 1.24076126 0.00413587086 2.70491803
183 494 1.25802965 0.00419343215 2.69945355
183 494 1.2576436 0.00419214532 2.69945355
183 494 1.25764167 0.00419213889 2.69945355
183 494 1.25768015 0.00419226717 2.69945355
183 494 1.25768699 0.00419228997 2.69945355
183 494 1.25768685 0.00419228951 2.69945355
183 494 1.25768715 0.00419229051 2.69945355
182 489 1.21892778 0.00406309259 2.68681319
182 489 1.2186309 0.004062103 2.68681319
182 490 1.22187655 0.00407292184 2.69230769
182 489 1.21945505 0.00406485017 2.68681319
182 489 1.21863627 0.00406212091 2.68681319
182 490 1.22183185 0.00407277285 2.69230769
182 490 1.22170739 0.00407235795 2.69230769
182 490 1.22174912 0.00407249706 2.69230769
182 490 1.22176484 0.00407254946 2.69230769
182 490 1.22176427 0.00407254757 2.69230769
181 485 1.18306184 0.00394353948 2.67955801
181 485 1.18313077 0.00394376923 2.67955801
181 485 1.18354156 0.00394513854 2.67955801
181 485 1.18269534 0.00394231781 2.67955801
181 485 1.18296022 0.00394320073 2.67955801
181 485 1.18311887 0.00394372956 2.67955801
181 485 1.18276986 0.00394256622 2.67955801
181 485 1.18299158 0.00394330526 2.67955801
181 485 1.18330721 0.00394435737 2.67955801
181 485 1.18317855 0.00394392851 2.67955801
180 477 1.14403365 0.00381344551 2.65
180 477 1.14467238 0.0038155746 2.65
180 477 1.14460776 0.00381535921 2.65
180 477 1.14454448 0.00381514828 2.65
180 477 1.14496741 0.00381655803 2.65
180 477 1.14453459 0.0038151153 2.65
180 477 1.14469239 0.00381564128 2.65
180 477 1.14454718 0.00381515725 2.65
180 477 1.14458249 0.00381527497 2.65
180 477 1.14497872 0.00381659573 2.65
179 472 1.10404852 0.00368016173 2.63687151
179 472 1.10473769 0.00368245897 2.63687151
179 472 1.10387167 0.00367957225 2.63687151
179 472 1.10404461 0.00368014871 2.63687151
179 472 1.1042874 0.00368095799 2.63687151
179 472 1.10445727 0.00368152425 2.63687151
179 472 1.10308032 0.00367693442 2.63687151
179 472 1.10409804 0.00368032681 2.63687151
179 472 1.10430952 0.00368103174 2.63687151
179 472 1.1045351 0.00368178366 2.63687151
178 468 1.06079233 0.00353597443 2.62921348
178 468 1.04655671 0.00348852236 2.62921348
178 471 1.08743643 0.00362478812 2.64606742
177 467 1.05730783 0.00352435945 2.63841808
177 467 1.05677848 0.00352259494 2.63841808
177 467 1.0572434 0.00352414467 2.63841808
177 470 1.0370879 0.00345695966 2.65536723
177 467 1.057263 0.00352421 2.63841808
177 467 1.0573852 0.00352461734 2.63841808
177 467 1.05726491 0.00352421638 2.63841808
176 462 1.01794166 0.00339313885 2.625
176 462 1.01780418 0.00339268059 2.625
176 462 1.0172846 0.00339094866 2.625
176 462 1.01732947 0.00339109823 2.625
176 462 1.01764201 0.00339214005 2.625
176 462 1.01774969 0.00339249895 2.625
176 462 1.01739975 0.0033913325 2.625
176 462 1.01721617 0.00339072055 2.625
176 462 1.01765069 0.00339216897 2.625
176 462 1.01774919 0.0033924973 2.625
175 457 0.974289728 0.00324763243 2.61142857
175 459 0.969571619 0.0032319054 2.62285714
175 459 0.97768588 0.00325895293 2.62285714
175 458 0.96913727 0.00323045757 2.61714286
175 459 0.977602697 0.00325867566 2.62285714
175 459 0.977620451 0.00325873484 2.62285714
175 459 0.977550277 0.00325850092 2.62285714
175 459 0.977620503 0.00325873501 2.62285714
175 459 0.97757926 0.00325859753 2.62285714
175 459 0.977592096 0.00325864032 2.62285714
174 455 0.941841003 0.00313947001 2.61494253
174 455 0.942051057 0.00314017019 2.61494253
174 455 0.941844213 0.00313948071 2.61494253
174 455 0.94210014 0.0031403338 2.61494253
174 455 0.942062746 0.00314020915 2.61494253
174 455 0.941940759 0.00313980253 2.61494253
174 455 0.942208808 0.00314069603 2.61494253
174 455 0.942051284 0.00314017095 2.61494253
174 455 0.941926148 0.00313975383 2.61494253
174 455 0.94220066 0.00314066887 2.61494253
173 450 0.9017904 0.003005968 2.60115607
173 448 0.874931122 0.00291643707 2.58959538
173 450 0.901772291 0.00300590764 2.60115607
173 450 0.901479749 0.0030049325 2.60115607
173 450 0.90224482 0.00300748273 2.60115607
173 447 0.895035118 0.00298345039 2.58381503
173 450 0.901976041 0.0030065868 2.60115607
173 450 0.901586335 0.00300528778 2.60115607
173 450 0.902013351 0.00300671117 2.60115607
173 448 0.892904695 0.00297634898 2.58959538
172 443 0.861373582 0.00287124527 2.5755814
172 443 0.861471087 0.00287157029 2.5755814
172 443 0.861463186 0.00287154395 2.5755814
172 443 0.862525401 0.00287508467 2.5755814
172 443 0.861472446 0.00287157482 2.5755814
172 443 0.861143212 0.00287047737 2.5755814
172 443 0.860828555 0.00286942852 2.5755814
172 443 0.8608536 0.002869512 2.5755814
172 443 0.860847155 0.00286949052 2.5755814
172 443 0.860862862 0.00286954287 2.5755814
171 438 0.828462748 0.00276154249 2.56140351
171 438 0.827783081 0.00275927694 2.56140351
171 438 0.827596942 0.00275865647 2.56140351
171 438 0.828104912 0.00276034971 2.56140351
171 438 0.828661206 0.00276220402 2.56140351
171 438 0.828962657 0.00276320886 2.56140351
171 438 0.827400512 0.00275800171 2.56140351
171 438 0.827987853 0.00275995951 2.56140351
171 438 0.828291877 0.00276097292 2.56140351
171 438 0.827390665 0.00275796888 2.56140351
170 431 0.78131601 0.0026043867 2.53529412
170 434 0.774257202 0.00258085734 2.55294118
170 432 0.781897686 0.00260632562 2.54117647
170 432 0.7815117 0.002605039 2.54117647
170 432 0.780970463 0.00260323488 2.54117647
170 432 0.781464306 0.00260488102 2.54117647
170 432 0.7817353 0.00260578433 2.54117647
170 432 0.782131094 0.00260710365 2.54117647
170 432 0.781567716 0.00260522572 2.54117647
170 432 0.7815982 0.00260532733 2.54117647
169 427 0.750770276 0.00250256759 2.52662722
169 427 0.749904247 0.00249968082 2.52662722
169 427 0.750139531 0.0025004651 2.52662722
169 427 0.75075584 0.00250251947 2.52662722
169 427 0.7504386 0.002501462 2.52662722
169 427 0.749956457 0.00249985486 2.52662722
169 427 0.749882883 0.00249960961 2.52662722
169 427 0.750228929 0.0025007631 2.52662722
169 427 0.750053622 0.00250017874 2.52662722
169 427 0.75073463 0.00250244877 2.52662722
168 419 0.707489719 0.00235829906 2.49404762
167 415 0.708202841 0.00236067614 2.48502994
167 417 0.713767693 0.00237922564 2.49700599
167 416 0.724487667 0.00241495889 2.49101796
167 419 0.732989921 0.00244329974 2.50898204
167 417 0.714606972 0.00238202324 2.49700599
167 416 0.735225552 0.00245075184 2.49101796
167 417 0.760251704 0.00253417235 2.49700599
167 417 0.759880124 0.00253293375 2.49700599
167 417 0.760696983 0.00253565661 2.49700599
166 414 0.724486183 0.00241495394 2.4939759
165 409 0.725433198 0.00241811066 2.47878788
165 409 0.724555624 0.00241518541 2.47878788
165 409 0.724802056 0.00241600685 2.47878788
165 409 0.724997555 0.00241665852 2.47878788
165 409 0.725103286 0.00241701095 2.47878788
165 409 0.724300204 0.00241433401 2.47878788
165 409 0.724668137 0.00241556046 2.47878788
165 409 0.724622684 0.00241540895 2.47878788
165 409 0.724630602 0.00241543534 2.47878788
164 405 0.684907557 0.00228302519 2.4695122
164 405 0.685905752 0.00228635251 2.4695122
164 405 0.685229427 0.00228409809 2.4695122
164 405 0.685099894 0.00228366631 2.4695122
164 405 0.685416329 0.0022847211 2.4695122
164 405 0.685333494 0.00228444498 2.4695122
164 405 0.686377092 0.00228792364 2.4695122
164 405 0.686443769 0.0022881459 2.4695122
164 405 0.684829103 0.00228276368 2.4695122
164 405 0.687331293 0.00229110431 2.4695122
163 400 0.642915614 0.00214305205 2.45398773
162 397 0.639559523 0.00213186508 2.45061728
162 396 0.643691181 0.00214563727 2.44444444
162 398 0.641799399 0.00213933133 2.45679012
162 397 0.613317091 0.0020443903 2.45061728
161 393 0.613799774 0.00204599925 2.44099379
160 391 0.593714498 0.00197904833 2.44375
159 385 0.569410465 0.00189803488 2.42138365
159 387 0.553552026 0.00184517342 2.43396226
158 382 0.546539086 0.00182179695 2.41772152
SP does not find any fixed points -> SP does not converge.
I am sorry I quit :(
