START ALGORITHM:
I am going to build an instance with N: 300 variables and 1245 clauses with a clause density equal to 4.15
START BSP WITH r=0.9:
Decimation scorer: cert
END UNIT PROPAGATION
300 1245 3.03196936 0.0101065645 4.15
300 1245 3.03190736 0.0101063579 4.15
300 1245 3.03267914 0.0101089305 4.15
300 1245 3.0335892 0.010111964 4.15
300 1245 3.03381935 0.0101127312 4.15
300 1245 3.03362768 0.0101120923 4.15
300 1245 3.03343201 0.01011144 4.15
300 1245 3.03335109 0.0101111703 4.15
300 1245 3.03334401 0.0101111467 4.15
299 1237 3.02498452 0.0100832817 4.13712375
299 1237 3.02500951 0.010083365 4.13712375
299 1236 3.02696328 0.0100898776 4.13377926
299 1236 3.02730234 0.0100910078 4.13377926
299 1236 3.02728724 0.0100909575 4.13377926
299 1232 3.02955405 0.0100985135 4.12040134
299 1232 3.02945521 0.010098184 4.12040134
299 1232 3.02949293 0.0100983098 4.12040134
299 1232 3.02960317 0.0100986772 4.12040134
299 1232 3.02973034 0.0100991011 4.12040134
298 1217 3.02457783 0.0100819261 4.08389262
298 1217 3.02460346 0.0100820115 4.08389262
298 1217 3.02455801 0.01008186 4.08389262
298 1217 3.02457095 0.0100819032 4.08389262
298 1226 3.02504798 0.0100834933 4.11409396
298 1226 3.02506638 0.0100835546 4.11409396
298 1223 3.02539479 0.0100846493 4.10402685
298 1223 3.02539533 0.0100846511 4.10402685
298 1223 3.02540346 0.0100846782 4.10402685
298 1223 3.02537476 0.0100845825 4.10402685
297 1218 3.01830319 0.0100610106 4.1010101
297 1215 3.01712841 0.0100570947 4.09090909
297 1215 3.01709807 0.0100569936 4.09090909
297 1215 3.01710885 0.0100570295 4.09090909
297 1215 3.01709173 0.0100569724 4.09090909
297 1215 3.01706112 0.0100568704 4.09090909
297 1215 3.01706204 0.0100568735 4.09090909
297 1215 3.01705117 0.0100568372 4.09090909
297 1215 3.01710251 0.0100570084 4.09090909
297 1215 3.01712862 0.0100570954 4.09090909
296 1209 3.01260562 0.0100420187 4.08445946
296 1210 3.01412357 0.0100470786 4.08783784
296 1210 3.01413263 0.0100471088 4.08783784
296 1210 3.01415797 0.0100471932 4.08783784
296 1210 3.01416129 0.0100472043 4.08783784
296 1210 3.01412866 0.0100470955 4.08783784
296 1210 3.0140601 0.010046867 4.08783784
296 1210 3.01412334 0.0100470778 4.08783784
296 1210 3.01415816 0.0100471939 4.08783784
296 1210 3.01404418 0.0100468139 4.08783784
295 1195 3.00908736 0.0100302912 4.05084746
295 1195 3.00907934 0.0100302645 4.05084746
295 1195 3.00907531 0.010030251 4.05084746
295 1204 3.00959545 0.0100319848 4.08135593
295 1204 3.00963491 0.0100321164 4.08135593
295 1204 3.00958041 0.0100319347 4.08135593
295 1204 3.00954245 0.0100318082 4.08135593
295 1204 3.00956587 0.0100318862 4.08135593
295 1204 3.00957653 0.0100319218 4.08135593
295 1204 3.00953287 0.0100317762 4.08135593
294 1195 2.99995932 0.00999986439 4.06462585
294 1197 3.00113208 0.0100037736 4.07142857
294 1194 3.00097144 0.0100032381 4.06122449
294 1194 3.00068266 0.0100022755 4.06122449
294 1194 3.00076738 0.0100025579 4.06122449
294 1195 3.00419376 0.0100139792 4.06462585
294 1195 3.00419716 0.0100139905 4.06462585
294 1195 3.0041947 0.0100139823 4.06462585
294 1195 3.00410798 0.0100136933 4.06462585
294 1195 3.0040307 0.0100134357 4.06462585
293 1191 2.99796983 0.00999323278 4.06484642
293 1191 2.99794684 0.00999315613 4.06484642
293 1191 2.99800046 0.00999333487 4.06484642
293 1191 2.99788399 0.00999294665 4.06484642
293 1191 2.99784416 0.00999281386 4.06484642
293 1191 2.99787525 0.00999291749 4.06484642
293 1191 2.99787858 0.00999292862 4.06484642
293 1191 2.99789864 0.00999299547 4.06484642
293 1191 2.99791991 0.00999306637 4.06484642
293 1191 2.9978285 0.00999276167 4.06484642
292 1184 2.99003676 0.0099667892 4.05479452
292 1184 2.99009133 0.00996697111 4.05479452
292 1184 2.99002358 0.00996674526 4.05479452
292 1184 2.9897975 0.00996599166 4.05479452
292 1184 2.989745 0.00996581667 4.05479452
292 1184 2.98983129 0.0099661043 4.05479452
292 1184 2.98999802 0.00996666006 4.05479452
292 1184 2.99004821 0.00996682736 4.05479452
292 1184 2.99021964 0.00996739881 4.05479452
292 1184 2.99003809 0.00996679363 4.05479452
291 1179 2.98030455 0.0099343485 4.05154639
291 1176 2.98205969 0.00994019896 4.04123711
291 1176 2.98199138 0.00993997128 4.04123711
291 1175 2.98188768 0.00993962561 4.03780069
291 1174 2.98200821 0.00994002735 4.03436426
291 1172 2.98130029 0.00993766765 4.02749141
291 1174 2.98185731 0.00993952436 4.03436426
291 1174 2.98203256 0.00994010854 4.03436426
291 1174 2.982089 0.00994029668 4.03436426
291 1174 2.98213892 0.00994046307 4.03436426
290 1168 2.97268498 0.00990894995 4.02758621
290 1165 2.97419988 0.00991399959 4.01724138
290 1165 2.97430565 0.00991435215 4.01724138
290 1165 2.97429222 0.00991430741 4.01724138
290 1165 2.97414989 0.00991383297 4.01724138
290 1165 2.97546556 0.00991821853 4.01724138
290 1160 2.97886785 0.00992955948 4
290 1160 2.97912459 0.0099304153 4
290 1160 2.97926634 0.00993088782 4
290 1160 2.97914225 0.00993047416 4
289 1152 2.96840839 0.00989469463 3.98615917
289 1151 2.97123077 0.00990410256 3.98269896
289 1151 2.97153468 0.0099051156 3.98269896
289 1151 2.97118747 0.00990395824 3.98269896
289 1152 2.96826564 0.00989421882 3.98615917
289 1152 2.96867396 0.00989557987 3.98615917
289 1152 2.96887815 0.0098962605 3.98615917
289 1152 2.96883525 0.00989611751 3.98615917
289 1152 2.96886479 0.00989621596 3.98615917
289 1150 2.97270694 0.00990902312 3.97923875
288 1145 2.96387013 0.00987956709 3.97569444
288 1143 2.96587831 0.00988626104 3.96875
288 1143 2.96578581 0.00988595271 3.96875
288 1143 2.96583497 0.00988611655 3.96875
288 1143 2.96559487 0.00988531623 3.96875
288 1143 2.96545298 0.00988484326 3.96875
288 1143 2.96548358 0.00988494526 3.96875
288 1143 2.96576982 0.0098858994 3.96875
288 1143 2.96589165 0.0098863055 3.96875
288 1143 2.96577238 0.00988590794 3.96875
287 1133 2.95730304 0.00985767681 3.94773519
287 1133 2.95744973 0.00985816576 3.94773519
287 1135 2.95831826 0.00986106088 3.95470383
287 1135 2.95825031 0.00986083437 3.95470383
287 1135 2.95811439 0.0098603813 3.95470383
287 1135 2.95795646 0.00985985486 3.95470383
287 1135 2.95802365 0.00986007885 3.95470383
287 1135 2.95832871 0.0098610957 3.95470383
287 1135 2.95842496 0.00986141653 3.95470383
287 1135 2.95832957 0.00986109856 3.95470383
286 1130 2.95011508 0.00983371694 3.95104895
286 1130 2.95036355 0.00983454516 3.95104895
286 1130 2.95047377 0.00983491255 3.95104895
286 1127 2.94958818 0.00983196059 3.94055944
286 1127 2.94943769 0.00983145895 3.94055944
286 1127 2.94960134 0.00983200447 3.94055944
286 1125 2.95124316 0.00983747721 3.93356643
286 1125 2.95435162 0.00984783873 3.93356643
286 1125 2.95411767 0.00984705891 3.93356643
286 1125 2.95384263 0.00984614211 3.93356643
285 1120 2.94594423 0.00981981411 3.92982456
285 1120 2.94680716 0.00982269055 3.92982456
285 1120 2.94621117 0.00982070391 3.92982456
285 1120 2.9458302 0.00981943401 3.92982456
285 1120 2.94643412 0.00982144707 3.92982456
285 1120 2.94660394 0.00982201313 3.92982456
285 1120 2.94650443 0.00982168142 3.92982456
285 1117 2.94686698 0.00982288994 3.91929825
285 1117 2.94679426 0.00982264754 3.91929825
285 1117 2.94670367 0.00982234557 3.91929825
284 1107 2.93643627 0.00978812089 3.89788732
284 1107 2.9366732 0.00978891065 3.89788732
284 1112 2.93960169 0.0097986723 3.91549296
284 1112 2.93915742 0.00979719139 3.91549296
284 1112 2.93920414 0.00979734712 3.91549296
284 1112 2.93942323 0.00979807744 3.91549296
284 1112 2.93943026 0.00979810087 3.91549296
284 1112 2.93941409 0.00979804696 3.91549296
284 1112 2.93942293 0.00979807644 3.91549296
284 1112 2.93935422 0.0097978474 3.91549296
283 1103 2.93135509 0.00977118363 3.8975265
283 1103 2.93152019 0.00977173398 3.8975265
283 1103 2.93140671 0.0097713557 3.8975265
283 1103 2.93093229 0.0097697743 3.8975265
283 1103 2.93080757 0.00976935856 3.8975265
283 1104 2.9318857 0.00977295233 3.90106007
283 1104 2.93214393 0.00977381311 3.90106007
283 1104 2.93209468 0.00977364895 3.90106007
283 1104 2.93197586 0.00977325286 3.90106007
283 1104 2.9319623 0.00977320767 3.90106007
282 1095 2.92420546 0.00974735152 3.88297872
282 1095 2.92435006 0.00974783352 3.88297872
282 1094 2.92393198 0.00974643993 3.87943262
282 1094 2.92391627 0.00974638757 3.87943262
282 1095 2.92540599 0.00975135332 3.88297872
282 1095 2.92542519 0.00975141731 3.88297872
282 1095 2.9253867 0.00975128901 3.88297872
282 1095 2.92542009 0.00975140029 3.88297872
282 1095 2.92540105 0.00975133685 3.88297872
282 1095 2.9254179 0.00975139301 3.88297872
281 1085 2.91761981 0.00972539935 3.86120996
281 1085 2.91752161 0.00972507204 3.86120996
281 1086 2.91769819 0.00972566062 3.86476868
281 1086 2.91760083 0.00972533612 3.86476868
281 1086 2.9175158 0.00972505268 3.86476868
281 1086 2.91773579 0.00972578597 3.86476868
281 1086 2.91791482 0.00972638274 3.86476868
281 1086 2.9177936 0.00972597867 3.86476868
281 1086 2.91774431 0.00972581438 3.86476868
281 1086 2.91780503 0.00972601678 3.86476868
280 1077 2.90805674 0.00969352248 3.84642857
280 1077 2.91038273 0.00970127577 3.84642857
280 1077 2.91018287 0.00970060957 3.84642857
280 1077 2.90998766 0.00969995887 3.84642857
280 1077 2.9100281 0.00970009367 3.84642857
280 1077 2.91022081 0.00970073604 3.84642857
280 1076 2.91033282 0.00970110939 3.84285714
280 1076 2.91046802 0.00970156008 3.84285714
280 1076 2.91028217 0.00970094055 3.84285714
280 1076 2.91015996 0.0097005332 3.84285714
279 1068 2.89966137 0.00966553791 3.82795699
279 1066 2.9017965 0.009672655 3.82078853
279 1066 2.90182591 0.00967275303 3.82078853
279 1066 2.90167557 0.00967225191 3.82078853
279 1066 2.90163399 0.00967211331 3.82078853
279 1070 2.9018956 0.00967298533 3.83512545
279 1070 2.90180263 0.00967267543 3.83512545
279 1070 2.90175176 0.00967250588 3.83512545
279 1070 2.90177845 0.00967259484 3.83512545
279 1070 2.901702 0.00967234001 3.83512545
278 1061 2.89333729 0.00964445763 3.81654676
278 1061 2.89333295 0.00964444317 3.81654676
278 1061 2.89323818 0.00964412726 3.81654676
278 1062 2.89337702 0.00964459007 3.82014388
278 1062 2.89313132 0.00964377106 3.82014388
278 1062 2.89304798 0.00964349327 3.82014388
278 1060 2.89454112 0.00964847038 3.81294964
278 1060 2.89450555 0.00964835182 3.81294964
278 1058 2.89464158 0.00964880526 3.8057554
278 1063 2.89535808 0.00965119361 3.82374101
277 1054 2.88705997 0.00962353322 3.80505415
277 1054 2.88716678 0.00962388928 3.80505415
277 1053 2.88741764 0.00962472546 3.80144404
277 1053 2.88730788 0.00962435959 3.80144404
277 1053 2.88726198 0.0096242066 3.80144404
277 1055 2.8909702 0.00963656733 3.80866426
277 1055 2.89109942 0.00963699806 3.80866426
277 1055 2.89094889 0.00963649629 3.80866426
277 1055 2.89089395 0.00963631315 3.80866426
277 1055 2.89094858 0.00963649528 3.80866426
276 1046 2.88332614 0.00961108713 3.78985507
276 1046 2.88324644 0.00961082146 3.78985507
276 1046 2.88291924 0.00960973081 3.78985507
276 1046 2.88303376 0.00961011254 3.78985507
276 1046 2.88352594 0.00961175314 3.78985507
276 1046 2.88359448 0.00961198161 3.78985507
276 1046 2.88329519 0.00961098398 3.78985507
276 1046 2.88335639 0.00961118797 3.78985507
276 1046 2.88332112 0.00961107039 3.78985507
276 1046 2.88328817 0.00961096056 3.78985507
275 1040 2.87501794 0.00958339315 3.78181818
275 1040 2.8749984 0.009583328 3.78181818
275 1040 2.87494448 0.00958314826 3.78181818
275 1040 2.87481102 0.0095827034 3.78181818
275 1040 2.87505979 0.00958353262 3.78181818
275 1040 2.87515035 0.00958383449 3.78181818
275 1040 2.87506584 0.0095835528 3.78181818
275 1040 2.87497585 0.00958325284 3.78181818
275 1040 2.87486945 0.00958289818 3.78181818
275 1040 2.87487348 0.00958291159 3.78181818
274 1030 2.86200756 0.0095400252 3.75912409
274 1030 2.86132698 0.0095377566 3.75912409
274 1034 2.86301139 0.0095433713 3.77372263
274 1029 2.8667628 0.009555876 3.75547445
274 1029 2.86654056 0.00955513521 3.75547445
274 1029 2.86593156 0.00955310521 3.75547445
274 1029 2.86593869 0.00955312896 3.75547445
274 1028 2.86602194 0.00955340647 3.75182482
274 1028 2.8655112 0.00955170401 3.75182482
274 1028 2.86537129 0.00955123762 3.75182482
273 1018 2.85612472 0.00952041572 3.72893773
273 1018 2.85631603 0.00952105345 3.72893773
273 1019 2.85757878 0.00952526258 3.73260073
273 1019 2.85752064 0.00952506879 3.73260073
273 1019 2.85747667 0.00952492224 3.73260073
273 1019 2.85730035 0.00952433449 3.73260073
273 1019 2.85734394 0.00952447981 3.73260073
273 1019 2.85772064 0.00952573547 3.73260073
273 1019 2.85765071 0.00952550237 3.73260073
273 1019 2.85751628 0.00952505427 3.73260073
272 1010 2.84576266 0.00948587555 3.71323529
272 1010 2.84581576 0.00948605254 3.71323529
272 1010 2.84520475 0.00948401582 3.71323529
272 1013 2.85055749 0.0095018583 3.72426471
272 1013 2.85062471 0.00950208237 3.72426471
272 1013 2.85035799 0.00950119331 3.72426471
272 1013 2.85029791 0.00950099303 3.72426471
272 1013 2.85029307 0.00950097691 3.72426471
272 1013 2.85031662 0.00950105538 3.72426471
272 1013 2.85028709 0.00950095696 3.72426471
271 1003 2.84090686 0.00946968952 3.70110701
271 1003 2.84098951 0.00946996505 3.70110701
271 1003 2.84094462 0.00946981541 3.70110701
271 1007 2.84140679 0.00947135596 3.71586716
271 1007 2.8413569 0.00947118968 3.71586716
271 1007 2.84127888 0.00947092961 3.71586716
271 1007 2.84117316 0.00947057719 3.71586716
271 1007 2.84130526 0.00947101752 3.71586716
271 1007 2.84144616 0.00947148719 3.71586716
271 1007 2.84141404 0.00947138012 3.71586716
270 997 2.83591667 0.00945305555 3.69259259
270 997 2.83585293 0.00945284312 3.69259259
270 997 2.83576078 0.00945253595 3.69259259
270 997 2.83096671 0.00943655569 3.69259259
270 997 2.83582358 0.00945274527 3.69259259
270 997 2.83596029 0.00945320097 3.69259259
270 995 2.83528663 0.00945095545 3.68518519
270 995 2.8352149 0.00945071633 3.68518519
270 995 2.83519451 0.00945064837 3.68518519
270 995 2.83514416 0.00945048055 3.68518519
269 987 2.82512373 0.0094170791 3.66914498
269 989 2.82703746 0.0094234582 3.67657993
269 989 2.82692248 0.00942307492 3.67657993
269 989 2.82685714 0.00942285713 3.67657993
269 989 2.82689904 0.00942299678 3.67657993
269 989 2.82701289 0.00942337632 3.67657993
269 989 2.82707195 0.00942357318 3.67657993
269 989 2.82711506 0.00942371685 3.67657993
269 989 2.82692046 0.0094230682 3.67657993
269 989 2.82696084 0.00942320281 3.67657993
268 984 2.81512868 0.00938376228 3.67164179
268 982 2.82062889 0.00940209631 3.6641791
268 982 2.82025466 0.00940084885 3.6641791
268 982 2.82017584 0.00940058613 3.6641791
268 982 2.82064687 0.00940215623 3.6641791
268 982 2.82068491 0.00940228302 3.6641791
268 982 2.82058125 0.00940193752 3.6641791
268 982 2.82047641 0.00940158803 3.6641791
268 982 2.82036617 0.00940122058 3.6641791
268 982 2.82052364 0.00940174547 3.6641791
267 976 2.81111098 0.00937036995 3.65543071
267 976 2.81110009 0.00937033362 3.65543071
267 976 2.81098413 0.0093699471 3.65543071
267 975 2.80610193 0.00935367309 3.65168539
267 977 2.81131552 0.00937105174 3.65917603
267 977 2.81131404 0.00937104681 3.65917603
267 977 2.81148019 0.00937160064 3.65917603
267 980 2.81147635 0.00937158783 3.67041199
267 980 2.81144857 0.00937149523 3.67041199
267 980 2.81124903 0.0093708301 3.67041199
266 972 2.80052069 0.00933506898 3.65413534
266 972 2.80023922 0.00933413074 3.65413534
266 972 2.80032342 0.00933441141 3.65413534
266 971 2.80226969 0.00934089898 3.65037594
266 971 2.8035168 0.00934505599 3.65037594
266 971 2.80339531 0.00934465104 3.65037594
266 971 2.80355045 0.00934516817 3.65037594
266 971 2.80356328 0.00934521092 3.65037594
266 971 2.80347016 0.00934490055 3.65037594
266 971 2.80361324 0.00934537746 3.65037594
265 962 2.79308915 0.00931029717 3.63018868
265 962 2.79306958 0.00931023195 3.63018868
265 965 2.79312608 0.00931042027 3.64150943
265 965 2.79332254 0.00931107512 3.64150943
265 965 2.79338276 0.00931127587 3.64150943
265 965 2.7935552 0.00931185068 3.64150943
265 965 2.79345112 0.00931150373 3.64150943
265 965 2.79342952 0.00931143175 3.64150943
265 965 2.79332137 0.00931107122 3.64150943
265 965 2.79342299 0.00931140996 3.64150943
264 956 2.78356045 0.00927853482 3.62121212
264 956 2.7835278 0.00927842601 3.62121212
264 956 2.7835468 0.00927848933 3.62121212
264 956 2.78436148 0.00928120493 3.62121212
264 956 2.78430233 0.00928100777 3.62121212
264 959 2.79164403 0.00930548012 3.63257576
264 959 2.79173558 0.00930578527 3.63257576
264 959 2.79166041 0.00930553471 3.63257576
264 959 2.79164196 0.0093054732 3.63257576
264 959 2.79164951 0.00930549837 3.63257576
263 951 2.78245575 0.0092748525 3.61596958
263 951 2.7825005 0.00927500167 3.61596958
263 951 2.78253375 0.0092751125 3.61596958
263 951 2.78244893 0.00927482975 3.61596958
263 951 2.78236264 0.00927454212 3.61596958
263 951 2.78240178 0.0092746726 3.61596958
263 951 2.78262098 0.00927540327 3.61596958
263 951 2.78251676 0.00927505588 3.61596958
263 951 2.78248992 0.00927496641 3.61596958
263 951 2.78250364 0.00927501213 3.61596958
262 942 2.77290889 0.00924302964 3.59541985
262 943 2.77230667 0.00924102222 3.59923664
262 948 2.77066548 0.00923555161 3.61832061
262 940 2.77191458 0.00923971526 3.58778626
262 940 2.77204777 0.00924015924 3.58778626
262 940 2.77197167 0.00923990558 3.58778626
262 940 2.7719396 0.00923979866 3.58778626
262 940 2.77181988 0.0092393996 3.58778626
262 940 2.77205924 0.00924019747 3.58778626
262 940 2.77199226 0.00923997419 3.58778626
261 930 2.75883993 0.00919613309 3.56321839
261 931 2.7628102 0.00920936735 3.56704981
261 931 2.76272731 0.00920909104 3.56704981
261 931 2.76286534 0.00920955113 3.56704981
261 931 2.76281582 0.00920938608 3.56704981
261 931 2.762836 0.00920945332 3.56704981
261 931 2.76279288 0.0092093096 3.56704981
261 931 2.76271579 0.00920905264 3.56704981
261 931 2.76288193 0.00920960644 3.56704981
261 931 2.76289595 0.00920965315 3.56704981
260 922 2.74863925 0.00916213084 3.54615385
260 927 2.74907862 0.00916359539 3.56538462
260 927 2.74899535 0.00916331782 3.56538462
260 928 2.75184818 0.00917282727 3.56923077
260 928 2.75201391 0.0091733797 3.56923077
260 928 2.75199078 0.00917330262 3.56923077
260 928 2.75195942 0.00917319806 3.56923077
260 923 2.75334311 0.00917781037 3.55
260 923 2.75333161 0.00917777205 3.55
260 923 2.75329128 0.00917763762 3.55
259 920 2.74387187 0.00914623958 3.55212355
259 920 2.74389683 0.00914632277 3.55212355
259 920 2.74401364 0.00914671212 3.55212355
259 920 2.74386587 0.00914621958 3.55212355
259 920 2.74399286 0.00914664288 3.55212355
259 916 2.7460104 0.00915336799 3.53667954
259 916 2.74588386 0.0091529462 3.53667954
259 916 2.74586702 0.00915289007 3.53667954
259 916 2.74599176 0.00915330588 3.53667954
259 916 2.74602968 0.00915343227 3.53667954
258 907 2.73181451 0.00910604836 3.51550388
258 907 2.73459731 0.00911532437 3.51550388
258 907 2.73409348 0.00911364492 3.51550388
258 907 2.73677695 0.00912258985 3.51550388
258 907 2.73714829 0.00912382762 3.51550388
258 907 2.73640295 0.00912134316 3.51550388
258 907 2.73647984 0.00912159947 3.51550388
258 913 2.74020486 0.0091340162 3.53875969
258 913 2.74000573 0.00913335242 3.53875969
258 913 2.73985387 0.00913284624 3.53875969
257 904 2.73050701 0.00910169002 3.51750973
257 904 2.73057758 0.00910192526 3.51750973
257 904 2.7305592 0.00910186399 3.51750973
257 904 2.73049263 0.00910164211 3.51750973
257 904 2.73056538 0.0091018846 3.51750973
257 904 2.7308095 0.00910269834 3.51750973
257 904 2.73070127 0.00910233758 3.51750973
257 904 2.73056646 0.00910188819 3.51750973
257 904 2.73057618 0.0091019206 3.51750973
257 904 2.73042703 0.00910142343 3.51750973
256 900 2.71646043 0.00905486809 3.515625
256 895 2.71887182 0.00906290606 3.49609375
256 899 2.71986756 0.00906622521 3.51171875
256 899 2.72002799 0.00906675997 3.51171875
256 899 2.71992566 0.00906641886 3.51171875
256 899 2.71986338 0.00906621127 3.51171875
256 899 2.71980187 0.00906600624 3.51171875
256 899 2.71990142 0.00906633806 3.51171875
256 899 2.71979085 0.00906596948 3.51171875
256 899 2.71991275 0.00906637582 3.51171875
255 895 2.70636823 0.00902122744 3.50980392
255 890 2.71314789 0.00904382629 3.49019608
255 890 2.71286834 0.00904289448 3.49019608
255 890 2.71300062 0.00904333541 3.49019608
255 890 2.71314524 0.00904381746 3.49019608
255 890 2.71308954 0.0090436318 3.49019608
255 890 2.7129431 0.00904314368 3.49019608
255 890 2.71321883 0.00904406278 3.49019608
255 890 2.71311477 0.0090437159 3.49019608
255 890 2.71306209 0.00904354028 3.49019608
254 877 2.70011433 0.0090003811 3.45275591
254 877 2.69958772 0.00899862575 3.45275591
254 877 2.69970129 0.00899900431 3.45275591
254 877 2.69985065 0.00899950215 3.45275591
254 877 2.69987622 0.0089995874 3.45275591
254 877 2.69992121 0.00899973735 3.45275591
254 880 2.7010117 0.00900337232 3.46456693
254 880 2.70089853 0.0090029951 3.46456693
254 880 2.70080293 0.00900267642 3.46456693
254 880 2.70104738 0.00900349128 3.46456693
253 871 2.68592042 0.00895306805 3.44268775
253 867 2.68785074 0.00895950246 3.42687747
253 877 2.68848111 0.00896160369 3.46640316
253 877 2.68837089 0.00896123631 3.46640316
253 877 2.68838554 0.00896128514 3.46640316
253 877 2.68835016 0.0089611672 3.46640316
253 877 2.68839746 0.00896132487 3.46640316
253 874 2.68674423 0.00895581411 3.45454545
253 874 2.68678109 0.00895593698 3.45454545
253 874 2.68673684 0.00895578948 3.45454545
252 870 2.67287301 0.00890957671 3.45238095
252 865 2.67473319 0.0089157773 3.43253968
252 865 2.67510329 0.00891701097 3.43253968
252 865 2.67496836 0.00891656118 3.43253968
252 865 2.67489036 0.00891630119 3.43253968
252 865 2.67484877 0.00891616256 3.43253968
252 865 2.67477273 0.00891590911 3.43253968
252 868 2.67626295 0.00892087651 3.44444444
252 868 2.67615446 0.00892051485 3.44444444
252 868 2.67626514 0.00892088379 3.44444444
251 864 2.66020728 0.00886735762 3.44223108
251 864 2.66147242 0.00887157473 3.44223108
251 864 2.66111085 0.00887036951 3.44223108
251 864 2.66144633 0.00887148776 3.44223108
251 864 2.66145503 0.00887151675 3.44223108
251 860 2.6627489 0.00887582965 3.42629482
251 860 2.6624406 0.00887480201 3.42629482
251 860 2.66224394 0.00887414648 3.42629482
251 860 2.66209412 0.00887364706 3.42629482
251 857 2.66809918 0.00889366393 3.41434263
250 850 2.65097569 0.00883658563 3.4
250 850 2.65099159 0.00883663862 3.4
250 849 2.65417139 0.00884723798 3.396
250 849 2.65440166 0.00884800553 3.396
250 849 2.65451107 0.00884837024 3.396
250 849 2.65422492 0.00884741642 3.396
250 849 2.65437147 0.00884790491 3.396
250 849 2.65429689 0.00884765631 3.396
250 853 2.65494862 0.00884982872 3.412
250 853 2.65487447 0.00884958157 3.412
249 844 2.63970057 0.00879900189 3.38955823
249 845 2.64123194 0.00880410647 3.3935743
249 845 2.64126199 0.00880420665 3.3935743
249 845 2.64133843 0.00880446145 3.3935743
249 845 2.64128919 0.00880429729 3.3935743
249 845 2.64124807 0.00880416023 3.3935743
249 845 2.64135831 0.00880452771 3.3935743
249 845 2.6412056 0.00880401865 3.3935743
249 840 2.64229806 0.00880766021 3.37349398
249 840 2.6424741 0.008808247 3.37349398
248 832 2.625184 0.00875061335 3.35483871
248 835 2.62466737 0.00874889122 3.36693548
248 834 2.61454589 0.00871515298 3.36290323
248 836 2.62722292 0.00875740973 3.37096774
248 836 2.62801131 0.00876003769 3.37096774
248 836 2.62811448 0.00876038159 3.37096774
248 836 2.62806185 0.00876020616 3.37096774
248 836 2.62781611 0.00875938705 3.37096774
248 836 2.62786679 0.00875955597 3.37096774
248 836 2.6278875 0.00875962501 3.37096774
247 827 2.61384433 0.00871281442 3.34817814
247 827 2.61379913 0.00871266376 3.34817814
246 822 2.60748382 0.00869161273 3.34146341
246 822 2.60746961 0.00869156536 3.34146341
246 822 2.60747375 0.00869157916 3.34146341
246 822 2.60752545 0.0086917515 3.34146341
246 821 2.60964525 0.00869881749 3.33739837
246 821 2.60925149 0.00869750498 3.33739837
246 819 2.61728922 0.00872429741 3.32926829
246 819 2.61741668 0.00872472227 3.32926829
245 816 2.60345847 0.00867819491 3.33061224
245 812 2.6028435 0.00867614499 3.31428571
245 812 2.60296872 0.0086765624 3.31428571
245 812 2.6031418 0.00867713933 3.31428571
245 812 2.60309526 0.00867698418 3.31428571
245 816 2.60349867 0.00867832889 3.33061224
245 816 2.60334719 0.00867782395 3.33061224
245 815 2.60453682 0.00868178941 3.32653061
245 815 2.60440198 0.00868133993 3.32653061
245 815 2.60439117 0.00868130391 3.32653061
244 811 2.59272199 0.00864240664 3.32377049
244 811 2.59223266 0.00864077553 3.32377049
244 811 2.59208267 0.00864027557 3.32377049
244 811 2.59229876 0.00864099586 3.32377049
244 811 2.59236297 0.00864120989 3.32377049
244 811 2.59240211 0.00864134035 3.32377049
244 811 2.59234059 0.0086411353 3.32377049
244 811 2.5922365 0.00864078832 3.32377049
244 811 2.5921785 0.00864059501 3.32377049
244 814 2.59667539 0.00865558465 3.33606557
243 810 2.58236578 0.00860788594 3.33333333
243 810 2.58234806 0.00860782686 3.33333333
243 806 2.58087044 0.00860290148 3.31687243
243 806 2.58122798 0.00860409327 3.31687243
243 811 2.58345836 0.00861152786 3.33744856
243 811 2.58344668 0.00861148895 3.33744856
243 811 2.58333458 0.00861111526 3.33744856
243 811 2.58331144 0.00861103814 3.33744856
243 811 2.58342775 0.00861142583 3.33744856
243 811 2.58322256 0.00861074187 3.33744856
242 805 2.56662221 0.00855540736 3.32644628
242 803 2.57311419 0.00857704731 3.31818182
242 800 2.57472625 0.00858242083 3.30578512
242 800 2.57494795 0.00858315984 3.30578512
242 800 2.57507244 0.00858357478 3.30578512
242 800 2.57503794 0.00858345979 3.30578512
242 797 2.57429417 0.00858098056 3.29338843
242 797 2.57423735 0.00858079117 3.29338843
242 801 2.57489452 0.00858298173 3.30991736
242 801 2.57498312 0.00858327705 3.30991736
241 794 2.55984549 0.0085328183 3.29460581
241 797 2.56273667 0.00854245558 3.30705394
241 797 2.56362701 0.00854542337 3.30705394
241 797 2.56375368 0.0085458456 3.30705394
241 797 2.5640016 0.00854667201 3.30705394
241 797 2.56383288 0.00854610959 3.30705394
241 797 2.56390248 0.0085463416 3.30705394
241 793 2.55649364 0.00852164546 3.29045643
241 793 2.55640822 0.00852136073 3.29045643
241 793 2.55648612 0.00852162039 3.29045643
240 787 2.54426664 0.00848088881 3.27916667
240 784 2.5516984 0.00850566133 3.26666667
240 785 2.55506419 0.00851688064 3.27083333
240 785 2.55506075 0.00851686917 3.27083333
240 785 2.55467725 0.00851559083 3.27083333
240 791 2.55766185 0.0085255395 3.29583333
240 791 2.55773027 0.00852576756 3.29583333
240 795 2.56217715 0.00854059051 3.3125
240 795 2.56218561 0.0085406187 3.3125
240 795 2.56225021 0.00854083402 3.3125
239 791 2.54867121 0.0084955707 3.30962343
239 788 2.54988695 0.00849962316 3.29707113
239 788 2.55036875 0.00850122916 3.29707113
239 788 2.55007387 0.00850024623 3.29707113
239 788 2.55009738 0.0085003246 3.29707113
239 788 2.55003818 0.00850012727 3.29707113
239 788 2.55030985 0.00850103284 3.29707113
239 788 2.55004617 0.00850015389 3.29707113
239 788 2.55016912 0.00850056374 3.29707113
239 786 2.55507394 0.00851691314 3.28870293
238 782 2.53974754 0.00846582512 3.28571429
238 779 2.54331795 0.0084777265 3.27310924
238 779 2.54340107 0.00847800355 3.27310924
238 779 2.54331349 0.00847771164 3.27310924
238 779 2.54342203 0.00847807343 3.27310924
238 779 2.54322477 0.00847741591 3.27310924
238 779 2.5432269 0.008477423 3.27310924
238 779 2.54341394 0.00847804646 3.27310924
238 779 2.54316608 0.00847722026 3.27310924
238 779 2.5432543 0.00847751432 3.27310924
237 773 2.52647084 0.00842156945 3.26160338
237 766 2.53142037 0.0084380679 3.23206751
237 766 2.53179362 0.00843931208 3.23206751
237 766 2.53178667 0.00843928891 3.23206751
237 769 2.53236242 0.00844120808 3.24472574
237 769 2.53238198 0.00844127328 3.24472574
237 769 2.53221732 0.00844072441 3.24472574
237 769 2.53232756 0.00844109186 3.24472574
237 767 2.53223237 0.00844077457 3.23628692
237 767 2.53185341 0.00843951136 3.23628692
236 763 2.51805877 0.00839352922 3.23305085
236 763 2.51830103 0.00839433676 3.23305085
236 760 2.5195981 0.00839866033 3.22033898
236 763 2.52101015 0.00840336718 3.23305085
236 763 2.52095988 0.00840319958 3.23305085
236 763 2.52093574 0.00840311914 3.23305085
236 763 2.52113806 0.00840379353 3.23305085
236 763 2.52121457 0.00840404857 3.23305085
236 763 2.5211883 0.00840396099 3.23305085
236 763 2.52111755 0.00840372518 3.23305085
235 759 2.50526426 0.00835088087 3.22978723
235 759 2.50819577 0.00836065258 3.22978723
235 759 2.50805018 0.00836016726 3.22978723
235 759 2.50801629 0.00836005428 3.22978723
234 757 2.50056725 0.00833522416 3.23504274
234 757 2.50059361 0.00833531204 3.23504274
234 757 2.50065691 0.00833552304 3.23504274
234 757 2.50046346 0.00833487822 3.23504274
234 757 2.50047871 0.00833492903 3.23504274
234 757 2.50048948 0.00833496492 3.23504274
233 751 2.48747767 0.00829159224 3.22317597
233 751 2.48731296 0.00829104321 3.22317597
233 751 2.48743633 0.00829145442 3.22317597
233 751 2.48748126 0.0082916042 3.22317597
233 751 2.48737245 0.00829124149 3.22317597
233 751 2.4873808 0.00829126935 3.22317597
233 751 2.48747293 0.00829157643 3.22317597
233 751 2.48747287 0.00829157624 3.22317597
233 751 2.48731803 0.00829106011 3.22317597
233 751 2.48747382 0.0082915794 3.22317597
232 747 2.46869384 0.00822897945 3.21982759
232 745 2.46861824 0.00822872747 3.2112069
232 747 2.47492405 0.00824974685 3.21982759
232 747 2.47597366 0.00825324554 3.21982759
232 747 2.47540559 0.00825135197 3.21982759
232 747 2.47550426 0.00825168086 3.21982759
232 747 2.47538848 0.00825129495 3.21982759
232 747 2.47537807 0.00825126024 3.21982759
232 747 2.47539698 0.00825132326 3.21982759
232 747 2.47531861 0.00825106205 3.21982759
231 741 2.45858227 0.00819527422 3.20779221
231 740 2.45936076 0.00819786919 3.2034632
231 740 2.45977784 0.00819925946 3.2034632
231 741 2.46256833 0.0082085611 3.20779221
231 741 2.46249471 0.00820831571 3.20779221
231 741 2.46245284 0.00820817614 3.20779221
231 741 2.46244704 0.00820815681 3.20779221
231 741 2.46253181 0.00820843936 3.20779221
231 741 2.46242264 0.00820807546 3.20779221
231 741 2.46248223 0.00820827412 3.20779221
230 737 2.4438172 0.00814605735 3.20434783
230 734 2.44645332 0.00815484439 3.19130435
230 734 2.44853963 0.00816179878 3.19130435
230 734 2.44865979 0.0081621993 3.19130435
230 734 2.44856176 0.00816187254 3.19130435
230 734 2.44881344 0.00816271145 3.19130435
230 734 2.44863234 0.00816210779 3.19130435
230 734 2.44849236 0.00816164121 3.19130435
230 734 2.4485171 0.00816172368 3.19130435
230 734 2.44854638 0.00816182126 3.19130435
229 728 2.43142555 0.00810475183 3.1790393
229 728 2.43032817 0.00810109389 3.1790393
229 731 2.43014109 0.00810047032 3.19213974
229 731 2.42985078 0.0080995026 3.19213974
229 731 2.42974008 0.00809913361 3.19213974
229 727 2.43439047 0.00811463489 3.17467249
229 727 2.43473806 0.00811579354 3.17467249
229 727 2.43456362 0.00811521206 3.17467249
229 727 2.4345188 0.00811506266 3.17467249
229 727 2.43456229 0.00811520763 3.17467249
228 726 2.41586763 0.00805289211 3.18421053
228 721 2.41712105 0.00805707017 3.1622807
228 721 2.4172875 0.00805762499 3.1622807
228 724 2.41746826 0.00805822753 3.1754386
228 724 2.41723717 0.00805745724 3.1754386
228 724 2.4171355 0.00805711832 3.1754386
228 724 2.41712054 0.00805706848 3.1754386
228 724 2.41739412 0.00805798041 3.1754386
228 724 2.41719807 0.00805732689 3.1754386
228 724 2.41714851 0.0080571617 3.1754386
227 717 2.40191327 0.00800637756 3.15859031
227 717 2.40183802 0.00800612674 3.15859031
227 718 2.40322919 0.00801076398 3.16299559
227 718 2.40370826 0.00801236086 3.16299559
227 718 2.4036751 0.00801225032 3.16299559
227 718 2.40362931 0.00801209771 3.16299559
227 718 2.40353471 0.00801178237 3.16299559
227 718 2.40368098 0.00801226992 3.16299559
227 718 2.4035385 0.00801179501 3.16299559
227 718 2.40352806 0.0080117602 3.16299559
226 712 2.38631499 0.00795438331 3.15044248
226 712 2.38614535 0.00795381783 3.15044248
226 714 2.38665103 0.00795550342 3.15929204
226 714 2.38662148 0.00795540492 3.15929204
226 714 2.38692769 0.00795642563 3.15929204
226 715 2.38963699 0.00796545662 3.16371681
226 715 2.38941111 0.00796470371 3.16371681
226 715 2.38948881 0.00796496269 3.16371681
226 715 2.38946816 0.00796489387 3.16371681
226 715 2.38941061 0.00796470204 3.16371681
225 709 2.37107455 0.00790358183 3.15111111
225 708 2.3730958 0.00791031933 3.14666667
225 708 2.37307666 0.00791025554 3.14666667
225 708 2.37312153 0.00791040511 3.14666667
225 708 2.37313286 0.00791044285 3.14666667
225 708 2.37315517 0.00791051725 3.14666667
225 708 2.37319001 0.00791063337 3.14666667
225 708 2.37311634 0.00791038779 3.14666667
225 708 2.37312109 0.00791040364 3.14666667
225 708 2.37351898 0.00791172992 3.14666667
224 702 2.35560714 0.00785202379 3.13392857
224 702 2.35554556 0.00785181853 3.13392857
224 702 2.35565148 0.00785217159 3.13392857
224 702 2.35559281 0.00785197605 3.13392857
224 702 2.35565962 0.00785219875 3.13392857
224 702 2.3557284 0.007852428 3.13392857
224 704 2.35619235 0.00785397451 3.14285714
224 704 2.35627558 0.00785425193 3.14285714
224 704 2.35648863 0.00785496209 3.14285714
224 704 2.35607437 0.00785358123 3.14285714
223 703 2.33657005 0.00778856683 3.15246637
223 703 2.33657504 0.00778858348 3.15246637
223 698 2.33853894 0.00779512981 3.13004484
223 698 2.33865188 0.00779550628 3.13004484
223 698 2.3386884 0.00779562799 3.13004484
223 698 2.33873673 0.00779578909 3.13004484
223 698 2.33866144 0.00779553813 3.13004484
223 698 2.33879859 0.00779599529 3.13004484
223 698 2.33878856 0.00779596187 3.13004484
223 698 2.33865237 0.00779550789 3.13004484
222 692 2.32071534 0.00773571781 3.11711712
222 692 2.32042792 0.00773475974 3.11711712
222 697 2.32074015 0.0077358005 3.13963964
222 697 2.3205738 0.00773524601 3.13963964
222 697 2.32064676 0.00773548919 3.13963964
222 697 2.32055474 0.00773518246 3.13963964
222 692 2.31722581 0.00772408605 3.11711712
222 692 2.31693269 0.00772310898 3.11711712
222 692 2.31664256 0.00772214186 3.11711712
222 692 2.31649759 0.00772165865 3.11711712
221 689 2.29849584 0.0076616528 3.11764706
221 687 2.31648311 0.00772161037 3.10859729
221 687 2.31645239 0.00772150797 3.10859729
221 687 2.31644634 0.00772148779 3.10859729
221 687 2.31670681 0.00772235602 3.10859729
221 687 2.31670938 0.00772236459 3.10859729
221 687 2.31655376 0.00772184588 3.10859729
221 687 2.31652714 0.00772175713 3.10859729
221 687 2.31656766 0.00772189221 3.10859729
221 687 2.31659637 0.00772198789 3.10859729
220 683 2.29779637 0.00765932122 3.10454545
220 683 2.29783222 0.00765944072 3.10454545
220 683 2.29785014 0.00765950048 3.10454545
220 683 2.29793875 0.00765979585 3.10454545
220 683 2.29786719 0.00765955731 3.10454545
220 683 2.29814785 0.00766049282 3.10454545
220 683 2.29795535 0.00765985117 3.10454545
220 686 2.29855417 0.00766184725 3.11818182
220 686 2.29845707 0.00766152357 3.11818182
220 686 2.29847079 0.0076615693 3.11818182
219 682 2.28750416 0.00762501387 3.11415525
219 679 2.27936897 0.00759789658 3.10045662
219 679 2.27939265 0.00759797549 3.10045662
219 679 2.2794073 0.00759802434 3.10045662
219 679 2.27933799 0.00759779328 3.10045662
219 679 2.27975292 0.0075991764 3.10045662
219 679 2.28005198 0.00760017325 3.10045662
219 682 2.2876516 0.00762550533 3.11415525
219 682 2.28753611 0.00762512037 3.11415525
219 682 2.28750966 0.00762503221 3.11415525
218 679 2.26738706 0.00755795685 3.1146789
218 677 2.26911675 0.00756372249 3.10550459
217 672 2.25492287 0.00751640958 3.09677419
217 672 2.25398639 0.00751328795 3.09677419
217 672 2.25465366 0.00751551221 3.09677419
217 672 2.25468453 0.00751561509 3.09677419
217 672 2.25463253 0.00751544176 3.09677419
217 669 2.26720946 0.00755736486 3.08294931
217 669 2.26729911 0.00755766369 3.08294931
217 669 2.26723313 0.00755744376 3.08294931
216 665 2.24977642 0.00749925474 3.0787037
216 661 2.25007017 0.00750023391 3.06018519
216 661 2.24994808 0.00749982692 3.06018519
216 661 2.25004053 0.00750013511 3.06018519
216 661 2.25009748 0.00750032494 3.06018519
216 661 2.25008046 0.00750026818 3.06018519
216 661 2.25005991 0.00750019968 3.06018519
216 666 2.25265438 0.00750884794 3.08333333
216 666 2.25258457 0.00750861525 3.08333333
216 666 2.25242621 0.00750808736 3.08333333
215 660 2.23093271 0.00743644238 3.06976744
215 660 2.23415206 0.00744717353 3.06976744
215 660 2.23438768 0.00744795893 3.06976744
215 660 2.23434201 0.00744780671 3.06976744
215 660 2.23430301 0.00744767668 3.06976744
215 660 2.23428101 0.00744760336 3.06976744
215 660 2.23432606 0.00744775354 3.06976744
215 663 2.23455867 0.00744852889 3.08372093
215 663 2.2345732 0.00744857734 3.08372093
215 663 2.23453583 0.00744845276 3.08372093
214 655 2.21697508 0.00738991693 3.06074766
214 655 2.21628419 0.00738761398 3.06074766
214 655 2.21609542 0.00738698473 3.06074766
214 655 2.21612674 0.00738708912 3.06074766
214 655 2.21612536 0.00738708454 3.06074766
214 655 2.21612725 0.00738709084 3.06074766
214 655 2.21611455 0.0073870485 3.06074766
214 655 2.21596539 0.00738655129 3.06074766
214 655 2.21612422 0.00738708074 3.06074766
214 655 2.21617748 0.00738725828 3.06074766
213 650 2.19425973 0.00731419912 3.05164319
213 650 2.19587467 0.00731958223 3.05164319
213 651 2.1979995 0.00732666501 3.05633803
213 651 2.19785207 0.00732617357 3.05633803
213 651 2.19832962 0.00732776541 3.05633803
213 651 2.19816805 0.00732722685 3.05633803
213 649 2.20063345 0.00733544485 3.04694836
213 649 2.20032427 0.00733441425 3.04694836
213 649 2.1999077 0.00733302567 3.04694836
213 649 2.19958716 0.00733195721 3.04694836
212 644 2.17363093 0.00724543643 3.03773585
212 644 2.17327834 0.00724426114 3.03773585
212 644 2.17234148 0.00724113828 3.03773585
212 645 2.17876137 0.0072625379 3.04245283
212 645 2.16960748 0.00723202493 3.04245283
212 645 5.69588821e-12 1.8986294e-14 3.04245283
212 647 0 0 3.05188679
allocating memory...
allocating memory...
allocating memory...
allocating memory...
allocating memory...
allocating memory...
walksat version 35
command line = test -solcnf -cutoff 100000000 -best -seed 1234567 -numsol 10 ./residualformula_seed4.cnf
seed = 1234567
cutoff = 100000000
tries = 10
heuristic = best, noise 50 / 100
tail starts after flip = 900
numatom = 300, numclause = 647, numliterals = 1797
wff read in

    lowest     final       avg     noise     noise     total                 avg        mean        mean
    #unsat    #unsat     noise   std dev     ratio     flips              length       flips       flips
      this      this      this      this      this      this   success   success       until         std
       try       try       try       try       try       try      rate     tries      assign         dev

         0         0      2.95      0.94      3.13       974       100       974      974.00
         0         0      4.57      2.66      1.72      6814       100      3894     3894.00     4129.50
         0         0      6.22      2.69      2.31      2029       100      3272     3272.33     3112.20
         0         0      2.45      1.56      1.57      1323       100      2785     2785.00     2721.61
         0         0      0.00      0.00      0.00       892       100      2406     2406.40     2504.41
         0         0      0.00      0.00      0.00       594       100      2104     2104.33     2359.05
         0         0      4.01      1.89      2.12      1253       100      1982     1982.71     2177.42
         0         0      0.00      0.00      0.00       695       100      1821     1821.75     2066.67
         0         0      0.00      0.00      0.00       459       100      1670     1670.33     1985.84
         0         0      0.00      0.00      0.00       550       100      1558     1558.30     1905.49

total elapsed seconds = 0.000000
average flips per second = -9223372036854775808
number solutions found = 10
final success rate = 100.000000
average length successful tries = 1558
mean flips until assign = 1558.300000
  variance = 3630907.566667
  standard deviation = 1905.494048
  standard error of mean = 602.570126
mean seconds until assign = 0.000000
  variance = 0.000000
  standard deviation = 0.000000
  standard error of mean = 0.000000
mean restarts until assign = 1.000000
  variance = 0.000000
  standard deviation = 0.000000
  standard error of mean = 0.000000
final noise level statistics
    statistics over all runs:
      overall mean average noise level = 4.039851
      overall mean noise std deviation = 1.950829
      overall ratio mean noise to mean std dev = 2.070838
    statistics on successful runs:
      successful mean average noise level = 4.039851
      successful mean noise std deviation = 1.950829
      successful ratio mean noise to mean std dev = 2.070838
    statistics on nonsuccessful runs:
      nonsuccessful mean average noise level = 0.000000
      nonsuccessful mean noise std deviation = 0.000000
      nonsuccessful ratio mean noise to mean std dev = 0.000000
ASSIGNMENT FOUND
Check and white a solution
time of whitening    freezing probability
8	 	 	 	1
7	 	 	 	1
8	 	 	 	1
9	 	 	 	1
8	 	 	 	1
9	 	 	 	1
8	 	 	 	1
10	 	 	 	1
8	 	 	 	1
12	 	 	 	1
