START ALGORITHM:
I am going to build an instance with N: 300 variables and 1245 clauses with a clause density equal to 4.15
START BSP WITH r=0.9:
Decimation scorer: cert
END UNIT PROPAGATION
300 1245 1.38774508 0.00462581693 4.15
300 1245 1.38558812 0.00461862708 4.15
300 1245 1.38564315 0.00461881049 4.15
300 1245 1.38697031 0.00462323438 4.15
300 1245 1.38605664 0.00462018881 4.15
300 1245 1.38620899 0.00462069662 4.15
300 1245 1.38637517 0.00462125058 4.15
300 1245 1.38660874 0.00462202913 4.15
300 1245 1.38642042 0.00462140141 4.15
299 1240 1.3779034 0.00459301132 4.14715719
299 1237 1.38631385 0.00462104616 4.13712375
299 1237 1.38632713 0.00462109043 4.13712375
299 1237 1.38631925 0.00462106417 4.13712375
299 1237 1.38625511 0.00462085038 4.13712375
299 1237 1.38633797 0.00462112657 4.13712375
299 1237 1.38631802 0.00462106006 4.13712375
299 1237 1.38637908 0.00462126362 4.13712375
299 1237 1.38630326 0.00462101087 4.13712375
299 1237 1.38637341 0.00462124469 4.13712375
298 1226 1.37846253 0.0045948751 4.11409396
298 1226 1.37844205 0.00459480684 4.11409396
298 1226 1.37864638 0.00459548793 4.11409396
298 1226 1.3782902 0.00459430066 4.11409396
298 1226 1.37832179 0.00459440595 4.11409396
298 1226 1.37850488 0.00459501628 4.11409396
298 1225 1.3809209 0.00460306968 4.11073826
298 1225 1.38121404 0.00460404679 4.11073826
298 1225 1.38083633 0.00460278777 4.11073826
298 1235 1.38628285 0.00462094283 4.1442953
297 1223 1.38117465 0.0046039155 4.11784512
297 1223 1.38129461 0.00460431538 4.11784512
297 1223 1.38109981 0.00460366603 4.11784512
297 1223 1.38094784 0.00460315948 4.11784512
297 1223 1.38091653 0.00460305509 4.11784512
297 1223 1.38094114 0.00460313715 4.11784512
297 1223 1.38109021 0.00460363404 4.11784512
297 1223 1.38115346 0.00460384486 4.11784512
297 1223 1.38105669 0.00460352229 4.11784512
297 1223 1.38109736 0.00460365788 4.11784512
296 1218 1.37273875 0.00457579583 4.11486486
296 1218 1.37253247 0.00457510822 4.11486486
296 1218 1.37240162 0.00457467206 4.11486486
296 1218 1.37242609 0.00457475363 4.11486486
296 1212 1.37338995 0.00457796651 4.09459459
296 1212 1.37319579 0.00457731931 4.09459459
296 1220 1.37414858 0.00458049527 4.12162162
296 1220 1.37399108 0.00457997027 4.12162162
296 1220 1.37388659 0.00457962196 4.12162162
296 1220 1.37388537 0.0045796179 4.12162162
295 1213 1.35971627 0.00453238756 4.11186441
295 1209 1.36123893 0.00453746311 4.09830508
295 1215 1.36547358 0.00455157861 4.11864407
295 1215 1.36564086 0.0045521362 4.11864407
295 1215 1.36581754 0.00455272512 4.11864407
295 1215 1.36584511 0.00455281704 4.11864407
295 1215 1.36553966 0.00455179887 4.11864407
295 1215 1.36574425 0.00455248084 4.11864407
295 1215 1.36574752 0.00455249175 4.11864407
295 1215 1.3656038 0.00455201265 4.11864407
294 1209 1.35123117 0.0045041039 4.1122449
294 1208 1.35145569 0.00450485229 4.10884354
294 1207 1.35390418 0.00451301394 4.10544218
294 1204 1.35726131 0.00452420438 4.0952381
294 1204 1.35744276 0.00452480919 4.0952381
294 1204 1.35676825 0.00452256084 4.0952381
294 1198 1.35762963 0.0045254321 4.07482993
294 1198 1.3577977 0.00452599232 4.07482993
294 1198 1.35793756 0.00452645854 4.07482993
294 1198 1.35781002 0.00452603341 4.07482993
293 1190 1.34687009 0.00448956698 4.06143345
293 1190 1.34765585 0.00449218617 4.06143345
293 1190 1.3472459 0.00449081967 4.06143345
293 1190 1.34732816 0.00449109385 4.06143345
293 1190 1.34717863 0.00449059544 4.06143345
293 1193 1.34954704 0.00449849013 4.07167235
293 1193 1.34963317 0.00449877725 4.07167235
293 1193 1.34949412 0.00449831373 4.07167235
293 1193 1.34958756 0.00449862521 4.07167235
293 1193 1.34977124 0.00449923747 4.07167235
292 1182 1.33184684 0.00443948948 4.04794521
292 1187 1.33630564 0.00445435215 4.06506849
292 1185 1.33886643 0.00446288809 4.05821918
292 1185 1.33875182 0.00446250608 4.05821918
292 1185 1.33913569 0.00446378565 4.05821918
292 1185 1.33892338 0.00446307792 4.05821918
292 1185 1.33900873 0.00446336242 4.05821918
292 1182 1.33959845 0.00446532815 4.04794521
292 1182 1.3396689 0.004465563 4.04794521
292 1182 1.34025263 0.00446750878 4.04794521
291 1175 1.32563335 0.00441877783 4.03780069
291 1175 1.32935633 0.00443118777 4.03780069
291 1175 1.32934663 0.00443115544 4.03780069
291 1175 1.32992639 0.00443308797 4.03780069
291 1175 1.32939215 0.00443130717 4.03780069
291 1175 1.3295368 0.00443178934 4.03780069
291 1175 1.32916198 0.00443053995 4.03780069
291 1175 1.32900562 0.00443001875 4.03780069
291 1175 1.32927196 0.00443090653 4.03780069
291 1175 1.329142 0.00443047333 4.03780069
290 1169 1.31611785 0.0043870595 4.03103448
290 1169 1.31631261 0.00438770868 4.03103448
290 1168 1.31383441 0.00437944803 4.02758621
290 1168 1.31412124 0.00438040415 4.02758621
290 1168 1.31380427 0.00437934757 4.02758621
290 1168 1.31357485 0.00437858284 4.02758621
290 1168 1.31387649 0.00437958828 4.02758621
290 1169 1.31559159 0.0043853053 4.03103448
290 1169 1.31574457 0.00438581525 4.03103448
290 1169 1.31604814 0.00438682715 4.03103448
289 1158 1.29855574 0.00432851914 4.00692042
289 1158 1.29846147 0.00432820491 4.00692042
289 1161 1.30413066 0.00434710219 4.01730104
289 1161 1.30419817 0.00434732723 4.01730104
289 1159 1.3094981 0.00436499368 4.01038062
289 1159 1.30018355 0.00433394517 4.01038062
289 1159 1.30014976 0.00433383252 4.01038062
289 1163 1.29967673 0.00433225577 4.02422145
289 1160 1.30013034 0.0043337678 4.01384083
289 1160 1.3000407 0.00433346899 4.01384083
288 1156 1.27932084 0.00426440279 4.01388889
288 1153 1.28219595 0.0042739865 4.00347222
288 1153 1.28308396 0.00427694653 4.00347222
288 1152 1.28873039 0.00429576796 4
288 1152 1.2892467 0.004297489 4
288 1153 1.29124328 0.00430414427 4.00347222
288 1153 1.30002214 0.00433340712 4.00347222
288 1153 1.30054201 0.00433514005 4.00347222
288 1153 1.30007053 0.00433356843 4.00347222
288 1153 1.30031439 0.00433438131 4.00347222
287 1148 1.28027336 0.00426757786 4
287 1149 1.27924194 0.00426413981 4.00348432
287 1146 1.28706376 0.00429021253 3.99303136
287 1146 1.28643024 0.00428810081 3.99303136
287 1146 1.28723729 0.00429079098 3.99303136
287 1146 1.29015894 0.00430052981 3.99303136
287 1146 1.29092431 0.00430308103 3.99303136
287 1146 1.29095354 0.00430317848 3.99303136
287 1146 1.29107967 0.0043035989 3.99303136
287 1146 1.29076502 0.00430255008 3.99303136
286 1141 1.27997748 0.00426659162 3.98951049
286 1141 1.28063418 0.00426878061 3.98951049
286 1141 1.2799303 0.00426643433 3.98951049
286 1141 1.28075105 0.00426917015 3.98951049
286 1141 1.28016458 0.00426721527 3.98951049
286 1141 1.280334 0.00426778 3.98951049
286 1141 1.28038284 0.0042679428 3.98951049
286 1141 1.28031639 0.0042677213 3.98951049
286 1138 1.27944369 0.00426481231 3.97902098
286 1138 1.27971441 0.0042657147 3.97902098
285 1127 1.26312094 0.00421040315 3.95438596
285 1133 1.26974369 0.00423247898 3.9754386
285 1133 1.26987284 0.00423290948 3.9754386
285 1133 1.26995843 0.00423319478 3.9754386
285 1133 1.26906102 0.0042302034 3.9754386
285 1129 1.26931605 0.0042310535 3.96140351
285 1129 1.26947191 0.00423157302 3.96140351
285 1129 1.26935843 0.00423119475 3.96140351
285 1132 1.27024623 0.00423415411 3.97192982
285 1132 1.27003159 0.00423343863 3.97192982
284 1125 1.25834795 0.00419449317 3.96126761
284 1125 1.2579645 0.00419321498 3.96126761
284 1125 1.25837612 0.00419458706 3.96126761
284 1125 1.25868029 0.00419560098 3.96126761
284 1125 1.25755092 0.00419183639 3.96126761
284 1125 1.25820981 0.00419403271 3.96126761
284 1125 1.25814574 0.00419381915 3.96126761
284 1124 1.25943839 0.00419812797 3.95774648
284 1124 1.25964237 0.00419880791 3.95774648
284 1124 1.25969263 0.00419897545 3.95774648
283 1117 1.2422009 0.00414066968 3.94699647
283 1117 1.24176971 0.00413923237 3.94699647
283 1117 1.24173734 0.00413912445 3.94699647
283 1113 1.24352176 0.00414507253 3.93286219
283 1113 1.24392834 0.0041464278 3.93286219
283 1113 1.24428353 0.00414761178 3.93286219
283 1113 1.24384736 0.00414615786 3.93286219
283 1117 1.2474404 0.00415813467 3.94699647
283 1117 1.24758091 0.00415860302 3.94699647
283 1117 1.24727833 0.00415759443 3.94699647
282 1111 1.22537399 0.00408457997 3.93971631
282 1109 1.22904427 0.00409681425 3.93262411
282 1109 1.22835276 0.0040945092 3.93262411
282 1110 1.22982195 0.0040994065 3.93617021
282 1110 1.23039042 0.00410130139 3.93617021
282 1110 1.2303386 0.00410112867 3.93617021
282 1106 1.23187765 0.00410625884 3.92198582
282 1106 1.23164581 0.00410548603 3.92198582
282 1106 1.2312937 0.00410431234 3.92198582
282 1106 1.23177871 0.00410592904 3.92198582
281 1099 1.21592259 0.00405307529 3.91103203
281 1099 1.21514365 0.00405047884 3.91103203
281 1099 1.21564109 0.00405213698 3.91103203
281 1099 1.21506376 0.00405021254 3.91103203
281 1099 1.21539313 0.00405131045 3.91103203
281 1099 1.2160352 0.00405345068 3.91103203
281 1099 1.21614202 0.00405380674 3.91103203
281 1099 1.21431184 0.00404770613 3.91103203
281 1103 1.21916614 0.00406388715 3.9252669
281 1103 1.2190667 0.00406355567 3.9252669
280 1096 1.20933617 0.00403112056 3.91428571
280 1096 1.20945722 0.00403152406 3.91428571
280 1096 1.20961871 0.00403206236 3.91428571
280 1096 1.20946605 0.00403155352 3.91428571
280 1096 1.20986102 0.00403287008 3.91428571
280 1096 1.20960562 0.00403201874 3.91428571
280 1096 1.20945358 0.00403151195 3.91428571
280 1096 1.20967418 0.00403224726 3.91428571
280 1096 1.2094879 0.00403162633 3.91428571
280 1096 1.20986471 0.00403288236 3.91428571
279 1085 1.19414782 0.00398049272 3.88888889
279 1085 1.19420789 0.00398069298 3.88888889
279 1085 1.19371873 0.00397906242 3.88888889
279 1085 1.19343806 0.00397812686 3.88888889
279 1085 1.19422873 0.00398076243 3.88888889
279 1085 1.19383547 0.00397945156 3.88888889
279 1085 1.19435735 0.00398119117 3.88888889
279 1085 1.19394166 0.00397980552 3.88888889
279 1085 1.1938961 0.00397965367 3.88888889
279 1085 1.19443725 0.00398145751 3.88888889
278 1079 1.16841735 0.00389472451 3.88129496
278 1082 1.17290994 0.00390969982 3.89208633
278 1082 1.17291715 0.00390972385 3.89208633
278 1079 1.17760737 0.00392535789 3.88129496
278 1079 1.17721703 0.00392405678 3.88129496
278 1077 1.17041904 0.00390139679 3.87410072
278 1076 1.18158349 0.00393861163 3.8705036
278 1076 1.18132993 0.00393776644 3.8705036
278 1072 1.17118845 0.00390396149 3.85611511
278 1076 1.17242448 0.0039080816 3.8705036
277 1069 1.16724668 0.00389082226 3.85920578
277 1069 1.16682323 0.00388941078 3.85920578
277 1069 1.16728371 0.00389094571 3.85920578
277 1069 1.16815606 0.00389385352 3.85920578
277 1069 1.16786961 0.0038928987 3.85920578
277 1069 1.16692569 0.00388975232 3.85920578
277 1069 1.16730074 0.00389100247 3.85920578
277 1069 1.16687935 0.00388959783 3.85920578
277 1069 1.16759134 0.00389197113 3.85920578
277 1069 1.16720463 0.00389068211 3.85920578
276 1061 1.15110938 0.00383703126 3.8442029
276 1061 1.151073 0.00383690998 3.8442029
276 1061 1.15070849 0.00383569495 3.8442029
276 1061 1.15110145 0.00383700482 3.8442029
276 1061 1.15077573 0.00383591909 3.8442029
276 1066 1.15190981 0.00383969937 3.86231884
276 1066 1.15196004 0.00383986682 3.86231884
276 1066 1.15188712 0.00383962374 3.86231884
276 1066 1.15152124 0.00383840412 3.86231884
276 1060 1.13643795 0.00378812649 3.84057971
275 1054 1.11559313 0.00371864375 3.83272727
275 1057 1.11841019 0.00372803396 3.84363636
275 1052 1.12034761 0.00373449203 3.82545455
275 1054 1.12143002 0.00373810006 3.83272727
275 1054 1.12119861 0.0037373287 3.83272727
275 1054 1.12181848 0.00373939494 3.83272727
275 1054 1.12108992 0.00373696641 3.83272727
275 1054 1.12170174 0.0037390058 3.83272727
275 1054 1.12174945 0.00373916483 3.83272727
275 1054 1.12206935 0.00374023118 3.83272727
274 1051 1.12125662 0.00373752206 3.83576642
274 1051 1.12170728 0.00373902426 3.83576642
274 1051 1.1216473 0.00373882434 3.83576642
274 1051 1.12190066 0.00373966886 3.83576642
274 1051 1.12166727 0.00373889089 3.83576642
274 1051 1.12207035 0.00374023451 3.83576642
274 1051 1.12135324 0.00373784412 3.83576642
274 1051 1.12181835 0.0037393945 3.83576642
274 1051 1.12166169 0.00373887228 3.83576642
274 1051 1.12168099 0.00373893664 3.83576642
273 1046 1.09903713 0.00366345712 3.83150183
273 1043 1.10413339 0.00368044464 3.82051282
273 1043 1.10434429 0.00368114764 3.82051282
273 1043 1.1045641 0.00368188032 3.82051282
273 1043 1.10481088 0.00368270292 3.82051282
273 1043 1.10459098 0.00368196994 3.82051282
273 1043 1.10405563 0.00368018543 3.82051282
273 1043 1.10395399 0.00367984665 3.82051282
273 1045 1.10823519 0.0036941173 3.82783883
273 1045 1.10846679 0.00369488929 3.82783883
272 1039 1.08375496 0.00361251654 3.81985294
272 1037 1.08378895 0.00361262983 3.8125
272 1037 1.08356346 0.00361187819 3.8125
272 1039 1.08756413 0.00362521376 3.81985294
272 1037 1.09074128 0.00363580427 3.8125
272 1037 1.09201712 0.00364005708 3.8125
272 1037 1.09096381 0.00363654603 3.8125
272 1037 1.09176993 0.00363923311 3.8125
272 1037 1.09211697 0.00364038989 3.8125
272 1037 1.09208708 0.00364029026 3.8125
271 1031 1.06753039 0.00355843464 3.80442804
271 1032 1.06850628 0.00356168759 3.80811808
271 1031 1.07036563 0.00356788543 3.80442804
271 1031 1.07164472 0.00357214905 3.80442804
271 1034 1.07194992 0.0035731664 3.81549815
271 1034 1.07214928 0.00357383092 3.81549815
271 1034 1.07286602 0.00357622008 3.81549815
271 1034 1.07227325 0.00357424416 3.81549815
271 1034 1.07200961 0.00357336538 3.81549815
271 1034 1.07236781 0.00357455937 3.81549815
270 1024 1.05784215 0.0035261405 3.79259259
270 1024 1.05781747 0.00352605823 3.79259259
270 1024 1.05639315 0.00352131049 3.79259259
270 1024 1.0574133 0.003524711 3.79259259
270 1024 1.05720502 0.00352401672 3.79259259
270 1024 1.05724115 0.00352413717 3.79259259
270 1024 1.05703034 0.00352343448 3.79259259
270 1024 1.05711564 0.0035237188 3.79259259
270 1024 1.05718412 0.00352394705 3.79259259
270 1024 1.05833827 0.00352779423 3.79259259
269 1020 1.03326808 0.00344422693 3.79182156
269 1020 1.03417274 0.00344724247 3.79182156
269 1016 1.0311116 0.00343703865 3.77695167
269 1016 1.03113709 0.00343712364 3.77695167
269 1016 1.03172365 0.00343907882 3.77695167
269 1016 1.03135065 0.00343783549 3.77695167
269 1016 1.03176841 0.00343922802 3.77695167
269 1014 1.03738991 0.00345796638 3.76951673
269 1014 1.03739931 0.00345799771 3.76951673
269 1014 1.03750214 0.00345834047 3.76951673
268 1009 1.01256558 0.00337521861 3.76492537
268 1009 1.01281812 0.0033760604 3.76492537
268 1009 1.01532645 0.0033844215 3.76492537
268 1012 1.01636375 0.00338787915 3.7761194
268 1012 1.01678932 0.00338929772 3.7761194
268 1012 1.01647049 0.00338823496 3.7761194
268 1012 1.01603918 0.00338679727 3.7761194
268 1012 1.01669227 0.00338897422 3.7761194
268 1012 1.0162074 0.003387358 3.7761194
268 1012 1.01595538 0.00338651792 3.7761194
267 1004 0.992373955 0.00330791318 3.76029963
267 1010 0.994873132 0.00331624377 3.78277154
267 1010 0.994660872 0.00331553624 3.78277154
267 1010 0.997524309 0.00332508103 3.78277154
267 1010 0.996375045 0.00332125015 3.78277154
267 1010 0.996146721 0.00332048907 3.78277154
267 1010 0.996094313 0.00332031438 3.78277154
267 1010 0.996247471 0.0033208249 3.78277154
267 1010 0.996148405 0.00332049468 3.78277154
267 1010 0.996905232 0.00332301744 3.78277154
266 1000 0.967599897 0.00322533299 3.7593985
266 1002 0.973675396 0.00324558465 3.76691729
266 1002 0.973964913 0.00324654971 3.76691729
266 1005 0.976561599 0.00325520533 3.77819549
266 1005 0.977168353 0.00325722784 3.77819549
266 1001 0.976535521 0.0032551184 3.76315789
266 1001 0.97679645 0.00325598817 3.76315789
266 1001 0.97630498 0.00325434993 3.76315789
266 1001 0.976511145 0.00325503715 3.76315789
266 1005 0.977230691 0.00325743564 3.77819549
265 1000 0.946520062 0.00315506687 3.77358491
265 1000 0.945969494 0.00315323165 3.77358491
265 995 0.949562924 0.00316520975 3.75471698
265 999 0.954498492 0.00318166164 3.76981132
265 999 0.955684162 0.00318561387 3.76981132
265 999 0.955857778 0.00318619259 3.76981132
265 999 0.955527784 0.00318509261 3.76981132
265 999 0.954550134 0.00318183378 3.76981132
265 999 0.955412346 0.00318470782 3.76981132
265 999 0.955122259 0.00318374086 3.76981132
264 993 0.921513631 0.0030717121 3.76136364
264 993 0.935132979 0.00311710993 3.76136364
264 993 0.934837155 0.00311612385 3.76136364
264 993 0.935152722 0.00311717574 3.76136364
264 993 0.935562401 0.00311854134 3.76136364
264 993 0.935105012 0.00311701671 3.76136364
264 993 0.934947705 0.00311649235 3.76136364
264 993 0.936116933 0.00312038978 3.76136364
264 993 0.934613845 0.00311537948 3.76136364
264 993 0.934496015 0.00311498672 3.76136364
263 985 0.913649412 0.00304549804 3.74524715
263 986 0.91510635 0.0030503545 3.74904943
263 986 0.915900478 0.00305300159 3.74904943
263 986 0.915902152 0.00305300717 3.74904943
263 986 0.915615093 0.00305205031 3.74904943
263 986 0.915711916 0.00305237305 3.74904943
263 986 0.915785868 0.00305261956 3.74904943
263 986 0.91569631 0.00305232103 3.74904943
263 986 0.915876801 0.00305292267 3.74904943
263 986 0.917129346 0.00305709782 3.74904943
262 978 0.880950491 0.00293650164 3.73282443
262 978 0.879913469 0.0029330449 3.73282443
262 981 0.893688585 0.00297896195 3.74427481
262 981 0.892174229 0.0029739141 3.74427481
262 976 0.891251993 0.00297083998 3.72519084
262 978 0.895689973 0.00298563324 3.73282443
262 978 0.896501031 0.00298833677 3.73282443
262 978 0.895047358 0.00298349119 3.73282443
262 978 0.895411445 0.00298470482 3.73282443
262 978 0.895329438 0.00298443146 3.73282443
261 972 0.884101524 0.00294700508 3.72413793
261 972 0.884287339 0.00294762446 3.72413793
261 972 0.884290507 0.00294763502 3.72413793
261 972 0.883938428 0.00294646143 3.72413793
261 972 0.884418234 0.00294806078 3.72413793
261 972 0.883925388 0.00294641796 3.72413793
261 972 0.88416862 0.00294722873 3.72413793
261 972 0.884013291 0.00294671097 3.72413793
261 972 0.884283638 0.00294761213 3.72413793
261 972 0.883228933 0.00294409644 3.72413793
260 969 0.858109029 0.00286036343 3.72692308
260 969 0.85794045 0.0028598015 3.72692308
260 969 0.858515473 0.00286171824 3.72692308
260 962 0.859693543 0.00286564514 3.7
260 967 0.861444442 0.00287148147 3.71923077
260 967 0.860884346 0.00286961449 3.71923077
260 967 0.861746575 0.00287248858 3.71923077
260 967 0.859782955 0.00286594318 3.71923077
260 967 0.862249563 0.00287416521 3.71923077
260 967 0.861108247 0.00287036082 3.71923077
259 960 0.828962859 0.00276320953 3.70656371
259 960 0.828857514 0.00276285838 3.70656371
259 957 0.837333589 0.00279111196 3.69498069
259 957 0.837150164 0.00279050055 3.69498069
259 957 0.836670667 0.00278890222 3.69498069
259 957 0.836601374 0.00278867125 3.69498069
259 957 0.837606983 0.00279202328 3.69498069
259 964 0.835880371 0.0027862679 3.72200772
259 964 0.835655353 0.00278551784 3.72200772
259 964 0.835960009 0.00278653336 3.72200772
258 959 0.805581045 0.00268527015 3.71705426
258 959 0.806144227 0.00268714742 3.71705426
258 959 0.805643886 0.00268547962 3.71705426
258 959 0.806032029 0.00268677343 3.71705426
258 959 0.805447204 0.00268482401 3.71705426
258 959 0.806031988 0.00268677329 3.71705426
258 957 0.80497308 0.0026832436 3.70930233
258 957 0.804680358 0.00268226786 3.70930233
258 957 0.804521107 0.00268173702 3.70930233
258 957 0.804150374 0.00268050125 3.70930233
257 946 0.776602104 0.00258867368 3.68093385
257 946 0.776136693 0.00258712231 3.68093385
257 946 0.774845166 0.00258281722 3.68093385
257 946 0.775976634 0.00258658878 3.68093385
257 946 0.776039457 0.00258679819 3.68093385
257 947 0.781240193 0.00260413398 3.6848249
257 947 0.783796189 0.00261265396 3.6848249
257 947 0.783413139 0.00261137713 3.6848249
257 947 0.78239938 0.00260799793 3.6848249
257 947 0.782545865 0.00260848622 3.6848249
256 942 0.753174907 0.00251058302 3.6796875
256 942 0.752993962 0.00250997987 3.6796875
256 942 0.752578104 0.00250859368 3.6796875
256 942 0.753136873 0.00251045624 3.6796875
256 942 0.753934818 0.00251311606 3.6796875
256 942 0.753668429 0.0025122281 3.6796875
256 942 0.754384747 0.00251461582 3.6796875
256 942 0.753832451 0.00251277484 3.6796875
256 942 0.753525036 0.00251175012 3.6796875
256 942 0.754419469 0.00251473156 3.6796875
255 936 0.723336632 0.00241112211 3.67058824
255 936 0.723302836 0.00241100945 3.67058824
255 930 0.727755249 0.00242585083 3.64705882
255 933 0.739675944 0.00246558648 3.65882353
255 933 0.739927158 0.00246642386 3.65882353
255 931 0.740141708 0.00246713903 3.65098039
255 931 0.73912005 0.0024637335 3.65098039
255 931 0.739794502 0.00246598167 3.65098039
255 931 0.740015716 0.00246671905 3.65098039
255 931 0.7390924 0.00246364133 3.65098039
254 926 0.71153618 0.00237178727 3.64566929
254 926 0.714782044 0.00238260681 3.64566929
254 926 0.715157478 0.00238385826 3.64566929
254 926 0.71482817 0.00238276057 3.64566929
254 926 0.71506279 0.00238354263 3.64566929
254 928 0.697624904 0.00232541635 3.65354331
254 928 0.698172483 0.00232724161 3.65354331
254 928 0.697873381 0.0023262446 3.65354331
254 928 0.697287846 0.00232429282 3.65354331
254 928 0.698341925 0.00232780642 3.65354331
253 919 0.665343469 0.00221781156 3.63241107
253 916 0.695659223 0.00231886408 3.62055336
253 916 0.695669798 0.00231889933 3.62055336
253 916 0.695438552 0.00231812851 3.62055336
253 916 0.69555636 0.0023185212 3.62055336
253 916 0.695617903 0.00231872634 3.62055336
253 916 0.695975618 0.00231991873 3.62055336
253 916 0.695207691 0.00231735897 3.62055336
253 916 0.694731619 0.00231577206 3.62055336
253 916 0.696108027 0.00232036009 3.62055336
252 909 0.660801778 0.00220267259 3.60714286
252 910 0.656134391 0.00218711464 3.61111111
252 910 0.656144211 0.00218714737 3.61111111
252 910 0.657206577 0.00219068859 3.61111111
252 910 0.658554011 0.00219518004 3.61111111
252 910 0.658145244 0.00219381748 3.61111111
252 910 0.658133572 0.00219377857 3.61111111
252 910 0.657026455 0.00219008818 3.61111111
252 910 0.658687762 0.00219562587 3.61111111
252 914 0.659974631 0.00219991544 3.62698413
251 909 0.632653461 0.00210884487 3.62151394
251 909 0.631639674 0.00210546558 3.62151394
251 905 0.63742123 0.00212473743 3.60557769
251 905 0.637875052 0.00212625017 3.60557769
251 905 0.637545761 0.00212515254 3.60557769
251 905 0.638180704 0.00212726901 3.60557769
251 905 0.637083969 0.00212361323 3.60557769
251 905 0.637848099 0.00212616033 3.60557769
251 905 0.63809736 0.0021269912 3.60557769
251 905 0.637601416 0.00212533805 3.60557769
250 901 0.607160009 0.0020238667 3.604
250 898 0.618751162 0.00206250387 3.592
250 898 0.618238025 0.00206079342 3.592
250 898 0.618761799 0.00206253933 3.592
250 898 0.618770808 0.00206256936 3.592
250 898 0.618573002 0.00206191001 3.592
250 898 0.61870618 0.00206235393 3.592
250 898 0.619099439 0.0020636648 3.592
250 898 0.618683814 0.00206227938 3.592
250 898 0.618693682 0.00206231227 3.592
249 894 0.589639768 0.00196546589 3.59036145
249 887 0.593015398 0.00197671799 3.562249
249 887 0.592131492 0.00197377164 3.562249
249 887 0.593015464 0.00197671821 3.562249
249 887 0.593377439 0.0019779248 3.562249
249 894 0.589494783 0.00196498261 3.59036145
249 894 0.589709812 0.00196569937 3.59036145
249 894 0.589514545 0.00196504848 3.59036145
249 894 0.589776386 0.00196592129 3.59036145
249 894 0.590451214 0.00196817071 3.59036145
248 890 0.56073346 0.00186911153 3.58870968
248 891 0.559825654 0.00186608551 3.59274194
248 886 0.563048937 0.00187682979 3.57258065
248 886 0.563142246 0.00187714082 3.57258065
248 886 0.562761854 0.00187587285 3.57258065
248 886 0.562363957 0.00187454652 3.57258065
248 886 0.563708036 0.00187902679 3.57258065
248 886 0.559965385 0.00186655128 3.57258065
248 886 0.563379531 0.00187793177 3.57258065
248 886 0.562231132 0.00187410377 3.57258065
247 875 0.537612595 0.00179204198 3.54251012
247 875 0.537077143 0.00179025714 3.54251012
247 875 0.535826744 0.00178608915 3.54251012
247 883 0.534728145 0.00178242715 3.57489879
247 883 0.53339757 0.0017779919 3.57489879
247 883 0.534987577 0.00178329192 3.57489879
247 883 0.534176443 0.00178058814 3.57489879
247 883 0.533579375 0.00177859792 3.57489879
247 883 0.53363219 0.00177877397 3.57489879
247 883 0.535742896 0.00178580965 3.57489879
246 877 0.500559336 0.00166853112 3.56504065
246 872 0.508917382 0.00169639127 3.54471545
246 872 0.508342815 0.00169447605 3.54471545
246 872 0.508918497 0.00169639499 3.54471545
246 872 0.508556924 0.00169518975 3.54471545
246 872 0.506238421 0.0016874614 3.54471545
246 872 0.505790594 0.00168596865 3.54471545
246 872 0.506842182 0.00168947394 3.54471545
246 872 0.507684737 0.00169228246 3.54471545
246 872 0.508842512 0.00169614171 3.54471545
245 867 0.477356459 0.0015911882 3.53877551
245 863 0.478705574 0.00159568525 3.52244898
245 866 0.47880565 0.00159601883 3.53469388
245 866 0.479689051 0.0015989635 3.53469388
245 866 0.478116152 0.00159372051 3.53469388
245 866 0.479268239 0.0015975608 3.53469388
245 866 0.479763304 0.00159921101 3.53469388
245 866 0.479091257 0.00159697086 3.53469388
245 868 0.478902299 0.001596341 3.54285714
245 874 0.477005386 0.00159001795 3.56734694
244 866 0.443120034 0.00147706678 3.54918033
244 869 0.446585871 0.00148861957 3.56147541
244 869 0.446130019 0.00148710006 3.56147541
244 868 0.450251033 0.00150083678 3.55737705
244 868 0.449970578 0.00149990193 3.55737705
244 862 0.452232281 0.00150744094 3.53278689
244 862 0.452064089 0.0015068803 3.53278689
244 862 0.451623737 0.00150541246 3.53278689
244 868 0.449419183 0.00149806394 3.55737705
244 868 0.449137272 0.00149712424 3.55737705
243 859 0.419753651 0.00139917884 3.53497942
243 861 0.417010071 0.00139003357 3.54320988
243 861 0.420543801 0.00140181267 3.54320988
243 861 0.420542585 0.00140180862 3.54320988
243 861 0.421438679 0.0014047956 3.54320988
243 857 0.421309497 0.00140436499 3.52674897
243 857 0.421597313 0.00140532438 3.52674897
243 857 0.421462505 0.00140487502 3.52674897
243 857 0.422434183 0.00140811394 3.52674897
243 857 0.421779802 0.00140593267 3.52674897
242 851 0.383582397 0.00127860799 3.51652893
242 854 0.393185033 0.00131061678 3.52892562
242 854 0.394890414 0.00131630138 3.52892562
242 854 0.394612821 0.00131537607 3.52892562
242 854 0.394816356 0.00131605452 3.52892562
242 849 0.398487658 0.00132829219 3.50826446
242 849 0.400511069 0.0013350369 3.50826446
SP does not find any fixed points -> SP does not converge.
I am sorry I quit :(
