START ALGORITHM:
I am going to build an instance with N: 300 variables and 1245 clauses with a clause density equal to 4.15
START DYNAMIC-I BSP WITH r=0.9:
Decimation scorer: cert
END UNIT PROPAGATION
300 1245 1.13586159 0.0037862053 4.15
300 1245 1.1362915 0.00378763833 4.15
300 1245 1.13562823 0.00378542744 4.15
300 1245 1.13533532 0.00378445108 4.15
300 1245 1.1352404 0.00378413466 4.15
300 1245 1.13499078 0.0037833026 4.15
300 1245 1.13487997 0.00378293323 4.15
300 1245 1.13492468 0.00378308226 4.15
300 1245 1.13509147 0.00378363822 4.15
299 1235 1.13537556 0.0037845852 4.13043478
299 1235 1.13530352 0.00378434507 4.13043478
299 1235 1.13524297 0.00378414323 4.13043478
299 1235 1.13516604 0.0037838868 4.13043478
299 1235 1.13513685 0.00378378949 4.13043478
299 1235 1.13515892 0.00378386307 4.13043478
299 1235 1.13519662 0.00378398873 4.13043478
299 1235 1.13521894 0.00378406312 4.13043478
299 1235 1.13524443 0.00378414809 4.13043478
299 1235 1.13527743 0.00378425811 4.13043478
298 1228 1.13523215 0.00378410717 4.12080537
298 1228 1.13522808 0.00378409358 4.12080537
298 1228 1.13525801 0.00378419337 4.12080537
298 1228 1.13529799 0.00378432665 4.12080537
298 1228 1.13530955 0.00378436517 4.12080537
298 1228 1.13530653 0.00378435511 4.12080537
298 1228 1.13530178 0.00378433925 4.12080537
298 1228 1.13530305 0.0037843435 4.12080537
298 1228 1.13530413 0.00378434711 4.12080537
298 1228 1.1353045 0.00378434834 4.12080537
297 1218 1.13092921 0.00376976404 4.1010101
297 1218 1.13088805 0.00376962682 4.1010101
297 1218 1.1309014 0.00376967132 4.1010101
297 1218 1.13089542 0.0037696514 4.1010101
297 1218 1.13089016 0.00376963387 4.1010101
297 1218 1.13088618 0.00376962061 4.1010101
297 1218 1.13087892 0.00376959639 4.1010101
297 1218 1.13087997 0.0037695999 4.1010101
297 1218 1.13087875 0.00376959585 4.1010101
297 1218 1.13087795 0.00376959316 4.1010101
296 1215 1.12343107 0.00374477022 4.10472973
296 1215 1.12334675 0.00374448916 4.10472973
296 1215 1.12345287 0.00374484291 4.10472973
296 1215 1.12352159 0.00374507198 4.10472973
296 1215 1.12354798 0.00374515994 4.10472973
296 1215 1.1235604 0.00374520134 4.10472973
296 1215 1.12354734 0.00374515781 4.10472973
296 1215 1.12354399 0.00374514662 4.10472973
296 1215 1.12354059 0.00374513531 4.10472973
296 1215 1.12354186 0.00374513955 4.10472973
295 1209 1.11013567 0.00370045224 4.09830508
295 1209 1.10999705 0.00369999016 4.09830508
295 1209 1.11012962 0.00370043208 4.09830508
295 1209 1.11014191 0.00370047305 4.09830508
295 1209 1.11012042 0.00370040139 4.09830508
295 1209 1.11012448 0.00370041492 4.09830508
295 1209 1.11009832 0.00370032775 4.09830508
295 1209 1.11005622 0.0037001874 4.09830508
295 1209 1.11003849 0.00370012829 4.09830508
295 1209 1.1100362 0.00370012068 4.09830508
294 1198 1.09251794 0.00364172648 4.07482993
294 1198 1.0923072 0.00364102399 4.07482993
294 1198 1.09263485 0.00364211615 4.07482993
294 1198 1.09270159 0.00364233862 4.07482993
294 1198 1.09243353 0.0036414451 4.07482993
294 1198 1.09274013 0.00364246711 4.07482993
294 1198 1.09274731 0.00364249105 4.07482993
294 1198 1.0924629 0.00364154299 4.07482993
294 1198 1.09274644 0.00364248814 4.07482993
294 1198 1.0927653 0.00364255098 4.07482993
293 1190 1.07354277 0.00357847591 4.06143345
293 1190 1.07336765 0.00357789218 4.06143345
293 1190 1.07336133 0.00357787112 4.06143345
293 1190 1.07375271 0.0035791757 4.06143345
293 1190 1.07369664 0.0035789888 4.06143345
293 1190 1.07368154 0.00357893848 4.06143345
293 1190 1.07384598 0.00357948659 4.06143345
293 1190 1.07267627 0.00357558756 4.06143345
293 1190 1.07191288 0.00357304293 4.06143345
293 1190 1.07171952 0.00357239839 4.06143345
292 1178 1.05136071 0.00350453571 4.03424658
292 1178 1.05323669 0.00351078897 4.03424658
292 1178 1.05289395 0.00350964651 4.03424658
292 1178 1.05258701 0.00350862336 4.03424658
292 1178 1.05269302 0.00350897674 4.03424658
292 1178 1.05286194 0.0035095398 4.03424658
292 1178 1.05292046 0.00350973486 4.03424658
292 1178 1.0529162 0.00350972066 4.03424658
292 1178 1.05288124 0.00350960414 4.03424658
292 1178 1.0528917 0.00350963901 4.03424658
291 1171 1.03139258 0.00343797528 4.02405498
291 1171 1.03178805 0.0034392935 4.02405498
291 1171 1.03128526 0.00343761754 4.02405498
291 1171 1.0309067 0.00343635568 4.02405498
291 1171 1.03077634 0.00343592113 4.02405498
291 1171 1.03081115 0.00343603715 4.02405498
291 1171 1.03084387 0.00343614624 4.02405498
291 1171 1.03082745 0.00343609152 4.02405498
291 1171 1.03082241 0.00343607471 4.02405498
291 1171 1.03081526 0.00343605087 4.02405498
290 1159 1.00821 0.00336069999 3.99655172
290 1159 1.00879671 0.00336265571 3.99655172
290 1159 1.00868762 0.00336229208 3.99655172
290 1159 1.00944841 0.00336482803 3.99655172
290 1159 1.00913295 0.00336377651 3.99655172
290 1159 1.00882746 0.00336275822 3.99655172
290 1159 1.00937158 0.00336457195 3.99655172
290 1159 1.00869902 0.00336233007 3.99655172
290 1159 1.00874254 0.00336247513 3.99655172
290 1159 1.00891188 0.0033630396 3.99655172
289 1152 0.984640877 0.00328213626 3.98615917
289 1152 0.985351996 0.00328450665 3.98615917
289 1152 0.985055169 0.00328351723 3.98615917
289 1152 0.984836031 0.00328278677 3.98615917
289 1150 0.984150496 0.00328050165 3.97923875
289 1152 0.98496468 0.0032832156 3.98615917
289 1150 0.983996093 0.00327998698 3.97923875
289 1152 0.98463709 0.00328212363 3.98615917
289 1152 0.98543834 0.00328479447 3.98615917
289 1150 0.984154354 0.00328051451 3.97923875
288 1143 0.961913536 0.00320637845 3.96875
288 1143 0.961696313 0.00320565438 3.96875
288 1143 0.961668098 0.00320556033 3.96875
288 1143 0.961814681 0.00320604894 3.96875
288 1143 0.961977332 0.00320659111 3.96875
288 1143 0.961662339 0.00320554113 3.96875
288 1143 0.961831517 0.00320610506 3.96875
288 1143 0.961491291 0.00320497097 3.96875
288 1143 0.962666778 0.00320888926 3.96875
288 1143 0.961885893 0.00320628631 3.96875
287 1133 0.936072311 0.00312024104 3.94773519
287 1133 0.936454011 0.00312151337 3.94773519
287 1133 0.934873146 0.00311624382 3.94773519
287 1133 0.93670606 0.00312235353 3.94773519
287 1133 0.935971155 0.00311990385 3.94773519
287 1133 0.935999015 0.00311999672 3.94773519
287 1133 0.936249216 0.00312083072 3.94773519
287 1133 0.936466861 0.0031215562 3.94773519
287 1131 0.934888121 0.00311629374 3.94076655
287 1133 0.936082648 0.00312027549 3.94773519
286 1122 0.911539637 0.00303846546 3.92307692
286 1122 0.911749126 0.00303916375 3.92307692
286 1122 0.912167656 0.00304055885 3.92307692
286 1122 0.912613608 0.00304204536 3.92307692
286 1122 0.911255611 0.0030375187 3.92307692
286 1122 0.911131283 0.00303710428 3.92307692
286 1124 0.911908645 0.00303969548 3.93006993
286 1126 0.918474334 0.00306158111 3.93706294
286 1126 0.918638888 0.00306212963 3.93706294
286 1126 0.921161304 0.00307053768 3.93706294
285 1122 0.905813134 0.00301937711 3.93684211
285 1124 0.930874848 0.00310291616 3.94385965
285 1124 0.932963128 0.00310987709 3.94385965
285 1124 0.933497466 0.00311165822 3.94385965
285 1124 0.933398609 0.0031113287 3.94385965
285 1124 0.933298457 0.00311099486 3.94385965
285 1124 0.933255477 0.00311085159 3.94385965
285 1124 0.933241076 0.00311080359 3.94385965
285 1124 0.933232973 0.00311077658 3.94385965
285 1124 0.933235639 0.00311078546 3.94385965
284 1115 0.9137072 0.00304569067 3.92605634
284 1117 0.918893361 0.00306297787 3.93309859
284 1117 0.92020879 0.00306736263 3.93309859
284 1117 0.922021369 0.00307340456 3.93309859
284 1117 0.923930379 0.00307976793 3.93309859
284 1117 0.927472338 0.00309157446 3.93309859
284 1117 0.939017703 0.00313005901 3.93309859
284 1110 1.03525224 0.00345084081 3.9084507
284 1110 1.06144336 0.00353814454 3.9084507
284 1119 1.05652425 0.00352174749 3.94014085
283 1110 1.05074244 0.00350247478 3.92226148
283 1110 1.04749837 0.00349166125 3.92226148
283 1110 1.04814291 0.00349380971 3.92226148
283 1110 1.04943884 0.00349812945 3.92226148
283 1110 1.05111859 0.00350372863 3.92226148
283 1110 1.05274145 0.00350913816 3.92226148
283 1110 1.05511979 0.00351706595 3.92226148
283 1114 1.0534772 0.00351159066 3.93639576
283 1116 1.05149505 0.0035049835 3.9434629
283 1116 1.05073498 0.00350244994 3.9434629
282 1107 1.04888417 0.00349628058 3.92553191
282 1107 1.04919248 0.00349730826 3.92553191
282 1107 1.04958528 0.00349861759 3.92553191
282 1107 1.05004236 0.00350014121 3.92553191
282 1107 1.05044935 0.00350149784 3.92553191
282 1107 1.05065486 0.00350218287 3.92553191
282 1107 1.05070576 0.00350235254 3.92553191
282 1107 1.05070681 0.00350235604 3.92553191
282 1107 1.05054805 0.00350182683 3.92553191
282 1107 1.0503197 0.00350106566 3.92553191
281 1094 1.04741848 0.00349139494 3.89323843
281 1094 1.0471327 0.00349044235 3.89323843
281 1094 1.04730942 0.00349103139 3.89323843
281 1094 1.04761897 0.00349206324 3.89323843
281 1094 1.04772788 0.00349242625 3.89323843
281 1094 1.04762441 0.00349208136 3.89323843
281 1094 1.04736613 0.00349122043 3.89323843
281 1094 1.04719159 0.00349063863 3.89323843
281 1094 1.04724485 0.00349081616 3.89323843
281 1094 1.04734255 0.00349114183 3.89323843
280 1083 1.04425008 0.00348083361 3.86785714
280 1083 1.04428456 0.00348094855 3.86785714
280 1083 1.04429643 0.0034809881 3.86785714
280 1083 1.04426981 0.00348089938 3.86785714
280 1083 1.04423681 0.00348078935 3.86785714
280 1083 1.04422032 0.00348073441 3.86785714
280 1083 1.04421136 0.00348070455 3.86785714
280 1083 1.04420371 0.00348067904 3.86785714
280 1083 1.04420228 0.00348067426 3.86785714
280 1083 1.04421061 0.00348070205 3.86785714
279 1074 1.04108379 0.0034702793 3.84946237
279 1074 1.04106129 0.0034702043 3.84946237
279 1074 1.04109868 0.00347032893 3.84946237
279 1074 1.04109247 0.00347030824 3.84946237
279 1074 1.04104463 0.00347014875 3.84946237
279 1074 1.0410381 0.00347012699 3.84946237
279 1074 1.04106871 0.00347022903 3.84946237
279 1074 1.04109086 0.00347030287 3.84946237
279 1074 1.04110657 0.00347035522 3.84946237
279 1074 1.04110505 0.00347035015 3.84946237
278 1067 1.03789389 0.0034596463 3.8381295
278 1067 1.03790643 0.00345968811 3.8381295
278 1067 1.03794637 0.00345982123 3.8381295
278 1067 1.03788171 0.00345960571 3.8381295
278 1067 1.03783721 0.00345945737 3.8381295
278 1067 1.03783065 0.00345943551 3.8381295
278 1067 1.03781014 0.00345936714 3.8381295
278 1067 1.0378228 0.00345940933 3.8381295
278 1067 1.03785213 0.00345950711 3.8381295
278 1067 1.03785701 0.00345952338 3.8381295
277 1061 1.03455232 0.00344850773 3.83032491
277 1061 1.0345756 0.00344858533 3.83032491
277 1061 1.03467431 0.00344891438 3.83032491
277 1061 1.03464717 0.00344882389 3.83032491
277 1061 1.03459847 0.00344866158 3.83032491
277 1061 1.03459236 0.00344864118 3.83032491
277 1061 1.03455403 0.00344851342 3.83032491
277 1061 1.03453579 0.00344845263 3.83032491
277 1061 1.0345691 0.00344856368 3.83032491
277 1061 1.03459969 0.00344866565 3.83032491
276 1053 1.03138777 0.00343795923 3.81521739
276 1053 1.03138878 0.00343796261 3.81521739
276 1053 1.0314168 0.00343805601 3.81521739
276 1053 1.03141806 0.0034380602 3.81521739
276 1053 1.03139137 0.00343797123 3.81521739
276 1053 1.03136669 0.00343788895 3.81521739
276 1053 1.03136692 0.00343788972 3.81521739
276 1053 1.03138204 0.00343794013 3.81521739
276 1053 1.03139727 0.0034379909 3.81521739
276 1053 1.03140473 0.00343801576 3.81521739
275 1047 1.0282029 0.00342734299 3.80727273
275 1047 1.02820284 0.00342734279 3.80727273
275 1047 1.02815874 0.00342719579 3.80727273
275 1047 1.0281389 0.00342712966 3.80727273
275 1047 1.02815341 0.00342717805 3.80727273
275 1047 1.02817712 0.00342725706 3.80727273
275 1047 1.0282117 0.00342737234 3.80727273
275 1047 1.02828547 0.00342761824 3.80727273
275 1047 1.02817071 0.0034272357 3.80727273
275 1047 1.02806756 0.00342689185 3.80727273
274 1038 1.02471381 0.00341571268 3.78832117
274 1038 1.02484637 0.00341615458 3.78832117
274 1038 1.02494414 0.00341648046 3.78832117
274 1038 1.02493416 0.00341644718 3.78832117
274 1038 1.02487601 0.00341625337 3.78832117
274 1038 1.02485886 0.0034161962 3.78832117
274 1038 1.02485832 0.0034161944 3.78832117
274 1038 1.02485293 0.00341617643 3.78832117
274 1038 1.02484513 0.00341615043 3.78832117
274 1038 1.02483779 0.00341612597 3.78832117
273 1027 1.02127288 0.00340424295 3.76190476
273 1027 1.02124503 0.00340415011 3.76190476
273 1027 1.02122388 0.00340407959 3.76190476
273 1027 1.02119869 0.00340399564 3.76190476
273 1027 1.02120223 0.00340400744 3.76190476
273 1027 1.02121077 0.00340403589 3.76190476
273 1027 1.02121196 0.00340403985 3.76190476
273 1027 1.02120529 0.00340401762 3.76190476
273 1027 1.02119553 0.00340398509 3.76190476
273 1027 1.02118766 0.00340395887 3.76190476
272 1021 1.01671042 0.00338903473 3.75367647
272 1021 1.01681782 0.00338939272 3.75367647
272 1021 1.01690614 0.00338968712 3.75367647
272 1021 1.01683015 0.00338943384 3.75367647
272 1021 1.01681644 0.00338938813 3.75367647
272 1021 1.01679322 0.00338931073 3.75367647
272 1021 1.01680322 0.00338934407 3.75367647
272 1021 1.0168393 0.00338946434 3.75367647
272 1021 1.01685635 0.00338952115 3.75367647
272 1021 1.0168566 0.00338952201 3.75367647
271 1016 1.01250459 0.00337501531 3.74907749
271 1016 1.01249183 0.00337497276 3.74907749
271 1016 1.01241824 0.00337472747 3.74907749
271 1016 1.01241492 0.00337471639 3.74907749
271 1016 1.01245655 0.00337485516 3.74907749
271 1016 1.01245257 0.00337484191 3.74907749
271 1016 1.01244773 0.00337482577 3.74907749
271 1016 1.01244027 0.00337480089 3.74907749
271 1016 1.01245018 0.00337483393 3.74907749
271 1016 1.01245918 0.00337486394 3.74907749
270 1007 1.00725111 0.00335750369 3.72962963
270 1009 1.00734656 0.00335782186 3.73703704
270 1009 1.00721515 0.00335738382 3.73703704
270 1007 1.00872525 0.00336241749 3.72962963
270 1004 1.00927699 0.00336425662 3.71851852
270 1004 1.0094887 0.00336496234 3.71851852
270 1004 1.00942121 0.00336473735 3.71851852
270 1004 1.00933587 0.0033644529 3.71851852
270 1004 1.00935803 0.00336452678 3.71851852
270 1004 1.00934367 0.00336447889 3.71851852
269 998 1.00519105 0.00335063684 3.71003717
269 998 1.00524669 0.00335082229 3.71003717
269 998 1.00528985 0.00335096617 3.71003717
269 998 1.00522868 0.00335076226 3.71003717
269 998 1.00524916 0.00335083052 3.71003717
269 998 1.00525414 0.00335084713 3.71003717
269 998 1.00526763 0.00335089211 3.71003717
269 998 1.00528675 0.00335095584 3.71003717
269 998 1.00528806 0.00335096019 3.71003717
269 998 1.00528351 0.00335094505 3.71003717
268 993 1.00117569 0.00333725229 3.70522388
268 993 1.00119027 0.0033373009 3.70522388
268 993 1.00113914 0.00333713048 3.70522388
268 993 1.00104516 0.00333681719 3.70522388
268 993 1.00105749 0.0033368583 3.70522388
268 993 1.00110655 0.00333702183 3.70522388
268 993 1.0011152 0.00333705067 3.70522388
268 993 1.00110579 0.00333701931 3.70522388
268 993 1.00110122 0.00333700407 3.70522388
268 993 1.00108838 0.00333696127 3.70522388
267 986 0.996546835 0.00332182278 3.6928839
267 987 0.996566954 0.00332188985 3.69662921
267 987 0.996687345 0.00332229115 3.69662921
267 987 0.996581877 0.00332193959 3.69662921
267 987 0.9965707 0.00332190233 3.69662921
267 987 0.99657134 0.00332190447 3.69662921
267 987 0.996590118 0.00332196706 3.69662921
267 987 0.99660813 0.0033220271 3.69662921
267 987 0.996615975 0.00332205325 3.69662921
267 987 0.996608591 0.00332202864 3.69662921
266 982 0.99266882 0.00330889607 3.69172932
266 982 0.992624061 0.00330874687 3.69172932
266 982 0.992636958 0.00330878986 3.69172932
266 982 0.992609966 0.00330869989 3.69172932
266 982 0.992676644 0.00330892215 3.69172932
266 982 0.992720379 0.00330906793 3.69172932
266 982 0.992732828 0.00330910943 3.69172932
266 982 0.99274011 0.0033091337 3.69172932
266 982 0.992743106 0.00330914369 3.69172932
266 982 0.992740755 0.00330913585 3.69172932
265 972 0.988567425 0.00329522475 3.66792453
265 972 0.988418436 0.00329472812 3.66792453
265 972 0.988466686 0.00329488895 3.66792453
265 972 0.988421583 0.00329473861 3.66792453
265 972 0.988322753 0.00329440918 3.66792453
265 972 0.988360683 0.00329453561 3.66792453
265 972 0.988436685 0.00329478895 3.66792453
265 972 0.988457152 0.00329485717 3.66792453
265 972 0.988466569 0.00329488856 3.66792453
265 972 0.98846583 0.0032948861 3.66792453
264 962 0.98419275 0.0032806425 3.64393939
264 962 0.984258889 0.00328086296 3.64393939
264 962 0.984168546 0.00328056182 3.64393939
264 962 0.984241626 0.00328080542 3.64393939
264 962 0.984235348 0.00328078449 3.64393939
264 962 0.984234403 0.00328078134 3.64393939
264 962 0.984234217 0.00328078072 3.64393939
264 962 0.984235795 0.00328078598 3.64393939
264 962 0.984237252 0.00328079084 3.64393939
264 962 0.984234713 0.00328078238 3.64393939
263 953 0.979777227 0.00326592409 3.62357414
263 953 0.979772138 0.00326590713 3.62357414
263 953 0.979731837 0.00326577279 3.62357414
263 953 0.979687822 0.00326562607 3.62357414
263 953 0.979688706 0.00326562902 3.62357414
263 953 0.979718414 0.00326572805 3.62357414
263 953 0.979740118 0.00326580039 3.62357414
263 953 0.97975781 0.00326585937 3.62357414
263 953 0.979712781 0.00326570927 3.62357414
263 953 0.979733743 0.00326577914 3.62357414
262 947 0.975144437 0.00325048146 3.61450382
262 947 0.975193997 0.00325064666 3.61450382
262 947 0.975146489 0.0032504883 3.61450382
262 946 0.975001037 0.00325000346 3.61068702
262 947 0.9749796 0.003249932 3.61450382
262 946 0.975020718 0.00325006906 3.61068702
262 947 0.975099312 0.00325033104 3.61450382
262 947 0.97517647 0.00325058823 3.61450382
262 947 0.975129446 0.00325043149 3.61450382
262 947 0.975178899 0.00325059633 3.61450382
261 940 0.970661659 0.00323553886 3.60153257
261 940 0.970816076 0.00323605359 3.60153257
261 940 0.970768179 0.00323589393 3.60153257
261 940 0.970800095 0.00323600032 3.60153257
261 940 0.970801771 0.0032360059 3.60153257
261 940 0.970793447 0.00323597816 3.60153257
261 940 0.97078899 0.0032359633 3.60153257
261 940 0.970789982 0.00323596661 3.60153257
261 940 0.970792944 0.00323597648 3.60153257
261 940 0.970793094 0.00323597698 3.60153257
260 933 0.966523103 0.00322174368 3.58846154
260 933 0.966512536 0.00322170845 3.58846154
260 933 0.966518885 0.00322172962 3.58846154
260 933 0.966463434 0.00322154478 3.58846154
260 933 0.966492805 0.00322164268 3.58846154
260 933 0.966553746 0.00322184582 3.58846154
260 933 0.966554222 0.00322184741 3.58846154
260 933 0.966551932 0.00322183977 3.58846154
260 933 0.966539874 0.00322179958 3.58846154
260 933 0.966520842 0.00322173614 3.58846154
259 925 0.962157101 0.00320719034 3.57142857
259 925 0.962128914 0.00320709638 3.57142857
259 925 0.962142536 0.00320714179 3.57142857
259 925 0.962169452 0.00320723151 3.57142857
259 925 0.962174693 0.00320724898 3.57142857
259 925 0.962178157 0.00320726052 3.57142857
259 925 0.962180215 0.00320726738 3.57142857
259 925 0.962189578 0.00320729859 3.57142857
259 925 0.96214376 0.00320714587 3.57142857
259 925 0.962180249 0.0032072675 3.57142857
258 917 0.957006799 0.00319002266 3.55426357
258 917 0.957096879 0.00319032293 3.55426357
258 917 0.957018167 0.00319006056 3.55426357
258 917 0.957051234 0.00319017078 3.55426357
258 917 0.95705051 0.00319016837 3.55426357
258 917 0.957049323 0.00319016441 3.55426357
258 917 0.957045534 0.00319015178 3.55426357
258 917 0.957046587 0.00319015529 3.55426357
258 917 0.957047633 0.00319015878 3.55426357
258 917 0.957048164 0.00319016055 3.55426357
257 916 0.951970154 0.00317323385 3.56420233
257 916 0.951952611 0.00317317537 3.56420233
257 916 0.951948486 0.00317316162 3.56420233
257 916 0.951903418 0.00317301139 3.56420233
257 916 0.951898612 0.00317299537 3.56420233
257 916 0.951916209 0.00317305403 3.56420233
257 916 0.951897456 0.00317299152 3.56420233
257 916 0.951889704 0.00317296568 3.56420233
257 916 0.951898571 0.00317299524 3.56420233
257 916 0.951891819 0.00317297273 3.56420233
256 910 0.946439961 0.00315479987 3.5546875
256 908 0.950187699 0.00316729233 3.546875
256 908 0.954741605 0.00318247202 3.546875
256 908 0.954813129 0.00318271043 3.546875
256 908 0.954834304 0.00318278101 3.546875
256 908 0.954815455 0.00318271818 3.546875
256 908 0.954819639 0.00318273213 3.546875
256 908 0.954811667 0.00318270556 3.546875
256 908 0.954809682 0.00318269894 3.546875
256 908 0.954821805 0.00318273935 3.546875
255 900 0.950042387 0.00316680796 3.52941176
255 900 0.950086035 0.00316695345 3.52941176
255 900 0.950035205 0.00316678402 3.52941176
255 900 0.950067753 0.00316689251 3.52941176
255 900 0.950063002 0.00316687667 3.52941176
255 900 0.950059454 0.00316686485 3.52941176
255 900 0.950060023 0.00316686674 3.52941176
255 900 0.950059885 0.00316686628 3.52941176
255 900 0.950060515 0.00316686838 3.52941176
255 900 0.95006102 0.00316687007 3.52941176
254 899 0.945164975 0.00315054992 3.53937008
254 899 0.945108909 0.00315036303 3.53937008
254 899 0.945157556 0.00315052519 3.53937008
254 899 0.945141505 0.00315047168 3.53937008
254 899 0.945130445 0.00315043482 3.53937008
254 899 0.945126457 0.00315042152 3.53937008
254 899 0.945122602 0.00315040867 3.53937008
254 899 0.945124439 0.0031504148 3.53937008
254 899 0.945124886 0.00315041629 3.53937008
254 899 0.945122426 0.00315040809 3.53937008
253 893 0.939473751 0.00313157917 3.52964427
253 893 0.939506918 0.00313168973 3.52964427
253 893 0.939475567 0.00313158522 3.52964427
253 893 0.939497814 0.00313165938 3.52964427
253 893 0.939502026 0.00313167342 3.52964427
253 893 0.939495063 0.00313165021 3.52964427
253 893 0.939497756 0.00313165919 3.52964427
253 893 0.939493252 0.00313164417 3.52964427
253 893 0.939485581 0.0031316186 3.52964427
253 893 0.939487008 0.00313162336 3.52964427
252 888 0.933281494 0.00311093831 3.52380952
252 888 0.933317701 0.003111059 3.52380952
252 888 0.933251708 0.00311083903 3.52380952
252 888 0.933309761 0.00311103254 3.52380952
252 888 0.933342225 0.00311114075 3.52380952
252 888 0.933314082 0.00311104694 3.52380952
252 888 0.933316049 0.0031110535 3.52380952
252 888 0.933324975 0.00311108325 3.52380952
252 888 0.933316641 0.00311105547 3.52380952
252 888 0.933315529 0.00311105176 3.52380952
251 881 0.92658216 0.0030886072 3.50996016
251 881 0.926623072 0.00308874357 3.50996016
251 881 0.926642615 0.00308880872 3.50996016
251 881 0.926826228 0.00308942076 3.50996016
251 881 0.92690036 0.00308966787 3.50996016
251 881 0.92691082 0.00308970273 3.50996016
251 881 0.926947837 0.00308982612 3.50996016
251 881 0.926954226 0.00308984742 3.50996016
251 881 0.926947311 0.00308982437 3.50996016
251 881 0.926956434 0.00308985478 3.50996016
250 874 0.919993015 0.00306664338 3.496
250 874 0.919770683 0.00306590228 3.496
250 874 0.919733839 0.00306577946 3.496
250 874 0.919588265 0.00306529422 3.496
250 874 0.91984898 0.00306616327 3.496
250 874 0.91976404 0.00306588013 3.496
250 874 0.91987483 0.00306624943 3.496
250 874 0.919871339 0.0030662378 3.496
250 874 0.919884153 0.00306628051 3.496
250 874 0.91987764 0.0030662588 3.496
249 864 0.91261101 0.0030420367 3.46987952
249 862 0.914383958 0.00304794653 3.46184739
249 862 0.914305537 0.00304768512 3.46184739
249 862 0.914627052 0.00304875684 3.46184739
249 862 0.914669589 0.00304889863 3.46184739
249 862 0.914722811 0.00304907604 3.46184739
249 862 0.914795415 0.00304931805 3.46184739
249 862 0.914819593 0.00304939864 3.46184739
249 862 0.914828035 0.00304942678 3.46184739
249 862 0.914839913 0.00304946638 3.46184739
248 855 0.908330838 0.00302776946 3.44758065
248 855 0.908039414 0.00302679805 3.44758065
248 855 0.907942869 0.00302647623 3.44758065
248 855 0.907854312 0.00302618104 3.44758065
248 856 0.913138048 0.00304379349 3.4516129
248 856 0.913125384 0.00304375128 3.4516129
248 857 0.913099552 0.00304366517 3.45564516
248 857 0.913180286 0.00304393429 3.45564516
248 856 0.913278867 0.00304426289 3.4516129
248 856 0.913222741 0.0030440758 3.4516129
247 850 0.907471232 0.00302490411 3.44129555
247 850 0.907383237 0.00302461079 3.44129555
247 850 0.907366472 0.00302455491 3.44129555
247 850 0.907458372 0.00302486124 3.44129555
247 850 0.907471594 0.00302490531 3.44129555
247 850 0.907439806 0.00302479935 3.44129555
247 850 0.907441167 0.00302480389 3.44129555
247 850 0.907455495 0.00302485165 3.44129555
247 850 0.907450142 0.00302483381 3.44129555
247 850 0.907444929 0.00302481643 3.44129555
246 843 0.901295201 0.00300431734 3.42682927
246 843 0.901236274 0.00300412091 3.42682927
246 843 0.901299981 0.00300433327 3.42682927
246 843 0.901299543 0.00300433181 3.42682927
246 843 0.90127016 0.00300423387 3.42682927
246 843 0.901290293 0.00300430098 3.42682927
246 843 0.901289131 0.0030042971 3.42682927
246 843 0.901281242 0.00300427081 3.42682927
246 843 0.901293262 0.00300431087 3.42682927
246 843 0.901283933 0.00300427978 3.42682927
245 838 0.894836109 0.00298278703 3.42040816
245 838 0.894841021 0.0029828034 3.42040816
245 838 0.894822679 0.00298274226 3.42040816
245 838 0.894643957 0.00298214652 3.42040816
245 838 0.894757538 0.00298252513 3.42040816
245 838 0.894797844 0.00298265948 3.42040816
245 838 0.894843697 0.00298281232 3.42040816
245 838 0.894634479 0.00298211493 3.42040816
245 838 0.89471668 0.00298238893 3.42040816
245 838 0.894662054 0.00298220685 3.42040816
244 829 0.887898955 0.00295966318 3.39754098
244 833 0.887956873 0.00295985624 3.41393443
244 831 0.887933865 0.00295977955 3.4057377
244 831 0.887904611 0.00295968204 3.4057377
244 833 0.888236095 0.00296078698 3.41393443
244 833 0.888036992 0.00296012331 3.41393443
244 833 0.888258405 0.00296086135 3.41393443
244 831 0.888178457 0.00296059486 3.4057377
244 831 0.887836139 0.0029594538 3.4057377
244 833 0.888253956 0.00296084652 3.41393443
243 826 0.881781326 0.00293927109 3.39917695
243 826 0.882205703 0.00294068568 3.39917695
243 826 0.881802226 0.00293934075 3.39917695
243 826 0.881828998 0.00293942999 3.39917695
243 826 0.882097711 0.0029403257 3.39917695
243 826 0.881925292 0.00293975097 3.39917695
243 829 0.888064848 0.00296021616 3.41152263
243 829 0.888056071 0.0029601869 3.41152263
243 829 0.887939783 0.00295979928 3.41152263
243 829 0.887866435 0.00295955478 3.41152263
242 824 0.881527779 0.00293842593 3.40495868
242 822 0.881570485 0.00293856828 3.39669421
242 822 0.881140367 0.00293713456 3.39669421
242 824 0.881602752 0.00293867584 3.40495868
242 824 0.881464288 0.00293821429 3.40495868
242 824 0.881455898 0.00293818633 3.40495868
242 822 0.881394493 0.00293798164 3.39669421
242 822 0.881302729 0.00293767576 3.39669421
242 824 0.881546091 0.00293848697 3.40495868
242 824 0.881491483 0.00293830494 3.40495868
241 817 0.875495497 0.00291831832 3.39004149
241 817 0.875737645 0.00291912548 3.39004149
241 817 0.875344021 0.0029178134 3.39004149
241 817 0.875573851 0.0029185795 3.39004149
241 817 0.875623323 0.00291874441 3.39004149
241 817 0.875534387 0.00291844796 3.39004149
241 817 0.875506689 0.00291835563 3.39004149
241 817 0.87542412 0.0029180804 3.39004149
241 817 0.875467458 0.00291822486 3.39004149
241 817 0.875495224 0.00291831741 3.39004149
240 808 0.869245306 0.00289748435 3.36666667
240 808 0.869031214 0.00289677071 3.36666667
240 808 0.869386378 0.00289795459 3.36666667
240 808 0.869279044 0.00289759681 3.36666667
240 808 0.869296523 0.00289765508 3.36666667
240 808 0.869306361 0.00289768787 3.36666667
240 808 0.86925485 0.00289751617 3.36666667
240 808 0.869518367 0.00289839456 3.36666667
240 808 0.869131172 0.00289710391 3.36666667
240 808 0.86924698 0.00289748993 3.36666667
239 804 0.862671455 0.00287557152 3.36401674
239 810 0.864297567 0.00288099189 3.38912134
239 810 0.86876916 0.0028958972 3.38912134
239 810 0.868992057 0.00289664019 3.38912134
239 812 0.868846522 0.00289615507 3.39748954
239 810 0.868973286 0.00289657762 3.38912134
239 810 0.868913142 0.00289637714 3.38912134
239 810 0.868979212 0.00289659737 3.38912134
239 810 0.868940787 0.00289646929 3.38912134
239 810 0.868954072 0.00289651357 3.38912134
238 805 0.863313019 0.00287771006 3.38235294
238 805 0.863349708 0.00287783236 3.38235294
238 805 0.863348165 0.00287782722 3.38235294
238 805 0.863344951 0.0028778165 3.38235294
238 805 0.863391539 0.0028779718 3.38235294
238 805 0.863360478 0.00287786826 3.38235294
238 805 0.863342279 0.0028778076 3.38235294
238 805 0.863298643 0.00287766214 3.38235294
238 805 0.863288462 0.00287762821 3.38235294
238 805 0.863295676 0.00287765225 3.38235294
237 796 0.857327428 0.00285775809 3.35864979
237 796 0.857314568 0.00285771523 3.35864979
237 796 0.857284168 0.00285761389 3.35864979
237 796 0.857535625 0.00285845208 3.35864979
237 796 0.857262757 0.00285754252 3.35864979
237 796 0.857402969 0.0028580099 3.35864979
237 796 0.857260418 0.00285753473 3.35864979
237 796 0.857440133 0.00285813378 3.35864979
237 796 0.857348271 0.00285782757 3.35864979
237 796 0.85720516 0.00285735053 3.35864979
236 791 0.85069867 0.00283566223 3.35169492
236 791 0.851010568 0.00283670189 3.35169492
236 791 0.850826436 0.00283608812 3.35169492
236 791 0.850896936 0.00283632312 3.35169492
236 791 0.850923182 0.00283641061 3.35169492
236 791 0.850945965 0.00283648655 3.35169492
236 791 0.850799435 0.00283599812 3.35169492
236 791 0.850898987 0.00283632996 3.35169492
236 791 0.850975869 0.00283658623 3.35169492
236 791 0.850833513 0.00283611171 3.35169492
235 785 0.843465837 0.00281155279 3.34042553
235 783 0.844518374 0.00281506125 3.33191489
235 786 0.846877542 0.00282292514 3.34468085
235 786 0.846767304 0.00282255768 3.34468085
235 786 0.846820521 0.00282273507 3.34468085
235 786 0.846740444 0.00282246815 3.34468085
235 786 0.846758535 0.00282252845 3.34468085
235 786 0.846781172 0.00282260391 3.34468085
235 786 0.846741373 0.00282247124 3.34468085
235 786 0.846752741 0.00282250914 3.34468085
234 777 0.840754605 0.00280251535 3.32051282
234 777 0.840662153 0.00280220718 3.32051282
234 777 0.84071657 0.00280238857 3.32051282
234 777 0.840983711 0.00280327904 3.32051282
234 777 0.840655308 0.00280218436 3.32051282
234 777 0.840803778 0.00280267926 3.32051282
234 777 0.840647696 0.00280215899 3.32051282
234 777 0.840879009 0.00280293003 3.32051282
234 777 0.840746281 0.0028024876 3.32051282
234 777 0.840591497 0.00280197166 3.32051282
233 772 0.834053091 0.00278017697 3.31330472
233 772 0.834139616 0.00278046539 3.31330472
233 772 0.834207051 0.00278069017 3.31330472
233 772 0.83413626 0.0027804542 3.31330472
233 772 0.834220881 0.00278073627 3.31330472
233 772 0.834220262 0.00278073421 3.31330472
233 772 0.834203921 0.00278067974 3.31330472
233 772 0.834197516 0.00278065839 3.31330472
233 772 0.834193224 0.00278064408 3.31330472
233 772 0.834191744 0.00278063915 3.31330472
232 764 0.827444362 0.00275814787 3.29310345
232 764 0.827577019 0.00275859006 3.29310345
232 764 0.827702964 0.00275900988 3.29310345
232 764 0.827312692 0.00275770897 3.29310345
232 764 0.827230803 0.00275743601 3.29310345
232 764 0.827364582 0.00275788194 3.29310345
232 764 0.827729249 0.0027590975 3.29310345
232 764 0.827217614 0.00275739205 3.29310345
232 764 0.827417269 0.00275805756 3.29310345
232 764 0.827374301 0.00275791434 3.29310345
231 758 0.82052246 0.00273507487 3.28138528
231 758 0.820408036 0.00273469345 3.28138528
231 758 0.820260646 0.00273420215 3.28138528
231 758 0.820305007 0.00273435002 3.28138528
231 758 0.82035367 0.00273451223 3.28138528
231 758 0.820551716 0.00273517239 3.28138528
231 758 0.820284979 0.00273428326 3.28138528
231 758 0.820399594 0.00273466531 3.28138528
231 758 0.820457438 0.00273485813 3.28138528
231 758 0.820384106 0.00273461369 3.28138528
230 753 0.812639095 0.00270879698 3.27391304
230 753 0.812613093 0.00270871031 3.27391304
230 752 0.812534088 0.00270844696 3.26956522
230 752 0.813204138 0.00271068046 3.26956522
230 754 0.81447886 0.00271492953 3.27826087
230 754 0.81471311 0.00271571037 3.27826087
230 754 0.814658604 0.00271552868 3.27826087
230 751 0.814442178 0.00271480726 3.26521739
230 754 0.814885658 0.00271628553 3.27826087
230 754 0.814550916 0.00271516972 3.27826087
229 746 0.808591579 0.00269530526 3.25764192
229 746 0.808384639 0.00269461546 3.25764192
229 746 0.808653692 0.00269551231 3.25764192
229 746 0.808534532 0.00269511511 3.25764192
229 746 0.808454212 0.00269484737 3.25764192
229 746 0.80887384 0.00269624613 3.25764192
229 746 0.80830622 0.00269435407 3.25764192
229 746 0.808461033 0.00269487011 3.25764192
229 746 0.808711579 0.00269570526 3.25764192
229 746 0.808508736 0.00269502912 3.25764192
228 740 0.801878534 0.00267292845 3.24561404
228 740 0.802053023 0.00267351008 3.24561404
228 740 0.802031251 0.0026734375 3.24561404
228 740 0.802054298 0.00267351433 3.24561404
228 740 0.802113009 0.00267371003 3.24561404
228 740 0.802014406 0.00267338135 3.24561404
228 740 0.802140146 0.00267380049 3.24561404
228 740 0.802033255 0.00267344418 3.24561404
228 740 0.802133241 0.00267377747 3.24561404
228 740 0.802026914 0.00267342305 3.24561404
227 736 0.794482574 0.00264827525 3.24229075
227 736 0.794538248 0.00264846083 3.24229075
227 736 0.794582927 0.00264860976 3.24229075
227 736 0.794405937 0.00264801979 3.24229075
227 736 0.794637579 0.00264879193 3.24229075
227 736 0.79449677 0.00264832257 3.24229075
227 734 0.794633395 0.00264877798 3.23348018
227 736 0.794486413 0.00264828804 3.24229075
227 736 0.79459241 0.00264864137 3.24229075
227 736 0.79452105 0.0026484035 3.24229075
226 730 0.78714717 0.0026238239 3.2300885
226 732 0.78728873 0.00262429577 3.23893805
226 732 0.787422471 0.00262474157 3.23893805
226 732 0.78743025 0.0026247675 3.23893805
226 732 0.787422609 0.00262474203 3.23893805
226 732 0.787415997 0.00262471999 3.23893805
226 732 0.787404504 0.00262468168 3.23893805
226 732 0.787411457 0.00262470486 3.23893805
226 732 0.787408888 0.00262469629 3.23893805
226 732 0.787417347 0.00262472449 3.23893805
225 726 0.780058561 0.0026001952 3.22666667
225 726 0.780133323 0.00260044441 3.22666667
225 726 0.781799586 0.00260599862 3.22666667
225 724 0.785139471 0.00261713157 3.21777778
225 724 0.78552739 0.00261842463 3.21777778
225 724 0.785379141 0.00261793047 3.21777778
225 726 0.785706377 0.00261902126 3.22666667
225 728 0.788935628 0.00262978543 3.23555556
225 728 0.789492262 0.00263164087 3.23555556
225 728 0.788892745 0.00262964248 3.23555556
224 720 0.78349078 0.00261163593 3.21428571
224 720 0.783214066 0.00261071355 3.21428571
224 720 0.783381405 0.00261127135 3.21428571
224 720 0.783625193 0.00261208398 3.21428571
224 720 0.783250163 0.00261083388 3.21428571
224 720 0.783525485 0.00261175162 3.21428571
224 720 0.783656983 0.00261218994 3.21428571
224 720 0.783212003 0.00261070668 3.21428571
224 720 0.78351571 0.00261171903 3.21428571
224 720 0.783592504 0.00261197501 3.21428571
223 714 0.777285302 0.00259095101 3.20179372
223 714 0.777100431 0.00259033477 3.20179372
223 714 0.777410201 0.00259136734 3.20179372
223 714 0.777160161 0.00259053387 3.20179372
223 714 0.777241347 0.00259080449 3.20179372
223 714 0.776986701 0.00258995567 3.20179372
223 714 0.777337635 0.00259112545 3.20179372
223 714 0.777395696 0.00259131899 3.20179372
223 714 0.77716446 0.0025905482 3.20179372
223 714 0.777165448 0.00259055149 3.20179372
222 708 0.77095987 0.00256986623 3.18918919
222 708 0.770981249 0.0025699375 3.18918919
222 708 0.771015541 0.0025700518 3.18918919
222 708 0.771033472 0.00257011157 3.18918919
222 708 0.770970182 0.00256990061 3.18918919
222 708 0.770978661 0.00256992887 3.18918919
222 708 0.770988428 0.00256996143 3.18918919
222 708 0.770977853 0.00256992618 3.18918919
222 708 0.770994674 0.00256998225 3.18918919
222 708 0.770977756 0.00256992585 3.18918919
221 705 0.764357348 0.00254785783 3.19004525
221 706 0.766174535 0.00255391512 3.19457014
221 703 0.772159586 0.00257386529 3.18099548
221 703 0.772282691 0.00257427564 3.18099548
221 703 0.772164261 0.00257388087 3.18099548
221 703 0.772108324 0.00257369441 3.18099548
221 703 0.772169213 0.00257389738 3.18099548
221 703 0.772164763 0.00257388254 3.18099548
221 703 0.772064483 0.00257354828 3.18099548
221 703 0.771828827 0.00257276276 3.18099548
220 697 0.765664988 0.00255221663 3.16818182
220 697 0.765786168 0.00255262056 3.16818182
220 697 0.765507829 0.00255169276 3.16818182
220 697 0.765636415 0.00255212138 3.16818182
220 697 0.765371782 0.00255123927 3.16818182
220 697 0.765687319 0.00255229106 3.16818182
220 697 0.765767219 0.0025525574 3.16818182
220 697 0.765701341 0.0025523378 3.16818182
220 697 0.765596498 0.00255198833 3.16818182
220 697 0.765631664 0.00255210555 3.16818182
219 691 0.759575751 0.00253191917 3.15525114
219 691 0.759280098 0.00253093366 3.15525114
219 691 0.759504151 0.0025316805 3.15525114
219 691 0.759465654 0.00253155218 3.15525114
219 691 0.759634703 0.00253211568 3.15525114
219 691 0.759535735 0.00253178578 3.15525114
219 691 0.759546353 0.00253182118 3.15525114
219 691 0.759502152 0.00253167384 3.15525114
219 691 0.759396034 0.00253132011 3.15525114
219 691 0.759381524 0.00253127175 3.15525114
218 687 0.752482667 0.00250827556 3.15137615
218 687 0.752689631 0.00250896544 3.15137615
218 687 0.752731796 0.00250910599 3.15137615
218 687 0.752653102 0.00250884367 3.15137615
218 687 0.752718241 0.0025090608 3.15137615
218 687 0.752481919 0.00250827306 3.15137615
218 687 0.75276854 0.00250922847 3.15137615
218 687 0.752662279 0.00250887426 3.15137615
218 687 0.752651927 0.00250883976 3.15137615
218 687 0.752692826 0.00250897609 3.15137615
217 683 0.746017811 0.00248672604 3.14746544
217 683 0.74608637 0.00248695457 3.14746544
217 683 0.746274153 0.00248758051 3.14746544
217 683 0.746094902 0.00248698301 3.14746544
217 683 0.746074489 0.00248691496 3.14746544
217 683 0.746159247 0.00248719749 3.14746544
217 683 0.746117698 0.00248705899 3.14746544
217 683 0.746108848 0.00248702949 3.14746544
217 683 0.746145106 0.00248715035 3.14746544
217 683 0.746078524 0.00248692841 3.14746544
216 677 0.738530042 0.00246176681 3.13425926
216 674 0.740509713 0.00246836571 3.12037037
216 674 0.740524677 0.00246841559 3.12037037
216 674 0.740449886 0.00246816629 3.12037037
216 674 0.740358012 0.00246786004 3.12037037
216 674 0.740536697 0.00246845566 3.12037037
216 674 0.740505478 0.00246835159 3.12037037
216 674 0.740491115 0.00246830372 3.12037037
216 674 0.740489069 0.0024682969 3.12037037
216 674 0.74043754 0.00246812513 3.12037037
215 670 0.73398515 0.00244661717 3.11627907
215 670 0.733904713 0.00244634904 3.11627907
215 670 0.734106316 0.00244702105 3.11627907
215 670 0.73402656 0.0024467552 3.11627907
215 670 0.734097734 0.00244699245 3.11627907
215 670 0.734119527 0.00244706509 3.11627907
215 665 0.733573953 0.00244524651 3.09302326
215 670 0.734060811 0.00244686937 3.11627907
215 670 0.734043613 0.00244681204 3.11627907
215 670 0.734141973 0.00244713991 3.11627907
214 661 0.726652897 0.00242217632 3.08878505
214 661 0.726946659 0.00242315553 3.08878505
214 661 0.727054179 0.00242351393 3.08878505
214 661 0.727151993 0.00242383998 3.08878505
214 661 0.727054547 0.00242351516 3.08878505
214 661 0.727142773 0.00242380924 3.08878505
214 661 0.727132158 0.00242377386 3.08878505
214 661 0.727091586 0.00242363862 3.08878505
214 661 0.727209833 0.00242403278 3.08878505
214 661 0.727141738 0.00242380579 3.08878505
213 654 0.719672466 0.00239890822 3.07042254
213 656 0.721574541 0.00240524847 3.07981221
213 656 0.721578687 0.00240526229 3.07981221
213 656 0.721356819 0.00240452273 3.07981221
213 656 0.721332544 0.00240444181 3.07981221
213 656 0.721545211 0.0024051507 3.07981221
213 656 0.721411617 0.00240470539 3.07981221
213 656 0.721468126 0.00240489375 3.07981221
213 656 0.72132209 0.00240440697 3.07981221
213 656 0.721508872 0.00240502957 3.07981221
212 647 0.714843565 0.00238281188 3.05188679
212 647 0.714548971 0.0023818299 3.05188679
212 647 0.714649712 0.00238216571 3.05188679
212 647 0.714485225 0.00238161742 3.05188679
212 647 0.714359206 0.00238119735 3.05188679
212 647 0.71457184 0.00238190613 3.05188679
212 647 0.714559422 0.00238186474 3.05188679
212 647 0.714353159 0.0023811772 3.05188679
212 647 0.714416646 0.00238138882 3.05188679
212 647 0.714619552 0.00238206517 3.05188679
211 639 0.707172087 0.00235724029 3.02843602
211 639 0.707059262 0.00235686421 3.02843602
211 639 0.707053191 0.00235684397 3.02843602
211 639 0.707163788 0.00235721263 3.02843602
211 639 0.707119627 0.00235706542 3.02843602
211 639 0.707113418 0.00235704473 3.02843602
211 639 0.707120774 0.00235706925 3.02843602
211 639 0.707121593 0.00235707198 3.02843602
211 639 0.707087737 0.00235695912 3.02843602
211 639 0.7071615 0.002357205 3.02843602
210 634 0.698882326 0.00232960775 3.01904762
210 637 0.702658741 0.0023421958 3.03333333
210 637 0.702763769 0.0023425459 3.03333333
210 637 0.702747132 0.00234249044 3.03333333
210 637 0.702653468 0.00234217823 3.03333333
210 637 0.702715035 0.00234238345 3.03333333
210 637 0.702647066 0.00234215689 3.03333333
210 637 0.702650777 0.00234216926 3.03333333
210 637 0.702690358 0.00234230119 3.03333333
210 637 0.7027091 0.00234236367 3.03333333
209 629 0.695405804 0.00231801935 3.00956938
209 629 0.695327474 0.00231775825 3.00956938
209 629 0.695458344 0.00231819448 3.00956938
209 629 0.695456079 0.00231818693 3.00956938
209 629 0.695415834 0.00231805278 3.00956938
209 629 0.695410617 0.00231803539 3.00956938
209 629 0.695434312 0.00231811437 3.00956938
209 629 0.695438114 0.00231812705 3.00956938
209 629 0.695424865 0.00231808288 3.00956938
209 629 0.695430489 0.00231810163 3.00956938
208 626 0.686027496 0.00228675832 3.00961538
208 624 0.686660326 0.00228886775 3
208 624 0.686519394 0.00228839798 3
208 624 0.686518714 0.00228839571 3
208 624 0.686457969 0.00228819323 3
208 624 0.686624544 0.00228874848 3
208 624 0.686558483 0.00228852828 3
208 624 0.68655866 0.00228852887 3
208 624 0.686608268 0.00228869423 3
208 624 0.686548832 0.00228849611 3
207 621 0.677177774 0.00225725925 3
207 618 0.677317541 0.00225772514 2.98550725
207 621 0.681947469 0.00227315823 3
207 621 0.681835786 0.00227278595 3
207 621 0.68215722 0.0022738574 3
207 621 0.682183584 0.00227394528 3
207 621 0.682171013 0.00227390338 3
207 621 0.681999052 0.00227333017 3
207 621 0.681979969 0.00227326656 3
207 621 0.682068337 0.00227356112 3
206 616 0.673285058 0.00224428353 2.99029126
206 616 0.673158615 0.00224386205 2.99029126
206 616 0.673331981 0.00224443994 2.99029126
206 616 0.673321061 0.00224440354 2.99029126
206 616 0.673337206 0.00224445735 2.99029126
206 616 0.673346753 0.00224448918 2.99029126
206 616 0.673293622 0.00224431207 2.99029126
206 616 0.673334861 0.00224444954 2.99029126
206 616 0.67333321 0.00224444403 2.99029126
206 616 0.673330297 0.00224443432 2.99029126
205 613 0.664004993 0.00221334998 2.9902439
205 613 0.663549061 0.0022118302 2.9902439
205 612 0.662851366 0.00220950455 2.98536585
205 613 0.663597738 0.00221199246 2.9902439
205 613 0.663951836 0.00221317279 2.9902439
205 613 0.664198035 0.00221399345 2.9902439
205 613 0.663790213 0.00221263404 2.9902439
205 613 0.663938992 0.00221312997 2.9902439
205 613 0.663899029 0.00221299676 2.9902439
205 613 0.664037293 0.00221345764 2.9902439
204 609 0.653978028 0.00217992676 2.98529412
204 609 0.653845047 0.00217948349 2.98529412
204 608 0.653726182 0.00217908727 2.98039216
204 608 0.653473843 0.00217824614 2.98039216
204 609 0.654035244 0.00218011748 2.98529412
204 609 0.653942973 0.00217980991 2.98529412
204 608 0.653320995 0.00217773665 2.98039216
204 609 0.65389559 0.00217965197 2.98529412
204 609 0.654046122 0.00218015374 2.98529412
204 609 0.654387289 0.00218129096 2.98529412
203 602 0.642999727 0.00214333242 2.96551724
203 604 0.643880232 0.00214626744 2.97536946
203 603 0.645394016 0.00215131339 2.97044335
203 603 0.645454385 0.00215151462 2.97044335
203 603 0.645607168 0.00215202389 2.97044335
203 603 0.645641852 0.00215213951 2.97044335
203 603 0.645654977 0.00215218326 2.97044335
203 603 0.645653253 0.00215217751 2.97044335
203 603 0.645602626 0.00215200875 2.97044335
203 603 0.645297836 0.00215099279 2.97044335
202 599 0.635480775 0.00211826925 2.96534653
202 598 0.635158316 0.00211719439 2.96039604
202 599 0.635493037 0.00211831012 2.96534653
202 599 0.636441331 0.0021214711 2.96534653
202 598 0.635890168 0.00211963389 2.96039604
202 599 0.63586077 0.0021195359 2.96534653
202 599 0.636017556 0.00212005852 2.96534653
202 598 0.635775832 0.00211925277 2.96039604
202 598 0.635616738 0.00211872246 2.96039604
202 598 0.636088948 0.00212029649 2.96039604
201 594 0.62569808 0.00208566027 2.95522388
201 594 0.626254948 0.00208751649 2.95522388
201 594 0.62572099 0.00208573663 2.95522388
201 594 0.626086442 0.00208695481 2.95522388
201 594 0.626652345 0.00208884115 2.95522388
201 594 0.625798721 0.00208599574 2.95522388
201 594 0.626040101 0.00208680034 2.95522388
201 594 0.626041068 0.00208680356 2.95522388
201 594 0.626130745 0.00208710248 2.95522388
201 594 0.624914768 0.00208304923 2.95522388
200 590 0.614153448 0.00204717816 2.95
200 587 0.615264159 0.00205088053 2.935
200 587 0.614935879 0.00204978626 2.935
200 587 0.614623127 0.00204874376 2.935
200 587 0.61496782 0.00204989273 2.935
200 587 0.614612149 0.00204870716 2.935
200 587 0.615084451 0.0020502815 2.935
200 587 0.615118651 0.0020503955 2.935
200 587 0.614579697 0.00204859899 2.935
200 587 0.614331887 0.00204777296 2.935
199 583 0.60285531 0.0020095177 2.92964824
199 583 0.602820025 0.00200940008 2.92964824
199 583 0.602676528 0.00200892176 2.92964824
199 586 0.603161563 0.00201053854 2.94472362
199 584 0.605071613 0.00201690538 2.93467337
199 584 0.604953183 0.00201651061 2.93467337
199 584 0.605136858 0.00201712286 2.93467337
199 584 0.605085857 0.00201695286 2.93467337
199 584 0.604974725 0.00201658242 2.93467337
199 584 0.60501803 0.00201672677 2.93467337
198 580 0.595377988 0.00198459329 2.92929293
198 577 0.594941267 0.00198313756 2.91414141
198 580 0.595324658 0.00198441553 2.92929293
198 583 0.602414604 0.00200804868 2.94444444
198 583 0.61230531 0.0020410177 2.94444444
198 583 0.611704193 0.00203901398 2.94444444
198 579 0.611063131 0.0020368771 2.92424242
198 583 0.611764723 0.00203921574 2.94444444
198 579 0.611462907 0.00203820969 2.92424242
198 583 0.611975288 0.00203991763 2.94444444
197 575 0.603544776 0.00201181592 2.91878173
197 575 0.60359629 0.00201198763 2.91878173
197 575 0.603487296 0.00201162432 2.91878173
197 575 0.603635197 0.00201211732 2.91878173
197 575 0.603595859 0.0020119862 2.91878173
197 575 0.603802727 0.00201267576 2.91878173
197 575 0.603890736 0.00201296912 2.91878173
197 575 0.603763567 0.00201254522 2.91878173
197 575 0.603435291 0.00201145097 2.91878173
197 575 0.602623659 0.00200874553 2.91878173
196 572 0.592755049 0.00197585016 2.91836735
196 572 0.59382515 0.00197941717 2.91836735
196 572 0.592992378 0.00197664126 2.91836735
196 576 0.593905379 0.0019796846 2.93877551
196 572 0.594271372 0.00198090457 2.91836735
196 572 0.594132283 0.00198044094 2.91836735
196 572 0.593772598 0.00197924199 2.91836735
196 572 0.59460467 0.00198201557 2.91836735
196 572 0.593953086 0.00197984362 2.91836735
196 572 0.594265033 0.00198088344 2.91836735
195 568 0.584530453 0.00194843484 2.91282051
195 568 0.585254528 0.00195084843 2.91282051
195 568 0.583425448 0.00194475149 2.91282051
195 568 0.585012692 0.00195004231 2.91282051
195 568 0.584729232 0.00194909744 2.91282051
195 568 0.584707755 0.00194902585 2.91282051
195 568 0.583862068 0.00194620689 2.91282051
195 568 0.584494393 0.00194831464 2.91282051
195 568 0.58461894 0.0019487298 2.91282051
195 568 0.584586913 0.00194862304 2.91282051
194 561 0.574359614 0.00191453205 2.89175258
194 561 0.574050528 0.00191350176 2.89175258
194 561 0.573942448 0.00191314149 2.89175258
194 563 0.57320612 0.00191068707 2.90206186
194 563 0.573685306 0.00191228435 2.90206186
194 561 0.574038561 0.00191346187 2.89175258
194 561 0.57401625 0.0019133875 2.89175258
194 561 0.574549703 0.00191516568 2.89175258
194 563 0.574019903 0.00191339968 2.90206186
194 561 0.573693356 0.00191231119 2.89175258
193 557 0.562215545 0.00187405182 2.88601036
193 562 0.564030296 0.00188010099 2.9119171
193 562 0.58271794 0.00194239313 2.9119171
193 561 0.589427498 0.00196475833 2.90673575
193 564 0.592632439 0.00197544146 2.92227979
193 564 0.592870715 0.00197623572 2.92227979
193 564 0.592582804 0.00197527601 2.92227979
193 564 0.592845533 0.00197615178 2.92227979
193 564 0.592601529 0.00197533843 2.92227979
193 564 0.592671984 0.00197557328 2.92227979
192 557 0.586047757 0.00195349252 2.90104167
192 557 0.585716443 0.00195238814 2.90104167
192 557 0.586102156 0.00195367385 2.90104167
192 557 0.585903904 0.00195301301 2.90104167
192 557 0.585999151 0.0019533305 2.90104167
192 557 0.585611665 0.00195203888 2.90104167
192 557 0.586136796 0.00195378932 2.90104167
192 557 0.586170803 0.00195390268 2.90104167
192 557 0.586035619 0.00195345206 2.90104167
192 557 0.585882692 0.00195294231 2.90104167
191 553 0.578956811 0.00192985604 2.89528796
191 552 0.578836932 0.00192945644 2.89005236
191 552 0.5788552 0.00192951733 2.89005236
191 552 0.579113154 0.00193037718 2.89005236
191 552 0.578984432 0.00192994811 2.89005236
191 552 0.578936441 0.00192978814 2.89005236
191 552 0.579005594 0.00193001865 2.89005236
191 553 0.57894764 0.00192982547 2.89528796
191 552 0.578804379 0.00192934793 2.89005236
191 552 0.578868515 0.00192956172 2.89005236
190 548 0.571709753 0.00190569918 2.88421053
190 548 0.570951651 0.00190317217 2.88421053
190 548 0.571414627 0.00190471542 2.88421053
190 548 0.571747568 0.00190582523 2.88421053
190 548 0.572141268 0.00190713756 2.88421053
190 548 0.57213496 0.00190711653 2.88421053
190 548 0.571266493 0.00190422164 2.88421053
190 548 0.571116174 0.00190372058 2.88421053
190 548 0.571952399 0.001906508 2.88421053
190 548 0.571965949 0.00190655316 2.88421053
189 545 0.562256196 0.00187418732 2.88359788
189 545 0.56298693 0.0018766231 2.88359788
189 545 0.561997515 0.00187332505 2.88359788
189 545 0.562632961 0.0018754432 2.88359788
189 545 0.562929313 0.00187643104 2.88359788
189 545 0.562588939 0.00187529646 2.88359788
189 545 0.56303139 0.0018767713 2.88359788
189 545 0.562409822 0.00187469941 2.88359788
189 545 0.562499136 0.00187499712 2.88359788
189 545 0.562593114 0.00187531038 2.88359788
188 541 0.553752718 0.00184584239 2.87765957
188 541 0.552793971 0.00184264657 2.87765957
188 541 0.553266583 0.00184422194 2.87765957
188 541 0.553796059 0.00184598686 2.87765957
188 541 0.553827708 0.00184609236 2.87765957
188 541 0.553592256 0.00184530752 2.87765957
188 541 0.552283212 0.00184094404 2.87765957
188 541 0.554397966 0.00184799322 2.87765957
188 541 0.5538653 0.00184621767 2.87765957
188 541 0.553974785 0.00184658262 2.87765957
187 534 0.543893938 0.00181297979 2.85561497
187 534 0.543821646 0.00181273882 2.85561497
187 536 0.542868564 0.00180956188 2.86631016
187 534 0.543645168 0.00181215056 2.85561497
187 534 0.543857432 0.00181285811 2.85561497
187 534 0.543571272 0.00181190424 2.85561497
187 534 0.543821953 0.00181273984 2.85561497
187 534 0.543460396 0.00181153465 2.85561497
187 534 0.543968769 0.00181322923 2.85561497
187 534 0.543605675 0.00181201892 2.85561497
186 529 0.53277317 0.00177591057 2.84408602
186 530 0.538371349 0.00179457116 2.84946237
186 530 0.536320968 0.00178773656 2.84946237
186 530 0.537234049 0.00179078016 2.84946237
186 530 0.536006817 0.00178668939 2.84946237
186 530 0.535017458 0.00178339153 2.84946237
186 530 0.538249235 0.00179416412 2.84946237
186 530 0.536648929 0.00178882976 2.84946237
186 530 0.53742263 0.00179140877 2.84946237
186 530 0.538023296 0.00179341099 2.84946237
185 523 0.526386507 0.00175462169 2.82702703
185 523 0.526011585 0.00175337195 2.82702703
185 523 0.527616799 0.00175872266 2.82702703
185 523 0.527379726 0.00175793242 2.82702703
185 523 0.527307195 0.00175769065 2.82702703
185 523 0.527305187 0.00175768396 2.82702703
185 523 0.527266558 0.00175755519 2.82702703
185 523 0.527578354 0.00175859451 2.82702703
185 523 0.527611078 0.00175870359 2.82702703
185 523 0.527294995 0.00175764998 2.82702703
184 518 0.516011819 0.0017200394 2.81521739
184 518 0.516293005 0.00172097668 2.81521739
184 518 0.515589535 0.00171863178 2.81521739
184 518 0.516778518 0.00172259506 2.81521739
184 518 0.51612822 0.0017204274 2.81521739
184 518 0.515860564 0.00171953521 2.81521739
184 518 0.516197131 0.0017206571 2.81521739
184 518 0.516010555 0.00172003518 2.81521739
184 518 0.515684297 0.00171894766 2.81521739
184 518 0.515600131 0.0017186671 2.81521739
183 513 0.505086503 0.00168362168 2.80327869
183 512 0.504569537 0.00168189846 2.79781421
183 513 0.504819739 0.00168273246 2.80327869
183 513 0.504509319 0.00168169773 2.80327869
183 512 0.504671446 0.00168223815 2.79781421
183 513 0.504825234 0.00168275078 2.80327869
183 512 0.504499074 0.00168166358 2.79781421
183 513 0.504771088 0.00168257029 2.80327869
183 512 0.504475251 0.00168158417 2.79781421
183 513 0.504770126 0.00168256709 2.80327869
182 510 0.49241654 0.00164138847 2.8021978
182 507 0.49310073 0.0016436691 2.78571429
182 507 0.4933758 0.001644586 2.78571429
182 507 0.493125227 0.00164375076 2.78571429
182 507 0.493374362 0.00164458121 2.78571429
182 507 0.492994168 0.00164331389 2.78571429
182 507 0.493396271 0.00164465424 2.78571429
182 507 0.492961781 0.00164320594 2.78571429
182 507 0.493106542 0.00164368847 2.78571429
182 507 0.493144398 0.00164381466 2.78571429
181 502 0.481132422 0.00160377474 2.77348066
181 501 0.48264908 0.00160883027 2.7679558
181 507 0.490597571 0.00163532524 2.80110497
181 507 0.4971752 0.00165725067 2.80110497
181 507 0.505350209 0.0016845007 2.80110497
181 505 0.508796652 0.00169598884 2.79005525
181 505 0.508885436 0.00169628479 2.79005525
181 505 0.508743957 0.00169581319 2.79005525
181 505 0.508775143 0.00169591714 2.79005525
181 505 0.508894448 0.00169631483 2.79005525
180 501 0.500608624 0.00166869541 2.78333333
180 501 0.500736382 0.00166912127 2.78333333
180 501 0.500310678 0.00166770226 2.78333333
180 501 0.500199269 0.0016673309 2.78333333
180 501 0.50034604 0.00166782013 2.78333333
180 501 0.500109581 0.00166703194 2.78333333
180 501 0.500637678 0.00166879226 2.78333333
180 501 0.500782667 0.00166927556 2.78333333
180 501 0.50038413 0.0016679471 2.78333333
180 501 0.500531314 0.00166843771 2.78333333
179 496 0.490518297 0.00163506099 2.77094972
179 496 0.490317547 0.00163439182 2.77094972
179 496 0.490133114 0.00163377705 2.77094972
179 496 0.490663444 0.00163554481 2.77094972
179 496 0.49036828 0.00163456093 2.77094972
179 496 0.490339823 0.00163446608 2.77094972
179 496 0.490423637 0.00163474546 2.77094972
179 496 0.490415792 0.00163471931 2.77094972
179 496 0.490431272 0.00163477091 2.77094972
179 496 0.490271371 0.0016342379 2.77094972
178 489 0.480020034 0.00160006678 2.74719101
178 489 0.479930386 0.00159976795 2.74719101
178 490 0.480103968 0.00160034656 2.75280899
178 490 0.480325288 0.00160108429 2.75280899
178 490 0.47987887 0.00159959623 2.75280899
178 489 0.479789183 0.00159929728 2.74719101
178 490 0.480006232 0.00160002077 2.75280899
178 490 0.480307722 0.00160102574 2.75280899
178 490 0.48055139 0.00160183797 2.75280899
178 489 0.479623758 0.00159874586 2.74719101
177 483 0.469657477 0.00156552492 2.72881356
177 483 0.469711058 0.00156570353 2.72881356
177 483 0.469567331 0.00156522444 2.72881356
177 483 0.47866485 0.0015955495 2.72881356
177 483 0.478703415 0.00159567805 2.72881356
177 483 0.478783177 0.00159594392 2.72881356
177 483 0.478500479 0.0015950016 2.72881356
177 483 0.47859395 0.00159531317 2.72881356
177 483 0.478644869 0.0015954829 2.72881356
177 483 0.478700459 0.0015956682 2.72881356
176 477 0.469173401 0.00156391134 2.71022727
176 477 0.46898855 0.00156329517 2.71022727
176 477 0.469160393 0.00156386798 2.71022727
176 477 0.468934335 0.00156311445 2.71022727
176 477 0.468976028 0.00156325343 2.71022727
176 478 0.468920708 0.00156306903 2.71590909
176 477 0.469629355 0.00156543118 2.71022727
176 478 0.469333549 0.00156444516 2.71590909
176 478 0.469325568 0.00156441856 2.71590909
176 477 0.468951188 0.00156317063 2.71022727
175 472 0.460362682 0.00153454227 2.69714286
SP does not find any fixed points -> SP does not converge.
I am sorry I quit :(
