START ALGORITHM:
I am going to build an instance with N: 300 variables and 1200 clauses with a clause density equal to 4
START BSP WITH r=0.9:
Decimation scorer: gamma:0.01
END UNIT PROPAGATION
300 1200 6.16226307 0.0205408769 4
300 1200 6.16211422 0.0205403807 4
300 1200 6.16195729 0.0205398576 4
300 1200 6.16179157 0.0205393052 4
300 1200 6.16168487 0.0205389496 4
300 1200 6.16164555 0.0205388185 4
300 1200 6.16159678 0.0205386559 4
300 1200 6.16157348 0.0205385783 4
300 1200 6.16155081 0.0205385027 4
299 1196 6.16154475 0.0205384825 4
299 1196 6.16151835 0.0205383945 4
299 1196 6.16151222 0.0205383741 4
299 1196 6.16150573 0.0205383524 4
299 1196 6.16150393 0.0205383464 4
299 1196 6.1615037 0.0205383457 4
299 1196 6.16150376 0.0205383459 4
299 1196 6.16150383 0.0205383461 4
299 1196 6.16150386 0.0205383462 4
299 1196 6.16150388 0.0205383463 4
298 1188 6.15055905 0.0205018635 3.98657718
298 1188 6.15051192 0.0205017064 3.98657718
298 1188 6.1505405 0.0205018017 3.98657718
298 1188 6.15051812 0.0205017271 3.98657718
298 1188 6.15052433 0.0205017478 3.98657718
298 1188 6.15052466 0.0205017489 3.98657718
298 1188 6.15052647 0.0205017549 3.98657718
298 1188 6.15052635 0.0205017545 3.98657718
298 1188 6.15052743 0.0205017581 3.98657718
298 1188 6.15052719 0.0205017573 3.98657718
297 1185 6.14065324 0.0204688441 3.98989899
297 1185 6.14070442 0.0204690147 3.98989899
297 1185 6.14074346 0.0204691449 3.98989899
297 1185 6.1407484 0.0204691613 3.98989899
297 1185 6.14074843 0.0204691614 3.98989899
297 1185 6.1407486 0.020469162 3.98989899
297 1185 6.14074881 0.0204691627 3.98989899
297 1185 6.1407489 0.020469163 3.98989899
297 1185 6.14074894 0.0204691631 3.98989899
297 1185 6.14074896 0.0204691632 3.98989899
296 1175 6.12528579 0.0204176193 3.96959459
296 1175 6.12513728 0.0204171243 3.96959459
296 1175 6.12514144 0.0204171381 3.96959459
296 1175 6.12512528 0.0204170843 3.96959459
296 1175 6.1251333 0.020417111 3.96959459
296 1175 6.1251334 0.0204171113 3.96959459
296 1175 6.12513422 0.0204171141 3.96959459
296 1175 6.12513456 0.0204171152 3.96959459
296 1175 6.12513472 0.0204171157 3.96959459
296 1175 6.12513483 0.0204171161 3.96959459
295 1167 6.10380464 0.0203460155 3.9559322
295 1167 6.10396077 0.0203465359 3.9559322
295 1167 6.10391193 0.0203463731 3.9559322
295 1167 6.10392745 0.0203464248 3.9559322
295 1167 6.10391677 0.0203463892 3.9559322
295 1167 6.1039296 0.020346432 3.9559322
295 1167 6.10391614 0.0203463871 3.9559322
295 1167 6.10392942 0.0203464314 3.9559322
295 1167 6.10391609 0.020346387 3.9559322
295 1167 6.1039294 0.0203464313 3.9559322
294 1162 6.08081921 0.0202693974 3.95238095
294 1162 6.08111177 0.0202703726 3.95238095
294 1162 6.08081003 0.0202693668 3.95238095
294 1162 6.08115948 0.0202705316 3.95238095
294 1162 6.08075775 0.0202691925 3.95238095
294 1162 6.08082494 0.0202694165 3.95238095
294 1162 6.08119424 0.0202706475 3.95238095
294 1162 6.08075456 0.0202691819 3.95238095
294 1162 6.08082693 0.0202694231 3.95238095
294 1162 6.08119621 0.020270654 3.95238095
293 1150 6.05475187 0.0201825062 3.92491468
293 1150 6.05486183 0.0201828728 3.92491468
293 1150 6.05477232 0.0201825744 3.92491468
293 1150 6.05472362 0.0201824121 3.92491468
293 1150 6.05472196 0.0201824065 3.92491468
293 1150 6.05472285 0.0201824095 3.92491468
293 1150 6.05472423 0.0201824141 3.92491468
293 1150 6.0547248 0.020182416 3.92491468
293 1150 6.05472507 0.0201824169 3.92491468
293 1150 6.05472518 0.0201824173 3.92491468
292 1140 6.02533993 0.0200844664 3.90410959
292 1140 6.02541125 0.0200847042 3.90410959
292 1140 6.02531381 0.0200843794 3.90410959
292 1140 6.02528573 0.0200842858 3.90410959
292 1140 6.02528319 0.0200842773 3.90410959
292 1140 6.02528441 0.0200842814 3.90410959
292 1140 6.02528516 0.0200842839 3.90410959
292 1140 6.02528545 0.0200842848 3.90410959
292 1140 6.02528556 0.0200842852 3.90410959
292 1140 6.0252856 0.0200842853 3.90410959
291 1128 5.99585393 0.0199861798 3.87628866
291 1128 5.99601204 0.0199867068 3.87628866
291 1128 5.99614662 0.0199871554 3.87628866
291 1128 5.99593886 0.0199864629 3.87628866
291 1128 5.99566179 0.0199855393 3.87628866
291 1128 5.99610048 0.0199870016 3.87628866
291 1128 5.99593036 0.0199864345 3.87628866
291 1128 5.99566469 0.019985549 3.87628866
291 1128 5.9960996 0.0199869987 3.87628866
291 1128 5.99593074 0.0199864358 3.87628866
290 1114 5.96370886 0.0198790295 3.84137931
290 1119 5.95564757 0.0198521586 3.85862069
290 1116 5.96072844 0.0198690948 3.84827586
290 1119 5.98170845 0.0199390282 3.85862069
290 1115 5.98339731 0.0199446577 3.84482759
290 1117 5.96849678 0.0198949893 3.85172414
290 1110 5.98000681 0.019933356 3.82758621
290 1115 5.98354447 0.0199451482 3.84482759
290 1115 5.98340198 0.0199446733 3.84482759
290 1115 5.98338242 0.0199446081 3.84482759
289 1105 5.95838267 0.0198612756 3.82352941
289 1105 5.95828183 0.0198609394 3.82352941
289 1105 5.95832434 0.0198610811 3.82352941
289 1105 5.95833933 0.0198611311 3.82352941
289 1105 5.95834346 0.0198611449 3.82352941
289 1105 5.95834492 0.0198611497 3.82352941
289 1105 5.95834579 0.0198611526 3.82352941
289 1105 5.95834621 0.019861154 3.82352941
289 1105 5.95834646 0.0198611549 3.82352941
289 1105 5.9583466 0.0198611553 3.82352941
288 1094 5.92907732 0.0197635911 3.79861111
288 1094 5.92907555 0.0197635852 3.79861111
288 1094 5.9290411 0.0197634703 3.79861111
288 1094 5.92902624 0.0197634208 3.79861111
288 1094 5.92902429 0.0197634143 3.79861111
288 1094 5.92902471 0.0197634157 3.79861111
288 1094 5.92902512 0.0197634171 3.79861111
288 1094 5.92902534 0.0197634178 3.79861111
288 1094 5.92902546 0.0197634182 3.79861111
288 1094 5.92902552 0.0197634184 3.79861111
287 1082 5.89823487 0.0196607829 3.77003484
287 1082 5.89835018 0.0196611673 3.77003484
287 1082 5.89831251 0.0196610417 3.77003484
287 1082 5.8983251 0.0196610837 3.77003484
287 1082 5.8983332 0.0196611107 3.77003484
287 1082 5.89833789 0.0196611263 3.77003484
287 1082 5.89833935 0.0196611312 3.77003484
287 1082 5.89833987 0.0196611329 3.77003484
287 1082 5.89834009 0.0196611336 3.77003484
287 1082 5.89834018 0.0196611339 3.77003484
286 1077 5.86404526 0.0195468175 3.76573427
286 1075 5.85106547 0.0195035516 3.75874126
286 1082 5.86364814 0.0195454938 3.78321678
286 1082 5.86358139 0.0195452713 3.78321678
286 1082 5.86356479 0.019545216 3.78321678
286 1082 5.86356114 0.0195452038 3.78321678
286 1082 5.86356162 0.0195452054 3.78321678
286 1082 5.86356204 0.0195452068 3.78321678
286 1082 5.86356224 0.0195452075 3.78321678
286 1082 5.86356232 0.0195452077 3.78321678
285 1070 5.83362139 0.0194454046 3.75438596
285 1070 5.83354512 0.0194451504 3.75438596
285 1070 5.83379594 0.0194459865 3.75438596
285 1070 5.83382237 0.0194460746 3.75438596
285 1070 5.83368008 0.0194456003 3.75438596
285 1070 5.83380041 0.0194460014 3.75438596
285 1070 5.83383136 0.0194461045 3.75438596
285 1070 5.83368581 0.0194456194 3.75438596
285 1070 5.83380167 0.0194460056 3.75438596
285 1070 5.8338326 0.0194461087 3.75438596
284 1060 5.7918533 0.0193061777 3.73239437
284 1060 5.78882546 0.0192960849 3.73239437
284 1060 5.78900395 0.0192966798 3.73239437
284 1060 5.7917484 0.019305828 3.73239437
284 1060 5.79163441 0.019305448 3.73239437
284 1060 5.79164347 0.0193054782 3.73239437
284 1060 5.79164875 0.0193054958 3.73239437
284 1060 5.7916503 0.019305501 3.73239437
284 1060 5.79165166 0.0193055055 3.73239437
284 1060 5.79165236 0.0193055079 3.73239437
283 1050 5.75661506 0.0191887169 3.71024735
283 1050 5.75673396 0.0191891132 3.71024735
283 1050 5.75679866 0.0191893289 3.71024735
283 1050 5.75678857 0.0191892952 3.71024735
283 1050 5.75678613 0.0191892871 3.71024735
283 1050 5.75678681 0.0191892894 3.71024735
283 1050 5.75678663 0.0191892888 3.71024735
283 1050 5.7567866 0.0191892887 3.71024735
283 1050 5.7567866 0.0191892887 3.71024735
283 1050 5.75678659 0.0191892886 3.71024735
282 1044 5.71878939 0.0190626313 3.70212766
282 1044 5.71863878 0.0190621293 3.70212766
282 1044 5.71859816 0.0190619939 3.70212766
282 1044 5.71858096 0.0190619365 3.70212766
282 1044 5.71857516 0.0190619172 3.70212766
282 1044 5.71857354 0.0190619118 3.70212766
282 1044 5.71857314 0.0190619105 3.70212766
282 1044 5.71857318 0.0190619106 3.70212766
282 1044 5.71857327 0.0190619109 3.70212766
282 1044 5.71857333 0.0190619111 3.70212766
281 1036 5.67553013 0.0189184338 3.68683274
281 1036 5.67562126 0.0189187375 3.68683274
281 1036 5.67578772 0.0189192924 3.68683274
281 1036 5.67582461 0.0189194154 3.68683274
281 1036 5.6755866 0.018918622 3.68683274
281 1036 5.67579482 0.0189193161 3.68683274
281 1036 5.67582359 0.018919412 3.68683274
281 1036 5.6758285 0.0189194283 3.68683274
281 1036 5.67558556 0.0189186185 3.68683274
281 1036 5.67579523 0.0189193174 3.68683274
280 1031 5.62937297 0.0187645766 3.68214286
280 1031 5.62176178 0.0187392059 3.68214286
280 1031 5.62932183 0.0187644061 3.68214286
280 1031 5.62913847 0.0187637949 3.68214286
280 1031 5.62932202 0.0187644067 3.68214286
280 1031 5.62913491 0.018763783 3.68214286
280 1031 5.62932132 0.0187644044 3.68214286
280 1031 5.62913476 0.0187637825 3.68214286
280 1031 5.62932114 0.0187644038 3.68214286
280 1031 5.62913472 0.0187637824 3.68214286
279 1026 5.58225325 0.0186075108 3.67741935
279 1026 5.58689897 0.0186229966 3.67741935
279 1028 5.59707291 0.0186569097 3.68458781
279 1028 5.56608437 0.0185536146 3.68458781
279 1029 5.59537165 0.0186512388 3.68817204
279 1029 5.59520937 0.0186506979 3.68817204
279 1029 5.59520577 0.0186506859 3.68817204
279 1029 5.59520142 0.0186506714 3.68817204
279 1029 5.59520087 0.0186506696 3.68817204
279 1029 5.59520075 0.0186506692 3.68817204
278 1023 5.55684885 0.0185228295 3.67985612
278 1021 5.55096046 0.0185032015 3.67266187
278 1023 5.55688981 0.018522966 3.67985612
278 1023 5.55689616 0.0185229872 3.67985612
278 1023 5.55691349 0.018523045 3.67985612
278 1023 5.55691596 0.0185230532 3.67985612
278 1023 5.5569163 0.0185230543 3.67985612
278 1023 5.55691625 0.0185230542 3.67985612
278 1023 5.55691626 0.0185230542 3.67985612
278 1023 5.55691627 0.0185230542 3.67985612
277 1015 5.51276673 0.0183758891 3.66425993
277 1015 5.51257908 0.0183752636 3.66425993
277 1015 5.51262138 0.0183754046 3.66425993
277 1015 5.51274742 0.0183758247 3.66425993
277 1015 5.51252957 0.0183750986 3.66425993
277 1015 5.51248897 0.0183749632 3.66425993
277 1015 5.51249261 0.0183749754 3.66425993
277 1015 5.51265128 0.0183755043 3.66425993
277 1015 5.51275054 0.0183758351 3.66425993
277 1015 5.51253135 0.0183751045 3.66425993
276 1007 5.46954011 0.0182318004 3.64855072
276 1007 5.46969936 0.0182323312 3.64855072
276 1007 5.46974351 0.0182324784 3.64855072
276 1007 5.46966456 0.0182322152 3.64855072
276 1007 5.46971485 0.0182323828 3.64855072
276 1007 5.46962353 0.0182320784 3.64855072
276 1007 5.46969684 0.0182323228 3.64855072
276 1007 5.46962788 0.0182320929 3.64855072
276 1007 5.46969883 0.0182323294 3.64855072
276 1007 5.46962811 0.0182320937 3.64855072
275 1002 5.423016 0.01807672 3.64363636
275 1003 5.4240982 0.0180803273 3.64727273
275 1002 5.42278616 0.0180759539 3.64363636
275 1006 5.42113073 0.0180704358 3.65818182
275 1002 5.42283024 0.0180761008 3.64363636
275 1002 5.4228086 0.0180760287 3.64363636
275 1002 5.422857 0.01807619 3.64363636
275 1002 5.42284447 0.0180761482 3.64363636
275 1002 5.4228446 0.0180761487 3.64363636
275 1002 5.42284464 0.0180761488 3.64363636
274 998 5.38124983 0.0179374994 3.64233577
274 998 5.38122767 0.0179374256 3.64233577
274 998 5.38126375 0.0179375458 3.64233577
274 998 5.38126052 0.0179375351 3.64233577
274 998 5.38125884 0.0179375295 3.64233577
274 998 5.38125876 0.0179375292 3.64233577
274 998 5.38125873 0.0179375291 3.64233577
274 998 5.3812587 0.017937529 3.64233577
274 998 5.38125869 0.017937529 3.64233577
274 998 5.38125868 0.0179375289 3.64233577
273 994 5.33992472 0.0177997491 3.64102564
273 990 5.32409304 0.0177469768 3.62637363
273 994 5.3399159 0.0177997197 3.64102564
273 994 5.34000891 0.0178000297 3.64102564
273 994 5.34001497 0.0178000499 3.64102564
273 994 5.33985425 0.0177995142 3.64102564
273 994 5.33994192 0.0177998064 3.64102564
273 994 5.34002078 0.0178000693 3.64102564
273 994 5.33985368 0.0177995123 3.64102564
273 994 5.33994183 0.0177998061 3.64102564
272 985 5.29389265 0.0176463088 3.62132353
271 980 5.27881208 0.0175960403 3.61623616
271 977 5.2570487 0.0175234957 3.60516605
271 980 5.27883476 0.0175961159 3.61623616
271 980 5.27878955 0.0175959652 3.61623616
271 980 5.27878675 0.0175959558 3.61623616
271 980 5.27878837 0.0175959612 3.61623616
271 980 5.27879057 0.0175959686 3.61623616
271 980 5.27879203 0.0175959734 3.61623616
271 980 5.27879285 0.0175959762 3.61623616
270 973 5.23486138 0.0174495379 3.6037037
270 973 5.23447266 0.0174482422 3.6037037
270 973 5.23444233 0.0174481411 3.6037037
270 973 5.23444068 0.0174481356 3.6037037
270 973 5.23444032 0.0174481344 3.6037037
270 973 5.2344402 0.017448134 3.6037037
270 973 5.23444019 0.017448134 3.6037037
270 973 5.23444018 0.0174481339 3.6037037
270 973 5.23444019 0.017448134 3.6037037
270 973 5.23444019 0.017448134 3.6037037
269 965 5.18658728 0.0172886243 3.58736059
269 967 5.18285635 0.0172761878 3.59479554
269 966 5.20746039 0.0173582013 3.59107807
269 966 5.20719292 0.0173573097 3.59107807
269 966 5.20767431 0.0173589144 3.59107807
269 966 5.20719988 0.0173573329 3.59107807
269 966 5.20765586 0.0173588529 3.59107807
269 966 5.2071965 0.0173573217 3.59107807
269 966 5.20765359 0.0173588453 3.59107807
269 966 5.20719555 0.0173573185 3.59107807
268 959 5.16172058 0.0172057353 3.57835821
268 959 5.16219463 0.0172073154 3.57835821
268 959 5.16211684 0.0172070561 3.57835821
268 959 5.16210753 0.0172070251 3.57835821
268 959 5.16211002 0.0172070334 3.57835821
268 959 5.16211159 0.0172070386 3.57835821
268 959 5.16211194 0.0172070398 3.57835821
268 959 5.16211196 0.0172070399 3.57835821
268 959 5.162112 0.01720704 3.57835821
268 959 5.16211204 0.0172070401 3.57835821
267 952 5.11791649 0.0170597216 3.56554307
267 952 5.11746547 0.0170582182 3.56554307
267 952 5.1174382 0.0170581273 3.56554307
267 952 5.11745305 0.0170581768 3.56554307
267 952 5.11745277 0.0170581759 3.56554307
267 952 5.11745232 0.0170581744 3.56554307
267 952 5.11745266 0.0170581755 3.56554307
267 952 5.11745275 0.0170581758 3.56554307
267 952 5.11745281 0.017058176 3.56554307
267 952 5.11745286 0.0170581762 3.56554307
266 945 5.06944658 0.0168981553 3.55263158
266 945 5.06943506 0.0168981169 3.55263158
266 945 5.06958974 0.0168986325 3.55263158
266 945 5.06994896 0.0168998299 3.55263158
266 945 5.07006945 0.0169002315 3.55263158
266 945 5.07002435 0.0169000812 3.55263158
266 945 5.07000487 0.0169000162 3.55263158
266 945 5.07000476 0.0169000159 3.55263158
266 945 5.07000756 0.0169000252 3.55263158
266 945 5.07001022 0.0169000341 3.55263158
265 935 5.02243615 0.0167414538 3.52830189
265 938 5.00982535 0.0166994178 3.53962264
265 935 5.02984879 0.0167661626 3.52830189
265 940 5.02626008 0.0167542003 3.54716981
265 934 5.01511825 0.0167170608 3.5245283
265 939 5.02899668 0.0167633223 3.54339623
265 940 5.0310033 0.016770011 3.54716981
265 937 5.02074709 0.0167358236 3.53584906
265 940 5.027338 0.0167577933 3.54716981
265 938 5.02776625 0.0167592208 3.53962264
264 931 4.98970325 0.0166323442 3.52651515
264 931 4.98940532 0.0166313511 3.52651515
264 931 4.98928507 0.0166309502 3.52651515
264 931 4.98933958 0.0166311319 3.52651515
264 931 4.98927492 0.0166309164 3.52651515
264 931 4.98933044 0.0166311015 3.52651515
264 931 4.98927147 0.0166309049 3.52651515
264 931 4.98932917 0.0166310972 3.52651515
264 931 4.98927088 0.0166309029 3.52651515
264 931 4.98932885 0.0166310962 3.52651515
263 924 4.94765487 0.0164921829 3.51330798
263 925 4.95188219 0.016506274 3.51711027
263 925 4.95177367 0.0165059122 3.51711027
263 925 4.95177772 0.0165059257 3.51711027
263 925 4.95178523 0.0165059508 3.51711027
263 925 4.95178463 0.0165059488 3.51711027
263 925 4.95178455 0.0165059485 3.51711027
263 925 4.95178463 0.0165059488 3.51711027
263 925 4.95178463 0.0165059488 3.51711027
263 925 4.95178463 0.0165059488 3.51711027
262 918 4.91131205 0.0163710402 3.50381679
262 918 4.91134141 0.016371138 3.50381679
262 918 4.91153122 0.0163717707 3.50381679
262 918 4.91153593 0.0163717864 3.50381679
262 918 4.91153608 0.0163717869 3.50381679
262 918 4.91153673 0.0163717891 3.50381679
262 918 4.91153698 0.0163717899 3.50381679
262 918 4.9115371 0.0163717903 3.50381679
262 918 4.91153717 0.0163717906 3.50381679
262 918 4.91153722 0.0163717907 3.50381679
261 910 4.86649371 0.0162216457 3.48659004
261 910 4.86656162 0.0162218721 3.48659004
261 910 4.866583 0.0162219433 3.48659004
261 910 4.86658627 0.0162219542 3.48659004
261 910 4.86658755 0.0162219585 3.48659004
261 910 4.86658828 0.0162219609 3.48659004
261 910 4.86658877 0.0162219626 3.48659004
261 910 4.86658909 0.0162219636 3.48659004
261 910 4.86658929 0.0162219643 3.48659004
261 910 4.86658942 0.0162219647 3.48659004
260 907 4.82646689 0.016088223 3.48846154
260 906 4.82183672 0.0160727891 3.48461538
260 906 4.82199757 0.0160733252 3.48461538
260 907 4.82645431 0.016088181 3.48846154
260 907 4.82643864 0.0160881288 3.48846154
260 906 4.82190391 0.016073013 3.48461538
260 906 4.82200485 0.0160733495 3.48461538
260 906 4.8219928 0.0160733093 3.48461538
260 906 4.82198998 0.0160732999 3.48461538
260 906 4.82198889 0.0160732963 3.48461538
259 903 4.7823894 0.015941298 3.48648649
259 903 4.78232219 0.015941074 3.48648649
259 903 4.78232891 0.0159410964 3.48648649
259 903 4.78232535 0.0159410845 3.48648649
259 903 4.78232468 0.0159410823 3.48648649
259 903 4.78232457 0.0159410819 3.48648649
259 903 4.78232444 0.0159410815 3.48648649
259 903 4.7823244 0.0159410813 3.48648649
259 903 4.78232437 0.0159410812 3.48648649
259 903 4.78232436 0.0159410812 3.48648649
258 895 4.73510134 0.0157836711 3.46899225
258 895 4.735409 0.0157846967 3.46899225
258 899 4.73431595 0.0157810532 3.48449612
258 894 4.71811318 0.0157270439 3.46511628
258 893 4.74388257 0.0158129419 3.46124031
258 893 4.74391905 0.0158130635 3.46124031
258 893 4.74388133 0.0158129378 3.46124031
258 893 4.74386642 0.0158128881 3.46124031
258 893 4.74385833 0.0158128611 3.46124031
258 893 4.74385377 0.0158128459 3.46124031
257 890 4.70411637 0.0156803879 3.46303502
257 890 4.70414824 0.0156804941 3.46303502
257 890 4.70426801 0.0156808934 3.46303502
257 890 4.70427807 0.0156809269 3.46303502
257 890 4.70428029 0.0156809343 3.46303502
257 890 4.70427997 0.0156809332 3.46303502
257 890 4.70427999 0.0156809333 3.46303502
257 890 4.70427997 0.0156809332 3.46303502
257 890 4.70427996 0.0156809332 3.46303502
257 890 4.70427995 0.0156809332 3.46303502
256 886 4.6560357 0.015520119 3.4609375
256 886 4.65564528 0.0155188176 3.4609375
256 886 4.65564577 0.0155188192 3.4609375
256 886 4.65564832 0.0155188277 3.4609375
256 886 4.65564875 0.0155188292 3.4609375
256 886 4.65564867 0.0155188289 3.4609375
256 886 4.65564869 0.015518829 3.4609375
256 886 4.65564872 0.0155188291 3.4609375
256 886 4.65564873 0.0155188291 3.4609375
256 886 4.65564874 0.0155188291 3.4609375
255 880 4.60968482 0.0153656161 3.45098039
255 878 4.6031057 0.0153436857 3.44313725
255 879 4.60969258 0.0153656419 3.44705882
255 879 4.607809 0.0153593633 3.44705882
255 876 4.62283657 0.0154094552 3.43529412
255 880 4.59659444 0.0153219815 3.45098039
255 876 4.62767867 0.0154255956 3.43529412
254 868 4.58743506 0.0152914502 3.41732283
253 862 4.54653224 0.0151551075 3.40711462
253 867 4.52552581 0.015085086 3.42687747
252 859 4.51053668 0.0150351223 3.40873016
252 859 4.51069167 0.0150356389 3.40873016
252 859 4.51070736 0.0150356912 3.40873016
252 859 4.51069257 0.0150356419 3.40873016
252 859 4.51069578 0.0150356526 3.40873016
252 859 4.51068715 0.0150356238 3.40873016
252 859 4.51069479 0.0150356493 3.40873016
252 859 4.51068719 0.015035624 3.40873016
252 859 4.51069485 0.0150356495 3.40873016
252 859 4.51068723 0.0150356241 3.40873016
251 852 4.46750685 0.0148916895 3.39442231
251 854 4.47142786 0.0149047595 3.40239044
251 850 4.46310172 0.0148770057 3.38645418
251 854 4.47154244 0.0149051415 3.40239044
251 854 4.47147126 0.0149049042 3.40239044
251 854 4.47148271 0.0149049424 3.40239044
251 854 4.47146384 0.0149048795 3.40239044
251 854 4.47147815 0.0149049272 3.40239044
251 854 4.47146365 0.0149048788 3.40239044
251 854 4.47147822 0.0149049274 3.40239044
250 847 4.42896427 0.0147632142 3.388
250 847 4.42895597 0.0147631866 3.388
250 847 4.42894523 0.0147631508 3.388
250 847 4.42894397 0.0147631466 3.388
250 847 4.42894372 0.0147631457 3.388
250 847 4.42894399 0.0147631466 3.388
250 847 4.42894405 0.0147631468 3.388
250 847 4.42894411 0.014763147 3.388
250 847 4.42894415 0.0147631472 3.388
250 847 4.42894417 0.0147631472 3.388
249 844 4.38538503 0.0146179501 3.38955823
249 844 4.38511063 0.0146170354 3.38955823
249 844 4.3854633 0.014618211 3.38955823
249 844 4.38546343 0.0146182114 3.38955823
249 844 4.38546491 0.0146182164 3.38955823
249 844 4.38546528 0.0146182176 3.38955823
249 844 4.38546546 0.0146182182 3.38955823
249 844 4.38546556 0.0146182185 3.38955823
249 844 4.38546561 0.0146182187 3.38955823
249 844 4.38546564 0.0146182188 3.38955823
248 840 4.33714518 0.0144571506 3.38709677
248 838 4.33021798 0.0144340599 3.37903226
247 829 4.31373297 0.0143791099 3.3562753
247 828 4.31519227 0.0143839742 3.35222672
247 831 4.32055312 0.0144018437 3.36437247
247 829 4.31311777 0.0143770592 3.3562753
247 827 4.3112264 0.0143707547 3.34817814
247 830 4.30515285 0.0143505095 3.36032389
247 831 4.30280247 0.0143426749 3.36437247
247 831 4.32059619 0.0144019873 3.36437247
246 824 4.27951353 0.0142650451 3.3495935
246 824 4.27971646 0.0142657215 3.3495935
246 827 4.28966293 0.0142988764 3.36178862
246 828 4.27932315 0.0142644105 3.36585366
246 827 4.27503706 0.0142501235 3.36178862
246 825 4.28062379 0.014268746 3.35365854
246 829 4.28437881 0.0142812627 3.3699187
246 829 4.291489 0.0143049633 3.3699187
246 828 4.28987228 0.0142995743 3.36585366
246 825 4.28067308 0.0142689103 3.35365854
245 821 4.26082117 0.0142027372 3.35102041
245 821 4.26083731 0.014202791 3.35102041
245 821 4.26082846 0.0142027615 3.35102041
245 821 4.26083028 0.0142027676 3.35102041
245 821 4.26083066 0.0142027689 3.35102041
245 821 4.26083066 0.0142027689 3.35102041
245 821 4.26083064 0.0142027688 3.35102041
245 821 4.26083064 0.0142027688 3.35102041
245 821 4.26083064 0.0142027688 3.35102041
245 821 4.26083064 0.0142027688 3.35102041
244 818 4.22324784 0.0140774928 3.35245902
244 814 4.21764606 0.0140588202 3.33606557
244 818 4.21243367 0.0140414456 3.35245902
243 811 4.1857701 0.013952567 3.33744856
243 813 4.17793313 0.0139264438 3.34567901
243 814 4.20295417 0.0140098472 3.34979424
243 811 4.21148905 0.0140382968 3.33744856
243 811 4.21133107 0.0140377702 3.33744856
243 811 4.21131497 0.0140377166 3.33744856
243 811 4.211308 0.0140376933 3.33744856
242 807 4.172763 0.01390921 3.33471074
242 807 4.17281005 0.0139093668 3.33471074
242 807 4.17282163 0.0139094054 3.33471074
242 807 4.17285425 0.0139095142 3.33471074
242 807 4.17282391 0.013909413 3.33471074
242 807 4.17285516 0.0139095172 3.33471074
242 807 4.17282519 0.0139094173 3.33471074
242 807 4.17285562 0.0139095187 3.33471074
242 807 4.1728259 0.0139094197 3.33471074
242 807 4.17285587 0.0139095196 3.33471074
241 804 4.13784737 0.0137928246 3.33609959
241 799 4.129472 0.0137649067 3.3153527
241 799 4.12951937 0.0137650646 3.3153527
241 799 4.12950711 0.0137650237 3.3153527
241 799 4.12950583 0.0137650194 3.3153527
241 799 4.12950525 0.0137650175 3.3153527
241 799 4.12950483 0.0137650161 3.3153527
241 799 4.12950457 0.0137650152 3.3153527
241 799 4.1295044 0.0137650147 3.3153527
241 799 4.12950429 0.0137650143 3.3153527
240 796 4.09428756 0.0136476252 3.31666667
240 792 4.08597169 0.0136199056 3.3
240 796 4.09435986 0.0136478662 3.31666667
240 796 4.09434977 0.0136478326 3.31666667
240 796 4.09435147 0.0136478382 3.31666667
240 796 4.09435188 0.0136478396 3.31666667
240 796 4.09435181 0.0136478394 3.31666667
240 796 4.09435187 0.0136478396 3.31666667
240 796 4.09435195 0.0136478398 3.31666667
240 796 4.09435201 0.01364784 3.31666667
239 789 4.05238137 0.0135079379 3.30125523
239 789 4.05266356 0.0135088785 3.30125523
239 789 4.05219862 0.0135073287 3.30125523
239 789 4.05231769 0.0135077256 3.30125523
239 789 4.05220744 0.0135073581 3.30125523
239 789 4.05232134 0.0135077378 3.30125523
239 789 4.05220829 0.013507361 3.30125523
239 789 4.05232148 0.0135077383 3.30125523
239 789 4.05220874 0.0135073625 3.30125523
239 789 4.05232156 0.0135077385 3.30125523
238 785 4.01172797 0.0133724266 3.29831933
238 783 4.01154157 0.0133718052 3.28991597
238 786 4.01612378 0.0133870793 3.30252101
238 787 4.02331172 0.0134110391 3.30672269
238 787 4.02320222 0.0134106741 3.30672269
238 787 4.02324833 0.0134108278 3.30672269
238 787 4.02326028 0.0134108676 3.30672269
238 787 4.0232551 0.0134108503 3.30672269
238 787 4.02325237 0.0134108412 3.30672269
238 787 4.0232511 0.013410837 3.30672269
237 779 3.98018277 0.0132672759 3.28691983
237 779 3.98021871 0.0132673957 3.28691983
237 779 3.98018657 0.0132672886 3.28691983
237 779 3.98018679 0.0132672893 3.28691983
237 779 3.9801877 0.0132672923 3.28691983
237 779 3.98018865 0.0132672955 3.28691983
237 779 3.98018926 0.0132672975 3.28691983
237 779 3.98018964 0.0132672988 3.28691983
237 779 3.98018988 0.0132672996 3.28691983
237 779 3.98019003 0.0132673001 3.28691983
236 771 3.93349162 0.0131116387 3.26694915
236 771 3.9335171 0.0131117237 3.26694915
236 771 3.93356152 0.0131118717 3.26694915
236 771 3.93356037 0.0131118679 3.26694915
236 771 3.93356064 0.0131118688 3.26694915
236 771 3.93356062 0.0131118687 3.26694915
236 771 3.93356054 0.0131118685 3.26694915
236 771 3.93356049 0.0131118683 3.26694915
236 771 3.93356046 0.0131118682 3.26694915
236 771 3.93356045 0.0131118682 3.26694915
235 763 3.88726657 0.0129575552 3.24680851
235 763 3.88691046 0.0129563682 3.24680851
235 763 3.88696568 0.0129565523 3.24680851
235 763 3.88698595 0.0129566198 3.24680851
235 763 3.88699134 0.0129566378 3.24680851
235 763 3.88699315 0.0129566438 3.24680851
235 763 3.8869945 0.0129566483 3.24680851
235 763 3.88699539 0.0129566513 3.24680851
235 763 3.88699597 0.0129566532 3.24680851
235 763 3.88699635 0.0129566545 3.24680851
234 758 3.84720178 0.0128240059 3.23931624
234 758 3.84718338 0.0128239446 3.23931624
234 755 3.84042029 0.012801401 3.22649573
234 758 3.84722567 0.0128240856 3.23931624
234 758 3.8471805 0.012823935 3.23931624
234 758 3.84716778 0.0128238926 3.23931624
234 758 3.84717208 0.0128239069 3.23931624
234 758 3.84717253 0.0128239084 3.23931624
234 758 3.84717284 0.0128239095 3.23931624
234 758 3.84717309 0.0128239103 3.23931624
233 750 3.8014991 0.0126716637 3.21888412
233 750 3.80127746 0.0126709249 3.21888412
233 750 3.79517142 0.0126505714 3.21888412
233 750 3.8015641 0.0126718803 3.21888412
233 750 3.80118814 0.0126706271 3.21888412
233 750 3.80116978 0.0126705659 3.21888412
233 750 3.80117356 0.0126705785 3.21888412
233 750 3.80117332 0.0126705777 3.21888412
233 750 3.8011734 0.012670578 3.21888412
233 750 3.80117347 0.0126705782 3.21888412
232 742 3.75175731 0.0125058577 3.19827586
232 742 3.75260314 0.0125086771 3.19827586
232 742 3.75193644 0.0125064548 3.19827586
232 742 3.75202602 0.0125067534 3.19827586
232 742 3.75194145 0.0125064715 3.19827586
232 742 3.75202676 0.0125067559 3.19827586
232 742 3.75194139 0.0125064713 3.19827586
232 742 3.75202669 0.0125067556 3.19827586
232 742 3.75194144 0.0125064715 3.19827586
232 742 3.75202673 0.0125067558 3.19827586
231 735 3.69967451 0.0123322484 3.18181818
231 738 3.70367098 0.0123455699 3.19480519
231 739 3.70382967 0.0123460989 3.1991342
231 736 3.6968447 0.0123228157 3.18614719
231 736 3.69678356 0.0123226119 3.18614719
231 736 3.69680033 0.0123226678 3.18614719
231 736 3.69679905 0.0123226635 3.18614719
231 736 3.69679911 0.0123226637 3.18614719
231 736 3.6967991 0.0123226637 3.18614719
231 736 3.6967991 0.0123226637 3.18614719
230 731 3.65646241 0.012188208 3.17826087
230 731 3.65679527 0.0121893176 3.17826087
230 731 3.65678788 0.0121892929 3.17826087
230 731 3.65678414 0.0121892805 3.17826087
230 731 3.65678443 0.0121892814 3.17826087
230 731 3.6567843 0.012189281 3.17826087
230 731 3.65678423 0.0121892808 3.17826087
230 731 3.65678419 0.0121892806 3.17826087
230 731 3.65678416 0.0121892805 3.17826087
230 731 3.65678414 0.0121892805 3.17826087
229 724 3.6033979 0.0120113263 3.16157205
229 724 3.60320713 0.0120106904 3.16157205
229 724 3.60323145 0.0120107715 3.16157205
229 724 3.60324122 0.0120108041 3.16157205
229 724 3.60324527 0.0120108176 3.16157205
229 724 3.60324783 0.0120108261 3.16157205
229 724 3.60324915 0.0120108305 3.16157205
229 724 3.60324985 0.0120108328 3.16157205
229 724 3.60325022 0.0120108341 3.16157205
229 724 3.60325041 0.0120108347 3.16157205
228 718 3.55180816 0.0118393605 3.14912281
228 721 3.50117735 0.0116705912 3.1622807
228 722 3.5477904 0.011825968 3.16666667
228 720 3.52685846 0.0117561949 3.15789474
228 718 3.55181258 0.0118393753 3.14912281
228 718 3.55185267 0.0118395089 3.14912281
228 718 3.55182719 0.011839424 3.14912281
228 718 3.55182204 0.0118394068 3.14912281
228 718 3.55181871 0.0118393957 3.14912281
228 718 3.55181673 0.0118393891 3.14912281
227 715 3.50119224 0.0116706408 3.14977974
227 715 3.50095234 0.0116698411 3.14977974
227 715 3.50094237 0.0116698079 3.14977974
227 715 3.50093971 0.011669799 3.14977974
227 715 3.50094191 0.0116698064 3.14977974
227 715 3.50094246 0.0116698082 3.14977974
227 715 3.50094295 0.0116698098 3.14977974
227 715 3.50094316 0.0116698105 3.14977974
227 715 3.50094329 0.011669811 3.14977974
227 715 3.50094335 0.0116698112 3.14977974
226 712 3.46033486 0.0115344495 3.15044248
226 712 3.46035127 0.0115345042 3.15044248
226 712 3.46043234 0.0115347745 3.15044248
226 712 3.46044106 0.0115348035 3.15044248
226 712 3.46043618 0.0115347873 3.15044248
226 712 3.46043524 0.0115347841 3.15044248
226 712 3.46043581 0.011534786 3.15044248
226 712 3.46043602 0.0115347867 3.15044248
226 712 3.46043604 0.0115347868 3.15044248
226 712 3.46043605 0.0115347868 3.15044248
225 709 3.40815639 0.0113605213 3.15111111
225 709 3.40843585 0.0113614528 3.15111111
225 709 3.40831143 0.0113610381 3.15111111
225 709 3.40830047 0.0113610016 3.15111111
225 709 3.40830427 0.0113610142 3.15111111
225 709 3.40830371 0.0113610124 3.15111111
225 709 3.40830385 0.0113610128 3.15111111
225 709 3.40830378 0.0113610126 3.15111111
225 709 3.4083038 0.0113610127 3.15111111
225 709 3.40830379 0.0113610126 3.15111111
224 704 3.3499694 0.0111665647 3.14285714
224 707 3.35206821 0.0111735607 3.15625
224 701 3.34736658 0.0111578886 3.12946429
224 697 3.34535709 0.0111511903 3.11160714
224 697 3.34528721 0.0111509574 3.11160714
224 697 3.34526828 0.0111508943 3.11160714
224 697 3.34527976 0.0111509325 3.11160714
224 697 3.34526652 0.0111508884 3.11160714
224 697 3.3452786 0.0111509287 3.11160714
224 697 3.3452662 0.0111508873 3.11160714
223 694 3.29708503 0.0109902834 3.11210762
223 694 3.29774837 0.0109924946 3.11210762
223 692 3.27893597 0.0109297866 3.10313901
223 698 3.29633498 0.0109877833 3.13004484
223 692 3.27053137 0.0109017712 3.10313901
223 695 3.30556854 0.0110185618 3.11659193
223 695 3.30750977 0.0110250326 3.11659193
223 691 3.28148474 0.0109382825 3.09865471
222 688 3.27496896 0.0109165632 3.0990991
222 690 3.29632354 0.0109877451 3.10810811
221 685 3.27042371 0.0109014124 3.09954751
221 689 3.27572783 0.0109190928 3.11764706
221 689 3.27719896 0.0109239965 3.11764706
221 689 3.28430059 0.0109476686 3.11764706
221 691 3.26678468 0.0108892823 3.12669683
221 692 3.2899304 0.0109664347 3.13122172
221 689 3.28080344 0.0109360115 3.11764706
221 693 3.29869249 0.0109956416 3.13574661
221 692 3.30329805 0.0110109935 3.13122172
221 689 3.27308096 0.0109102699 3.11764706
220 684 3.26858531 0.0108952844 3.10909091
220 682 3.27920252 0.0109306751 3.1
220 681 3.28878647 0.0109626216 3.09545455
220 682 3.29214059 0.010973802 3.1
220 682 3.29245399 0.0109748466 3.1
220 684 3.29684545 0.0109894848 3.10909091
220 686 3.29284464 0.0109761488 3.11818182
220 687 3.27678572 0.0109226191 3.12272727
220 689 3.27277376 0.0109092459 3.13181818
220 684 3.28764328 0.0109588109 3.10909091
219 682 3.26125712 0.0108708571 3.11415525
219 683 3.23859553 0.0107953184 3.11872146
218 678 3.22703129 0.010756771 3.11009174
218 678 3.22700286 0.0107566762 3.11009174
218 678 3.22702813 0.0107567604 3.11009174
218 678 3.22703095 0.0107567698 3.11009174
218 678 3.22703111 0.0107567704 3.11009174
218 678 3.22703132 0.0107567711 3.11009174
218 678 3.22703159 0.010756772 3.11009174
218 678 3.22703177 0.0107567726 3.11009174
217 675 3.19607618 0.0106535873 3.11059908
217 675 3.19632349 0.0106544116 3.11059908
217 675 3.19597105 0.0106532368 3.11059908
217 675 3.19631417 0.0106543806 3.11059908
217 675 3.19595364 0.0106531788 3.11059908
217 675 3.19613457 0.0106537819 3.11059908
217 675 3.19601448 0.0106533816 3.11059908
217 675 3.19601371 0.010653379 3.11059908
217 675 3.19631899 0.0106543966 3.11059908
217 675 3.19595517 0.0106531839 3.11059908
216 668 3.15341589 0.0105113863 3.09259259
216 668 3.15338764 0.0105112921 3.09259259
216 668 3.15344662 0.0105114887 3.09259259
216 668 3.15344669 0.010511489 3.09259259
216 668 3.15343748 0.0105114583 3.09259259
216 668 3.15343644 0.0105114548 3.09259259
216 668 3.15343564 0.0105114521 3.09259259
216 668 3.15343498 0.0105114499 3.09259259
216 668 3.15343461 0.0105114487 3.09259259
216 668 3.15343438 0.0105114479 3.09259259
215 662 3.10769485 0.0103589828 3.07906977
215 665 3.11329005 0.0103776335 3.09302326
215 665 3.11960729 0.010398691 3.09302326
215 665 3.11949119 0.010398304 3.09302326
215 665 3.11943367 0.0103981122 3.09302326
215 665 3.11952957 0.0103984319 3.09302326
215 665 3.11953267 0.0103984422 3.09302326
215 665 3.11953552 0.0103984517 3.09302326
215 665 3.11942828 0.0103980943 3.09302326
215 665 3.11953297 0.0103984432 3.09302326
214 658 3.07769512 0.0102589837 3.07476636
214 661 3.06617567 0.0102205856 3.08878505
214 657 3.06372646 0.0102124215 3.07009346
214 658 3.07373126 0.0102457709 3.07476636
214 661 3.06161667 0.0102053889 3.08878505
214 663 3.05328613 0.0101776204 3.09813084
214 658 3.06161559 0.0102053853 3.07476636
214 658 3.07296603 0.0102432201 3.07476636
214 661 3.05849157 0.0101949719 3.08878505
214 658 3.04321151 0.0101440384 3.07476636
213 654 3.04320739 0.0101440246 3.07042254
213 654 3.04311956 0.0101437319 3.07042254
213 654 3.04316965 0.0101438988 3.07042254
213 654 3.0431662 0.0101438873 3.07042254
213 654 3.04316829 0.0101438943 3.07042254
213 654 3.04316926 0.0101438975 3.07042254
213 654 3.04317001 0.0101439 3.07042254
213 654 3.04317053 0.0101439018 3.07042254
213 654 3.04317087 0.0101439029 3.07042254
213 654 3.0431711 0.0101439037 3.07042254
212 647 3.0000396 0.010000132 3.05188679
212 645 2.97523533 0.00991745111 3.04245283
212 647 3.00035013 0.0100011671 3.05188679
212 647 2.99998678 0.00999995595 3.05188679
212 647 2.9999695 0.00999989834 3.05188679
212 647 2.99995577 0.00999985258 3.05188679
212 647 2.99995718 0.00999985728 3.05188679
212 647 2.99995741 0.00999985802 3.05188679
212 647 2.99995751 0.00999985837 3.05188679
212 647 2.99995763 0.00999985877 3.05188679
211 644 2.9545764 0.00984858801 3.0521327
211 640 2.94930173 0.00983100576 3.03317536
211 642 2.95054494 0.00983514981 3.04265403
211 639 2.98708642 0.00995695472 3.02843602
210 636 2.95936981 0.00986456604 3.02857143
210 635 2.95854296 0.00986180986 3.02380952
210 633 2.93006783 0.00976689276 3.01428571
209 630 2.92731354 0.0097577118 3.01435407
209 626 2.91531478 0.00971771593 2.99521531
209 627 2.89374485 0.00964581616 3
208 623 2.89020053 0.00963400178 2.99519231
207 619 2.86920625 0.00956402082 2.99033816
207 614 2.8430579 0.00947685966 2.96618357
207 620 2.8426338 0.009475446 2.99516908
206 613 2.84250178 0.00947500592 2.97572816
205 612 2.81628166 0.00938760554 2.98536585
205 615 2.82341044 0.00941136813 3
205 616 2.83283464 0.00944278214 3.00487805
205 613 2.8228895 0.00940963168 2.9902439
204 609 2.80262328 0.0093420776 2.98529412
203 607 2.76995673 0.00923318909 2.99014778
202 602 2.74693063 0.00915643544 2.98019802
202 602 2.74464647 0.00914882156 2.98019802
202 602 2.74241348 0.00914137826 2.98019802
202 602 2.73988397 0.00913294655 2.98019802
202 602 2.73767766 0.00912559219 2.98019802
202 602 2.73328645 0.00911095484 2.98019802
202 602 2.72811426 0.00909371419 2.98019802
202 602 2.71892806 0.00906309353 2.98019802
202 602 2.69879257 0.00899597522 2.98019802
201 596 2.65170937 0.00883903122 2.96517413
201 596 4.92038854e-10 1.64012951e-12 2.96517413
201 596 -8.32667268e-15 -2.77555756e-17 2.96517413
201 596 0 0 2.96517413
allocating memory...
allocating memory...
allocating memory...
allocating memory...
allocating memory...
walksat version 35
command line = test -solcnf -cutoff 100000000 -best -seed 1234567 -numsol 10 ./residualformula_seed1.cnf
seed = 1234567
cutoff = 100000000
tries = 10
heuristic = best, noise 50 / 100
tail starts after flip = 900
numatom = 300, numclause = 596, numliterals = 1638
wff read in

    lowest     final       avg     noise     noise     total                 avg        mean        mean
    #unsat    #unsat     noise   std dev     ratio     flips              length       flips       flips
      this      this      this      this      this      this   success   success       until         std
       try       try       try       try       try       try      rate     tries      assign         dev

         0         0      3.72      2.23      1.66      5468       100      5468     5468.00
         0         0      4.11      2.37      1.73      6692       100      6080     6080.00      865.50
         0         0      0.00      0.00      0.00       561       100      4240     4240.33     3244.64
         0         0      3.74      1.80      2.08      5462       100      4545     4545.75     2718.74
         0         0      3.29      2.26      1.46     10089       100      5654     5654.40     3418.95
         0         0      3.33      2.27      1.47      6237       100      5751     5751.50     3067.23
         0         0      3.59      2.32      1.55      4094       100      5514     5514.71     2869.22
         0         0      4.13      2.48      1.67      3745       100      5293     5293.50     2729.07
         0         0      0.00      0.00      0.00       560       100      4767     4767.56     3001.07
         0         0      3.26      2.06      1.58      2805       100      4571     4571.30     2896.70

total elapsed seconds = 0.000000
average flips per second = -9223372036854775808
number solutions found = 10
final success rate = 100.000000
average length successful tries = 4571
mean flips until assign = 4571.300000
  variance = 8390865.788889
  standard deviation = 2896.699119
  standard error of mean = 916.016691
mean seconds until assign = 0.000000
  variance = 0.000000
  standard deviation = 0.000000
  standard error of mean = 0.000000
mean restarts until assign = 1.000000
  variance = 0.000000
  standard deviation = 0.000000
  standard error of mean = 0.000000
final noise level statistics
    statistics over all runs:
      overall mean average noise level = 3.646301
      overall mean noise std deviation = 2.223798
      overall ratio mean noise to mean std dev = 1.639672
    statistics on successful runs:
      successful mean average noise level = 3.646301
      successful mean noise std deviation = 2.223798
      successful ratio mean noise to mean std dev = 1.639672
    statistics on nonsuccessful runs:
      nonsuccessful mean average noise level = 0.000000
      nonsuccessful mean noise std deviation = 0.000000
      nonsuccessful ratio mean noise to mean std dev = 0.000000
ASSIGNMENT FOUND
Check and white a solution
time of whitening    freezing probability
7	 	 	 	1
6	 	 	 	1
8	 	 	 	1
10	 	 	 	1
8	 	 	 	1
8	 	 	 	1
6	 	 	 	1
1023	 	 	 	0.26
7	 	 	 	1
8	 	 	 	1
