START ALGORITHM:
I am going to build an instance with N: 300 variables and 1200 clauses with a clause density equal to 4
START DYNAMIC-I BSP WITH r=0.9:
Decimation scorer: cert
END UNIT PROPAGATION
300 1200 5.48113241 0.0182704414 4
300 1200 5.48039755 0.0182679918 4
300 1200 5.48044803 0.0182681601 4
300 1200 5.47999911 0.0182666637 4
300 1200 5.48004269 0.018266809 4
300 1200 5.48019761 0.0182673254 4
300 1200 5.48019275 0.0182673092 4
300 1200 5.48011338 0.0182670446 4
300 1200 5.48012118 0.0182670706 4
299 1194 5.48014198 0.0182671399 3.99331104
299 1198 5.48012803 0.0182670934 4.00668896
299 1198 5.48013938 0.0182671313 4.00668896
299 1198 5.48014559 0.018267152 4.00668896
299 1198 5.48014 0.0182671333 4.00668896
299 1198 5.48013775 0.0182671258 4.00668896
299 1198 5.48013996 0.0182671332 4.00668896
299 1198 5.48014098 0.0182671366 4.00668896
299 1198 5.48014003 0.0182671334 4.00668896
299 1198 5.48013963 0.0182671321 4.00668896
298 1188 5.48014022 0.0182671341 3.98657718
298 1188 5.48013986 0.0182671329 3.98657718
298 1188 5.48013992 0.0182671331 3.98657718
298 1188 5.48014007 0.0182671336 3.98657718
298 1188 5.48014004 0.0182671335 3.98657718
298 1188 5.48013998 0.0182671333 3.98657718
298 1188 5.48013999 0.0182671333 3.98657718
298 1188 5.48014002 0.0182671334 3.98657718
298 1188 5.48014001 0.0182671334 3.98657718
298 1188 5.48014 0.0182671333 3.98657718
297 1182 5.48014001 0.0182671334 3.97979798
297 1182 5.48014049 0.018267135 3.97979798
297 1182 5.48013134 0.0182671045 3.97979798
297 1182 5.48013265 0.0182671088 3.97979798
297 1182 5.48013416 0.0182671139 3.97979798
297 1182 5.48013484 0.0182671161 3.97979798
297 1182 5.48013475 0.0182671158 3.97979798
297 1182 5.48013464 0.0182671155 3.97979798
297 1182 5.4801346 0.0182671153 3.97979798
297 1182 5.48013458 0.0182671153 3.97979798
296 1170 5.47530394 0.0182510131 3.9527027
296 1170 5.475261 0.01825087 3.9527027
296 1170 5.47531394 0.0182510465 3.9527027
296 1170 5.47524321 0.0182508107 3.9527027
296 1170 5.47531271 0.0182510424 3.9527027
296 1170 5.47524296 0.0182508099 3.9527027
296 1170 5.4753107 0.0182510357 3.9527027
296 1170 5.4752409 0.018250803 3.9527027
296 1170 5.47531084 0.0182510361 3.9527027
296 1170 5.47524043 0.0182508014 3.9527027
295 1161 5.46396943 0.0182132314 3.93559322
295 1161 5.4640668 0.018213556 3.93559322
295 1161 5.4640137 0.018213379 3.93559322
295 1161 5.4640048 0.0182133493 3.93559322
295 1161 5.46400558 0.0182133519 3.93559322
295 1161 5.46400675 0.0182133558 3.93559322
295 1161 5.46400886 0.0182133629 3.93559322
295 1161 5.46401011 0.018213367 3.93559322
295 1161 5.46401059 0.0182133686 3.93559322
295 1161 5.46401054 0.0182133685 3.93559322
294 1158 5.44903166 0.0181634389 3.93877551
294 1158 5.44892502 0.0181630834 3.93877551
294 1158 5.44900015 0.0181633338 3.93877551
294 1158 5.44901826 0.0181633942 3.93877551
294 1158 5.44901203 0.0181633734 3.93877551
294 1158 5.44901441 0.0181633814 3.93877551
294 1158 5.44901486 0.0181633829 3.93877551
294 1158 5.44901564 0.0181633855 3.93877551
294 1158 5.44901583 0.0181633861 3.93877551
294 1158 5.44901604 0.0181633868 3.93877551
293 1147 5.43331628 0.0181110543 3.91467577
293 1147 5.43334633 0.0181111544 3.91467577
293 1147 5.43335845 0.0181111948 3.91467577
293 1147 5.43334984 0.0181111661 3.91467577
293 1147 5.43334161 0.0181111387 3.91467577
293 1147 5.43334006 0.0181111335 3.91467577
293 1147 5.43334022 0.0181111341 3.91467577
293 1147 5.43334129 0.0181111376 3.91467577
293 1147 5.43334158 0.0181111386 3.91467577
293 1147 5.43334165 0.0181111388 3.91467577
292 1142 5.41744195 0.0180581398 3.9109589
292 1142 5.41742556 0.0180580852 3.9109589
292 1142 5.4174933 0.018058311 3.9109589
292 1142 5.41748125 0.0180582708 3.9109589
292 1142 5.41747897 0.0180582632 3.9109589
292 1142 5.41747807 0.0180582602 3.9109589
292 1142 5.41747806 0.0180582602 3.9109589
292 1142 5.41747709 0.018058257 3.9109589
292 1142 5.41747683 0.0180582561 3.9109589
292 1142 5.41747678 0.0180582559 3.9109589
291 1134 5.39665451 0.0179888484 3.89690722
291 1134 5.39658901 0.01798863 3.89690722
291 1134 5.39649103 0.0179883034 3.89690722
291 1134 5.39653976 0.0179884659 3.89690722
291 1134 5.39655492 0.0179885164 3.89690722
291 1134 5.39661783 0.0179887261 3.89690722
291 1134 5.39668061 0.0179889354 3.89690722
291 1134 5.39655336 0.0179885112 3.89690722
291 1134 5.39663684 0.0179887895 3.89690722
291 1134 5.39662212 0.0179887404 3.89690722
290 1128 5.37458919 0.0179152973 3.88965517
290 1128 5.37449398 0.0179149799 3.88965517
290 1128 5.37448798 0.0179149599 3.88965517
290 1128 5.37466811 0.0179155604 3.88965517
290 1128 5.37467215 0.0179155738 3.88965517
290 1128 5.37449279 0.017914976 3.88965517
290 1128 5.37448188 0.0179149396 3.88965517
290 1128 5.37449617 0.0179149872 3.88965517
290 1128 5.3744954 0.0179149847 3.88965517
290 1128 5.37449152 0.0179149717 3.88965517
289 1121 5.34706819 0.0178235606 3.87889273
289 1121 5.34710857 0.0178236952 3.87889273
289 1121 5.34703812 0.0178234604 3.87889273
289 1121 5.346985 0.0178232833 3.87889273
289 1121 5.34703417 0.0178234472 3.87889273
289 1121 5.34698791 0.017823293 3.87889273
289 1121 5.34703351 0.017823445 3.87889273
289 1121 5.34698825 0.0178232942 3.87889273
289 1121 5.34703358 0.0178234453 3.87889273
289 1121 5.34698822 0.0178232941 3.87889273
288 1114 5.31326868 0.0177108956 3.86805556
288 1117 5.3214844 0.0177382813 3.87847222
288 1117 5.3215028 0.0177383427 3.87847222
288 1117 5.32149896 0.0177383299 3.87847222
288 1117 5.32147528 0.0177382509 3.87847222
288 1117 5.32146976 0.0177382325 3.87847222
288 1117 5.32146903 0.0177382301 3.87847222
288 1117 5.32146895 0.0177382298 3.87847222
288 1117 5.3214688 0.0177382293 3.87847222
288 1117 5.32146882 0.0177382294 3.87847222
287 1110 5.29232463 0.0176410821 3.86759582
287 1110 5.29225407 0.0176408469 3.86759582
287 1110 5.29222091 0.0176407364 3.86759582
287 1110 5.29221972 0.0176407324 3.86759582
287 1110 5.29222839 0.0176407613 3.86759582
287 1110 5.29222618 0.0176407539 3.86759582
287 1110 5.29222541 0.0176407514 3.86759582
287 1110 5.2922254 0.0176407513 3.86759582
287 1110 5.29222544 0.0176407515 3.86759582
287 1110 5.2922254 0.0176407513 3.86759582
286 1101 5.26121267 0.0175373756 3.84965035
286 1100 5.26052595 0.0175350865 3.84615385
286 1100 5.26041242 0.0175347081 3.84615385
286 1100 5.26040932 0.0175346977 3.84615385
286 1100 5.26040781 0.0175346927 3.84615385
286 1100 5.26041092 0.0175347031 3.84615385
286 1100 5.26041126 0.0175347042 3.84615385
286 1100 5.26041127 0.0175347042 3.84615385
286 1100 5.26041126 0.0175347042 3.84615385
286 1100 5.26041125 0.0175347042 3.84615385
285 1094 5.2304614 0.0174348713 3.83859649
285 1094 5.23011252 0.0174337084 3.83859649
285 1094 5.23020289 0.0174340096 3.83859649
285 1094 5.23012987 0.0174337662 3.83859649
285 1094 5.23010956 0.0174336985 3.83859649
285 1094 5.23010949 0.0174336983 3.83859649
285 1094 5.23011106 0.0174337035 3.83859649
285 1094 5.23011187 0.0174337062 3.83859649
285 1094 5.23011232 0.0174337077 3.83859649
285 1094 5.23011244 0.0174337081 3.83859649
284 1089 5.19634714 0.0173211571 3.83450704
284 1089 5.19710463 0.0173236821 3.83450704
284 1089 5.19726513 0.0173242171 3.83450704
284 1089 5.19642414 0.0173214138 3.83450704
284 1089 5.19662404 0.0173220801 3.83450704
284 1089 5.19708207 0.0173236069 3.83450704
284 1089 5.19645949 0.0173215316 3.83450704
284 1089 5.19660796 0.0173220265 3.83450704
284 1089 5.19709094 0.0173236365 3.83450704
284 1089 5.19645832 0.0173215277 3.83450704
283 1082 5.15803635 0.0171934545 3.82332155
283 1082 5.15785905 0.0171928635 3.82332155
283 1082 5.15797029 0.0171932343 3.82332155
283 1082 5.15799883 0.0171933294 3.82332155
283 1082 5.15797537 0.0171932512 3.82332155
283 1082 5.15796984 0.0171932328 3.82332155
283 1082 5.15797306 0.0171932435 3.82332155
283 1082 5.15797395 0.0171932465 3.82332155
283 1082 5.15797407 0.0171932469 3.82332155
283 1082 5.15797399 0.0171932466 3.82332155
282 1070 5.12120942 0.0170706981 3.79432624
282 1070 5.12159401 0.01707198 3.79432624
282 1070 5.12169213 0.0170723071 3.79432624
282 1070 5.12174753 0.0170724918 3.79432624
282 1070 5.12177198 0.0170725733 3.79432624
282 1070 5.12177434 0.0170725811 3.79432624
282 1070 5.12177403 0.0170725801 3.79432624
282 1070 5.1217743 0.017072581 3.79432624
282 1070 5.12177432 0.0170725811 3.79432624
282 1070 5.12177436 0.0170725812 3.79432624
281 1064 5.08145097 0.0169381699 3.78647687
281 1063 5.08085289 0.0169361763 3.78291815
281 1063 5.08110536 0.0169370179 3.78291815
281 1063 5.08122967 0.0169374322 3.78291815
281 1063 5.08120345 0.0169373448 3.78291815
281 1063 5.08124377 0.0169374792 3.78291815
281 1063 5.08124628 0.0169374876 3.78291815
281 1063 5.08125443 0.0169375148 3.78291815
281 1063 5.08125619 0.0169375206 3.78291815
281 1063 5.08125738 0.0169375246 3.78291815
280 1057 5.03859975 0.0167953325 3.775
280 1057 5.03817059 0.016793902 3.775
280 1057 5.03769694 0.0167923231 3.775
280 1057 5.03813657 0.0167937886 3.775
280 1057 5.03800719 0.0167933573 3.775
280 1057 5.03802393 0.0167934131 3.775
280 1057 5.03802535 0.0167934178 3.775
280 1057 5.03802872 0.0167934291 3.775
280 1057 5.03802915 0.0167934305 3.775
280 1057 5.03802891 0.0167934297 3.775
279 1048 4.99405259 0.016646842 3.7562724
279 1047 4.99628951 0.0166542984 3.75268817
279 1047 4.99626887 0.0166542296 3.75268817
279 1047 4.99607403 0.0166535801 3.75268817
279 1047 4.99667368 0.0166555789 3.75268817
279 1047 4.99582025 0.0166527342 3.75268817
279 1047 4.99636411 0.016654547 3.75268817
279 1047 4.99606985 0.0166535662 3.75268817
279 1047 4.99641106 0.0166547035 3.75268817
279 1047 4.99633113 0.0166544371 3.75268817
278 1038 4.95572234 0.0165190745 3.73381295
278 1037 4.96242845 0.0165414282 3.73021583
278 1037 4.96249853 0.0165416618 3.73021583
278 1037 4.96250498 0.0165416833 3.73021583
278 1037 4.96249884 0.0165416628 3.73021583
278 1037 4.96249851 0.0165416617 3.73021583
278 1037 4.96249851 0.0165416617 3.73021583
278 1037 4.96249852 0.0165416617 3.73021583
278 1037 4.96249852 0.0165416617 3.73021583
278 1037 4.96249852 0.0165416617 3.73021583
277 1031 4.92690274 0.0164230091 3.72202166
277 1031 4.92710919 0.0164236973 3.72202166
277 1031 4.92688601 0.0164229534 3.72202166
277 1031 4.92692054 0.0164230685 3.72202166
277 1031 4.92693139 0.0164231046 3.72202166
277 1031 4.92692743 0.0164230914 3.72202166
277 1031 4.9269268 0.0164230893 3.72202166
277 1031 4.92692798 0.0164230933 3.72202166
277 1031 4.92692784 0.0164230928 3.72202166
277 1031 4.92692769 0.0164230923 3.72202166
276 1024 4.88587722 0.0162862574 3.71014493
276 1024 4.8856487 0.0162854957 3.71014493
276 1024 4.88545159 0.0162848386 3.71014493
276 1024 4.88553737 0.0162851246 3.71014493
276 1024 4.88572215 0.0162857405 3.71014493
276 1024 4.88544527 0.0162848176 3.71014493
276 1024 4.8855345 0.016285115 3.71014493
276 1024 4.8857214 0.016285738 3.71014493
276 1024 4.88544534 0.0162848178 3.71014493
276 1024 4.88553458 0.0162851153 3.71014493
275 1016 4.8426274 0.0161420913 3.69454545
275 1017 4.84280117 0.0161426706 3.69818182
275 1016 4.84277312 0.0161425771 3.69454545
275 1017 4.84249266 0.0161416422 3.69818182
275 1016 4.84273236 0.0161424412 3.69454545
275 1017 4.84293296 0.0161431099 3.69818182
275 1016 4.84282021 0.016142734 3.69454545
275 1017 4.84248404 0.0161416135 3.69818182
275 1016 4.84273611 0.0161424537 3.69454545
275 1017 4.8429358 0.0161431193 3.69818182
274 1010 4.80128755 0.0160042918 3.68613139
274 1010 4.8011128 0.0160037093 3.68613139
274 1010 4.80121288 0.0160040429 3.68613139
274 1010 4.801337 0.0160044567 3.68613139
274 1010 4.80127482 0.0160042494 3.68613139
274 1010 4.80133358 0.0160044453 3.68613139
274 1010 4.80128121 0.0160042707 3.68613139
274 1010 4.80133178 0.0160044393 3.68613139
274 1010 4.80128082 0.0160042694 3.68613139
274 1010 4.80133156 0.0160044385 3.68613139
273 1000 4.75582531 0.015852751 3.66300366
273 1000 4.7558872 0.0158529573 3.66300366
273 1000 4.755601 0.0158520033 3.66300366
273 1000 4.75591468 0.0158530489 3.66300366
273 1000 4.75601884 0.0158533961 3.66300366
273 1000 4.75611176 0.0158537059 3.66300366
273 1000 4.75608317 0.0158536106 3.66300366
273 1000 4.75608868 0.0158536289 3.66300366
273 1000 4.75608526 0.0158536175 3.66300366
273 1000 4.75608626 0.0158536209 3.66300366
272 991 4.70341807 0.0156780602 3.64338235
272 996 4.70914236 0.0156971412 3.66176471
272 996 4.70927058 0.0156975686 3.66176471
272 996 4.70933322 0.0156977774 3.66176471
272 996 4.70933791 0.015697793 3.66176471
272 996 4.70933089 0.0156977696 3.66176471
272 996 4.7093305 0.0156977683 3.66176471
272 996 4.70933036 0.0156977679 3.66176471
272 996 4.70933037 0.0156977679 3.66176471
272 996 4.70933046 0.0156977682 3.66176471
271 986 4.66227047 0.0155409016 3.63837638
271 987 4.66214549 0.015540485 3.64206642
271 987 4.66218224 0.0155406075 3.64206642
271 987 4.6621026 0.015540342 3.64206642
271 987 4.66194228 0.0155398076 3.64206642
271 987 4.66196188 0.0155398729 3.64206642
271 987 4.66206316 0.0155402105 3.64206642
271 987 4.66194956 0.0155398319 3.64206642
271 987 4.66196329 0.0155398776 3.64206642
271 987 4.66196369 0.015539879 3.64206642
270 977 4.61369737 0.0153789912 3.61851852
270 977 4.61373425 0.0153791142 3.61851852
270 977 4.61385468 0.0153795156 3.61851852
270 977 4.61384721 0.0153794907 3.61851852
270 977 4.61385371 0.0153795124 3.61851852
270 977 4.61385432 0.0153795144 3.61851852
270 977 4.613854 0.0153795133 3.61851852
270 977 4.6138541 0.0153795137 3.61851852
270 977 4.61385412 0.0153795137 3.61851852
270 977 4.61385411 0.0153795137 3.61851852
269 969 4.56398733 0.0152132911 3.60223048
269 972 4.56628154 0.0152209385 3.6133829
269 972 4.56626193 0.0152208731 3.6133829
269 972 4.56626257 0.0152208752 3.6133829
269 972 4.56626586 0.0152208862 3.6133829
269 972 4.5662654 0.0152208847 3.6133829
269 972 4.5662656 0.0152208853 3.6133829
269 972 4.5662656 0.0152208853 3.6133829
269 972 4.5662656 0.0152208853 3.6133829
269 972 4.5662656 0.0152208853 3.6133829
268 962 4.51775358 0.0150591786 3.58955224
268 962 4.5175151 0.0150583837 3.58955224
268 962 4.51736924 0.0150578975 3.58955224
268 962 4.51762964 0.0150587655 3.58955224
268 962 4.51744661 0.0150581554 3.58955224
268 962 4.51762984 0.0150587661 3.58955224
268 962 4.51744191 0.0150581397 3.58955224
268 962 4.5176298 0.015058766 3.58955224
268 962 4.5174421 0.0150581403 3.58955224
268 962 4.51762982 0.0150587661 3.58955224
267 956 4.46596692 0.0148865564 3.58052434
267 956 4.4668248 0.014889416 3.58052434
267 956 4.49737062 0.0149912354 3.58052434
267 956 4.49749972 0.0149916657 3.58052434
267 956 4.49749717 0.0149916572 3.58052434
267 956 4.49748981 0.0149916327 3.58052434
267 956 4.49748924 0.0149916308 3.58052434
267 956 4.49748943 0.0149916314 3.58052434
267 956 4.49748943 0.0149916314 3.58052434
267 956 4.49748943 0.0149916314 3.58052434
266 950 4.45134468 0.0148378156 3.57142857
266 950 4.45072879 0.0148357626 3.57142857
266 950 4.45063242 0.0148354414 3.57142857
266 950 4.45098525 0.0148366175 3.57142857
266 950 4.45065525 0.0148355175 3.57142857
266 950 4.4509801 0.0148366003 3.57142857
266 950 4.45072512 0.0148357504 3.57142857
266 950 4.45099947 0.0148366649 3.57142857
266 950 4.45071938 0.0148357313 3.57142857
266 950 4.45099701 0.0148366567 3.57142857
265 944 4.39815175 0.0146605058 3.56226415
265 943 4.39930584 0.0146643528 3.55849057
265 943 4.39916369 0.014663879 3.55849057
265 939 4.40369525 0.0146789842 3.54339623
265 940 4.40584186 0.0146861395 3.54716981
265 938 4.41038488 0.0147012829 3.53962264
265 938 4.41033905 0.0147011302 3.53962264
265 938 4.41037261 0.014701242 3.53962264
265 938 4.41038871 0.0147012957 3.53962264
265 938 4.41038919 0.0147012973 3.53962264
264 935 4.36880142 0.0145626714 3.54166667
264 935 4.38320099 0.01461067 3.54166667
264 934 4.38849565 0.0146283188 3.53787879
264 934 4.3943657 0.0146478857 3.53787879
264 934 4.39476765 0.0146492255 3.53787879
264 934 4.39481996 0.0146493999 3.53787879
264 934 4.39478045 0.0146492682 3.53787879
264 934 4.39478065 0.0146492688 3.53787879
264 934 4.39477667 0.0146492556 3.53787879
264 934 4.39477465 0.0146492488 3.53787879
263 929 4.35563591 0.0145187864 3.53231939
263 927 4.35343189 0.0145114396 3.52471483
263 927 4.35328747 0.0145109582 3.52471483
263 927 4.35329217 0.0145109739 3.52471483
263 927 4.35329298 0.0145109766 3.52471483
263 927 4.35329358 0.0145109786 3.52471483
263 927 4.35329352 0.0145109784 3.52471483
263 927 4.35329358 0.0145109786 3.52471483
263 927 4.35329359 0.0145109786 3.52471483
263 927 4.35329359 0.0145109786 3.52471483
262 922 4.31947231 0.014398241 3.51908397
262 922 4.3196313 0.014398771 3.51908397
262 922 4.31941701 0.0143980567 3.51908397
262 922 4.3193863 0.0143979543 3.51908397
262 922 4.31939396 0.0143979799 3.51908397
262 922 4.31939385 0.0143979795 3.51908397
262 922 4.31939407 0.0143979802 3.51908397
262 922 4.31939405 0.0143979802 3.51908397
262 922 4.31939407 0.0143979802 3.51908397
262 922 4.31939407 0.0143979802 3.51908397
261 912 4.27919506 0.0142639835 3.49425287
261 912 4.27949084 0.0142649695 3.49425287
261 912 4.27921608 0.0142640536 3.49425287
261 912 4.27941739 0.0142647246 3.49425287
261 912 4.27920991 0.014264033 3.49425287
261 912 4.27945773 0.0142648591 3.49425287
261 912 4.27920307 0.0142640102 3.49425287
261 912 4.27945842 0.0142648614 3.49425287
261 912 4.27920321 0.0142640107 3.49425287
261 912 4.27945849 0.0142648616 3.49425287
260 905 4.22575973 0.0140858658 3.48076923
260 905 4.22609019 0.0140869673 3.48076923
260 905 4.22607928 0.0140869309 3.48076923
260 905 4.2260658 0.014086886 3.48076923
260 905 4.22604864 0.0140868288 3.48076923
260 905 4.22604526 0.0140868175 3.48076923
260 905 4.22604485 0.0140868162 3.48076923
260 905 4.22604484 0.0140868161 3.48076923
260 905 4.22604484 0.0140868161 3.48076923
260 905 4.22604483 0.0140868161 3.48076923
259 898 4.17523563 0.0139174521 3.46718147
259 898 4.17520906 0.0139173635 3.46718147
259 898 4.17534155 0.0139178052 3.46718147
259 898 4.1753184 0.013917728 3.46718147
259 898 4.17525252 0.0139175084 3.46718147
259 895 4.17499248 0.0139166416 3.45559846
259 895 4.17511282 0.0139170427 3.45559846
259 895 4.17505088 0.0139168363 3.45559846
259 895 4.17498859 0.0139166286 3.45559846
259 895 4.17498528 0.0139166176 3.45559846
258 888 4.1220794 0.0137402647 3.44186047
258 888 4.12164561 0.0137388187 3.44186047
258 888 4.12183743 0.0137394581 3.44186047
258 888 4.12184587 0.0137394862 3.44186047
258 888 4.12185001 0.0137395 3.44186047
258 888 4.12184972 0.0137394991 3.44186047
258 888 4.12184959 0.0137394986 3.44186047
258 888 4.12184955 0.0137394985 3.44186047
258 888 4.12184954 0.0137394985 3.44186047
258 888 4.12184954 0.0137394985 3.44186047
257 882 4.06706549 0.013556885 3.43190661
257 881 4.06703608 0.0135567869 3.42801556
257 881 4.06710621 0.0135570207 3.42801556
257 881 4.06656113 0.0135552038 3.42801556
257 881 4.06723017 0.0135574339 3.42801556
257 881 4.06702156 0.0135567385 3.42801556
257 881 4.06654649 0.013555155 3.42801556
257 881 4.06722689 0.013557423 3.42801556
257 881 4.06702161 0.0135567387 3.42801556
257 881 4.06654659 0.0135551553 3.42801556
256 875 4.01012933 0.0133670978 3.41796875
256 875 4.01014742 0.0133671581 3.41796875
256 875 4.01009407 0.0133669802 3.41796875
256 875 4.00997136 0.0133665712 3.41796875
256 875 4.01036806 0.0133678935 3.41796875
256 875 4.00994301 0.0133664767 3.41796875
256 875 4.01010605 0.0133670202 3.41796875
256 875 4.01006568 0.0133668856 3.41796875
256 875 4.01017544 0.0133672515 3.41796875
256 875 4.01007049 0.0133669016 3.41796875
255 869 3.95006295 0.0131668765 3.40784314
255 869 3.94993507 0.0131664502 3.40784314
255 869 3.95016326 0.0131672109 3.40784314
255 869 3.95008298 0.0131669433 3.40784314
255 869 3.95013363 0.0131671121 3.40784314
255 869 3.9500852 0.0131669507 3.40784314
255 869 3.95013384 0.0131671128 3.40784314
255 869 3.95008487 0.0131669496 3.40784314
255 869 3.95013384 0.0131671128 3.40784314
255 869 3.95008488 0.0131669496 3.40784314
254 863 3.8920314 0.012973438 3.3976378
254 864 3.89098552 0.0129699517 3.4015748
254 864 3.89093648 0.0129697883 3.4015748
254 864 3.890994 0.01296998 3.4015748
254 864 3.89098551 0.0129699517 3.4015748
254 864 3.89098509 0.0129699503 3.4015748
254 864 3.89098544 0.0129699515 3.4015748
254 864 3.89098538 0.0129699513 3.4015748
254 864 3.89098534 0.0129699511 3.4015748
254 864 3.89098534 0.0129699511 3.4015748
253 858 3.83308846 0.0127769615 3.39130435
253 861 3.83353852 0.0127784617 3.40316206
253 857 3.84649791 0.0128216597 3.38735178
253 862 3.85905664 0.0128635221 3.40711462
253 866 3.86483625 0.0128827875 3.4229249
253 866 3.86528788 0.0128842929 3.4229249
253 866 3.86558395 0.0128852798 3.4229249
253 866 3.86556492 0.0128852164 3.4229249
253 866 3.86556311 0.0128852104 3.4229249
253 866 3.86556173 0.0128852058 3.4229249
252 860 3.81424581 0.0127141527 3.41269841
252 864 3.81021 0.0127007 3.42857143
252 865 3.82756578 0.0127585526 3.43253968
252 869 3.82929333 0.0127643111 3.4484127
252 869 3.82792329 0.0127597443 3.4484127
252 869 3.82899413 0.0127633138 3.4484127
252 869 3.82784507 0.0127594836 3.4484127
252 869 3.82896643 0.0127632214 3.4484127
252 869 3.82784545 0.0127594848 3.4484127
252 869 3.82896599 0.01276322 3.4484127
251 863 3.78291086 0.0126097029 3.43824701
251 863 3.78290097 0.0126096699 3.43824701
251 863 3.78303023 0.0126101008 3.43824701
251 863 3.78298353 0.0126099451 3.43824701
251 863 3.78300511 0.012610017 3.43824701
251 863 3.78300083 0.0126100028 3.43824701
251 863 3.78300127 0.0126100042 3.43824701
251 863 3.78300128 0.0126100043 3.43824701
251 863 3.78300125 0.0126100042 3.43824701
251 863 3.78300126 0.0126100042 3.43824701
250 856 3.73582243 0.0124527414 3.424
250 856 3.73576929 0.0124525643 3.424
250 856 3.73512994 0.0124504331 3.424
250 856 3.73576486 0.0124525495 3.424
250 856 3.73562815 0.0124520938 3.424
250 856 3.73566346 0.0124522115 3.424
250 856 3.73566239 0.012452208 3.424
250 856 3.73566224 0.0124522075 3.424
250 856 3.73566232 0.0124522077 3.424
250 856 3.73566232 0.0124522077 3.424
249 849 3.68786937 0.0122928979 3.40963855
249 849 3.68794276 0.0122931425 3.40963855
249 849 3.68765581 0.012292186 3.40963855
249 849 3.68774709 0.0122924903 3.40963855
249 849 3.6877182 0.012292394 3.40963855
249 849 3.68772327 0.0122924109 3.40963855
249 849 3.68772214 0.0122924071 3.40963855
249 849 3.68772208 0.0122924069 3.40963855
249 849 3.68772211 0.012292407 3.40963855
249 849 3.6877221 0.012292407 3.40963855
248 843 3.64064346 0.0121354782 3.39919355
248 843 3.6408099 0.012136033 3.39919355
248 843 3.64082541 0.0121360847 3.39919355
248 843 3.64082858 0.0121360953 3.39919355
248 843 3.64083193 0.0121361064 3.39919355
248 843 3.64083196 0.0121361065 3.39919355
248 843 3.64083202 0.0121361067 3.39919355
248 843 3.64083202 0.0121361067 3.39919355
248 843 3.64083202 0.0121361067 3.39919355
248 843 3.64083202 0.0121361067 3.39919355
247 833 3.58616848 0.0119538949 3.37246964
247 833 3.58601695 0.0119533898 3.37246964
247 833 3.58590267 0.0119530089 3.37246964
247 833 3.58594582 0.0119531527 3.37246964
247 833 3.58595186 0.0119531729 3.37246964
247 833 3.58594965 0.0119531655 3.37246964
247 833 3.58595067 0.0119531689 3.37246964
247 833 3.58595049 0.0119531683 3.37246964
247 833 3.58595057 0.0119531686 3.37246964
247 833 3.58595054 0.0119531685 3.37246964
246 824 3.53115404 0.0117705135 3.3495935
246 824 3.53100421 0.011770014 3.3495935
246 826 3.5312369 0.0117707897 3.35772358
246 826 3.53148211 0.011771607 3.35772358
246 826 3.53142483 0.0117714161 3.35772358
246 826 3.53143056 0.0117714352 3.35772358
246 826 3.53142987 0.0117714329 3.35772358
246 826 3.5314299 0.011771433 3.35772358
246 826 3.53142995 0.0117714332 3.35772358
246 826 3.53142994 0.0117714331 3.35772358
245 816 3.4796523 0.011598841 3.33061224
245 820 3.47915297 0.0115971766 3.34693878
245 821 3.49034912 0.0116344971 3.35102041
245 822 3.51750076 0.0117250025 3.35510204
245 822 3.51767394 0.0117255798 3.35510204
245 822 3.51776448 0.0117258816 3.35510204
245 822 3.51777613 0.0117259204 3.35510204
245 822 3.51762952 0.0117254317 3.35510204
245 822 3.51762664 0.0117254221 3.35510204
245 822 3.51759624 0.0117253208 3.35510204
244 815 3.47548676 0.0115849559 3.34016393
244 815 3.47579358 0.0115859786 3.34016393
244 815 3.47496586 0.0115832195 3.34016393
244 815 3.47536508 0.0115845503 3.34016393
244 815 3.47551279 0.0115850426 3.34016393
244 815 3.47585417 0.0115861806 3.34016393
244 815 3.47490711 0.0115830237 3.34016393
244 815 3.47536281 0.0115845427 3.34016393
244 815 3.47551286 0.0115850429 3.34016393
244 815 3.47585443 0.0115861814 3.34016393
243 805 3.42669943 0.0114223314 3.3127572
243 807 3.42868601 0.0114289534 3.32098765
243 807 3.42838021 0.011427934 3.32098765
243 807 3.42872547 0.0114290849 3.32098765
243 807 3.42790256 0.0114263419 3.32098765
243 807 3.42831771 0.0114277257 3.32098765
243 807 3.42879947 0.0114293316 3.32098765
243 807 3.42789068 0.0114263023 3.32098765
243 807 3.42832126 0.0114277375 3.32098765
243 807 3.42880034 0.0114293345 3.32098765
242 797 3.38046064 0.0112682021 3.29338843
242 797 3.38057278 0.0112685759 3.29338843
242 797 3.38087779 0.0112695926 3.29338843
242 797 3.38097158 0.0112699053 3.29338843
242 797 3.38069557 0.0112689852 3.29338843
242 797 3.38076366 0.0112692122 3.29338843
242 797 3.3806145 0.011268715 3.29338843
242 797 3.38085216 0.0112695072 3.29338843
242 797 3.38070302 0.0112690101 3.29338843
242 797 3.38074801 0.01126916 3.29338843
241 789 3.32546227 0.0110848742 3.27385892
241 789 3.32492234 0.0110830745 3.27385892
241 789 3.32487313 0.0110829104 3.27385892
241 789 3.32488431 0.0110829477 3.27385892
241 789 3.32488291 0.011082943 3.27385892
241 789 3.32488248 0.0110829416 3.27385892
241 789 3.32488268 0.0110829423 3.27385892
241 789 3.32488266 0.0110829422 3.27385892
241 789 3.32488265 0.0110829422 3.27385892
241 789 3.32488266 0.0110829422 3.27385892
240 781 3.26652625 0.0108884208 3.25416667
240 782 3.27263058 0.0109087686 3.25833333
240 782 3.27324259 0.0109108086 3.25833333
240 782 3.27280199 0.01090934 3.25833333
240 782 3.27282731 0.0109094244 3.25833333
240 782 3.27285853 0.0109095284 3.25833333
240 782 3.27282595 0.0109094198 3.25833333
240 782 3.27282524 0.0109094175 3.25833333
240 782 3.27282631 0.010909421 3.25833333
240 782 3.27282623 0.0109094208 3.25833333
239 774 3.22055312 0.0107351771 3.23849372
239 774 3.2202139 0.0107340463 3.23849372
239 774 3.220021 0.0107334033 3.23849372
239 774 3.22033696 0.0107344565 3.23849372
239 774 3.22040307 0.0107346769 3.23849372
239 774 3.22039831 0.010734661 3.23849372
239 774 3.22039094 0.0107346365 3.23849372
239 774 3.22038939 0.0107346313 3.23849372
239 774 3.22039009 0.0107346336 3.23849372
239 774 3.22039039 0.0107346346 3.23849372
238 768 3.16060217 0.0105353406 3.22689076
238 771 3.16748198 0.0105582733 3.2394958
238 774 3.17581152 0.0105860384 3.25210084
238 774 3.17595909 0.0105865303 3.25210084
238 774 3.17576153 0.0105858718 3.25210084
238 774 3.17559403 0.0105853134 3.25210084
238 774 3.17575643 0.0105858548 3.25210084
238 774 3.17597372 0.0105865791 3.25210084
238 774 3.17576183 0.0105858728 3.25210084
238 774 3.1755939 0.010585313 3.25210084
237 766 3.12061861 0.010402062 3.23206751
237 766 3.12039903 0.0104013301 3.23206751
237 766 3.12031882 0.0104010627 3.23206751
237 766 3.12039698 0.0104013233 3.23206751
237 766 3.12031839 0.0104010613 3.23206751
237 766 3.12039641 0.0104013214 3.23206751
237 766 3.12031838 0.0104010613 3.23206751
237 766 3.1203964 0.0104013213 3.23206751
237 766 3.12031839 0.0104010613 3.23206751
237 766 3.1203964 0.0104013213 3.23206751
236 763 3.05395668 0.0101798556 3.23305085
236 760 3.0611952 0.010203984 3.22033898
236 760 3.06128452 0.0102042817 3.22033898
236 760 3.06123882 0.0102041294 3.22033898
236 760 3.06129569 0.010204319 3.22033898
236 760 3.06127764 0.0102042588 3.22033898
236 760 3.06127694 0.0102042565 3.22033898
236 760 3.06127706 0.0102042569 3.22033898
236 760 3.06127709 0.010204257 3.22033898
236 760 3.06127708 0.0102042569 3.22033898
235 757 2.99517855 0.00998392849 3.2212766
235 757 2.99781229 0.00999270764 3.2212766
235 757 3.00344366 0.0100114789 3.2212766
235 757 3.00298704 0.0100099568 3.2212766
235 757 3.0034049 0.0100113497 3.2212766
235 757 3.00346326 0.0100115442 3.2212766
235 757 3.00357462 0.0100119154 3.2212766
235 757 3.00355082 0.0100118361 3.2212766
235 757 3.00353671 0.010011789 3.2212766
235 757 3.0035327 0.0100117757 3.2212766
234 749 2.94660009 0.00982200032 3.2008547
234 749 2.94644251 0.00982147505 3.2008547
234 749 2.94601459 0.00982004863 3.2008547
234 749 2.94650218 0.00982167393 3.2008547
234 749 2.94601496 0.00982004985 3.2008547
234 749 2.94649997 0.00982166656 3.2008547
234 749 2.94601256 0.00982004188 3.2008547
234 749 2.94649968 0.0098216656 3.2008547
234 749 2.94601232 0.00982004107 3.2008547
234 749 2.94649969 0.00982166565 3.2008547
233 740 2.89131616 0.00963772052 3.17596567
233 740 2.89141699 0.00963805662 3.17596567
233 740 2.89140832 0.00963802772 3.17596567
233 740 2.89140081 0.00963800269 3.17596567
233 740 2.89140349 0.00963801164 3.17596567
233 740 2.89140323 0.00963801076 3.17596567
233 740 2.89140308 0.00963801028 3.17596567
233 740 2.8914031 0.00963801032 3.17596567
233 740 2.8914031 0.00963801033 3.17596567
233 740 2.8914031 0.00963801033 3.17596567
232 733 2.83160992 0.00943869973 3.15948276
232 733 2.83181306 0.00943937685 3.15948276
232 733 2.83190169 0.00943967231 3.15948276
232 733 2.83189481 0.00943964938 3.15948276
232 733 2.83189422 0.00943964742 3.15948276
232 733 2.83189428 0.00943964759 3.15948276
232 733 2.83189428 0.00943964761 3.15948276
232 733 2.83189428 0.00943964761 3.15948276
232 733 2.83189428 0.00943964761 3.15948276
232 733 2.83189428 0.00943964761 3.15948276
231 728 2.77070361 0.0092356787 3.15151515
231 731 2.77368975 0.0092456325 3.16450216
231 727 2.77668596 0.00925561988 3.14718615
231 727 2.77656617 0.00925522055 3.14718615
231 727 2.77660227 0.00925534088 3.14718615
231 727 2.77663382 0.00925544608 3.14718615
231 727 2.77663506 0.00925545019 3.14718615
231 727 2.77663503 0.0092554501 3.14718615
231 727 2.77663503 0.0092554501 3.14718615
231 727 2.77663501 0.00925545003 3.14718615
230 722 2.72389374 0.00907964578 3.13913043
230 722 2.72172454 0.00907241513 3.13913043
230 722 2.72416565 0.00908055216 3.13913043
230 722 2.72396509 0.00907988364 3.13913043
230 722 2.72148879 0.00907162931 3.13913043
230 722 2.72376477 0.00907921591 3.13913043
230 722 2.72418574 0.00908061914 3.13913043
230 722 2.72430806 0.00908102688 3.13913043
230 722 2.72148347 0.00907161156 3.13913043
230 722 2.7241351 0.00908045034 3.13913043
229 717 2.67167269 0.00890557562 3.13100437
229 717 2.67234828 0.0089078276 3.13100437
229 717 2.67196028 0.00890653426 3.13100437
229 717 2.67217746 0.00890725821 3.13100437
229 717 2.67195323 0.00890651077 3.13100437
229 717 2.67216982 0.00890723274 3.13100437
229 717 2.67195173 0.00890650576 3.13100437
229 717 2.67217015 0.00890723383 3.13100437
229 717 2.67195174 0.0089065058 3.13100437
229 717 2.67217015 0.00890723383 3.13100437
228 709 2.61391441 0.00871304803 3.10964912
228 709 2.61382052 0.00871273505 3.10964912
228 709 2.61365747 0.00871219156 3.10964912
228 709 2.61383098 0.00871276995 3.10964912
228 709 2.61398489 0.00871328297 3.10964912
228 709 2.61440817 0.00871469389 3.10964912
228 709 2.61415025 0.00871383416 3.10964912
228 709 2.61365183 0.00871217275 3.10964912
228 709 2.61403364 0.00871344547 3.10964912
228 709 2.61423823 0.00871412744 3.10964912
227 704 2.55343959 0.00851146529 3.10132159
227 704 2.55961816 0.00853206053 3.10132159
227 704 2.55975162 0.00853250539 3.10132159
227 704 2.56008874 0.00853362912 3.10132159
227 704 2.55998978 0.00853329928 3.10132159
227 704 2.55997711 0.00853325704 3.10132159
227 704 2.55997387 0.00853324625 3.10132159
227 704 2.55997593 0.00853325311 3.10132159
227 704 2.55997576 0.00853325255 3.10132159
227 704 2.55997571 0.00853325238 3.10132159
226 701 2.50236021 0.00834120071 3.10176991
226 705 2.50575915 0.00835253049 3.11946903
226 705 2.51286834 0.00837622779 3.11946903
226 712 2.52356781 0.0084118927 3.15044248
226 711 2.53697688 0.0084565896 3.1460177
226 709 2.54689597 0.00848965322 3.13716814
226 708 2.55631888 0.00852106292 3.13274336
226 709 2.5765717 0.00858857232 3.13716814
226 705 2.62835463 0.00876118211 3.11946903
226 706 2.6536761 0.008845587 3.12389381
225 698 2.63441411 0.00878138036 3.10222222
225 700 2.64626542 0.00882088474 3.11111111
225 705 2.66600908 0.00888669693 3.13333333
225 707 2.67886484 0.00892954948 3.14222222
225 703 2.69529714 0.00898432382 3.12444444
225 703 2.69322677 0.00897742258 3.12444444
225 703 2.69161826 0.00897206087 3.12444444
225 703 2.69191271 0.00897304238 3.12444444
225 703 2.69232895 0.00897442984 3.12444444
225 703 2.69228258 0.00897427527 3.12444444
224 698 2.67585019 0.00891950063 3.11607143
224 696 2.67485399 0.00891617997 3.10714286
224 693 2.67413293 0.00891377642 3.09375
224 696 2.67402137 0.00891340458 3.10714286
224 698 2.67606424 0.00892021412 3.11607143
224 698 2.67631662 0.00892105541 3.11607143
224 698 2.67572792 0.00891909307 3.11607143
224 698 2.67553512 0.00891845039 3.11607143
224 698 2.67551786 0.00891839285 3.11607143
224 696 2.67454824 0.00891516079 3.10714286
223 691 2.65820485 0.00886068282 3.09865471
223 691 2.65753445 0.00885844817 3.09865471
223 691 2.65760006 0.00885866687 3.09865471
223 691 2.65817161 0.00886057204 3.09865471
223 691 2.65818785 0.00886062615 3.09865471
223 691 2.65800435 0.00886001451 3.09865471
223 691 2.65792783 0.00885975942 3.09865471
223 691 2.65790008 0.00885966693 3.09865471
223 691 2.6579047 0.00885968233 3.09865471
223 691 2.65794389 0.00885981295 3.09865471
222 684 2.64007213 0.00880024043 3.08108108
222 684 2.63994666 0.00879982219 3.08108108
222 684 2.63982203 0.00879940677 3.08108108
222 684 2.63995153 0.00879983842 3.08108108
222 684 2.64003522 0.00880011741 3.08108108
222 684 2.64001514 0.00880005045 3.08108108
222 684 2.63998639 0.00879995463 3.08108108
222 684 2.63996902 0.00879989675 3.08108108
222 684 2.63996012 0.00879986706 3.08108108
222 684 2.63996474 0.00879988246 3.08108108
221 678 2.62112214 0.00873707379 3.0678733
221 678 2.62110132 0.00873700441 3.0678733
221 678 2.62085327 0.00873617755 3.0678733
221 678 2.62093226 0.00873644088 3.0678733
221 678 2.6212991 0.00873766366 3.0678733
221 678 2.62132916 0.00873776385 3.0678733
221 678 2.62127519 0.00873758398 3.0678733
221 678 2.62124682 0.0087374894 3.0678733
221 678 2.62116121 0.00873720403 3.0678733
221 678 2.62112932 0.00873709774 3.0678733
220 673 2.59956818 0.00866522727 3.05909091
220 673 2.59924696 0.00866415655 3.05909091
220 673 2.59902587 0.00866341955 3.05909091
220 673 2.59978609 0.00866595363 3.05909091
220 673 2.5999525 0.00866650834 3.05909091
220 673 2.59978144 0.00866593814 3.05909091
220 673 2.59958076 0.0086652692 3.05909091
220 673 2.59951602 0.0086650534 3.05909091
220 673 2.59950774 0.0086650258 3.05909091
220 673 2.5995525 0.00866517499 3.05909091
219 667 2.57622896 0.00858742986 3.0456621
219 667 2.57581223 0.00858604077 3.0456621
219 667 2.5759822 0.00858660735 3.0456621
219 667 2.57670114 0.00858900381 3.0456621
219 667 2.57672507 0.00858908357 3.0456621
219 667 2.57645788 0.00858819294 3.0456621
219 667 2.57631824 0.00858772747 3.0456621
219 667 2.57628468 0.0085876156 3.0456621
219 667 2.57631946 0.00858773154 3.0456621
219 667 2.57638313 0.00858794378 3.0456621
218 663 2.55320004 0.00851066679 3.0412844
218 663 2.55274146 0.0085091382 3.0412844
218 663 2.55246914 0.00850823047 3.0412844
218 663 2.5525956 0.00850865201 3.0412844
218 663 2.553034 0.00851011332 3.0412844
218 663 2.55303938 0.00851013127 3.0412844
218 663 2.552932 0.00850977335 3.0412844
218 663 2.55284615 0.00850948716 3.0412844
218 663 2.55281767 0.00850939225 3.0412844
218 663 2.55284717 0.00850949058 3.0412844
217 656 2.53038544 0.00843461814 3.02304147
217 656 2.53042067 0.00843473556 3.02304147
217 656 2.5300536 0.00843351201 3.02304147
217 656 2.53036994 0.00843456647 3.02304147
217 656 2.53056083 0.00843520277 3.02304147
217 656 2.53049331 0.0084349777 3.02304147
217 656 2.53043039 0.00843476797 3.02304147
217 656 2.53037114 0.00843457045 3.02304147
217 656 2.53037893 0.00843459642 3.02304147
217 656 2.53037722 0.00843459073 3.02304147
216 651 2.50757362 0.00835857873 3.01388889
216 651 2.5074017 0.00835800567 3.01388889
216 651 2.50733917 0.00835779723 3.01388889
216 651 2.50772868 0.00835909559 3.01388889
216 651 2.50803974 0.00836013247 3.01388889
216 651 2.50790667 0.00835968889 3.01388889
216 651 2.50779618 0.00835932059 3.01388889
216 651 2.50774137 0.0083591379 3.01388889
216 651 2.50776874 0.00835922914 3.01388889
216 651 2.50774148 0.00835913826 3.01388889
215 646 2.4839777 0.00827992566 3.00465116
215 649 2.48272667 0.00827575557 3.01860465
215 649 2.48083338 0.0082694446 3.01860465
215 646 2.48604312 0.00828681041 3.00465116
215 646 2.48508287 0.00828360955 3.00465116
215 647 2.48495822 0.00828319406 3.00930233
215 647 2.48470226 0.00828234088 3.00930233
215 647 2.48462436 0.0082820812 3.00930233
215 647 2.48474114 0.00828247046 3.00930233
215 647 2.48505582 0.00828351939 3.00930233
214 645 2.46028465 0.00820094882 3.01401869
214 646 2.46453014 0.00821510047 3.01869159
214 646 2.4635047 0.00821168234 3.01869159
214 646 2.46413686 0.00821378952 3.01869159
214 646 2.46438208 0.00821460693 3.01869159
214 646 2.46424497 0.00821414991 3.01869159
214 646 2.46417927 0.00821393091 3.01869159
214 646 2.46415131 0.0082138377 3.01869159
214 646 2.46415094 0.00821383646 3.01869159
214 646 2.4641718 0.00821390601 3.01869159
213 641 2.4425468 0.00814182267 3.00938967
213 641 2.44232601 0.00814108671 3.00938967
213 641 2.44238659 0.00814128864 3.00938967
213 641 2.44283943 0.0081427981 3.00938967
213 641 2.44284093 0.0081428031 3.00938967
213 641 2.44271239 0.00814237465 3.00938967
213 641 2.44262342 0.00814207807 3.00938967
213 641 2.4427297 0.00814243232 3.00938967
213 641 2.44260973 0.00814203242 3.00938967
213 641 2.4426809 0.00814226965 3.00938967
212 633 2.41940579 0.00806468597 2.98584906
212 633 2.41867691 0.00806225637 2.98584906
212 633 2.41835398 0.00806117992 2.98584906
212 633 2.41920223 0.00806400744 2.98584906
212 633 2.41933555 0.00806445183 2.98584906
212 633 2.41912812 0.0080637604 2.98584906
212 633 2.41900179 0.0080633393 2.98584906
212 633 2.41896457 0.00806321522 2.98584906
212 633 2.41898493 0.00806328308 2.98584906
212 633 2.41902042 0.0080634014 2.98584906
211 628 2.39509788 0.0079836596 2.97630332
211 631 2.39485774 0.00798285913 2.99052133
211 634 2.40343514 0.00801145046 3.00473934
211 634 2.40378352 0.00801261172 3.00473934
211 634 2.40373938 0.00801246461 3.00473934
211 634 2.40363652 0.00801212174 3.00473934
211 634 2.4035761 0.00801192034 3.00473934
211 634 2.4035593 0.00801186433 3.00473934
211 634 2.40356891 0.00801189637 3.00473934
211 634 2.40358437 0.00801194789 3.00473934
210 629 2.38050602 0.00793502007 2.9952381
210 629 2.38321389 0.00794404631 2.9952381
210 629 2.38348836 0.0079449612 2.9952381
210 629 2.38347636 0.00794492119 2.9952381
210 629 2.38333644 0.0079444548 2.9952381
210 629 2.38325443 0.00794418144 2.9952381
210 629 2.38322863 0.00794409543 2.9952381
210 629 2.3832403 0.00794413435 2.9952381
210 629 2.3832611 0.00794420366 2.9952381
210 629 2.38327251 0.00794424171 2.9952381
209 621 2.36148923 0.00787163077 2.97129187
209 621 2.36117107 0.00787057022 2.97129187
209 621 2.3609201 0.00786973367 2.97129187
209 621 2.36130884 0.00787102948 2.97129187
209 623 2.36147081 0.00787156937 2.98086124
209 625 2.37704399 0.00792347995 2.99043062
209 625 2.37589291 0.00791964304 2.99043062
209 623 2.37711847 0.00792372824 2.98086124
209 623 2.37706447 0.00792354824 2.98086124
209 623 2.3770888 0.00792362934 2.98086124
208 619 2.35726403 0.00785754677 2.97596154
208 619 2.35729535 0.00785765117 2.97596154
208 619 2.35725451 0.00785751502 2.97596154
208 619 2.35731272 0.00785770905 2.97596154
208 619 2.3573501 0.00785783367 2.97596154
208 619 2.35734913 0.00785783044 2.97596154
208 619 2.35733895 0.0078577965 2.97596154
208 619 2.35733152 0.00785777174 2.97596154
208 619 2.3573286 0.00785776199 2.97596154
208 619 2.35732923 0.00785776411 2.97596154
207 616 2.33658644 0.00778862146 2.97584541
207 616 2.33628324 0.00778761079 2.97584541
207 616 2.33630342 0.00778767806 2.97584541
207 616 2.3366742 0.00778891399 2.97584541
207 616 2.33684019 0.00778946731 2.97584541
207 616 2.33681083 0.00778936942 2.97584541
207 616 2.3367428 0.00778914267 2.97584541
207 616 2.33669902 0.00778899672 2.97584541
207 616 2.33668597 0.00778895322 2.97584541
207 616 2.3366919 0.00778897301 2.97584541
206 608 2.31484518 0.00771615058 2.95145631
206 608 2.31425925 0.00771419749 2.95145631
206 608 2.31426097 0.00771420324 2.95145631
206 608 2.31491916 0.0077163972 2.95145631
206 608 2.31518502 0.00771728341 2.95145631
206 608 2.31515974 0.00771719912 2.95145631
206 608 2.31507225 0.0077169075 2.95145631
206 608 2.31500798 0.00771669328 2.95145631
206 608 2.31497862 0.0077165954 2.95145631
206 608 2.31497421 0.00771658071 2.95145631
205 603 2.28876546 0.00762921821 2.94146341
205 603 2.28842885 0.00762809618 2.94146341
205 607 2.28938108 0.00763127027 2.96097561
205 607 2.28946166 0.00763153885 2.96097561
205 607 2.28921505 0.00763071684 2.96097561
205 607 2.28903347 0.00763011155 2.96097561
205 607 2.28894797 0.00762982656 2.96097561
205 607 2.28892979 0.00762976597 2.96097561
205 607 2.28894731 0.00762982436 2.96097561
205 607 2.28897036 0.00762990119 2.96097561
204 602 2.26293166 0.00754310554 2.95098039
204 602 2.26323607 0.00754412023 2.95098039
204 602 2.26360681 0.00754535603 2.95098039
204 602 2.26396513 0.00754655043 2.95098039
204 602 2.26403768 0.00754679227 2.95098039
204 602 2.26399301 0.00754664338 2.95098039
204 602 2.26394592 0.00754648641 2.95098039
204 602 2.26392346 0.00754641153 2.95098039
204 602 2.26391981 0.00754639938 2.95098039
204 602 2.26392348 0.00754641159 2.95098039
203 597 2.23576755 0.00745255851 2.9408867
203 597 2.2355453 0.00745181766 2.9408867
203 597 2.23518368 0.00745061226 2.9408867
203 597 2.23528079 0.00745093596 2.9408867
203 599 2.23542432 0.00745141441 2.95073892
203 597 2.23536225 0.00745120751 2.9408867
203 597 2.23534119 0.00745113729 2.9408867
203 597 2.2351854 0.00745061799 2.9408867
203 597 2.23530556 0.00745101855 2.9408867
203 597 2.23534273 0.00745114244 2.9408867
202 594 2.20789077 0.00735963591 2.94059406
202 594 2.20805816 0.00736019387 2.94059406
202 594 2.20801385 0.00736004615 2.94059406
202 594 2.20799186 0.00735997288 2.94059406
202 594 2.20798588 0.00735995294 2.94059406
202 594 2.20798516 0.00735995054 2.94059406
202 594 2.20798621 0.00735995402 2.94059406
202 594 2.20798736 0.00735995785 2.94059406
202 594 2.20798795 0.00735995984 2.94059406
202 594 2.20798808 0.00735996027 2.94059406
201 589 2.18098497 0.00726994991 2.93034826
201 587 2.18060108 0.00726867028 2.92039801
201 588 2.18885849 0.00729619497 2.92537313
201 588 2.19765875 0.00732552917 2.92537313
201 588 2.19484638 0.00731615461 2.92537313
201 587 2.19800279 0.00732667598 2.92039801
201 590 2.20486689 0.00734955631 2.93532338
201 589 2.20178435 0.00733928118 2.93034826
201 590 2.17150391 0.00723834637 2.93532338
201 589 2.17513514 0.00725045047 2.93034826
200 584 2.1660603 0.00722020099 2.92
200 587 2.16989916 0.0072329972 2.935
200 589 2.17466502 0.00724888341 2.945
200 587 2.17100878 0.00723669592 2.935
200 583 2.15313904 0.00717713015 2.915
200 582 0 0 2.91
allocating memory...
allocating memory...
allocating memory...
allocating memory...
allocating memory...
walksat version 35
command line = test -solcnf -cutoff 100000000 -best -seed 1234567 -numsol 10 ./residualformula_seed5.cnf
seed = 1234567
cutoff = 100000000
tries = 10
heuristic = best, noise 50 / 100
tail starts after flip = 900
numatom = 300, numclause = 582, numliterals = 1594
wff read in

    lowest     final       avg     noise     noise     total                 avg        mean        mean
    #unsat    #unsat     noise   std dev     ratio     flips              length       flips       flips
      this      this      this      this      this      this   success   success       until         std
       try       try       try       try       try       try      rate     tries      assign         dev

         0         0      0.00      0.00      0.00       625       100       625      625.00
         0         0      3.74      2.39      1.57      2973       100      1799     1799.00     1660.29
         0         0      5.03      2.39      2.11      2187       100      1928     1928.33     1195.18
         0         0      2.01      1.24      1.62      1556       100      1835     1835.25      993.46
         0         0      0.00      0.00      0.00       596       100      1587     1587.40     1023.41
         0         0      0.00      0.00      0.00       887       100      1470     1470.67      958.99
         0         0      2.14      0.98      2.19       936       100      1394     1394.29      898.45
         0         0      4.03      2.06      1.96      2007       100      1470     1470.88      859.55
         0         0      4.96      2.51      1.97      1537       100      1478     1478.22      804.34
         0         0      4.88      2.36      2.07      1439       100      1474     1474.30      758.44

total elapsed seconds = 0.000000
average flips per second = -9223372036854775808
number solutions found = 10
final success rate = 100.000000
average length successful tries = 1474
mean flips until assign = 1474.300000
  variance = 575230.455556
  standard deviation = 758.439487
  standard error of mean = 239.839625
mean seconds until assign = 0.000000
  variance = 0.000000
  standard deviation = 0.000000
  standard error of mean = 0.000000
mean restarts until assign = 1.000000
  variance = 0.000000
  standard deviation = 0.000000
  standard error of mean = 0.000000
final noise level statistics
    statistics over all runs:
      overall mean average noise level = 3.825812
      overall mean noise std deviation = 1.988028
      overall ratio mean noise to mean std dev = 1.924426
    statistics on successful runs:
      successful mean average noise level = 3.825812
      successful mean noise std deviation = 1.988028
      successful ratio mean noise to mean std dev = 1.924426
    statistics on nonsuccessful runs:
      nonsuccessful mean average noise level = 0.000000
      nonsuccessful mean noise std deviation = 0.000000
      nonsuccessful ratio mean noise to mean std dev = 0.000000
ASSIGNMENT FOUND
Check and white a solution
time of whitening    freezing probability
6	 	 	 	1
7	 	 	 	1
9	 	 	 	1
7	 	 	 	1
7	 	 	 	1
7	 	 	 	1
9	 	 	 	1
7	 	 	 	1
8	 	 	 	1
6	 	 	 	1
