START ALGORITHM:
I am going to build an instance with N: 300 variables and 1245 clauses with a clause density equal to 4.15
START BSP WITH r=0.9:
Decimation scorer: pol
END UNIT PROPAGATION
300 1245 2.66679984 0.00888933279 4.15
300 1245 2.66766939 0.00889223131 4.15
300 1245 2.66701131 0.00889003769 4.15
300 1245 2.66694068 0.00888980226 4.15
300 1245 2.6670452 0.00889015068 4.15
300 1245 2.6670308 0.00889010267 4.15
300 1245 2.66709863 0.00889032877 4.15
300 1245 2.66710879 0.00889036265 4.15
300 1245 2.66706227 0.00889020756 4.15
299 1235 2.65956005 0.00886520017 4.13043478
299 1235 2.65954161 0.00886513871 4.13043478
299 1235 2.65939127 0.00886463756 4.13043478
299 1235 2.65944269 0.00886480897 4.13043478
299 1235 2.6591764 0.00886392134 4.13043478
299 1235 2.65972838 0.00886576128 4.13043478
299 1235 2.6596255 0.00886541833 4.13043478
299 1235 2.65921422 0.00886404741 4.13043478
299 1235 2.65972113 0.00886573709 4.13043478
299 1235 2.65964019 0.0088654673 4.13043478
298 1221 2.64048675 0.0088016225 4.09731544
298 1221 2.64049161 0.00880163871 4.09731544
298 1221 2.64038792 0.00880129308 4.09731544
298 1220 2.64442485 0.00881474951 4.09395973
298 1221 2.63999526 0.00879998422 4.09731544
298 1221 2.64029248 0.00880097494 4.09731544
298 1221 2.64031746 0.00880105822 4.09731544
298 1221 2.64001711 0.00880005705 4.09731544
298 1221 2.63995388 0.00879984628 4.09731544
298 1221 2.64008173 0.00880027244 4.09731544
297 1206 2.62725851 0.00875752837 4.06060606
297 1206 2.62721604 0.00875738679 4.06060606
297 1206 2.62714658 0.00875715527 4.06060606
297 1206 2.62709824 0.00875699414 4.06060606
297 1206 2.62707819 0.00875692729 4.06060606
297 1206 2.62709864 0.00875699545 4.06060606
297 1206 2.62709561 0.00875698538 4.06060606
297 1206 2.62709662 0.00875698872 4.06060606
297 1206 2.62709697 0.00875698991 4.06060606
297 1206 2.62709262 0.00875697538 4.06060606
296 1195 2.61345464 0.00871151546 4.03716216
296 1200 2.61853927 0.00872846425 4.05405405
296 1204 2.62041028 0.00873470092 4.06756757
296 1210 2.62407858 0.0087469286 4.08783784
296 1204 2.6209489 0.00873649633 4.06756757
296 1204 2.62066764 0.00873555879 4.06756757
296 1204 2.62067465 0.00873558215 4.06756757
296 1204 2.62069088 0.00873563627 4.06756757
296 1204 2.62076388 0.00873587961 4.06756757
296 1204 2.62072122 0.00873573741 4.06756757
295 1197 2.60914155 0.00869713852 4.05762712
295 1197 2.60882175 0.0086960725 4.05762712
295 1198 2.6060804 0.00868693467 4.06101695
295 1189 2.6089977 0.008696659 4.03050847
295 1198 2.60636261 0.00868787538 4.06101695
295 1198 2.60620256 0.00868734188 4.06101695
295 1189 2.60933305 0.00869777685 4.03050847
295 1198 2.60625178 0.00868750593 4.06101695
295 1198 2.60624596 0.00868748654 4.06101695
295 1198 2.6062564 0.00868752134 4.06101695
294 1183 2.5955883 0.00865196099 4.02380952
294 1183 2.59593914 0.00865313047 4.02380952
294 1183 2.59600763 0.00865335877 4.02380952
294 1183 2.59591804 0.00865306015 4.02380952
294 1183 2.59591704 0.00865305679 4.02380952
294 1183 2.59597562 0.00865325206 4.02380952
294 1183 2.59598743 0.00865329145 4.02380952
294 1183 2.59598864 0.00865329548 4.02380952
294 1183 2.59598298 0.00865327661 4.02380952
294 1183 2.59598399 0.00865327998 4.02380952
293 1176 2.58434598 0.0086144866 4.01365188
293 1176 2.58463443 0.0086154481 4.01365188
293 1176 2.58451278 0.00861504261 4.01365188
293 1176 2.58441435 0.00861471451 4.01365188
293 1176 2.58438096 0.0086146032 4.01365188
293 1176 2.58438469 0.00861461564 4.01365188
293 1176 2.58455343 0.00861517812 4.01365188
293 1176 2.58464451 0.00861548169 4.01365188
293 1176 2.58439405 0.00861464682 4.01365188
293 1176 2.58434846 0.00861449487 4.01365188
292 1164 2.57076202 0.00856920674 3.98630137
292 1164 2.57087003 0.00856956676 3.98630137
292 1168 2.57377531 0.00857925104 4
292 1168 2.5738296 0.00857943201 4
292 1168 2.57385147 0.00857950491 4
292 1168 2.57361133 0.00857870444 4
292 1168 2.57358458 0.00857861526 4
292 1168 2.5737227 0.00857907567 4
292 1168 2.5738374 0.00857945798 4
292 1168 2.57361061 0.00857870205 4
291 1156 2.56045873 0.00853486245 3.97250859
291 1156 2.56039112 0.00853463706 3.97250859
291 1156 2.56035088 0.00853450293 3.97250859
291 1156 2.56039491 0.0085346497 3.97250859
291 1156 2.56041959 0.00853473196 3.97250859
291 1156 2.56042799 0.00853475995 3.97250859
291 1156 2.56043091 0.00853476971 3.97250859
291 1156 2.56043163 0.0085347721 3.97250859
291 1156 2.56043118 0.00853477059 3.97250859
291 1156 2.56043089 0.00853476962 3.97250859
290 1148 2.55198617 0.00850662058 3.95862069
290 1148 2.55179837 0.00850599457 3.95862069
290 1148 2.55155888 0.00850519625 3.95862069
290 1148 2.5514948 0.00850498265 3.95862069
290 1148 2.55147336 0.00850491119 3.95862069
290 1148 2.55148103 0.00850493675 3.95862069
290 1148 2.55149963 0.00850499876 3.95862069
290 1148 2.55151622 0.00850505408 3.95862069
290 1148 2.55152197 0.00850507324 3.95862069
290 1148 2.55152084 0.00850506945 3.95862069
289 1135 2.52992696 0.00843308987 3.92733564
289 1135 2.53061252 0.00843537507 3.92733564
289 1135 2.52989095 0.00843296984 3.92733564
289 1135 2.53027896 0.00843426318 3.92733564
289 1135 2.5297437 0.00843247899 3.92733564
289 1135 2.53020842 0.00843402806 3.92733564
289 1135 2.52970546 0.00843235153 3.92733564
289 1135 2.53024003 0.00843413344 3.92733564
289 1135 2.52969421 0.00843231405 3.92733564
289 1135 2.53022855 0.00843409518 3.92733564
288 1128 2.50297777 0.00834325924 3.91666667
288 1127 2.50561962 0.00835206538 3.91319444
288 1127 2.50569177 0.00835230592 3.91319444
288 1127 2.50560248 0.00835200828 3.91319444
288 1127 2.50578931 0.00835263104 3.91319444
288 1127 2.5055112 0.00835170399 3.91319444
288 1127 2.50566226 0.00835220755 3.91319444
288 1128 2.5027941 0.00834264699 3.91666667
288 1128 2.50296391 0.00834321302 3.91666667
288 1128 2.50304618 0.00834348726 3.91666667
287 1120 2.48007634 0.00826692113 3.90243902
287 1119 2.47435517 0.00824785056 3.8989547
287 1124 2.47722933 0.00825743108 3.91637631
287 1118 2.48201287 0.00827337625 3.89547038
287 1118 2.48168553 0.0082722851 3.89547038
287 1118 2.48175073 0.00827250242 3.89547038
287 1118 2.48151018 0.0082717006 3.89547038
287 1118 2.48146251 0.00827154169 3.89547038
287 1118 2.4814959 0.008271653 3.89547038
287 1118 2.4815257 0.00827175235 3.89547038
286 1111 2.45734197 0.00819113991 3.88461538
286 1113 2.46458152 0.00821527174 3.89160839
286 1111 2.45780292 0.00819267641 3.88461538
286 1111 2.45765159 0.00819217198 3.88461538
286 1111 2.45774363 0.00819247878 3.88461538
286 1111 2.45774194 0.00819247313 3.88461538
286 1111 2.45778221 0.00819260735 3.88461538
286 1111 2.45781728 0.00819272425 3.88461538
286 1111 2.4578249 0.00819274965 3.88461538
286 1111 2.4578209 0.00819273632 3.88461538
285 1106 2.44215601 0.00814052003 3.88070175
285 1106 2.44230217 0.00814100725 3.88070175
285 1106 2.44226743 0.00814089144 3.88070175
285 1106 2.4422425 0.00814080833 3.88070175
285 1106 2.44221352 0.00814071175 3.88070175
285 1106 2.4422123 0.00814070766 3.88070175
285 1106 2.4422131 0.00814071033 3.88070175
285 1106 2.44221353 0.00814071177 3.88070175
285 1106 2.44221438 0.00814071459 3.88070175
285 1106 2.442213 0.00814071 3.88070175
284 1097 2.42964312 0.00809881041 3.86267606
284 1097 2.42949887 0.00809832958 3.86267606
284 1097 2.42947227 0.00809824092 3.86267606
284 1097 2.42945998 0.00809819995 3.86267606
284 1097 2.42952382 0.00809841272 3.86267606
284 1097 2.42943977 0.00809813255 3.86267606
284 1097 2.42945234 0.00809817448 3.86267606
284 1097 2.42949171 0.00809830571 3.86267606
284 1097 2.42948124 0.0080982708 3.86267606
284 1097 2.42947031 0.00809823436 3.86267606
283 1090 2.42079565 0.00806931884 3.85159011
283 1090 2.42073344 0.00806911147 3.85159011
283 1090 2.42040014 0.00806800047 3.85159011
283 1090 2.4204055 0.00806801835 3.85159011
283 1090 2.42047385 0.00806824616 3.85159011
283 1090 2.42049935 0.00806833116 3.85159011
283 1090 2.42051715 0.00806839049 3.85159011
283 1090 2.42050494 0.0080683498 3.85159011
283 1090 2.42051085 0.00806836951 3.85159011
283 1090 2.42051798 0.00806839327 3.85159011
282 1086 2.40199076 0.00800663587 3.85106383
282 1080 2.38687275 0.0079562425 3.82978723
282 1086 2.40216999 0.00800723329 3.85106383
282 1086 2.40219885 0.00800732949 3.85106383
282 1086 2.40222568 0.00800741893 3.85106383
282 1086 2.40229502 0.00800765007 3.85106383
282 1086 2.4022209 0.00800740301 3.85106383
282 1086 2.40221577 0.00800738591 3.85106383
282 1086 2.40217473 0.0080072491 3.85106383
282 1086 2.40212694 0.00800708979 3.85106383
281 1079 2.37905021 0.00793016738 3.83985765
281 1076 2.36568839 0.00788562797 3.82918149
281 1076 2.36941324 0.00789804413 3.82918149
281 1075 2.36285797 0.00787619324 3.82562278
281 1070 2.36540258 0.00788467526 3.80782918
281 1071 2.36270608 0.00787568694 3.8113879
281 1074 2.37274845 0.00790916149 3.82206406
281 1075 2.36294141 0.00787647138 3.82562278
281 1075 2.36282254 0.00787607513 3.82562278
281 1075 2.36291614 0.00787638714 3.82562278
280 1066 2.3516625 0.00783887498 3.80714286
280 1066 2.35154358 0.0078384786 3.80714286
280 1066 2.35155838 0.00783852794 3.80714286
280 1066 2.35150108 0.00783833692 3.80714286
280 1066 2.35150215 0.00783834051 3.80714286
280 1066 2.35151377 0.00783837925 3.80714286
280 1066 2.35151121 0.0078383707 3.80714286
280 1066 2.35150479 0.00783834931 3.80714286
280 1066 2.35150811 0.00783836035 3.80714286
280 1066 2.35151135 0.00783837116 3.80714286
279 1059 2.33883885 0.0077961295 3.79569892
279 1059 2.33879722 0.00779599072 3.79569892
279 1059 2.33879444 0.00779598148 3.79569892
279 1059 2.33882348 0.00779607828 3.79569892
279 1059 2.33882522 0.00779608407 3.79569892
279 1059 2.33882275 0.00779607582 3.79569892
279 1059 2.33881824 0.00779606081 3.79569892
279 1059 2.33881285 0.00779604283 3.79569892
279 1059 2.33881603 0.00779605343 3.79569892
279 1059 2.33881563 0.00779605211 3.79569892
278 1052 2.33053125 0.00776843751 3.78417266
278 1052 2.33065142 0.00776883805 3.78417266
278 1052 2.33032034 0.00776773448 3.78417266
278 1052 2.33048553 0.00776828511 3.78417266
278 1052 2.33046206 0.00776820688 3.78417266
278 1052 2.33046962 0.00776823208 3.78417266
278 1052 2.33047806 0.00776826022 3.78417266
278 1052 2.33047124 0.00776823748 3.78417266
278 1052 2.33047445 0.00776824818 3.78417266
278 1052 2.33047337 0.00776824456 3.78417266
277 1044 2.30023687 0.00766745622 3.76895307
277 1042 2.30392074 0.00767973579 3.76173285
277 1041 2.28459894 0.00761532981 3.75812274
277 1041 2.28475573 0.00761585242 3.75812274
277 1041 2.28473133 0.00761577111 3.75812274
277 1041 2.28482257 0.00761607522 3.75812274
277 1042 2.30380298 0.00767934327 3.76173285
277 1042 2.30410591 0.00768035304 3.76173285
277 1042 2.30385951 0.00767953169 3.76173285
277 1041 2.28465046 0.00761550152 3.75812274
276 1032 2.26963589 0.00756545297 3.73913043
276 1034 2.27690856 0.0075896952 3.74637681
276 1034 2.27724147 0.00759080491 3.74637681
276 1034 2.27730994 0.00759103312 3.74637681
276 1034 2.27729975 0.00759099917 3.74637681
276 1034 2.27726765 0.00759089218 3.74637681
276 1034 2.27724173 0.00759080576 3.74637681
276 1034 2.27722695 0.00759075648 3.74637681
276 1034 2.27722067 0.00759073557 3.74637681
276 1034 2.27721974 0.00759073246 3.74637681
275 1025 2.26208688 0.00754028962 3.72727273
275 1025 2.26191707 0.00753972358 3.72727273
275 1025 2.26184585 0.00753948615 3.72727273
275 1025 2.26185345 0.00753951151 3.72727273
275 1025 2.26186411 0.00753954703 3.72727273
275 1025 2.26187396 0.00753957985 3.72727273
275 1025 2.26187943 0.0075395981 3.72727273
275 1025 2.26188145 0.00753960482 3.72727273
275 1025 2.26188279 0.00753960931 3.72727273
275 1025 2.26188246 0.00753960819 3.72727273
274 1017 2.26141553 0.00753805176 3.71167883
274 1017 2.2614291 0.007538097 3.71167883
274 1017 2.26144651 0.00753815503 3.71167883
274 1017 2.26150463 0.00753834878 3.71167883
274 1017 2.26151288 0.00753837626 3.71167883
274 1017 2.2614909 0.007538303 3.71167883
274 1017 2.26165855 0.00753886182 3.71167883
274 1017 2.26134773 0.00753782577 3.71167883
274 1017 2.26163387 0.00753877957 3.71167883
274 1017 2.26145158 0.00753817194 3.71167883
273 1008 2.24059049 0.00746863498 3.69230769
273 1008 2.2405853 0.00746861767 3.69230769
273 1008 2.24030443 0.00746768142 3.69230769
273 1008 2.24003324 0.00746677746 3.69230769
273 1008 2.23999751 0.00746665837 3.69230769
273 1008 2.24005266 0.00746684221 3.69230769
273 1008 2.24009411 0.00746698038 3.69230769
273 1008 2.24011091 0.00746703638 3.69230769
273 1008 2.24012735 0.00746709117 3.69230769
273 1008 2.24013862 0.00746712873 3.69230769
272 998 2.22038739 0.00740129131 3.66911765
272 999 2.22206636 0.00740688788 3.67279412
272 998 2.22065883 0.00740219611 3.66911765
272 998 2.22089944 0.00740299813 3.66911765
272 998 2.22079146 0.00740263819 3.66911765
272 998 2.22088077 0.00740293589 3.66911765
272 998 2.22089321 0.00740297736 3.66911765
272 998 2.22092196 0.0074030732 3.66911765
272 998 2.22095298 0.00740317659 3.66911765
272 998 2.22095569 0.00740318562 3.66911765
271 989 2.20642078 0.00735473592 3.64944649
271 989 2.20628127 0.00735427088 3.64944649
271 989 2.20614871 0.00735382903 3.64944649
271 989 2.20617872 0.00735392907 3.64944649
271 989 2.20622089 0.00735406962 3.64944649
271 989 2.20608129 0.00735360429 3.64944649
271 989 2.20620617 0.00735402055 3.64944649
271 989 2.20621993 0.00735406642 3.64944649
271 989 2.20608399 0.0073536133 3.64944649
271 989 2.20619481 0.00735398269 3.64944649
270 979 2.19409978 0.00731366592 3.62592593
270 983 2.177231 0.00725743667 3.64074074
270 982 2.18049338 0.00726831127 3.63703704
270 982 2.18037752 0.00726792506 3.63703704
270 982 2.18018086 0.00726726953 3.63703704
270 982 2.18024784 0.00726749281 3.63703704
270 982 2.18024249 0.00726747495 3.63703704
270 982 2.1802297 0.00726743234 3.63703704
270 982 2.1802326 0.00726744201 3.63703704
270 982 2.18023072 0.00726743573 3.63703704
269 972 2.16836839 0.00722789463 3.6133829
269 976 2.15217903 0.00717393011 3.62825279
269 972 2.16824344 0.00722747813 3.6133829
269 972 2.16826229 0.00722754098 3.6133829
269 972 2.16806099 0.00722686995 3.6133829
269 972 2.16805657 0.00722685524 3.6133829
269 972 2.16801977 0.00722673258 3.6133829
269 972 2.16802439 0.00722674796 3.6133829
269 972 2.1680193 0.00722673101 3.6133829
269 972 2.16802034 0.00722673447 3.6133829
268 966 2.14220052 0.00714066842 3.60447761
268 966 2.14262531 0.00714208438 3.60447761
268 966 2.14262078 0.00714206928 3.60447761
268 966 2.14279688 0.00714265627 3.60447761
268 966 2.14257762 0.00714192539 3.60447761
268 966 2.14223449 0.00714078162 3.60447761
268 966 2.14263302 0.00714211006 3.60447761
268 967 2.13355397 0.00711184658 3.60820896
268 966 2.14261761 0.0071420587 3.60447761
268 966 2.142571 0.00714190334 3.60447761
267 961 2.1090291 0.00703009699 3.59925094
267 961 2.1082394 0.00702746468 3.59925094
267 961 2.10873191 0.00702910637 3.59925094
267 961 2.10879872 0.00702932907 3.59925094
267 961 2.10880426 0.00702934754 3.59925094
267 961 2.10877988 0.00702926626 3.59925094
267 961 2.10875956 0.00702919852 3.59925094
267 961 2.10874926 0.00702916419 3.59925094
267 961 2.10873752 0.00702912507 3.59925094
267 961 2.10873387 0.0070291129 3.59925094
266 958 2.08305937 0.00694353122 3.60150376
266 958 2.08335478 0.00694451592 3.60150376
266 958 2.08328343 0.00694427809 3.60150376
266 958 2.08353014 0.00694510048 3.60150376
266 958 2.08335566 0.00694451887 3.60150376
266 958 2.08336175 0.00694453918 3.60150376
266 958 2.08358288 0.00694527627 3.60150376
266 958 2.08346353 0.00694487845 3.60150376
266 958 2.08340457 0.0069446819 3.60150376
266 958 2.08340694 0.00694468981 3.60150376
265 954 2.06454688 0.00688182292 3.6
265 954 2.06410228 0.00688034093 3.6
265 954 2.06451962 0.00688173206 3.6
265 954 2.06431109 0.00688103697 3.6
265 954 2.06425064 0.00688083548 3.6
265 954 2.06443953 0.00688146508 3.6
265 954 2.06430303 0.00688101009 3.6
265 954 2.06437607 0.00688125356 3.6
265 954 2.06428137 0.0068809379 3.6
265 954 2.06443507 0.00688145025 3.6
264 946 2.02933228 0.00676444093 3.58333333
264 944 2.01579829 0.00671932763 3.57575758
264 940 1.99666718 0.00665555726 3.56060606
263 936 1.98494897 0.00661649657 3.55893536
263 936 1.98496866 0.00661656219 3.55893536
263 942 2.01018416 0.00670061386 3.58174905
263 936 1.9846279 0.00661542632 3.55893536
263 936 1.98503875 0.00661679584 3.55893536
263 936 1.98504008 0.00661680027 3.55893536
263 936 1.98519679 0.00661732263 3.55893536
262 932 1.96863175 0.00656210582 3.55725191
262 932 1.96821793 0.00656072643 3.55725191
262 932 1.96830553 0.00656101843 3.55725191
262 932 1.96834449 0.00656114829 3.55725191
262 932 1.96831653 0.0065610551 3.55725191
262 932 1.9683206 0.00656106866 3.55725191
262 932 1.96831778 0.00656105926 3.55725191
262 932 1.96831691 0.00656105636 3.55725191
262 932 1.96831873 0.00656106242 3.55725191
262 932 1.96831742 0.00656105807 3.55725191
261 927 1.95001957 0.00650006523 3.55172414
261 927 1.95049404 0.00650164681 3.55172414
261 927 1.95027297 0.00650090991 3.55172414
261 927 1.95029554 0.00650098514 3.55172414
261 927 1.9502909 0.00650096968 3.55172414
261 927 1.95029011 0.00650096703 3.55172414
261 927 1.95029046 0.0065009682 3.55172414
261 927 1.95029051 0.00650096837 3.55172414
261 927 1.95029044 0.00650096812 3.55172414
261 927 1.95029035 0.00650096785 3.55172414
260 918 1.89121015 0.00630403383 3.53076923
260 920 1.92743678 0.00642478926 3.53846154
260 920 1.9270537 0.00642351233 3.53846154
260 920 1.92704803 0.00642349342 3.53846154
260 920 1.9270305 0.006423435 3.53846154
260 920 1.92701127 0.00642337089 3.53846154
260 920 1.92700478 0.00642334928 3.53846154
260 920 1.92700352 0.00642334508 3.53846154
260 920 1.92700346 0.00642334485 3.53846154
260 920 1.92700352 0.00642334508 3.53846154
259 911 1.8735866 0.00624528867 3.51737452
259 913 1.90391694 0.00634638982 3.52509653
259 909 1.87457987 0.00624859955 3.50965251
259 909 1.87513724 0.00625045745 3.50965251
259 909 1.87478955 0.00624929851 3.50965251
259 909 1.87478605 0.00624928682 3.50965251
259 909 1.87492841 0.00624976136 3.50965251
259 909 1.87483114 0.00624943714 3.50965251
259 909 1.87486101 0.00624953669 3.50965251
259 909 1.87486377 0.00624954589 3.50965251
258 903 1.84026809 0.00613422697 3.5
258 904 1.83547745 0.00611825818 3.50387597
258 905 1.83577229 0.00611924097 3.50775194
258 903 1.83992535 0.00613308452 3.5
258 903 1.8399533 0.00613317768 3.5
258 903 1.83970748 0.00613235826 3.5
258 903 1.83958429 0.00613194762 3.5
258 903 1.83995436 0.00613318119 3.5
258 903 1.83969947 0.00613233157 3.5
258 903 1.83973917 0.0061324639 3.5
257 898 1.81587058 0.00605290192 3.49416342
257 898 1.81584326 0.00605281088 3.49416342
257 898 1.8157578 0.00605252598 3.49416342
257 898 1.81592623 0.00605308743 3.49416342
257 898 1.81567817 0.00605226056 3.49416342
257 898 1.81593884 0.00605312948 3.49416342
257 898 1.81571754 0.00605239182 3.49416342
257 898 1.81595258 0.00605317528 3.49416342
257 898 1.8157123 0.00605237433 3.49416342
257 898 1.81595017 0.00605316725 3.49416342
256 894 1.78786362 0.00595954539 3.4921875
255 886 1.76643749 0.00588812496 3.4745098
255 884 1.73552716 0.00578509053 3.46666667
255 888 1.78251721 0.00594172404 3.48235294
255 886 1.7336296 0.00577876533 3.4745098
255 886 1.7508405 0.00583613501 3.4745098
255 888 1.78250103 0.0059416701 3.48235294
255 888 1.7825303 0.00594176766 3.48235294
255 887 1.73127046 0.00577090154 3.47843137
255 888 1.78203976 0.00594013254 3.48235294
254 879 1.73253434 0.00577511445 3.46062992
254 879 1.73167748 0.00577225828 3.46062992
254 879 1.73191775 0.00577305917 3.46062992
254 879 1.73174236 0.00577247453 3.46062992
254 879 1.73176407 0.00577254689 3.46062992
254 879 1.73184336 0.00577281121 3.46062992
254 879 1.73192037 0.0057730679 3.46062992
254 879 1.73196141 0.00577320471 3.46062992
254 879 1.73197019 0.00577323397 3.46062992
254 879 1.73196383 0.00577321276 3.46062992
253 874 1.71520841 0.00571736136 3.45454545
253 874 1.68581783 0.00561939277 3.45454545
253 879 1.73115295 0.00577050984 3.4743083
253 880 1.74132488 0.00580441628 3.47826087
253 885 1.77643513 0.00592145045 3.49802372
253 888 1.78407064 0.00594690214 3.50988142
252 878 1.74695723 0.00582319077 3.48412698
252 878 1.74728634 0.00582428781 3.48412698
252 878 1.74706523 0.00582355077 3.48412698
252 878 1.74729178 0.00582430593 3.48412698
251 871 1.72775656 0.00575918852 3.47011952
251 869 1.6943317 0.00564777232 3.46215139
251 871 1.72763491 0.00575878302 3.47011952
251 871 1.72830963 0.00576103209 3.47011952
251 871 1.72813622 0.00576045406 3.47011952
251 871 1.72821942 0.00576073139 3.47011952
251 871 1.72803974 0.00576013245 3.47011952
251 871 1.72803687 0.00576012289 3.47011952
251 871 1.72803168 0.00576010559 3.47011952
251 871 1.72803285 0.0057601095 3.47011952
250 862 1.67715761 0.00559052536 3.448
250 862 1.67665781 0.00558885935 3.448
250 862 1.67591398 0.00558637993 3.448
250 862 1.67652173 0.00558840576 3.448
250 862 1.67658431 0.00558861435 3.448
250 862 1.67600735 0.00558669118 3.448
250 862 1.67619031 0.00558730104 3.448
250 862 1.67657618 0.00558858726 3.448
250 862 1.67627315 0.00558757717 3.448
250 862 1.6765936 0.00558864535 3.448
249 856 1.63971672 0.00546572241 3.437751
249 859 1.65475763 0.00551585877 3.4497992
249 856 1.64056434 0.0054685478 3.437751
249 856 1.64045812 0.00546819373 3.437751
249 856 1.64055919 0.00546853063 3.437751
249 856 1.64057624 0.00546858747 3.437751
249 856 1.64057418 0.00546858059 3.437751
249 856 1.64057244 0.00546857479 3.437751
249 856 1.6405726 0.00546857533 3.437751
249 856 1.6405727 0.00546857566 3.437751
248 845 1.58587156 0.00528623854 3.40725806
248 847 1.60913067 0.00536376889 3.41532258
248 845 1.62914252 0.00543047506 3.40725806
248 845 1.62899238 0.00542997459 3.40725806
248 845 1.62895666 0.00542985555 3.40725806
248 845 1.62895041 0.00542983471 3.40725806
248 845 1.62894856 0.00542982854 3.40725806
248 845 1.62894829 0.00542982763 3.40725806
248 845 1.62894827 0.00542982757 3.40725806
248 845 1.62894828 0.00542982759 3.40725806
247 836 1.580156 0.00526718668 3.38461538
247 836 1.57982965 0.00526609883 3.38461538
247 836 1.58054353 0.00526847843 3.38461538
247 836 1.5804088 0.00526802934 3.38461538
247 836 1.58034239 0.00526780798 3.38461538
247 836 1.58040537 0.00526801791 3.38461538
247 836 1.58030699 0.00526768997 3.38461538
247 836 1.58033634 0.0052677878 3.38461538
247 836 1.58032918 0.00526776392 3.38461538
247 836 1.58030168 0.00526767226 3.38461538
246 833 1.57471264 0.00524904213 3.38617886
246 833 1.57386024 0.00524620079 3.38617886
246 833 1.57406052 0.00524686841 3.38617886
246 833 1.57510015 0.00525033384 3.38617886
246 833 1.57509614 0.00525032047 3.38617886
246 833 1.57510304 0.00525034348 3.38617886
246 833 1.57510423 0.00525034745 3.38617886
246 833 1.57510257 0.00525034189 3.38617886
246 833 1.57510272 0.00525034239 3.38617886
246 833 1.57510263 0.0052503421 3.38617886
245 827 1.51850313 0.0050616771 3.3755102
244 820 1.51044625 0.00503482083 3.36065574
244 814 1.50471593 0.00501571976 3.33606557
244 820 1.51025553 0.00503418509 3.36065574
244 820 1.51022399 0.00503407996 3.36065574
244 820 1.51025394 0.00503417979 3.36065574
244 820 1.51029575 0.00503431916 3.36065574
244 820 1.51032256 0.00503440853 3.36065574
244 820 1.51037114 0.00503457047 3.36065574
244 820 1.51030592 0.00503435307 3.36065574
243 811 1.50118915 0.00500396382 3.33744856
243 811 1.50147091 0.00500490304 3.33744856
243 811 1.50099524 0.00500331745 3.33744856
243 816 1.46807118 0.00489357059 3.35802469
242 809 1.4621087 0.00487369565 3.34297521
242 809 1.4620658 0.00487355268 3.34297521
242 809 1.46184015 0.00487280051 3.34297521
242 814 1.46521455 0.00488404851 3.36363636
242 809 1.46175141 0.00487250471 3.34297521
242 809 1.46207015 0.00487356718 3.34297521
241 800 1.45378504 0.00484595014 3.31950207
241 803 1.44121634 0.00480405446 3.33195021
241 803 1.44013759 0.00480045863 3.33195021
241 803 1.44090387 0.0048030129 3.33195021
241 803 1.44061862 0.00480206206 3.33195021
241 803 1.44059243 0.00480197478 3.33195021
241 803 1.4406543 0.00480218099 3.33195021
241 803 1.44065456 0.00480218188 3.33195021
241 803 1.44063216 0.0048021072 3.33195021
241 803 1.44063443 0.00480211475 3.33195021
240 794 1.43447022 0.00478156741 3.30833333
240 794 1.43479295 0.00478264317 3.30833333
240 794 1.43491012 0.00478303372 3.30833333
240 794 1.4348925 0.00478297501 3.30833333
240 794 1.43490082 0.00478300273 3.30833333
240 794 1.43489467 0.00478298225 3.30833333
240 794 1.43489675 0.00478298918 3.30833333
240 794 1.43489578 0.00478298592 3.30833333
240 794 1.43489622 0.00478298741 3.30833333
240 794 1.43489601 0.00478298669 3.30833333
239 790 1.39325075 0.00464416917 3.30543933
239 789 1.43250748 0.00477502494 3.30125523
239 794 1.39768207 0.00465894023 3.32217573
239 792 1.38706296 0.00462354322 3.31380753
239 794 1.39717704 0.00465725681 3.32217573
239 794 1.39756187 0.00465853957 3.32217573
239 794 1.37065025 0.00456883416 3.32217573
239 794 1.36361596 0.00454538654 3.32217573
239 794 1.37062658 0.00456875527 3.32217573
239 794 1.36995042 0.0045665014 3.32217573
238 788 1.35095258 0.00450317528 3.31092437
238 788 1.35150606 0.00450502019 3.31092437
238 788 1.35214881 0.00450716271 3.31092437
238 788 1.35208813 0.00450696045 3.31092437
238 788 1.3518364 0.00450612134 3.31092437
238 788 1.35211029 0.00450703429 3.31092437
238 788 1.35205892 0.00450686306 3.31092437
238 788 1.35198605 0.00450662016 3.31092437
238 788 1.35197992 0.00450659974 3.31092437
238 788 1.3520308 0.00450676933 3.31092437
237 779 1.34528843 0.00448429477 3.28691983
237 779 1.34563022 0.00448543408 3.28691983
237 779 1.34600878 0.00448669592 3.28691983
237 779 1.34596252 0.00448654174 3.28691983
237 779 1.34595252 0.00448650839 3.28691983
237 779 1.34597059 0.00448656864 3.28691983
237 779 1.34596504 0.00448655014 3.28691983
237 779 1.34595813 0.00448652709 3.28691983
237 779 1.3459662 0.00448655401 3.28691983
237 779 1.34596264 0.00448654215 3.28691983
236 775 1.31917152 0.00439723839 3.28389831
236 775 1.31829592 0.00439431972 3.28389831
236 775 1.31870128 0.00439567092 3.28389831
236 775 1.31885273 0.00439617577 3.28389831
236 775 1.31833177 0.00439443923 3.28389831
236 775 1.31805676 0.00439352252 3.28389831
236 775 1.31840327 0.00439467756 3.28389831
236 775 1.31849367 0.00439497889 3.28389831
236 775 1.31800691 0.00439335637 3.28389831
236 775 1.31794517 0.00439315057 3.28389831
235 771 1.28065945 0.00426886482 3.28085106
235 768 1.23811553 0.00412705177 3.26808511
235 768 1.25143906 0.00417146355 3.26808511
235 773 1.24491849 0.00414972832 3.2893617
235 771 1.23679255 0.00412264184 3.28085106
235 771 1.2534593 0.00417819768 3.28085106
235 769 1.25352369 0.00417841229 3.27234043
235 773 1.25477079 0.00418256928 3.2893617
235 773 1.25493177 0.00418310591 3.2893617
235 773 1.25506028 0.00418353427 3.2893617
234 764 1.2474551 0.00415818368 3.26495726
234 764 1.24697423 0.00415658078 3.26495726
234 764 1.24713532 0.00415711774 3.26495726
234 764 1.24736327 0.00415787758 3.26495726
234 764 1.24739071 0.00415796904 3.26495726
234 764 1.24774517 0.00415915057 3.26495726
234 764 1.2467915 0.00415597168 3.26495726
234 764 1.24656646 0.00415522153 3.26495726
234 764 1.24752442 0.00415841475 3.26495726
234 764 1.24708452 0.00415694838 3.26495726
233 756 1.21227046 0.00404090154 3.24463519
233 755 1.20482587 0.00401608623 3.24034335
233 756 1.18430523 0.00394768409 3.24463519
233 756 1.18138673 0.00393795577 3.24463519
233 756 1.18248658 0.00394162195 3.24463519
233 756 1.18465031 0.00394883435 3.24463519
233 756 1.18434189 0.00394780629 3.24463519
233 756 1.18334671 0.00394448904 3.24463519
233 756 1.18377656 0.00394592188 3.24463519
233 756 1.18238588 0.00394128625 3.24463519
232 747 1.17427926 0.0039142642 3.21982759
232 747 1.17626069 0.00392086897 3.21982759
232 747 1.17720625 0.00392402084 3.21982759
232 747 1.1774977 0.00392499234 3.21982759
232 747 1.17809689 0.00392698962 3.21982759
232 747 1.17684922 0.00392283074 3.21982759
232 747 1.17714816 0.0039238272 3.21982759
232 747 1.17785724 0.00392619082 3.21982759
232 747 1.17651735 0.00392172449 3.21982759
232 747 1.17682933 0.00392276445 3.21982759
231 742 1.16256736 0.00387522453 3.21212121
231 740 1.13416133 0.00378053777 3.2034632
231 742 1.16026191 0.00386753971 3.21212121
231 742 1.16195881 0.00387319604 3.21212121
231 742 1.16162464 0.00387208215 3.21212121
231 742 1.16322183 0.0038774061 3.21212121
231 742 1.16023489 0.00386744965 3.21212121
231 742 1.16274227 0.00387580757 3.21212121
231 742 1.16168551 0.00387228502 3.21212121
231 742 1.16076296 0.00386920985 3.21212121
230 735 1.13108293 0.00377027643 3.19565217
230 738 1.11810315 0.0037270105 3.20869565
230 740 1.10711537 0.00369038458 3.2173913
230 740 1.10520271 0.00368400904 3.2173913
230 740 1.10769919 0.00369233063 3.2173913
230 740 1.1061508 0.00368716932 3.2173913
SP does not find any fixed points -> SP does not converge.
I am sorry I quit :(
