START ALGORITHM:
I am going to build an instance with N: 1000 variables and 4200 clauses with a clause density equal to 4.2
START DYNAMIC-I BSP WITH r=0.9:
Decimation scorer: cert
END UNIT PROPAGATION
1000 4200 7.49334327 0.00749334327 4.2
1000 4200 7.49346363 0.00749346363 4.2
1000 4200 7.49350105 0.00749350105 4.2
1000 4200 7.49367267 0.00749367267 4.2
1000 4200 7.49369799 0.00749369799 4.2
1000 4200 7.49370058 0.00749370058 4.2
1000 4200 7.49363188 0.00749363188 4.2
1000 4200 7.4936382 0.0074936382 4.2
1000 4200 7.49365058 0.00749365058 4.2
999 4194 7.49367275 0.00749367275 4.1981982
999 4193 7.49366168 0.00749366168 4.1971972
999 4193 7.49365986 0.00749365986 4.1971972
999 4193 7.49364729 0.00749364729 4.1971972
999 4193 7.4936562 0.0074936562 4.1971972
999 4193 7.49365225 0.00749365225 4.1971972
999 4193 7.4936551 0.0074936551 4.1971972
999 4193 7.49365299 0.00749365299 4.1971972
999 4193 7.49365346 0.00749365346 4.1971972
999 4193 7.49365349 0.00749365349 4.1971972
998 4188 7.49365339 0.00749365339 4.19639279
998 4188 7.49365325 0.00749365325 4.19639279
998 4188 7.49365395 0.00749365395 4.19639279
998 4188 7.49365343 0.00749365343 4.19639279
998 4188 7.49365348 0.00749365348 4.19639279
998 4188 7.49365335 0.00749365335 4.19639279
998 4188 7.49365351 0.00749365351 4.19639279
998 4188 7.49365354 0.00749365354 4.19639279
998 4188 7.49365351 0.00749365351 4.19639279
998 4188 7.49365344 0.00749365344 4.19639279
997 4182 7.49365349 0.00749365349 4.19458375
997 4182 7.49365345 0.00749365345 4.19458375
997 4182 7.49365348 0.00749365348 4.19458375
997 4182 7.49365348 0.00749365348 4.19458375
997 4182 7.49365347 0.00749365347 4.19458375
997 4182 7.49365346 0.00749365346 4.19458375
997 4182 7.49365345 0.00749365345 4.19458375
997 4182 7.49365343 0.00749365343 4.19458375
997 4182 7.49365343 0.00749365343 4.19458375
997 4182 7.49365343 0.00749365343 4.19458375
996 4172 7.49358993 0.00749358993 4.18875502
996 4172 7.49359029 0.00749359029 4.18875502
996 4172 7.49359034 0.00749359034 4.18875502
996 4172 7.49359009 0.00749359009 4.18875502
996 4172 7.49358948 0.00749358948 4.18875502
996 4172 7.4935892 0.0074935892 4.18875502
996 4172 7.49358887 0.00749358887 4.18875502
996 4172 7.49358871 0.00749358871 4.18875502
996 4172 7.49358885 0.00749358885 4.18875502
996 4172 7.49358888 0.00749358888 4.18875502
995 4165 7.49251339 0.00749251339 4.18592965
995 4165 7.49251383 0.00749251383 4.18592965
995 4165 7.49251361 0.00749251361 4.18592965
995 4165 7.49251357 0.00749251357 4.18592965
995 4165 7.49251313 0.00749251313 4.18592965
995 4165 7.49251324 0.00749251324 4.18592965
995 4165 7.49251359 0.00749251359 4.18592965
995 4165 7.49251368 0.00749251368 4.18592965
995 4165 7.49251363 0.00749251363 4.18592965
995 4165 7.49251366 0.00749251366 4.18592965
994 4160 7.49023636 0.00749023636 4.18511066
994 4160 7.49023708 0.00749023708 4.18511066
994 4160 7.49023609 0.00749023609 4.18511066
994 4160 7.49023635 0.00749023635 4.18511066
994 4160 7.49023833 0.00749023833 4.18511066
994 4160 7.49023988 0.00749023988 4.18511066
994 4160 7.49024568 0.00749024568 4.18511066
994 4160 7.49024526 0.00749024526 4.18511066
994 4160 7.49024612 0.00749024612 4.18511066
994 4160 7.4902449 0.0074902449 4.18511066
993 4150 7.48761266 0.00748761266 4.17925478
993 4150 7.48760479 0.00748760479 4.17925478
993 4150 7.48758655 0.00748758655 4.17925478
993 4150 7.48758818 0.00748758818 4.17925478
993 4150 7.48759103 0.00748759103 4.17925478
993 4150 7.48759389 0.00748759389 4.17925478
993 4150 7.48759624 0.00748759624 4.17925478
993 4150 7.48759748 0.00748759748 4.17925478
993 4150 7.4875977 0.0074875977 4.17925478
993 4150 7.48759753 0.00748759753 4.17925478
992 4145 7.48415665 0.00748415665 4.17842742
992 4145 7.48415708 0.00748415708 4.17842742
992 4145 7.48415751 0.00748415751 4.17842742
992 4145 7.4841569 0.0074841569 4.17842742
992 4145 7.48415903 0.00748415903 4.17842742
992 4145 7.48415705 0.00748415705 4.17842742
992 4145 7.48415549 0.00748415549 4.17842742
992 4145 7.4841541 0.0074841541 4.17842742
992 4145 7.48415398 0.00748415398 4.17842742
992 4145 7.48415414 0.00748415414 4.17842742
991 4134 7.48053476 0.00748053476 4.1715439
991 4134 7.48054936 0.00748054936 4.1715439
991 4134 7.48056823 0.00748056823 4.1715439
991 4134 7.48057195 0.00748057195 4.1715439
991 4134 7.48057434 0.00748057434 4.1715439
991 4134 7.48057651 0.00748057651 4.1715439
991 4134 7.48057745 0.00748057745 4.1715439
991 4134 7.48057713 0.00748057713 4.1715439
991 4134 7.48057731 0.00748057731 4.1715439
991 4134 7.48057789 0.00748057789 4.1715439
990 4132 7.47581487 0.00747581487 4.17373737
990 4132 7.47579917 0.00747579917 4.17373737
990 4132 7.47578082 0.00747578082 4.17373737
990 4132 7.47577592 0.00747577592 4.17373737
990 4132 7.47577262 0.00747577262 4.17373737
990 4132 7.47577216 0.00747577216 4.17373737
990 4132 7.47577239 0.00747577239 4.17373737
990 4132 7.47577239 0.00747577239 4.17373737
990 4132 7.47577214 0.00747577214 4.17373737
990 4132 7.47577211 0.00747577211 4.17373737
989 4124 7.47035774 0.00747035774 4.16986855
989 4121 7.47435387 0.00747435387 4.16683519
989 4121 7.47435352 0.00747435352 4.16683519
989 4121 7.47436694 0.00747436694 4.16683519
989 4121 7.47437032 0.00747437032 4.16683519
989 4121 7.47437495 0.00747437495 4.16683519
989 4121 7.47437758 0.00747437758 4.16683519
989 4121 7.47438066 0.00747438066 4.16683519
989 4121 7.47438052 0.00747438052 4.16683519
989 4121 7.47438166 0.00747438166 4.16683519
988 4119 7.46964946 0.00746964946 4.16902834
988 4119 7.46963649 0.00746963649 4.16902834
988 4119 7.46963221 0.00746963221 4.16902834
988 4119 7.46962475 0.00746962475 4.16902834
988 4119 7.46961605 0.00746961605 4.16902834
988 4119 7.46961413 0.00746961413 4.16902834
988 4119 7.46961359 0.00746961359 4.16902834
988 4119 7.46961539 0.00746961539 4.16902834
988 4119 7.46961524 0.00746961524 4.16902834
988 4119 7.46961528 0.00746961528 4.16902834
987 4108 7.4636579 0.0074636579 4.1621074
987 4108 7.46364962 0.00746364962 4.1621074
987 4108 7.46365034 0.00746365034 4.1621074
987 4108 7.46363971 0.00746363971 4.1621074
987 4108 7.46363075 0.00746363075 4.1621074
987 4108 7.46362682 0.00746362682 4.1621074
987 4108 7.46363311 0.00746363311 4.1621074
987 4108 7.46363301 0.00746363301 4.1621074
987 4108 7.46363233 0.00746363233 4.1621074
987 4108 7.46363284 0.00746363284 4.1621074
986 4097 7.45711507 0.00745711507 4.15517241
986 4097 7.45714019 0.00745714019 4.15517241
986 4097 7.45717259 0.00745717259 4.15517241
986 4097 7.45716974 0.00745716974 4.15517241
986 4097 7.45717637 0.00745717637 4.15517241
986 4097 7.45718277 0.00745718277 4.15517241
986 4097 7.45718505 0.00745718505 4.15517241
986 4097 7.45718654 0.00745718654 4.15517241
986 4097 7.45718511 0.00745718511 4.15517241
986 4097 7.45718423 0.00745718423 4.15517241
985 4086 7.45007774 0.00745007774 4.14822335
985 4086 7.45005242 0.00745005242 4.14822335
985 4086 7.45003219 0.00745003219 4.14822335
985 4086 7.45000605 0.00745000605 4.14822335
985 4086 7.44999991 0.00744999991 4.14822335
985 4086 7.45002068 0.00745002068 4.14822335
985 4086 7.45003342 0.00745003342 4.14822335
985 4086 7.45003926 0.00745003926 4.14822335
985 4086 7.45004161 0.00745004161 4.14822335
985 4086 7.45004173 0.00745004173 4.14822335
984 4076 7.44229836 0.00744229836 4.14227642
984 4076 7.44227835 0.00744227835 4.14227642
984 4076 7.44226552 0.00744226552 4.14227642
984 4076 7.44225701 0.00744225701 4.14227642
984 4076 7.44224397 0.00744224397 4.14227642
984 4076 7.44223012 0.00744223012 4.14227642
984 4076 7.44221935 0.00744221935 4.14227642
984 4076 7.44221379 0.00744221379 4.14227642
984 4076 7.44221089 0.00744221089 4.14227642
984 4076 7.44220832 0.00744220832 4.14227642
983 4070 7.43431054 0.00743431054 4.14038657
983 4070 7.43441044 0.00743441044 4.14038657
983 4070 7.43436185 0.00743436185 4.14038657
983 4070 7.43437265 0.00743437265 4.14038657
983 4070 7.4343751 0.0074343751 4.14038657
983 4070 7.43438182 0.00743438182 4.14038657
983 4070 7.43438127 0.00743438127 4.14038657
983 4070 7.4343835 0.0074343835 4.14038657
983 4070 7.43438235 0.00743438235 4.14038657
983 4070 7.43438206 0.00743438206 4.14038657
982 4064 7.42637004 0.00742637004 4.13849287
982 4064 7.426401 0.007426401 4.13849287
982 4064 7.42639434 0.00742639434 4.13849287
982 4064 7.42641558 0.00742641558 4.13849287
982 4064 7.42642186 0.00742642186 4.13849287
982 4064 7.426408 0.007426408 4.13849287
982 4064 7.4264033 0.0074264033 4.13849287
982 4064 7.42640838 0.00742640838 4.13849287
982 4064 7.42640872 0.00742640872 4.13849287
982 4064 7.42641046 0.00742641046 4.13849287
981 4053 7.41810882 0.00741810882 4.13149847
981 4053 7.41812534 0.00741812534 4.13149847
981 4053 7.41809824 0.00741809824 4.13149847
981 4053 7.41810119 0.00741810119 4.13149847
981 4053 7.41813285 0.00741813285 4.13149847
981 4053 7.41811954 0.00741811954 4.13149847
981 4053 7.41811585 0.00741811585 4.13149847
981 4053 7.41811666 0.00741811666 4.13149847
981 4053 7.41811834 0.00741811834 4.13149847
981 4053 7.41812015 0.00741812015 4.13149847
980 4048 7.40955087 0.00740955087 4.13061224
980 4048 7.40950027 0.00740950027 4.13061224
980 4048 7.40942725 0.00740942725 4.13061224
980 4048 7.40956697 0.00740956697 4.13061224
980 4048 7.40955585 0.00740955585 4.13061224
980 4048 7.40957922 0.00740957922 4.13061224
980 4048 7.40956334 0.00740956334 4.13061224
980 4048 7.40957449 0.00740957449 4.13061224
980 4048 7.40954984 0.00740954984 4.13061224
980 4048 7.40957094 0.00740957094 4.13061224
979 4036 7.39934687 0.00739934687 4.12257406
979 4036 7.39933147 0.00739933147 4.12257406
979 4036 7.39931038 0.00739931038 4.12257406
979 4036 7.39931469 0.00739931469 4.12257406
979 4036 7.39931243 0.00739931243 4.12257406
979 4036 7.399327 0.007399327 4.12257406
979 4036 7.39933278 0.00739933278 4.12257406
979 4036 7.3993321 0.0073993321 4.12257406
979 4036 7.39933291 0.00739933291 4.12257406
979 4036 7.39933265 0.00739933265 4.12257406
978 4031 7.38838027 0.00738838027 4.12167689
978 4031 7.38836276 0.00738836276 4.12167689
978 4031 7.38834405 0.00738834405 4.12167689
978 4031 7.38832451 0.00738832451 4.12167689
978 4027 7.38822062 0.00738822062 4.11758691
978 4031 7.38834616 0.00738834616 4.12167689
978 4031 7.38834865 0.00738834865 4.12167689
978 4031 7.38833834 0.00738833834 4.12167689
978 4031 7.38833044 0.00738833044 4.12167689
978 4031 7.38832866 0.00738832866 4.12167689
977 4022 7.37767982 0.00737767982 4.11668373
977 4022 7.37769257 0.00737769257 4.11668373
977 4022 7.37769851 0.00737769851 4.11668373
977 4022 7.37766814 0.00737766814 4.11668373
977 4022 7.3777088 0.0073777088 4.11668373
977 4022 7.3776255 0.0073776255 4.11668373
977 4022 7.37769982 0.00737769982 4.11668373
977 4022 7.37767606 0.00737767606 4.11668373
977 4022 7.377725 0.007377725 4.11668373
977 4022 7.37762157 0.00737762157 4.11668373
976 4012 7.36644853 0.00736644853 4.11065574
976 4017 7.36645021 0.00736645021 4.11577869
976 4012 7.3664627 0.0073664627 4.11065574
976 4017 7.36643408 0.00736643408 4.11577869
976 4012 7.36640609 0.00736640609 4.11065574
976 4017 7.36642149 0.00736642149 4.11577869
976 4012 7.36641173 0.00736641173 4.11065574
976 4017 7.36641983 0.00736641983 4.11577869
976 4012 7.3664119 0.0073664119 4.11065574
976 4017 7.36641902 0.00736641902 4.11577869
975 4007 7.35524867 0.00735524867 4.10974359
975 4007 7.35522884 0.00735522884 4.10974359
975 4007 7.35530665 0.00735530665 4.10974359
975 4007 7.35528813 0.00735528813 4.10974359
975 4007 7.35529721 0.00735529721 4.10974359
975 4007 7.35526369 0.00735526369 4.10974359
975 4007 7.35530731 0.00735530731 4.10974359
975 4007 7.35526109 0.00735526109 4.10974359
975 4007 7.35527456 0.00735527456 4.10974359
975 4007 7.35528536 0.00735528536 4.10974359
974 3998 7.34398704 0.00734398704 4.10472279
974 4002 7.34961947 0.00734961947 4.10882957
974 4002 7.34965682 0.00734965682 4.10882957
974 4002 7.34960823 0.00734960823 4.10882957
974 4002 7.34958714 0.00734958714 4.10882957
974 4002 7.34960044 0.00734960044 4.10882957
974 4002 7.34960196 0.00734960196 4.10882957
974 4002 7.34960912 0.00734960912 4.10882957
974 4002 7.34960789 0.00734960789 4.10882957
974 4002 7.34960737 0.00734960737 4.10882957
973 3992 7.33856648 0.00733856648 4.10277492
973 3992 7.33857027 0.00733857027 4.10277492
973 3992 7.33860606 0.00733860606 4.10277492
973 3992 7.33860303 0.00733860303 4.10277492
973 3992 7.33860908 0.00733860908 4.10277492
973 3992 7.33861428 0.00733861428 4.10277492
973 3992 7.3386125 0.0073386125 4.10277492
973 3992 7.33861191 0.00733861191 4.10277492
973 3992 7.33861235 0.00733861235 4.10277492
973 3992 7.33861256 0.00733861256 4.10277492
972 3986 7.32671856 0.00732671856 4.10082305
972 3986 7.32670357 0.00732670357 4.10082305
972 3986 7.32666715 0.00732666715 4.10082305
972 3986 7.32667022 0.00732667022 4.10082305
972 3986 7.3266649 0.0073266649 4.10082305
972 3986 7.32667897 0.00732667897 4.10082305
972 3986 7.32668396 0.00732668396 4.10082305
972 3986 7.32668577 0.00732668577 4.10082305
972 3986 7.32668112 0.00732668112 4.10082305
972 3986 7.32667897 0.00732667897 4.10082305
971 3975 7.31528617 0.00731528617 4.09371782
971 3975 7.31535576 0.00731535576 4.09371782
971 3975 7.3153213 0.0073153213 4.09371782
971 3975 7.31539621 0.00731539621 4.09371782
971 3975 7.31541757 0.00731541757 4.09371782
971 3975 7.31540613 0.00731540613 4.09371782
971 3975 7.31541426 0.00731541426 4.09371782
971 3975 7.31540676 0.00731540676 4.09371782
971 3975 7.31539302 0.00731539302 4.09371782
971 3975 7.31538202 0.00731538202 4.09371782
970 3966 7.30356984 0.00730356984 4.08865979
970 3966 7.30346432 0.00730346432 4.08865979
970 3966 7.3034812 0.0073034812 4.08865979
970 3966 7.3034366 0.0073034366 4.08865979
970 3966 7.30340451 0.00730340451 4.08865979
970 3966 7.30340636 0.00730340636 4.08865979
970 3966 7.3034021 0.0073034021 4.08865979
970 3966 7.30339802 0.00730339802 4.08865979
970 3966 7.30339742 0.00730339742 4.08865979
970 3966 7.30339598 0.00730339598 4.08865979
969 3956 7.29094026 0.00729094026 4.08255934
969 3956 7.29105529 0.00729105529 4.08255934
969 3956 7.29106741 0.00729106741 4.08255934
969 3956 7.29104631 0.00729104631 4.08255934
969 3956 7.29106772 0.00729106772 4.08255934
969 3956 7.29106379 0.00729106379 4.08255934
969 3956 7.29106804 0.00729106804 4.08255934
969 3956 7.29107075 0.00729107075 4.08255934
969 3956 7.29107016 0.00729107016 4.08255934
969 3956 7.29106936 0.00729106936 4.08255934
968 3949 7.27805086 0.00727805086 4.07954545
968 3949 7.27807564 0.00727807564 4.07954545
968 3949 7.27798384 0.00727798384 4.07954545
968 3949 7.27794629 0.00727794629 4.07954545
968 3949 7.27782086 0.00727782086 4.07954545
968 3949 7.27780177 0.00727780177 4.07954545
968 3949 7.27776959 0.00727776959 4.07954545
968 3949 7.27776771 0.00727776771 4.07954545
968 3949 7.27775323 0.00727775323 4.07954545
968 3949 7.27774555 0.00727774555 4.07954545
967 3938 7.26312042 0.00726312042 4.07238883
967 3938 7.2632811 0.0072632811 4.07238883
967 3938 7.2633809 0.0072633809 4.07238883
967 3938 7.26337842 0.00726337842 4.07238883
967 3938 7.26336678 0.00726336678 4.07238883
967 3938 7.26337433 0.00726337433 4.07238883
967 3938 7.26337231 0.00726337231 4.07238883
967 3938 7.26338381 0.00726338381 4.07238883
967 3938 7.26338685 0.00726338685 4.07238883
967 3938 7.26338641 0.00726338641 4.07238883
966 3928 7.24817547 0.00724817547 4.06625259
966 3928 7.24819667 0.00724819667 4.06625259
966 3928 7.24812522 0.00724812522 4.06625259
966 3928 7.24814207 0.00724814207 4.06625259
966 3928 7.24815428 0.00724815428 4.06625259
966 3928 7.2481527 0.0072481527 4.06625259
966 3928 7.24815105 0.00724815105 4.06625259
966 3928 7.24814999 0.00724814999 4.06625259
966 3928 7.24814995 0.00724814995 4.06625259
966 3928 7.24814941 0.00724814941 4.06625259
965 3915 7.2325913 0.0072325913 4.05699482
965 3915 7.23268561 0.00723268561 4.05699482
965 3914 7.23244737 0.00723244737 4.05595855
965 3916 7.23602498 0.00723602498 4.05803109
965 3917 7.23608622 0.00723608622 4.05906736
965 3917 7.23601764 0.00723601764 4.05906736
965 3917 7.2359041 0.0072359041 4.05906736
965 3917 7.23584755 0.00723584755 4.05906736
965 3917 7.23578781 0.00723578781 4.05906736
965 3917 7.23577296 0.00723577296 4.05906736
964 3906 7.2216719 0.0072216719 4.05186722
964 3906 7.2218191 0.0072218191 4.05186722
964 3906 7.22188535 0.00722188535 4.05186722
964 3906 7.22195298 0.00722195298 4.05186722
964 3906 7.22192671 0.00722192671 4.05186722
964 3906 7.22195043 0.00722195043 4.05186722
964 3906 7.22192051 0.00722192051 4.05186722
964 3906 7.22195028 0.00722195028 4.05186722
964 3906 7.22191781 0.00722191781 4.05186722
964 3906 7.2219514 0.0072219514 4.05186722
963 3893 7.2062524 0.0072062524 4.04257529
963 3893 7.20614852 0.00720614852 4.04257529
963 3893 7.20619753 0.00720619753 4.04257529
963 3893 7.20617576 0.00720617576 4.04257529
963 3893 7.20617267 0.00720617267 4.04257529
963 3893 7.20617167 0.00720617167 4.04257529
963 3893 7.20617213 0.00720617213 4.04257529
963 3893 7.2061739 0.0072061739 4.04257529
963 3893 7.20617348 0.00720617348 4.04257529
963 3893 7.20617359 0.00720617359 4.04257529
962 3883 7.19122235 0.00719122235 4.03638254
962 3888 7.20095995 0.00720095995 4.04158004
962 3888 7.20096488 0.00720096488 4.04158004
962 3888 7.20088886 0.00720088886 4.04158004
962 3888 7.20079755 0.00720079755 4.04158004
962 3888 7.20069379 0.00720069379 4.04158004
962 3888 7.20068686 0.00720068686 4.04158004
962 3888 7.20067074 0.00720067074 4.04158004
962 3888 7.20066086 0.00720066086 4.04158004
962 3888 7.20065416 0.00720065416 4.04158004
961 3877 7.18659521 0.00718659521 4.03433923
961 3877 7.18665739 0.00718665739 4.03433923
961 3877 7.18672286 0.00718672286 4.03433923
961 3877 7.18652236 0.00718652236 4.03433923
961 3877 7.18676503 0.00718676503 4.03433923
961 3877 7.18705497 0.00718705497 4.03433923
961 3877 7.18681302 0.00718681302 4.03433923
961 3877 7.18674542 0.00718674542 4.03433923
961 3877 7.18678604 0.00718678604 4.03433923
961 3877 7.18672323 0.00718672323 4.03433923
960 3872 7.17234481 0.00717234481 4.03333333
960 3872 7.17231907 0.00717231907 4.03333333
960 3872 7.17227428 0.00717227428 4.03333333
960 3872 7.17225185 0.00717225185 4.03333333
960 3872 7.17229616 0.00717229616 4.03333333
960 3872 7.17232412 0.00717232412 4.03333333
960 3872 7.17232541 0.00717232541 4.03333333
960 3872 7.17232682 0.00717232682 4.03333333
960 3872 7.17232199 0.00717232199 4.03333333
960 3872 7.17231885 0.00717231885 4.03333333
959 3865 7.15717246 0.00715717246 4.03023983
959 3865 7.15709235 0.00715709235 4.03023983
959 3865 7.15703064 0.00715703064 4.03023983
959 3865 7.15706465 0.00715706465 4.03023983
959 3865 7.15693446 0.00715693446 4.03023983
959 3865 7.15691609 0.00715691609 4.03023983
959 3865 7.15693753 0.00715693753 4.03023983
959 3865 7.1569523 0.0071569523 4.03023983
959 3865 7.15696303 0.00715696303 4.03023983
959 3865 7.15696228 0.00715696228 4.03023983
958 3856 7.14150928 0.00714150928 4.02505219
958 3856 7.14173255 0.00714173255 4.02505219
958 3856 7.14169368 0.00714169368 4.02505219
958 3856 7.14169136 0.00714169136 4.02505219
958 3856 7.14171038 0.00714171038 4.02505219
958 3856 7.14172082 0.00714172082 4.02505219
958 3856 7.14172661 0.00714172661 4.02505219
958 3856 7.14172875 0.00714172875 4.02505219
958 3856 7.14172765 0.00714172765 4.02505219
958 3856 7.14172818 0.00714172818 4.02505219
957 3849 7.12566799 0.00712566799 4.02194357
957 3849 7.12567615 0.00712567615 4.02194357
957 3849 7.12571242 0.00712571242 4.02194357
957 3849 7.12567471 0.00712567471 4.02194357
957 3849 7.1256695 0.0071256695 4.02194357
957 3849 7.12566867 0.00712566867 4.02194357
957 3849 7.12566168 0.00712566168 4.02194357
957 3849 7.12565595 0.00712565595 4.02194357
957 3849 7.12565595 0.00712565595 4.02194357
957 3849 7.12565653 0.00712565653 4.02194357
956 3844 7.10860245 0.00710860245 4.0209205
956 3840 7.11199445 0.00711199445 4.0167364
956 3840 7.11192043 0.00711192043 4.0167364
956 3840 7.11193307 0.00711193307 4.0167364
956 3840 7.1119571 0.0071119571 4.0167364
956 3840 7.11194735 0.00711194735 4.0167364
956 3840 7.11193663 0.00711193663 4.0167364
956 3840 7.11194228 0.00711194228 4.0167364
956 3840 7.11194707 0.00711194707 4.0167364
956 3840 7.11194785 0.00711194785 4.0167364
955 3833 7.09588828 0.00709588828 4.01361257
955 3833 7.09594102 0.00709594102 4.01361257
955 3833 7.09597169 0.00709597169 4.01361257
955 3833 7.09605281 0.00709605281 4.01361257
955 3833 7.09619251 0.00709619251 4.01361257
955 3833 7.09567768 0.00709567768 4.01361257
955 3833 7.09573872 0.00709573872 4.01361257
955 3833 7.0958433 0.0070958433 4.01361257
955 3833 7.09573601 0.00709573601 4.01361257
955 3833 7.0959527 0.0070959527 4.01361257
954 3826 7.0793029 0.0070793029 4.01048218
954 3826 7.07905836 0.00707905836 4.01048218
954 3826 7.07900497 0.00707900497 4.01048218
954 3826 7.0790475 0.0070790475 4.01048218
954 3826 7.0790407 0.0070790407 4.01048218
954 3826 7.07903857 0.00707903857 4.01048218
954 3826 7.07903884 0.00707903884 4.01048218
954 3826 7.07904269 0.00707904269 4.01048218
954 3826 7.07904474 0.00707904474 4.01048218
954 3826 7.07904471 0.00707904471 4.01048218
953 3818 7.06146433 0.00706146433 4.00629591
953 3819 7.06220529 0.00706220529 4.00734523
953 3819 7.06244372 0.00706244372 4.00734523
953 3819 7.06237329 0.00706237329 4.00734523
953 3819 7.06248039 0.00706248039 4.00734523
953 3819 7.06261515 0.00706261515 4.00734523
953 3819 7.06208185 0.00706208185 4.00734523
953 3819 7.06211015 0.00706211015 4.00734523
953 3819 7.06235646 0.00706235646 4.00734523
953 3819 7.06249247 0.00706249247 4.00734523
952 3812 7.04598387 0.00704598387 4.00420168
952 3812 7.04582195 0.00704582195 4.00420168
952 3812 7.04563256 0.00704563256 4.00420168
952 3812 7.04567708 0.00704567708 4.00420168
952 3812 7.04573768 0.00704573768 4.00420168
952 3812 7.04566895 0.00704566895 4.00420168
952 3812 7.04557561 0.00704557561 4.00420168
952 3812 7.04572575 0.00704572575 4.00420168
952 3812 7.04566169 0.00704566169 4.00420168
952 3812 7.04555982 0.00704555982 4.00420168
951 3807 7.02843611 0.00702843611 4.00315457
951 3807 7.02810983 0.00702810983 4.00315457
951 3807 7.02837239 0.00702837239 4.00315457
951 3807 7.02836435 0.00702836435 4.00315457
951 3807 7.02847945 0.00702847945 4.00315457
951 3807 7.0282951 0.0070282951 4.00315457
951 3807 7.02850059 0.00702850059 4.00315457
951 3807 7.02847881 0.00702847881 4.00315457
951 3807 7.0282821 0.0070282821 4.00315457
951 3807 7.02832259 0.00702832259 4.00315457
950 3801 7.01122908 0.00701122908 4.00105263
950 3801 7.01096532 0.00701096532 4.00105263
950 3801 7.01114022 0.00701114022 4.00105263
950 3801 7.01101156 0.00701101156 4.00105263
950 3801 7.01099865 0.00701099865 4.00105263
950 3801 7.01104863 0.00701104863 4.00105263
950 3801 7.01105577 0.00701105577 4.00105263
950 3801 7.01104777 0.00701104777 4.00105263
950 3801 7.01104815 0.00701104815 4.00105263
950 3801 7.01104999 0.00701104999 4.00105263
949 3792 6.99393114 0.00699393114 3.99578504
949 3792 6.99396799 0.00699396799 3.99578504
949 3792 6.9939308 0.0069939308 3.99578504
949 3792 6.99394129 0.00699394129 3.99578504
949 3792 6.99390822 0.00699390822 3.99578504
949 3792 6.99391319 0.00699391319 3.99578504
949 3792 6.99392667 0.00699392667 3.99578504
949 3792 6.99392299 0.00699392299 3.99578504
949 3792 6.99392903 0.00699392903 3.99578504
949 3792 6.99392841 0.00699392841 3.99578504
948 3786 6.9764924 0.0069764924 3.99367089
948 3787 6.97676848 0.00697676848 3.99472574
948 3787 6.97638291 0.00697638291 3.99472574
948 3787 6.97633689 0.00697633689 3.99472574
948 3787 6.97638002 0.00697638002 3.99472574
948 3787 6.9763871 0.0069763871 3.99472574
948 3787 6.97638155 0.00697638155 3.99472574
948 3787 6.97637742 0.00697637742 3.99472574
948 3787 6.97638566 0.00697638566 3.99472574
948 3787 6.97638559 0.00697638559 3.99472574
947 3781 6.95948865 0.00695948865 3.99260824
947 3781 6.95961848 0.00695961848 3.99260824
947 3781 6.95960647 0.00695960647 3.99260824
947 3781 6.95946349 0.00695946349 3.99260824
947 3781 6.95952871 0.00695952871 3.99260824
947 3781 6.95947124 0.00695947124 3.99260824
947 3781 6.95954322 0.00695954322 3.99260824
947 3781 6.95947202 0.00695947202 3.99260824
947 3781 6.95954532 0.00695954532 3.99260824
947 3781 6.95947582 0.00695947582 3.99260824
946 3778 6.9422008 0.0069422008 3.99365751
946 3779 6.94320027 0.00694320027 3.99471459
946 3770 6.94417736 0.00694417736 3.98520085
946 3772 6.9517264 0.0069517264 3.98731501
946 3772 6.95162611 0.00695162611 3.98731501
946 3772 6.95177427 0.00695177427 3.98731501
946 3772 6.95165877 0.00695165877 3.98731501
946 3772 6.9515938 0.0069515938 3.98731501
946 3772 6.95175189 0.00695175189 3.98731501
946 3772 6.9516755 0.0069516755 3.98731501
945 3763 6.93453326 0.00693453326 3.98201058
945 3767 6.93467998 0.00693467998 3.98624339
945 3767 6.93521891 0.00693521891 3.98624339
945 3767 6.93499315 0.00693499315 3.98624339
945 3767 6.93510221 0.00693510221 3.98624339
945 3767 6.93502189 0.00693502189 3.98624339
945 3767 6.93511778 0.00693511778 3.98624339
945 3767 6.93499002 0.00693499002 3.98624339
945 3767 6.93503906 0.00693503906 3.98624339
945 3767 6.93505764 0.00693505764 3.98624339
944 3761 6.91840375 0.00691840375 3.98411017
944 3761 6.91827768 0.00691827768 3.98411017
944 3761 6.91832962 0.00691832962 3.98411017
944 3761 6.91826382 0.00691826382 3.98411017
944 3761 6.91825039 0.00691825039 3.98411017
944 3761 6.91828901 0.00691828901 3.98411017
944 3761 6.91829294 0.00691829294 3.98411017
944 3761 6.91828094 0.00691828094 3.98411017
944 3761 6.91828224 0.00691828224 3.98411017
944 3761 6.91828636 0.00691828636 3.98411017
943 3752 6.90147563 0.00690147563 3.97879109
943 3759 6.9015038 0.0069015038 3.98621421
943 3759 6.90136533 0.00690136533 3.98621421
943 3759 6.9013803 0.0069013803 3.98621421
943 3759 6.90142419 0.00690142419 3.98621421
943 3759 6.90141301 0.00690141301 3.98621421
943 3759 6.90141797 0.00690141797 3.98621421
943 3759 6.90141303 0.00690141303 3.98621421
943 3759 6.90140915 0.00690140915 3.98621421
943 3759 6.90141293 0.00690141293 3.98621421
942 3750 6.88463839 0.00688463839 3.98089172
942 3750 6.88472223 0.00688472223 3.98089172
942 3750 6.88460643 0.00688460643 3.98089172
942 3750 6.88464632 0.00688464632 3.98089172
942 3750 6.88468581 0.00688468581 3.98089172
942 3750 6.88466658 0.00688466658 3.98089172
942 3750 6.88466101 0.00688466101 3.98089172
942 3750 6.88466006 0.00688466006 3.98089172
942 3750 6.88465919 0.00688465919 3.98089172
942 3750 6.88465559 0.00688465559 3.98089172
941 3745 6.86757986 0.00686757986 3.97980871
941 3745 6.8676236 0.0068676236 3.97980871
941 3745 6.86744746 0.00686744746 3.97980871
941 3745 6.86761552 0.00686761552 3.97980871
941 3745 6.86748499 0.00686748499 3.97980871
941 3745 6.86741425 0.00686741425 3.97980871
941 3745 6.86738981 0.00686738981 3.97980871
941 3745 6.86739746 0.00686739746 3.97980871
941 3745 6.86740081 0.00686740081 3.97980871
941 3745 6.86739248 0.00686739248 3.97980871
940 3736 6.84975386 0.00684975386 3.97446809
940 3731 6.84984377 0.00684984377 3.96914894
940 3731 6.84979398 0.00684979398 3.96914894
940 3736 6.85011976 0.00685011976 3.97446809
940 3736 6.85000234 0.00685000234 3.97446809
940 3731 6.84991059 0.00684991059 3.96914894
940 3736 6.85013234 0.00685013234 3.97446809
940 3736 6.8499982 0.0068499982 3.97446809
940 3731 6.84991885 0.00684991885 3.96914894
940 3731 6.849867 0.006849867 3.96914894
939 3729 6.83324353 0.00683324353 3.97124601
939 3720 6.83262078 0.00683262078 3.96166134
939 3729 6.83331037 0.00683331037 3.97124601
939 3729 6.83321533 0.00683321533 3.97124601
939 3720 6.83266176 0.00683266176 3.96166134
939 3729 6.83334345 0.00683334345 3.97124601
939 3729 6.83309863 0.00683309863 3.97124601
939 3720 6.83255033 0.00683255033 3.96166134
939 3729 6.83337824 0.00683337824 3.97124601
939 3729 6.83310968 0.00683310968 3.97124601
938 3721 6.81550274 0.00681550274 3.96695096
938 3718 6.82174133 0.00682174133 3.96375267
938 3718 6.82167563 0.00682167563 3.96375267
938 3721 6.82182374 0.00682182374 3.96695096
938 3718 6.82169674 0.00682169674 3.96375267
938 3718 6.82171139 0.00682171139 3.96375267
938 3721 6.82178848 0.00682178848 3.96695096
938 3725 6.82133896 0.00682133896 3.97121535
938 3718 6.82180178 0.00682180178 3.96375267
938 3718 6.82166123 0.00682166123 3.96375267
937 3716 6.80489816 0.00680489816 3.96584845
937 3720 6.8045693 0.0068045693 3.9701174
937 3716 6.80493656 0.00680493656 3.96584845
937 3716 6.80484338 0.00680484338 3.96584845
937 3716 6.80485121 0.00680485121 3.96584845
937 3716 6.80487288 0.00680487288 3.96584845
937 3716 6.80483999 0.00680483999 3.96584845
937 3716 6.80483503 0.00680483503 3.96584845
937 3716 6.80483667 0.00680483667 3.96584845
937 3716 6.80483421 0.00680483421 3.96584845
936 3712 6.78767519 0.00678767519 3.96581197
936 3712 6.7875453 0.0067875453 3.96581197
936 3712 6.78764652 0.00678764652 3.96581197
936 3705 6.78772915 0.00678772915 3.95833333
936 3705 6.78774685 0.00678774685 3.95833333
936 3705 6.78782799 0.00678782799 3.95833333
936 3705 6.78780528 0.00678780528 3.95833333
936 3705 6.78778236 0.00678778236 3.95833333
936 3705 6.78777608 0.00678777608 3.95833333
936 3705 6.78777966 0.00678777966 3.95833333
935 3701 6.77067734 0.00677067734 3.95828877
935 3701 6.77084849 0.00677084849 3.95828877
935 3701 6.77055155 0.00677055155 3.95828877
935 3701 6.7706442 0.0067706442 3.95828877
935 3701 6.77051724 0.00677051724 3.95828877
935 3701 6.77060409 0.00677060409 3.95828877
935 3701 6.77049684 0.00677049684 3.95828877
935 3701 6.77060714 0.00677060714 3.95828877
935 3701 6.7704647 0.0067704647 3.95828877
935 3701 6.77060373 0.00677060373 3.95828877
934 3690 6.75329169 0.00675329169 3.95074946
934 3690 6.75335818 0.00675335818 3.95074946
934 3690 6.75344642 0.00675344642 3.95074946
934 3690 6.75327971 0.00675327971 3.95074946
934 3690 6.75333503 0.00675333503 3.95074946
934 3688 6.75328046 0.00675328046 3.94860814
934 3688 6.75316755 0.00675316755 3.94860814
934 3688 6.75310824 0.00675310824 3.94860814
934 3690 6.75334353 0.00675334353 3.95074946
934 3690 6.75327872 0.00675327872 3.95074946
933 3683 6.73556332 0.00673556332 3.94748124
933 3683 6.73538617 0.00673538617 3.94748124
933 3687 6.73535183 0.00673535183 3.95176849
933 3683 6.7354616 0.0067354616 3.94748124
933 3677 6.73574918 0.00673574918 3.94105038
933 3677 6.73569474 0.00673569474 3.94105038
933 3681 6.73526435 0.00673526435 3.94533762
933 3681 6.73496984 0.00673496984 3.94533762
933 3677 6.73589436 0.00673589436 3.94105038
933 3677 6.7357246 0.0067357246 3.94105038
932 3670 6.71773987 0.00671773987 3.93776824
932 3674 6.71768506 0.00671768506 3.94206009
932 3677 6.72008918 0.00672008918 3.94527897
932 3677 6.72007332 0.00672007332 3.94527897
932 3677 6.72016364 0.00672016364 3.94527897
932 3677 6.72014394 0.00672014394 3.94527897
932 3677 6.7204165 0.0067204165 3.94527897
932 3677 6.72001305 0.00672001305 3.94527897
932 3677 6.7201964 0.0067201964 3.94527897
932 3677 6.7203967 0.0067203967 3.94527897
931 3666 6.70264872 0.00670264872 3.9377014
931 3666 6.70260591 0.00670260591 3.9377014
931 3666 6.70251687 0.00670251687 3.9377014
931 3666 6.70256453 0.00670256453 3.9377014
931 3670 6.70237794 0.00670237794 3.94199785
931 3670 6.7022521 0.0067022521 3.94199785
931 3666 6.70276227 0.00670276227 3.9377014
931 3666 6.70256641 0.00670256641 3.9377014
931 3666 6.70256667 0.00670256667 3.9377014
931 3666 6.70260082 0.00670260082 3.9377014
930 3659 6.68486772 0.00668486772 3.9344086
930 3659 6.68481655 0.00668481655 3.9344086
930 3659 6.68486323 0.00668486323 3.9344086
930 3659 6.68489066 0.00668489066 3.9344086
930 3659 6.68487518 0.00668487518 3.9344086
930 3659 6.68468827 0.00668468827 3.9344086
930 3663 6.684581 0.006684581 3.93870968
930 3659 6.68475333 0.00668475333 3.9344086
930 3663 6.68444887 0.00668444887 3.93870968
930 3659 6.68468421 0.00668468421 3.9344086
929 3652 6.66696917 0.00666696917 3.93110872
929 3652 6.66701697 0.00666701697 3.93110872
929 3652 6.66698259 0.00666698259 3.93110872
929 3652 6.66697746 0.00666697746 3.93110872
929 3652 6.66698525 0.00666698525 3.93110872
929 3652 6.66686991 0.00666686991 3.93110872
929 3652 6.66701503 0.00666701503 3.93110872
929 3652 6.66687653 0.00666687653 3.93110872
929 3652 6.66700971 0.00666700971 3.93110872
929 3652 6.66687437 0.00666687437 3.93110872
928 3646 6.64869073 0.00664869073 3.92887931
928 3646 6.6488516 0.0066488516 3.92887931
928 3646 6.64880373 0.00664880373 3.92887931
928 3646 6.64876465 0.00664876465 3.92887931
928 3646 6.64880839 0.00664880839 3.92887931
928 3646 6.64883278 0.00664883278 3.92887931
928 3646 6.6488354 0.0066488354 3.92887931
928 3646 6.64882947 0.00664882947 3.92887931
928 3646 6.64882603 0.00664882603 3.92887931
928 3646 6.64882649 0.00664882649 3.92887931
927 3637 6.63062559 0.00663062559 3.92340885
927 3637 6.63029182 0.00663029182 3.92340885
927 3637 6.63032979 0.00663032979 3.92340885
927 3637 6.63038869 0.00663038869 3.92340885
927 3637 6.63043754 0.00663043754 3.92340885
927 3637 6.63045286 0.00663045286 3.92340885
927 3637 6.63045741 0.00663045741 3.92340885
927 3637 6.63046003 0.00663046003 3.92340885
927 3637 6.63046259 0.00663046259 3.92340885
927 3637 6.63046252 0.00663046252 3.92340885
926 3632 6.61222415 0.00661222415 3.92224622
926 3628 6.61330409 0.00661330409 3.91792657
926 3630 6.61343396 0.00661343396 3.92008639
926 3630 6.61358908 0.00661358908 3.92008639
926 3630 6.61357321 0.00661357321 3.92008639
926 3630 6.61363846 0.00661363846 3.92008639
926 3630 6.61365817 0.00661365817 3.92008639
926 3630 6.61365385 0.00661365385 3.92008639
926 3630 6.61365731 0.00661365731 3.92008639
926 3630 6.61365956 0.00661365956 3.92008639
925 3622 6.59554741 0.00659554741 3.91567568
925 3622 6.59530375 0.00659530375 3.91567568
925 3622 6.59531259 0.00659531259 3.91567568
925 3622 6.59545065 0.00659545065 3.91567568
925 3622 6.59539314 0.00659539314 3.91567568
925 3622 6.59547722 0.00659547722 3.91567568
925 3622 6.59536545 0.00659536545 3.91567568
925 3622 6.59547164 0.00659547164 3.91567568
925 3622 6.59536384 0.00659536384 3.91567568
925 3622 6.59546134 0.00659546134 3.91567568
924 3614 6.57641663 0.00657641663 3.91125541
924 3617 6.57659283 0.00657659283 3.91450216
924 3616 6.58729349 0.00658729349 3.91341991
924 3616 6.5874386 0.0065874386 3.91341991
924 3616 6.58737148 0.00658737148 3.91341991
924 3616 6.58742594 0.00658742594 3.91341991
924 3616 6.5874386 0.0065874386 3.91341991
924 3616 6.5874486 0.0065874486 3.91341991
924 3616 6.58745408 0.00658745408 3.91341991
924 3616 6.58745411 0.00658745411 3.91341991
923 3608 6.56939008 0.00656939008 3.90899242
923 3608 6.56920631 0.00656920631 3.90899242
923 3608 6.56911594 0.00656911594 3.90899242
923 3608 6.56908652 0.00656908652 3.90899242
923 3608 6.56909198 0.00656909198 3.90899242
923 3608 6.56909206 0.00656909206 3.90899242
923 3608 6.56910016 0.00656910016 3.90899242
923 3608 6.569103 0.006569103 3.90899242
923 3608 6.56910313 0.00656910313 3.90899242
923 3608 6.56910268 0.00656910268 3.90899242
922 3600 6.55063688 0.00655063688 3.90455531
922 3600 6.55094138 0.00655094138 3.90455531
922 3600 6.55067512 0.00655067512 3.90455531
922 3600 6.5507606 0.0065507606 3.90455531
922 3600 6.55063702 0.00655063702 3.90455531
922 3600 6.55077162 0.00655077162 3.90455531
922 3600 6.55081151 0.00655081151 3.90455531
922 3600 6.55075418 0.00655075418 3.90455531
922 3600 6.55068328 0.00655068328 3.90455531
922 3600 6.55072832 0.00655072832 3.90455531
921 3588 6.53217158 0.00653217158 3.89576547
921 3588 6.53228615 0.00653228615 3.89576547
921 3588 6.53227924 0.00653227924 3.89576547
921 3588 6.53232418 0.00653232418 3.89576547
921 3588 6.5321695 0.0065321695 3.89576547
921 3588 6.53225327 0.00653225327 3.89576547
921 3588 6.53222799 0.00653222799 3.89576547
921 3588 6.53220813 0.00653220813 3.89576547
921 3588 6.5322345 0.0065322345 3.89576547
921 3588 6.53220124 0.00653220124 3.89576547
920 3582 6.51329438 0.00651329438 3.89347826
920 3582 6.51317987 0.00651317987 3.89347826
920 3582 6.5133538 0.0065133538 3.89347826
920 3582 6.51345938 0.00651345938 3.89347826
920 3582 6.51345842 0.00651345842 3.89347826
920 3582 6.51345327 0.00651345327 3.89347826
920 3582 6.51348006 0.00651348006 3.89347826
920 3582 6.51349256 0.00651349256 3.89347826
920 3582 6.51348806 0.00651348806 3.89347826
920 3582 6.51348773 0.00651348773 3.89347826
919 3575 6.49291203 0.00649291203 3.89009793
919 3575 6.49278853 0.00649278853 3.89009793
919 3574 6.49847296 0.00649847296 3.88900979
919 3572 6.49855674 0.00649855674 3.88683351
919 3578 6.49965372 0.00649965372 3.89336235
919 3578 6.49958104 0.00649958104 3.89336235
919 3578 6.49954457 0.00649954457 3.89336235
919 3578 6.49964933 0.00649964933 3.89336235
919 3578 6.49971623 0.00649971623 3.89336235
919 3578 6.4997203 0.0064997203 3.89336235
918 3571 6.48099876 0.00648099876 3.88997821
918 3571 6.48081964 0.00648081964 3.88997821
918 3570 6.48064146 0.00648064146 3.88888889
918 3571 6.48080013 0.00648080013 3.88997821
918 3570 6.48075292 0.00648075292 3.88888889
918 3571 6.4807227 0.0064807227 3.88997821
918 3570 6.48078973 0.00648078973 3.88888889
918 3571 6.48072583 0.00648072583 3.88997821
918 3570 6.48080497 0.00648080497 3.88888889
918 3571 6.48072008 0.00648072008 3.88997821
917 3563 6.46264954 0.00646264954 3.88549618
917 3558 6.46279302 0.00646279302 3.88004362
917 3558 6.4627125 0.0064627125 3.88004362
917 3558 6.46252772 0.00646252772 3.88004362
917 3558 6.46261526 0.00646261526 3.88004362
917 3558 6.46261952 0.00646261952 3.88004362
917 3558 6.46265104 0.00646265104 3.88004362
917 3558 6.46265039 0.00646265039 3.88004362
917 3558 6.46265052 0.00646265052 3.88004362
917 3558 6.46264646 0.00646264646 3.88004362
916 3551 6.44468342 0.00644468342 3.87663755
916 3551 6.44470777 0.00644470777 3.87663755
916 3551 6.44466568 0.00644466568 3.87663755
916 3551 6.44477542 0.00644477542 3.87663755
916 3551 6.44480254 0.00644480254 3.87663755
916 3551 6.44479957 0.00644479957 3.87663755
916 3551 6.44480574 0.00644480574 3.87663755
916 3551 6.44480116 0.00644480116 3.87663755
916 3551 6.44480225 0.00644480225 3.87663755
916 3551 6.44480384 0.00644480384 3.87663755
915 3542 6.42601201 0.00642601201 3.87103825
915 3540 6.42624538 0.00642624538 3.86885246
915 3540 6.43134743 0.00643134743 3.86885246
915 3540 6.43130138 0.00643130138 3.86885246
915 3540 6.43147733 0.00643147733 3.86885246
915 3540 6.43137347 0.00643137347 3.86885246
915 3540 6.43130223 0.00643130223 3.86885246
915 3540 6.4313975 0.0064313975 3.86885246
915 3540 6.43141019 0.00643141019 3.86885246
915 3540 6.43142617 0.00643142617 3.86885246
914 3533 6.41376788 0.00641376788 3.8654267
914 3533 6.41369024 0.00641369024 3.8654267
914 3534 6.41384306 0.00641384306 3.86652079
914 3534 6.41372978 0.00641372978 3.86652079
914 3534 6.4135346 0.0064135346 3.86652079
914 3533 6.41371339 0.00641371339 3.8654267
914 3534 6.41383302 0.00641383302 3.86652079
914 3534 6.41382851 0.00641382851 3.86652079
914 3534 6.4135929 0.0064135929 3.86652079
914 3533 6.41371421 0.00641371421 3.8654267
913 3527 6.39592729 0.00639592729 3.86308872
913 3527 6.39632262 0.00639632262 3.86308872
913 3527 6.39600559 0.00639600559 3.86308872
913 3527 6.39622153 0.00639622153 3.86308872
913 3527 6.39594367 0.00639594367 3.86308872
913 3527 6.39611715 0.00639611715 3.86308872
913 3527 6.39609538 0.00639609538 3.86308872
913 3527 6.39593381 0.00639593381 3.86308872
913 3527 6.39613765 0.00639613765 3.86308872
913 3527 6.39608947 0.00639608947 3.86308872
912 3520 6.37654525 0.00637654525 3.85964912
912 3524 6.3762726 0.0063762726 3.86403509
912 3521 6.37627662 0.00637627662 3.86074561
912 3528 6.37734902 0.00637734902 3.86842105
912 3526 6.37731113 0.00637731113 3.86622807
912 3528 6.37736896 0.00637736896 3.86842105
912 3526 6.37732701 0.00637732701 3.86622807
912 3528 6.37733498 0.00637733498 3.86842105
912 3526 6.37720236 0.00637720236 3.86622807
912 3528 6.37728613 0.00637728613 3.86842105
911 3519 6.35961342 0.00635961342 3.86278814
911 3519 6.35967156 0.00635967156 3.86278814
911 3519 6.35960455 0.00635960455 3.86278814
911 3519 6.35967088 0.00635967088 3.86278814
911 3519 6.35967401 0.00635967401 3.86278814
911 3519 6.35967072 0.00635967072 3.86278814
911 3519 6.35967486 0.00635967486 3.86278814
911 3519 6.35967789 0.00635967789 3.86278814
911 3519 6.3596781 0.0063596781 3.86278814
911 3519 6.35967788 0.00635967788 3.86278814
910 3516 6.34144921 0.00634144921 3.86373626
910 3516 6.34144279 0.00634144279 3.86373626
910 3516 6.34125101 0.00634125101 3.86373626
910 3516 6.34134023 0.00634134023 3.86373626
910 3516 6.34138367 0.00634138367 3.86373626
910 3516 6.34138327 0.00634138327 3.86373626
910 3516 6.3413814 0.0063413814 3.86373626
910 3516 6.34138493 0.00634138493 3.86373626
910 3516 6.34138797 0.00634138797 3.86373626
910 3516 6.34138751 0.00634138751 3.86373626
909 3509 6.32243861 0.00632243861 3.86028603
909 3509 6.32226075 0.00632226075 3.86028603
909 3509 6.32239598 0.00632239598 3.86028603
909 3509 6.32243448 0.00632243448 3.86028603
909 3509 6.32240507 0.00632240507 3.86028603
909 3509 6.32239288 0.00632239288 3.86028603
909 3509 6.32239752 0.00632239752 3.86028603
909 3509 6.32239268 0.00632239268 3.86028603
909 3509 6.32239178 0.00632239178 3.86028603
909 3509 6.32238962 0.00632238962 3.86028603
908 3500 6.3023264 0.0063023264 3.85462555
908 3496 6.3023612 0.0063023612 3.85022026
908 3496 6.3021232 0.0063021232 3.85022026
908 3496 6.30229088 0.00630229088 3.85022026
908 3496 6.30222977 0.00630222977 3.85022026
908 3496 6.3021783 0.0063021783 3.85022026
908 3496 6.30217109 0.00630217109 3.85022026
908 3496 6.30216809 0.00630216809 3.85022026
908 3496 6.30216658 0.00630216658 3.85022026
908 3496 6.30216395 0.00630216395 3.85022026
907 3487 6.28211344 0.00628211344 3.84454245
907 3487 6.28214653 0.00628214653 3.84454245
907 3487 6.28211666 0.00628211666 3.84454245
907 3487 6.28202855 0.00628202855 3.84454245
907 3487 6.28196006 0.00628196006 3.84454245
907 3487 6.2819461 0.0062819461 3.84454245
907 3487 6.28194181 0.00628194181 3.84454245
907 3487 6.28193902 0.00628193902 3.84454245
907 3487 6.28193513 0.00628193513 3.84454245
907 3487 6.28193512 0.00628193512 3.84454245
906 3481 6.26131784 0.00626131784 3.84216336
906 3481 6.26146058 0.00626146058 3.84216336
906 3481 6.26152751 0.00626152751 3.84216336
906 3481 6.26146342 0.00626146342 3.84216336
906 3481 6.26141608 0.00626141608 3.84216336
906 3481 6.26138024 0.00626138024 3.84216336
906 3481 6.26136653 0.00626136653 3.84216336
906 3481 6.26136006 0.00626136006 3.84216336
906 3481 6.26135873 0.00626135873 3.84216336
906 3481 6.26135866 0.00626135866 3.84216336
905 3471 6.23925725 0.00623925725 3.83535912
905 3471 6.2395486 0.0062395486 3.83535912
905 3471 6.23966424 0.00623966424 3.83535912
905 3471 6.23943343 0.00623943343 3.83535912
905 3471 6.23971244 0.00623971244 3.83535912
905 3475 6.23880405 0.00623880405 3.83977901
905 3475 6.24088623 0.00624088623 3.83977901
905 3475 6.24080824 0.00624080824 3.83977901
905 3475 6.24072596 0.00624072596 3.83977901
905 3475 6.24064544 0.00624064544 3.83977901
904 3469 6.21959179 0.00621959179 3.83738938
904 3469 6.21969729 0.00621969729 3.83738938
904 3469 6.21975903 0.00621975903 3.83738938
904 3469 6.21970102 0.00621970102 3.83738938
904 3469 6.21965639 0.00621965639 3.83738938
904 3469 6.21962219 0.00621962219 3.83738938
904 3469 6.21960912 0.00621960912 3.83738938
904 3469 6.21960259 0.00621960259 3.83738938
904 3469 6.21960136 0.00621960136 3.83738938
904 3469 6.21960116 0.00621960116 3.83738938
903 3459 6.1978596 0.0061978596 3.83056478
903 3459 6.19817087 0.00619817087 3.83056478
903 3459 6.19847322 0.00619847322 3.83056478
903 3459 6.19846155 0.00619846155 3.83056478
903 3459 6.19841318 0.00619841318 3.83056478
903 3459 6.1984183 0.0061984183 3.83056478
903 3459 6.19842636 0.00619842636 3.83056478
903 3459 6.19842325 0.00619842325 3.83056478
903 3459 6.19842123 0.00619842123 3.83056478
903 3459 6.19842384 0.00619842384 3.83056478
902 3455 6.17571134 0.00617571134 3.83037694
902 3455 6.17519275 0.00617519275 3.83037694
902 3445 6.17482248 0.00617482248 3.81929047
902 3446 6.17727918 0.00617727918 3.82039911
902 3444 6.1886441 0.0061886441 3.81818182
902 3451 6.19500496 0.00619500496 3.82594235
902 3451 6.1947457 0.0061947457 3.82594235
902 3451 6.19468809 0.00619468809 3.82594235
902 3451 6.19452984 0.00619452984 3.82594235
902 3451 6.19451153 0.00619451153 3.82594235
901 3445 6.17375167 0.00617375167 3.82352941
901 3445 6.17389562 0.00617389562 3.82352941
901 3438 6.17340905 0.00617340905 3.81576027
901 3445 6.17397294 0.00617397294 3.82352941
901 3441 6.17374475 0.00617374475 3.8190899
901 3445 6.17386917 0.00617386917 3.82352941
901 3445 6.17383159 0.00617383159 3.82352941
901 3445 6.17380222 0.00617380222 3.82352941
901 3445 6.17378948 0.00617378948 3.82352941
901 3445 6.17378941 0.00617378941 3.82352941
900 3435 6.15292277 0.00615292277 3.81666667
900 3432 6.15333147 0.00615333147 3.81333333
900 3432 6.15334375 0.00615334375 3.81333333
900 3432 6.153345 0.006153345 3.81333333
900 3432 6.15336609 0.00615336609 3.81333333
900 3432 6.15336848 0.00615336848 3.81333333
900 3432 6.15337046 0.00615337046 3.81333333
900 3432 6.15337052 0.00615337052 3.81333333
900 3432 6.15337195 0.00615337195 3.81333333
900 3432 6.15337391 0.00615337391 3.81333333
899 3422 6.13219254 0.00613219254 3.80645161
899 3422 6.13273804 0.00613273804 3.80645161
899 3422 6.13242345 0.00613242345 3.80645161
899 3422 6.13252253 0.00613252253 3.80645161
899 3422 6.13225094 0.00613225094 3.80645161
899 3422 6.13258019 0.00613258019 3.80645161
899 3422 6.13226442 0.00613226442 3.80645161
899 3422 6.13240325 0.00613240325 3.80645161
899 3422 6.13252981 0.00613252981 3.80645161
899 3422 6.1322323 0.0061322323 3.80645161
898 3414 6.1104693 0.0061104693 3.80178174
898 3420 6.12041425 0.00612041425 3.80846325
898 3420 6.12032277 0.00612032277 3.80846325
898 3420 6.12038152 0.00612038152 3.80846325
898 3420 6.12047289 0.00612047289 3.80846325
898 3420 6.12028784 0.00612028784 3.80846325
898 3420 6.12046364 0.00612046364 3.80846325
898 3420 6.12030878 0.00612030878 3.80846325
898 3420 6.1204904 0.0061204904 3.80846325
898 3420 6.12030278 0.00612030278 3.80846325
897 3414 6.09957587 0.00609957587 3.80602007
897 3414 6.09933045 0.00609933045 3.80602007
897 3414 6.09926394 0.00609926394 3.80602007
897 3410 6.09961787 0.00609961787 3.80156076
897 3410 6.09924708 0.00609924708 3.80156076
897 3410 6.09933829 0.00609933829 3.80156076
897 3410 6.09937181 0.00609937181 3.80156076
897 3410 6.09932085 0.00609932085 3.80156076
897 3410 6.09932649 0.00609932649 3.80156076
897 3410 6.09932872 0.00609932872 3.80156076
896 3404 6.0783818 0.0060783818 3.79910714
896 3404 6.07833435 0.00607833435 3.79910714
896 3404 6.07880511 0.00607880511 3.79910714
896 3404 6.07894103 0.00607894103 3.79910714
896 3404 6.07891896 0.00607891896 3.79910714
896 3404 6.07888499 0.00607888499 3.79910714
896 3404 6.07886607 0.00607886607 3.79910714
896 3404 6.07885335 0.00607885335 3.79910714
896 3404 6.07883955 0.00607883955 3.79910714
896 3404 6.07883491 0.00607883491 3.79910714
895 3395 6.05759849 0.00605759849 3.79329609
895 3398 6.0592878 0.0060592878 3.79664804
895 3398 6.05878769 0.00605878769 3.79664804
895 3398 6.05894961 0.00605894961 3.79664804
895 3398 6.05902931 0.00605902931 3.79664804
895 3398 6.05900555 0.00605900555 3.79664804
895 3398 6.05896827 0.00605896827 3.79664804
895 3398 6.05896739 0.00605896739 3.79664804
895 3398 6.05897293 0.00605897293 3.79664804
895 3398 6.05897076 0.00605897076 3.79664804
894 3385 6.03749008 0.00603749008 3.78635347
894 3385 6.0373682 0.0060373682 3.78635347
894 3385 6.03726781 0.00603726781 3.78635347
894 3385 6.0370081 0.0060370081 3.78635347
894 3385 6.0371686 0.0060371686 3.78635347
894 3385 6.03752448 0.00603752448 3.78635347
894 3385 6.03731346 0.00603731346 3.78635347
894 3385 6.03733062 0.00603733062 3.78635347
894 3385 6.03727691 0.00603727691 3.78635347
894 3385 6.03721142 0.00603721142 3.78635347
893 3380 6.01465967 0.00601465967 3.7849944
893 3386 6.01990859 0.00601990859 3.79171333
893 3386 6.0199458 0.0060199458 3.79171333
893 3386 6.01992105 0.00601992105 3.79171333
893 3386 6.02014964 0.00602014964 3.79171333
893 3386 6.01995171 0.00601995171 3.79171333
893 3386 6.01986122 0.00601986122 3.79171333
893 3386 6.01982713 0.00601982713 3.79171333
893 3386 6.01987182 0.00601987182 3.79171333
893 3386 6.01986924 0.00601986924 3.79171333
892 3378 5.99811361 0.00599811361 3.78699552
892 3373 5.9976865 0.0059976865 3.78139013
892 3373 5.99802516 0.00599802516 3.78139013
892 3373 5.99810053 0.00599810053 3.78139013
892 3373 5.99807034 0.00599807034 3.78139013
892 3373 5.99801714 0.00599801714 3.78139013
892 3373 5.9979783 0.0059979783 3.78139013
892 3373 5.99796606 0.00599796606 3.78139013
892 3373 5.99796132 0.00599796132 3.78139013
892 3373 5.99796802 0.00599796802 3.78139013
891 3365 5.97612722 0.00597612722 3.77665544
891 3365 5.97623167 0.00597623167 3.77665544
891 3365 5.97600621 0.00597600621 3.77665544
891 3365 5.97642348 0.00597642348 3.77665544
891 3365 5.97626229 0.00597626229 3.77665544
891 3365 5.97620234 0.00597620234 3.77665544
891 3365 5.97639756 0.00597639756 3.77665544
891 3365 5.97629117 0.00597629117 3.77665544
891 3365 5.97623203 0.00597623203 3.77665544
891 3365 5.97640135 0.00597640135 3.77665544
890 3361 5.95365507 0.00595365507 3.77640449
890 3361 5.95311157 0.00595311157 3.77640449
890 3358 5.95367803 0.00595367803 3.77303371
890 3358 5.95397182 0.00595397182 3.77303371
890 3358 5.95387932 0.00595387932 3.77303371
890 3358 5.95383188 0.00595383188 3.77303371
890 3358 5.95385465 0.00595385465 3.77303371
890 3358 5.95387031 0.00595387031 3.77303371
890 3358 5.95386238 0.00595386238 3.77303371
890 3358 5.95386087 0.00595386087 3.77303371
889 3354 5.93132696 0.00593132696 3.7727784
889 3355 5.9311136 0.0059311136 3.77390326
889 3358 5.93074908 0.00593074908 3.77727784
889 3355 5.93108029 0.00593108029 3.77390326
889 3355 5.93119641 0.00593119641 3.77390326
889 3355 5.93133311 0.00593133311 3.77390326
889 3355 5.93117399 0.00593117399 3.77390326
889 3355 5.93117383 0.00593117383 3.77390326
889 3355 5.93134409 0.00593134409 3.77390326
889 3355 5.93121622 0.00593121622 3.77390326
888 3351 5.90930648 0.00590930648 3.77364865
888 3351 5.90941277 0.00590941277 3.77364865
888 3351 5.90885018 0.00590885018 3.77364865
888 3351 5.90903874 0.00590903874 3.77364865
888 3351 5.90929963 0.00590929963 3.77364865
888 3351 5.90908668 0.00590908668 3.77364865
888 3351 5.90916409 0.00590916409 3.77364865
888 3351 5.90908393 0.00590908393 3.77364865
888 3351 5.90907788 0.00590907788 3.77364865
888 3351 5.9092142 0.0059092142 3.77364865
887 3346 5.88740627 0.00588740627 3.77226607
887 3346 5.88742096 0.00588742096 3.77226607
887 3349 5.88817618 0.00588817618 3.77564825
887 3349 5.8880717 0.0058880717 3.77564825
887 3348 5.8878594 0.0058878594 3.77452086
887 3348 5.88749475 0.00588749475 3.77452086
887 3348 5.88751424 0.00588751424 3.77452086
887 3348 5.88769968 0.00588769968 3.77452086
887 3348 5.88756957 0.00588756957 3.77452086
887 3348 5.88754826 0.00588754826 3.77452086
886 3344 5.8666412 0.0058666412 3.77426637
886 3344 5.86651008 0.00586651008 3.77426637
886 3344 5.86646148 0.00586646148 3.77426637
886 3344 5.86641403 0.00586641403 3.77426637
886 3344 5.8664181 0.0058664181 3.77426637
886 3344 5.86642784 0.00586642784 3.77426637
886 3344 5.86642825 0.00586642825 3.77426637
886 3344 5.86642967 0.00586642967 3.77426637
886 3344 5.86643046 0.00586643046 3.77426637
886 3344 5.8664307 0.0058664307 3.77426637
885 3340 5.84340547 0.00584340547 3.7740113
885 3343 5.84958175 0.00584958175 3.77740113
885 3338 5.86581567 0.00586581567 3.77175141
885 3337 5.86872139 0.00586872139 3.77062147
885 3338 5.87129549 0.00587129549 3.77175141
885 3342 5.87281134 0.00587281134 3.77627119
885 3342 5.87231521 0.00587231521 3.77627119
885 3342 5.87230083 0.00587230083 3.77627119
885 3342 5.87249836 0.00587249836 3.77627119
885 3342 5.87242365 0.00587242365 3.77627119
884 3335 5.85068432 0.00585068432 3.77262443
884 3335 5.85043289 0.00585043289 3.77262443
884 3332 5.85025099 0.00585025099 3.76923077
884 3333 5.85048016 0.00585048016 3.77036199
884 3333 5.850343 0.005850343 3.77036199
884 3337 5.8506955 0.0058506955 3.77488688
884 3333 5.85047772 0.00585047772 3.77036199
884 3333 5.85039359 0.00585039359 3.77036199
884 3337 5.85056564 0.00585056564 3.77488688
884 3333 5.8503989 0.0058503989 3.77036199
883 3327 5.82940592 0.00582940592 3.76783692
883 3327 5.82918357 0.00582918357 3.76783692
883 3327 5.82931623 0.00582931623 3.76783692
883 3327 5.82938323 0.00582938323 3.76783692
883 3327 5.8294291 0.0058294291 3.76783692
883 3327 5.82945994 0.00582945994 3.76783692
883 3327 5.82944955 0.00582944955 3.76783692
883 3327 5.82942574 0.00582942574 3.76783692
883 3327 5.82948737 0.00582948737 3.76783692
883 3327 5.82942689 0.00582942689 3.76783692
882 3320 5.80821979 0.00580821979 3.76417234
882 3320 5.80800493 0.00580800493 3.76417234
882 3320 5.80790719 0.00580790719 3.76417234
882 3320 5.80829157 0.00580829157 3.76417234
882 3320 5.8081029 0.0058081029 3.76417234
882 3320 5.80841033 0.00580841033 3.76417234
882 3320 5.80812579 0.00580812579 3.76417234
882 3320 5.80835061 0.00580835061 3.76417234
882 3320 5.80808421 0.00580808421 3.76417234
882 3320 5.80831889 0.00580831889 3.76417234
881 3309 5.78561468 0.00578561468 3.75595914
881 3307 5.78778539 0.00578778539 3.75368899
881 3310 5.78784995 0.00578784995 3.75709421
881 3310 5.78771801 0.00578771801 3.75709421
881 3310 5.78774809 0.00578774809 3.75709421
881 3310 5.78760594 0.00578760594 3.75709421
881 3310 5.78760107 0.00578760107 3.75709421
881 3310 5.78776046 0.00578776046 3.75709421
881 3310 5.78768803 0.00578768803 3.75709421
881 3310 5.78758811 0.00578758811 3.75709421
880 3303 5.76704176 0.00576704176 3.75340909
880 3301 5.76674219 0.00576674219 3.75113636
880 3303 5.76736517 0.00576736517 3.75340909
880 3301 5.76692546 0.00576692546 3.75113636
880 3303 5.76761007 0.00576761007 3.75340909
880 3303 5.7672789 0.0057672789 3.75340909
880 3301 5.76670744 0.00576670744 3.75113636
880 3303 5.76747922 0.00576747922 3.75340909
880 3301 5.76693113 0.00576693113 3.75113636
880 3303 5.76761922 0.00576761922 3.75340909
879 3292 5.74535703 0.00574535703 3.74516496
879 3297 5.74593782 0.00574593782 3.75085324
879 3297 5.74588644 0.00574588644 3.75085324
879 3297 5.74576891 0.00574576891 3.75085324
879 3297 5.74607534 0.00574607534 3.75085324
879 3297 5.74581 0.00574581 3.75085324
879 3297 5.74622661 0.00574622661 3.75085324
879 3297 5.74616306 0.00574616306 3.75085324
879 3297 5.74572177 0.00574572177 3.75085324
879 3297 5.74610829 0.00574610829 3.75085324
878 3293 5.72369311 0.00572369311 3.75056948
878 3293 5.72370873 0.00572370873 3.75056948
878 3295 5.72365464 0.00572365464 3.75284738
878 3295 5.72361025 0.00572361025 3.75284738
878 3289 5.72407608 0.00572407608 3.74601367
878 3289 5.72443008 0.00572443008 3.74601367
878 3289 5.72431047 0.00572431047 3.74601367
878 3289 5.72430496 0.00572430496 3.74601367
878 3289 5.72435878 0.00572435878 3.74601367
878 3289 5.72434522 0.00572434522 3.74601367
877 3285 5.70340548 0.00570340548 3.74572406
877 3285 5.70299362 0.00570299362 3.74572406
877 3285 5.7031723 0.0057031723 3.74572406
877 3285 5.70310783 0.00570310783 3.74572406
877 3285 5.70316939 0.00570316939 3.74572406
877 3285 5.70312538 0.00570312538 3.74572406
877 3285 5.70297559 0.00570297559 3.74572406
877 3285 5.70269756 0.00570269756 3.74572406
877 3285 5.70348803 0.00570348803 3.74572406
877 3285 5.70311437 0.00570311437 3.74572406
876 3274 5.68114931 0.00568114931 3.73744292
876 3274 5.68116685 0.00568116685 3.73744292
876 3274 5.68075959 0.00568075959 3.73744292
876 3274 5.68064825 0.00568064825 3.73744292
876 3274 5.68066915 0.00568066915 3.73744292
876 3274 5.68114295 0.00568114295 3.73744292
876 3274 5.68101334 0.00568101334 3.73744292
876 3274 5.6810527 0.0056810527 3.73744292
876 3274 5.68081206 0.00568081206 3.73744292
876 3274 5.6812271 0.0056812271 3.73744292
875 3266 5.65825922 0.00565825922 3.73257143
875 3266 5.65730265 0.00565730265 3.73257143
875 3266 5.65728682 0.00565728682 3.73257143
875 3266 5.65755912 0.00565755912 3.73257143
875 3266 5.65805426 0.00565805426 3.73257143
875 3266 5.65786071 0.00565786071 3.73257143
875 3266 5.65702163 0.00565702163 3.73257143
875 3266 5.65789169 0.00565789169 3.73257143
875 3266 5.6577096 0.0056577096 3.73257143
875 3266 5.65736702 0.00565736702 3.73257143
874 3258 5.63402868 0.00563402868 3.72768879
874 3258 5.63435984 0.00563435984 3.72768879
874 3258 5.6343268 0.0056343268 3.72768879
874 3258 5.6342649 0.0056342649 3.72768879
874 3258 5.63426666 0.00563426666 3.72768879
874 3258 5.63426368 0.00563426368 3.72768879
874 3258 5.63429568 0.00563429568 3.72768879
874 3258 5.63427785 0.00563427785 3.72768879
874 3258 5.63427831 0.00563427831 3.72768879
874 3258 5.63427318 0.00563427318 3.72768879
873 3251 5.61110939 0.00561110939 3.72394044
873 3256 5.61256847 0.00561256847 3.72966781
873 3254 5.61339898 0.00561339898 3.72737686
873 3254 5.61316183 0.00561316183 3.72737686
873 3254 5.61368496 0.00561368496 3.72737686
873 3253 5.61412143 0.00561412143 3.72623139
873 3256 5.62823079 0.00562823079 3.72966781
873 3256 5.63565266 0.00563565266 3.72966781
873 3259 5.63741373 0.00563741373 3.73310424
873 3259 5.6368852 0.0056368852 3.73310424
872 3255 5.61604058 0.00561604058 3.73279817
872 3252 5.61675514 0.00561675514 3.7293578
872 3252 5.61673395 0.00561673395 3.7293578
872 3252 5.61679231 0.00561679231 3.7293578
872 3252 5.61680653 0.00561680653 3.7293578
872 3252 5.6167989 0.0056167989 3.7293578
872 3252 5.61711711 0.00561711711 3.7293578
872 3252 5.61710571 0.00561710571 3.7293578
872 3252 5.61668041 0.00561668041 3.7293578
872 3252 5.61688842 0.00561688842 3.7293578
871 3248 5.59561253 0.00559561253 3.72904707
871 3248 5.59609456 0.00559609456 3.72904707
871 3248 5.59559422 0.00559559422 3.72904707
871 3245 5.59595009 0.00559595009 3.72560276
871 3245 5.59573921 0.00559573921 3.72560276
871 3245 5.59574917 0.00559574917 3.72560276
871 3245 5.59561974 0.00559561974 3.72560276
871 3245 5.59566387 0.00559566387 3.72560276
871 3245 5.59576868 0.00559576868 3.72560276
871 3245 5.59566516 0.00559566516 3.72560276
870 3241 5.57465965 0.00557465965 3.72528736
870 3241 5.57475384 0.00557475384 3.72528736
870 3240 5.57433038 0.00557433038 3.72413793
870 3237 5.57455708 0.00557455708 3.72068966
870 3237 5.57431725 0.00557431725 3.72068966
870 3240 5.57437957 0.00557437957 3.72413793
870 3240 5.57431265 0.00557431265 3.72413793
870 3237 5.57450343 0.00557450343 3.72068966
870 3237 5.57455406 0.00557455406 3.72068966
870 3237 5.57433259 0.00557433259 3.72068966
869 3233 5.5532813 0.0055532813 3.72036824
869 3233 5.55364307 0.00555364307 3.72036824
869 3233 5.55323473 0.00555323473 3.72036824
869 3233 5.55317218 0.00555317218 3.72036824
869 3233 5.55367804 0.00555367804 3.72036824
869 3229 5.55332198 0.00555332198 3.71576525
869 3229 5.5533688 0.0055533688 3.71576525
869 3233 5.55318286 0.00555318286 3.72036824
869 3233 5.55327508 0.00555327508 3.72036824
869 3229 5.55357952 0.00555357952 3.71576525
868 3225 5.53105381 0.00553105381 3.71543779
868 3225 5.53157125 0.00553157125 3.71543779
868 3225 5.53137132 0.00553137132 3.71543779
868 3225 5.5305246 0.0055305246 3.71543779
868 3225 5.5317296 0.0055317296 3.71543779
868 3223 5.53081513 0.00553081513 3.71313364
868 3225 5.53149942 0.00553149942 3.71543779
868 3225 5.53135396 0.00553135396 3.71543779
868 3225 5.53146986 0.00553146986 3.71543779
868 3227 5.53087145 0.00553087145 3.71774194
867 3219 5.50874966 0.00550874966 3.71280277
867 3217 5.50918416 0.00550918416 3.71049596
867 3217 5.50908498 0.00550908498 3.71049596
867 3217 5.50865783 0.00550865783 3.71049596
867 3217 5.50888577 0.00550888577 3.71049596
867 3217 5.50890989 0.00550890989 3.71049596
867 3217 5.5087997 0.0055087997 3.71049596
867 3217 5.50871422 0.00550871422 3.71049596
867 3217 5.5083263 0.0055083263 3.71049596
867 3219 5.50899694 0.00550899694 3.71280277
866 3213 5.48592317 0.00548592317 3.71016166
866 3211 5.48627413 0.00548627413 3.70785219
866 3211 5.486302 0.005486302 3.70785219
866 3213 5.48635765 0.00548635765 3.71016166
866 3211 5.48613803 0.00548613803 3.70785219
866 3211 5.48659813 0.00548659813 3.70785219
866 3213 5.48634735 0.00548634735 3.71016166
866 3213 5.48615439 0.00548615439 3.71016166
866 3211 5.48633597 0.00548633597 3.70785219
866 3211 5.48609882 0.00548609882 3.70785219
865 3205 5.46380218 0.00546380218 3.70520231
865 3204 5.46369344 0.00546369344 3.70404624
865 3201 5.4648939 0.0054648939 3.70057803
865 3201 5.46435136 0.00546435136 3.70057803
865 3201 5.46469107 0.00546469107 3.70057803
865 3204 5.46440799 0.00546440799 3.70404624
865 3202 5.46401601 0.00546401601 3.7017341
865 3202 5.46410829 0.00546410829 3.7017341
865 3202 5.4640225 0.0054640225 3.7017341
865 3202 5.46368644 0.00546368644 3.7017341
864 3198 5.44179391 0.00544179391 3.70138889
864 3196 5.4417072 0.0054417072 3.69907407
864 3196 5.44188631 0.00544188631 3.69907407
864 3196 5.44164457 0.00544164457 3.69907407
864 3198 5.44180945 0.00544180945 3.70138889
864 3198 5.44166003 0.00544166003 3.70138889
864 3196 5.44186309 0.00544186309 3.69907407
864 3198 5.44181583 0.00544181583 3.70138889
864 3196 5.44171587 0.00544171587 3.69907407
864 3198 5.44198693 0.00544198693 3.70138889
863 3190 5.41936873 0.00541936873 3.69640788
863 3190 5.41903452 0.00541903452 3.69640788
863 3190 5.41949552 0.00541949552 3.69640788
863 3190 5.41877981 0.00541877981 3.69640788
863 3190 5.41967065 0.00541967065 3.69640788
863 3190 5.41925482 0.00541925482 3.69640788
863 3190 5.4190969 0.0054190969 3.69640788
863 3190 5.418978 0.005418978 3.69640788
863 3190 5.41889385 0.00541889385 3.69640788
863 3190 5.41891665 0.00541891665 3.69640788
862 3186 5.39513586 0.00539513586 3.69605568
862 3186 5.39500458 0.00539500458 3.69605568
862 3179 5.39499782 0.00539499782 3.68793503
862 3179 5.40910927 0.00540910927 3.68793503
862 3179 5.40902126 0.00540902126 3.68793503
862 3181 5.41187707 0.00541187707 3.69025522
862 3181 5.41182742 0.00541182742 3.69025522
862 3181 5.41199128 0.00541199128 3.69025522
862 3181 5.41193663 0.00541193663 3.69025522
862 3181 5.41195291 0.00541195291 3.69025522
861 3173 5.38978397 0.00538978397 3.68524971
861 3173 5.38958594 0.00538958594 3.68524971
861 3173 5.38948844 0.00538948844 3.68524971
861 3173 5.38929764 0.00538929764 3.68524971
861 3173 5.38922215 0.00538922215 3.68524971
861 3173 5.38918271 0.00538918271 3.68524971
861 3173 5.38916195 0.00538916195 3.68524971
861 3173 5.38915218 0.00538915218 3.68524971
861 3173 5.38914927 0.00538914927 3.68524971
861 3173 5.38915006 0.00538915006 3.68524971
860 3168 5.36553106 0.00536553106 3.68372093
860 3168 5.36578626 0.00536578626 3.68372093
860 3168 5.36590671 0.00536590671 3.68372093
860 3168 5.36586132 0.00536586132 3.68372093
860 3168 5.36589163 0.00536589163 3.68372093
860 3168 5.36577188 0.00536577188 3.68372093
860 3168 5.36604649 0.00536604649 3.68372093
860 3168 5.36609046 0.00536609046 3.68372093
860 3168 5.36616464 0.00536616464 3.68372093
860 3168 5.36587628 0.00536587628 3.68372093
859 3164 5.34142265 0.00534142265 3.68335274
859 3162 5.34231961 0.00534231961 3.68102445
859 3164 5.34161843 0.00534161843 3.68335274
859 3164 5.34218394 0.00534218394 3.68335274
859 3164 5.34200141 0.00534200141 3.68335274
859 3164 5.34231755 0.00534231755 3.68335274
859 3164 5.3423413 0.0053423413 3.68335274
859 3164 5.3417181 0.0053417181 3.68335274
859 3162 5.34179255 0.00534179255 3.68102445
859 3164 5.34133579 0.00534133579 3.68335274
858 3160 5.3175145 0.0053175145 3.68298368
858 3158 5.31856789 0.00531856789 3.68065268
858 3158 5.31883881 0.00531883881 3.68065268
858 3158 5.31802584 0.00531802584 3.68065268
858 3158 5.31869651 0.00531869651 3.68065268
858 3158 5.31815459 0.00531815459 3.68065268
858 3158 5.31740604 0.00531740604 3.68065268
858 3158 5.31742812 0.00531742812 3.68065268
858 3158 5.31802861 0.00531802861 3.68065268
858 3158 5.31891026 0.00531891026 3.68065268
857 3154 5.2935849 0.0052935849 3.68028005
857 3154 5.29425565 0.00529425565 3.68028005
857 3152 5.29318493 0.00529318493 3.67794632
857 3152 5.29322998 0.00529322998 3.67794632
857 3152 5.29317129 0.00529317129 3.67794632
857 3152 5.29347949 0.00529347949 3.67794632
857 3152 5.29393142 0.00529393142 3.67794632
857 3152 5.29289914 0.00529289914 3.67794632
857 3152 5.29458719 0.00529458719 3.67794632
857 3152 5.2931711 0.0052931711 3.67794632
856 3148 5.26968494 0.00526968494 3.67757009
856 3145 5.2688432 0.0052688432 3.67406542
856 3148 5.26946182 0.00526946182 3.67757009
856 3145 5.26888588 0.00526888588 3.67406542
856 3145 5.26861634 0.00526861634 3.67406542
856 3145 5.26824106 0.00526824106 3.67406542
856 3148 5.26942982 0.00526942982 3.67757009
856 3148 5.26892665 0.00526892665 3.67757009
856 3145 5.26848929 0.00526848929 3.67406542
856 3148 5.26929769 0.00526929769 3.67757009
855 3141 5.24312528 0.00524312528 3.67368421
855 3136 5.24313403 0.00524313403 3.66783626
855 3136 5.24340634 0.00524340634 3.66783626
855 3138 5.24319184 0.00524319184 3.67017544
855 3138 5.24373227 0.00524373227 3.67017544
855 3136 5.24347975 0.00524347975 3.66783626
855 3138 5.24273112 0.00524273112 3.67017544
855 3138 5.24277421 0.00524277421 3.67017544
855 3136 5.24343395 0.00524343395 3.66783626
855 3136 5.24381394 0.00524381394 3.66783626
854 3129 5.21882652 0.00521882652 3.66393443
854 3129 5.21911283 0.00521911283 3.66393443
854 3129 5.21915739 0.00521915739 3.66393443
854 3129 5.21904914 0.00521904914 3.66393443
854 3129 5.21997056 0.00521997056 3.66393443
854 3129 5.21909658 0.00521909658 3.66393443
854 3129 5.21917192 0.00521917192 3.66393443
854 3129 5.21892789 0.00521892789 3.66393443
854 3129 5.21958098 0.00521958098 3.66393443
854 3129 5.218618 0.005218618 3.66393443
853 3125 5.19430763 0.00519430763 3.66354045
853 3126 5.19287054 0.00519287054 3.66471278
853 3125 5.19290971 0.00519290971 3.66354045
853 3123 5.19207434 0.00519207434 3.66119578
853 3125 5.19335774 0.00519335774 3.66354045
853 3126 5.19368655 0.00519368655 3.66471278
853 3126 5.19391568 0.00519391568 3.66471278
853 3125 5.19345686 0.00519345686 3.66354045
853 3123 5.19251133 0.00519251133 3.66119578
853 3125 5.19309474 0.00519309474 3.66354045
852 3122 5.16734988 0.00516734988 3.66431925
852 3121 5.16725219 0.00516725219 3.66314554
852 3122 5.16796963 0.00516796963 3.66431925
852 3120 5.16752688 0.00516752688 3.66197183
852 3120 5.1670112 0.0051670112 3.66197183
852 3120 5.16620103 0.00516620103 3.66197183
852 3122 5.16697058 0.00516697058 3.66431925
852 3113 5.16759248 0.00516759248 3.65375587
852 3113 5.16970851 0.00516970851 3.65375587
852 3113 5.17011987 0.00517011987 3.65375587
851 3109 5.14466923 0.00514466923 3.653349
851 3106 5.14521218 0.00514521218 3.64982374
851 3106 5.14500914 0.00514500914 3.64982374
851 3106 5.14494427 0.00514494427 3.64982374
851 3111 5.14480752 0.00514480752 3.65569918
851 3111 5.14448051 0.00514448051 3.65569918
851 3106 5.14507927 0.00514507927 3.64982374
851 3106 5.14546242 0.00514546242 3.64982374
851 3106 5.14473017 0.00514473017 3.64982374
851 3106 5.14493856 0.00514493856 3.64982374
850 3102 5.11978855 0.00511978855 3.64941176
850 3099 5.12005425 0.00512005425 3.64588235
850 3096 5.12349254 0.00512349254 3.64235294
850 3099 5.12555269 0.00512555269 3.64588235
850 3103 5.12822118 0.00512822118 3.65058824
850 3103 5.12792226 0.00512792226 3.65058824
850 3103 5.12757904 0.00512757904 3.65058824
850 3101 5.12672283 0.00512672283 3.64823529
850 3103 5.12799304 0.00512799304 3.65058824
850 3103 5.12773147 0.00512773147 3.65058824
849 3097 5.10325771 0.00510325771 3.64782097
849 3097 5.10295075 0.00510295075 3.64782097
849 3097 5.10308814 0.00510308814 3.64782097
849 3097 5.10316378 0.00510316378 3.64782097
849 3097 5.10308052 0.00510308052 3.64782097
849 3097 5.1029153 0.0051029153 3.64782097
849 3097 5.10295657 0.00510295657 3.64782097
849 3097 5.10322022 0.00510322022 3.64782097
849 3097 5.10314278 0.00510314278 3.64782097
849 3097 5.1031319 0.0051031319 3.64782097
848 3092 5.07804486 0.00507804486 3.64622642
848 3090 5.07744489 0.00507744489 3.64386792
848 3092 5.07822667 0.00507822667 3.64622642
848 3092 5.07835537 0.00507835537 3.64622642
848 3092 5.07818425 0.00507818425 3.64622642
848 3089 5.07765815 0.00507765815 3.64268868
848 3092 5.07805737 0.00507805737 3.64622642
848 3089 5.07744602 0.00507744602 3.64268868
848 3092 5.07794368 0.00507794368 3.64622642
848 3089 5.07733777 0.00507733777 3.64268868
847 3084 5.05308115 0.00505308115 3.64108619
847 3084 5.05347562 0.00505347562 3.64108619
847 3084 5.05309306 0.00505309306 3.64108619
847 3084 5.05314898 0.00505314898 3.64108619
847 3084 5.05333776 0.00505333776 3.64108619
847 3084 5.05309467 0.00505309467 3.64108619
847 3084 5.05326711 0.00505326711 3.64108619
847 3084 5.05304923 0.00505304923 3.64108619
847 3084 5.05314157 0.00505314157 3.64108619
847 3084 5.05332118 0.00505332118 3.64108619
846 3078 5.02787462 0.00502787462 3.63829787
846 3079 5.0380208 0.0050380208 3.63947991
846 3078 5.0494236 0.0050494236 3.63829787
846 3078 5.04922369 0.00504922369 3.63829787
846 3078 5.04915877 0.00504915877 3.63829787
846 3078 5.04881525 0.00504881525 3.63829787
846 3078 5.04930765 0.00504930765 3.63829787
846 3078 5.04911242 0.00504911242 3.63829787
846 3078 5.04910337 0.00504910337 3.63829787
846 3078 5.0491143 0.0050491143 3.63829787
845 3073 5.02407441 0.00502407441 3.63668639
845 3073 5.02385111 0.00502385111 3.63668639
845 3073 5.02398055 0.00502398055 3.63668639
845 3073 5.02429819 0.00502429819 3.63668639
845 3073 5.02431895 0.00502431895 3.63668639
845 3073 5.024202 0.005024202 3.63668639
845 3073 5.02407571 0.00502407571 3.63668639
845 3073 5.02402045 0.00502402045 3.63668639
845 3073 5.02401364 0.00502401364 3.63668639
845 3073 5.02402073 0.00502402073 3.63668639
844 3065 4.9989638 0.0049989638 3.63151659
844 3065 4.99919236 0.00499919236 3.63151659
844 3065 4.99853309 0.00499853309 3.63151659
844 3060 4.997392 0.004997392 3.62559242
844 3055 4.99735229 0.00499735229 3.61966825
844 3057 5.00076805 0.00500076805 3.62203791
844 3058 5.01076481 0.00501076481 3.62322275
844 3057 5.0161189 0.0050161189 3.62203791
844 3057 5.01553133 0.00501553133 3.62203791
844 3057 5.01547241 0.00501547241 3.62203791
843 3049 4.99340573 0.00499340573 3.6168446
843 3049 4.9936998 0.0049936998 3.6168446
843 3049 4.9935273 0.0049935273 3.6168446
843 3049 4.9935608 0.0049935608 3.6168446
843 3049 4.99349891 0.00499349891 3.6168446
843 3049 4.9934341 0.0049934341 3.6168446
843 3049 4.99339545 0.00499339545 3.6168446
843 3049 4.993376 0.004993376 3.6168446
843 3049 4.99337535 0.00499337535 3.6168446
843 3049 4.99337772 0.00499337772 3.6168446
842 3041 4.97052224 0.00497052224 3.61163895
842 3041 4.97037601 0.00497037601 3.61163895
842 3041 4.97079683 0.00497079683 3.61163895
842 3041 4.97085027 0.00497085027 3.61163895
842 3041 4.97012788 0.00497012788 3.61163895
842 3041 4.97074644 0.00497074644 3.61163895
842 3041 4.97047363 0.00497047363 3.61163895
842 3041 4.97044178 0.00497044178 3.61163895
842 3041 4.97050961 0.00497050961 3.61163895
842 3041 4.9704417 0.0049704417 3.61163895
841 3036 4.94627493 0.00494627493 3.60998811
841 3033 4.94603828 0.00494603828 3.60642093
841 3035 4.96312788 0.00496312788 3.60879905
841 3035 4.96302886 0.00496302886 3.60879905
841 3035 4.96335851 0.00496335851 3.60879905
841 3035 4.96314268 0.00496314268 3.60879905
841 3035 4.96354104 0.00496354104 3.60879905
841 3035 4.96308069 0.00496308069 3.60879905
841 3035 4.96310477 0.00496310477 3.60879905
841 3035 4.96336463 0.00496336463 3.60879905
840 3027 4.94008857 0.00494008857 3.60357143
840 3027 4.94046274 0.00494046274 3.60357143
840 3027 4.94017054 0.00494017054 3.60357143
840 3027 4.94014591 0.00494014591 3.60357143
840 3027 4.94013494 0.00494013494 3.60357143
840 3027 4.94017135 0.00494017135 3.60357143
840 3027 4.94018828 0.00494018828 3.60357143
840 3027 4.94016666 0.00494016666 3.60357143
840 3027 4.94004551 0.00494004551 3.60357143
840 3027 4.93999333 0.00493999333 3.60357143
839 3022 4.91590284 0.00491590284 3.60190703
839 3022 4.91562561 0.00491562561 3.60190703
839 3022 4.9158219 0.0049158219 3.60190703
839 3022 4.91637301 0.00491637301 3.60190703
839 3022 4.91642301 0.00491642301 3.60190703
839 3022 4.91680899 0.00491680899 3.60190703
839 3022 4.91632435 0.00491632435 3.60190703
839 3022 4.91594454 0.00491594454 3.60190703
839 3022 4.91594228 0.00491594228 3.60190703
839 3022 4.91611615 0.00491611615 3.60190703
838 3018 4.89140411 0.00489140411 3.60143198
838 3012 4.89180983 0.00489180983 3.59427208
838 3012 4.89177988 0.00489177988 3.59427208
838 3012 4.89169525 0.00489169525 3.59427208
838 3012 4.89101412 0.00489101412 3.59427208
838 3012 4.89165037 0.00489165037 3.59427208
838 3012 4.89168909 0.00489168909 3.59427208
838 3012 4.89143086 0.00489143086 3.59427208
838 3012 4.89245029 0.00489245029 3.59427208
838 3012 4.89166563 0.00489166563 3.59427208
837 3008 4.86654229 0.00486654229 3.59378734
837 3008 4.86657916 0.00486657916 3.59378734
837 3006 4.8652823 0.0048652823 3.59139785
837 3011 4.87324401 0.00487324401 3.59737157
837 3011 4.91060315 0.00491060315 3.59737157
837 3013 4.91041744 0.00491041744 3.59976105
837 3011 4.91043101 0.00491043101 3.59737157
837 3013 4.90997604 0.00490997604 3.59976105
837 3011 4.9106811 0.0049106811 3.59737157
837 3013 4.91097649 0.00491097649 3.59976105
836 3005 4.88861724 0.00488861724 3.59449761
836 3009 4.88865083 0.00488865083 3.5992823
836 3008 4.90547063 0.00490547063 3.59808612
836 3008 4.90550738 0.00490550738 3.59808612
836 3008 4.9054361 0.0049054361 3.59808612
836 3008 4.90558503 0.00490558503 3.59808612
836 3004 4.90530534 0.00490530534 3.59330144
836 3007 4.90635465 0.00490635465 3.59688995
836 3008 4.90710088 0.00490710088 3.59808612
836 3008 4.90586953 0.00490586953 3.59808612
835 2998 4.88608176 0.00488608176 3.59041916
835 2998 4.88581465 0.00488581465 3.59041916
835 2998 4.8853309 0.0048853309 3.59041916
835 3002 4.88545848 0.00488545848 3.59520958
835 2998 4.88589523 0.00488589523 3.59041916
835 2998 4.88577658 0.00488577658 3.59041916
835 2998 4.88552577 0.00488552577 3.59041916
835 2998 4.8854437 0.0048854437 3.59041916
835 2998 4.88572627 0.00488572627 3.59041916
835 2998 4.88582509 0.00488582509 3.59041916
834 2994 4.86424253 0.00486424253 3.58992806
834 2994 4.86445071 0.00486445071 3.58992806
834 2994 4.8644656 0.0048644656 3.58992806
834 2994 4.86393566 0.00486393566 3.58992806
834 2994 4.86432689 0.00486432689 3.58992806
834 2994 4.86430908 0.00486430908 3.58992806
834 2994 4.86415591 0.00486415591 3.58992806
834 2994 4.8641004 0.0048641004 3.58992806
834 2994 4.86407324 0.00486407324 3.58992806
834 2994 4.86400969 0.00486400969 3.58992806
833 2988 4.84272004 0.00484272004 3.58703481
833 2988 4.84323039 0.00484323039 3.58703481
833 2988 4.84366557 0.00484366557 3.58703481
833 2988 4.84346293 0.00484346293 3.58703481
833 2988 4.84311629 0.00484311629 3.58703481
833 2988 4.84324406 0.00484324406 3.58703481
833 2988 4.84286232 0.00484286232 3.58703481
833 2988 4.8427582 0.0048427582 3.58703481
833 2988 4.84361142 0.00484361142 3.58703481
833 2988 4.84299149 0.00484299149 3.58703481
832 2980 4.82082596 0.00482082596 3.58173077
832 2980 4.82153696 0.00482153696 3.58173077
832 2980 4.82111234 0.00482111234 3.58173077
832 2984 4.82053358 0.00482053358 3.58653846
832 2984 4.82121663 0.00482121663 3.58653846
832 2984 4.83011921 0.00483011921 3.58653846
832 2985 4.84147463 0.00484147463 3.58774038
832 2985 4.84164637 0.00484164637 3.58774038
832 2985 4.84140931 0.00484140931 3.58774038
832 2985 4.8407884 0.0048407884 3.58774038
831 2979 4.82027679 0.00482027679 3.58483755
831 2979 4.82087664 0.00482087664 3.58483755
831 2979 4.82080114 0.00482080114 3.58483755
831 2979 4.82084242 0.00482084242 3.58483755
831 2979 4.82048367 0.00482048367 3.58483755
831 2979 4.82055099 0.00482055099 3.58483755
831 2979 4.82110623 0.00482110623 3.58483755
831 2979 4.82097755 0.00482097755 3.58483755
831 2979 4.82116417 0.00482116417 3.58483755
831 2979 4.82063783 0.00482063783 3.58483755
830 2971 4.7999602 0.0047999602 3.57951807
830 2971 4.79940095 0.00479940095 3.57951807
830 2975 4.79961633 0.00479961633 3.58433735
830 2974 4.8006759 0.0048006759 3.58313253
830 2974 4.80016954 0.00480016954 3.58313253
830 2974 4.80000792 0.00480000792 3.58313253
830 2974 4.79997074 0.00479997074 3.58313253
830 2979 4.80048027 0.00480048027 3.58915663
830 2978 4.80117495 0.00480117495 3.58795181
830 2978 4.8010169 0.0048010169 3.58795181
829 2972 4.78081591 0.00478081591 3.58504222
829 2972 4.78128881 0.00478128881 3.58504222
829 2974 4.78122959 0.00478122959 3.58745476
829 2974 4.78157739 0.00478157739 3.58745476
829 2974 4.78159781 0.00478159781 3.58745476
829 2974 4.78131426 0.00478131426 3.58745476
829 2974 4.78156214 0.00478156214 3.58745476
829 2974 4.78160844 0.00478160844 3.58745476
829 2974 4.78137347 0.00478137347 3.58745476
829 2974 4.78164005 0.00478164005 3.58745476
828 2968 4.76190365 0.00476190365 3.58454106
828 2971 4.76138026 0.00476138026 3.58816425
828 2971 4.76145239 0.00476145239 3.58816425
828 2971 4.76120736 0.00476120736 3.58816425
828 2971 4.76136747 0.00476136747 3.58816425
828 2968 4.76129667 0.00476129667 3.58454106
828 2966 4.76135583 0.00476135583 3.5821256
828 2968 4.76142285 0.00476142285 3.58454106
828 2971 4.76123651 0.00476123651 3.58816425
828 2971 4.76147247 0.00476147247 3.58816425
827 2962 4.74244826 0.00474244826 3.58162031
827 2962 4.74223499 0.00474223499 3.58162031
827 2962 4.74197257 0.00474197257 3.58162031
827 2962 4.74206301 0.00474206301 3.58162031
827 2962 4.74209347 0.00474209347 3.58162031
827 2962 4.74198962 0.00474198962 3.58162031
827 2962 4.7418795 0.0047418795 3.58162031
827 2962 4.74185078 0.00474185078 3.58162031
827 2962 4.74188088 0.00474188088 3.58162031
827 2962 4.74192554 0.00474192554 3.58162031
826 2953 4.72092027 0.00472092027 3.57506053
826 2953 4.72157679 0.00472157679 3.57506053
826 2953 4.72108853 0.00472108853 3.57506053
826 2953 4.72109429 0.00472109429 3.57506053
826 2953 4.72098725 0.00472098725 3.57506053
826 2953 4.72110351 0.00472110351 3.57506053
826 2953 4.72108648 0.00472108648 3.57506053
826 2953 4.72103633 0.00472103633 3.57506053
826 2953 4.72084022 0.00472084022 3.57506053
826 2953 4.72110074 0.00472110074 3.57506053
825 2949 4.69886857 0.00469886857 3.57454545
825 2940 4.69966275 0.00469966275 3.56363636
825 2941 4.7058022 0.0047058022 3.56484848
825 2935 4.71653487 0.00471653487 3.55757576
825 2935 4.71623446 0.00471623446 3.55757576
825 2935 4.71572678 0.00471572678 3.55757576
825 2935 4.71584328 0.00471584328 3.55757576
825 2935 4.71586442 0.00471586442 3.55757576
825 2935 4.71585927 0.00471585927 3.55757576
825 2935 4.71585221 0.00471585221 3.55757576
824 2931 4.69651916 0.00469651916 3.55703883
824 2931 4.69710151 0.00469710151 3.55703883
824 2931 4.69706138 0.00469706138 3.55703883
824 2931 4.69697255 0.00469697255 3.55703883
824 2931 4.69668869 0.00469668869 3.55703883
824 2931 4.69694046 0.00469694046 3.55703883
824 2931 4.69679031 0.00469679031 3.55703883
824 2931 4.69683658 0.00469683658 3.55703883
824 2931 4.69659394 0.00469659394 3.55703883
824 2931 4.69667493 0.00469667493 3.55703883
823 2927 4.67587143 0.00467587143 3.55650061
823 2926 4.67612616 0.00467612616 3.55528554
823 2920 4.67643886 0.00467643886 3.54799514
823 2918 4.69582358 0.00469582358 3.54556501
823 2918 4.69611782 0.00469611782 3.54556501
823 2918 4.69540249 0.00469540249 3.54556501
823 2918 4.69575142 0.00469575142 3.54556501
823 2918 4.6957276 0.0046957276 3.54556501
823 2918 4.69617261 0.00469617261 3.54556501
823 2918 4.69615003 0.00469615003 3.54556501
822 2914 4.67565181 0.00467565181 3.54501217
822 2914 4.67574044 0.00467574044 3.54501217
822 2910 4.67527446 0.00467527446 3.54014599
822 2914 4.67504948 0.00467504948 3.54501217
822 2914 4.6752841 0.0046752841 3.54501217
822 2910 4.67522567 0.00467522567 3.54014599
822 2914 4.67557913 0.00467557913 3.54501217
822 2914 4.67520569 0.00467520569 3.54501217
822 2914 4.67553931 0.00467553931 3.54501217
822 2914 4.67548658 0.00467548658 3.54501217
821 2911 4.65600391 0.00465600391 3.545676
821 2911 4.65534817 0.00465534817 3.545676
821 2911 4.65574934 0.00465574934 3.545676
821 2911 4.65502318 0.00465502318 3.545676
821 2911 4.65526929 0.00465526929 3.545676
821 2911 4.65565673 0.00465565673 3.545676
821 2911 4.65535971 0.00465535971 3.545676
821 2911 4.65545947 0.00465545947 3.545676
821 2911 4.65525335 0.00465525335 3.545676
821 2911 4.65548871 0.00465548871 3.545676
820 2907 4.63491758 0.00463491758 3.54512195
820 2907 4.63492698 0.00463492698 3.54512195
820 2907 4.63512089 0.00463512089 3.54512195
820 2907 4.63507015 0.00463507015 3.54512195
820 2907 4.63550232 0.00463550232 3.54512195
820 2907 4.63468905 0.00463468905 3.54512195
820 2907 4.63542255 0.00463542255 3.54512195
820 2907 4.63532143 0.00463532143 3.54512195
820 2905 4.6353924 0.0046353924 3.54268293
820 2903 4.64622169 0.00464622169 3.5402439
819 2895 4.62627547 0.00462627547 3.53479853
819 2895 4.62673226 0.00462673226 3.53479853
819 2895 4.62644012 0.00462644012 3.53479853
819 2895 4.62697336 0.00462697336 3.53479853
819 2895 4.62658431 0.00462658431 3.53479853
819 2895 4.62669774 0.00462669774 3.53479853
819 2899 4.62594109 0.00462594109 3.53968254
819 2899 4.62627884 0.00462627884 3.53968254
819 2895 4.62641868 0.00462641868 3.53479853
819 2895 4.62633982 0.00462633982 3.53479853
818 2891 4.60631912 0.00460631912 3.53422983
818 2888 4.60663633 0.00460663633 3.53056235
818 2888 4.60632238 0.00460632238 3.53056235
818 2891 4.60642865 0.00460642865 3.53422983
818 2891 4.60644801 0.00460644801 3.53422983
818 2888 4.6062167 0.0046062167 3.53056235
818 2888 4.60575137 0.00460575137 3.53056235
818 2888 4.60653752 0.00460653752 3.53056235
818 2888 4.60720785 0.00460720785 3.53056235
818 2888 4.60619336 0.00460619336 3.53056235
817 2884 4.58679214 0.00458679214 3.52998776
817 2882 4.58657682 0.00458657682 3.52753978
817 2880 4.58722405 0.00458722405 3.5250918
817 2880 4.5868899 0.0045868899 3.5250918
817 2880 4.59072866 0.00459072866 3.5250918
817 2880 4.59100543 0.00459100543 3.5250918
817 2880 4.59055437 0.00459055437 3.5250918
SP does not find any fixed points -> SP does not converge.
I am sorry I quit :(
