START ALGORITHM:
I am going to build an instance with N: 1000 variables and 4200 clauses with a clause density equal to 4.2
START BSP WITH r=0.9:
Decimation scorer: pol
END UNIT PROPAGATION
1000 4200 7.49334327 0.00749334327 4.2
1000 4200 7.4934647 0.0074934647 4.2
1000 4200 7.49350044 0.00749350044 4.2
1000 4200 7.49367305 0.00749367305 4.2
1000 4200 7.49369937 0.00749369937 4.2
1000 4200 7.49370162 0.00749370162 4.2
1000 4200 7.49363202 0.00749363202 4.2
1000 4200 7.49363779 0.00749363779 4.2
1000 4200 7.49365051 0.00749365051 4.2
999 4190 7.49360935 0.00749360935 4.19419419
999 4190 7.49359194 0.00749359194 4.19419419
999 4190 7.49359851 0.00749359851 4.19419419
999 4190 7.49357939 0.00749357939 4.19419419
999 4190 7.49358912 0.00749358912 4.19419419
999 4190 7.49359164 0.00749359164 4.19419419
999 4190 7.49360363 0.00749360363 4.19419419
999 4190 7.49360071 0.00749360071 4.19419419
999 4190 7.49359967 0.00749359967 4.19419419
999 4190 7.49359813 0.00749359813 4.19419419
998 4180 7.49096012 0.00749096012 4.18837675
998 4180 7.49095029 0.00749095029 4.18837675
998 4180 7.49091911 0.00749091911 4.18837675
998 4180 7.49090206 0.00749090206 4.18837675
998 4180 7.49088798 0.00749088798 4.18837675
998 4180 7.49087299 0.00749087299 4.18837675
998 4180 7.49086677 0.00749086677 4.18837675
998 4180 7.49086431 0.00749086431 4.18837675
998 4180 7.49086207 0.00749086207 4.18837675
998 4180 7.49086258 0.00749086258 4.18837675
997 4174 7.48210989 0.00748210989 4.18655968
997 4174 7.48214028 0.00748214028 4.18655968
997 4174 7.48216142 0.00748216142 4.18655968
997 4174 7.4821774 0.0074821774 4.18655968
997 4174 7.48218289 0.00748218289 4.18655968
997 4174 7.48219425 0.00748219425 4.18655968
997 4174 7.48219585 0.00748219585 4.18655968
997 4174 7.48219772 0.00748219772 4.18655968
997 4174 7.48219703 0.00748219703 4.18655968
997 4174 7.48219794 0.00748219794 4.18655968
996 4167 7.48112941 0.00748112941 4.18373494
996 4167 7.48116449 0.00748116449 4.18373494
996 4167 7.48108743 0.00748108743 4.18373494
996 4167 7.48106572 0.00748106572 4.18373494
996 4167 7.48119775 0.00748119775 4.18373494
996 4167 7.48118939 0.00748118939 4.18373494
996 4167 7.48121485 0.00748121485 4.18373494
996 4167 7.48119014 0.00748119014 4.18373494
996 4167 7.48120683 0.00748120683 4.18373494
996 4167 7.48117774 0.00748117774 4.18373494
995 4155 7.47069083 0.00747069083 4.1758794
995 4155 7.470531 0.007470531 4.1758794
995 4155 7.47066804 0.00747066804 4.1758794
995 4155 7.47069839 0.00747069839 4.1758794
995 4155 7.47067412 0.00747067412 4.1758794
995 4155 7.47066851 0.00747066851 4.1758794
995 4155 7.47067306 0.00747067306 4.1758794
995 4155 7.47068017 0.00747068017 4.1758794
995 4155 7.47068242 0.00747068242 4.1758794
995 4155 7.47068251 0.00747068251 4.1758794
994 4144 7.46350524 0.00746350524 4.16901408
994 4144 7.4634837 0.0074634837 4.16901408
994 4144 7.46346973 0.00746346973 4.16901408
994 4144 7.46344983 0.00746344983 4.16901408
994 4144 7.46344495 0.00746344495 4.16901408
994 4144 7.46344631 0.00746344631 4.16901408
994 4144 7.46344915 0.00746344915 4.16901408
994 4144 7.46345 0.00746345 4.16901408
994 4144 7.46345082 0.00746345082 4.16901408
994 4144 7.46345068 0.00746345068 4.16901408
993 4133 7.45983647 0.00745983647 4.16213494
993 4133 7.45981241 0.00745981241 4.16213494
993 4133 7.45984473 0.00745984473 4.16213494
993 4133 7.45995029 0.00745995029 4.16213494
993 4133 7.45998719 0.00745998719 4.16213494
993 4133 7.45997832 0.00745997832 4.16213494
993 4133 7.45998121 0.00745998121 4.16213494
993 4133 7.45996785 0.00745996785 4.16213494
993 4133 7.45995043 0.00745995043 4.16213494
993 4133 7.45993808 0.00745993808 4.16213494
992 4123 7.44655167 0.00744655167 4.15625
992 4123 7.44642523 0.00744642523 4.15625
992 4123 7.44645072 0.00744645072 4.15625
992 4123 7.44645932 0.00744645932 4.15625
992 4123 7.44647477 0.00744647477 4.15625
992 4123 7.44647099 0.00744647099 4.15625
992 4123 7.44641246 0.00744641246 4.15625
992 4123 7.44647643 0.00744647643 4.15625
992 4123 7.44650154 0.00744650154 4.15625
992 4123 7.44649753 0.00744649753 4.15625
991 4112 7.43158999 0.00743158999 4.1493441
991 4112 7.43160639 0.00743160639 4.1493441
991 4112 7.431633 0.007431633 4.1493441
991 4112 7.43159407 0.00743159407 4.1493441
991 4112 7.43159656 0.00743159656 4.1493441
991 4112 7.43162589 0.00743162589 4.1493441
991 4112 7.43163364 0.00743163364 4.1493441
991 4112 7.43163761 0.00743163761 4.1493441
991 4112 7.43163745 0.00743163745 4.1493441
991 4112 7.43163648 0.00743163648 4.1493441
990 4102 7.42403045 0.00742403045 4.14343434
990 4102 7.42407624 0.00742407624 4.14343434
990 4102 7.42406896 0.00742406896 4.14343434
990 4102 7.42405872 0.00742405872 4.14343434
990 4102 7.4240513 0.0074240513 4.14343434
990 4102 7.42404821 0.00742404821 4.14343434
990 4102 7.42404991 0.00742404991 4.14343434
990 4102 7.42405648 0.00742405648 4.14343434
990 4102 7.42405449 0.00742405449 4.14343434
990 4102 7.42405533 0.00742405533 4.14343434
989 4091 7.41592779 0.00741592779 4.13650152
989 4091 7.41591378 0.00741591378 4.13650152
989 4091 7.41588652 0.00741588652 4.13650152
989 4091 7.41587351 0.00741587351 4.13650152
989 4091 7.41588098 0.00741588098 4.13650152
989 4091 7.41588817 0.00741588817 4.13650152
989 4091 7.41589178 0.00741589178 4.13650152
989 4091 7.41589131 0.00741589131 4.13650152
989 4091 7.41589094 0.00741589094 4.13650152
989 4091 7.41589084 0.00741589084 4.13650152
988 4085 7.40776018 0.00740776018 4.13461538
988 4085 7.40782156 0.00740782156 4.13461538
988 4085 7.40749296 0.00740749296 4.13461538
988 4085 7.40723366 0.00740723366 4.13461538
988 4085 7.40776942 0.00740776942 4.13461538
988 4085 7.40762922 0.00740762922 4.13461538
988 4085 7.40718798 0.00740718798 4.13461538
988 4085 7.40773514 0.00740773514 4.13461538
988 4085 7.40764384 0.00740764384 4.13461538
988 4085 7.40720382 0.00740720382 4.13461538
987 4074 7.39216423 0.00739216423 4.12765957
987 4074 7.3923746 0.0073923746 4.12765957
987 4080 7.38827006 0.00738827006 4.1337386
987 4080 7.38837417 0.00738837417 4.1337386
987 4080 7.38839091 0.00738839091 4.1337386
987 4080 7.38837803 0.00738837803 4.1337386
987 4080 7.38838432 0.00738838432 4.1337386
987 4080 7.38838384 0.00738838384 4.1337386
987 4080 7.38838298 0.00738838298 4.1337386
987 4080 7.38838794 0.00738838794 4.1337386
986 4069 7.37321041 0.00737321041 4.12677485
986 4069 7.37321631 0.00737321631 4.12677485
986 4069 7.37309992 0.00737309992 4.12677485
986 4069 7.3731304 0.0073731304 4.12677485
986 4069 7.37313458 0.00737313458 4.12677485
986 4069 7.37312878 0.00737312878 4.12677485
986 4069 7.37312695 0.00737312695 4.12677485
986 4069 7.37312727 0.00737312727 4.12677485
986 4069 7.37312683 0.00737312683 4.12677485
986 4069 7.37312599 0.00737312599 4.12677485
985 4056 7.3563743 0.0073563743 4.1177665
985 4059 7.35722354 0.00735722354 4.12081218
985 4057 7.35620926 0.00735620926 4.11878173
985 4057 7.35622859 0.00735622859 4.11878173
985 4057 7.35622141 0.00735622141 4.11878173
985 4057 7.35619557 0.00735619557 4.11878173
985 4057 7.35620438 0.00735620438 4.11878173
985 4057 7.35620858 0.00735620858 4.11878173
985 4057 7.35620828 0.00735620828 4.11878173
985 4057 7.3562116 0.0073562116 4.11878173
984 4046 7.3411973 0.0073411973 4.11178862
984 4046 7.34132535 0.00734132535 4.11178862
984 4046 7.34121299 0.00734121299 4.11178862
984 4046 7.34124331 0.00734124331 4.11178862
984 4046 7.34124745 0.00734124745 4.11178862
984 4046 7.34121511 0.00734121511 4.11178862
984 4046 7.34124199 0.00734124199 4.11178862
984 4046 7.34125742 0.00734125742 4.11178862
984 4046 7.34125988 0.00734125988 4.11178862
984 4046 7.34125601 0.00734125601 4.11178862
983 4038 7.32232826 0.00732232826 4.10783316
983 4038 7.32229012 0.00732229012 4.10783316
983 4034 7.31378669 0.00731378669 4.10376399
983 4038 7.32216301 0.00732216301 4.10783316
983 4038 7.322362 0.007322362 4.10783316
983 4038 7.32242942 0.00732242942 4.10783316
983 4038 7.32248435 0.00732248435 4.10783316
983 4038 7.3218464 0.0073218464 4.10783316
983 4038 7.32234886 0.00732234886 4.10783316
983 4038 7.32207416 0.00732207416 4.10783316
982 4024 7.29985169 0.00729985169 4.09775967
982 4026 7.29580064 0.00729580064 4.09979633
982 4026 7.29594516 0.00729594516 4.09979633
982 4024 7.29980742 0.00729980742 4.09775967
982 4026 7.29537692 0.00729537692 4.09979633
982 4026 7.29603547 0.00729603547 4.09979633
982 4026 7.29600541 0.00729600541 4.09979633
982 4026 7.29604499 0.00729604499 4.09979633
982 4026 7.29615539 0.00729615539 4.09979633
982 4026 7.29615759 0.00729615759 4.09979633
981 4012 7.27422199 0.00727422199 4.08970438
981 4012 7.27384721 0.00727384721 4.08970438
981 4012 7.27386354 0.00727386354 4.08970438
981 4012 7.27381868 0.00727381868 4.08970438
981 4012 7.27375773 0.00727375773 4.08970438
981 4012 7.27368373 0.00727368373 4.08970438
981 4012 7.27363118 0.00727363118 4.08970438
981 4012 7.27360066 0.00727360066 4.08970438
981 4012 7.2735938 0.0072735938 4.08970438
981 4012 7.27358267 0.00727358267 4.08970438
980 4001 7.25882284 0.00725882284 4.08265306
980 4001 7.25891289 0.00725891289 4.08265306
980 4001 7.25877201 0.00725877201 4.08265306
980 4001 7.25867379 0.00725867379 4.08265306
980 4001 7.25870621 0.00725870621 4.08265306
980 4001 7.25872252 0.00725872252 4.08265306
980 4001 7.25872565 0.00725872565 4.08265306
980 4001 7.25871388 0.00725871388 4.08265306
980 4001 7.25870812 0.00725870812 4.08265306
980 4001 7.25870575 0.00725870575 4.08265306
979 3993 7.2366874 0.0072366874 4.07865169
979 3993 7.23723432 0.00723723432 4.07865169
979 3993 7.23708053 0.00723708053 4.07865169
979 3993 7.23720923 0.00723720923 4.07865169
979 3993 7.23718207 0.00723718207 4.07865169
979 3993 7.23715697 0.00723715697 4.07865169
979 3993 7.23696224 0.00723696224 4.07865169
979 3993 7.23722572 0.00723722572 4.07865169
979 3993 7.23702205 0.00723702205 4.07865169
979 3993 7.23726048 0.00723726048 4.07865169
978 3983 7.20877062 0.00720877062 4.07259714
978 3987 7.21763176 0.00721763176 4.07668712
978 3985 7.22600885 0.00722600885 4.07464213
978 3988 7.22585368 0.00722585368 4.07770961
978 3994 7.22791466 0.00722791466 4.08384458
978 3992 7.22999459 0.00722999459 4.08179959
978 3994 7.22744775 0.00722744775 4.08384458
978 3994 7.22798975 0.00722798975 4.08384458
978 3994 7.22812498 0.00722812498 4.08384458
978 3994 7.22808182 0.00722808182 4.08384458
977 3980 7.20691823 0.00720691823 4.07369498
977 3980 7.20676079 0.00720676079 4.07369498
977 3980 7.20675401 0.00720675401 4.07369498
977 3980 7.20673396 0.00720673396 4.07369498
977 3980 7.20675073 0.00720675073 4.07369498
977 3980 7.20674601 0.00720674601 4.07369498
977 3980 7.2067558 0.0072067558 4.07369498
977 3980 7.20675616 0.00720675616 4.07369498
977 3980 7.20675627 0.00720675627 4.07369498
977 3980 7.20675558 0.00720675558 4.07369498
976 3973 7.19618318 0.00719618318 4.07069672
976 3973 7.19621456 0.00719621456 4.07069672
976 3973 7.19609999 0.00719609999 4.07069672
976 3973 7.19609352 0.00719609352 4.07069672
976 3973 7.19611994 0.00719611994 4.07069672
976 3973 7.19609611 0.00719609611 4.07069672
976 3973 7.1960014 0.0071960014 4.07069672
976 3973 7.19604599 0.00719604599 4.07069672
976 3973 7.19608797 0.00719608797 4.07069672
976 3973 7.19605059 0.00719605059 4.07069672
975 3962 7.18116352 0.00718116352 4.06358974
975 3968 7.18987228 0.00718987228 4.06974359
975 3968 7.19014648 0.00719014648 4.06974359
975 3962 7.18123513 0.00718123513 4.06358974
975 3962 7.18137367 0.00718137367 4.06358974
975 3962 7.18134751 0.00718134751 4.06358974
975 3962 7.18132719 0.00718132719 4.06358974
975 3962 7.18135549 0.00718135549 4.06358974
975 3962 7.18132781 0.00718132781 4.06358974
975 3962 7.1813277 0.0071813277 4.06358974
974 3957 7.17502793 0.00717502793 4.06262834
974 3957 7.17508716 0.00717508716 4.06262834
974 3957 7.17501202 0.00717501202 4.06262834
974 3957 7.17508282 0.00717508282 4.06262834
974 3957 7.17511212 0.00717511212 4.06262834
974 3957 7.17511684 0.00717511684 4.06262834
974 3957 7.17512987 0.00717512987 4.06262834
974 3957 7.17512435 0.00717512435 4.06262834
974 3957 7.17513262 0.00717513262 4.06262834
974 3957 7.17512353 0.00717512353 4.06262834
973 3949 7.15508468 0.00715508468 4.05858171
973 3949 7.15526145 0.00715526145 4.05858171
973 3949 7.15501572 0.00715501572 4.05858171
973 3949 7.15474753 0.00715474753 4.05858171
973 3949 7.15486846 0.00715486846 4.05858171
973 3949 7.15512658 0.00715512658 4.05858171
973 3949 7.15486898 0.00715486898 4.05858171
973 3946 7.15392241 0.00715392241 4.05549846
973 3949 7.15505313 0.00715505313 4.05858171
973 3949 7.15483236 0.00715483236 4.05858171
972 3934 7.13482868 0.00713482868 4.0473251
972 3938 7.13433383 0.00713433383 4.05144033
972 3938 7.13426802 0.00713426802 4.05144033
972 3938 7.1342529 0.0071342529 4.05144033
972 3938 7.13432164 0.00713432164 4.05144033
972 3938 7.1342647 0.0071342647 4.05144033
972 3938 7.13427285 0.00713427285 4.05144033
972 3938 7.13427064 0.00713427064 4.05144033
972 3938 7.13426776 0.00713426776 4.05144033
972 3938 7.13427272 0.00713427272 4.05144033
971 3923 7.11394373 0.00711394373 4.04016478
971 3923 7.11412993 0.00711412993 4.04016478
971 3923 7.11431247 0.00711431247 4.04016478
971 3923 7.11432415 0.00711432415 4.04016478
971 3923 7.11435287 0.00711435287 4.04016478
971 3923 7.11435896 0.00711435896 4.04016478
971 3923 7.11435852 0.00711435852 4.04016478
971 3923 7.11434509 0.00711434509 4.04016478
971 3923 7.1143649 0.0071143649 4.04016478
971 3923 7.11436723 0.00711436723 4.04016478
970 3908 7.08804184 0.00708804184 4.02886598
970 3908 7.08772204 0.00708772204 4.02886598
970 3908 7.08760101 0.00708760101 4.02886598
970 3916 7.09887242 0.00709887242 4.0371134
970 3908 7.08752491 0.00708752491 4.02886598
970 3908 7.08770678 0.00708770678 4.02886598
970 3908 7.087589 0.007087589 4.02886598
970 3908 7.08758796 0.00708758796 4.02886598
970 3908 7.08762367 0.00708762367 4.02886598
970 3908 7.08764399 0.00708764399 4.02886598
969 3901 7.07297106 0.00707297106 4.02579979
969 3901 7.07296545 0.00707296545 4.02579979
969 3901 7.07299054 0.00707299054 4.02579979
969 3901 7.07289264 0.00707289264 4.02579979
969 3901 7.07288282 0.00707288282 4.02579979
969 3901 7.0728897 0.0070728897 4.02579979
969 3901 7.07292901 0.00707292901 4.02579979
969 3901 7.07292359 0.00707292359 4.02579979
969 3901 7.07289308 0.00707289308 4.02579979
969 3901 7.07289262 0.00707289262 4.02579979
968 3893 7.05149962 0.00705149962 4.02169421
968 3892 7.06792711 0.00706792711 4.02066116
968 3891 7.06289761 0.00706289761 4.0196281
968 3893 7.05151872 0.00705151872 4.02169421
968 3893 7.05150083 0.00705150083 4.02169421
968 3893 7.05151 0.00705151 4.02169421
968 3893 7.0515293 0.0070515293 4.02169421
968 3893 7.05152717 0.00705152717 4.02169421
968 3893 7.05152724 0.00705152724 4.02169421
968 3893 7.05152854 0.00705152854 4.02169421
967 3884 7.04854185 0.00704854185 4.01654602
967 3884 7.04858867 0.00704858867 4.01654602
967 3884 7.04856999 0.00704856999 4.01654602
967 3884 7.04861091 0.00704861091 4.01654602
967 3884 7.04857909 0.00704857909 4.01654602
967 3884 7.04862204 0.00704862204 4.01654602
967 3884 7.04857731 0.00704857731 4.01654602
967 3884 7.04862288 0.00704862288 4.01654602
967 3884 7.04858071 0.00704858071 4.01654602
967 3884 7.04862504 0.00704862504 4.01654602
966 3873 7.04404921 0.00704404921 4.00931677
966 3873 7.04403068 0.00704403068 4.00931677
966 3873 7.04396599 0.00704396599 4.00931677
966 3873 7.04402738 0.00704402738 4.00931677
966 3871 7.02733585 0.00702733585 4.00724638
966 3871 7.02732041 0.00702732041 4.00724638
966 3871 7.02733513 0.00702733513 4.00724638
966 3871 7.02739999 0.00702739999 4.00724638
966 3871 7.0273482 0.0070273482 4.00724638
966 3871 7.02736142 0.00702736142 4.00724638
965 3860 7.02293808 0.00702293808 4
965 3860 7.02291414 0.00702291414 4
965 3860 7.02291947 0.00702291947 4
965 3860 7.02306631 0.00702306631 4
965 3862 7.02663882 0.00702663882 4.00207254
965 3862 7.02681407 0.00702681407 4.00207254
965 3862 7.0267855 0.0070267855 4.00207254
965 3862 7.02677406 0.00702677406 4.00207254
965 3862 7.02677979 0.00702677979 4.00207254
965 3862 7.0267827 0.0070267827 4.00207254
964 3851 7.0223473 0.0070223473 3.99481328
964 3851 7.02233127 0.00702233127 3.99481328
964 3851 7.02232544 0.00702232544 3.99481328
964 3851 7.02246943 0.00702246943 3.99481328
964 3851 7.02230512 0.00702230512 3.99481328
964 3851 7.02238571 0.00702238571 3.99481328
964 3851 7.0225058 0.0070225058 3.99481328
964 3851 7.02226302 0.00702226302 3.99481328
964 3856 7.01146915 0.00701146915 4
964 3851 7.02244817 0.00702244817 3.99481328
963 3845 7.00696375 0.00700696375 3.99273105
963 3845 7.00722984 0.00700722984 3.99273105
963 3845 7.00713146 0.00700713146 3.99273105
963 3845 7.0071075 0.0070071075 3.99273105
963 3845 7.00725446 0.00700725446 3.99273105
963 3845 7.0070829 0.0070070829 3.99273105
963 3845 7.00724568 0.00700724568 3.99273105
963 3845 7.00708589 0.00700708589 3.99273105
963 3845 7.00725087 0.00700725087 3.99273105
963 3845 7.00708498 0.00700708498 3.99273105
962 3842 6.98402839 0.00698402839 3.99376299
962 3831 6.98641773 0.00698641773 3.98232848
962 3831 6.98625511 0.00698625511 3.98232848
962 3831 6.98634527 0.00698634527 3.98232848
962 3831 6.98644461 0.00698644461 3.98232848
962 3831 6.98629065 0.00698629065 3.98232848
962 3831 6.98632204 0.00698632204 3.98232848
962 3831 6.98642935 0.00698642935 3.98232848
962 3831 6.9862924 0.0069862924 3.98232848
962 3831 6.98631928 0.00698631928 3.98232848
961 3828 6.9630495 0.0069630495 3.98335068
961 3828 6.9630861 0.0069630861 3.98335068
961 3828 6.96310436 0.00696310436 3.98335068
961 3828 6.96311891 0.00696311891 3.98335068
961 3828 6.96311025 0.00696311025 3.98335068
961 3828 6.96311336 0.00696311336 3.98335068
961 3828 6.9631143 0.0069631143 3.98335068
961 3828 6.96311652 0.00696311652 3.98335068
961 3828 6.9631172 0.0069631172 3.98335068
961 3828 6.96311631 0.00696311631 3.98335068
960 3822 6.9522288 0.0069522288 3.98125
960 3822 6.95221986 0.00695221986 3.98125
960 3822 6.95211394 0.00695211394 3.98125
960 3822 6.95207634 0.00695207634 3.98125
960 3822 6.9523734 0.0069523734 3.98125
960 3822 6.95196886 0.00695196886 3.98125
960 3822 6.95226743 0.00695226743 3.98125
960 3822 6.95226045 0.00695226045 3.98125
960 3822 6.95198863 0.00695198863 3.98125
960 3822 6.95209141 0.00695209141 3.98125
959 3817 6.93393256 0.00693393256 3.9801877
959 3817 6.93428054 0.00693428054 3.9801877
959 3812 6.9208919 0.0069208919 3.97497393
959 3813 6.91684132 0.00691684132 3.97601668
959 3814 6.9192143 0.0069192143 3.97705944
958 3806 6.90712658 0.00690712658 3.97286013
958 3804 6.92781873 0.00692781873 3.97077244
958 3808 6.92105641 0.00692105641 3.97494781
958 3809 6.92030447 0.00692030447 3.97599165
958 3806 6.90529514 0.00690529514 3.97286013
957 3803 6.88401404 0.00688401404 3.9738767
957 3806 6.86902332 0.00686902332 3.97701149
957 3806 6.87138238 0.00687138238 3.97701149
957 3808 6.88862597 0.00688862597 3.97910136
957 3808 6.88870659 0.00688870659 3.97910136
957 3808 6.88848288 0.00688848288 3.97910136
957 3808 6.8884292 0.0068884292 3.97910136
957 3808 6.88837733 0.00688837733 3.97910136
957 3808 6.88865248 0.00688865248 3.97910136
957 3808 6.88835833 0.00688835833 3.97910136
956 3795 6.86712358 0.00686712358 3.96966527
956 3795 6.86737741 0.00686737741 3.96966527
956 3795 6.86736557 0.00686736557 3.96966527
956 3795 6.86728908 0.00686728908 3.96966527
956 3795 6.86725983 0.00686725983 3.96966527
956 3795 6.86727004 0.00686727004 3.96966527
956 3795 6.867282 0.006867282 3.96966527
956 3795 6.8672802 0.0068672802 3.96966527
956 3795 6.86727999 0.00686727999 3.96966527
956 3795 6.867281 0.006867281 3.96966527
955 3786 6.86434307 0.00686434307 3.96439791
955 3786 6.86432715 0.00686432715 3.96439791
955 3786 6.8643421 0.0068643421 3.96439791
955 3786 6.86434709 0.00686434709 3.96439791
955 3786 6.8643558 0.0068643558 3.96439791
955 3786 6.86436067 0.00686436067 3.96439791
955 3786 6.86436068 0.00686436068 3.96439791
955 3786 6.86436054 0.00686436054 3.96439791
955 3786 6.86436106 0.00686436106 3.96439791
955 3786 6.86436111 0.00686436111 3.96439791
954 3780 6.85323322 0.00685323322 3.96226415
954 3780 6.85320955 0.00685320955 3.96226415
954 3780 6.85334498 0.00685334498 3.96226415
954 3780 6.85352904 0.00685352904 3.96226415
954 3780 6.85349943 0.00685349943 3.96226415
954 3780 6.85348864 0.00685348864 3.96226415
954 3780 6.85349866 0.00685349866 3.96226415
954 3780 6.85350087 0.00685350087 3.96226415
954 3780 6.85349969 0.00685349969 3.96226415
954 3780 6.85349795 0.00685349795 3.96226415
953 3772 6.82516602 0.00682516602 3.95802728
953 3772 6.82480212 0.00682480212 3.95802728
953 3772 6.82498214 0.00682498214 3.95802728
953 3772 6.82482048 0.00682482048 3.95802728
953 3772 6.82488983 0.00682488983 3.95802728
953 3772 6.82495862 0.00682495862 3.95802728
953 3772 6.82488189 0.00682488189 3.95802728
953 3772 6.8249835 0.0068249835 3.95802728
953 3772 6.82490548 0.00682490548 3.95802728
953 3772 6.82485577 0.00682485577 3.95802728
952 3767 6.81272199 0.00681272199 3.95693277
952 3767 6.81307046 0.00681307046 3.95693277
952 3767 6.8127576 0.0068127576 3.95693277
952 3767 6.81271282 0.00681271282 3.95693277
952 3767 6.81305003 0.00681305003 3.95693277
952 3767 6.81240128 0.00681240128 3.95693277
952 3767 6.81234141 0.00681234141 3.95693277
952 3767 6.81220423 0.00681220423 3.95693277
952 3767 6.81219587 0.00681219587 3.95693277
952 3767 6.81216972 0.00681216972 3.95693277
951 3762 6.78974051 0.00678974051 3.95583596
951 3757 6.77527958 0.00677527958 3.95057834
951 3757 6.7723565 0.0067723565 3.95057834
951 3757 6.77196289 0.00677196289 3.95057834
951 3757 6.77194299 0.00677194299 3.95057834
951 3757 6.77218866 0.00677218866 3.95057834
951 3757 6.7719212 0.0067719212 3.95057834
951 3757 6.77209945 0.00677209945 3.95057834
951 3757 6.77198785 0.00677198785 3.95057834
951 3757 6.77200509 0.00677200509 3.95057834
950 3749 6.76396449 0.00676396449 3.94631579
950 3751 6.7572545 0.0067572545 3.94842105
950 3751 6.75717697 0.00675717697 3.94842105
950 3751 6.75714747 0.00675714747 3.94842105
950 3751 6.75713769 0.00675713769 3.94842105
950 3751 6.75714367 0.00675714367 3.94842105
950 3751 6.75713829 0.00675713829 3.94842105
950 3751 6.75713902 0.00675713902 3.94842105
950 3751 6.75714096 0.00675714096 3.94842105
950 3751 6.75714022 0.00675714022 3.94842105
949 3743 6.74906751 0.00674906751 3.94415174
949 3743 6.74908016 0.00674908016 3.94415174
949 3743 6.74903958 0.00674903958 3.94415174
949 3743 6.74908133 0.00674908133 3.94415174
949 3743 6.74907312 0.00674907312 3.94415174
949 3743 6.74907775 0.00674907775 3.94415174
949 3743 6.74907666 0.00674907666 3.94415174
949 3743 6.74907932 0.00674907932 3.94415174
949 3743 6.74908085 0.00674908085 3.94415174
949 3743 6.74907699 0.00674907699 3.94415174
948 3738 6.73622411 0.00673622411 3.94303797
948 3738 6.73616657 0.00673616657 3.94303797
948 3738 6.73619682 0.00673619682 3.94303797
948 3738 6.73621956 0.00673621956 3.94303797
948 3738 6.7362069 0.0067362069 3.94303797
948 3738 6.73620129 0.00673620129 3.94303797
948 3738 6.73619277 0.00673619277 3.94303797
948 3738 6.73619208 0.00673619208 3.94303797
948 3738 6.73619603 0.00673619603 3.94303797
948 3738 6.73619503 0.00673619503 3.94303797
947 3729 6.7180985 0.0067180985 3.93769799
947 3729 6.71811059 0.00671811059 3.93769799
947 3729 6.71810466 0.00671810466 3.93769799
947 3729 6.71807049 0.00671807049 3.93769799
947 3729 6.7180931 0.0067180931 3.93769799
947 3729 6.71811615 0.00671811615 3.93769799
947 3729 6.71811534 0.00671811534 3.93769799
947 3729 6.71810688 0.00671810688 3.93769799
947 3729 6.71810487 0.00671810487 3.93769799
947 3729 6.71810639 0.00671810639 3.93769799
946 3720 6.70215909 0.00670215909 3.93234672
946 3721 6.70607887 0.00670607887 3.93340381
946 3717 6.7000362 0.0067000362 3.92917548
946 3720 6.7020605 0.0067020605 3.93234672
946 3720 6.70234472 0.00670234472 3.93234672
946 3720 6.70227234 0.00670227234 3.93234672
946 3720 6.70236412 0.00670236412 3.93234672
946 3720 6.70218936 0.00670218936 3.93234672
946 3720 6.70240947 0.00670240947 3.93234672
946 3720 6.70231192 0.00670231192 3.93234672
945 3714 6.68587647 0.00668587647 3.93015873
945 3714 6.68583317 0.00668583317 3.93015873
945 3714 6.685789 0.006685789 3.93015873
945 3708 6.68438905 0.00668438905 3.92380952
945 3714 6.68596895 0.00668596895 3.93015873
945 3711 6.67769077 0.00667769077 3.92698413
945 3712 6.68964349 0.00668964349 3.92804233
945 3715 6.68959631 0.00668959631 3.93121693
945 3715 6.68961501 0.00668961501 3.93121693
945 3715 6.68939924 0.00668939924 3.93121693
944 3706 6.67354493 0.00667354493 3.92584746
944 3706 6.67370872 0.00667370872 3.92584746
944 3703 6.67136728 0.00667136728 3.92266949
944 3706 6.6659569 0.0066659569 3.92584746
944 3705 6.66164068 0.00666164068 3.92478814
944 3703 6.66562844 0.00666562844 3.92266949
944 3700 6.6640702 0.0066640702 3.91949153
944 3700 6.66413018 0.00666413018 3.91949153
944 3700 6.66426289 0.00666426289 3.91949153
944 3700 6.66410453 0.00666410453 3.91949153
943 3694 6.6481592 0.0066481592 3.91728526
943 3694 6.64815505 0.00664815505 3.91728526
943 3694 6.64817324 0.00664817324 3.91728526
943 3694 6.64811529 0.00664811529 3.91728526
943 3694 6.64811976 0.00664811976 3.91728526
943 3694 6.64814198 0.00664814198 3.91728526
943 3694 6.64814046 0.00664814046 3.91728526
943 3694 6.6481406 0.0066481406 3.91728526
943 3694 6.64813891 0.00664813891 3.91728526
943 3694 6.648137 0.006648137 3.91728526
942 3685 6.63259097 0.00663259097 3.9118896
942 3685 6.632625 0.006632625 3.9118896
942 3685 6.63215148 0.00663215148 3.9118896
942 3685 6.63219695 0.00663219695 3.9118896
942 3685 6.63280392 0.00663280392 3.9118896
942 3685 6.63226837 0.00663226837 3.9118896
942 3685 6.63222486 0.00663222486 3.9118896
942 3685 6.63182552 0.00663182552 3.9118896
942 3685 6.63225091 0.00663225091 3.9118896
942 3685 6.63246386 0.00663246386 3.9118896
941 3675 6.59911971 0.00659911971 3.90541977
941 3675 6.59926007 0.00659926007 3.90541977
941 3675 6.59859179 0.00659859179 3.90541977
941 3677 6.59167156 0.00659167156 3.90754516
941 3677 6.59156573 0.00659156573 3.90754516
941 3677 6.59112149 0.00659112149 3.90754516
941 3677 6.59112893 0.00659112893 3.90754516
941 3677 6.59114666 0.00659114666 3.90754516
941 3677 6.59117633 0.00659117633 3.90754516
941 3677 6.59117635 0.00659117635 3.90754516
940 3667 6.55806727 0.00655806727 3.90106383
940 3667 6.55814306 0.00655814306 3.90106383
940 3667 6.55796703 0.00655796703 3.90106383
940 3667 6.55812747 0.00655812747 3.90106383
940 3667 6.55808191 0.00655808191 3.90106383
940 3667 6.55814913 0.00655814913 3.90106383
940 3667 6.55819152 0.00655819152 3.90106383
940 3667 6.55823279 0.00655823279 3.90106383
940 3667 6.55826848 0.00655826848 3.90106383
940 3667 6.5582809 0.0065582809 3.90106383
939 3656 6.52855815 0.00652855815 3.89350373
939 3662 6.54078444 0.00654078444 3.8998935
939 3656 6.5258044 0.0065258044 3.89350373
939 3659 6.51837618 0.00651837618 3.89669862
939 3657 6.52593906 0.00652593906 3.89456869
939 3658 6.53723422 0.00653723422 3.89563365
939 3658 6.53769382 0.00653769382 3.89563365
939 3658 6.53734844 0.00653734844 3.89563365
939 3658 6.53733384 0.00653733384 3.89563365
939 3658 6.53760407 0.00653760407 3.89563365
938 3649 6.50464912 0.00650464912 3.8901919
938 3647 6.50919488 0.00650919488 3.8880597
938 3649 6.50474182 0.00650474182 3.8901919
938 3649 6.50493017 0.00650493017 3.8901919
938 3649 6.50492534 0.00650492534 3.8901919
938 3649 6.50494859 0.00650494859 3.8901919
938 3649 6.50496643 0.00650496643 3.8901919
938 3649 6.50493655 0.00650493655 3.8901919
938 3649 6.50500403 0.00650500403 3.8901919
938 3649 6.50464161 0.00650464161 3.8901919
937 3638 6.47683449 0.00647683449 3.88260406
937 3638 6.47663094 0.00647663094 3.88260406
937 3638 6.47613053 0.00647613053 3.88260406
937 3638 6.47674939 0.00647674939 3.88260406
937 3641 6.46467738 0.00646467738 3.88580576
937 3641 6.46500357 0.00646500357 3.88580576
937 3641 6.46486132 0.00646486132 3.88580576
937 3641 6.46497446 0.00646497446 3.88580576
937 3638 6.4771499 0.0064771499 3.88260406
937 3638 6.4768004 0.0064768004 3.88260406
936 3630 6.43756682 0.00643756682 3.87820513
936 3630 6.436819 0.006436819 3.87820513
936 3630 6.4371667 0.0064371667 3.87820513
936 3630 6.43696214 0.00643696214 3.87820513
936 3630 6.43697994 0.00643697994 3.87820513
936 3630 6.43699766 0.00643699766 3.87820513
936 3630 6.437037 0.006437037 3.87820513
936 3630 6.43686102 0.00643686102 3.87820513
936 3630 6.43698627 0.00643698627 3.87820513
936 3630 6.43715057 0.00643715057 3.87820513
935 3622 6.4128194 0.0064128194 3.87379679
935 3622 6.41265365 0.00641265365 3.87379679
935 3622 6.41265995 0.00641265995 3.87379679
935 3622 6.41266903 0.00641266903 3.87379679
935 3622 6.41272477 0.00641272477 3.87379679
935 3622 6.41254897 0.00641254897 3.87379679
935 3622 6.41262993 0.00641262993 3.87379679
935 3625 6.4201004 0.0064201004 3.87700535
935 3623 6.41268096 0.00641268096 3.87486631
935 3625 6.42009978 0.00642009978 3.87700535
934 3618 6.39967755 0.00639967755 3.87366167
934 3617 6.39553904 0.00639553904 3.87259101
934 3618 6.40013187 0.00640013187 3.87366167
934 3618 6.39980039 0.00639980039 3.87366167
934 3618 6.39986662 0.00639986662 3.87366167
934 3618 6.39979798 0.00639979798 3.87366167
934 3618 6.39977325 0.00639977325 3.87366167
934 3618 6.39979024 0.00639979024 3.87366167
934 3618 6.39980146 0.00639980146 3.87366167
934 3618 6.39979466 0.00639979466 3.87366167
933 3610 6.37595593 0.00637595593 3.86923901
933 3610 6.37601093 0.00637601093 3.86923901
933 3610 6.37600734 0.00637600734 3.86923901
933 3610 6.37600788 0.00637600788 3.86923901
933 3610 6.37602751 0.00637602751 3.86923901
933 3610 6.37602175 0.00637602175 3.86923901
933 3610 6.37603136 0.00637603136 3.86923901
933 3610 6.37602164 0.00637602164 3.86923901
933 3610 6.37602357 0.00637602357 3.86923901
933 3610 6.3760164 0.0063760164 3.86923901
932 3604 6.37200262 0.00637200262 3.86695279
932 3604 6.37198271 0.00637198271 3.86695279
932 3604 6.37194093 0.00637194093 3.86695279
932 3604 6.3719823 0.0063719823 3.86695279
932 3604 6.37194177 0.00637194177 3.86695279
932 3604 6.37194727 0.00637194727 3.86695279
932 3604 6.37195643 0.00637195643 3.86695279
932 3604 6.37196983 0.00637196983 3.86695279
932 3604 6.37197083 0.00637197083 3.86695279
932 3604 6.3719681 0.0063719681 3.86695279
931 3598 6.35110977 0.00635110977 3.86466165
931 3598 6.34894004 0.00634894004 3.86466165
931 3598 6.3511737 0.0063511737 3.86466165
931 3598 6.33672127 0.00633672127 3.86466165
931 3598 6.33657221 0.00633657221 3.86466165
931 3598 6.33649449 0.00633649449 3.86466165
931 3598 6.33649675 0.00633649675 3.86466165
931 3598 6.33648845 0.00633648845 3.86466165
931 3598 6.33648903 0.00633648903 3.86466165
931 3598 6.33648183 0.00633648183 3.86466165
930 3592 6.33249571 0.00633249571 3.86236559
930 3592 6.33261754 0.00633261754 3.86236559
930 3592 6.33283293 0.00633283293 3.86236559
930 3592 6.3324584 0.0063324584 3.86236559
930 3592 6.33277243 0.00633277243 3.86236559
930 3592 6.33285078 0.00633285078 3.86236559
930 3592 6.33263739 0.00633263739 3.86236559
930 3592 6.33300938 0.00633300938 3.86236559
930 3592 6.33294935 0.00633294935 3.86236559
930 3592 6.3329397 0.0063329397 3.86236559
929 3578 6.33228289 0.00633228289 3.85145318
929 3584 6.30098052 0.00630098052 3.85791173
929 3587 6.32835658 0.00632835658 3.86114101
929 3585 6.3030441 0.0063030441 3.85898816
929 3584 6.30120087 0.00630120087 3.85791173
929 3584 6.30101908 0.00630101908 3.85791173
929 3584 6.30118626 0.00630118626 3.85791173
929 3584 6.30114046 0.00630114046 3.85791173
929 3584 6.30115713 0.00630115713 3.85791173
929 3584 6.30115234 0.00630115234 3.85791173
928 3579 6.29936171 0.00629936171 3.85668103
928 3579 6.29935723 0.00629935723 3.85668103
928 3579 6.2993548 0.0062993548 3.85668103
928 3579 6.29935318 0.00629935318 3.85668103
928 3579 6.29935608 0.00629935608 3.85668103
928 3579 6.2993573 0.0062993573 3.85668103
928 3579 6.29935746 0.00629935746 3.85668103
928 3579 6.29935633 0.00629935633 3.85668103
928 3579 6.29935552 0.00629935552 3.85668103
928 3579 6.29935532 0.00629935532 3.85668103
927 3565 6.29904296 0.00629904296 3.84573894
927 3565 6.29920979 0.00629920979 3.84573894
927 3565 6.29890012 0.00629890012 3.84573894
927 3565 6.29883806 0.00629883806 3.84573894
927 3565 6.29966195 0.00629966195 3.84573894
927 3565 6.29885601 0.00629885601 3.84573894
927 3565 6.29816828 0.00629816828 3.84573894
927 3565 6.29896285 0.00629896285 3.84573894
927 3565 6.29882813 0.00629882813 3.84573894
927 3565 6.29892341 0.00629892341 3.84573894
926 3561 6.26105076 0.00626105076 3.84557235
926 3561 6.2609731 0.0062609731 3.84557235
926 3557 6.2699288 0.0062699288 3.8412527
926 3557 6.26933067 0.00626933067 3.8412527
926 3557 6.26995427 0.00626995427 3.8412527
926 3561 6.26087814 0.00626087814 3.84557235
926 3561 6.26073374 0.00626073374 3.84557235
926 3557 6.27054477 0.00627054477 3.8412527
926 3557 6.27033105 0.00627033105 3.8412527
926 3557 6.27000376 0.00627000376 3.8412527
925 3553 6.23245163 0.00623245163 3.84108108
925 3550 6.23803837 0.00623803837 3.83783784
925 3550 6.23722192 0.00623722192 3.83783784
925 3550 6.23708518 0.00623708518 3.83783784
925 3550 6.23808314 0.00623808314 3.83783784
925 3553 6.23274308 0.00623274308 3.84108108
925 3553 6.23228538 0.00623228538 3.84108108
925 3553 6.2327094 0.0062327094 3.84108108
925 3553 6.23294385 0.00623294385 3.84108108
925 3553 6.23239095 0.00623239095 3.84108108
924 3546 6.20006622 0.00620006622 3.83766234
924 3544 6.18963449 0.00618963449 3.83549784
924 3546 6.19972793 0.00619972793 3.83766234
924 3546 6.20067521 0.00620067521 3.83766234
924 3546 6.20012711 0.00620012711 3.83766234
924 3546 6.20063049 0.00620063049 3.83766234
924 3546 6.20016778 0.00620016778 3.83766234
924 3546 6.20066463 0.00620066463 3.83766234
924 3546 6.20020276 0.00620020276 3.83766234
924 3546 6.2008194 0.0062008194 3.83766234
923 3537 6.16126612 0.00616126612 3.83206934
923 3541 6.16884041 0.00616884041 3.83640303
923 3541 6.1683404 0.0061683404 3.83640303
923 3541 6.17031159 0.00617031159 3.83640303
923 3541 6.16927431 0.00616927431 3.83640303
923 3541 6.16813473 0.00616813473 3.83640303
923 3541 6.16803443 0.00616803443 3.83640303
923 3541 6.16952244 0.00616952244 3.83640303
923 3541 6.16923642 0.00616923642 3.83640303
923 3541 6.16872775 0.00616872775 3.83640303
922 3532 6.13229707 0.00613229707 3.8308026
922 3532 6.13100116 0.00613100116 3.8308026
922 3532 6.1311305 0.0061311305 3.8308026
922 3532 6.13093954 0.00613093954 3.8308026
922 3532 6.13103131 0.00613103131 3.8308026
922 3532 6.13082579 0.00613082579 3.8308026
922 3532 6.13087268 0.00613087268 3.8308026
922 3532 6.13086546 0.00613086546 3.8308026
922 3532 6.13089699 0.00613089699 3.8308026
922 3532 6.13088376 0.00613088376 3.8308026
921 3523 6.11163778 0.00611163778 3.82519001
921 3523 6.11162917 0.00611162917 3.82519001
921 3523 6.11171176 0.00611171176 3.82519001
921 3523 6.11143724 0.00611143724 3.82519001
921 3523 6.11226633 0.00611226633 3.82519001
921 3523 6.11127265 0.00611127265 3.82519001
921 3523 6.1118368 0.0061118368 3.82519001
921 3523 6.11146835 0.00611146835 3.82519001
921 3523 6.11218812 0.00611218812 3.82519001
921 3523 6.11128242 0.00611128242 3.82519001
920 3517 6.07367311 0.00607367311 3.82282609
920 3515 6.07951174 0.00607951174 3.82065217
920 3518 6.06270508 0.00606270508 3.82391304
920 3518 6.06231435 0.00606231435 3.82391304
920 3518 6.06219593 0.00606219593 3.82391304
920 3518 6.06221034 0.00606221034 3.82391304
920 3518 6.06214355 0.00606214355 3.82391304
920 3518 6.06216601 0.00606216601 3.82391304
920 3518 6.06213092 0.00606213092 3.82391304
920 3518 6.06216432 0.00606216432 3.82391304
919 3509 6.04243501 0.00604243501 3.81828074
919 3509 6.04247438 0.00604247438 3.81828074
919 3509 6.04248826 0.00604248826 3.81828074
919 3509 6.04246607 0.00604246607 3.81828074
919 3509 6.04247115 0.00604247115 3.81828074
919 3509 6.04249055 0.00604249055 3.81828074
919 3509 6.0425031 0.0060425031 3.81828074
919 3509 6.04251184 0.00604251184 3.81828074
919 3509 6.04251634 0.00604251634 3.81828074
919 3509 6.04251816 0.00604251816 3.81828074
918 3500 6.02182204 0.00602182204 3.81263617
918 3502 6.0102868 0.0060102868 3.81481481
918 3501 5.99456412 0.00599456412 3.81372549
918 3504 6.01458084 0.00601458084 3.81699346
918 3506 6.02325328 0.00602325328 3.81917211
918 3505 6.02328531 0.00602328531 3.81808279
918 3505 6.02353681 0.00602353681 3.81808279
918 3505 6.02378657 0.00602378657 3.81808279
918 3505 6.02320531 0.00602320531 3.81808279
918 3505 6.02369739 0.00602369739 3.81808279
917 3497 5.99342971 0.00599342971 3.81352236
917 3497 5.99316604 0.00599316604 3.81352236
917 3497 5.9932984 0.0059932984 3.81352236
917 3497 5.9932602 0.0059932602 3.81352236
917 3497 5.99322593 0.00599322593 3.81352236
917 3497 5.99346021 0.00599346021 3.81352236
917 3497 5.99316389 0.00599316389 3.81352236
917 3497 5.99318732 0.00599318732 3.81352236
917 3497 5.99357862 0.00599357862 3.81352236
917 3497 5.99317896 0.00599317896 3.81352236
916 3489 5.96526608 0.00596526608 3.80895197
916 3486 5.9718612 0.0059718612 3.80567686
916 3489 5.96500477 0.00596500477 3.80895197
916 3489 5.96503381 0.00596503381 3.80895197
916 3486 5.97197363 0.00597197363 3.80567686
916 3486 5.97188075 0.00597188075 3.80567686
916 3489 5.96515269 0.00596515269 3.80895197
916 3489 5.96497361 0.00596497361 3.80895197
916 3489 5.96515702 0.00596515702 3.80895197
916 3489 5.96509642 0.00596509642 3.80895197
915 3478 5.94445216 0.00594445216 3.8010929
915 3478 5.94427654 0.00594427654 3.8010929
915 3478 5.94403457 0.00594403457 3.8010929
915 3478 5.94427702 0.00594427702 3.8010929
915 3478 5.94449247 0.00594449247 3.8010929
915 3478 5.94458144 0.00594458144 3.8010929
915 3478 5.94442803 0.00594442803 3.8010929
915 3478 5.94433889 0.00594433889 3.8010929
915 3478 5.9445129 0.0059445129 3.8010929
915 3478 5.94455891 0.00594455891 3.8010929
914 3471 5.91339783 0.00591339783 3.797593
914 3471 5.91278507 0.00591278507 3.797593
914 3470 5.9142288 0.0059142288 3.79649891
914 3474 5.90351617 0.00590351617 3.80087527
914 3470 5.91471279 0.00591471279 3.79649891
914 3470 5.9146485 0.0059146485 3.79649891
914 3471 5.91061062 0.00591061062 3.797593
914 3471 5.91450761 0.00591450761 3.797593
914 3469 5.91575486 0.00591575486 3.79540481
914 3471 5.91285146 0.00591285146 3.797593
913 3467 5.87243566 0.00587243566 3.7973713
913 3466 5.8985583 0.0058985583 3.79627601
913 3469 5.89459518 0.00589459518 3.79956188
913 3475 5.86688469 0.00586688469 3.80613363
913 3469 5.89617362 0.00589617362 3.79956188
913 3469 5.89624789 0.00589624789 3.79956188
913 3469 5.8960448 0.0058960448 3.79956188
913 3469 5.8960542 0.0058960542 3.79956188
913 3469 5.89599001 0.00589599001 3.79956188
913 3469 5.89581347 0.00589581347 3.79956188
912 3461 5.86640988 0.00586640988 3.79495614
912 3461 5.86652735 0.00586652735 3.79495614
912 3461 5.86656159 0.00586656159 3.79495614
912 3461 5.86686165 0.00586686165 3.79495614
912 3461 5.8667783 0.0058667783 3.79495614
912 3461 5.86682469 0.00586682469 3.79495614
912 3461 5.86676565 0.00586676565 3.79495614
912 3461 5.86683916 0.00586683916 3.79495614
912 3461 5.86682816 0.00586682816 3.79495614
912 3461 5.86690324 0.00586690324 3.79495614
911 3451 5.84384273 0.00584384273 3.7881449
911 3451 5.84377139 0.00584377139 3.7881449
911 3452 5.84697136 0.00584697136 3.78924259
911 3452 5.84717578 0.00584717578 3.78924259
911 3451 5.8439869 0.0058439869 3.7881449
911 3451 5.84393778 0.00584393778 3.7881449
911 3453 5.83856201 0.00583856201 3.79034029
911 3454 5.83533427 0.00583533427 3.79143798
911 3454 5.83824887 0.00583824887 3.79143798
911 3453 5.83914323 0.00583914323 3.79034029
910 3446 5.81013644 0.00581013644 3.78681319
910 3446 5.8093039 0.0058093039 3.78681319
910 3446 5.80920486 0.00580920486 3.78681319
910 3446 5.80919035 0.00580919035 3.78681319
910 3446 5.80918605 0.00580918605 3.78681319
910 3446 5.80945032 0.00580945032 3.78681319
910 3446 5.80925914 0.00580925914 3.78681319
910 3446 5.80891823 0.00580891823 3.78681319
910 3446 5.80904786 0.00580904786 3.78681319
910 3446 5.80910285 0.00580910285 3.78681319
909 3437 5.7889353 0.0057889353 3.78107811
909 3436 5.7856037 0.0057856037 3.779978
909 3436 5.78535664 0.00578535664 3.779978
909 3436 5.78622052 0.00578622052 3.779978
909 3437 5.7891214 0.0057891214 3.78107811
909 3437 5.78883097 0.00578883097 3.78107811
909 3437 5.78909028 0.00578909028 3.78107811
909 3437 5.78902022 0.00578902022 3.78107811
909 3437 5.7891243 0.0057891243 3.78107811
909 3437 5.78918868 0.00578918868 3.78107811
908 3427 5.76580868 0.00576580868 3.77422907
908 3425 5.76483487 0.00576483487 3.77202643
908 3427 5.7518351 0.0057518351 3.77422907
908 3424 5.75852625 0.00575852625 3.77092511
908 3426 5.769364 0.005769364 3.77312775
908 3427 5.78068296 0.00578068296 3.77422907
908 3422 5.80505529 0.00580505529 3.76872247
908 3422 5.80415318 0.00580415318 3.76872247
908 3422 5.80453014 0.00580453014 3.76872247
908 3422 5.80416319 0.00580416319 3.76872247
907 3414 5.77797969 0.00577797969 3.76405733
907 3414 5.77772204 0.00577772204 3.76405733
907 3414 5.77769082 0.00577769082 3.76405733
907 3414 5.77779865 0.00577779865 3.76405733
907 3414 5.77728052 0.00577728052 3.76405733
907 3414 5.77747202 0.00577747202 3.76405733
907 3414 5.77803409 0.00577803409 3.76405733
907 3414 5.77764916 0.00577764916 3.76405733
907 3414 5.77786698 0.00577786698 3.76405733
907 3414 5.77732447 0.00577732447 3.76405733
906 3410 5.7397248 0.0057397248 3.76379691
906 3410 5.73957985 0.00573957985 3.76379691
906 3410 5.73956457 0.00573956457 3.76379691
906 3410 5.73955194 0.00573955194 3.76379691
906 3410 5.7396986 0.0057396986 3.76379691
906 3410 5.73974115 0.00573974115 3.76379691
906 3410 5.73970102 0.00573970102 3.76379691
906 3410 5.73970033 0.00573970033 3.76379691
906 3410 5.73970013 0.00573970013 3.76379691
906 3410 5.73970215 0.00573970215 3.76379691
905 3400 5.7164665 0.0057164665 3.75690608
905 3400 5.71629063 0.00571629063 3.75690608
905 3400 5.71611196 0.00571611196 3.75690608
905 3400 5.71621997 0.00571621997 3.75690608
905 3400 5.71578729 0.00571578729 3.75690608
905 3400 5.71597039 0.00571597039 3.75690608
905 3400 5.7160386 0.0057160386 3.75690608
905 3400 5.71592472 0.00571592472 3.75690608
905 3400 5.71646946 0.00571646946 3.75690608
905 3400 5.71629855 0.00571629855 3.75690608
904 3391 5.66725937 0.00566725937 3.75110619
904 3393 5.66460153 0.00566460153 3.75331858
904 3396 5.66192191 0.00566192191 3.75663717
904 3395 5.65553116 0.00565553116 3.75553097
904 3391 5.69163362 0.00569163362 3.75110619
903 3387 5.65552445 0.00565552445 3.75083056
903 3387 5.65563624 0.00565563624 3.75083056
903 3387 5.65612088 0.00565612088 3.75083056
903 3387 5.6549681 0.0056549681 3.75083056
903 3387 5.6554719 0.0056554719 3.75083056
902 3379 5.63015285 0.00563015285 3.74611973
902 3379 5.63016875 0.00563016875 3.74611973
902 3379 5.6302572 0.0056302572 3.74611973
902 3379 5.63047115 0.00563047115 3.74611973
902 3379 5.63060792 0.00563060792 3.74611973
902 3379 5.63065308 0.00563065308 3.74611973
902 3379 5.63010881 0.00563010881 3.74611973
902 3379 5.63048256 0.00563048256 3.74611973
902 3379 5.63047937 0.00563047937 3.74611973
902 3379 5.63034362 0.00563034362 3.74611973
901 3370 5.61381343 0.00561381343 3.74028857
901 3370 5.61350079 0.00561350079 3.74028857
901 3370 5.6136407 0.0056136407 3.74028857
901 3370 5.61343356 0.00561343356 3.74028857
901 3370 5.61340897 0.00561340897 3.74028857
901 3370 5.61427353 0.00561427353 3.74028857
901 3370 5.61359581 0.00561359581 3.74028857
901 3370 5.61392783 0.00561392783 3.74028857
901 3370 5.61361469 0.00561361469 3.74028857
901 3370 5.61319508 0.00561319508 3.74028857
900 3363 5.59150548 0.00559150548 3.73666667
900 3363 5.59377304 0.00559377304 3.73666667
900 3363 5.57520962 0.00557520962 3.73666667
900 3363 5.57515317 0.00557515317 3.73666667
900 3363 5.57501081 0.00557501081 3.73666667
900 3363 5.57498087 0.00557498087 3.73666667
900 3363 5.57526325 0.00557526325 3.73666667
900 3363 5.57511922 0.00557511922 3.73666667
900 3363 5.57506986 0.00557506986 3.73666667
900 3363 5.5752911 0.0055752911 3.73666667
899 3356 5.55603857 0.00555603857 3.73303671
899 3356 5.55620776 0.00555620776 3.73303671
899 3356 5.55601273 0.00555601273 3.73303671
899 3356 5.55603924 0.00555603924 3.73303671
899 3356 5.55603028 0.00555603028 3.73303671
899 3356 5.55603401 0.00555603401 3.73303671
899 3356 5.55602116 0.00555602116 3.73303671
899 3356 5.55602492 0.00555602492 3.73303671
899 3356 5.55602607 0.00555602607 3.73303671
899 3356 5.5560255 0.0055560255 3.73303671
898 3349 5.53433493 0.00553433493 3.72939866
898 3349 5.53485189 0.00553485189 3.72939866
898 3349 5.53410098 0.00553410098 3.72939866
898 3349 5.53399631 0.00553399631 3.72939866
898 3349 5.53435305 0.00553435305 3.72939866
898 3349 5.53416194 0.00553416194 3.72939866
898 3349 5.53411089 0.00553411089 3.72939866
898 3349 5.53450521 0.00553450521 3.72939866
898 3349 5.53400687 0.00553400687 3.72939866
898 3349 5.53401288 0.00553401288 3.72939866
897 3342 5.52228714 0.00552228714 3.72575251
897 3336 5.49288025 0.00549288025 3.71906355
897 3336 5.49286374 0.00549286374 3.71906355
897 3336 5.49306529 0.00549306529 3.71906355
897 3336 5.49310467 0.00549310467 3.71906355
897 3336 5.49288404 0.00549288404 3.71906355
897 3336 5.49323887 0.00549323887 3.71906355
897 3336 5.49293615 0.00549293615 3.71906355
897 3336 5.49334425 0.00549334425 3.71906355
897 3336 5.49354958 0.00549354958 3.71906355
896 3329 5.4810307 0.0054810307 3.71540179
896 3332 5.4647709 0.0054647709 3.71875
896 3332 5.46472641 0.00546472641 3.71875
896 3332 5.46449599 0.00546449599 3.71875
896 3332 5.46466738 0.00546466738 3.71875
896 3332 5.46448015 0.00546448015 3.71875
896 3332 5.46442589 0.00546442589 3.71875
896 3332 5.46459319 0.00546459319 3.71875
896 3332 5.464653 0.005464653 3.71875
896 3332 5.46474103 0.00546474103 3.71875
895 3325 5.45253784 0.00545253784 3.7150838
895 3325 5.45199268 0.00545199268 3.7150838
895 3325 5.45236887 0.00545236887 3.7150838
895 3323 5.43113699 0.00543113699 3.71284916
895 3323 5.43099622 0.00543099622 3.71284916
895 3323 5.43079046 0.00543079046 3.71284916
895 3323 5.43057644 0.00543057644 3.71284916
895 3323 5.43068127 0.00543068127 3.71284916
895 3323 5.4308346 0.0054308346 3.71284916
895 3323 5.43076204 0.00543076204 3.71284916
894 3316 5.41807664 0.00541807664 3.70917226
894 3316 5.41835711 0.00541835711 3.70917226
894 3316 5.41838934 0.00541838934 3.70917226
894 3317 5.38418323 0.00538418323 3.71029083
894 3316 5.39199898 0.00539199898 3.70917226
894 3319 5.3974177 0.0053974177 3.71252796
894 3318 5.42004596 0.00542004596 3.7114094
894 3319 5.42016888 0.00542016888 3.71252796
894 3328 5.4298438 0.0054298438 3.72259508
894 3322 5.40483126 0.00540483126 3.71588367
893 3315 5.39511052 0.00539511052 3.71220605
893 3317 5.38091568 0.00538091568 3.71444569
893 3315 5.40977551 0.00540977551 3.71220605
893 3316 5.40245013 0.00540245013 3.71332587
893 3316 5.40279549 0.00540279549 3.71332587
893 3316 5.40277561 0.00540277561 3.71332587
893 3316 5.40248529 0.00540248529 3.71332587
893 3316 5.40242815 0.00540242815 3.71332587
893 3316 5.40267233 0.00540267233 3.71332587
893 3316 5.40281198 0.00540281198 3.71332587
892 3309 5.39158473 0.00539158473 3.70964126
892 3309 5.39150026 0.00539150026 3.70964126
892 3309 5.39134072 0.00539134072 3.70964126
892 3309 5.3913147 0.0053913147 3.70964126
892 3309 5.39137725 0.00539137725 3.70964126
892 3309 5.39138788 0.00539138788 3.70964126
892 3309 5.39141787 0.00539141787 3.70964126
892 3309 5.39141496 0.00539141496 3.70964126
892 3309 5.39143952 0.00539143952 3.70964126
892 3309 5.39145095 0.00539145095 3.70964126
891 3302 5.38478799 0.00538478799 3.70594837
891 3302 5.38436929 0.00538436929 3.70594837
891 3302 5.38433839 0.00538433839 3.70594837
891 3302 5.38443152 0.00538443152 3.70594837
891 3302 5.38444897 0.00538444897 3.70594837
891 3302 5.38444869 0.00538444869 3.70594837
891 3302 5.38446673 0.00538446673 3.70594837
891 3302 5.38447797 0.00538447797 3.70594837
891 3302 5.38447307 0.00538447307 3.70594837
891 3302 5.38446958 0.00538446958 3.70594837
890 3296 5.35122458 0.00535122458 3.70337079
890 3296 5.35126994 0.00535126994 3.70337079
890 3296 5.3509275 0.0053509275 3.70337079
890 3296 5.35096204 0.00535096204 3.70337079
890 3296 5.35108737 0.00535108737 3.70337079
890 3296 5.35111119 0.00535111119 3.70337079
890 3296 5.35099285 0.00535099285 3.70337079
890 3296 5.35100689 0.00535100689 3.70337079
890 3296 5.3510292 0.0053510292 3.70337079
890 3296 5.35100653 0.00535100653 3.70337079
889 3288 5.32398367 0.00532398367 3.69853768
889 3289 5.3388475 0.0053388475 3.69966254
889 3289 5.33894082 0.00533894082 3.69966254
889 3289 5.33848075 0.00533848075 3.69966254
889 3289 5.3384374 0.0053384374 3.69966254
889 3289 5.33845349 0.00533845349 3.69966254
889 3289 5.3383948 0.0053383948 3.69966254
889 3289 5.33840382 0.00533840382 3.69966254
889 3289 5.33851458 0.00533851458 3.69966254
889 3289 5.33858513 0.00533858513 3.69966254
888 3281 5.31155788 0.00531155788 3.69481982
888 3281 5.31179561 0.00531179561 3.69481982
888 3281 5.31146161 0.00531146161 3.69481982
888 3281 5.31179781 0.00531179781 3.69481982
888 3281 5.31142801 0.00531142801 3.69481982
888 3281 5.31140129 0.00531140129 3.69481982
888 3280 5.30357697 0.00530357697 3.69369369
888 3281 5.31164541 0.00531164541 3.69481982
888 3281 5.31159138 0.00531159138 3.69481982
888 3281 5.31086679 0.00531086679 3.69481982
887 3272 5.27684337 0.00527684337 3.68883878
887 3272 5.27696281 0.00527696281 3.68883878
887 3272 5.27726028 0.00527726028 3.68883878
887 3272 5.27685264 0.00527685264 3.68883878
887 3272 5.27757636 0.00527757636 3.68883878
887 3271 5.26021562 0.00526021562 3.68771139
887 3271 5.26033526 0.00526033526 3.68771139
887 3271 5.26017144 0.00526017144 3.68771139
887 3271 5.26014799 0.00526014799 3.68771139
887 3271 5.26013712 0.00526013712 3.68771139
886 3264 5.24723325 0.00524723325 3.68397291
886 3264 5.24753692 0.00524753692 3.68397291
886 3264 5.24741515 0.00524741515 3.68397291
886 3264 5.24746687 0.00524746687 3.68397291
886 3264 5.24723636 0.00524723636 3.68397291
886 3264 5.24679408 0.00524679408 3.68397291
886 3264 5.24643375 0.00524643375 3.68397291
886 3264 5.24624755 0.00524624755 3.68397291
886 3264 5.24596373 0.00524596373 3.68397291
886 3264 5.2480517 0.0052480517 3.68397291
885 3254 5.22184779 0.00522184779 3.67683616
885 3259 5.2436645 0.0052436645 3.68248588
885 3258 5.21815181 0.00521815181 3.68135593
885 3260 5.21340415 0.00521340415 3.68361582
885 3261 5.21104633 0.00521104633 3.68474576
885 3266 5.21739613 0.00521739613 3.69039548
885 3264 5.21512556 0.00521512556 3.68813559
885 3263 5.20994966 0.00520994966 3.68700565
885 3261 5.2132753 0.0052132753 3.68474576
885 3263 5.20978868 0.00520978868 3.68700565
884 3255 5.18179632 0.00518179632 3.6821267
884 3255 5.18220981 0.00518220981 3.6821267
884 3255 5.18124117 0.00518124117 3.6821267
884 3255 5.18164471 0.00518164471 3.6821267
884 3255 5.18142986 0.00518142986 3.6821267
884 3255 5.18141973 0.00518141973 3.6821267
884 3255 5.18138403 0.00518138403 3.6821267
884 3255 5.18138743 0.00518138743 3.6821267
884 3255 5.18141552 0.00518141552 3.6821267
884 3255 5.18142882 0.00518142882 3.6821267
883 3247 5.15374918 0.00515374918 3.67723669
883 3247 5.15411059 0.00515411059 3.67723669
883 3247 5.15378212 0.00515378212 3.67723669
883 3247 5.15369653 0.00515369653 3.67723669
883 3247 5.15423039 0.00515423039 3.67723669
883 3247 5.15407304 0.00515407304 3.67723669
883 3247 5.1542171 0.0051542171 3.67723669
883 3247 5.15383277 0.00515383277 3.67723669
883 3247 5.15400772 0.00515400772 3.67723669
883 3247 5.15396176 0.00515396176 3.67723669
882 3241 5.14073107 0.00514073107 3.67460317
882 3241 5.14087249 0.00514087249 3.67460317
882 3241 5.11006964 0.00511006964 3.67460317
882 3239 5.12026458 0.00512026458 3.6723356
882 3236 5.11136496 0.00511136496 3.66893424
882 3237 5.09829285 0.00509829285 3.67006803
882 3240 5.12079323 0.00512079323 3.67346939
882 3238 5.1169076 0.0051169076 3.67120181
882 3239 5.13972656 0.00513972656 3.6723356
881 3232 5.13486275 0.00513486275 3.66855846
880 3227 5.10629146 0.00510629146 3.66704545
880 3225 5.10859686 0.00510859686 3.66477273
879 3218 5.08165021 0.00508165021 3.66097838
879 3216 5.09229547 0.00509229547 3.65870307
879 3212 5.08148607 0.00508148607 3.65415245
879 3215 5.07381583 0.00507381583 3.65756542
879 3214 5.08215129 0.00508215129 3.65642776
879 3207 5.06754164 0.00506754164 3.64846416
879 3207 5.06807078 0.00506807078 3.64846416
879 3213 5.0742577 0.0050742577 3.6552901
878 3204 5.04435843 0.00504435843 3.64920273
878 3204 5.02985651 0.00502985651 3.64920273
878 3210 5.015542 0.005015542 3.65603645
878 3211 5.03996838 0.00503996838 3.6571754
878 3212 5.04687478 0.00504687478 3.65831435
878 3213 5.04692907 0.00504692907 3.6594533
877 3206 5.03906055 0.00503906055 3.65564424
877 3204 5.01477985 0.00501477985 3.65336374
877 3203 4.99491838 0.00499491838 3.65222349
877 3206 5.01354299 0.00501354299 3.65564424
876 3195 4.99724263 0.00499724263 3.64726027
876 3193 4.9942156 0.0049942156 3.64497717
876 3191 4.99440483 0.00499440483 3.64269406
876 3192 5.00703814 0.00500703814 3.64383562
876 3195 4.98960227 0.00498960227 3.64726027
876 3198 5.01739918 0.00501739918 3.65068493
876 3197 4.9973507 0.0049973507 3.64954338
876 3196 4.99956604 0.00499956604 3.64840183
876 3197 4.99465567 0.00499465567 3.64954338
876 3192 4.9876766 0.0049876766 3.64383562
875 3188 4.98501139 0.00498501139 3.64342857
875 3190 4.97561557 0.00497561557 3.64571429
875 3190 4.96220796 0.00496220796 3.64571429
875 3186 4.9811793 0.0049811793 3.64114286
874 3179 4.95573435 0.00495573435 3.63729977
874 3182 4.95612692 0.00495612692 3.64073227
874 3185 4.99128666 0.00499128666 3.64416476
874 3190 4.97535888 0.00497535888 3.64988558
874 3185 4.97303755 0.00497303755 3.64416476
874 3181 4.96948561 0.00496948561 3.6395881
873 3172 4.96398997 0.00496398997 3.63344788
873 3169 4.94481821 0.00494481821 3.63001145
873 3167 4.94234548 0.00494234548 3.6277205
873 3167 4.94137413 0.00494137413 3.6277205
873 3168 4.94171643 0.00494171643 3.62886598
873 3169 4.94224483 0.00494224483 3.63001145
873 3174 4.9498702 0.0049498702 3.63573883
873 3168 4.95000009 0.00495000009 3.62886598
873 3167 4.93842834 0.00493842834 3.6277205
873 3169 4.93238687 0.00493238687 3.63001145
872 3161 4.92214735 0.00492214735 3.625
871 3150 4.88932673 0.00488932673 3.61653272
870 3144 4.87195339 0.00487195339 3.6137931
870 3146 4.87711662 0.00487711662 3.61609195
870 3146 4.89000757 0.00489000757 3.61609195
870 3144 4.90818414 0.00490818414 3.6137931
870 3147 4.87728642 0.00487728642 3.61724138
870 3147 4.84879207 0.00484879207 3.61724138
870 3152 4.86099968 0.00486099968 3.62298851
870 3146 4.85144976 0.00485144976 3.61609195
869 3141 4.84777482 0.00484777482 3.61449942
869 3141 4.84689829 0.00484689829 3.61449942
869 3141 4.84756061 0.00484756061 3.61449942
869 3141 4.8471294 0.0048471294 3.61449942
869 3141 4.84756253 0.00484756253 3.61449942
869 3141 4.84700477 0.00484700477 3.61449942
869 3141 4.84651257 0.00484651257 3.61449942
869 3141 4.84695012 0.00484695012 3.61449942
869 3141 4.84759977 0.00484759977 3.61449942
869 3141 4.84774136 0.00484774136 3.61449942
868 3128 4.84649664 0.00484649664 3.60368664
868 3128 4.84616309 0.00484616309 3.60368664
868 3128 4.84710878 0.00484710878 3.60368664
868 3128 4.84625228 0.00484625228 3.60368664
868 3128 4.84743619 0.00484743619 3.60368664
868 3128 4.84633491 0.00484633491 3.60368664
868 3134 4.82860663 0.00482860663 3.61059908
868 3134 4.82926225 0.00482926225 3.61059908
868 3134 4.82930018 0.00482930018 3.61059908
868 3134 4.82855355 0.00482855355 3.61059908
867 3121 4.82894214 0.00482894214 3.59976932
867 3121 4.82809296 0.00482809296 3.59976932
867 3121 4.82923218 0.00482923218 3.59976932
867 3121 4.82941186 0.00482941186 3.59976932
867 3121 4.82928831 0.00482928831 3.59976932
867 3121 4.82908997 0.00482908997 3.59976932
SP does not find any fixed points -> SP does not converge.
I am sorry I quit :(
