START ALGORITHM:
I am going to build an instance with N: 300 variables and 1200 clauses with a clause density equal to 4
START BSP WITH r=0.9:
Decimation scorer: pol
END UNIT PROPAGATION
300 1200 4.34883019 0.0144961006 4
300 1200 4.34869894 0.0144956631 4
300 1200 4.34872876 0.0144957625 4
300 1200 4.34885075 0.0144961692 4
300 1200 4.34878347 0.0144959449 4
300 1200 4.34880069 0.0144960023 4
300 1200 4.34881907 0.0144960636 4
300 1200 4.34875508 0.0144958503 4
300 1200 4.34863737 0.0144954579 4
299 1190 4.33326755 0.0144442252 3.97993311
299 1190 4.33321319 0.014444044 3.97993311
299 1189 4.33200595 0.0144400198 3.97658863
299 1190 4.33309983 0.0144436661 3.97993311
299 1190 4.33315888 0.0144438629 3.97993311
299 1190 4.33324094 0.0144441365 3.97993311
299 1190 4.33321453 0.0144440484 3.97993311
299 1190 4.33320991 0.014444033 3.97993311
299 1190 4.33320973 0.0144440324 3.97993311
299 1190 4.33318333 0.0144439444 3.97993311
298 1179 4.31726004 0.0143908668 3.95637584
298 1179 4.31720201 0.0143906734 3.95637584
298 1179 4.31725582 0.0143908527 3.95637584
298 1179 4.31726047 0.0143908682 3.95637584
298 1179 4.31723182 0.0143907727 3.95637584
298 1179 4.3172347 0.0143907823 3.95637584
298 1179 4.31723815 0.0143907938 3.95637584
298 1179 4.31723735 0.0143907912 3.95637584
298 1179 4.31723705 0.0143907902 3.95637584
298 1179 4.31723757 0.0143907919 3.95637584
297 1172 4.30018859 0.014333962 3.94612795
297 1172 4.29991072 0.0143330357 3.94612795
297 1172 4.30011898 0.0143337299 3.94612795
297 1172 4.30008174 0.0143336058 3.94612795
297 1172 4.29996258 0.0143332086 3.94612795
297 1172 4.30047614 0.0143349205 3.94612795
297 1172 4.30015173 0.0143338391 3.94612795
297 1172 4.29999726 0.0143333242 3.94612795
297 1172 4.30008999 0.0143336333 3.94612795
297 1172 4.30009023 0.0143336341 3.94612795
296 1165 4.2739363 0.0142464543 3.93581081
296 1163 4.27441445 0.0142480482 3.92905405
296 1165 4.27357455 0.0142452485 3.93581081
296 1165 4.27335376 0.0142445125 3.93581081
296 1165 4.27382795 0.0142460932 3.93581081
296 1165 4.27343882 0.0142447961 3.93581081
296 1165 4.27380775 0.0142460258 3.93581081
296 1165 4.27373184 0.0142457728 3.93581081
296 1165 4.27375971 0.0142458657 3.93581081
296 1165 4.27375417 0.0142458472 3.93581081
295 1156 4.24970521 0.014165684 3.91864407
295 1156 4.24950577 0.0141650192 3.91864407
295 1156 4.24947118 0.0141649039 3.91864407
295 1156 4.2494337 0.014164779 3.91864407
295 1156 4.24942591 0.014164753 3.91864407
295 1156 4.24944519 0.0141648173 3.91864407
295 1156 4.24943628 0.0141647876 3.91864407
295 1156 4.24943754 0.0141647918 3.91864407
295 1156 4.24943867 0.0141647956 3.91864407
295 1156 4.24943851 0.014164795 3.91864407
294 1145 4.23573953 0.0141191318 3.89455782
294 1145 4.23572825 0.0141190942 3.89455782
294 1145 4.23599376 0.0141199792 3.89455782
294 1145 4.2359396 0.0141197987 3.89455782
294 1145 4.23590158 0.0141196719 3.89455782
294 1145 4.23590075 0.0141196692 3.89455782
294 1145 4.23588742 0.0141196247 3.89455782
294 1145 4.2358913 0.0141196377 3.89455782
294 1145 4.23589036 0.0141196345 3.89455782
294 1145 4.23588968 0.0141196323 3.89455782
293 1137 4.20704957 0.0140234986 3.88054608
293 1137 4.20673248 0.0140224416 3.88054608
293 1137 4.20676626 0.0140225542 3.88054608
293 1137 4.20678424 0.0140226141 3.88054608
293 1137 4.20681821 0.0140227274 3.88054608
293 1137 4.20682834 0.0140227611 3.88054608
293 1137 4.20683178 0.0140227726 3.88054608
293 1137 4.20683382 0.0140227794 3.88054608
293 1137 4.20683403 0.0140227801 3.88054608
293 1137 4.20683411 0.0140227804 3.88054608
292 1130 4.18186282 0.0139395427 3.86986301
292 1130 4.18171323 0.0139390441 3.86986301
292 1130 4.18166182 0.0139388727 3.86986301
292 1130 4.18161778 0.0139387259 3.86986301
292 1130 4.18161444 0.0139387148 3.86986301
292 1130 4.18161926 0.0139387309 3.86986301
292 1130 4.18161755 0.0139387252 3.86986301
292 1130 4.18161793 0.0139387264 3.86986301
292 1130 4.18161782 0.0139387261 3.86986301
292 1130 4.18161783 0.0139387261 3.86986301
291 1123 4.15708849 0.0138569616 3.85910653
291 1123 4.15739014 0.0138579671 3.85910653
291 1123 4.15759651 0.013858655 3.85910653
291 1123 4.1576992 0.0138589973 3.85910653
291 1123 4.15752894 0.0138584298 3.85910653
291 1123 4.15770508 0.0138590169 3.85910653
291 1123 4.1574161 0.0138580537 3.85910653
291 1123 4.15755641 0.0138585214 3.85910653
291 1123 4.15776479 0.013859216 3.85910653
291 1123 4.157471 0.0138582367 3.85910653
290 1110 4.12306313 0.0137435438 3.82758621
290 1112 4.12473934 0.0137491311 3.83448276
290 1114 4.11154156 0.0137051385 3.84137931
290 1112 4.12476726 0.0137492242 3.83448276
290 1112 4.12494439 0.0137498146 3.83448276
290 1112 4.12492765 0.0137497588 3.83448276
290 1112 4.12493687 0.0137497896 3.83448276
290 1112 4.12493836 0.0137497945 3.83448276
290 1112 4.12493653 0.0137497884 3.83448276
290 1112 4.12493652 0.0137497884 3.83448276
289 1103 4.08590867 0.0136196956 3.816609
289 1103 4.0855783 0.0136185943 3.816609
289 1103 4.085779 0.0136192633 3.816609
289 1103 4.08569255 0.0136189752 3.816609
289 1103 4.08552771 0.0136184257 3.816609
289 1103 4.0855157 0.0136183857 3.816609
289 1103 4.08552147 0.0136184049 3.816609
289 1103 4.08552001 0.0136184 3.816609
289 1103 4.08551998 0.0136183999 3.816609
289 1103 4.0855206 0.013618402 3.816609
288 1090 4.05184446 0.0135061482 3.78472222
288 1090 4.05277778 0.0135092593 3.78472222
288 1090 4.05243663 0.0135081221 3.78472222
288 1090 4.05224255 0.0135074752 3.78472222
288 1090 4.05217762 0.0135072587 3.78472222
288 1090 4.05229555 0.0135076518 3.78472222
288 1090 4.05211835 0.0135070612 3.78472222
288 1092 4.04094599 0.01346982 3.79166667
288 1099 4.06477648 0.0135492549 3.81597222
288 1097 4.06872815 0.0135624272 3.80902778
287 1088 4.03015449 0.0134338483 3.79094077
286 1079 3.98589021 0.0132863007 3.77272727
286 1079 3.98577188 0.0132859063 3.77272727
286 1079 3.98584254 0.0132861418 3.77272727
286 1079 3.98606837 0.0132868946 3.77272727
286 1079 3.98575249 0.0132858416 3.77272727
286 1079 3.98560047 0.0132853349 3.77272727
286 1079 3.98559827 0.0132853276 3.77272727
286 1079 3.98559621 0.0132853207 3.77272727
286 1079 3.98559255 0.0132853085 3.77272727
285 1066 3.95173238 0.0131724413 3.74035088
285 1066 3.95253106 0.0131751035 3.74035088
285 1066 3.95184663 0.0131728221 3.74035088
285 1066 3.95226986 0.0131742329 3.74035088
285 1066 3.95229618 0.0131743206 3.74035088
285 1066 3.95206788 0.0131735596 3.74035088
285 1066 3.95224009 0.0131741336 3.74035088
285 1066 3.95230537 0.0131743512 3.74035088
285 1066 3.95211659 0.013173722 3.74035088
285 1066 3.95214593 0.0131738198 3.74035088
284 1058 3.90844862 0.0130281621 3.72535211
284 1057 3.90936554 0.0130312185 3.72183099
284 1058 3.90834883 0.0130278294 3.72535211
284 1058 3.90850343 0.0130283448 3.72535211
284 1058 3.90844151 0.0130281384 3.72535211
284 1058 3.9084666 0.013028222 3.72535211
284 1058 3.90845303 0.0130281768 3.72535211
284 1058 3.90845743 0.0130281914 3.72535211
284 1058 3.90845645 0.0130281882 3.72535211
284 1058 3.90845688 0.0130281896 3.72535211
283 1049 3.87119778 0.0129039926 3.70671378
283 1049 3.87077172 0.0129025724 3.70671378
283 1049 3.87068431 0.012902281 3.70671378
283 1049 3.87076338 0.0129025446 3.70671378
283 1049 3.87075576 0.0129025192 3.70671378
283 1049 3.87076107 0.0129025369 3.70671378
283 1049 3.87075739 0.0129025246 3.70671378
283 1049 3.87075831 0.0129025277 3.70671378
283 1049 3.87075792 0.0129025264 3.70671378
283 1049 3.87075811 0.012902527 3.70671378
282 1038 3.82790065 0.0127596688 3.68085106
282 1042 3.82385789 0.012746193 3.69503546
282 1040 3.8318332 0.0127727773 3.68794326
282 1040 3.83227284 0.0127742428 3.68794326
282 1040 3.83186788 0.0127728929 3.68794326
282 1040 3.83224789 0.0127741596 3.68794326
282 1040 3.83202712 0.0127734237 3.68794326
282 1040 3.83219976 0.0127739992 3.68794326
282 1040 3.8318833 0.0127729443 3.68794326
282 1040 3.83224293 0.0127741431 3.68794326
281 1031 3.79343937 0.0126447979 3.66903915
281 1031 3.79330137 0.0126443379 3.66903915
281 1031 3.79349266 0.0126449755 3.66903915
281 1031 3.79350269 0.012645009 3.66903915
281 1031 3.79347557 0.0126449186 3.66903915
281 1031 3.79348158 0.0126449386 3.66903915
281 1031 3.79348048 0.0126449349 3.66903915
281 1031 3.79347997 0.0126449332 3.66903915
281 1031 3.79348022 0.0126449341 3.66903915
281 1031 3.79347995 0.0126449332 3.66903915
280 1025 3.76738294 0.0125579431 3.66071429
280 1025 3.76714208 0.0125571403 3.66071429
280 1025 3.76714479 0.0125571493 3.66071429
280 1025 3.76713739 0.0125571246 3.66071429
280 1025 3.76713879 0.0125571293 3.66071429
280 1025 3.76714148 0.0125571383 3.66071429
280 1025 3.76714108 0.0125571369 3.66071429
280 1025 3.76714112 0.0125571371 3.66071429
280 1025 3.76714153 0.0125571384 3.66071429
280 1025 3.76714148 0.0125571383 3.66071429
279 1018 3.76271093 0.0125423698 3.64874552
279 1018 3.7627321 0.0125424403 3.64874552
279 1018 3.76271943 0.0125423981 3.64874552
279 1018 3.76271833 0.0125423944 3.64874552
279 1018 3.76271959 0.0125423986 3.64874552
279 1018 3.7627183 0.0125423943 3.64874552
279 1018 3.76271957 0.0125423986 3.64874552
279 1018 3.76271931 0.0125423977 3.64874552
279 1018 3.76271894 0.0125423965 3.64874552
279 1018 3.76271905 0.0125423968 3.64874552
278 1006 3.76271901 0.0125423967 3.61870504
278 1006 3.76307414 0.0125435805 3.61870504
278 1006 3.76297815 0.0125432605 3.61870504
278 1006 3.76300652 0.0125433551 3.61870504
278 1006 3.76299351 0.0125433117 3.61870504
278 1006 3.76299764 0.0125433255 3.61870504
278 1006 3.76299572 0.0125433191 3.61870504
278 1006 3.76299658 0.0125433219 3.61870504
278 1006 3.76299631 0.012543321 3.61870504
278 1006 3.76299641 0.0125433214 3.61870504
277 1001 3.72973973 0.0124324658 3.61371841
277 1001 3.7293363 0.012431121 3.61371841
277 1001 3.7292507 0.0124308357 3.61371841
277 1001 3.72925241 0.0124308414 3.61371841
277 1001 3.72924245 0.0124308082 3.61371841
277 1001 3.72924274 0.0124308091 3.61371841
277 1001 3.72924325 0.0124308108 3.61371841
277 1001 3.72924316 0.0124308105 3.61371841
277 1001 3.72924316 0.0124308105 3.61371841
277 1001 3.72924317 0.0124308106 3.61371841
276 993 3.66502705 0.0122167568 3.59782609
276 993 3.66558149 0.012218605 3.59782609
276 993 3.66541021 0.012218034 3.59782609
276 993 3.66581889 0.0122193963 3.59782609
276 993 3.66541919 0.012218064 3.59782609
276 993 3.66581606 0.0122193869 3.59782609
276 993 3.6654198 0.012218066 3.59782609
276 993 3.66581491 0.012219383 3.59782609
276 993 3.66541985 0.0122180662 3.59782609
276 993 3.66581497 0.0122193832 3.59782609
275 982 3.62845592 0.0120948531 3.57090909
275 984 3.58729087 0.0119576362 3.57818182
275 984 3.59426926 0.0119808975 3.57818182
275 985 3.61746249 0.0120582083 3.58181818
275 985 3.61779961 0.012059332 3.58181818
275 985 3.61742274 0.0120580758 3.58181818
275 985 3.61789578 0.0120596526 3.58181818
275 985 3.61671988 0.0120557329 3.58181818
275 985 3.61651893 0.0120550631 3.58181818
275 985 3.6165046 0.0120550153 3.58181818
274 976 3.54182246 0.0118060749 3.5620438
274 974 3.5800969 0.0119336563 3.55474453
274 974 3.58014339 0.0119338113 3.55474453
274 973 3.55275682 0.0118425227 3.55109489
274 973 3.55367356 0.0118455785 3.55109489
274 973 3.55348492 0.0118449497 3.55109489
274 973 3.5534587 0.0118448623 3.55109489
274 973 3.5534669 0.0118448897 3.55109489
274 973 3.55346804 0.0118448935 3.55109489
274 973 3.55346693 0.0118448898 3.55109489
273 965 3.50792134 0.0116930711 3.53479853
273 965 3.507868 0.0116928933 3.53479853
273 965 3.50761888 0.0116920629 3.53479853
273 965 3.50761898 0.0116920633 3.53479853
273 965 3.50786849 0.011692895 3.53479853
273 965 3.50740929 0.0116913643 3.53479853
273 965 3.50785528 0.0116928509 3.53479853
273 965 3.5073977 0.0116913257 3.53479853
273 965 3.50785215 0.0116928405 3.53479853
273 965 3.50739741 0.0116913247 3.53479853
272 958 3.46297554 0.0115432518 3.52205882
272 957 3.40202547 0.0113400849 3.51838235
272 958 3.42239189 0.011407973 3.52205882
272 958 3.42280037 0.0114093346 3.52205882
272 958 3.42267751 0.011408925 3.52205882
272 958 3.42269561 0.0114089854 3.52205882
272 958 3.42269453 0.0114089818 3.52205882
272 958 3.4226942 0.0114089807 3.52205882
272 958 3.42269442 0.0114089814 3.52205882
272 958 3.42269437 0.0114089812 3.52205882
271 950 3.38035634 0.0112678545 3.50553506
271 950 3.3803404 0.0112678013 3.50553506
271 950 3.38033628 0.0112677876 3.50553506
271 950 3.38039456 0.0112679819 3.50553506
271 950 3.3803948 0.0112679827 3.50553506
271 950 3.38039542 0.0112679847 3.50553506
271 950 3.38039537 0.0112679846 3.50553506
271 950 3.38039538 0.0112679846 3.50553506
271 950 3.38039538 0.0112679846 3.50553506
271 950 3.38039538 0.0112679846 3.50553506
270 944 3.29907239 0.010996908 3.4962963
270 944 3.29845572 0.0109948524 3.4962963
270 944 3.29837965 0.0109945988 3.4962963
270 944 3.29813057 0.0109937686 3.4962963
270 944 3.29840708 0.0109946903 3.4962963
270 944 3.29821394 0.0109940465 3.4962963
270 944 3.29856383 0.0109952128 3.4962963
270 944 3.29822675 0.0109940892 3.4962963
270 944 3.29838708 0.0109946236 3.4962963
270 944 3.29820741 0.0109940247 3.4962963
269 941 3.23088936 0.0107696312 3.49814126
269 937 3.28287789 0.0109429263 3.48327138
269 937 3.28274746 0.0109424915 3.48327138
269 937 3.2832074 0.0109440247 3.48327138
269 937 3.28291646 0.0109430549 3.48327138
269 937 3.28333763 0.0109444588 3.48327138
269 937 3.28291925 0.0109430642 3.48327138
269 937 3.28334198 0.0109444733 3.48327138
269 937 3.28292069 0.010943069 3.48327138
269 937 3.28334077 0.0109444692 3.48327138
268 926 3.25399193 0.0108466398 3.45522388
268 928 3.24627907 0.0108209302 3.46268657
268 928 3.32596275 0.0110865425 3.46268657
268 928 3.32585329 0.0110861776 3.46268657
268 928 3.3258485 0.0110861617 3.46268657
268 928 3.32584787 0.0110861596 3.46268657
268 928 3.32584772 0.0110861591 3.46268657
268 928 3.32584773 0.0110861591 3.46268657
268 928 3.32584773 0.0110861591 3.46268657
268 928 3.32584773 0.0110861591 3.46268657
267 922 3.24679656 0.0108226552 3.45318352
267 917 3.30320779 0.0110106926 3.43445693
267 919 3.2594411 0.0108648037 3.44194757
267 922 3.24639315 0.0108213105 3.45318352
267 920 3.28997535 0.0109665845 3.44569288
267 922 3.25867587 0.0108622529 3.45318352
267 922 3.2463894 0.010821298 3.45318352
267 922 3.24647569 0.0108215856 3.45318352
267 922 3.24636998 0.0108212333 3.45318352
267 922 3.24643002 0.0108214334 3.45318352
266 911 3.22755728 0.0107585243 3.42481203
266 911 3.22634509 0.0107544836 3.42481203
266 911 3.22684624 0.0107561541 3.42481203
266 911 3.22749127 0.0107583042 3.42481203
266 911 3.22757483 0.0107585828 3.42481203
266 911 3.2271312 0.010757104 3.42481203
266 911 3.22732974 0.0107577658 3.42481203
266 911 3.22719132 0.0107573044 3.42481203
266 911 3.22715732 0.0107571911 3.42481203
266 911 3.22716223 0.0107572074 3.42481203
265 908 3.16576934 0.0105525645 3.42641509
265 903 3.15674919 0.0105224973 3.40754717
265 908 3.1670807 0.0105569357 3.42641509
265 908 3.16649505 0.0105549835 3.42641509
265 908 3.16661689 0.0105553896 3.42641509
265 908 3.16655829 0.0105551943 3.42641509
265 908 3.16659042 0.0105553014 3.42641509
265 908 3.16656113 0.0105552038 3.42641509
265 908 3.1665868 0.0105552893 3.42641509
265 908 3.1665623 0.0105552077 3.42641509
264 900 3.12834811 0.010427827 3.40909091
264 900 3.12865787 0.0104288596 3.40909091
264 900 3.12856241 0.0104285414 3.40909091
264 900 3.12751931 0.0104250644 3.40909091
264 900 3.12841775 0.0104280592 3.40909091
264 900 3.12847821 0.0104282607 3.40909091
264 900 3.12834553 0.0104278184 3.40909091
264 900 3.12827825 0.0104275942 3.40909091
264 900 3.12854208 0.0104284736 3.40909091
264 900 3.12756478 0.0104252159 3.40909091
263 895 3.0813503 0.0102711677 3.40304183
263 887 3.04236513 0.0101412171 3.37262357
263 887 3.04268967 0.0101422989 3.37262357
263 887 3.04265456 0.0101421819 3.37262357
263 887 3.04277442 0.0101425814 3.37262357
263 887 3.042782 0.0101426067 3.37262357
263 887 3.04277743 0.0101425914 3.37262357
263 887 3.04278055 0.0101426018 3.37262357
263 887 3.04278037 0.0101426012 3.37262357
263 887 3.04278066 0.0101426022 3.37262357
262 882 2.99693664 0.00998978882 3.36641221
262 883 3.04274857 0.0101424952 3.37022901
262 882 2.99658114 0.00998860381 3.36641221
262 882 2.99656323 0.00998854411 3.36641221
262 882 2.99691718 0.00998972394 3.36641221
262 882 2.99651487 0.00998838289 3.36641221
262 882 2.99656748 0.00998855828 3.36641221
262 882 2.99658626 0.00998862087 3.36641221
262 882 2.99665577 0.00998885256 3.36641221
262 882 2.9966302 0.00998876732 3.36641221
261 878 2.99661876 0.00998872921 3.36398467
261 878 2.9965841 0.00998861365 3.36398467
261 878 2.9966382 0.009988794 3.36398467
261 878 2.9966457 0.00998881899 3.36398467
261 878 2.99665155 0.00998883851 3.36398467
261 878 2.99664965 0.00998883217 3.36398467
261 878 2.99665041 0.00998883469 3.36398467
261 878 2.99664993 0.00998883311 3.36398467
261 878 2.99665027 0.00998883424 3.36398467
261 878 2.99665013 0.00998883375 3.36398467
260 865 2.96699589 0.00988998631 3.32692308
260 868 2.97413455 0.00991378183 3.33846154
260 859 2.95106561 0.00983688536 3.30384615
259 856 2.92578817 0.00975262724 3.30501931
259 861 2.95897297 0.00986324324 3.32432432
259 863 2.98102845 0.0099367615 3.33204633
259 869 2.91450971 0.00971503238 3.35521236
258 856 2.91389572 0.00971298573 3.31782946
258 856 2.91414498 0.00971381659 3.31782946
258 856 2.91378871 0.00971262905 3.31782946
257 843 2.82626155 0.00942087183 3.28015564
257 843 2.82651581 0.00942171937 3.28015564
257 843 2.82597764 0.00941992545 3.28015564
257 843 2.82626978 0.00942089927 3.28015564
257 843 2.82622759 0.00942075862 3.28015564
257 843 2.82608159 0.00942027196 3.28015564
257 843 2.82606895 0.00942022984 3.28015564
257 843 2.82608954 0.00942029846 3.28015564
257 843 2.82609971 0.00942033237 3.28015564
257 843 2.82609913 0.00942033043 3.28015564
256 835 2.78435595 0.00928118649 3.26171875
256 835 2.78487878 0.00928292927 3.26171875
256 835 2.78467785 0.00928225949 3.26171875
256 835 2.78471564 0.00928238547 3.26171875
256 835 2.78467896 0.00928226321 3.26171875
256 835 2.78466646 0.00928222153 3.26171875
256 835 2.78466424 0.00928221415 3.26171875
256 835 2.78466707 0.00928222356 3.26171875
256 835 2.78466766 0.00928222554 3.26171875
256 835 2.78466758 0.00928222527 3.26171875
255 832 2.76430478 0.00921434927 3.2627451
255 826 2.69896992 0.00899656642 3.23921569
255 831 2.74044626 0.00913482086 3.25882353
255 832 2.79047167 0.00930157222 3.2627451
255 832 2.79021816 0.0093007272 3.2627451
255 832 2.79054582 0.0093018194 3.2627451
255 832 2.79117435 0.00930391449 3.2627451
255 832 2.7904449 0.00930148299 3.2627451
255 832 2.79033288 0.00930110961 3.2627451
255 832 2.79112753 0.00930375842 3.2627451
254 824 2.74825336 0.00916084454 3.24409449
254 824 2.74834376 0.00916114587 3.24409449
254 824 2.74836461 0.00916121538 3.24409449
254 824 2.74835048 0.00916116826 3.24409449
254 824 2.74833259 0.00916110864 3.24409449
254 824 2.74832792 0.00916109308 3.24409449
254 824 2.74833146 0.00916110485 3.24409449
254 824 2.74833288 0.00916110961 3.24409449
254 824 2.74833272 0.00916110907 3.24409449
254 824 2.74833246 0.00916110818 3.24409449
253 821 2.72819921 0.00909399737 3.24505929
253 815 2.66508475 0.00888361583 3.22134387
253 820 2.69182837 0.00897276124 3.24110672
253 820 2.6912257 0.00897075233 3.24110672
253 812 2.63087065 0.00876956883 3.20948617
253 816 2.62042561 0.00873475205 3.22529644
253 821 2.65267156 0.00884223853 3.24505929
253 819 2.64351725 0.00881172417 3.23715415
253 816 2.65260885 0.0088420295 3.22529644
253 811 2.59213045 0.00864043482 3.2055336
252 808 2.59261461 0.00864204871 3.20634921
252 808 2.59247564 0.00864158547 3.20634921
252 808 2.59254301 0.00864181003 3.20634921
252 808 2.59255952 0.00864186507 3.20634921
252 808 2.59256933 0.00864189778 3.20634921
252 808 2.59257375 0.0086419125 3.20634921
252 808 2.59257251 0.00864190836 3.20634921
252 808 2.59257002 0.00864190008 3.20634921
252 808 2.59256819 0.00864189396 3.20634921
252 808 2.59256694 0.00864188979 3.20634921
251 805 2.57959643 0.00859865476 3.20717131
251 805 2.5800871 0.00860029033 3.20717131
251 799 2.5534146 0.00851138199 3.18326693
251 805 2.51293498 0.00837644992 3.20717131
251 800 2.53494023 0.00844980076 3.187251
251 800 2.53476779 0.00844922595 3.187251
251 800 2.53461331 0.00844871103 3.187251
251 800 2.5347996 0.00844933201 3.187251
251 800 2.53472139 0.00844907131 3.187251
251 800 2.53471774 0.00844905915 3.187251
250 797 2.52200267 0.00840667557 3.188
250 797 2.52222816 0.00840742721 3.188
250 797 2.46264941 0.00820883135 3.188
250 797 2.5347487 0.00844916233 3.188
250 797 2.53472663 0.00844908878 3.188
250 797 2.53470891 0.00844902971 3.188
250 797 2.53470726 0.0084490242 3.188
250 797 2.53472996 0.00844909986 3.188
250 797 2.53474645 0.00844915485 3.188
250 797 2.53474998 0.0084491666 3.188
249 794 2.52203511 0.00840678369 3.18875502
249 794 2.52205025 0.00840683417 3.18875502
249 794 2.52203783 0.00840679277 3.18875502
249 794 2.46269268 0.00820897561 3.18875502
249 794 2.46275712 0.00820919039 3.18875502
249 794 2.46273976 0.00820913252 3.18875502
249 794 2.46277976 0.00820926586 3.18875502
249 794 2.4627245 0.00820908167 3.18875502
249 794 2.46276352 0.00820921173 3.18875502
249 794 2.46273698 0.00820912325 3.18875502
248 791 2.45112272 0.00817040907 3.18951613
248 791 2.45113047 0.00817043489 3.18951613
248 791 2.4510927 0.008170309 3.18951613
248 791 2.45110043 0.00817033477 3.18951613
248 791 2.45110123 0.00817033743 3.18951613
248 791 2.45109659 0.00817032197 3.18951613
248 791 2.45109792 0.0081703264 3.18951613
248 791 2.45109824 0.00817032746 3.18951613
248 791 2.45109765 0.0081703255 3.18951613
248 791 2.45109817 0.00817032725 3.18951613
247 786 2.44796591 0.00815988637 3.18218623
247 786 2.44811483 0.00816038277 3.18218623
247 786 2.44754131 0.00815847102 3.18218623
247 786 2.44828463 0.00816094877 3.18218623
247 786 2.44789879 0.00815966262 3.18218623
247 786 2.44808859 0.00816029529 3.18218623
247 786 2.44773663 0.0081591221 3.18218623
247 786 2.44761398 0.00815871327 3.18218623
247 786 2.44826069 0.00816086898 3.18218623
247 786 2.44817601 0.0081605867 3.18218623
246 777 2.41294458 0.0080431486 3.15853659
246 780 2.36963369 0.00789877896 3.17073171
246 776 2.35338372 0.00784461239 3.15447154
246 774 2.31677382 0.00772257942 3.14634146
246 769 2.26779278 0.00755930928 3.12601626
246 769 2.26579698 0.00755265658 3.12601626
246 772 2.27096817 0.00756989389 3.13821138
246 778 2.26652222 0.00755507408 3.16260163
245 767 2.26250743 0.00754169142 3.13061224
245 768 2.2462992 0.00748766398 3.13469388
244 761 2.20867312 0.00736224373 3.11885246
244 764 2.22131068 0.00740436895 3.13114754
244 761 2.19712896 0.0073237632 3.11885246
244 763 2.20783142 0.00735943806 3.12704918
244 766 2.23535777 0.00745119257 3.13934426
244 761 2.23289974 0.00744299913 3.11885246
243 757 2.21965755 0.00739885851 3.11522634
243 757 2.21957344 0.00739857815 3.11522634
243 757 2.21961956 0.00739873188 3.11522634
243 757 2.21963157 0.0073987719 3.11522634
242 754 2.2135683 0.00737856099 3.11570248
242 754 2.21396553 0.00737988509 3.11570248
242 754 2.2139202 0.00737973399 3.11570248
242 754 2.21387556 0.0073795852 3.11570248
242 754 2.21388956 0.00737963188 3.11570248
242 754 2.21390582 0.00737968608 3.11570248
242 754 2.2139137 0.00737971233 3.11570248
242 754 2.21391609 0.0073797203 3.11570248
242 754 2.21391608 0.00737972028 3.11570248
242 754 2.21391541 0.00737971805 3.11570248
241 744 2.17604248 0.00725347492 3.08713693
241 744 2.17574846 0.00725249488 3.08713693
241 744 2.1755583 0.00725186102 3.08713693
241 744 2.17565873 0.00725219577 3.08713693
241 744 2.17568293 0.00725227645 3.08713693
241 744 2.17570805 0.00725236016 3.08713693
241 744 2.17569793 0.00725232643 3.08713693
241 744 2.17566532 0.00725221774 3.08713693
241 744 2.17569712 0.00725232372 3.08713693
241 744 2.17566199 0.00725220665 3.08713693
240 741 2.17568256 0.00725227521 3.0875
240 741 2.17567019 0.00725223396 3.0875
240 741 2.17573924 0.00725246412 3.0875
240 741 2.17574055 0.00725246851 3.0875
240 741 2.17573865 0.00725246216 3.0875
240 741 2.1757392 0.00725246399 3.0875
240 741 2.17573886 0.00725246287 3.0875
240 741 2.17573899 0.0072524633 3.0875
240 741 2.17573892 0.00725246307 3.0875
240 741 2.17573895 0.00725246316 3.0875
239 737 2.12797362 0.00709324539 3.08368201
239 731 2.0998357 0.00699945234 3.05857741
239 738 2.11919796 0.0070639932 3.08786611
239 735 2.11319307 0.00704397689 3.07531381
239 735 2.08934992 0.00696449974 3.07531381
239 728 2.06150151 0.0068716717 3.0460251
239 728 2.06160897 0.00687202991 3.0460251
239 728 2.06161732 0.00687205772 3.0460251
239 728 2.06158763 0.00687195878 3.0460251
239 728 2.06159993 0.00687199978 3.0460251
238 725 2.05583874 0.00685279579 3.04621849
238 725 2.05585795 0.00685285984 3.04621849
238 725 2.0558393 0.00685279767 3.04621849
238 725 2.05583546 0.00685278486 3.04621849
238 725 2.05582775 0.00685275918 3.04621849
238 725 2.05583867 0.00685279558 3.04621849
238 725 2.05581734 0.00685272446 3.04621849
238 725 2.05582418 0.00685274728 3.04621849
238 725 2.05582047 0.0068527349 3.04621849
238 725 2.05582567 0.00685275222 3.04621849
237 721 2.01250136 0.00670833787 3.04219409
237 721 2.01300017 0.00671000055 3.04219409
237 721 2.01275551 0.00670918502 3.04219409
237 721 2.01284207 0.00670947356 3.04219409
237 721 2.01280001 0.00670933337 3.04219409
237 721 2.01286201 0.00670954002 3.04219409
237 721 2.0128305 0.00670943501 3.04219409
237 721 2.01283303 0.00670944343 3.04219409
237 721 2.01281996 0.00670939987 3.04219409
237 721 2.01282579 0.00670941929 3.04219409
236 718 2.01282086 0.00670940286 3.04237288
236 718 2.01312801 0.00671042669 3.04237288
236 718 2.01269157 0.00670897189 3.04237288
236 718 2.0128707 0.00670956899 3.04237288
236 718 2.01284053 0.00670946843 3.04237288
236 718 2.01317189 0.00671057298 3.04237288
236 718 2.0126924 0.00670897467 3.04237288
236 718 2.01287669 0.00670958896 3.04237288
236 718 2.01283539 0.00670945129 3.04237288
236 718 2.01317263 0.00671057543 3.04237288
235 715 2.00946152 0.00669820508 3.04255319
235 715 2.00966265 0.00669887551 3.04255319
235 715 2.01008064 0.00670026881 3.04255319
235 715 2.00962645 0.00669875482 3.04255319
235 715 2.00986199 0.00669953996 3.04255319
235 715 2.009672 0.00669890668 3.04255319
235 715 2.00971396 0.00669904655 3.04255319
235 715 2.00975855 0.00669919517 3.04255319
235 715 2.00975993 0.00669919976 3.04255319
235 715 2.00975663 0.00669918878 3.04255319
234 709 1.94008515 0.0064669505 3.02991453
233 703 1.89758504 0.00632528346 3.01716738
233 700 1.89101639 0.00630338797 3.00429185
233 697 1.82955921 0.0060985307 2.99141631
233 695 1.78790793 0.0059596931 2.98283262
233 694 1.77963271 0.00593210903 2.97854077
233 697 1.77360404 0.00591201348 2.99141631
233 695 1.77264423 0.0059088141 2.98283262
233 695 1.77074904 0.00590249681 2.98283262
233 698 1.77748271 0.00592494238 2.99570815
232 694 1.74614941 0.00582049803 2.99137931
232 694 1.77638463 0.00592128212 2.99137931
232 699 1.76202497 0.00587341657 3.01293103
232 696 1.81489551 0.00604965169 3
232 699 1.79098623 0.0059699541 3.01293103
232 696 1.78110632 0.00593702107 3
232 699 1.79212729 0.00597375765 3.01293103
232 697 1.8286458 0.006095486 3.00431034
232 699 1.84084888 0.00613616292 3.01293103
232 703 1.82861768 0.00609539228 3.03017241
231 697 1.81860481 0.00606201602 3.01731602
231 697 1.81853911 0.00606179703 3.01731602
231 697 1.81859547 0.0060619849 3.01731602
231 697 1.81864914 0.00606216381 3.01731602
231 697 1.81872577 0.00606241923 3.01731602
231 697 1.81868386 0.00606227953 3.01731602
231 697 1.81869948 0.0060623316 3.01731602
231 697 1.8181842 0.00606061398 3.01731602
231 697 1.81856247 0.00606187489 3.01731602
231 697 1.81864563 0.0060621521 3.01731602
230 692 1.79129374 0.00597097912 3.00869565
230 694 1.81263057 0.00604210188 3.0173913
230 694 1.81311238 0.00604370793 3.0173913
230 694 1.81309365 0.00604364551 3.0173913
230 694 1.81300627 0.00604335424 3.0173913
230 694 1.81308616 0.00604362053 3.0173913
230 694 1.81299821 0.00604332738 3.0173913
230 694 1.81304007 0.0060434669 3.0173913
230 697 1.83413327 0.00611377758 3.03043478
230 697 1.78794507 0.00595981689 3.03043478
229 689 1.78629841 0.00595432803 3.00873362
229 689 1.78664266 0.00595547554 3.00873362
229 689 1.78678474 0.00595594913 3.00873362
229 689 1.78678488 0.00595594959 3.00873362
229 689 1.78677217 0.00595590723 3.00873362
229 689 1.78676753 0.00595589177 3.00873362
229 689 1.78677138 0.00595590459 3.00873362
229 689 1.78676956 0.00595589854 3.00873362
229 689 1.78677032 0.00595590105 3.00873362
229 689 1.78677025 0.00595590082 3.00873362
228 686 1.74957056 0.00583190186 3.00877193
228 686 1.7498441 0.00583281367 3.00877193
228 686 1.7497289 0.00583242967 3.00877193
228 686 1.74989343 0.00583297809 3.00877193
228 686 1.75002201 0.00583340668 3.00877193
228 686 1.75047433 0.00583491443 3.00877193
228 686 1.75052789 0.00583509298 3.00877193
228 686 1.74998204 0.00583327347 3.00877193
228 686 1.75050065 0.00583500217 3.00877193
228 686 1.7504734 0.00583491133 3.00877193
227 680 1.72020726 0.00573402422 2.99559471
227 680 1.72043356 0.00573477852 2.99559471
227 680 1.73417309 0.00578057696 2.99559471
227 680 1.71995873 0.00573319575 2.99559471
227 680 1.72051501 0.00573505004 2.99559471
227 680 1.72042041 0.0057347347 2.99559471
227 680 1.72036583 0.00573455275 2.99559471
227 680 1.72037372 0.00573457907 2.99559471
227 680 1.72036779 0.0057345593 2.99559471
227 680 1.7203762 0.00573458734 2.99559471
226 674 1.70431507 0.00568105023 2.98230088
226 674 1.70413084 0.00568043613 2.98230088
226 674 1.7044583 0.00568152766 2.98230088
226 674 1.70430383 0.00568101275 2.98230088
226 674 1.70419135 0.00568063785 2.98230088
226 674 1.70442134 0.00568140446 2.98230088
226 674 1.70431888 0.00568106293 2.98230088
226 674 1.70420071 0.00568066903 2.98230088
226 674 1.70441397 0.00568137992 2.98230088
226 674 1.70432075 0.00568106918 2.98230088
225 665 1.6835246 0.00561174865 2.95555556
225 667 1.64620183 0.00548733943 2.96444444
225 670 1.66368026 0.00554560086 2.97777778
225 670 1.66350013 0.00554500045 2.97777778
225 667 1.64594213 0.00548647377 2.96444444
225 667 1.64605084 0.00548683612 2.96444444
225 670 1.66362556 0.00554541852 2.97777778
225 670 1.66345078 0.00554483594 2.97777778
225 670 1.66397214 0.00554657381 2.97777778
225 670 1.66357418 0.00554524727 2.97777778
224 663 1.60971825 0.00536572748 2.95982143
224 663 1.60958172 0.00536527241 2.95982143
224 663 1.60969903 0.00536566344 2.95982143
224 663 1.60957889 0.00536526297 2.95982143
224 663 1.60983544 0.00536611814 2.95982143
224 663 1.60964073 0.00536546911 2.95982143
224 663 1.60958604 0.0053652868 2.95982143
224 663 1.60969481 0.00536564937 2.95982143
224 663 1.60972137 0.00536573788 2.95982143
224 663 1.60945547 0.00536485156 2.95982143
223 654 1.55191586 0.00517305288 2.93273543
223 654 1.58827328 0.00529424428 2.93273543
223 654 1.5885066 0.005295022 2.93273543
223 654 1.58869337 0.00529564456 2.93273543
223 654 1.58859512 0.00529531707 2.93273543
223 654 1.58837858 0.00529459527 2.93273543
223 654 1.58869576 0.00529565253 2.93273543
223 654 1.58907168 0.0052969056 2.93273543
223 654 1.5877621 0.00529254033 2.93273543
223 654 1.58847165 0.00529490549 2.93273543
222 645 1.53501455 0.00511671517 2.90540541
222 648 1.54191001 0.00513970005 2.91891892
222 645 1.53545117 0.00511817055 2.90540541
222 645 1.53482424 0.00511608081 2.90540541
222 645 1.53490397 0.00511634658 2.90540541
222 645 1.53477333 0.00511591111 2.90540541
222 645 1.5346225 0.00511540835 2.90540541
222 645 1.53458479 0.00511528262 2.90540541
222 645 1.53455069 0.00511516898 2.90540541
222 645 1.53454199 0.00511513997 2.90540541
221 639 1.49448218 0.00498160726 2.89140271
221 639 1.49318083 0.00497726944 2.89140271
221 639 1.49408258 0.00498027527 2.89140271
221 639 1.49310456 0.00497701521 2.89140271
221 639 1.49407345 0.00498024482 2.89140271
221 639 1.49311234 0.00497704112 2.89140271
221 639 1.49407267 0.00498024225 2.89140271
221 639 1.49311336 0.00497704453 2.89140271
221 639 1.49407284 0.0049802428 2.89140271
221 639 1.49311323 0.0049770441 2.89140271
220 634 1.44485777 0.00481619257 2.88181818
220 635 1.49397619 0.00497992063 2.88636364
220 635 1.49328219 0.0049776073 2.88636364
220 635 1.49407317 0.00498024391 2.88636364
220 635 1.49310999 0.0049770333 2.88636364
220 635 1.49407307 0.00498024356 2.88636364
220 635 1.49311358 0.00497704527 2.88636364
220 635 1.49407286 0.00498024287 2.88636364
220 635 1.49311326 0.0049770442 2.88636364
220 635 1.49407284 0.00498024281 2.88636364
219 630 1.4450763 0.00481692101 2.87671233
219 630 1.44963402 0.00483211342 2.87671233
219 630 1.44514795 0.00481715984 2.87671233
219 630 1.44500269 0.00481667564 2.87671233
219 630 1.44551969 0.00481839895 2.87671233
219 630 1.44551713 0.00481839042 2.87671233
219 630 1.44525495 0.0048175165 2.87671233
219 630 1.44548823 0.00481829409 2.87671233
219 630 1.4454751 0.00481825034 2.87671233
219 630 1.44524395 0.00481747983 2.87671233
218 625 1.4063883 0.00468796101 2.86697248
218 625 1.43437906 0.00478126354 2.86697248
218 625 1.43453866 0.00478179552 2.86697248
218 625 1.40575798 0.00468585993 2.86697248
218 625 1.43449202 0.00478164006 2.86697248
218 625 1.43485467 0.0047828489 2.86697248
218 625 1.43422778 0.00478075927 2.86697248
218 625 1.40589978 0.0046863326 2.86697248
218 625 1.40606558 0.00468688527 2.86697248
218 625 1.40607009 0.00468690029 2.86697248
217 620 1.39679138 0.00465597125 2.85714286
217 620 1.3968121 0.00465604034 2.85714286
217 620 1.39678294 0.00465594314 2.85714286
217 620 1.396768 0.00465589333 2.85714286
217 620 1.39676159 0.00465587196 2.85714286
217 620 1.39676589 0.00465588631 2.85714286
217 620 1.39676584 0.00465588613 2.85714286
217 620 1.39676827 0.00465589423 2.85714286
217 620 1.39676711 0.00465589037 2.85714286
217 620 1.39676764 0.00465589212 2.85714286
216 616 1.39545162 0.0046515054 2.85185185
216 616 1.39496942 0.00464989806 2.85185185
216 617 1.39582971 0.0046527657 2.85648148
216 617 1.39590241 0.00465300803 2.85648148
216 617 1.39577665 0.00465258882 2.85648148
216 617 1.39575025 0.00465250084 2.85648148
216 617 1.39577437 0.00465258122 2.85648148
216 617 1.39575614 0.00465252047 2.85648148
216 617 1.39577522 0.00465258407 2.85648148
216 617 1.3957705 0.00465256834 2.85648148
215 613 1.39445134 0.00464817113 2.85116279
215 613 1.39395911 0.00464653037 2.85116279
215 613 1.39426421 0.00464754736 2.85116279
215 613 1.39420693 0.00464735642 2.85116279
215 613 1.39423159 0.00464743865 2.85116279
215 613 1.3942365 0.00464745501 2.85116279
215 613 1.39423631 0.00464745436 2.85116279
215 613 1.39423768 0.00464745892 2.85116279
215 613 1.39423782 0.00464745941 2.85116279
215 613 1.39423792 0.00464745972 2.85116279
214 607 1.33326036 0.0044442012 2.8364486
214 607 1.33360098 0.0044453366 2.8364486
214 607 1.33357999 0.00444526663 2.8364486
214 607 1.33358261 0.00444527537 2.8364486
214 607 1.33359615 0.0044453205 2.8364486
214 607 1.33360787 0.00444535956 2.8364486
214 607 1.33361255 0.00444537516 2.8364486
214 607 1.33361476 0.00444538255 2.8364486
214 607 1.33361559 0.0044453853 2.8364486
214 607 1.33361583 0.00444538612 2.8364486
213 600 1.30546398 0.00435154659 2.81690141
213 600 1.30537125 0.0043512375 2.81690141
213 600 1.3054695 0.004351565 2.81690141
213 600 1.30547509 0.00435158364 2.81690141
213 600 1.30537313 0.00435124377 2.81690141
213 600 1.30543163 0.00435143875 2.81690141
213 600 1.30534802 0.00435116005 2.81690141
213 600 1.30541872 0.00435139573 2.81690141
213 600 1.30538717 0.00435129056 2.81690141
213 600 1.30540001 0.00435133335 2.81690141
212 592 1.30538281 0.00435127605 2.79245283
212 592 1.30539282 0.00435130941 2.79245283
212 592 1.30539574 0.00435131913 2.79245283
212 592 1.30540078 0.00435133592 2.79245283
212 592 1.30539248 0.00435130826 2.79245283
212 592 1.30538733 0.00435129111 2.79245283
212 592 1.30538707 0.00435129024 2.79245283
212 592 1.30538754 0.0043512918 2.79245283
212 592 1.3053878 0.00435129267 2.79245283
212 592 1.30538766 0.00435129219 2.79245283
211 584 1.29346022 0.00431153406 2.76777251
211 584 1.29335075 0.00431116915 2.76777251
211 584 1.29345161 0.00431150538 2.76777251
211 584 1.29359186 0.00431197288 2.76777251
211 584 1.29329228 0.00431097428 2.76777251
211 584 1.29343209 0.00431144032 2.76777251
211 584 1.29364877 0.00431216257 2.76777251
211 584 1.29328086 0.00431093619 2.76777251
211 584 1.29342327 0.0043114109 2.76777251
211 584 1.29366083 0.00431220275 2.76777251
210 577 1.25146076 0.00417153587 2.74761905
210 580 1.29327919 0.00431093063 2.76190476
210 580 1.29342137 0.00431140456 2.76190476
210 580 1.2936625 0.00431220832 2.76190476
210 580 1.29327886 0.00431092952 2.76190476
210 580 1.2934208 0.00431140267 2.76190476
210 580 1.29366265 0.00431220885 2.76190476
210 580 1.29327882 0.0043109294 2.76190476
210 580 1.29342071 0.00431140238 2.76190476
210 580 1.29366274 0.00431220913 2.76190476
209 573 1.25146196 0.00417153986 2.74162679
209 573 1.25095324 0.00416984414 2.74162679
209 573 1.25097934 0.00416993113 2.74162679
209 573 1.2505178 0.00416839268 2.74162679
209 573 1.25077078 0.00416923595 2.74162679
209 573 1.25063389 0.00416877964 2.74162679
209 573 1.25074168 0.00416913893 2.74162679
209 573 1.25065119 0.00416883731 2.74162679
209 573 1.25074877 0.00416916258 2.74162679
209 573 1.25065003 0.00416883343 2.74162679
208 570 1.2506269 0.00416875633 2.74038462
208 570 1.25095178 0.00416983927 2.74038462
208 570 1.25079156 0.00416930519 2.74038462
208 570 1.25065161 0.00416883869 2.74038462
208 570 1.24995267 0.0041665089 2.74038462
208 570 1.25077114 0.00416923714 2.74038462
208 569 1.22462443 0.00408208144 2.73557692
208 569 1.2242127 0.00408070899 2.73557692
208 570 1.25055975 0.00416853249 2.74038462
208 566 1.20359244 0.0040119748 2.72115385
207 558 1.17201349 0.00390671163 2.69565217
206 555 1.16887564 0.00389625213 2.69417476
206 555 1.16879009 0.00389596697 2.69417476
206 555 1.16891607 0.00389638691 2.69417476
206 555 1.16886955 0.00389623182 2.69417476
206 555 1.16871786 0.00389572619 2.69417476
206 558 1.18338921 0.00394463069 2.70873786
206 559 1.1684991 0.00389499699 2.71359223
206 555 1.16909022 0.0038969674 2.69417476
206 555 1.168984 0.00389661333 2.69417476
205 551 1.14137806 0.00380459354 2.68780488
205 551 1.14175554 0.00380585179 2.68780488
205 551 1.14137375 0.00380457915 2.68780488
205 551 1.14154536 0.0038051512 2.68780488
205 551 1.14157677 0.00380525589 2.68780488
205 551 1.14143199 0.00380477331 2.68780488
205 551 1.14141162 0.00380470539 2.68780488
205 551 1.14143729 0.00380479097 2.68780488
205 551 1.14152284 0.00380507613 2.68780488
205 551 1.14147812 0.00380492705 2.68780488
204 548 1.14144041 0.00380480137 2.68627451
204 548 1.14157529 0.00380525096 2.68627451
204 548 1.14151162 0.00380503873 2.68627451
204 548 1.14149796 0.00380499319 2.68627451
204 548 1.14149627 0.00380498756 2.68627451
204 548 1.14149593 0.00380498645 2.68627451
204 548 1.14149587 0.00380498624 2.68627451
204 548 1.14149586 0.00380498621 2.68627451
204 548 1.14149586 0.00380498621 2.68627451
204 548 1.14149586 0.00380498621 2.68627451
203 546 1.05767142 0.00352557142 2.68965517
202 541 1.05314933 0.00351049776 2.67821782
202 538 1.01768705 0.00339229018 2.66336634
202 539 1.04004201 0.00346680671 2.66831683
202 541 1.05318226 0.00351060754 2.67821782
202 541 1.05282533 0.00350941775 2.67821782
202 541 1.05252676 0.00350842252 2.67821782
202 541 1.05255218 0.00350850726 2.67821782
202 541 1.05253967 0.00350846558 2.67821782
202 541 1.05254797 0.00350849322 2.67821782
201 535 1.01702639 0.00339008796 2.66169154
201 535 1.01797229 0.00339324097 2.66169154
201 535 1.0178686 0.00339289534 2.66169154
201 535 1.01813433 0.00339378111 2.66169154
201 535 1.01807507 0.00339358358 2.66169154
201 535 1.01809032 0.00339363439 2.66169154
201 535 1.01808703 0.00339362342 2.66169154
201 535 1.01808774 0.0033936258 2.66169154
201 535 1.0180876 0.00339362534 2.66169154
201 535 1.01808763 0.00339362542 2.66169154
200 530 0.97251992 0.00324173307 2.65
200 533 0.916153098 0.00305384366 2.665
200 535 0.921546112 0.00307182037 2.675
200 532 0.920772954 0.00306924318 2.66
200 535 0.908104386 0.00302701462 2.675
200 536 0.878663156 0.00292887719 2.68
200 539 0.851178941 0.00283726314 2.695
200 539 0.850484005 0.00283494668 2.695
200 541 0.855277265 0.00285092422 2.705
200 540 0.795204613 0.00265068204 2.7
199 537 0.79302512 0.00264341707 2.69849246
199 536 0.779432491 0.0025981083 2.69346734
199 538 0.790843235 0.00263614412 2.70351759
199 536 0.774390272 0.00258130091 2.69346734
199 535 0.774467852 0.00258155951 2.68844221
198 532 0.774432323 0.00258144108 2.68686869
197 529 0.765803046 0.00255267682 2.68527919
197 529 0.77755003 0.00259183343 2.68527919
197 529 0.788314522 0.00262771507 2.68527919
197 533 0.832772221 0.0027759074 2.70558376
196 527 0.832174 0.00277391333 2.68877551
196 526 0.818161023 0.00272720341 2.68367347
196 526 0.811802494 0.00270600831 2.68367347
195 519 0.780817154 0.00260272385 2.66153846
195 516 0.77920891 0.00259736303 2.64615385
195 522 0.819360293 0.00273120098 2.67692308
195 517 0.822736281 0.00274245427 2.65128205
195 516 0.79929124 0.00266430413 2.64615385
195 515 0.844909485 0.00281636495 2.64102564
195 524 0.850118025 0.00283372675 2.68717949
194 519 0.843228506 0.00281076169 2.67525773
193 515 0.843224322 0.00281074774 2.66839378
192 506 0.843150175 0.00281050058 2.63541667
191 501 0.843148851 0.00281049617 2.62303665
191 501 0.843147932 0.00281049311 2.62303665
191 501 0.843120535 0.00281040178 2.62303665
191 501 0.843093042 0.00281031014 2.62303665
191 501 0.84308727 0.0028102909 2.62303665
191 501 0.843091872 0.00281030624 2.62303665
191 501 0.843089612 0.00281029871 2.62303665
190 496 0.843014358 0.00281004786 2.61052632
190 496 0.844284793 0.00281428264 2.61052632
190 496 0.843810029 0.0028127001 2.61052632
190 496 0.843821148 0.00281273716 2.61052632
190 496 0.843878033 0.00281292678 2.61052632
190 496 0.843816949 0.00281272316 2.61052632
190 496 0.843827791 0.0028127593 2.61052632
190 496 0.843829705 0.00281276568 2.61052632
190 496 0.843833219 0.0028127774 2.61052632
190 496 0.843836996 0.00281278999 2.61052632
189 492 0.822482951 0.00274160984 2.6031746
189 492 0.838661232 0.00279553744 2.6031746
189 493 0.819252046 0.00273084015 2.60846561
189 493 0.785195429 0.0026173181 2.60846561
188 489 0.775364027 0.00258454676 2.60106383
187 481 0.775334026 0.00258444675 2.57219251
186 475 0.721361503 0.00240453834 2.55376344
186 482 0.723562708 0.00241187569 2.59139785
186 475 0.719162551 0.0023972085 2.55376344
186 476 0.719065061 0.00239688354 2.55913978
185 470 0.719109815 0.00239703272 2.54054054
184 463 0.719210052 0.00239736684 2.51630435
183 455 0.670721739 0.00223573913 2.4863388
182 450 0.670770411 0.00223590137 2.47252747
181 447 0.665311793 0.00221770598 2.46961326
181 450 0.665718023 0.00221906008 2.48618785
180 443 0.664151182 0.00221383727 2.46111111
179 440 0.662125162 0.00220708387 2.45810056
179 440 0.6622614 0.002207538 2.45810056
179 440 0.6623221 0.00220774033 2.45810056
178 437 0.662211662 0.00220737221 2.45505618
178 437 0.662209409 0.0022073647 2.45505618
178 437 0.662279846 0.00220759949 2.45505618
178 437 0.662335205 0.00220778402 2.45505618
178 437 0.662321562 0.00220773854 2.45505618
178 437 0.662265241 0.0022075508 2.45505618
178 437 0.662237762 0.00220745921 2.45505618
178 437 0.662268755 0.00220756252 2.45505618
178 437 0.662315427 0.00220771809 2.45505618
178 437 0.662322906 0.00220774302 2.45505618
177 432 0.66223192 0.00220743973 2.44067797
177 432 0.662177079 0.00220725693 2.44067797
177 432 0.662198988 0.00220732996 2.44067797
177 432 0.662230672 0.00220743557 2.44067797
177 432 0.662199173 0.00220733058 2.44067797
177 432 0.662189344 0.00220729781 2.44067797
177 432 0.662215952 0.00220738651 2.44067797
177 432 0.662212819 0.00220737606 2.44067797
177 432 0.662196151 0.0022073205 2.44067797
177 432 0.662202696 0.00220734232 2.44067797
176 430 0.66146414 0.00220488047 2.44318182
176 430 0.661737875 0.00220579292 2.44318182
176 430 0.661493942 0.00220497981 2.44318182
176 430 0.661444575 0.00220481525 2.44318182
176 430 0.661450598 0.00220483533 2.44318182
176 430 0.661387837 0.00220462612 2.44318182
176 430 0.661590755 0.00220530252 2.44318182
176 430 0.661374365 0.00220458122 2.44318182
176 430 0.661709443 0.00220569814 2.44318182
176 430 0.661712149 0.00220570716 2.44318182
175 425 0.650668013 0.00216889338 2.42857143
175 421 0.591822898 0.00197274299 2.40571429
175 428 0.661610051 0.00220536684 2.44571429
175 428 0.661620662 0.00220540221 2.44571429
175 428 0.661387846 0.00220462615 2.44571429
175 428 0.661574631 0.00220524877 2.44571429
175 428 0.661205693 0.00220401898 2.44571429
175 428 0.661706911 0.0022056897 2.44571429
175 428 0.661995077 0.00220665026 2.44571429
175 428 0.661790355 0.00220596785 2.44571429
174 423 0.650891149 0.00216963716 2.43103448
174 423 0.650864598 0.00216954866 2.43103448
174 423 0.650843135 0.00216947712 2.43103448
174 426 0.650784214 0.00216928071 2.44827586
173 422 0.651082802 0.00217027601 2.43930636
173 422 0.65086701 0.0021695567 2.43930636
173 421 0.641377635 0.00213792545 2.43352601
173 419 0.641424544 0.00213808181 2.42196532
173 419 0.641522786 0.00213840929 2.42196532
173 419 0.641392774 0.00213797591 2.42196532
172 413 0.636834019 0.00212278006 2.40116279
172 413 0.636837608 0.00212279203 2.40116279
172 413 0.636801538 0.00212267179 2.40116279
172 413 0.636800554 0.00212266851 2.40116279
172 413 0.636765735 0.00212255245 2.40116279
172 413 0.636737976 0.00212245992 2.40116279
172 413 0.636729483 0.00212243161 2.40116279
172 413 0.636728619 0.00212242873 2.40116279
172 413 0.636743017 0.00212247672 2.40116279
172 413 0.636763446 0.00212254482 2.40116279
171 407 0.636762665 0.00212254222 2.38011696
171 407 0.636739974 0.00212246658 2.38011696
171 407 0.636750238 0.00212250079 2.38011696
171 407 0.636774029 0.0021225801 2.38011696
171 407 0.636783572 0.00212261191 2.38011696
171 407 0.636773056 0.00212257685 2.38011696
171 407 0.636758568 0.00212252856 2.38011696
171 407 0.636755724 0.00212251908 2.38011696
171 407 0.636764178 0.00212254726 2.38011696
171 407 0.636772293 0.00212257431 2.38011696
170 401 0.636773247 0.00212257749 2.35882353
170 401 0.636630537 0.00212210179 2.35882353
170 401 0.636915754 0.00212305251 2.35882353
170 401 0.63717308 0.00212391027 2.35882353
170 401 0.637134756 0.00212378252 2.35882353
170 401 0.637143063 0.00212381021 2.35882353
170 401 0.637150195 0.00212383398 2.35882353
170 401 0.637145441 0.00212381814 2.35882353
170 401 0.637150528 0.00212383509 2.35882353
170 401 0.63714679 0.00212382263 2.35882353
169 392 0.56033808 0.0018677936 2.31952663
169 399 0.636964371 0.00212321457 2.36094675
169 399 0.637172439 0.00212390813 2.36094675
169 399 0.637128857 0.00212376286 2.36094675
169 399 0.637149754 0.00212383251 2.36094675
169 399 0.637146069 0.00212382023 2.36094675
169 399 0.637147443 0.00212382481 2.36094675
169 399 0.637149256 0.00212383085 2.36094675
169 399 0.637147367 0.00212382456 2.36094675
169 399 0.637149264 0.00212383088 2.36094675
168 390 0.560334194 0.00186778065 2.32142857
168 395 0.636962796 0.00212320932 2.35119048
168 395 0.637173662 0.00212391221 2.35119048
168 395 0.637127935 0.00212375978 2.35119048
168 395 0.637150018 0.00212383339 2.35119048
168 395 0.637145805 0.00212381935 2.35119048
168 395 0.637147512 0.00212382504 2.35119048
168 395 0.637149204 0.00212383068 2.35119048
168 395 0.637147377 0.00212382459 2.35119048
168 395 0.637149262 0.00212383087 2.35119048
167 386 0.560334123 0.00186778041 2.31137725
167 388 0.611319602 0.00203773201 2.32335329
167 388 0.577260903 0.00192420301 2.32335329
167 386 0.575364352 0.00191788117 2.31137725
167 382 0.504258322 0.00168086107 2.28742515
167 383 0.478649773 0.00159549924 2.29341317
167 389 0.513349298 0.00171116433 2.32934132
167 389 0.516962789 0.0017232093 2.32934132
167 385 0.51352689 0.0017117563 2.30538922
167 382 0.450627505 0.00150209168 2.28742515
166 377 0.448106992 0.00149368997 2.27108434
166 375 0.449009184 0.00149669728 2.25903614
SP does not find any fixed points -> SP does not converge.
I am sorry I quit :(
