START ALGORITHM:
I am going to build an instance with N: 300 variables and 1245 clauses with a clause density equal to 4.15
START BSP WITH r=0.9:
Decimation scorer: cert
END UNIT PROPAGATION
300 1245 1.13586159 0.0037862053 4.15
300 1245 1.13509336 0.00378364454 4.15
300 1245 1.13523406 0.00378411355 4.15
300 1245 1.13493901 0.00378313002 4.15
300 1245 1.13525143 0.00378417142 4.15
300 1245 1.1352192 0.00378406399 4.15
300 1245 1.1350375 0.00378345833 4.15
300 1245 1.13541305 0.00378471018 4.15
300 1245 1.13529341 0.00378431137 4.15
299 1233 1.11501272 0.00371670908 4.12374582
299 1233 1.11524188 0.00371747295 4.12374582
299 1233 1.11535258 0.00371784193 4.12374582
299 1239 1.12176565 0.00373921883 4.14381271
299 1238 1.13528588 0.00378428625 4.14046823
299 1238 1.13535143 0.00378450477 4.14046823
299 1238 1.13524088 0.00378413627 4.14046823
299 1238 1.13521402 0.00378404672 4.14046823
299 1238 1.1352662 0.00378422068 4.14046823
299 1238 1.13523833 0.00378412777 4.14046823
298 1235 1.12783006 0.00375943354 4.1442953
298 1235 1.12788941 0.00375963137 4.1442953
298 1235 1.12764591 0.0037588197 4.1442953
298 1235 1.12741378 0.00375804593 4.1442953
298 1235 1.12779686 0.00375932288 4.1442953
298 1228 1.13045118 0.00376817058 4.12080537
298 1228 1.13065747 0.00376885824 4.12080537
298 1228 1.13118173 0.00377060577 4.12080537
298 1228 1.13072701 0.00376909004 4.12080537
298 1228 1.13089309 0.00376964364 4.12080537
297 1218 1.10372324 0.00367907748 4.1010101
297 1220 1.11178592 0.00370595305 4.10774411
297 1220 1.11097547 0.00370325157 4.10774411
297 1217 1.11120056 0.00370400186 4.0976431
297 1217 1.11224328 0.0037074776 4.0976431
297 1225 1.12363209 0.0037454403 4.12457912
297 1225 1.12304141 0.00374347138 4.12457912
297 1225 1.12318144 0.00374393814 4.12457912
297 1225 1.12371819 0.00374572731 4.12457912
297 1225 1.12313036 0.00374376786 4.12457912
296 1215 1.09740781 0.00365802603 4.10472973
296 1218 1.10105654 0.00367018848 4.11486486
296 1218 1.10063082 0.0036687694 4.11486486
296 1217 1.10351411 0.00367838038 4.11148649
296 1217 1.10370929 0.00367903096 4.11148649
296 1217 1.10398353 0.0036799451 4.11148649
296 1217 1.10411644 0.00368038813 4.11148649
296 1214 1.10450601 0.0036816867 4.10135135
296 1215 1.12363765 0.00374545884 4.10472973
296 1215 1.12357063 0.00374523545 4.10472973
295 1205 1.09679912 0.00365599705 4.08474576
295 1207 1.10414129 0.00368047096 4.09152542
295 1207 1.10407117 0.00368023722 4.09152542
295 1207 1.10387183 0.00367957276 4.09152542
295 1204 1.10482426 0.00368274754 4.08135593
295 1204 1.10457136 0.00368190453 4.08135593
295 1204 1.1047476 0.00368249199 4.08135593
295 1204 1.10458871 0.00368196236 4.08135593
295 1204 1.10493344 0.00368311145 4.08135593
295 1204 1.10464367 0.00368214556 4.08135593
294 1198 1.09230084 0.00364100279 4.07482993
294 1198 1.09247877 0.00364159591 4.07482993
294 1198 1.09238701 0.00364129002 4.07482993
294 1198 1.09244562 0.00364148541 4.07482993
294 1198 1.09152673 0.00363842244 4.07482993
294 1198 1.09261657 0.00364205525 4.07482993
294 1198 1.09284747 0.00364282491 4.07482993
294 1198 1.09271257 0.00364237525 4.07482993
294 1198 1.09262751 0.00364209172 4.07482993
294 1198 1.09230626 0.00364102086 4.07482993
293 1186 1.07226825 0.00357422752 4.04778157
293 1186 1.07228072 0.00357426908 4.04778157
293 1186 1.07188179 0.00357293929 4.04778157
293 1186 1.07179078 0.00357263594 4.04778157
293 1186 1.07219303 0.00357397678 4.04778157
293 1186 1.0714766 0.00357158865 4.04778157
293 1186 1.07244577 0.00357481924 4.04778157
293 1186 1.07248595 0.00357495316 4.04778157
293 1190 1.07319988 0.00357733292 4.06143345
293 1190 1.07358302 0.00357861007 4.06143345
292 1180 1.03599206 0.00345330685 4.04109589
292 1181 1.03743132 0.00345810441 4.04452055
292 1181 1.03047734 0.00343492448 4.04452055
292 1180 1.04350115 0.00347833717 4.04109589
292 1183 1.05027043 0.00350090145 4.05136986
292 1183 1.05082588 0.00350275292 4.05136986
292 1183 1.05154195 0.00350513984 4.05136986
292 1183 1.05146571 0.00350488569 4.05136986
292 1183 1.05268954 0.00350896513 4.05136986
292 1178 1.05284998 0.00350949994 4.03424658
291 1168 1.02613195 0.00342043984 4.0137457
291 1168 1.02656603 0.00342188678 4.0137457
291 1168 1.02681629 0.00342272097 4.0137457
291 1168 1.02676472 0.00342254906 4.0137457
291 1168 1.02560714 0.00341869046 4.0137457
291 1168 1.02617753 0.00342059175 4.0137457
291 1168 1.02608088 0.00342026961 4.0137457
291 1168 1.02606562 0.00342021872 4.0137457
291 1168 1.0265236 0.00342174533 4.0137457
291 1168 1.025472 0.00341823999 4.0137457
290 1159 0.990310673 0.00330103558 3.99655172
290 1159 0.990272732 0.00330090911 3.99655172
290 1161 1.00458813 0.0033486271 4.00344828
290 1161 1.00530567 0.00335101889 4.00344828
290 1161 1.00485863 0.00334952877 4.00344828
290 1161 1.0048658 0.00334955268 4.00344828
290 1161 1.00422252 0.0033474084 4.00344828
290 1161 1.00444719 0.00334815731 4.00344828
290 1159 1.00839781 0.00336132605 3.99655172
290 1159 1.00853358 0.00336177861 3.99655172
289 1152 0.978875802 0.00326291934 3.98615917
289 1152 0.979721485 0.00326573828 3.98615917
289 1152 0.98435127 0.0032811709 3.98615917
289 1152 0.983857 0.00327952333 3.98615917
289 1152 0.983764323 0.00327921441 3.98615917
289 1152 0.985010263 0.00328336754 3.98615917
289 1152 0.984893655 0.00328297885 3.98615917
289 1152 0.98528646 0.0032842882 3.98615917
289 1152 0.984864165 0.00328288055 3.98615917
289 1152 0.984568076 0.00328189359 3.98615917
288 1143 0.961486389 0.00320495463 3.96875
288 1143 0.961026325 0.00320342108 3.96875
288 1143 0.961035192 0.00320345064 3.96875
288 1143 0.961283721 0.00320427907 3.96875
288 1143 0.961468108 0.00320489369 3.96875
288 1143 0.961018521 0.00320339507 3.96875
288 1143 0.961734879 0.00320578293 3.96875
288 1143 0.961453371 0.00320484457 3.96875
288 1143 0.961134777 0.00320378259 3.96875
288 1143 0.96149501 0.00320498337 3.96875
287 1132 0.932107339 0.00310702446 3.94425087
287 1130 0.927560827 0.00309186942 3.93728223
287 1135 0.937986991 0.0031266233 3.95470383
287 1135 0.937561694 0.00312520565 3.95470383
287 1133 0.933153981 0.00311051327 3.94773519
287 1133 0.93344161 0.00311147203 3.94773519
287 1133 0.935281354 0.00311760451 3.94773519
287 1133 0.936200707 0.00312066902 3.94773519
287 1133 0.935904992 0.00311968331 3.94773519
287 1133 0.935921412 0.00311973804 3.94773519
286 1126 0.910184588 0.00303394863 3.93706294
286 1122 0.912120235 0.00304040078 3.92307692
286 1122 0.911989901 0.00303996634 3.92307692
286 1122 0.911460532 0.00303820177 3.92307692
286 1122 0.911934841 0.0030397828 3.92307692
286 1122 0.911083886 0.00303694629 3.92307692
286 1122 0.912713141 0.00304237714 3.92307692
286 1122 0.912178381 0.0030405946 3.92307692
286 1122 0.911756603 0.00303918868 3.92307692
286 1122 0.912604465 0.00304201488 3.92307692
285 1113 0.882061724 0.00294020575 3.90526316
285 1113 0.882571274 0.00294190425 3.90526316
285 1113 0.883004896 0.00294334965 3.90526316
285 1112 0.883451911 0.0029448397 3.90175439
285 1113 0.878220597 0.00292740199 3.90526316
285 1114 0.883714487 0.00294571496 3.90877193
285 1114 0.882707531 0.00294235844 3.90877193
285 1117 0.90149777 0.00300499257 3.91929825
285 1116 0.898063562 0.00299354521 3.91578947
285 1121 0.895974248 0.00298658083 3.93333333
284 1108 0.873666502 0.00291222167 3.90140845
284 1114 0.896847174 0.00298949058 3.92253521
284 1114 0.897726483 0.00299242161 3.92253521
284 1114 0.89651898 0.0029883966 3.92253521
284 1114 0.897519013 0.00299173004 3.92253521
284 1114 0.897017541 0.00299005847 3.92253521
284 1114 0.896807837 0.00298935946 3.92253521
284 1114 0.897097935 0.00299032645 3.92253521
284 1112 0.900632824 0.00300210941 3.91549296
284 1115 0.90018834 0.0030006278 3.92605634
283 1107 0.887448273 0.00295816091 3.91166078
283 1107 0.887604243 0.00295868081 3.91166078
283 1107 0.887965997 0.00295988666 3.91166078
283 1107 0.887347691 0.00295782564 3.91166078
283 1107 0.887604931 0.0029586831 3.91166078
283 1107 0.887283908 0.00295761303 3.91166078
283 1107 0.887308286 0.00295769429 3.91166078
283 1107 0.887892327 0.00295964109 3.91166078
283 1107 0.887984588 0.00295994863 3.91166078
283 1107 0.887614517 0.00295871506 3.91166078
282 1096 0.859902139 0.00286634046 3.88652482
282 1098 0.862843178 0.00287614393 3.89361702
282 1094 0.86500424 0.00288334747 3.87943262
282 1094 0.866590607 0.00288863536 3.87943262
282 1094 0.867326491 0.0028910883 3.87943262
282 1094 0.867704032 0.00289234677 3.87943262
282 1094 0.867586724 0.00289195575 3.87943262
282 1094 0.867966426 0.00289322142 3.87943262
282 1094 0.868345929 0.00289448643 3.87943262
282 1094 0.867293255 0.00289097752 3.87943262
281 1083 0.841500517 0.00280500172 3.85409253
281 1084 0.85785913 0.00285953043 3.85765125
281 1094 0.854091139 0.00284697046 3.89323843
281 1094 0.861497798 0.00287165933 3.89323843
281 1094 0.989098755 0.00329699585 3.89323843
281 1094 0.993155192 0.00331051731 3.89323843
281 1097 1.01151618 0.00337172061 3.90391459
281 1092 1.03110912 0.00343703039 3.886121
281 1094 1.0287033 0.00342901101 3.89323843
281 1097 1.02875075 0.00342916917 3.90391459
280 1088 1.02670295 0.00342234316 3.88571429
280 1092 1.02297567 0.0034099189 3.9
280 1087 1.02940685 0.00343135618 3.88214286
280 1086 1.02774478 0.00342581595 3.87857143
280 1079 1.0241216 0.00341373867 3.85357143
280 1081 1.03543845 0.00345146149 3.86071429
279 1070 1.03500771 0.00345002569 3.83512545
279 1075 1.0349473 0.00344982432 3.85304659
279 1076 1.02977843 0.00343259476 3.85663082
279 1073 1.02533855 0.00341779516 3.84587814
278 1065 1.02371021 0.00341236737 3.83093525
278 1065 1.02565363 0.00341884545 3.83093525
278 1061 1.02966297 0.00343220988 3.81654676
278 1061 1.02995262 0.0034331754 3.81654676
278 1067 1.03095568 0.00343651894 3.8381295
278 1067 1.03086045 0.00343620151 3.8381295
278 1067 1.03084049 0.00343613497 3.8381295
278 1067 1.03086568 0.00343621893 3.8381295
278 1067 1.03088959 0.00343629863 3.8381295
278 1067 1.03081033 0.00343603443 3.8381295
277 1060 1.02504162 0.00341680539 3.8267148
277 1056 1.02770678 0.00342568926 3.81227437
277 1056 1.02765473 0.00342551576 3.81227437
277 1056 1.02770134 0.00342567113 3.81227437
277 1054 1.03015318 0.00343384393 3.80505415
277 1059 1.03096829 0.00343656096 3.82310469
277 1059 1.03095814 0.00343652713 3.82310469
277 1060 1.03337271 0.0034445757 3.8267148
277 1060 1.03337577 0.00344458591 3.8267148
277 1060 1.03337467 0.00344458224 3.8267148
276 1054 1.03010492 0.00343368305 3.81884058
276 1054 1.0302267 0.00343408901 3.81884058
276 1054 1.03016217 0.00343387391 3.81884058
276 1054 1.03012587 0.00343375291 3.81884058
276 1053 1.02973452 0.00343244839 3.81521739
276 1053 1.02990104 0.00343300348 3.81521739
276 1053 1.02995957 0.00343319858 3.81521739
276 1054 1.03016597 0.00343388656 3.81884058
276 1054 1.03020545 0.00343401816 3.81884058
276 1054 1.03019517 0.00343398392 3.81884058
275 1045 1.02375589 0.00341251963 3.8
275 1045 1.02685382 0.00342284607 3.8
275 1045 1.02683797 0.00342279325 3.8
275 1047 1.02804914 0.00342683047 3.80727273
275 1047 1.028107 0.00342702334 3.80727273
275 1047 1.02822693 0.00342742311 3.80727273
275 1047 1.02826566 0.00342755221 3.80727273
275 1047 1.02813468 0.00342711561 3.80727273
275 1047 1.02818473 0.00342728242 3.80727273
275 1047 1.02824379 0.00342747929 3.80727273
274 1041 1.02352407 0.00341174689 3.79927007
274 1041 1.02359389 0.00341197962 3.79927007
274 1041 1.0234581 0.00341152701 3.79927007
274 1041 1.02343811 0.00341146035 3.79927007
274 1041 1.02346193 0.00341153978 3.79927007
274 1041 1.02341644 0.00341138813 3.79927007
274 1038 1.02483857 0.00341612855 3.78832117
274 1038 1.02488883 0.00341629609 3.78832117
274 1038 1.02489881 0.00341632936 3.78832117
274 1038 1.02483807 0.00341612689 3.78832117
273 1031 1.01902587 0.00339675291 3.77655678
273 1031 1.01924762 0.00339749206 3.77655678
273 1031 1.0191074 0.00339702467 3.77655678
273 1031 1.01891369 0.00339637895 3.77655678
273 1031 1.0189844 0.00339661467 3.77655678
273 1031 1.01886181 0.00339620604 3.77655678
273 1031 1.01891523 0.0033963841 3.77655678
273 1031 1.01909433 0.00339698112 3.77655678
273 1031 1.01901331 0.00339671102 3.77655678
273 1031 1.01915694 0.00339718981 3.77655678
272 1024 1.01380526 0.00337935086 3.76470588
272 1022 1.01526465 0.00338421551 3.75735294
272 1022 1.01525241 0.0033841747 3.75735294
272 1022 1.01519899 0.00338399662 3.75735294
272 1022 1.01523082 0.00338410275 3.75735294
272 1022 1.01538866 0.00338462887 3.75735294
272 1022 1.01530938 0.00338436461 3.75735294
272 1022 1.01528325 0.00338427749 3.75735294
272 1022 1.0152801 0.003384267 3.75735294
272 1022 1.01531337 0.00338437789 3.75735294
271 1018 1.00982759 0.00336609197 3.75645756
271 1013 1.01006504 0.00336688348 3.73800738
271 1013 1.01010977 0.00336703257 3.73800738
271 1013 1.01011254 0.0033670418 3.73800738
271 1015 1.01037293 0.00336790977 3.74538745
271 1011 1.01186784 0.0033728928 3.73062731
271 1011 1.01188367 0.00337294555 3.73062731
271 1011 1.01190454 0.00337301514 3.73062731
271 1011 1.01186564 0.00337288546 3.73062731
271 1011 1.01190139 0.00337300464 3.73062731
270 1001 1.005374 0.00335124668 3.70740741
270 1005 1.00775756 0.00335919188 3.72222222
270 1005 1.00750897 0.00335836323 3.72222222
270 1005 1.00751828 0.00335839428 3.72222222
270 1005 1.00769466 0.00335898219 3.72222222
270 1006 1.00607494 0.00335358313 3.72592593
270 1005 1.00759037 0.00335863457 3.72222222
270 1005 1.0077233 0.00335907765 3.72222222
270 1005 1.00758184 0.00335860612 3.72222222
270 1005 1.0076506 0.00335883533 3.72222222
269 998 1.00283238 0.00334277459 3.71003717
269 1001 1.00255069 0.00334183562 3.72118959
269 1001 1.00259063 0.00334196876 3.72118959
269 998 1.00278318 0.00334261059 3.71003717
269 998 1.00282 0.00334273334 3.71003717
269 998 1.00505312 0.00335017706 3.71003717
269 998 1.00518199 0.00335060665 3.71003717
269 998 1.00528214 0.00335094047 3.71003717
269 998 1.00523174 0.00335077245 3.71003717
269 998 1.0052869 0.00335095632 3.71003717
268 990 0.998235173 0.00332745058 3.69402985
268 993 1.00118639 0.00333728796 3.70522388
268 993 1.00114342 0.00333714472 3.70522388
268 993 1.00112372 0.00333707907 3.70522388
268 993 1.00114337 0.00333714458 3.70522388
268 993 1.00106047 0.00333686824 3.70522388
268 993 1.00113022 0.00333710074 3.70522388
268 993 1.00115224 0.00333717414 3.70522388
268 993 1.00116908 0.00333723026 3.70522388
268 993 1.00112388 0.0033370796 3.70522388
267 989 0.996121122 0.00332040374 3.70411985
267 984 0.996124968 0.00332041656 3.68539326
267 984 0.995980434 0.00331993478 3.68539326
267 984 0.995920829 0.0033197361 3.68539326
267 984 0.996102412 0.00332034137 3.68539326
267 984 0.996082219 0.00332027406 3.68539326
267 984 0.996198492 0.00332066164 3.68539326
267 984 0.996187025 0.00332062342 3.68539326
267 984 0.996072024 0.00332024008 3.68539326
267 984 0.99612393 0.0033204131 3.68539326
266 974 0.988836816 0.00329612272 3.66165414
266 978 0.990293533 0.00330097844 3.67669173
266 978 0.990199303 0.00330066434 3.67669173
266 978 0.990371148 0.00330123716 3.67669173
266 978 0.990426747 0.00330142249 3.67669173
266 977 0.991683025 0.00330561008 3.67293233
266 977 0.991674308 0.00330558103 3.67293233
266 977 0.991783372 0.00330594457 3.67293233
266 977 0.991661588 0.00330553863 3.67293233
266 977 0.991598382 0.00330532794 3.67293233
265 969 0.98533002 0.0032844334 3.65660377
265 970 0.985996078 0.00328665359 3.66037736
265 970 0.985961194 0.00328653731 3.66037736
265 971 0.986301609 0.00328767203 3.66415094
265 971 0.986319866 0.00328773289 3.66415094
265 971 0.986285816 0.00328761939 3.66415094
265 971 0.986313234 0.00328771078 3.66415094
265 971 0.986303837 0.00328767946 3.66415094
265 971 0.986338159 0.00328779386 3.66415094
265 971 0.986349327 0.00328783109 3.66415094
264 965 0.980489683 0.00326829894 3.65530303
264 967 0.982798192 0.00327599397 3.66287879
264 967 0.982744953 0.00327581651 3.66287879
264 967 0.982711142 0.00327570381 3.66287879
264 967 0.982709861 0.00327569954 3.66287879
264 966 0.983285469 0.00327761823 3.65909091
264 966 0.983167326 0.00327722442 3.65909091
264 966 0.983248381 0.0032774946 3.65909091
264 966 0.98326862 0.00327756207 3.65909091
264 962 0.984280096 0.00328093365 3.64393939
263 956 0.979195843 0.00326398614 3.63498099
263 956 0.979379387 0.00326459796 3.63498099
263 956 0.979330125 0.00326443375 3.63498099
263 955 0.97942012 0.00326473373 3.63117871
263 956 0.97702543 0.00325675143 3.63498099
263 956 0.977133549 0.00325711183 3.63498099
263 955 0.977608765 0.00325869588 3.63117871
263 955 0.977609247 0.00325869749 3.63117871
263 955 0.977609723 0.00325869908 3.63117871
263 955 0.977575765 0.00325858588 3.63117871
262 947 0.972744287 0.00324248096 3.61450382
262 947 0.972721016 0.00324240339 3.61450382
262 947 0.972796234 0.00324265411 3.61450382
262 946 0.973212848 0.00324404283 3.61068702
262 946 0.973252988 0.00324417663 3.61068702
262 946 0.973210867 0.00324403622 3.61068702
262 948 0.974505775 0.00324835258 3.61832061
262 948 0.974537045 0.00324845682 3.61832061
262 946 0.974545987 0.00324848662 3.61068702
262 946 0.974632841 0.00324877614 3.61068702
261 938 0.969273786 0.00323091262 3.59386973
261 938 0.969286943 0.00323095648 3.59386973
261 938 0.96930057 0.0032310019 3.59386973
261 938 0.969985977 0.00323328659 3.59386973
261 938 0.970044974 0.00323348325 3.59386973
261 938 0.970047906 0.00323349302 3.59386973
261 938 0.970032077 0.00323344026 3.59386973
261 943 0.974487859 0.00324829286 3.61302682
260 938 0.971441851 0.0032381395 3.60769231
260 938 0.971409877 0.00323803292 3.60769231
259 929 0.967134231 0.00322378077 3.58687259
259 929 0.967111502 0.00322370501 3.58687259
259 929 0.967101546 0.00322367182 3.58687259
259 929 0.967050431 0.00322350144 3.58687259
259 929 0.967213423 0.00322404474 3.58687259
259 929 0.967182478 0.00322394159 3.58687259
259 932 0.967165036 0.00322388345 3.5984556
259 932 0.967178608 0.00322392869 3.5984556
259 932 0.967141284 0.00322380428 3.5984556
259 932 0.967208567 0.00322402856 3.5984556
258 924 0.962836595 0.00320945532 3.58139535
258 924 0.962937843 0.00320979281 3.58139535
258 924 0.962913633 0.00320971211 3.58139535
258 924 0.96286881 0.0032095627 3.58139535
258 924 0.962862192 0.00320954064 3.58139535
258 924 0.962878139 0.0032095938 3.58139535
258 923 0.963172363 0.00321057454 3.57751938
258 923 0.963195247 0.00321065082 3.57751938
258 923 0.96317189 0.00321057297 3.57751938
258 923 0.963147469 0.00321049156 3.57751938
257 915 0.958215561 0.00319405187 3.56031128
257 915 0.958275436 0.00319425145 3.56031128
257 915 0.958258524 0.00319419508 3.56031128
257 916 0.959026116 0.00319675372 3.56420233
257 916 0.959062995 0.00319687665 3.56420233
257 916 0.958999676 0.00319666559 3.56420233
257 916 0.9588383 0.00319612767 3.56420233
257 916 0.959042802 0.00319680934 3.56420233
257 916 0.959052637 0.00319684212 3.56420233
257 916 0.958972411 0.0031965747 3.56420233
256 911 0.952544014 0.00317514671 3.55859375
256 910 0.953309528 0.00317769843 3.5546875
256 910 0.953256103 0.00317752034 3.5546875
256 908 0.954216115 0.00318072038 3.546875
256 908 0.954809066 0.00318269689 3.546875
256 908 0.95477379 0.0031825793 3.546875
256 908 0.954749506 0.00318249835 3.546875
256 908 0.954773961 0.00318257987 3.546875
256 908 0.954802902 0.00318267634 3.546875
256 908 0.954875083 0.00318291694 3.546875
255 900 0.949962439 0.00316654146 3.52941176
255 900 0.950082763 0.00316694254 3.52941176
255 900 0.950000491 0.0031666683 3.52941176
255 900 0.950130163 0.00316710054 3.52941176
255 900 0.950015337 0.00316671779 3.52941176
255 900 0.950036253 0.00316678751 3.52941176
255 900 0.95015075 0.00316716917 3.52941176
255 900 0.950029064 0.00316676355 3.52941176
255 900 0.950098184 0.00316699395 3.52941176
255 900 0.950128007 0.00316709336 3.52941176
254 894 0.941771081 0.00313923694 3.51968504
254 899 0.945151273 0.00315050424 3.53937008
254 899 0.945196424 0.00315065475 3.53937008
254 899 0.94510548 0.0031503516 3.53937008
254 899 0.945244244 0.00315081415 3.53937008
254 899 0.945031887 0.00315010629 3.53937008
254 899 0.945204038 0.00315068013 3.53937008
254 899 0.945202499 0.003150675 3.53937008
254 899 0.945112796 0.00315037599 3.53937008
254 899 0.945097439 0.0031503248 3.53937008
253 892 0.938041524 0.00312680508 3.5256917
253 892 0.937978968 0.00312659656 3.5256917
253 892 0.937910372 0.00312636791 3.5256917
253 892 0.937967867 0.00312655956 3.5256917
253 892 0.93770049 0.0031256683 3.5256917
253 892 0.938128175 0.00312709392 3.5256917
253 892 0.938112449 0.0031270415 3.5256917
253 892 0.937992393 0.00312664131 3.5256917
253 892 0.938011888 0.00312670629 3.5256917
253 892 0.937895316 0.00312631772 3.5256917
252 887 0.931839925 0.00310613308 3.51984127
252 887 0.931836624 0.00310612208 3.51984127
252 887 0.931809615 0.00310603205 3.51984127
252 887 0.932349259 0.00310783086 3.51984127
252 888 0.933292289 0.0031109743 3.52380952
252 888 0.933398746 0.00311132915 3.52380952
252 888 0.933303579 0.00311101193 3.52380952
252 888 0.933227672 0.00311075891 3.52380952
252 888 0.933327037 0.00311109012 3.52380952
252 888 0.9333242 0.00311108067 3.52380952
251 883 0.925066045 0.00308355348 3.51792829
251 885 0.924584827 0.00308194942 3.52589641
251 882 0.925563712 0.00308521237 3.51394422
251 882 0.925169764 0.00308389921 3.51394422
251 882 0.925097763 0.00308365921 3.51394422
251 882 0.925472329 0.00308490776 3.51394422
251 882 0.925199329 0.00308399776 3.51394422
251 882 0.92531893 0.00308439643 3.51394422
251 881 0.926626452 0.00308875484 3.50996016
251 881 0.926481079 0.00308827026 3.50996016
250 875 0.91840157 0.00306133857 3.5
250 872 0.918698083 0.00306232694 3.488
250 872 0.918508953 0.00306169651 3.488
250 872 0.918582736 0.00306194245 3.488
250 872 0.918753281 0.00306251094 3.488
250 872 0.918768242 0.00306256081 3.488
250 871 0.918908131 0.0030630271 3.484
250 871 0.918856332 0.00306285444 3.484
250 871 0.919098696 0.00306366232 3.484
250 871 0.919002452 0.00306334151 3.484
249 861 0.911298296 0.00303766099 3.45783133
249 866 0.911076158 0.00303692053 3.47791165
249 862 0.914181295 0.00304727098 3.46184739
249 862 0.914569644 0.00304856548 3.46184739
248 855 0.907982029 0.00302660676 3.44758065
248 855 0.907975144 0.00302658381 3.44758065
248 857 0.907455429 0.00302485143 3.45564516
248 857 0.907416516 0.00302472172 3.45564516
248 855 0.908000624 0.00302666875 3.44758065
248 855 0.907943868 0.00302647956 3.44758065
246 843 0.901219735 0.00300406578 3.42682927
246 843 0.90110681 0.00300368937 3.42682927
246 843 0.901364217 0.00300454739 3.42682927
246 843 0.901342498 0.00300447499 3.42682927
246 843 0.901182624 0.00300394208 3.42682927
246 843 0.901347785 0.00300449262 3.42682927
246 843 0.901203768 0.00300401256 3.42682927
246 843 0.90145648 0.00300485493 3.42682927
246 843 0.901380221 0.00300460074 3.42682927
246 841 0.893898876 0.00297966292 3.41869919
245 838 0.886845008 0.00295615003 3.42040816
245 835 0.886927849 0.00295642616 3.40816327
245 838 0.88710278 0.00295700927 3.42040816
245 838 0.886905807 0.00295635269 3.42040816
245 832 0.887256125 0.00295752042 3.39591837
245 832 0.887327883 0.00295775961 3.39591837
245 832 0.88715085 0.0029571695 3.39591837
245 832 0.887191717 0.00295730572 3.39591837
245 832 0.887223968 0.00295741323 3.39591837
245 832 0.887100006 0.00295700002 3.39591837
244 829 0.880086597 0.00293362199 3.39754098
244 825 0.88059899 0.00293532997 3.38114754
244 832 0.887245468 0.00295748489 3.40983607
244 832 0.887289952 0.00295763317 3.40983607
244 832 0.887177048 0.00295725683 3.40983607
244 829 0.886021563 0.00295340521 3.39754098
244 829 0.885765611 0.00295255204 3.39754098
244 829 0.885836463 0.00295278821 3.39754098
244 829 0.885940068 0.00295313356 3.39754098
244 829 0.885847937 0.00295282646 3.39754098
243 823 0.878017001 0.00292672334 3.38683128
243 823 0.877786241 0.00292595414 3.38683128
243 821 0.876942973 0.00292314324 3.37860082
243 823 0.877699112 0.00292566371 3.38683128
243 823 0.878000746 0.00292666915 3.38683128
243 823 0.87800011 0.00292666703 3.38683128
243 824 0.885813464 0.00295271155 3.3909465
243 824 0.885958031 0.00295319344 3.3909465
243 825 0.88704984 0.0029568328 3.39506173
243 825 0.887249429 0.0029574981 3.39506173
242 817 0.878844317 0.00292948106 3.37603306
242 819 0.878755905 0.00292918635 3.38429752
242 818 0.880847778 0.00293615926 3.38016529
242 818 0.880659887 0.00293553296 3.38016529
242 818 0.880644264 0.00293548088 3.38016529
242 818 0.88074862 0.00293582873 3.38016529
242 818 0.880794841 0.0029359828 3.38016529
242 818 0.880746946 0.00293582315 3.38016529
242 818 0.880920575 0.00293640192 3.38016529
242 818 0.880737903 0.00293579301 3.38016529
241 812 0.872995897 0.00290998632 3.36929461
241 811 0.871623711 0.00290541237 3.36514523
241 814 0.874142792 0.00291380931 3.37759336
241 814 0.874307998 0.00291435999 3.37759336
241 814 0.874303768 0.00291434589 3.37759336
241 814 0.874304681 0.00291434894 3.37759336
241 814 0.874361035 0.00291453678 3.37759336
241 814 0.874388434 0.00291462811 3.37759336
241 816 0.874119119 0.0029137304 3.38589212
241 816 0.874157118 0.00291385706 3.38589212
240 809 0.868468289 0.0028948943 3.37083333
240 809 0.868388257 0.00289462752 3.37083333
240 809 0.868230347 0.00289410116 3.37083333
240 809 0.868612282 0.00289537427 3.37083333
240 809 0.868394369 0.0028946479 3.37083333
240 807 0.86825846 0.00289419487 3.3625
240 807 0.868378277 0.00289459426 3.3625
240 807 0.86837332 0.00289457773 3.3625
240 807 0.868233364 0.00289411121 3.3625
240 807 0.868241606 0.00289413869 3.3625
239 799 0.860464098 0.00286821366 3.34309623
239 802 0.861021673 0.00287007224 3.35564854
239 802 0.861896727 0.00287298909 3.35564854
239 802 0.861875183 0.00287291728 3.35564854
239 805 0.864380558 0.00288126853 3.36820084
239 805 0.864235957 0.00288078652 3.36820084
239 805 0.864965728 0.00288321909 3.36820084
239 805 0.864627442 0.00288209147 3.36820084
239 805 0.864460268 0.00288153423 3.36820084
239 805 0.86473705 0.00288245683 3.36820084
238 802 0.857461576 0.00285820525 3.3697479
238 802 0.857516679 0.00285838893 3.3697479
238 798 0.859117725 0.00286372575 3.35294118
238 798 0.858664054 0.00286221351 3.35294118
238 798 0.858401484 0.00286133828 3.35294118
238 798 0.85861371 0.0028620457 3.35294118
238 798 0.858782648 0.00286260883 3.35294118
238 798 0.858695108 0.00286231703 3.35294118
238 798 0.858919776 0.00286306592 3.35294118
238 798 0.858658606 0.00286219535 3.35294118
237 794 0.852237278 0.00284079093 3.35021097
237 793 0.851216193 0.00283738731 3.34599156
237 793 0.851917497 0.00283972499 3.34599156
237 793 0.851880634 0.00283960211 3.34599156
237 794 0.851682636 0.00283894212 3.35021097
237 795 0.852287795 0.00284095932 3.35443038
237 796 0.853402583 0.00284467528 3.35864979
237 796 0.853357882 0.00284452627 3.35864979
237 796 0.853403359 0.00284467786 3.35864979
237 796 0.853326478 0.00284442159 3.35864979
236 791 0.852294773 0.00284098258 3.35169492
236 790 0.850589222 0.00283529741 3.34745763
236 790 0.850554629 0.0028351821 3.34745763
236 790 0.85067229 0.0028355743 3.34745763
236 790 0.850641334 0.00283547111 3.34745763
236 790 0.850666667 0.00283555556 3.34745763
236 793 0.852209208 0.00284069736 3.36016949
236 793 0.851982851 0.00283994284 3.36016949
236 793 0.852241411 0.0028408047 3.36016949
236 793 0.852121517 0.00284040506 3.36016949
235 790 0.844002864 0.00281334288 3.36170213
235 787 0.844063271 0.00281354424 3.34893617
235 785 0.844012682 0.00281337561 3.34042553
235 785 0.844080993 0.00281360331 3.34042553
235 785 0.844032563 0.00281344188 3.34042553
235 785 0.844254491 0.00281418164 3.34042553
235 785 0.844244339 0.0028141478 3.34042553
235 785 0.844341348 0.00281447116 3.34042553
235 789 0.842926705 0.00280975568 3.35744681
235 789 0.842768938 0.00280922979 3.35744681
234 783 0.835215971 0.00278405324 3.34615385
234 782 0.837305233 0.00279101744 3.34188034
234 782 0.837287525 0.00279095842 3.34188034
234 782 0.837358257 0.00279119419 3.34188034
234 779 0.839116297 0.00279705432 3.32905983
234 779 0.839155006 0.00279718335 3.32905983
234 779 0.839333724 0.00279777908 3.32905983
234 779 0.838838719 0.00279612906 3.32905983
234 779 0.839249787 0.00279749929 3.32905983
234 779 0.838999042 0.00279666347 3.32905983
233 774 0.834698258 0.00278232753 3.32188841
233 774 0.834508093 0.00278169364 3.32188841
233 774 0.834678757 0.00278226252 3.32188841
233 774 0.834545071 0.0027818169 3.32188841
233 774 0.834639405 0.00278213135 3.32188841
233 774 0.834459581 0.00278153194 3.32188841
233 771 0.833644978 0.00277881659 3.30901288
233 771 0.833517196 0.00277839065 3.30901288
233 771 0.833537342 0.00277845781 3.30901288
233 771 0.83346577 0.00277821923 3.30901288
232 767 0.825514192 0.00275171397 3.30603448
232 766 0.826391894 0.00275463965 3.30172414
232 765 0.829069894 0.00276356631 3.29741379
232 765 0.828875748 0.00276291916 3.29741379
232 765 0.828870049 0.00276290016 3.29741379
232 765 0.828680846 0.00276226949 3.29741379
232 765 0.828855172 0.00276285057 3.29741379
232 765 0.828744091 0.0027624803 3.29741379
232 765 0.828811575 0.00276270525 3.29741379
232 765 0.828817035 0.00276272345 3.29741379
231 762 0.819963542 0.00273321181 3.2987013
231 757 0.821430189 0.00273810063 3.27705628
231 757 0.821755434 0.00273918478 3.27705628
231 760 0.82212208 0.00274040693 3.29004329
231 760 0.821953272 0.00273984424 3.29004329
231 759 0.822053775 0.00274017925 3.28571429
231 759 0.821567962 0.00273855987 3.28571429
231 759 0.822004616 0.00274001539 3.28571429
231 759 0.821913405 0.00273971135 3.28571429
231 759 0.821985817 0.00273995272 3.28571429
230 756 0.8137151 0.00271238367 3.28695652
230 753 0.814224806 0.00271408269 3.27391304
230 754 0.815557755 0.00271852585 3.27826087
230 754 0.815008117 0.00271669372 3.27826087
230 754 0.815298289 0.00271766096 3.27826087
230 754 0.815100603 0.00271700201 3.27826087
230 754 0.815367955 0.00271789318 3.27826087
230 754 0.815120733 0.00271706911 3.27826087
230 754 0.815293736 0.00271764579 3.27826087
230 754 0.815225817 0.00271741939 3.27826087
229 751 0.806950757 0.00268983586 3.27947598
229 751 0.806875937 0.00268958646 3.27947598
229 751 0.80683364 0.00268944547 3.27947598
229 751 0.806808467 0.00268936156 3.27947598
229 751 0.806985532 0.00268995177 3.27947598
229 751 0.806916319 0.00268972106 3.27947598
229 751 0.80671597 0.00268905323 3.27947598
229 751 0.806541415 0.00268847138 3.27947598
229 751 0.807149509 0.00269049836 3.27947598
229 749 0.807590393 0.00269196798 3.27074236
228 743 0.798950281 0.0026631676 3.25877193
228 743 0.79910609 0.00266368697 3.25877193
228 743 0.799286336 0.00266428779 3.25877193
228 745 0.800159697 0.00266719899 3.26754386
228 745 0.800234639 0.0026674488 3.26754386
228 745 0.79997718 0.0026665906 3.26754386
228 745 0.800223507 0.00266741169 3.26754386
228 742 0.801462188 0.00267154063 3.25438596
228 742 0.801489554 0.00267163185 3.25438596
228 742 0.801296766 0.00267098922 3.25438596
227 735 0.792626799 0.00264208933 3.23788546
227 738 0.793095594 0.00264365198 3.25110132
227 738 0.792984107 0.00264328036 3.25110132
227 738 0.792789465 0.00264263155 3.25110132
227 737 0.794105609 0.0026470187 3.24669604
227 737 0.79425192 0.0026475064 3.24669604
227 737 0.79396291 0.00264654303 3.24669604
227 737 0.793944772 0.00264648257 3.24669604
227 737 0.794301249 0.00264767083 3.24669604
227 737 0.794110562 0.00264703521 3.24669604
226 732 0.786402735 0.00262134245 3.23893805
226 731 0.787571838 0.00262523946 3.23451327
226 731 0.787511885 0.00262503962 3.23451327
226 731 0.786947524 0.00262315841 3.23451327
226 731 0.787622545 0.00262540848 3.23451327
226 731 0.787546409 0.0026251547 3.23451327
226 731 0.787573921 0.0026252464 3.23451327
226 730 0.785305218 0.00261768406 3.2300885
226 730 0.785191973 0.00261730658 3.2300885
226 730 0.785532217 0.00261844072 3.2300885
225 726 0.777336108 0.00259112036 3.22666667
225 726 0.777010901 0.00259003634 3.22666667
225 724 0.778159113 0.00259386371 3.21777778
225 724 0.778132518 0.00259377506 3.21777778
225 724 0.778177132 0.00259392377 3.21777778
225 724 0.777790158 0.00259263386 3.21777778
225 723 0.780693069 0.00260231023 3.21333333
225 723 0.780598755 0.00260199585 3.21333333
225 723 0.780120857 0.00260040286 3.21333333
225 723 0.780938777 0.00260312926 3.21333333
224 717 0.773001308 0.00257667103 3.20089286
224 717 0.772971246 0.00257657082 3.20089286
224 719 0.774936913 0.00258312304 3.20982143
224 719 0.775417101 0.00258472367 3.20982143
224 719 0.774810154 0.00258270051 3.20982143
224 719 0.775098754 0.00258366251 3.20982143
224 719 0.775216897 0.00258405632 3.20982143
224 719 0.774916862 0.00258305621 3.20982143
224 718 0.779363521 0.0025978784 3.20535714
224 718 0.77941164 0.0025980388 3.20535714
223 712 0.771863163 0.00257287721 3.19282511
223 714 0.772035991 0.0025734533 3.20179372
223 714 0.772272803 0.00257424268 3.20179372
223 714 0.772111124 0.00257370375 3.20179372
223 714 0.772195896 0.00257398632 3.20179372
223 714 0.772042498 0.00257347499 3.20179372
223 714 0.771976169 0.0025732539 3.20179372
223 714 0.772370382 0.00257456794 3.20179372
223 714 0.772308218 0.00257436073 3.20179372
223 714 0.772158027 0.00257386009 3.20179372
222 710 0.765313357 0.00255104452 3.1981982
222 710 0.765330686 0.00255110229 3.1981982
222 710 0.765184503 0.00255061501 3.1981982
222 710 0.765077974 0.00255025991 3.1981982
222 710 0.765182247 0.00255060749 3.1981982
222 710 0.765358193 0.00255119398 3.1981982
222 710 0.765177949 0.00255059316 3.1981982
222 710 0.765240527 0.00255080176 3.1981982
222 710 0.765035765 0.00255011922 3.1981982
222 710 0.765469529 0.0025515651 3.1981982
221 701 0.756890319 0.00252296773 3.1719457
221 701 0.757220189 0.0025240673 3.1719457
221 701 0.757009473 0.00252336491 3.1719457
221 701 0.756993694 0.00252331231 3.1719457
221 701 0.757164881 0.00252388294 3.1719457
221 704 0.758161634 0.00252720545 3.18552036
221 704 0.75891149 0.00252970497 3.18552036
221 704 0.758880955 0.00252960318 3.18552036
221 704 0.763920264 0.00254640088 3.18552036
221 704 0.763850478 0.00254616826 3.18552036
220 698 0.756383709 0.00252127903 3.17272727
220 698 0.756448734 0.00252149578 3.17272727
220 698 0.756450617 0.00252150206 3.17272727
220 698 0.75632158 0.00252107193 3.17272727
220 698 0.756352054 0.00252117351 3.17272727
220 697 0.751214931 0.00250404977 3.16818182
220 698 0.752255465 0.00250751822 3.17272727
220 700 0.751241497 0.00250413832 3.18181818
220 700 0.751025011 0.0025034167 3.18181818
220 700 0.751436636 0.00250478879 3.18181818
219 695 0.747194354 0.00249064785 3.17351598
219 695 0.746925001 0.00248975 3.17351598
219 695 0.747128612 0.00249042871 3.17351598
219 695 0.747039401 0.00249013134 3.17351598
219 695 0.746971502 0.00248990501 3.17351598
219 695 0.747151194 0.00249050398 3.17351598
219 695 0.746894398 0.00248964799 3.17351598
219 689 0.7466323 0.00248877433 3.14611872
219 689 0.746732643 0.00248910881 3.14611872
219 687 0.747339652 0.00249113217 3.1369863
218 684 0.747256394 0.00249085465 3.13761468
218 684 0.747355393 0.00249118464 3.13761468
218 684 0.747153745 0.00249051248 3.13761468
218 684 0.747198129 0.00249066043 3.13761468
218 684 0.747029452 0.00249009817 3.13761468
218 684 0.747383917 0.00249127972 3.13761468
218 684 0.747373955 0.00249124652 3.13761468
218 684 0.747153612 0.00249051204 3.13761468
218 684 0.747625496 0.00249208499 3.13761468
218 684 0.747510077 0.00249170026 3.13761468
217 681 0.738181767 0.00246060589 3.13824885
217 681 0.738317925 0.00246105975 3.13824885
217 680 0.740973454 0.00246991151 3.13364055
217 680 0.740370375 0.00246790125 3.13364055
217 680 0.740618111 0.00246872704 3.13364055
217 678 0.746613608 0.00248871203 3.12442396
217 678 0.747008259 0.00249002753 3.12442396
217 678 0.746951106 0.00248983702 3.12442396
217 678 0.746853611 0.00248951204 3.12442396
217 678 0.746897874 0.00248965958 3.12442396
216 675 0.738241607 0.00246080536 3.125
216 675 0.737893825 0.00245964608 3.125
216 674 0.740074394 0.00246691465 3.12037037
216 674 0.740165196 0.00246721732 3.12037037
216 674 0.739763158 0.00246587719 3.12037037
216 674 0.740591133 0.00246863711 3.12037037
216 674 0.740297634 0.00246765878 3.12037037
216 674 0.741338447 0.00247112816 3.12037037
216 674 0.740213179 0.00246737726 3.12037037
216 674 0.740426184 0.00246808728 3.12037037
215 670 0.730488302 0.00243496101 3.11627907
215 665 0.7333236 0.002444412 3.09302326
215 665 0.733569409 0.00244523136 3.09302326
215 665 0.733448984 0.00244482995 3.09302326
215 665 0.733702236 0.00244567412 3.09302326
215 665 0.733854423 0.00244618141 3.09302326
215 665 0.733636038 0.00244545346 3.09302326
215 665 0.733650316 0.00244550105 3.09302326
215 665 0.733356727 0.00244452242 3.09302326
215 665 0.73343761 0.00244479203 3.09302326
214 662 0.724480166 0.00241493389 3.09345794
214 662 0.724761065 0.00241587022 3.09345794
214 660 0.725670106 0.00241890035 3.08411215
214 660 0.725951945 0.00241983982 3.08411215
214 660 0.725495036 0.00241831679 3.08411215
214 660 0.725474747 0.00241824916 3.08411215
214 660 0.725382446 0.00241794149 3.08411215
214 660 0.725499048 0.00241833016 3.08411215
214 660 0.725363694 0.00241787898 3.08411215
214 659 0.723882431 0.00241294144 3.07943925
213 655 0.713546442 0.00237848814 3.07511737
213 654 0.721214349 0.00240404783 3.07042254
213 654 0.721762642 0.00240587547 3.07042254
213 654 0.722842938 0.00240947646 3.07042254
213 654 0.722091348 0.00240697116 3.07042254
213 654 0.722033367 0.00240677789 3.07042254
213 654 0.722160244 0.00240720081 3.07042254
213 654 0.721980848 0.00240660283 3.07042254
213 654 0.722172997 0.00240724332 3.07042254
213 654 0.721978366 0.00240659455 3.07042254
212 646 0.711213174 0.00237071058 3.04716981
212 647 0.710401233 0.00236800411 3.05188679
212 650 0.715450442 0.00238483481 3.06603774
212 650 0.715571321 0.00238523774 3.06603774
212 650 0.715409063 0.00238469688 3.06603774
212 650 0.715980983 0.00238660328 3.06603774
212 650 0.715177941 0.00238392647 3.06603774
212 650 0.715769669 0.0023858989 3.06603774
212 650 0.715452691 0.0023848423 3.06603774
212 650 0.71501064 0.0023833688 3.06603774
211 647 0.706781928 0.00235593976 3.06635071
211 647 0.706183434 0.00235394478 3.06635071
211 647 0.706626259 0.00235542086 3.06635071
211 647 0.706648536 0.00235549512 3.06635071
211 647 0.706283223 0.00235427741 3.06635071
211 647 0.706481521 0.0023549384 3.06635071
211 647 0.704605309 0.00234868436 3.06635071
211 644 0.708793549 0.00236264516 3.0521327
211 642 0.704461198 0.00234820399 3.04265403
211 642 0.704207096 0.00234735699 3.04265403
210 636 0.700845058 0.00233615019 3.02857143
210 636 0.701033621 0.00233677874 3.02857143
210 637 0.702823316 0.00234274439 3.03333333
210 637 0.703004875 0.00234334958 3.03333333
210 637 0.702435365 0.00234145122 3.03333333
210 637 0.703271407 0.00234423802 3.03333333
210 637 0.702577688 0.00234192563 3.03333333
210 637 0.703152208 0.00234384069 3.03333333
210 637 0.702497781 0.00234165927 3.03333333
210 637 0.702552418 0.00234184139 3.03333333
209 633 0.68983156 0.00229943853 3.02870813
209 632 0.692137033 0.00230712344 3.02392344
209 632 0.693997227 0.00231332409 3.02392344
209 631 0.693287785 0.00231095928 3.01913876
209 631 0.693688165 0.00231229388 3.01913876
209 631 0.693365909 0.0023112197 3.01913876
209 631 0.693502993 0.00231167664 3.01913876
209 631 0.693613432 0.00231204477 3.01913876
209 638 0.692533248 0.00230844416 3.05263158
209 638 0.692524573 0.00230841524 3.05263158
208 634 0.680361064 0.00226787021 3.04807692
208 634 0.682427969 0.0022747599 3.04807692
208 629 0.684766049 0.0022825535 3.02403846
208 629 0.689357705 0.00229785902 3.02403846
208 629 0.689452492 0.00229817497 3.02403846
208 629 0.689207259 0.00229735753 3.02403846
208 629 0.689331468 0.00229777156 3.02403846
208 629 0.689291074 0.00229763691 3.02403846
208 629 0.689270263 0.00229756754 3.02403846
208 629 0.689441406 0.00229813802 3.02403846
207 621 0.681837937 0.00227279312 3
207 621 0.682235996 0.00227411999 3
207 621 0.682226149 0.00227408716 3
207 621 0.681991644 0.00227330548 3
207 621 0.68186121 0.0022728707 3
207 621 0.682426443 0.00227475481 3
207 621 0.682148081 0.00227382694 3
207 621 0.682047603 0.00227349201 3
207 621 0.681911315 0.00227303772 3
207 621 0.681864342 0.00227288114 3
206 616 0.671108687 0.00223702896 2.99029126
206 616 0.671477349 0.00223825783 2.99029126
206 616 0.670204321 0.0022340144 2.99029126
206 616 0.670663663 0.00223554554 2.99029126
206 616 0.670446388 0.00223482129 2.99029126
206 616 0.671065281 0.00223688427 2.99029126
206 616 0.671125533 0.00223708511 2.99029126
206 618 0.672492256 0.00224164085 3
206 618 0.672105813 0.00224035271 3
206 618 0.672644544 0.00224214848 3
205 613 0.660713235 0.00220237745 2.9902439
204 608 0.653580251 0.00217860084 2.98039216
204 608 0.653315909 0.0021777197 2.98039216
204 608 0.653590364 0.00217863455 2.98039216
204 608 0.653464538 0.00217821513 2.98039216
204 608 0.653974624 0.00217991541 2.98039216
203 603 0.645234719 0.0021507824 2.97044335
203 603 0.645839162 0.00215279721 2.97044335
203 603 0.645676224 0.00215225408 2.97044335
203 603 0.645751233 0.00215250411 2.97044335
202 598 0.631917889 0.00210639296 2.96039604
202 599 0.635861734 0.00211953911 2.96534653
202 599 0.635755712 0.00211918571 2.96534653
202 599 0.635397373 0.00211799124 2.96534653
202 599 0.635691842 0.00211897281 2.96534653
202 599 0.635842426 0.00211947475 2.96534653
202 599 0.63628944 0.0021209648 2.96534653
202 599 0.636026217 0.00212008739 2.96534653
202 599 0.636158132 0.00212052711 2.96534653
202 599 0.636059947 0.00212019982 2.96534653
201 594 0.626977106 0.00208992369 2.95522388
201 594 0.624836862 0.00208278954 2.95522388
201 594 0.62600434 0.00208668113 2.95522388
201 594 0.625792916 0.00208597639 2.95522388
201 594 0.62552108 0.00208507027 2.95522388
201 594 0.626095702 0.00208698567 2.95522388
201 594 0.625875388 0.00208625129 2.95522388
201 594 0.626075124 0.00208691708 2.95522388
201 594 0.62605911 0.0020868637 2.95522388
201 594 0.626158954 0.00208719651 2.95522388
200 590 0.613896771 0.00204632257 2.95
200 590 0.612659236 0.00204219745 2.95
200 590 0.613641286 0.00204547095 2.95
200 590 0.6139831 0.00204661033 2.95
200 590 0.612915058 0.00204305019 2.95
200 590 0.614568173 0.00204856058 2.95
200 590 0.614254969 0.00204751656 2.95
200 590 0.614339631 0.00204779877 2.95
200 590 0.613479464 0.00204493155 2.95
200 587 0.614921421 0.00204973807 2.935
199 582 0.603646641 0.00201215547 2.92462312
199 582 0.603815313 0.00201271771 2.92462312
199 582 0.603562277 0.00201187426 2.92462312
199 582 0.604043693 0.00201347898 2.92462312
199 582 0.603526391 0.00201175464 2.92462312
199 582 0.603438037 0.00201146012 2.92462312
199 582 0.603337175 0.00201112392 2.92462312
199 582 0.603410144 0.00201136715 2.92462312
199 582 0.603414095 0.00201138032 2.92462312
199 582 0.603626107 0.00201208702 2.92462312
197 573 0.588114513 0.00196038171 2.90862944
197 572 0.574535681 0.00191511894 2.9035533
197 571 0.569974208 0.00189991403 2.89847716
197 571 0.58171087 0.00193903623 2.89847716
197 575 0.592051463 0.00197350488 2.91878173
197 576 0.59285341 0.00197617803 2.92385787
197 576 0.593045558 0.00197681853 2.92385787
197 579 0.595587785 0.00198529262 2.93908629
197 579 0.595528297 0.00198509432 2.93908629
197 579 0.595854265 0.00198618088 2.93908629
196 574 0.586513916 0.00195504639 2.92857143
196 574 0.585836126 0.00195278709 2.92857143
196 574 0.585886403 0.00195295468 2.92857143
196 574 0.585374714 0.00195124905 2.92857143
196 574 0.590556121 0.0019685204 2.92857143
196 574 0.590079292 0.00196693097 2.92857143
196 574 0.590339092 0.00196779697 2.92857143
196 574 0.590219336 0.00196739779 2.92857143
196 574 0.589968148 0.00196656049 2.92857143
196 574 0.590209211 0.00196736404 2.92857143
195 570 0.578694593 0.00192898198 2.92307692
195 566 0.596926369 0.00198975456 2.9025641
195 566 0.596770797 0.00198923599 2.9025641
195 566 0.597243982 0.00199081327 2.9025641
195 566 0.597017328 0.00199005776 2.9025641
195 566 0.597050367 0.00199016789 2.9025641
195 566 0.596489062 0.00198829687 2.9025641
195 566 0.596963415 0.00198987805 2.9025641
SP does not find any fixed points -> SP does not converge.
I am sorry I quit :(
