START ALGORITHM:
I am going to build an instance with N: 300 variables and 1245 clauses with a clause density equal to 4.15
START BSP WITH r=0.9:
Decimation scorer: cert
END UNIT PROPAGATION
300 1245 1.38774508 0.00462581693 4.15
300 1245 1.38558812 0.00461862708 4.15
300 1245 1.38670945 0.00462236482 4.15
300 1245 1.38602369 0.00462007896 4.15
300 1245 1.38611096 0.00462036987 4.15
300 1245 1.3865303 0.00462176766 4.15
300 1245 1.38619217 0.00462064057 4.15
300 1245 1.38649483 0.00462164942 4.15
300 1245 1.38626137 0.00462087125 4.15
299 1240 1.37780136 0.00459267119 4.14715719
299 1243 1.38639713 0.00462132377 4.15719064
299 1243 1.38630366 0.00462101221 4.15719064
299 1243 1.38644604 0.0046214868 4.15719064
299 1243 1.3862182 0.00462072734 4.15719064
299 1243 1.38620616 0.00462068721 4.15719064
299 1243 1.38632274 0.00462107579 4.15719064
299 1243 1.38639464 0.00462131545 4.15719064
299 1243 1.38633176 0.00462110587 4.15719064
299 1243 1.38622852 0.00462076173 4.15719064
298 1232 1.37843905 0.00459479684 4.13422819
298 1232 1.37838158 0.00459460527 4.13422819
298 1232 1.37888747 0.00459629158 4.13422819
298 1232 1.37838302 0.00459461007 4.13422819
298 1232 1.37793403 0.00459311345 4.13422819
298 1232 1.37856917 0.00459523056 4.13422819
298 1240 1.37913916 0.00459713052 4.16107383
298 1240 1.37948574 0.00459828582 4.16107383
298 1240 1.37914301 0.00459714337 4.16107383
298 1235 1.3863076 0.00462102532 4.1442953
297 1223 1.38113955 0.00460379848 4.11784512
297 1223 1.38119777 0.00460399256 4.11784512
297 1223 1.38111293 0.00460370976 4.11784512
297 1223 1.38087807 0.00460292689 4.11784512
297 1223 1.38107011 0.00460356703 4.11784512
297 1223 1.38077817 0.00460259391 4.11784512
297 1223 1.3811691 0.00460389701 4.11784512
297 1223 1.38123132 0.00460410442 4.11784512
297 1223 1.38094299 0.0046031433 4.11784512
297 1223 1.38122011 0.00460406703 4.11784512
296 1218 1.37284373 0.00457614577 4.11486486
296 1218 1.37253037 0.00457510123 4.11486486
296 1218 1.37244321 0.0045748107 4.11486486
296 1218 1.37242995 0.00457476649 4.11486486
296 1212 1.3734306 0.004578102 4.09459459
296 1212 1.37322258 0.00457740861 4.09459459
296 1220 1.37414043 0.00458046809 4.12162162
296 1220 1.37384354 0.00457947848 4.12162162
296 1220 1.37407789 0.00458025965 4.12162162
296 1220 1.37396994 0.00457989981 4.12162162
295 1214 1.35980201 0.00453267335 4.11525424
295 1210 1.36207617 0.00454025391 4.10169492
295 1215 1.36591473 0.00455304912 4.11864407
295 1215 1.36561137 0.00455203789 4.11864407
295 1215 1.36577019 0.00455256729 4.11864407
295 1215 1.36573322 0.00455244408 4.11864407
295 1215 1.36555902 0.00455186341 4.11864407
295 1215 1.36542659 0.00455142197 4.11864407
295 1215 1.36542283 0.00455140942 4.11864407
295 1215 1.36541266 0.00455137553 4.11864407
294 1208 1.35139923 0.00450466409 4.10884354
294 1204 1.35313174 0.00451043914 4.0952381
294 1207 1.35351585 0.00451171949 4.10544218
294 1204 1.35724996 0.00452416653 4.0952381
294 1204 1.35756013 0.00452520042 4.0952381
294 1204 1.35721678 0.00452405594 4.0952381
294 1198 1.35750308 0.00452501025 4.07482993
294 1198 1.35768902 0.00452563006 4.07482993
294 1198 1.35795888 0.00452652961 4.07482993
294 1198 1.35744556 0.00452481854 4.07482993
293 1190 1.34728357 0.00449094525 4.06143345
293 1190 1.34729797 0.00449099325 4.06143345
293 1190 1.34722494 0.00449074979 4.06143345
293 1190 1.34728752 0.00449095839 4.06143345
293 1190 1.34717833 0.00449059443 4.06143345
293 1193 1.34955052 0.00449850172 4.07167235
293 1193 1.34961592 0.00449871973 4.07167235
293 1193 1.34950942 0.00449836472 4.07167235
293 1193 1.34961714 0.00449872381 4.07167235
293 1193 1.3495527 0.00449850899 4.07167235
292 1182 1.33223298 0.00444077661 4.04794521
292 1187 1.3359962 0.00445332066 4.06506849
292 1186 1.33333598 0.00444445326 4.06164384
292 1182 1.33990418 0.00446634726 4.04794521
292 1182 1.3395109 0.00446503632 4.04794521
292 1182 1.3398903 0.00446630101 4.04794521
292 1182 1.33974613 0.00446582044 4.04794521
292 1182 1.33984043 0.00446613478 4.04794521
292 1182 1.33982558 0.00446608528 4.04794521
292 1182 1.33950116 0.00446500386 4.04794521
291 1175 1.32572115 0.00441907049 4.03780069
291 1175 1.32941182 0.00443137272 4.03780069
291 1175 1.32933424 0.00443111414 4.03780069
291 1175 1.32915805 0.00443052683 4.03780069
291 1175 1.32939429 0.00443131431 4.03780069
291 1175 1.32943538 0.00443145127 4.03780069
291 1175 1.32957753 0.00443192509 4.03780069
291 1175 1.32923528 0.00443078426 4.03780069
291 1175 1.32931876 0.00443106252 4.03780069
291 1175 1.32925927 0.00443086424 4.03780069
290 1169 1.31621964 0.00438739879 4.03103448
290 1169 1.31642451 0.00438808172 4.03103448
290 1168 1.31398486 0.00437994952 4.02758621
290 1168 1.31435979 0.00438119928 4.02758621
290 1168 1.31373957 0.00437913191 4.02758621
290 1168 1.31366238 0.00437887461 4.02758621
290 1168 1.31377393 0.00437924643 4.02758621
290 1165 1.31462761 0.00438209203 4.01724138
290 1165 1.31483021 0.00438276737 4.01724138
290 1165 1.31503693 0.00438345642 4.01724138
289 1158 1.29706441 0.00432354805 4.00692042
289 1158 1.29668112 0.00432227041 4.00692042
289 1156 1.30355241 0.0043451747 4
289 1156 1.30296274 0.00434320912 4
289 1159 1.30985203 0.00436617344 4.01038062
289 1160 1.30009189 0.00433363962 4.01384083
289 1160 1.30054785 0.00433515951 4.01384083
289 1159 1.30006698 0.0043335566 4.01038062
289 1159 1.29953665 0.00433178884 4.01038062
289 1159 1.29982835 0.00433276118 4.01038062
288 1152 1.27971737 0.00426572458 4
288 1152 1.28048618 0.00426828725 4
288 1152 1.28079289 0.00426930963 4
288 1150 1.28943512 0.00429811706 3.99305556
288 1150 1.28917508 0.00429725028 3.99305556
288 1153 1.29078241 0.00430260804 4.00347222
288 1153 1.29080095 0.00430266982 4.00347222
288 1156 1.29975463 0.00433251543 4.01388889
288 1156 1.29933226 0.00433110755 4.01388889
288 1156 1.30031611 0.00433438703 4.01388889
287 1149 1.28056407 0.00426854691 4.00348432
287 1149 1.2776502 0.00425883399 4.00348432
287 1148 1.28843107 0.00429477022 4
287 1148 1.28870358 0.00429567862 4
287 1148 1.28868626 0.00429562085 4
287 1151 1.28884608 0.00429615361 4.01045296
287 1151 1.28896778 0.00429655925 4.01045296
287 1151 1.28886089 0.00429620297 4.01045296
287 1151 1.28879626 0.00429598755 4.01045296
287 1147 1.28874551 0.00429581837 3.99651568
286 1142 1.27848972 0.00426163239 3.99300699
286 1142 1.27847933 0.00426159776 3.99300699
286 1142 1.27881992 0.00426273307 3.99300699
286 1142 1.27859527 0.00426198425 3.99300699
286 1142 1.27872193 0.00426240645 3.99300699
286 1142 1.27871707 0.00426239023 3.99300699
286 1142 1.27868682 0.00426228939 3.99300699
286 1142 1.27906076 0.00426353588 3.99300699
286 1142 1.27877821 0.00426259404 3.99300699
286 1142 1.27867669 0.00426225563 3.99300699
285 1131 1.26266447 0.00420888157 3.96842105
285 1134 1.26756746 0.00422522485 3.97894737
285 1134 1.26785692 0.00422618974 3.97894737
285 1134 1.26739606 0.00422465352 3.97894737
285 1134 1.26786348 0.00422621161 3.97894737
285 1132 1.27003137 0.0042334379 3.97192982
285 1132 1.27066062 0.00423553542 3.97192982
285 1132 1.27018663 0.00423395543 3.97192982
285 1132 1.27046161 0.00423487204 3.97192982
285 1132 1.27015312 0.00423384375 3.97192982
284 1125 1.25812944 0.00419376481 3.96126761
284 1125 1.25817745 0.00419392483 3.96126761
284 1125 1.25816139 0.0041938713 3.96126761
284 1125 1.25770452 0.00419234841 3.96126761
284 1125 1.25767424 0.00419224748 3.96126761
284 1125 1.25835878 0.00419452928 3.96126761
284 1125 1.25846554 0.00419488512 3.96126761
284 1124 1.25925484 0.00419751612 3.95774648
284 1124 1.25995857 0.00419986191 3.95774648
284 1124 1.25938929 0.00419796429 3.95774648
283 1117 1.24159817 0.00413866056 3.94699647
283 1117 1.24222202 0.00414074006 3.94699647
283 1117 1.2421252 0.00414041732 3.94699647
283 1117 1.24162122 0.00413873741 3.94699647
283 1117 1.24154353 0.00413847843 3.94699647
283 1117 1.24248632 0.00414162106 3.94699647
283 1113 1.24344242 0.00414480806 3.93286219
283 1117 1.24732566 0.00415775221 3.94699647
283 1117 1.24777503 0.0041592501 3.94699647
283 1117 1.24742926 0.00415809752 3.94699647
282 1111 1.22501509 0.00408338364 3.93971631
282 1113 1.2270043 0.00409001433 3.94680851
282 1109 1.22840793 0.0040946931 3.93262411
282 1106 1.23058779 0.00410195931 3.92198582
282 1106 1.23154475 0.00410514916 3.92198582
282 1106 1.23158457 0.00410528189 3.92198582
282 1106 1.23135524 0.00410451746 3.92198582
282 1106 1.2321114 0.00410703801 3.92198582
282 1106 1.23214987 0.00410716623 3.92198582
282 1106 1.23119528 0.00410398426 3.92198582
281 1099 1.21526588 0.00405088627 3.91103203
281 1099 1.21548147 0.00405160489 3.91103203
281 1099 1.21536534 0.0040512178 3.91103203
281 1099 1.21551059 0.00405170198 3.91103203
281 1099 1.21576659 0.00405255529 3.91103203
281 1099 1.21572709 0.00405242363 3.91103203
281 1099 1.21634065 0.00405446883 3.91103203
281 1103 1.21766451 0.0040588817 3.9252669
281 1103 1.21885478 0.00406284928 3.9252669
281 1103 1.21876664 0.00406255547 3.9252669
280 1096 1.20947116 0.00403157053 3.91428571
280 1096 1.20954554 0.00403181846 3.91428571
280 1096 1.20997915 0.00403326385 3.91428571
280 1096 1.20941737 0.00403139124 3.91428571
280 1096 1.20957632 0.00403192108 3.91428571
280 1096 1.20955119 0.00403183732 3.91428571
280 1096 1.20952406 0.00403174687 3.91428571
280 1096 1.20960203 0.00403200678 3.91428571
280 1096 1.20959556 0.00403198521 3.91428571
280 1096 1.20986504 0.00403288347 3.91428571
279 1085 1.19418219 0.00398060731 3.88888889
279 1085 1.19351046 0.00397836821 3.88888889
279 1085 1.19394178 0.00397980594 3.88888889
279 1085 1.19424394 0.00398081314 3.88888889
279 1085 1.19381146 0.00397937155 3.88888889
279 1085 1.19401837 0.00398006125 3.88888889
279 1085 1.19429385 0.0039809795 3.88888889
279 1085 1.19393832 0.0039797944 3.88888889
279 1085 1.19413231 0.00398044102 3.88888889
279 1085 1.19402499 0.0039800833 3.88888889
278 1079 1.16878671 0.0038959557 3.88129496
278 1082 1.17254503 0.00390848343 3.89208633
278 1082 1.1721927 0.00390730902 3.89208633
278 1079 1.17715885 0.00392386284 3.88129496
278 1079 1.17746635 0.00392488782 3.88129496
278 1079 1.17719656 0.00392398852 3.88129496
278 1079 1.17715506 0.00392385021 3.88129496
278 1079 1.17741548 0.00392471828 3.88129496
278 1079 1.1772337 0.00392411234 3.88129496
278 1079 1.17725231 0.00392417437 3.88129496
277 1071 1.15989192 0.00386630641 3.86642599
277 1071 1.15979609 0.00386598696 3.86642599
277 1071 1.16037517 0.00386791725 3.86642599
277 1071 1.15972975 0.00386576584 3.86642599
277 1071 1.15987738 0.00386625792 3.86642599
277 1071 1.15987639 0.00386625462 3.86642599
277 1071 1.16053208 0.00386844026 3.86642599
277 1071 1.16021879 0.00386739596 3.86642599
277 1071 1.1606556 0.003868852 3.86642599
277 1071 1.15962943 0.00386543143 3.86642599
276 1068 1.13842235 0.00379474118 3.86956522
276 1068 1.13756643 0.00379188811 3.86956522
276 1068 1.13832308 0.00379441025 3.86956522
276 1068 1.13803447 0.00379344824 3.86956522
276 1065 1.13936152 0.00379787174 3.85869565
276 1065 1.14036332 0.00380121108 3.85869565
276 1065 1.14035585 0.00380118617 3.85869565
276 1065 1.14036804 0.00380122679 3.85869565
276 1065 1.1412901 0.00380430034 3.85869565
276 1065 1.14056894 0.00380189647 3.85869565
275 1060 1.11569971 0.00371899904 3.85454545
275 1062 1.11764657 0.00372548856 3.86181818
275 1062 1.11835432 0.00372784772 3.86181818
275 1057 1.11725281 0.00372417602 3.84363636
275 1057 1.11709053 0.00372363509 3.84363636
275 1057 1.11707827 0.00372359424 3.84363636
275 1059 1.12013793 0.00373379308 3.85090909
275 1059 1.12073694 0.00373578981 3.85090909
275 1059 1.12008361 0.00373361204 3.85090909
275 1059 1.11999523 0.00373331743 3.85090909
274 1052 1.1013137 0.00367104568 3.83941606
274 1052 1.10123097 0.00367076989 3.83941606
274 1050 1.09992493 0.00366641645 3.83211679
274 1050 1.10026103 0.00366753676 3.83211679
274 1050 1.09988945 0.00366629818 3.83211679
274 1050 1.10009386 0.00366697954 3.83211679
274 1050 1.10014113 0.0036671371 3.83211679
274 1050 1.0998907 0.00366630232 3.83211679
274 1050 1.10008243 0.00366694143 3.83211679
274 1050 1.10048039 0.00366826796 3.83211679
273 1048 1.07674872 0.0035891624 3.83882784
273 1044 1.07972836 0.00359909452 3.82417582
273 1044 1.07950003 0.00359833343 3.82417582
273 1044 1.08002427 0.0036000809 3.82417582
273 1044 1.07926456 0.00359754853 3.82417582
273 1048 1.08027351 0.0036009117 3.83882784
273 1048 1.08033804 0.00360112679 3.83882784
273 1048 1.08071342 0.00360237806 3.83882784
273 1042 1.10038946 0.00366796487 3.81684982
273 1042 1.09967652 0.0036655884 3.81684982
272 1034 1.07256651 0.00357522169 3.80147059
272 1034 1.07593841 0.00358646136 3.80147059
272 1034 1.07627392 0.00358757972 3.80147059
272 1037 1.07772261 0.00359240869 3.8125
272 1036 1.08034631 0.00360115438 3.80882353
272 1036 1.08094722 0.00360315739 3.80882353
272 1036 1.08099185 0.00360330617 3.80882353
272 1036 1.08093112 0.00360310374 3.80882353
272 1036 1.08041277 0.00360137591 3.80882353
272 1036 1.08043988 0.00360146627 3.80882353
271 1028 1.05558947 0.00351863157 3.79335793
271 1034 1.05777026 0.00352590086 3.81549815
271 1031 1.05866649 0.0035288883 3.80442804
271 1031 1.0575378 0.003525126 3.80442804
271 1034 1.05759863 0.00352532878 3.81549815
271 1034 1.05841586 0.00352805288 3.81549815
271 1034 1.05757001 0.00352523338 3.81549815
271 1034 1.05816938 0.00352723126 3.81549815
271 1034 1.05707001 0.00352356671 3.81549815
271 1034 1.05669566 0.00352231887 3.81549815
270 1031 1.0461811 0.00348727033 3.81851852
270 1031 1.04593002 0.0034864334 3.81851852
270 1031 1.04573866 0.00348579553 3.81851852
270 1024 1.05705152 0.00352350508 3.79259259
270 1024 1.05599366 0.00351997885 3.79259259
270 1024 1.05670931 0.00352236435 3.79259259
270 1024 1.05702988 0.00352343293 3.79259259
270 1024 1.05731676 0.00352438919 3.79259259
270 1024 1.05732743 0.00352442475 3.79259259
270 1024 1.05712168 0.00352373892 3.79259259
269 1018 1.03445712 0.00344819039 3.78438662
269 1018 1.03417325 0.00344724417 3.78438662
269 1018 1.03711378 0.00345704594 3.78438662
269 1018 1.03745706 0.00345819019 3.78438662
269 1018 1.03690415 0.00345634715 3.78438662
269 1018 1.03717353 0.00345724509 3.78438662
269 1018 1.0371151 0.00345705033 3.78438662
269 1018 1.03668828 0.00345562759 3.78438662
269 1018 1.03670911 0.00345569705 3.78438662
269 1018 1.03693528 0.00345645092 3.78438662
268 1010 1.01218392 0.00337394639 3.76865672
268 1010 1.01231918 0.00337439727 3.76865672
268 1016 1.01440404 0.00338134679 3.79104478
268 1010 1.01441051 0.00338136837 3.76865672
268 1012 1.01451349 0.00338171162 3.7761194
268 1012 1.01378691 0.00337928971 3.7761194
268 1010 1.01486126 0.00338287085 3.76865672
268 1010 1.01424055 0.00338080182 3.76865672
268 1010 1.01463761 0.00338212537 3.76865672
268 1010 1.01451418 0.00338171392 3.76865672
267 1006 0.992000198 0.00330666733 3.76779026
267 1006 0.993515015 0.00331171672 3.76779026
267 1006 0.992291782 0.00330763927 3.76779026
267 1006 0.992865654 0.00330955218 3.76779026
267 1006 0.993994369 0.00331331456 3.76779026
267 1006 0.993359916 0.00331119972 3.76779026
267 1006 0.993023783 0.00331007928 3.76779026
267 1006 0.992331253 0.00330777084 3.76779026
267 1006 0.99320335 0.00331067783 3.76779026
267 1004 0.992846332 0.00330948777 3.76029963
266 993 0.96386773 0.00321289243 3.73308271
266 999 0.96842725 0.00322809083 3.7556391
266 999 0.968413411 0.0032280447 3.7556391
266 1000 0.971981277 0.00323993759 3.7593985
266 1000 0.971832437 0.00323944146 3.7593985
266 998 0.976555243 0.00325518414 3.7518797
266 998 0.976258524 0.00325419508 3.7518797
266 1000 0.967911451 0.0032263715 3.7593985
266 998 0.967845817 0.00322615272 3.7518797
266 998 0.976042934 0.00325347645 3.7518797
265 993 0.945484768 0.00315161589 3.74716981
265 993 0.945942508 0.00315314169 3.74716981
265 988 0.949533677 0.00316511226 3.72830189
265 994 0.954284422 0.00318094807 3.7509434
265 994 0.954719276 0.00318239759 3.7509434
265 994 0.955280963 0.00318426988 3.7509434
265 994 0.954768878 0.00318256293 3.7509434
265 994 0.954499308 0.00318166436 3.7509434
265 994 0.954790238 0.00318263413 3.7509434
265 992 0.956335646 0.00318778549 3.74339623
264 981 0.92659832 0.00308866107 3.71590909
264 990 0.935332986 0.00311777662 3.75
264 990 0.93471821 0.00311572737 3.75
264 990 0.936123295 0.00312041098 3.75
264 990 0.935497821 0.00311832607 3.75
264 990 0.93550011 0.0031183337 3.75
264 990 0.935452271 0.00311817424 3.75
264 990 0.935699698 0.00311899899 3.75
264 990 0.936156695 0.00312052232 3.75
264 990 0.9370375 0.00312345833 3.75
263 985 0.91035917 0.00303453057 3.74524715
263 985 0.911186662 0.00303728887 3.74524715
263 982 0.914108582 0.00304702861 3.7338403
263 980 0.913936958 0.00304645653 3.72623574
263 980 0.913706068 0.00304568689 3.72623574
263 980 0.913957898 0.00304652633 3.72623574
263 985 0.913880418 0.00304626806 3.74524715
263 985 0.914309651 0.00304769884 3.74524715
263 984 0.916510401 0.00305503467 3.74144487
263 984 0.914300439 0.00304766813 3.74144487
262 976 0.883998136 0.00294666045 3.72519084
262 978 0.884680065 0.00294893355 3.73282443
262 978 0.895464775 0.00298488258 3.73282443
262 978 0.895471702 0.00298490567 3.73282443
262 978 0.894921067 0.00298307022 3.73282443
262 978 0.902121091 0.0030070703 3.73282443
262 978 0.903239446 0.00301079815 3.73282443
262 978 0.903142616 0.00301047539 3.73282443
262 978 0.903109501 0.003010365 3.73282443
262 978 0.902473943 0.00300824648 3.73282443
261 973 0.88033278 0.0029344426 3.72796935
261 973 0.878803663 0.00292934554 3.72796935
261 973 0.879929282 0.00293309761 3.72796935
261 973 0.880360462 0.00293453487 3.72796935
261 972 0.884302805 0.00294767602 3.72413793
261 972 0.883986817 0.00294662272 3.72413793
261 972 0.884144224 0.00294714741 3.72413793
261 972 0.884313918 0.00294771306 3.72413793
261 972 0.884407177 0.00294802392 3.72413793
261 972 0.883962208 0.00294654069 3.72413793
260 969 0.858283877 0.00286094626 3.72692308
260 969 0.858569858 0.00286189953 3.72692308
260 969 0.857877388 0.00285959129 3.72692308
260 962 0.859838901 0.00286612967 3.7
260 967 0.861271205 0.00287090402 3.71923077
260 967 0.861193424 0.00287064475 3.71923077
260 967 0.858745447 0.00286248482 3.71923077
260 967 0.856915734 0.00285638578 3.71923077
260 967 0.861172118 0.00287057373 3.71923077
260 967 0.86146583 0.00287155277 3.71923077
259 960 0.828467513 0.00276155838 3.70656371
259 960 0.828743336 0.00276247779 3.70656371
259 964 0.835082537 0.00278360846 3.72200772
259 964 0.83574505 0.00278581683 3.72200772
259 964 0.835192647 0.00278397549 3.72200772
259 964 0.836055487 0.00278685162 3.72200772
259 964 0.835050948 0.00278350316 3.72200772
259 957 0.837928037 0.00279309346 3.69498069
259 957 0.836289152 0.00278763051 3.69498069
259 957 0.837542918 0.00279180973 3.69498069
258 952 0.807658801 0.002692196 3.68992248
258 952 0.807127761 0.00269042587 3.68992248
258 952 0.807968984 0.00269322995 3.68992248
258 952 0.806987379 0.00268995793 3.68992248
258 952 0.80800317 0.0026933439 3.68992248
258 952 0.807415926 0.00269138642 3.68992248
258 952 0.808124216 0.00269374739 3.68992248
258 952 0.807400931 0.00269133644 3.68992248
258 952 0.808102326 0.00269367442 3.68992248
258 952 0.809014921 0.0026967164 3.68992248
257 946 0.777116847 0.00259038949 3.68093385
257 946 0.776329214 0.00258776405 3.68093385
257 946 0.776525322 0.00258841774 3.68093385
257 946 0.777483989 0.0025916133 3.68093385
257 946 0.777630585 0.00259210195 3.68093385
257 949 0.78361269 0.0026120423 3.692607
257 949 0.784059696 0.00261353232 3.692607
257 949 0.782571952 0.00260857317 3.692607
257 949 0.784299596 0.00261433199 3.692607
257 949 0.78260193 0.0026086731 3.692607
256 942 0.754160859 0.00251386953 3.6796875
256 942 0.75394339 0.00251314463 3.6796875
256 942 0.752541183 0.00250847061 3.6796875
256 942 0.753482713 0.00251160904 3.6796875
256 942 0.753780205 0.00251260068 3.6796875
256 942 0.75337618 0.00251125393 3.6796875
256 942 0.753466175 0.00251155392 3.6796875
256 942 0.754027759 0.00251342586 3.6796875
256 942 0.753202111 0.0025106737 3.6796875
256 942 0.753313207 0.00251104402 3.6796875
255 937 0.720540203 0.00240180068 3.6745098
255 937 0.720813174 0.00240271058 3.6745098
254 927 0.696238488 0.00232079496 3.6496063
254 920 0.711033025 0.00237011008 3.62204724
254 920 0.710955127 0.00236985042 3.62204724
254 923 0.715729875 0.00238576625 3.63385827
254 923 0.715821275 0.00238607092 3.63385827
254 923 0.715668633 0.00238556211 3.63385827
254 923 0.716687299 0.00238895766 3.63385827
254 923 0.714311375 0.00238103792 3.63385827
253 918 0.686597747 0.00228865916 3.6284585
253 916 0.696089804 0.00232029935 3.62055336
253 916 0.69594961 0.00231983203 3.62055336
253 916 0.695436472 0.00231812157 3.62055336
253 916 0.694743507 0.00231581169 3.62055336
253 916 0.695849114 0.00231949705 3.62055336
253 916 0.695398117 0.00231799372 3.62055336
253 916 0.69636947 0.00232123157 3.62055336
253 916 0.694594144 0.00231531381 3.62055336
253 916 0.69580117 0.00231933723 3.62055336
252 910 0.659231195 0.00219743732 3.61111111
252 909 0.661947568 0.00220649189 3.60714286
252 909 0.661725412 0.00220575137 3.60714286
252 909 0.662774753 0.00220924918 3.60714286
252 909 0.661923589 0.00220641196 3.60714286
252 911 0.656564069 0.0021885469 3.61507937
252 911 0.655693352 0.00218564451 3.61507937
252 911 0.656627528 0.00218875843 3.61507937
252 911 0.65606825 0.00218689417 3.61507937
252 914 0.653871845 0.00217957282 3.62698413
251 903 0.627796475 0.00209265492 3.59760956
251 904 0.641320738 0.00213773579 3.60159363
251 904 0.640711509 0.00213570503 3.60159363
251 904 0.641275469 0.0021375849 3.60159363
251 904 0.641379302 0.00213793101 3.60159363
251 904 0.640780098 0.00213593366 3.60159363
251 904 0.641468775 0.00213822925 3.60159363
251 904 0.639844427 0.00213281476 3.60159363
251 904 0.641287206 0.00213762402 3.60159363
251 904 0.641050428 0.00213683476 3.60159363
250 893 0.614420232 0.00204806744 3.572
250 893 0.614790293 0.00204930098 3.572
250 899 0.612378989 0.0020412633 3.596
250 899 0.613004618 0.00204334873 3.596
250 896 0.614245468 0.00204748489 3.584
250 896 0.614462044 0.00204820681 3.584
250 896 0.613995634 0.00204665211 3.584
250 896 0.614797629 0.00204932543 3.584
250 896 0.614676397 0.00204892132 3.584
250 896 0.614273911 0.0020475797 3.584
249 887 0.583004612 0.00194334871 3.562249
249 890 0.590485943 0.00196828648 3.57429719
249 890 0.590819047 0.00196939682 3.57429719
249 890 0.591457928 0.00197152643 3.57429719
249 890 0.592996001 0.00197665334 3.57429719
249 890 0.59263611 0.0019754537 3.57429719
249 890 0.592803268 0.00197601089 3.57429719
249 890 0.592214613 0.00197404871 3.57429719
249 890 0.592206714 0.00197402238 3.57429719
249 890 0.591439552 0.00197146517 3.57429719
248 879 0.56475021 0.0018825007 3.54435484
248 886 0.563016995 0.00187672332 3.57258065
248 886 0.561264974 0.00187088325 3.57258065
248 886 0.562396806 0.00187465602 3.57258065
248 886 0.562802489 0.0018760083 3.57258065
248 887 0.565768217 0.00188589406 3.5766129
248 887 0.566304451 0.0018876815 3.5766129
248 887 0.566830167 0.00188943389 3.5766129
248 887 0.565837433 0.00188612478 3.5766129
248 887 0.566868353 0.00188956118 3.5766129
247 876 0.538464768 0.00179488256 3.5465587
247 878 0.53604776 0.00178682587 3.55465587
247 879 0.533488962 0.00177829654 3.55870445
247 879 0.533900516 0.00177966839 3.55870445
247 878 0.535776848 0.00178592283 3.55465587
247 878 0.535384736 0.00178461579 3.55465587
247 873 0.535908688 0.00178636229 3.53441296
247 873 0.536241282 0.00178747094 3.53441296
247 873 0.535826991 0.00178608997 3.53441296
247 873 0.536372517 0.00178790839 3.53441296
246 869 0.504793092 0.00168264364 3.53252033
246 870 0.506227052 0.00168742351 3.53658537
246 870 0.506611488 0.00168870496 3.53658537
246 870 0.511389727 0.00170463242 3.53658537
246 870 0.510850054 0.00170283351 3.53658537
246 870 0.510608853 0.00170202951 3.53658537
246 870 0.511874196 0.00170624732 3.53658537
246 870 0.51251156 0.00170837187 3.53658537
246 870 0.512073817 0.00170691272 3.53658537
246 870 0.509526329 0.0016984211 3.53658537
245 864 0.477594341 0.00159198114 3.52653061
245 867 0.481714014 0.00160571338 3.53877551
245 867 0.482113269 0.00160704423 3.53877551
245 867 0.48227643 0.0016075881 3.53877551
245 865 0.484430066 0.00161476689 3.53061224
245 865 0.482027885 0.00160675962 3.53061224
245 865 0.483610394 0.00161203465 3.53061224
245 865 0.484578248 0.00161526083 3.53061224
245 865 0.482933421 0.00160977807 3.53061224
245 865 0.483301053 0.00161100351 3.53061224
244 858 0.450335257 0.00150111752 3.51639344
244 854 0.455200987 0.00151733662 3.5
244 854 0.454447339 0.00151482446 3.5
244 854 0.454315284 0.00151438428 3.5
244 860 0.451449997 0.00150483332 3.52459016
244 860 0.45100184 0.00150333947 3.52459016
244 860 0.449878372 0.00149959457 3.52459016
244 860 0.450978598 0.00150326199 3.52459016
244 861 0.451699497 0.00150566499 3.52868852
244 862 0.452471845 0.00150823948 3.53278689
243 856 0.418387112 0.00139462371 3.52263374
243 856 0.418123913 0.00139374638 3.52263374
243 853 0.413278659 0.00137759553 3.51028807
243 858 0.422791651 0.0014093055 3.5308642
243 858 0.42257388 0.0014085796 3.5308642
243 856 0.416131968 0.00138710656 3.52263374
243 856 0.417420569 0.0013914019 3.52263374
243 856 0.417430075 0.00139143358 3.52263374
243 855 0.416942237 0.00138980746 3.51851852
243 855 0.41678748 0.0013892916 3.51851852
242 850 0.391005707 0.00130335236 3.51239669
242 850 0.414957367 0.00138319122 3.51239669
242 850 0.414456158 0.00138152053 3.51239669
242 850 0.413755464 0.00137918488 3.51239669
242 850 0.414129342 0.00138043114 3.51239669
242 850 0.416110239 0.00138703413 3.51239669
242 850 0.41597528 0.00138658427 3.51239669
242 850 0.414084753 0.00138028251 3.51239669
242 850 0.414788787 0.00138262929 3.51239669
242 850 0.415362189 0.00138454063 3.51239669
241 843 0.378830018 0.00126276673 3.49792531
SP does not find any fixed points -> SP does not converge.
I am sorry I quit :(
