START ALGORITHM:
I am going to build an instance with N: 300 variables and 1200 clauses with a clause density equal to 4
START DYNAMIC-I BSP WITH r=0.9:
Decimation scorer: cert
END UNIT PROPAGATION
300 1200 5.34011925 0.0178003975 4
300 1200 5.33998148 0.0177999383 4
300 1200 5.34001168 0.0178000389 4
300 1200 5.33994116 0.0177998039 4
300 1200 5.33993017 0.0177997672 4
300 1200 5.33992757 0.0177997586 4
300 1200 5.33993009 0.017799767 4
300 1200 5.33993127 0.0177997709 4
300 1200 5.33992844 0.0177997615 4
299 1195 5.33992819 0.0177997606 3.99665552
299 1195 5.33992662 0.0177997554 3.99665552
299 1195 5.33992622 0.0177997541 3.99665552
299 1195 5.33992618 0.0177997539 3.99665552
299 1195 5.3399261 0.0177997537 3.99665552
299 1195 5.33992606 0.0177997535 3.99665552
299 1195 5.33992595 0.0177997532 3.99665552
299 1195 5.33992591 0.017799753 3.99665552
299 1195 5.33992588 0.0177997529 3.99665552
299 1195 5.33992587 0.0177997529 3.99665552
298 1189 5.33992587 0.0177997529 3.98993289
298 1189 5.33992586 0.0177997529 3.98993289
298 1189 5.33992585 0.0177997528 3.98993289
298 1189 5.33992585 0.0177997528 3.98993289
298 1189 5.33992585 0.0177997528 3.98993289
298 1189 5.33992585 0.0177997528 3.98993289
298 1189 5.33992585 0.0177997528 3.98993289
298 1189 5.33992585 0.0177997528 3.98993289
298 1189 5.33992585 0.0177997528 3.98993289
298 1189 5.33992585 0.0177997528 3.98993289
297 1184 5.33992585 0.0177997528 3.98653199
297 1186 5.33992585 0.0177997528 3.99326599
297 1186 5.33992585 0.0177997528 3.99326599
297 1186 5.33992585 0.0177997528 3.99326599
297 1186 5.33992584 0.0177997528 3.99326599
297 1186 5.33992584 0.0177997528 3.99326599
297 1186 5.33992584 0.0177997528 3.99326599
297 1186 5.33992584 0.0177997528 3.99326599
297 1186 5.33992584 0.0177997528 3.99326599
297 1186 5.33992584 0.0177997528 3.99326599
296 1181 5.33992584 0.0177997528 3.98986486
296 1181 5.33993905 0.0177997968 3.98986486
296 1181 5.33993043 0.0177997681 3.98986486
296 1181 5.33992772 0.0177997591 3.98986486
296 1181 5.33993 0.0177997667 3.98986486
296 1181 5.33992943 0.0177997648 3.98986486
296 1181 5.33992897 0.0177997632 3.98986486
296 1181 5.33992877 0.0177997626 3.98986486
296 1181 5.33992886 0.0177997629 3.98986486
296 1181 5.33992885 0.0177997628 3.98986486
295 1175 5.33485184 0.0177828395 3.98305085
295 1175 5.33483993 0.0177827998 3.98305085
295 1175 5.33484585 0.0177828195 3.98305085
295 1175 5.33486881 0.017782896 3.98305085
295 1175 5.33486651 0.0177828884 3.98305085
295 1175 5.33486743 0.0177828914 3.98305085
295 1175 5.33486813 0.0177828938 3.98305085
295 1175 5.33486785 0.0177828928 3.98305085
295 1175 5.33486784 0.0177828928 3.98305085
295 1175 5.33486792 0.0177828931 3.98305085
294 1167 5.32101654 0.0177367218 3.96938776
294 1167 5.32104623 0.0177368208 3.96938776
294 1167 5.32097143 0.0177365714 3.96938776
294 1167 5.32099262 0.0177366421 3.96938776
294 1167 5.32099331 0.0177366444 3.96938776
294 1167 5.32099207 0.0177366402 3.96938776
294 1167 5.32099299 0.0177366433 3.96938776
294 1167 5.32099329 0.0177366443 3.96938776
294 1167 5.32099318 0.0177366439 3.96938776
294 1167 5.32099324 0.0177366441 3.96938776
293 1159 5.30316602 0.0176772201 3.9556314
293 1159 5.30296295 0.0176765432 3.9556314
293 1159 5.30307517 0.0176769172 3.9556314
293 1159 5.30322179 0.017677406 3.9556314
293 1159 5.30307563 0.0176769188 3.9556314
293 1159 5.3032233 0.017677411 3.9556314
293 1159 5.30308117 0.0176769372 3.9556314
293 1159 5.30322174 0.0176774058 3.9556314
293 1159 5.30308121 0.0176769374 3.9556314
293 1159 5.30322182 0.0176774061 3.9556314
292 1153 5.28472526 0.0176157509 3.94863014
292 1151 5.28497942 0.0176165981 3.94178082
292 1151 5.28482799 0.0176160933 3.94178082
292 1151 5.2847342 0.0176157807 3.94178082
292 1151 5.28474249 0.0176158083 3.94178082
292 1151 5.28473621 0.0176157874 3.94178082
292 1151 5.28473406 0.0176157802 3.94178082
292 1151 5.28473399 0.01761578 3.94178082
292 1151 5.2847346 0.017615782 3.94178082
292 1151 5.28473421 0.0176157807 3.94178082
291 1145 5.26814785 0.0175604928 3.9347079
291 1145 5.26830704 0.0175610235 3.9347079
291 1145 5.26824419 0.017560814 3.9347079
291 1145 5.26824694 0.0175608231 3.9347079
291 1145 5.26825154 0.0175608385 3.9347079
291 1145 5.26825162 0.0175608387 3.9347079
291 1145 5.26825187 0.0175608396 3.9347079
291 1145 5.26825168 0.0175608389 3.9347079
291 1145 5.26825171 0.017560839 3.9347079
291 1145 5.26825171 0.017560839 3.9347079
290 1136 5.24836726 0.0174945575 3.91724138
290 1133 5.24829818 0.0174943273 3.90689655
290 1133 5.24814378 0.0174938126 3.90689655
290 1133 5.24818317 0.0174939439 3.90689655
290 1133 5.24818571 0.0174939524 3.90689655
290 1133 5.24818475 0.0174939492 3.90689655
290 1133 5.24818521 0.0174939507 3.90689655
290 1133 5.24818496 0.0174939499 3.90689655
290 1133 5.24818501 0.01749395 3.90689655
290 1133 5.24818499 0.01749395 3.90689655
289 1124 5.22835857 0.0174278619 3.88927336
289 1124 5.22836029 0.0174278676 3.88927336
289 1124 5.22837934 0.0174279311 3.88927336
289 1124 5.22836315 0.0174278772 3.88927336
289 1124 5.22835733 0.0174278578 3.88927336
289 1124 5.22835862 0.0174278621 3.88927336
289 1124 5.22835822 0.0174278607 3.88927336
289 1124 5.22835777 0.0174278592 3.88927336
289 1124 5.22835782 0.0174278594 3.88927336
289 1124 5.22835783 0.0174278594 3.88927336
288 1117 5.20559996 0.0173519999 3.87847222
288 1117 5.20553791 0.017351793 3.87847222
288 1117 5.20549894 0.0173516631 3.87847222
288 1117 5.20549499 0.01735165 3.87847222
288 1117 5.20549799 0.01735166 3.87847222
288 1117 5.20549823 0.0173516608 3.87847222
288 1117 5.20549848 0.0173516616 3.87847222
288 1117 5.2054985 0.0173516617 3.87847222
288 1117 5.20549853 0.0173516618 3.87847222
288 1117 5.20549853 0.0173516618 3.87847222
287 1110 5.18291404 0.0172763801 3.86759582
287 1110 5.18308513 0.0172769504 3.86759582
287 1110 5.18307045 0.0172769015 3.86759582
287 1110 5.18305659 0.0172768553 3.86759582
287 1110 5.18304961 0.017276832 3.86759582
287 1110 5.1831795 0.017277265 3.86759582
287 1110 5.18311387 0.0172770462 3.86759582
287 1110 5.18311497 0.0172770499 3.86759582
287 1110 5.18312435 0.0172770812 3.86759582
287 1110 5.1831192 0.017277064 3.86759582
286 1100 5.15840197 0.0171946732 3.84615385
286 1100 5.15824056 0.0171941352 3.84615385
286 1100 5.15840987 0.0171946996 3.84615385
286 1100 5.15830005 0.0171943335 3.84615385
286 1100 5.15840682 0.0171946894 3.84615385
286 1100 5.1583055 0.0171943517 3.84615385
286 1100 5.15840721 0.0171946907 3.84615385
286 1100 5.1583055 0.0171943517 3.84615385
286 1100 5.15840727 0.0171946909 3.84615385
286 1100 5.15830552 0.0171943517 3.84615385
285 1089 5.1320195 0.0171067317 3.82105263
285 1088 5.13308199 0.0171102733 3.81754386
285 1088 5.13318754 0.0171106251 3.81754386
285 1088 5.13320215 0.0171106738 3.81754386
285 1088 5.13321357 0.0171107119 3.81754386
285 1088 5.13321421 0.017110714 3.81754386
285 1088 5.13321457 0.0171107152 3.81754386
285 1088 5.13321439 0.0171107146 3.81754386
285 1088 5.13321437 0.0171107146 3.81754386
285 1088 5.13321435 0.0171107145 3.81754386
284 1078 5.1066973 0.0170223243 3.79577465
284 1078 5.1066656 0.0170222187 3.79577465
284 1078 5.10673871 0.0170224624 3.79577465
284 1078 5.10661871 0.0170220624 3.79577465
284 1078 5.10664272 0.0170221424 3.79577465
284 1078 5.10652594 0.0170217531 3.79577465
284 1078 5.1066453 0.017022151 3.79577465
284 1078 5.1066638 0.0170222127 3.79577465
284 1078 5.10661478 0.0170220493 3.79577465
284 1078 5.10664112 0.0170221371 3.79577465
283 1074 5.0781801 0.016927267 3.795053
283 1070 5.07759816 0.0169253272 3.78091873
283 1070 5.07791345 0.0169263782 3.78091873
283 1074 5.07821035 0.0169273678 3.795053
283 1070 5.07769903 0.0169256634 3.78091873
283 1070 5.07793524 0.0169264508 3.78091873
283 1074 5.07822747 0.0169274249 3.795053
283 1070 5.07769795 0.0169256598 3.78091873
283 1070 5.07793743 0.0169264581 3.78091873
283 1074 5.07822615 0.0169274205 3.795053
282 1066 5.04986617 0.0168328872 3.78014184
282 1066 5.05007244 0.0168335748 3.78014184
282 1066 5.04999206 0.0168333069 3.78014184
282 1066 5.04998303 0.0168332768 3.78014184
282 1066 5.04997738 0.0168332579 3.78014184
282 1066 5.04997513 0.0168332504 3.78014184
282 1066 5.04997568 0.0168332523 3.78014184
282 1066 5.04997558 0.0168332519 3.78014184
282 1066 5.04997567 0.0168332522 3.78014184
282 1066 5.04997566 0.0168332522 3.78014184
281 1061 5.02114011 0.0167371337 3.77580071
281 1061 5.02087077 0.0167362359 3.77580071
281 1061 5.02092376 0.0167364125 3.77580071
281 1061 5.02089824 0.0167363275 3.77580071
281 1061 5.0208616 0.0167362053 3.77580071
281 1061 5.0208056 0.0167360187 3.77580071
281 1061 5.02088968 0.0167362989 3.77580071
281 1061 5.02070992 0.0167356997 3.77580071
281 1061 5.02085727 0.0167361909 3.77580071
281 1061 5.02071202 0.0167357067 3.77580071
280 1049 4.98905367 0.0166301789 3.74642857
280 1047 4.98953526 0.0166317842 3.73928571
280 1043 4.99676499 0.0166558833 3.725
280 1043 4.99690782 0.0166563594 3.725
280 1043 4.9968868 0.0166562893 3.725
280 1043 4.99687835 0.0166562612 3.725
280 1043 4.99687849 0.0166562616 3.725
280 1043 4.99687883 0.0166562628 3.725
280 1043 4.9968787 0.0166562623 3.725
280 1043 4.99687879 0.0166562626 3.725
279 1038 4.96828859 0.016560962 3.72043011
279 1038 4.96829303 0.0165609768 3.72043011
279 1038 4.96824145 0.0165608048 3.72043011
279 1038 4.96825253 0.0165608418 3.72043011
279 1038 4.96824955 0.0165608318 3.72043011
279 1038 4.96824729 0.0165608243 3.72043011
279 1038 4.96824708 0.0165608236 3.72043011
279 1038 4.96824696 0.0165608232 3.72043011
279 1038 4.96824694 0.0165608231 3.72043011
279 1038 4.96824694 0.0165608231 3.72043011
278 1028 4.93658531 0.0164552844 3.69784173
278 1028 4.93643986 0.0164547995 3.69784173
278 1028 4.93650646 0.0164550215 3.69784173
278 1028 4.93654904 0.0164551635 3.69784173
278 1028 4.93655557 0.0164551852 3.69784173
278 1028 4.93655553 0.0164551851 3.69784173
278 1028 4.93655599 0.0164551866 3.69784173
278 1028 4.93655602 0.0164551867 3.69784173
278 1028 4.93655601 0.0164551867 3.69784173
278 1028 4.93655602 0.0164551867 3.69784173
277 1022 4.90507267 0.0163502422 3.68953069
277 1016 4.90425481 0.016347516 3.66787004
277 1022 4.90455582 0.0163485194 3.68953069
277 1020 4.90409158 0.0163469719 3.68231047
277 1019 4.90406099 0.01634687 3.67870036
277 1025 4.93583236 0.0164527745 3.70036101
277 1025 4.93569409 0.0164523136 3.70036101
277 1025 4.93574011 0.016452467 3.70036101
277 1025 4.93575979 0.0164525326 3.70036101
277 1025 4.93576557 0.0164525519 3.70036101
276 1019 4.90465611 0.0163488537 3.69202899
276 1013 4.90415145 0.0163471715 3.67028986
276 1013 4.9041437 0.0163471457 3.67028986
276 1019 4.90436873 0.0163478958 3.69202899
276 1019 4.90477669 0.0163492556 3.69202899
276 1013 4.90416499 0.0163472166 3.67028986
276 1019 4.90440127 0.0163480042 3.69202899
276 1019 4.90477723 0.0163492574 3.69202899
276 1013 4.90416514 0.0163472171 3.67028986
276 1019 4.90440017 0.0163480006 3.69202899
275 1009 4.87395072 0.0162465024 3.66909091
275 1007 4.87400669 0.016246689 3.66181818
275 1007 4.87410849 0.0162470283 3.66181818
275 1007 4.87410547 0.0162470182 3.66181818
275 1007 4.87411362 0.0162470454 3.66181818
275 1007 4.87411181 0.0162470394 3.66181818
275 1007 4.87411089 0.0162470363 3.66181818
275 1007 4.87411087 0.0162470362 3.66181818
275 1007 4.87411081 0.016247036 3.66181818
275 1007 4.87411078 0.0162470359 3.66181818
274 997 4.84343195 0.0161447732 3.63868613
274 1003 4.84371187 0.0161457062 3.66058394
274 1003 4.84373143 0.0161457714 3.66058394
274 1003 4.84374748 0.0161458249 3.66058394
274 1003 4.84374386 0.0161458129 3.66058394
274 1003 4.84373527 0.0161457842 3.66058394
274 1003 4.84373443 0.0161457814 3.66058394
274 1003 4.84373396 0.0161457799 3.66058394
274 1003 4.84373382 0.0161457794 3.66058394
274 1003 4.8437338 0.0161457793 3.66058394
273 993 4.81364628 0.0160454876 3.63736264
273 993 4.81343236 0.0160447745 3.63736264
273 993 4.81335712 0.0160445237 3.63736264
273 993 4.81337458 0.0160445819 3.63736264
273 993 4.81336956 0.0160445652 3.63736264
273 993 4.81336849 0.0160445616 3.63736264
273 993 4.81336875 0.0160445625 3.63736264
273 993 4.81336841 0.0160445614 3.63736264
273 993 4.81336843 0.0160445614 3.63736264
273 993 4.81336842 0.0160445614 3.63736264
272 987 4.77606751 0.015920225 3.62867647
272 989 4.77911332 0.0159303777 3.63602941
272 989 4.7791855 0.0159306183 3.63602941
272 989 4.77914911 0.015930497 3.63602941
272 989 4.7791481 0.0159304937 3.63602941
272 989 4.77914296 0.0159304765 3.63602941
272 989 4.77914173 0.0159304724 3.63602941
272 989 4.77914123 0.0159304708 3.63602941
272 989 4.77914109 0.0159304703 3.63602941
272 989 4.77914102 0.0159304701 3.63602941
271 979 4.74792597 0.0158264199 3.61254613
271 979 4.74777264 0.0158259088 3.61254613
271 979 4.74768591 0.0158256197 3.61254613
271 979 4.74769069 0.0158256356 3.61254613
271 979 4.74769295 0.0158256432 3.61254613
271 979 4.74769371 0.0158256457 3.61254613
271 979 4.74769345 0.0158256448 3.61254613
271 979 4.74769355 0.0158256452 3.61254613
271 979 4.74769354 0.0158256451 3.61254613
271 979 4.74769354 0.0158256451 3.61254613
270 971 4.7124743 0.0157082477 3.5962963
270 971 4.71269975 0.0157089992 3.5962963
270 971 4.71277421 0.0157092474 3.5962963
270 971 4.71277634 0.0157092545 3.5962963
270 971 4.71277562 0.0157092521 3.5962963
270 971 4.71277518 0.0157092506 3.5962963
270 971 4.71277542 0.0157092514 3.5962963
270 971 4.71277547 0.0157092516 3.5962963
270 971 4.71277549 0.0157092516 3.5962963
270 971 4.7127755 0.0157092517 3.5962963
269 964 4.67803786 0.0155934595 3.58364312
269 964 4.67788182 0.0155929394 3.58364312
269 964 4.67770688 0.0155923563 3.58364312
269 964 4.67798646 0.0155932882 3.58364312
269 964 4.67772383 0.0155924128 3.58364312
269 964 4.67798589 0.0155932863 3.58364312
269 964 4.67772519 0.0155924173 3.58364312
269 964 4.67798614 0.0155932871 3.58364312
269 964 4.67772544 0.0155924181 3.58364312
269 964 4.67798621 0.0155932874 3.58364312
268 958 4.64169395 0.0154723132 3.57462687
268 958 4.641647 0.0154721567 3.57462687
268 958 4.64155768 0.0154718589 3.57462687
268 958 4.64168101 0.01547227 3.57462687
268 958 4.64156524 0.0154718841 3.57462687
268 958 4.64168758 0.0154722919 3.57462687
268 958 4.6415665 0.0154718883 3.57462687
268 958 4.64168862 0.0154722954 3.57462687
268 958 4.64156681 0.0154718894 3.57462687
268 958 4.6416888 0.015472296 3.57462687
267 951 4.60277462 0.0153425821 3.56179775
267 952 4.60358948 0.0153452983 3.56554307
267 952 4.60357519 0.0153452506 3.56554307
267 952 4.6034949 0.015344983 3.56554307
267 952 4.60362185 0.0153454062 3.56554307
267 952 4.60351866 0.0153450622 3.56554307
267 952 4.60362319 0.0153454106 3.56554307
267 952 4.60351858 0.0153450619 3.56554307
267 952 4.60362309 0.0153454103 3.56554307
267 952 4.60351857 0.0153450619 3.56554307
266 950 4.56967033 0.0152322344 3.57142857
266 946 4.5696575 0.0152321917 3.55639098
266 946 4.56969603 0.0152323201 3.55639098
266 946 4.56947952 0.0152315984 3.55639098
266 950 4.569762 0.01523254 3.57142857
266 946 4.56980211 0.0152326737 3.55639098
266 946 4.56969299 0.01523231 3.55639098
266 946 4.56948102 0.0152316034 3.55639098
266 950 4.56976498 0.0152325499 3.57142857
266 946 4.56980471 0.0152326824 3.55639098
265 944 4.53567909 0.0151189303 3.56226415
265 944 4.53570213 0.0151190071 3.56226415
265 944 4.53570642 0.0151190214 3.56226415
265 944 4.53570798 0.0151190266 3.56226415
265 944 4.53571197 0.0151190399 3.56226415
265 944 4.53571586 0.0151190529 3.56226415
265 944 4.53571637 0.0151190546 3.56226415
265 944 4.53571666 0.0151190555 3.56226415
265 944 4.53571669 0.0151190556 3.56226415
265 944 4.53571669 0.0151190556 3.56226415
264 937 4.5002265 0.015000755 3.54924242
264 937 4.50027861 0.0150009287 3.54924242
264 937 4.50026206 0.0150008735 3.54924242
264 937 4.50003915 0.0150001305 3.54924242
264 937 4.5002957 0.0150009857 3.54924242
264 937 4.5001584 0.015000528 3.54924242
264 937 4.50004188 0.0150001396 3.54924242
264 937 4.50031624 0.0150010541 3.54924242
264 937 4.50015973 0.0150005324 3.54924242
264 937 4.50003715 0.0150001238 3.54924242
263 929 4.46136303 0.0148712101 3.53231939
263 929 4.46157897 0.0148719299 3.53231939
263 929 4.46133383 0.0148711128 3.53231939
263 929 4.46132365 0.0148710788 3.53231939
263 929 4.4613208 0.0148710693 3.53231939
263 929 4.46131832 0.0148710611 3.53231939
263 929 4.46131829 0.014871061 3.53231939
263 929 4.4613183 0.014871061 3.53231939
263 929 4.46131829 0.014871061 3.53231939
263 929 4.4613183 0.014871061 3.53231939
262 921 4.42438903 0.0147479634 3.51526718
262 921 4.42429055 0.0147476352 3.51526718
262 921 4.42416065 0.0147472022 3.51526718
262 921 4.42416454 0.0147472151 3.51526718
262 921 4.42416337 0.0147472112 3.51526718
262 921 4.42416087 0.0147472029 3.51526718
262 921 4.42416186 0.0147472062 3.51526718
262 921 4.42416138 0.0147472046 3.51526718
262 921 4.4241615 0.014747205 3.51526718
262 921 4.42416147 0.0147472049 3.51526718
261 915 4.38525807 0.0146175269 3.50574713
261 915 4.38581408 0.0146193803 3.50574713
261 915 4.38527698 0.0146175899 3.50574713
261 915 4.38583998 0.0146194666 3.50574713
261 915 4.38527512 0.0146175837 3.50574713
261 915 4.38585058 0.0146195019 3.50574713
261 915 4.38528481 0.014617616 3.50574713
261 915 4.38584961 0.0146194987 3.50574713
261 915 4.38528486 0.0146176162 3.50574713
261 915 4.38584967 0.0146194989 3.50574713
260 911 4.34402032 0.0144800677 3.50384615
260 908 4.34487514 0.0144829171 3.49230769
260 906 4.3505881 0.0145019603 3.48461538
260 905 4.36249404 0.0145416468 3.48076923
260 905 4.36219333 0.0145406444 3.48076923
260 905 4.36217018 0.0145405673 3.48076923
260 905 4.36216149 0.0145405383 3.48076923
260 905 4.36216168 0.0145405389 3.48076923
260 905 4.36216137 0.0145405379 3.48076923
260 905 4.36216155 0.0145405385 3.48076923
259 899 4.3261733 0.0144205777 3.47104247
259 899 4.32652306 0.0144217435 3.47104247
259 899 4.32644987 0.0144214996 3.47104247
259 899 4.32646102 0.0144215367 3.47104247
259 899 4.32645602 0.0144215201 3.47104247
259 899 4.32645578 0.0144215193 3.47104247
259 899 4.32645562 0.0144215187 3.47104247
259 899 4.32645568 0.0144215189 3.47104247
259 899 4.32645566 0.0144215189 3.47104247
259 899 4.32645566 0.0144215189 3.47104247
258 891 4.29046059 0.0143015353 3.45348837
258 891 4.29082223 0.0143027408 3.45348837
258 891 4.29078888 0.0143026296 3.45348837
258 891 4.29079336 0.0143026445 3.45348837
258 891 4.29079222 0.0143026407 3.45348837
258 891 4.29079218 0.0143026406 3.45348837
258 891 4.29079203 0.0143026401 3.45348837
258 891 4.29079205 0.0143026402 3.45348837
258 891 4.29079204 0.0143026401 3.45348837
258 891 4.29079205 0.0143026402 3.45348837
257 888 4.25287314 0.0141762438 3.45525292
257 888 4.25223271 0.014174109 3.45525292
257 888 4.25227589 0.014174253 3.45525292
257 888 4.25227795 0.0141742598 3.45525292
257 888 4.25226643 0.0141742214 3.45525292
257 888 4.25226417 0.0141742139 3.45525292
257 888 4.25226463 0.0141742154 3.45525292
257 888 4.25226408 0.0141742136 3.45525292
257 888 4.25226412 0.0141742137 3.45525292
257 888 4.25226412 0.0141742137 3.45525292
256 884 4.21063155 0.0140354385 3.453125
256 884 4.21039363 0.0140346454 3.453125
256 881 4.21091417 0.0140363806 3.44140625
256 881 4.2106662 0.014035554 3.44140625
256 881 4.21093343 0.0140364448 3.44140625
256 881 4.21055472 0.0140351824 3.44140625
256 884 4.21081307 0.0140360436 3.453125
256 881 4.21095556 0.0140365185 3.44140625
256 881 4.2106029 0.014035343 3.44140625
256 884 4.21081098 0.0140360366 3.453125
255 878 4.17337962 0.0139112654 3.44313725
255 874 4.17407631 0.0139135877 3.42745098
255 874 4.17359614 0.0139119871 3.42745098
255 874 4.17358889 0.013911963 3.42745098
255 874 4.1736297 0.013912099 3.42745098
255 874 4.17363541 0.013912118 3.42745098
255 874 4.17363575 0.0139121192 3.42745098
255 874 4.17363653 0.0139121218 3.42745098
255 874 4.17363701 0.0139121234 3.42745098
255 874 4.17363709 0.0139121236 3.42745098
254 870 4.13657646 0.0137885882 3.42519685
254 870 4.13693269 0.0137897756 3.42519685
254 870 4.13697626 0.0137899209 3.42519685
254 870 4.13697049 0.0137899016 3.42519685
254 870 4.13696959 0.0137898986 3.42519685
254 870 4.13696916 0.0137898972 3.42519685
254 870 4.13696912 0.0137898971 3.42519685
254 870 4.13696912 0.0137898971 3.42519685
254 870 4.13696911 0.013789897 3.42519685
254 870 4.13696911 0.013789897 3.42519685
253 867 4.0988411 0.0136628037 3.42687747
253 863 4.09767603 0.0136589201 3.41106719
253 867 4.09863057 0.0136621019 3.42687747
253 867 4.09885993 0.0136628664 3.42687747
253 867 4.09874257 0.0136624752 3.42687747
253 867 4.09875611 0.0136625204 3.42687747
253 867 4.09876925 0.0136625642 3.42687747
253 867 4.09876852 0.0136625617 3.42687747
253 867 4.09876847 0.0136625616 3.42687747
253 867 4.09876863 0.0136625621 3.42687747
252 859 4.06106824 0.0135368941 3.40873016
252 859 4.06088553 0.0135362851 3.40873016
252 859 4.06103232 0.0135367744 3.40873016
252 859 4.06085395 0.0135361798 3.40873016
252 859 4.06097187 0.0135365729 3.40873016
252 859 4.06082451 0.0135360817 3.40873016
252 859 4.06101239 0.013536708 3.40873016
252 859 4.0608457 0.0135361523 3.40873016
252 859 4.06097018 0.0135365673 3.40873016
252 859 4.06082419 0.0135360806 3.40873016
251 854 4.01965608 0.0133988536 3.40239044
251 854 4.01941956 0.0133980652 3.40239044
251 854 4.01928967 0.0133976322 3.40239044
251 854 4.0192717 0.0133975723 3.40239044
251 854 4.01925202 0.0133975067 3.40239044
251 854 4.0192506 0.013397502 3.40239044
251 854 4.01925002 0.0133975001 3.40239044
251 854 4.01925021 0.0133975007 3.40239044
251 854 4.01925016 0.0133975005 3.40239044
251 854 4.01925012 0.0133975004 3.40239044
250 849 3.97837321 0.013261244 3.396
250 849 3.97913216 0.0132637739 3.396
250 849 3.97904569 0.0132634856 3.396
250 849 3.97902482 0.0132634161 3.396
250 849 3.97903185 0.0132634395 3.396
250 849 3.97903126 0.0132634375 3.396
250 849 3.97903092 0.0132634364 3.396
250 849 3.97903106 0.0132634369 3.396
250 849 3.97903105 0.0132634368 3.396
250 849 3.97903104 0.0132634368 3.396
249 844 3.93418698 0.0131139566 3.38955823
249 844 3.93367785 0.0131122595 3.38955823
249 844 3.93378818 0.0131126273 3.38955823
249 844 3.93370774 0.0131123591 3.38955823
249 844 3.93375238 0.0131125079 3.38955823
249 844 3.93370831 0.013112361 3.38955823
249 844 3.93375268 0.0131125089 3.38955823
249 844 3.93370852 0.0131123617 3.38955823
249 844 3.9337527 0.013112509 3.38955823
249 844 3.93370853 0.0131123618 3.38955823
248 836 3.88575398 0.0129525133 3.37096774
248 838 3.89937229 0.0129979076 3.37903226
248 838 3.89964684 0.0129988228 3.37903226
248 838 3.89960849 0.012998695 3.37903226
248 838 3.89961524 0.0129987175 3.37903226
248 838 3.89961125 0.0129987042 3.37903226
248 838 3.89961193 0.0129987064 3.37903226
248 838 3.89961189 0.0129987063 3.37903226
248 838 3.89961189 0.0129987063 3.37903226
248 838 3.89961189 0.0129987063 3.37903226
247 833 3.85468421 0.0128489474 3.37246964
247 833 3.85441496 0.0128480499 3.37246964
247 833 3.85445175 0.0128481725 3.37246964
247 833 3.85445311 0.012848177 3.37246964
247 833 3.85445441 0.0128481814 3.37246964
247 833 3.85445452 0.0128481817 3.37246964
247 833 3.85445449 0.0128481816 3.37246964
247 833 3.8544545 0.0128481817 3.37246964
247 833 3.8544545 0.0128481817 3.37246964
247 833 3.8544545 0.0128481817 3.37246964
246 828 3.80176492 0.0126725497 3.36585366
246 828 3.8013645 0.012671215 3.36585366
246 828 3.80136065 0.0126712022 3.36585366
246 828 3.80139249 0.0126713083 3.36585366
246 828 3.80139555 0.0126713185 3.36585366
246 828 3.80139591 0.0126713197 3.36585366
246 828 3.80139579 0.0126713193 3.36585366
246 828 3.80139575 0.0126713192 3.36585366
246 828 3.80139574 0.0126713191 3.36585366
246 828 3.80139574 0.0126713191 3.36585366
245 822 3.74869489 0.0124956496 3.35510204
245 822 3.74936669 0.012497889 3.35510204
245 822 3.74937571 0.012497919 3.35510204
245 822 3.74944197 0.0124981399 3.35510204
245 822 3.74944473 0.0124981491 3.35510204
245 822 3.74944432 0.0124981477 3.35510204
245 822 3.74944485 0.0124981495 3.35510204
245 822 3.74944483 0.0124981494 3.35510204
245 822 3.74944485 0.0124981495 3.35510204
245 822 3.74944485 0.0124981495 3.35510204
244 817 3.69667948 0.0123222649 3.34836066
244 814 3.69856144 0.0123285381 3.33606557
244 813 3.70747857 0.0123582619 3.33196721
244 813 3.71949484 0.0123983161 3.33196721
244 813 3.71964283 0.0123988094 3.33196721
244 813 3.71985418 0.0123995139 3.33196721
244 813 3.71958454 0.0123986151 3.33196721
244 813 3.71985156 0.0123995052 3.33196721
244 813 3.71958546 0.0123986182 3.33196721
244 813 3.71985156 0.0123995052 3.33196721
243 808 3.66493122 0.0122164374 3.32510288
243 805 3.66440228 0.0122146743 3.3127572
243 808 3.66493129 0.0122164376 3.32510288
243 805 3.66453517 0.0122151172 3.3127572
243 808 3.66488642 0.0122162881 3.32510288
243 805 3.66453974 0.0122151325 3.3127572
243 808 3.66488415 0.0122162805 3.32510288
243 805 3.6645397 0.0122151323 3.3127572
243 808 3.66488391 0.0122162797 3.32510288
243 805 3.66453968 0.0122151323 3.3127572
242 802 3.62418761 0.0120806254 3.31404959
242 802 3.62439455 0.0120813152 3.31404959
242 802 3.62431473 0.0120810491 3.31404959
242 802 3.62426536 0.0120808845 3.31404959
242 802 3.62425402 0.0120808467 3.31404959
242 802 3.62425487 0.0120808496 3.31404959
242 802 3.6242548 0.0120808493 3.31404959
242 802 3.62425478 0.0120808493 3.31404959
242 802 3.62425478 0.0120808493 3.31404959
242 802 3.62425478 0.0120808493 3.31404959
241 794 3.57097767 0.0119032589 3.29460581
241 795 3.57533521 0.011917784 3.29875519
241 795 3.57548672 0.0119182891 3.29875519
241 795 3.57542253 0.0119180751 3.29875519
241 795 3.57548261 0.0119182754 3.29875519
241 795 3.5754106 0.0119180353 3.29875519
241 795 3.57548049 0.0119182683 3.29875519
241 795 3.57541136 0.0119180379 3.29875519
241 795 3.57548023 0.0119182674 3.29875519
241 795 3.57541136 0.0119180379 3.29875519
240 789 3.53229222 0.0117743074 3.2875
240 789 3.5326565 0.0117755217 3.2875
240 789 3.53266027 0.0117755342 3.2875
240 789 3.53266439 0.011775548 3.2875
240 789 3.53266438 0.0117755479 3.2875
240 789 3.53266415 0.0117755472 3.2875
240 789 3.53266418 0.0117755473 3.2875
240 789 3.53266419 0.0117755473 3.2875
240 789 3.53266419 0.0117755473 3.2875
240 789 3.53266419 0.0117755473 3.2875
239 782 3.48540556 0.0116180185 3.27196653
239 782 3.48496113 0.0116165371 3.27196653
239 782 3.48521124 0.0116173708 3.27196653
239 782 3.48500254 0.0116166751 3.27196653
239 782 3.48498679 0.0116166226 3.27196653
239 782 3.48498822 0.0116166274 3.27196653
239 782 3.48498806 0.0116166269 3.27196653
239 782 3.48498816 0.0116166272 3.27196653
239 782 3.48498816 0.0116166272 3.27196653
239 782 3.48498816 0.0116166272 3.27196653
238 775 3.4301304 0.011433768 3.25630252
238 777 3.42698177 0.0114232726 3.26470588
238 776 3.42839909 0.011427997 3.2605042
238 775 3.43042232 0.0114347411 3.25630252
238 777 3.42721274 0.0114240425 3.26470588
238 776 3.42837918 0.0114279306 3.2605042
238 777 3.42660995 0.0114220332 3.26470588
238 776 3.42852264 0.0114284088 3.2605042
238 777 3.42691401 0.0114230467 3.26470588
238 776 3.42835162 0.0114278387 3.2605042
237 770 3.38255395 0.0112751798 3.24894515
237 770 3.38260135 0.0112753378 3.24894515
237 770 3.38232532 0.0112744177 3.24894515
237 770 3.38240099 0.01127467 3.24894515
237 770 3.38238026 0.0112746009 3.24894515
237 770 3.38238645 0.0112746215 3.24894515
237 770 3.38238632 0.0112746211 3.24894515
237 770 3.38238644 0.0112746215 3.24894515
237 770 3.38238648 0.0112746216 3.24894515
237 770 3.38238648 0.0112746216 3.24894515
236 766 3.32929402 0.0110976467 3.24576271
236 767 3.34577009 0.011152567 3.25
236 768 3.34547909 0.011151597 3.25423729
236 767 3.34546761 0.0111515587 3.25
236 768 3.34533397 0.0111511132 3.25423729
236 767 3.34542886 0.0111514295 3.25
236 768 3.34531402 0.0111510467 3.25423729
236 767 3.34543936 0.0111514645 3.25
236 768 3.3452289 0.011150763 3.25423729
236 767 3.34545796 0.0111515265 3.25
235 761 3.30084425 0.0110028142 3.23829787
235 761 3.30088105 0.0110029368 3.23829787
235 761 3.30085998 0.0110028666 3.23829787
235 761 3.30086583 0.0110028861 3.23829787
235 761 3.30087679 0.0110029226 3.23829787
235 761 3.30087876 0.0110029292 3.23829787
235 761 3.30087932 0.0110029311 3.23829787
235 761 3.30087932 0.0110029311 3.23829787
235 761 3.30087932 0.0110029311 3.23829787
235 761 3.30087932 0.0110029311 3.23829787
234 753 3.25269947 0.0108423316 3.21794872
234 753 3.25286418 0.0108428806 3.21794872
234 753 3.2528856 0.010842952 3.21794872
234 753 3.2528266 0.0108427553 3.21794872
234 753 3.25297631 0.0108432544 3.21794872
234 753 3.25279054 0.0108426351 3.21794872
234 753 3.25298305 0.0108432768 3.21794872
234 753 3.25278915 0.0108426305 3.21794872
234 753 3.25298335 0.0108432778 3.21794872
234 753 3.25278924 0.0108426308 3.21794872
233 747 3.20041552 0.0106680517 3.20600858
233 751 3.19862997 0.0106620999 3.22317597
233 748 3.2060049 0.010686683 3.21030043
233 748 3.20563318 0.0106854439 3.21030043
233 748 3.20588156 0.0106862719 3.21030043
233 748 3.20570827 0.0106856942 3.21030043
233 748 3.2057622 0.010685874 3.21030043
233 748 3.20561818 0.0106853939 3.21030043
233 748 3.20587586 0.0106862529 3.21030043
233 748 3.20570687 0.0106856896 3.21030043
232 741 3.15747521 0.0105249174 3.19396552
232 742 3.15695703 0.0105231901 3.19827586
232 741 3.15764049 0.0105254683 3.19396552
232 742 3.15702698 0.0105234233 3.19827586
232 741 3.15760458 0.0105253486 3.19396552
232 742 3.15702552 0.0105234184 3.19827586
232 741 3.15760338 0.0105253446 3.19396552
232 742 3.1570254 0.010523418 3.19827586
232 741 3.15760338 0.0105253446 3.19396552
232 742 3.15702538 0.0105234179 3.19827586
231 735 3.10807714 0.0103602571 3.18181818
231 735 3.10631109 0.0103543703 3.18181818
231 738 3.11232603 0.0103744201 3.19480519
231 738 3.11228418 0.0103742806 3.19480519
231 738 3.11254663 0.0103751554 3.19480519
231 738 3.11227006 0.0103742335 3.19480519
231 738 3.11270763 0.0103756921 3.19480519
231 738 3.11224284 0.0103741428 3.19480519
231 738 3.11271386 0.0103757129 3.19480519
231 738 3.1122424 0.0103741413 3.19480519
230 732 3.06611374 0.0102203791 3.1826087
230 732 3.06595189 0.0102198396 3.1826087
230 731 3.06412357 0.0102137452 3.17826087
230 732 3.0663438 0.010221146 3.1826087
230 732 3.06657266 0.0102219089 3.1826087
230 731 3.06439153 0.0102146384 3.17826087
230 732 3.06619676 0.0102206559 3.1826087
230 732 3.06583771 0.010219459 3.1826087
230 731 3.06412703 0.0102137568 3.17826087
230 732 3.0663276 0.010221092 3.1826087
229 725 3.01735284 0.0100578428 3.16593886
229 726 3.01743536 0.0100581179 3.17030568
229 726 3.01716625 0.0100572208 3.17030568
229 726 3.01718948 0.0100572983 3.17030568
229 726 3.01718776 0.0100572925 3.17030568
229 726 3.01718753 0.0100572918 3.17030568
229 726 3.01718759 0.010057292 3.17030568
229 726 3.01718756 0.0100572919 3.17030568
229 726 3.01718757 0.0100572919 3.17030568
229 726 3.01718757 0.0100572919 3.17030568
228 719 2.96894558 0.00989648526 3.15350877
228 717 2.97022541 0.00990075136 3.14473684
228 717 2.96998049 0.00989993498 3.14473684
228 717 2.97007599 0.00990025328 3.14473684
228 717 2.96994545 0.00989981816 3.14473684
228 717 2.97009395 0.00990031316 3.14473684
228 717 2.969914 0.00989971335 3.14473684
228 717 2.97009513 0.0099003171 3.14473684
228 717 2.96991388 0.00989971294 3.14473684
228 717 2.97009512 0.00990031706 3.14473684
227 710 2.9192792 0.00973093068 3.1277533
227 710 2.91890063 0.00972966878 3.1277533
227 713 2.9394004 0.00979800132 3.14096916
227 710 2.9780296 0.00992676533 3.1277533
227 707 2.98831117 0.00996103724 3.11453744
227 708 2.99380055 0.00997933516 3.11894273
227 709 2.99502038 0.00998340127 3.12334802
227 709 2.99518082 0.00998393606 3.12334802
227 709 2.99478691 0.00998262303 3.12334802
227 708 2.9936122 0.00997870734 3.11894273
226 702 2.95276859 0.00984256198 3.10619469
226 702 2.95374457 0.00984581523 3.10619469
226 706 2.9534911 0.00984497034 3.12389381
226 706 2.95325741 0.00984419136 3.12389381
226 706 2.95329143 0.00984430477 3.12389381
226 706 2.95331326 0.00984437754 3.12389381
226 706 2.95331163 0.00984437209 3.12389381
226 706 2.95331094 0.00984436981 3.12389381
226 706 2.95331134 0.00984437114 3.12389381
226 706 2.95331149 0.00984437164 3.12389381
225 697 2.91345969 0.0097115323 3.09777778
225 697 2.91359924 0.00971199746 3.09777778
225 697 2.91354856 0.00971182853 3.09777778
225 697 2.91355253 0.00971184177 3.09777778
225 697 2.91355309 0.00971184365 3.09777778
225 697 2.91355309 0.00971184365 3.09777778
225 697 2.91355312 0.00971184372 3.09777778
225 697 2.91355312 0.00971184374 3.09777778
225 697 2.91355312 0.00971184375 3.09777778
225 697 2.91355312 0.00971184375 3.09777778
224 694 2.8685072 0.00956169066 3.09821429
224 694 2.86852419 0.00956174731 3.09821429
224 694 2.86846054 0.00956153512 3.09821429
224 694 2.86844349 0.00956147829 3.09821429
224 694 2.86844588 0.00956148628 3.09821429
224 694 2.86844648 0.00956148825 3.09821429
224 694 2.86844658 0.00956148861 3.09821429
224 694 2.8684466 0.00956148866 3.09821429
224 694 2.8684466 0.00956148867 3.09821429
224 694 2.8684466 0.00956148867 3.09821429
223 686 2.81904712 0.00939682372 3.07623318
223 686 2.81938033 0.00939793443 3.07623318
223 689 2.82087661 0.00940292203 3.0896861
223 689 2.82083717 0.00940279058 3.0896861
223 689 2.82083629 0.00940278763 3.0896861
223 689 2.82083155 0.00940277183 3.0896861
223 689 2.82083199 0.00940277329 3.0896861
223 689 2.82083191 0.00940277302 3.0896861
223 689 2.8208319 0.00940277299 3.0896861
223 689 2.8208319 0.00940277299 3.0896861
222 681 2.7713403 0.00923780099 3.06756757
222 681 2.77122295 0.00923740983 3.06756757
222 681 2.77078357 0.00923594522 3.06756757
222 681 2.77126047 0.0092375349 3.06756757
222 681 2.77077378 0.00923591261 3.06756757
222 681 2.77126247 0.00923754157 3.06756757
222 681 2.77077597 0.00923591989 3.06756757
222 681 2.77126246 0.00923754153 3.06756757
222 681 2.77077592 0.00923591973 3.06756757
222 681 2.77126245 0.00923754151 3.06756757
221 674 2.71792719 0.00905975731 3.04977376
221 674 2.71813835 0.00906046116 3.04977376
221 674 2.71812088 0.00906040294 3.04977376
221 674 2.71813117 0.00906043723 3.04977376
221 674 2.71813022 0.00906043407 3.04977376
221 674 2.71813006 0.00906043354 3.04977376
221 674 2.71813008 0.00906043361 3.04977376
221 674 2.71813009 0.00906043362 3.04977376
221 674 2.71813008 0.00906043361 3.04977376
221 674 2.71813008 0.00906043361 3.04977376
220 668 2.66459237 0.00888197457 3.03636364
220 668 2.66438422 0.00888128072 3.03636364
220 668 2.66443066 0.00888143554 3.03636364
220 670 2.66239365 0.00887464551 3.04545455
220 668 2.66451167 0.00888170556 3.03636364
220 670 2.66258185 0.00887527284 3.04545455
220 668 2.66454074 0.00888180245 3.03636364
220 670 2.66242922 0.00887476407 3.04545455
220 668 2.66452626 0.00888175419 3.03636364
220 670 2.66243178 0.00887477259 3.04545455
219 664 2.60824268 0.00869414227 3.03196347
219 664 2.60808033 0.00869360109 3.03196347
219 664 2.60819762 0.00869399207 3.03196347
219 664 2.60829403 0.00869431343 3.03196347
219 664 2.60830669 0.00869435563 3.03196347
219 664 2.60830106 0.00869433687 3.03196347
219 664 2.60830111 0.00869433702 3.03196347
219 664 2.60830131 0.00869433769 3.03196347
219 664 2.6083013 0.00869433766 3.03196347
219 664 2.60830129 0.00869433764 3.03196347
218 658 2.55431047 0.00851436825 3.01834862
218 658 2.55401582 0.00851338606 3.01834862
218 658 2.55419007 0.00851396691 3.01834862
218 658 2.5541943 0.00851398101 3.01834862
218 658 2.55419452 0.00851398172 3.01834862
218 658 2.5541945 0.00851398166 3.01834862
218 658 2.55419449 0.00851398165 3.01834862
218 658 2.55419449 0.00851398164 3.01834862
218 658 2.55419449 0.00851398164 3.01834862
218 658 2.55419449 0.00851398164 3.01834862
217 656 2.4915737 0.00830524565 3.02304147
217 657 2.5023041 0.00834101368 3.02764977
217 657 2.50516723 0.00835055745 3.02764977
217 661 2.51834436 0.0083944812 3.04608295
217 661 2.5182423 0.00839414099 3.04608295
217 661 2.5181643 0.00839388099 3.04608295
217 661 2.51817429 0.00839391431 3.04608295
217 661 2.51817393 0.0083939131 3.04608295
217 661 2.51817366 0.00839391221 3.04608295
217 661 2.51817363 0.00839391209 3.04608295
216 655 2.46864943 0.00822883143 3.03240741
216 654 2.46991901 0.00823306335 3.02777778
216 651 2.49709401 0.00832364671 3.01388889
216 651 2.52474294 0.00841580981 3.01388889
216 651 2.52442532 0.00841475108 3.01388889
216 651 2.52451466 0.00841504887 3.01388889
216 651 2.52451346 0.00841504488 3.01388889
216 651 2.52451499 0.00841504996 3.01388889
216 651 2.52451486 0.00841504953 3.01388889
216 651 2.52451489 0.00841504963 3.01388889
215 645 2.47666522 0.00825555074 3
215 643 2.47870929 0.00826236431 2.99069767
215 643 2.47847447 0.00826158155 2.99069767
215 643 2.47820335 0.00826067785 2.99069767
215 646 2.48510848 0.00828369495 3.00465116
215 646 2.48517394 0.00828391313 3.00465116
215 646 2.48504043 0.00828346811 3.00465116
215 646 2.48512376 0.00828374585 3.00465116
215 646 2.48512918 0.00828376392 3.00465116
215 646 2.48512464 0.0082837488 3.00465116
214 637 2.44153633 0.00813845445 2.97663551
214 637 2.44113389 0.00813711295 2.97663551
214 637 2.44097148 0.0081365716 2.97663551
214 637 2.44096667 0.00813655556 2.97663551
214 637 2.44096842 0.0081365614 2.97663551
214 637 2.44096876 0.00813656252 2.97663551
214 637 2.4409688 0.00813656266 2.97663551
214 637 2.4409688 0.00813656265 2.97663551
214 637 2.44096879 0.00813656265 2.97663551
214 637 2.44096879 0.00813656265 2.97663551
213 631 2.3897966 0.00796598866 2.96244131
213 632 2.39332933 0.00797776442 2.96713615
213 635 2.39627937 0.0079875979 2.98122066
213 635 2.39594308 0.00798647693 2.98122066
213 635 2.3959785 0.00798659499 2.98122066
213 635 2.39597456 0.00798658187 2.98122066
213 635 2.39597359 0.00798657862 2.98122066
213 635 2.39597358 0.0079865786 2.98122066
213 635 2.39597356 0.00798657854 2.98122066
213 635 2.39597355 0.00798657849 2.98122066
212 626 2.35169169 0.0078389723 2.95283019
212 632 2.35062692 0.00783542306 2.98113208
212 632 2.35135631 0.00783785438 2.98113208
212 632 2.35134406 0.00783781352 2.98113208
212 632 2.35131987 0.0078377329 2.98113208
212 632 2.35132243 0.00783774142 2.98113208
212 632 2.35132342 0.00783774474 2.98113208
212 632 2.35132336 0.00783774454 2.98113208
212 632 2.35132337 0.00783774456 2.98113208
212 632 2.35132338 0.00783774461 2.98113208
211 623 2.3056414 0.00768547132 2.95260664
211 623 2.30541814 0.00768472712 2.95260664
211 623 2.30532501 0.00768441671 2.95260664
211 623 2.3048618 0.00768287266 2.95260664
211 618 2.30374569 0.00767915228 2.92890995
211 622 2.30414786 0.00768049286 2.9478673
211 622 2.30405369 0.00768017898 2.9478673
211 622 2.30408122 0.00768027073 2.9478673
211 622 2.30408603 0.00768028677 2.9478673
211 622 2.30408774 0.00768029247 2.9478673
210 614 2.26003366 0.00753344555 2.92380952
210 614 2.2600879 0.00753362635 2.92380952
210 612 2.25738266 0.00752460888 2.91428571
210 614 2.26030895 0.00753436317 2.92380952
210 614 2.26005802 0.00753352674 2.92380952
210 614 2.26003233 0.00753344112 2.92380952
210 612 2.25762739 0.00752542462 2.91428571
210 614 2.26028716 0.00753429052 2.92380952
210 614 2.26005995 0.00753353318 2.92380952
210 614 2.26003235 0.00753344117 2.92380952
209 606 2.21813416 0.00739378052 2.89952153
209 606 2.21795405 0.00739318017 2.89952153
209 606 2.21861235 0.00739537451 2.89952153
209 609 2.21768611 0.00739228704 2.9138756
209 611 2.23384208 0.00744614027 2.92344498
209 609 2.2428455 0.00747615165 2.9138756
209 607 2.24877649 0.00749592164 2.90430622
209 612 2.25369925 0.00751233085 2.92822967
209 612 2.25324 0.0075108 2.92822967
209 612 2.25322614 0.00751075379 2.92822967
208 606 2.21851308 0.00739504358 2.91346154
208 611 2.23341256 0.00744470854 2.9375
208 617 2.23321116 0.0074440372 2.96634615
208 611 2.23339354 0.00744464514 2.9375
208 612 2.23337817 0.00744459388 2.94230769
208 612 2.23354207 0.00744514023 2.94230769
208 611 2.23380747 0.00744602491 2.9375
208 617 2.23316346 0.00744387819 2.96634615
208 611 2.2334125 0.00744470834 2.9375
208 612 2.23370351 0.00744567836 2.94230769
207 607 2.19883292 0.00732944306 2.93236715
207 611 2.19676054 0.00732253514 2.95169082
207 607 2.1986175 0.00732872501 2.93236715
207 603 2.20008099 0.00733360331 2.91304348
207 606 2.20334935 0.00734449784 2.92753623
207 605 2.20542765 0.0073514255 2.92270531
207 607 2.20410945 0.00734703149 2.93236715
207 605 2.20528602 0.00735095338 2.92270531
207 607 2.2037741 0.00734591368 2.93236715
207 605 2.20498604 0.00734995347 2.92270531
206 599 2.17260424 0.00724201412 2.90776699
206 600 2.17263192 0.00724210639 2.91262136
206 605 2.17536914 0.00725123045 2.9368932
206 605 2.19449672 0.00731498906 2.9368932
206 605 2.20566368 0.00735221226 2.9368932
206 605 2.22819838 0.00742732792 2.9368932
206 603 2.2332835 0.00744427834 2.92718447
206 598 2.23905776 0.00746352588 2.90291262
206 598 2.23910518 0.00746368395 2.90291262
206 598 2.23916816 0.00746389387 2.90291262
205 597 2.21070625 0.00736902084 2.91219512
205 597 2.2105462 0.00736848733 2.91219512
205 597 2.21049059 0.00736830198 2.91219512
205 597 2.21048825 0.00736829418 2.91219512
205 597 2.21048561 0.00736828537 2.91219512
205 597 2.21048619 0.00736828731 2.91219512
205 597 2.21048652 0.00736828841 2.91219512
205 597 2.2104865 0.00736828832 2.91219512
205 597 2.21048654 0.00736828847 2.91219512
205 597 2.21048657 0.00736828855 2.91219512
204 592 2.18394871 0.00727982902 2.90196078
204 592 2.1838176 0.00727939201 2.90196078
204 592 2.18347162 0.00727823874 2.90196078
204 592 2.18404812 0.00728016041 2.90196078
204 592 2.18360478 0.00727868259 2.90196078
204 592 2.18401311 0.00728004371 2.90196078
204 592 2.18372161 0.00727907204 2.90196078
204 592 2.18349243 0.00727830809 2.90196078
204 592 2.18404422 0.00728014741 2.90196078
204 592 2.1836021 0.00727867368 2.90196078
203 587 2.15436403 0.00718121344 2.89162562
203 587 2.15409349 0.00718031164 2.89162562
203 587 2.15408921 0.00718029736 2.89162562
203 587 2.15411216 0.00718037387 2.89162562
203 587 2.15410933 0.00718036442 2.89162562
203 587 2.1541096 0.00718036533 2.89162562
203 587 2.15411252 0.00718037507 2.89162562
203 587 2.15411106 0.00718037018 2.89162562
203 587 2.15411123 0.00718037077 2.89162562
203 587 2.1541113 0.00718037101 2.89162562
202 585 2.12417005 0.00708056683 2.8960396
202 585 2.12406333 0.0070802111 2.8960396
202 585 2.12438402 0.00708128006 2.8960396
202 585 2.12414584 0.00708048614 2.8960396
202 585 2.12439486 0.0070813162 2.8960396
202 585 2.12414595 0.0070804865 2.8960396
202 585 2.12439597 0.00708131991 2.8960396
202 585 2.12414629 0.00708048764 2.8960396
202 585 2.12439608 0.00708132027 2.8960396
202 585 2.12414635 0.00708048783 2.8960396
201 580 2.08292688 0.00694308959 2.88557214
201 581 2.08465183 0.00694883944 2.89054726
201 585 2.10078358 0.00700261193 2.91044776
201 578 2.10790435 0.00702634783 2.87562189
201 578 2.1076238 0.00702541267 2.87562189
201 578 2.10742576 0.00702475254 2.87562189
201 578 2.10753403 0.00702511344 2.87562189
201 578 2.10750849 0.0070250283 2.87562189
201 578 2.10751031 0.00702503438 2.87562189
201 578 2.10751118 0.00702503726 2.87562189
200 576 2.07988962 0.00693296542 2.88
200 569 2.07876332 0.00692921105 2.845
200 576 2.0802239 0.00693407965 2.88
200 576 2.08023772 0.00693412572 2.88
200 569 2.07862642 0.00692875472 2.845
200 576 2.08026 0.00693419999 2.88
200 576 2.08024367 0.00693414555 2.88
200 569 2.0785776 0.006928592 2.845
200 576 2.08024471 0.00693414903 2.88
200 576 2.08025306 0.00693417687 2.88
199 567 2.0485589 0.00682852966 2.84924623
199 567 2.04888771 0.00682962568 2.84924623
199 567 2.04902674 0.00683008915 2.84924623
199 567 2.04901888 0.00683006295 2.84924623
199 567 2.04894589 0.00682981965 2.84924623
199 567 2.04884743 0.00682949144 2.84924623
199 567 2.0489542 0.00682984735 2.84924623
199 567 2.04884571 0.00682948571 2.84924623
199 567 2.04895274 0.00682984246 2.84924623
199 567 2.04884587 0.00682948623 2.84924623
198 565 2.01528094 0.00671760312 2.85353535
198 565 2.01560752 0.00671869172 2.85353535
198 565 2.0155956 0.00671865201 2.85353535
198 565 2.015575 0.00671858334 2.85353535
198 565 2.01557681 0.00671858937 2.85353535
198 565 2.01557942 0.00671859808 2.85353535
198 565 2.01558037 0.00671860122 2.85353535
198 565 2.01558074 0.00671860248 2.85353535
198 565 2.01558095 0.00671860315 2.85353535
198 565 2.01558105 0.00671860351 2.85353535
197 558 1.98301808 0.00661006026 2.83248731
197 565 1.98923841 0.0066307947 2.8680203
197 569 2.00851091 0.00669503638 2.88832487
197 570 2.03130164 0.00677100547 2.89340102
197 561 2.05288643 0.00684295476 2.84771574
197 561 2.05256029 0.00684186764 2.84771574
197 561 2.05252944 0.00684176478 2.84771574
197 561 2.05249405 0.00684164682 2.84771574
197 561 2.0524688 0.00684156267 2.84771574
197 561 2.05245679 0.00684152262 2.84771574
196 560 2.02783471 0.00675944904 2.85714286
196 560 2.02796767 0.00675989223 2.85714286
196 560 2.027893 0.00675964334 2.85714286
196 560 2.0279051 0.00675968366 2.85714286
196 560 2.02791179 0.00675970597 2.85714286
196 560 2.02791511 0.00675971705 2.85714286
196 560 2.02791698 0.00675972325 2.85714286
196 560 2.02791797 0.00675972656 2.85714286
196 560 2.02791849 0.00675972831 2.85714286
196 560 2.02791877 0.00675972923 2.85714286
195 557 2.00013239 0.00666710795 2.85641026
195 557 1.99988891 0.00666629637 2.85641026
195 557 1.99980559 0.00666601864 2.85641026
195 557 1.99985813 0.00666619377 2.85641026
195 557 1.99987786 0.00666625953 2.85641026
195 557 1.99988381 0.00666627935 2.85641026
195 557 1.99988789 0.00666629298 2.85641026
195 557 1.99988998 0.00666629995 2.85641026
195 557 1.99989138 0.00666630462 2.85641026
195 557 1.99989219 0.00666630729 2.85641026
194 550 1.97245422 0.00657484741 2.83505155
194 550 1.97265285 0.00657550949 2.83505155
194 550 1.97267746 0.00657559154 2.83505155
194 550 1.97258147 0.00657527155 2.83505155
194 550 1.97261337 0.0065753779 2.83505155
194 550 1.9726239 0.00657541299 2.83505155
194 550 1.97261767 0.00657539223 2.83505155
194 550 1.97262246 0.0065754082 2.83505155
194 550 1.97261772 0.00657539239 2.83505155
194 550 1.97262243 0.0065754081 2.83505155
193 541 1.94179115 0.00647263715 2.80310881
193 541 1.94191466 0.00647304887 2.80310881
193 545 1.94196326 0.00647321085 2.8238342
193 541 1.94226136 0.00647420452 2.80310881
193 541 1.94188745 0.00647295815 2.80310881
193 545 1.94190573 0.00647301911 2.8238342
193 541 1.94227386 0.00647424619 2.80310881
193 541 1.94188727 0.00647295756 2.80310881
193 545 1.94190467 0.00647301557 2.8238342
193 541 1.94227409 0.00647424698 2.80310881
192 536 1.91199989 0.00637333297 2.79166667
192 536 1.91175779 0.00637252595 2.79166667
192 536 1.9114898 0.00637163267 2.79166667
192 536 1.91145247 0.00637150823 2.79166667
192 536 1.91148124 0.00637160412 2.79166667
192 536 1.91149297 0.00637164324 2.79166667
192 536 1.9114964 0.00637165466 2.79166667
192 536 1.91149719 0.00637165731 2.79166667
192 536 1.91149738 0.00637165795 2.79166667
192 536 1.91149746 0.00637165819 2.79166667
191 532 1.87529302 0.00625097674 2.78534031
191 528 1.89017301 0.00630057669 2.76439791
191 535 1.88998235 0.00629994115 2.80104712
191 528 1.89036508 0.00630121695 2.76439791
191 535 1.89009723 0.00630032409 2.80104712
191 528 1.89037528 0.00630125092 2.76439791
191 535 1.89008984 0.00630029948 2.80104712
191 528 1.89037589 0.00630125298 2.76439791
191 535 1.89008917 0.00630029723 2.80104712
191 528 1.89037636 0.00630125455 2.76439791
190 526 1.86306876 0.0062102292 2.76842105
190 526 1.86332496 0.0062110832 2.76842105
190 526 1.86331057 0.00621103524 2.76842105
190 526 1.86336145 0.00621120482 2.76842105
190 526 1.86343722 0.00621145741 2.76842105
190 526 1.86334922 0.00621116405 2.76842105
190 526 1.86337623 0.00621125409 2.76842105
190 526 1.86344806 0.00621149355 2.76842105
190 526 1.86335904 0.00621119681 2.76842105
190 526 1.86338405 0.00621128015 2.76842105
189 521 1.83150863 0.00610502877 2.75661376
189 520 1.83513566 0.00611711887 2.75132275
189 523 1.84116116 0.00613720386 2.76719577
189 523 1.84105943 0.00613686475 2.76719577
189 515 1.84131368 0.00613771227 2.72486772
189 523 1.84116991 0.00613723305 2.76719577
189 515 1.84124223 0.00613747409 2.72486772
189 523 1.84108468 0.00613694892 2.76719577
189 515 1.84125183 0.00613750608 2.72486772
189 523 1.84116788 0.00613722626 2.76719577
188 514 1.81759351 0.00605864503 2.73404255
188 514 1.81762922 0.00605876406 2.73404255
188 514 1.81754687 0.00605848957 2.73404255
188 514 1.81786326 0.0060595442 2.73404255
188 514 1.81768101 0.0060589367 2.73404255
188 514 1.81765472 0.00605884907 2.73404255
188 514 1.81766653 0.00605888842 2.73404255
188 514 1.81759295 0.00605864315 2.73404255
188 514 1.81766043 0.00605886809 2.73404255
188 514 1.8175936 0.00605864534 2.73404255
187 510 1.7908248 0.00596941599 2.72727273
187 510 1.79107308 0.00597024361 2.72727273
187 510 1.79097475 0.00596991584 2.72727273
187 510 1.79095646 0.00596985485 2.72727273
187 510 1.79095467 0.0059698489 2.72727273
187 510 1.79095457 0.00596984858 2.72727273
187 510 1.79095468 0.00596984892 2.72727273
187 510 1.79095473 0.00596984911 2.72727273
187 510 1.79095476 0.0059698492 2.72727273
187 510 1.79095477 0.00596984924 2.72727273
186 508 1.76363239 0.00587877463 2.7311828
186 508 1.76347072 0.00587823575 2.7311828
186 508 1.76365695 0.0058788565 2.7311828
186 508 1.76363473 0.00587878243 2.7311828
186 508 1.76364526 0.00587881753 2.7311828
186 508 1.76364566 0.00587881885 2.7311828
186 508 1.76364432 0.00587881441 2.7311828
186 508 1.76364628 0.00587882095 2.7311828
186 508 1.763646 0.00587882001 2.7311828
186 508 1.76364655 0.00587882185 2.7311828
185 505 1.73345965 0.00577819884 2.72972973
185 505 1.73328376 0.00577761254 2.72972973
185 505 1.73331967 0.00577773224 2.72972973
185 505 1.73333755 0.00577779184 2.72972973
185 505 1.7333439 0.005777813 2.72972973
185 505 1.73334281 0.00577780937 2.72972973
185 505 1.73334218 0.00577780727 2.72972973
185 505 1.73334221 0.00577780738 2.72972973
185 505 1.73334233 0.00577780777 2.72972973
185 505 1.73334238 0.00577780794 2.72972973
184 503 1.70169648 0.00567232159 2.73369565
184 503 1.7102283 0.00570076101 2.73369565
184 507 1.72876647 0.0057625549 2.75543478
184 505 1.74288663 0.00580962211 2.74456522
184 508 1.74423533 0.00581411777 2.76086957
184 507 1.74793314 0.00582644381 2.75543478
184 507 1.75284574 0.00584281913 2.75543478
184 507 1.75862898 0.00586209659 2.75543478
184 504 1.76143557 0.00587145191 2.73913043
184 504 1.76127602 0.00587092005 2.73913043
183 500 1.7387314 0.00579577132 2.73224044
183 500 1.73851884 0.0057950628 2.73224044
183 500 1.73851853 0.00579506176 2.73224044
183 500 1.73848765 0.00579495884 2.73224044
183 500 1.73847991 0.00579493304 2.73224044
183 500 1.73847687 0.0057949229 2.73224044
183 500 1.73847545 0.00579491817 2.73224044
183 500 1.73847458 0.00579491525 2.73224044
183 500 1.73847395 0.00579491318 2.73224044
183 500 1.73847352 0.00579491174 2.73224044
182 498 1.7162317 0.00572077234 2.73626374
182 498 1.71621332 0.00572071106 2.73626374
182 497 1.71542954 0.00571809845 2.73076923
182 495 1.71617072 0.00572056908 2.71978022
182 497 1.71553912 0.00571846373 2.73076923
182 495 1.71618591 0.00572061969 2.71978022
182 497 1.71553251 0.00571844169 2.73076923
182 495 1.71617849 0.00572059495 2.71978022
182 497 1.7155367 0.00571845565 2.73076923
182 495 1.7161763 0.00572058768 2.71978022
181 491 1.69604561 0.00565348536 2.71270718
181 491 1.69598885 0.00565329615 2.71270718
181 491 1.69598264 0.00565327547 2.71270718
181 491 1.69599992 0.00565333308 2.71270718
181 491 1.69600291 0.00565334304 2.71270718
181 491 1.69600539 0.00565335129 2.71270718
181 491 1.6960079 0.00565335966 2.71270718
181 491 1.69600962 0.00565336539 2.71270718
181 491 1.69601083 0.00565336942 2.71270718
181 491 1.69601171 0.00565337235 2.71270718
180 489 1.67340483 0.00557801611 2.71666667
180 490 1.67343545 0.00557811817 2.72222222
180 490 1.67332068 0.00557773561 2.72222222
180 490 1.67330011 0.00557766704 2.72222222
180 490 1.67330485 0.00557768284 2.72222222
180 490 1.67330186 0.00557767287 2.72222222
180 490 1.67329985 0.00557766616 2.72222222
180 490 1.67329882 0.00557766274 2.72222222
180 490 1.67329813 0.00557766042 2.72222222
180 490 1.67329764 0.00557765879 2.72222222
179 488 1.6504283 0.00550142767 2.72625698
179 488 1.6507088 0.00550236267 2.72625698
179 488 1.65057086 0.00550190286 2.72625698
179 488 1.65060425 0.00550201418 2.72625698
179 488 1.65067583 0.00550225276 2.72625698
179 488 1.65068973 0.00550229909 2.72625698
179 488 1.65069314 0.00550231048 2.72625698
179 488 1.65069696 0.00550232322 2.72625698
179 488 1.65069974 0.00550233245 2.72625698
179 488 1.65070145 0.00550233817 2.72625698
178 481 1.62444947 0.00541483158 2.70224719
178 487 1.62451417 0.00541504722 2.73595506
178 487 1.62422391 0.00541407969 2.73595506
178 487 1.6241553 0.00541385099 2.73595506
178 487 1.62424489 0.00541414963 2.73595506
178 487 1.62420944 0.00541403147 2.73595506
178 487 1.62420623 0.00541402077 2.73595506
178 487 1.62420317 0.00541401056 2.73595506
178 487 1.62420223 0.00541400744 2.73595506
178 487 1.62420148 0.00541400492 2.73595506
177 484 1.59966678 0.00533222259 2.73446328
177 483 1.60007443 0.00533358144 2.72881356
177 484 1.59958244 0.00533194146 2.73446328
177 483 1.599984 0.00533327999 2.72881356
177 484 1.59959597 0.00533198657 2.73446328
177 483 1.59994962 0.00533316541 2.72881356
177 484 1.59961454 0.00533204847 2.73446328
177 483 1.59993627 0.00533312089 2.72881356
177 484 1.59962523 0.00533208411 2.73446328
177 483 1.59992972 0.00533309906 2.72881356
176 481 1.57778392 0.00525927973 2.73295455
176 481 1.57809692 0.00526032306 2.73295455
176 481 1.57787876 0.00525959585 2.73295455
176 481 1.57793791 0.00525979305 2.73295455
176 481 1.57793819 0.00525979397 2.73295455
176 481 1.57793503 0.00525978342 2.73295455
176 481 1.57793625 0.00525978749 2.73295455
176 481 1.57793657 0.00525978855 2.73295455
176 481 1.57793669 0.00525978897 2.73295455
176 481 1.57793684 0.00525978946 2.73295455
175 478 1.55510815 0.00518369383 2.73142857
175 475 1.55582472 0.00518608241 2.71428571
175 475 1.55533978 0.00518446593 2.71428571
175 475 1.55514973 0.00518383242 2.71428571
175 478 1.55539877 0.00518466258 2.73142857
175 474 1.55596065 0.00518653549 2.70857143
175 474 1.55581735 0.00518605784 2.70857143
175 474 1.55581891 0.00518606302 2.70857143
175 474 1.55581091 0.00518603635 2.70857143
175 474 1.55581072 0.00518603572 2.70857143
174 473 1.53457755 0.00511525849 2.7183908
174 468 1.54227971 0.00514093237 2.68965517
174 466 1.56086765 0.00520289215 2.67816092
174 467 1.56170907 0.00520569691 2.68390805
174 465 1.58008414 0.00526694714 2.67241379
174 465 1.57965595 0.00526551984 2.67241379
174 466 1.58170854 0.00527236181 2.67816092
174 466 1.58144702 0.00527149006 2.67816092
174 466 1.58122716 0.00527075719 2.67816092
174 466 1.58104559 0.00527015197 2.67816092
173 463 1.56218799 0.00520729329 2.67630058
173 463 1.5621782 0.00520726067 2.67630058
173 463 1.5621148 0.00520704933 2.67630058
173 463 1.56212041 0.00520706804 2.67630058
173 463 1.5621084 0.00520702799 2.67630058
173 463 1.5620962 0.00520698735 2.67630058
173 463 1.56208636 0.00520695454 2.67630058
173 463 1.56207735 0.0052069245 2.67630058
173 463 1.56206913 0.00520689711 2.67630058
173 463 1.56206168 0.00520687226 2.67630058
172 460 1.5412167 0.00513738901 2.6744186
172 460 1.54119309 0.0051373103 2.6744186
172 460 1.54122056 0.00513740188 2.6744186
172 460 1.54121593 0.00513738642 2.6744186
172 460 1.54121809 0.00513739364 2.6744186
172 460 1.54121618 0.00513738725 2.6744186
172 460 1.54121549 0.00513738497 2.6744186
172 460 1.54121465 0.00513738216 2.6744186
172 460 1.54121403 0.0051373801 2.6744186
172 460 1.54121347 0.00513737822 2.6744186
171 454 1.52205118 0.00507350393 2.65497076
171 454 1.52188544 0.00507295145 2.65497076
171 454 1.5219158 0.00507305266 2.65497076
171 454 1.52190771 0.00507302569 2.65497076
171 454 1.52190945 0.00507303149 2.65497076
171 454 1.52190994 0.00507303314 2.65497076
171 454 1.52191087 0.00507303622 2.65497076
171 454 1.52191185 0.0050730395 2.65497076
171 454 1.52191284 0.00507304282 2.65497076
171 454 1.52191383 0.00507304611 2.65497076
170 453 1.50053422 0.00500178072 2.66470588
170 453 1.5006863 0.00500228765 2.66470588
170 453 1.50067349 0.00500224496 2.66470588
170 453 1.50067277 0.00500224257 2.66470588
170 453 1.50066655 0.00500222185 2.66470588
170 453 1.50066299 0.00500220997 2.66470588
170 453 1.50065999 0.00500219997 2.66470588
170 453 1.50065757 0.00500219191 2.66470588
170 453 1.50065562 0.0050021854 2.66470588
170 453 1.50065404 0.00500218013 2.66470588
169 446 1.47807575 0.00492691915 2.63905325
169 448 1.47864986 0.00492883286 2.65088757
169 448 1.47868361 0.00492894538 2.65088757
169 448 1.47867961 0.00492893204 2.65088757
169 448 1.47867669 0.00492892231 2.65088757
169 448 1.47867671 0.00492892237 2.65088757
169 448 1.47867667 0.00492892223 2.65088757
169 448 1.47867658 0.00492892192 2.65088757
169 448 1.47867652 0.00492892173 2.65088757
169 448 1.47867646 0.00492892153 2.65088757
168 441 1.45631018 0.00485436727 2.625
168 441 1.45623338 0.00485411127 2.625
168 441 1.45645691 0.00485485637 2.625
168 441 1.45638566 0.00485461887 2.625
168 441 1.45626512 0.00485421707 2.625
168 441 1.45645999 0.00485486662 2.625
168 441 1.45639269 0.00485464232 2.625
168 441 1.456273 0.00485424334 2.625
168 441 1.4564686 0.00485489532 2.625
168 441 1.45640107 0.00485467022 2.625
167 435 1.42980222 0.00476600741 2.60479042
167 440 1.42961143 0.00476537142 2.63473054
167 440 1.42962867 0.00476542891 2.63473054
167 440 1.42963286 0.00476544286 2.63473054
167 440 1.4296214 0.00476540467 2.63473054
167 440 1.42961614 0.00476538713 2.63473054
167 440 1.4296118 0.00476537267 2.63473054
167 440 1.42960835 0.00476536117 2.63473054
167 440 1.42960566 0.00476535221 2.63473054
167 440 1.42960355 0.00476534518 2.63473054
166 433 1.4074507 0.00469150233 2.60843373
166 433 1.4075839 0.00469194634 2.60843373
166 433 1.40749993 0.00469166645 2.60843373
166 433 1.40737525 0.00469125082 2.60843373
166 433 1.40755242 0.00469184141 2.60843373
166 433 1.40740063 0.00469133542 2.60843373
166 433 1.40758266 0.00469194221 2.60843373
166 433 1.40742445 0.00469141485 2.60843373
166 433 1.40760501 0.0046920167 2.60843373
166 433 1.40744103 0.00469147011 2.60843373
165 428 1.37925782 0.00459752606 2.59393939
165 428 1.37887486 0.00459624952 2.59393939
165 428 1.37936033 0.00459786777 2.59393939
165 428 1.37886523 0.00459621742 2.59393939
165 428 1.37903389 0.00459677962 2.59393939
165 428 1.37888635 0.00459628783 2.59393939
165 428 1.37901675 0.0045967225 2.59393939
165 428 1.37888447 0.00459628155 2.59393939
165 428 1.3790234 0.00459674468 2.59393939
165 428 1.37888617 0.00459628725 2.59393939
164 425 1.35001607 0.00450005356 2.59146341
164 420 1.34998892 0.00449996305 2.56097561
164 421 1.3516927 0.00450564235 2.56707317
164 421 1.35125656 0.00450418854 2.56707317
164 421 1.3511641 0.00450388033 2.56707317
164 421 1.35118193 0.00450393977 2.56707317
164 421 1.35115862 0.00450386206 2.56707317
164 421 1.35114674 0.00450382245 2.56707317
164 421 1.35113948 0.00450379826 2.56707317
164 421 1.35113347 0.00450377825 2.56707317
163 418 1.32667135 0.00442223783 2.56441718
163 416 1.32527241 0.00441757471 2.55214724
163 418 1.32708701 0.00442362337 2.56441718
163 418 1.32709741 0.00442365802 2.56441718
163 416 1.3253644 0.00441788134 2.55214724
163 418 1.32708744 0.00442362481 2.56441718
163 418 1.32695043 0.0044231681 2.56441718
163 416 1.32516808 0.00441722692 2.55214724
163 418 1.32705656 0.00442352186 2.56441718
163 418 1.32695291 0.00442317637 2.56441718
162 413 1.30097853 0.00433659512 2.54938272
162 413 1.30090419 0.0043363473 2.54938272
162 413 1.3009474 0.00433649135 2.54938272
162 413 1.30101051 0.00433670169 2.54938272
162 413 1.3009109 0.00433636967 2.54938272
162 413 1.30098855 0.00433662851 2.54938272
162 413 1.30090873 0.00433636242 2.54938272
162 413 1.30098937 0.00433663123 2.54938272
162 413 1.30090875 0.0043363625 2.54938272
162 413 1.3009891 0.00433663034 2.54938272
161 411 1.27493385 0.0042497795 2.55279503
161 405 1.28411943 0.00428039809 2.51552795
161 404 1.3070625 0.00435687501 2.50931677
161 407 1.30647889 0.00435492965 2.52795031
161 404 1.30693333 0.00435644443 2.50931677
161 405 1.30902415 0.00436341384 2.51552795
161 408 1.309458 0.00436486001 2.53416149
161 408 1.30941746 0.00436472488 2.53416149
161 408 1.3094001 0.00436466699 2.53416149
161 408 1.309384 0.00436461333 2.53416149
160 401 1.28797933 0.00429326442 2.50625
160 401 1.2877068 0.00429235599 2.50625
160 401 1.28766957 0.00429223191 2.50625
160 401 1.28765667 0.00429218889 2.50625
160 401 1.28765406 0.0042921802 2.50625
160 401 1.28765387 0.00429217958 2.50625
160 401 1.28765418 0.00429218061 2.50625
160 401 1.28765442 0.00429218139 2.50625
160 401 1.28765462 0.00429218207 2.50625
160 401 1.28765476 0.00429218254 2.50625
159 400 1.26392527 0.00421308423 2.51572327
159 396 1.26266241 0.00420887471 2.49056604
159 396 1.26284772 0.00420949241 2.49056604
159 396 1.26279731 0.00420932436 2.49056604
159 396 1.26278468 0.00420928227 2.49056604
159 396 1.26278236 0.00420927453 2.49056604
159 396 1.26278147 0.00420927157 2.49056604
159 396 1.26278105 0.00420927016 2.49056604
159 396 1.26278085 0.00420926949 2.49056604
159 396 1.26278071 0.00420926902 2.49056604
158 395 1.24011751 0.00413372504 2.5
158 395 1.24011667 0.00413372222 2.5
158 395 1.24029032 0.00413430106 2.5
158 395 1.24020347 0.00413401158 2.5
158 395 1.24025851 0.00413419504 2.5
158 395 1.24027783 0.00413425943 2.5
158 395 1.24027551 0.00413425171 2.5
158 395 1.24027536 0.00413425121 2.5
158 395 1.2402796 0.00413426534 2.5
158 395 1.24028156 0.00413427187 2.5
157 390 1.21101694 0.00403672313 2.48407643
157 390 1.21140603 0.0040380201 2.48407643
157 390 1.21041493 0.00403471642 2.48407643
157 390 1.21040703 0.00403469009 2.48407643
157 390 1.21154542 0.00403848474 2.48407643
157 390 1.21035862 0.00403452875 2.48407643
157 390 1.21039375 0.00403464585 2.48407643
157 390 1.21156287 0.00403854291 2.48407643
157 390 1.21035685 0.00403452282 2.48407643
157 390 1.2103935 0.004034645 2.48407643
156 384 1.17672585 0.0039224195 2.46153846
156 385 1.18201281 0.0039400427 2.46794872
156 389 1.19748792 0.00399162641 2.49358974
156 389 1.19716025 0.00399053416 2.49358974
156 389 1.19741885 0.00399139615 2.49358974
156 389 1.19801306 0.00399337688 2.49358974
156 389 1.1977175 0.00399239167 2.49358974
156 389 1.19754511 0.00399181702 2.49358974
156 389 1.19694371 0.00398981236 2.49358974
156 389 1.19770985 0.00399236618 2.49358974
155 384 1.17004379 0.00390014597 2.47741935
155 379 1.18112582 0.00393708607 2.44516129
155 386 1.18089665 0.00393632217 2.49032258
155 379 1.18105602 0.0039368534 2.44516129
155 379 1.18113123 0.00393710411 2.44516129
155 386 1.1809887 0.003936629 2.49032258
155 379 1.18093326 0.0039364442 2.44516129
155 386 1.18096503 0.00393655012 2.49032258
155 379 1.18107049 0.00393690164 2.44516129
155 386 1.18094486 0.00393648288 2.49032258
154 378 1.15884874 0.00386282913 2.45454545
154 378 1.15886181 0.00386287271 2.45454545
154 378 1.15897359 0.00386324531 2.45454545
154 381 1.15641741 0.00385472471 2.47402597
154 378 1.15891706 0.00386305687 2.45454545
154 378 1.15885784 0.00386285947 2.45454545
154 378 1.15888704 0.00386295679 2.45454545
154 378 1.15893891 0.00386312969 2.45454545
154 381 1.15643087 0.00385476955 2.47402597
154 378 1.15891672 0.00386305574 2.45454545
153 371 1.13156688 0.00377188961 2.4248366
153 377 1.1299507 0.00376650233 2.46405229
153 371 1.13160072 0.0037720024 2.4248366
153 377 1.13016397 0.00376721323 2.46405229
153 371 1.13146518 0.0037715506 2.4248366
153 377 1.13021962 0.00376739874 2.46405229
153 371 1.13147274 0.0037715758 2.4248366
153 377 1.13023085 0.00376743615 2.46405229
153 371 1.13149077 0.00377163591 2.4248366
153 377 1.13023375 0.00376744585 2.46405229
152 369 1.10800285 0.00369334282 2.42763158
152 369 1.1081525 0.00369384167 2.42763158
152 369 1.10799761 0.00369332538 2.42763158
152 369 1.1081394 0.00369379799 2.42763158
152 369 1.10799924 0.00369333079 2.42763158
152 369 1.10813957 0.00369379856 2.42763158
152 369 1.10799971 0.00369333236 2.42763158
152 369 1.10814003 0.00369380011 2.42763158
152 369 1.10799997 0.00369333323 2.42763158
152 369 1.10814013 0.00369380044 2.42763158
151 364 1.08220948 0.00360736493 2.41059603
151 364 1.08594014 0.00361980047 2.41059603
151 364 1.08596807 0.00361989358 2.41059603
151 364 1.0858128 0.003619376 2.41059603
151 364 1.08584101 0.00361947002 2.41059603
151 364 1.0858687 0.00361956235 2.41059603
151 364 1.08587916 0.0036195972 2.41059603
151 364 1.08588211 0.00361960703 2.41059603
151 364 1.08588762 0.00361962541 2.41059603
151 364 1.08589334 0.00361964446 2.41059603
150 359 1.06053895 0.00353512984 2.39333333
150 363 1.06030845 0.00353436151 2.42
150 359 1.06508889 0.00355029629 2.39333333
150 362 1.0723305 0.00357443501 2.41333333
150 359 1.08267803 0.00360892676 2.39333333
150 358 1.08799378 0.00362664594 2.38666667
150 355 1.09384644 0.00364615481 2.36666667
150 359 1.10618272 0.00368727574 2.39333333
150 358 1.13273044 0.00377576813 2.38666667
150 358 1.1326798 0.00377559934 2.38666667
149 354 1.11235899 0.00370786329 2.37583893
149 359 1.13160935 0.00377203116 2.40939597
149 359 1.13679326 0.00378931085 2.40939597
149 359 1.13662122 0.0037887374 2.40939597
149 359 1.13659297 0.00378864324 2.40939597
149 359 1.13661078 0.00378870258 2.40939597
149 359 1.13659665 0.00378865549 2.40939597
149 359 1.13660115 0.00378867049 2.40939597
149 359 1.13659893 0.0037886631 2.40939597
149 359 1.1365991 0.00378866365 2.40939597
148 356 1.11620187 0.0037206729 2.40540541
148 356 1.11640819 0.00372136063 2.40540541
148 356 1.11626249 0.00372087497 2.40540541
148 356 1.11620305 0.00372067682 2.40540541
148 356 1.11619675 0.00372065583 2.40540541
148 356 1.11621027 0.00372070089 2.40540541
148 356 1.11629452 0.00372098172 2.40540541
148 356 1.11634551 0.00372115171 2.40540541
148 356 1.11618681 0.00372062269 2.40540541
148 356 1.11620989 0.00372069964 2.40540541
147 350 1.09717168 0.00365723893 2.38095238
147 350 1.09698087 0.0036566029 2.38095238
147 350 1.09679142 0.00365597141 2.38095238
147 350 1.09719081 0.00365730269 2.38095238
147 350 1.09708139 0.00365693796 2.38095238
147 350 1.09702914 0.0036567638 2.38095238
147 350 1.09715861 0.00365719535 2.38095238
147 350 1.09702149 0.00365673831 2.38095238
147 350 1.09715837 0.00365719457 2.38095238
147 350 1.09702938 0.00365676461 2.38095238
146 347 1.07289429 0.00357631431 2.37671233
146 346 1.07242909 0.00357476365 2.36986301
146 347 1.07308726 0.00357695753 2.37671233
146 346 1.0724177 0.00357472568 2.36986301
146 347 1.07312519 0.00357708397 2.37671233
146 347 1.07287883 0.00357626277 2.37671233
146 347 1.07290749 0.00357635829 2.37671233
146 347 1.07293995 0.00357646652 2.37671233
146 347 1.07296869 0.00357656231 2.37671233
146 347 1.07293182 0.00357643939 2.37671233
145 343 1.05228965 0.00350763218 2.36551724
145 343 1.05229925 0.00350766417 2.36551724
145 343 1.05232534 0.00350775112 2.36551724
145 343 1.05233743 0.00350779144 2.36551724
145 343 1.05233755 0.00350779182 2.36551724
145 343 1.05233912 0.00350779706 2.36551724
145 343 1.05234009 0.00350780031 2.36551724
145 343 1.05234061 0.00350780202 2.36551724
145 343 1.05234145 0.00350780485 2.36551724
145 343 1.05234204 0.00350780681 2.36551724
144 340 1.02721321 0.00342404404 2.36111111
144 340 1.04740524 0.0034913508 2.36111111
144 340 1.04736604 0.00349122012 2.36111111
144 340 1.04741078 0.00349136926 2.36111111
144 340 1.04743234 0.00349144114 2.36111111
144 340 1.04744255 0.00349147518 2.36111111
144 340 1.0474463 0.00349148766 2.36111111
144 340 1.04744754 0.00349149181 2.36111111
144 340 1.04744808 0.0034914936 2.36111111
144 340 1.04744831 0.00349149437 2.36111111
143 337 1.0270624 0.00342354133 2.35664336
143 337 1.02670692 0.00342235641 2.35664336
143 337 1.02703113 0.00342343711 2.35664336
143 337 1.02674175 0.00342247248 2.35664336
143 337 1.02716306 0.00342387688 2.35664336
143 337 1.02678685 0.00342262282 2.35664336
143 337 1.02767855 0.00342559518 2.35664336
143 337 1.02692824 0.00342309413 2.35664336
143 337 1.02695889 0.00342319629 2.35664336
143 337 1.02666672 0.00342222241 2.35664336
142 334 1.00082283 0.0033360761 2.35211268
142 335 1.02987756 0.0034329252 2.35915493
142 332 1.03267759 0.00344225862 2.33802817
142 332 1.03235688 0.00344118959 2.33802817
142 332 1.03220019 0.0034406673 2.33802817
142 332 1.03210738 0.00344035792 2.33802817
142 332 1.0320467 0.00344015568 2.33802817
142 332 1.03201015 0.00344003382 2.33802817
142 332 1.03198429 0.00343994762 2.33802817
142 332 1.0319661 0.003439887 2.33802817
141 329 1.01212751 0.00337375838 2.33333333
141 331 1.01170168 0.00337233892 2.34751773
141 329 1.01211139 0.00337370462 2.33333333
141 331 1.01158393 0.00337194644 2.34751773
141 329 1.01218829 0.00337396098 2.33333333
141 331 1.01149846 0.00337166152 2.34751773
141 329 1.0122289 0.00337409633 2.33333333
141 331 1.0114487 0.00337149566 2.34751773
141 329 1.01225871 0.00337419569 2.33333333
141 331 1.01141948 0.00337139827 2.34751773
140 325 0.993876011 0.00331292004 2.32142857
140 325 0.993681685 0.00331227228 2.32142857
140 325 0.993494516 0.00331164839 2.32142857
140 325 0.99389746 0.00331299153 2.32142857
140 325 0.993864728 0.00331288243 2.32142857
140 325 0.99386258 0.00331287527 2.32142857
140 325 0.9938677 0.00331289233 2.32142857
140 325 0.993867537 0.00331289179 2.32142857
140 325 0.993867849 0.00331289283 2.32142857
140 325 0.993868129 0.00331289376 2.32142857
139 319 0.966103365 0.00322034455 2.29496403
139 319 0.968235207 0.00322745069 2.29496403
139 321 0.976579289 0.0032552643 2.30935252
139 321 0.976564183 0.00325521394 2.30935252
139 321 0.976599763 0.00325533254 2.30935252
139 321 0.976535793 0.00325511931 2.30935252
139 321 0.976643079 0.00325547693 2.30935252
139 321 0.976596827 0.00325532276 2.30935252
139 321 0.976532807 0.00325510936 2.30935252
139 321 0.976645358 0.00325548453 2.30935252
138 317 0.957942673 0.00319314224 2.29710145
138 317 0.958259965 0.00319419988 2.29710145
138 317 0.957910038 0.00319303346 2.29710145
138 317 0.958195672 0.00319398557 2.29710145
138 317 0.958253513 0.00319417838 2.29710145
138 317 0.958246541 0.00319415514 2.29710145
138 317 0.958207843 0.00319402614 2.29710145
138 317 0.95822025 0.0031940675 2.29710145
138 317 0.958235612 0.00319411871 2.29710145
138 317 0.958246266 0.00319415422 2.29710145
137 315 0.928074579 0.00309358193 2.29927007
137 314 0.94199671 0.00313998903 2.2919708
137 314 0.962269877 0.00320756626 2.2919708
137 314 0.962159625 0.00320719875 2.2919708
137 314 0.962138495 0.00320712832 2.2919708
137 314 0.962103039 0.00320701013 2.2919708
137 314 0.962088549 0.00320696183 2.2919708
137 314 0.962075401 0.003206918 2.2919708
137 314 0.96206777 0.00320689257 2.2919708
137 314 0.962062103 0.00320687368 2.2919708
136 311 0.940465987 0.00313488662 2.28676471
136 311 0.940571383 0.00313523794 2.28676471
136 311 0.940528955 0.00313509652 2.28676471
136 311 0.94053314 0.00313511047 2.28676471
136 311 0.940546785 0.00313515595 2.28676471
136 311 0.940572021 0.00313524007 2.28676471
136 311 0.940552287 0.00313517429 2.28676471
136 311 0.940571939 0.0031352398 2.28676471
136 311 0.940576395 0.00313525465 2.28676471
136 311 0.940579593 0.00313526531 2.28676471
135 307 0.921187057 0.00307062352 2.27407407
135 307 0.920695135 0.00306898378 2.27407407
135 307 0.920879492 0.00306959831 2.27407407
135 301 0.936075271 0.0031202509 2.22962963
135 301 0.936698298 0.00312232766 2.22962963
135 301 0.936591451 0.0031219715 2.22962963
135 301 0.936445977 0.00312148659 2.22962963
135 301 0.936546131 0.00312182044 2.22962963
135 301 0.936443346 0.00312147782 2.22962963
135 301 0.936529753 0.00312176584 2.22962963
134 297 0.913698456 0.00304566152 2.21641791
134 298 0.913911714 0.00304637238 2.2238806
134 297 0.91338479 0.00304461597 2.21641791
134 298 0.914072796 0.00304690932 2.2238806
134 297 0.913369047 0.00304456349 2.21641791
134 298 0.914105763 0.00304701921 2.2238806
134 297 0.913363478 0.00304454493 2.21641791
134 298 0.914130134 0.00304710045 2.2238806
134 297 0.913361005 0.00304453668 2.21641791
134 298 0.91414016 0.00304713387 2.2238806
133 294 0.894694047 0.00298231349 2.21052632
133 294 0.894549696 0.00298183232 2.21052632
133 294 0.894727877 0.00298242626 2.21052632
133 294 0.894783371 0.00298261124 2.21052632
133 294 0.894794198 0.00298264733 2.21052632
133 294 0.894796366 0.00298265455 2.21052632
133 294 0.894796242 0.00298265414 2.21052632
133 294 0.894796967 0.00298265656 2.21052632
133 294 0.894797239 0.00298265746 2.21052632
133 294 0.894797335 0.00298265778 2.21052632
132 290 0.866514688 0.00288838229 2.1969697
132 290 0.866274337 0.00288758112 2.1969697
132 290 0.866727262 0.00288909087 2.1969697
132 290 0.866430515 0.00288810172 2.1969697
132 290 0.866363506 0.00288787835 2.1969697
132 290 0.866573552 0.00288857851 2.1969697
132 290 0.866165489 0.0028872183 2.1969697
132 290 0.866518924 0.00288839641 2.1969697
132 290 0.866340441 0.00288780147 2.1969697
132 290 0.866725042 0.00288908347 2.1969697
131 285 0.837329496 0.00279109832 2.17557252
131 283 0.849389983 0.00283129994 2.16030534
131 283 0.849333828 0.00283111276 2.16030534
131 283 0.849273599 0.002830912 2.16030534
131 283 0.84933906 0.0028311302 2.16030534
131 283 0.849378528 0.00283126176 2.16030534
131 283 0.849381257 0.00283127086 2.16030534
131 283 0.849466582 0.00283155527 2.16030534
131 283 0.849360636 0.00283120212 2.16030534
131 283 0.84933963 0.0028311321 2.16030534
130 279 0.820710856 0.00273570285 2.14615385
130 280 0.821079592 0.00273693197 2.15384615
130 279 0.820815728 0.00273605243 2.14615385
130 280 0.82102167 0.0027367389 2.15384615
130 280 0.82079756 0.00273599187 2.15384615
130 280 0.820966849 0.00273655616 2.15384615
130 280 0.820969839 0.00273656613 2.15384615
130 280 0.821038389 0.00273679463 2.15384615
130 279 0.821035528 0.00273678509 2.14615385
130 280 0.821251428 0.00273750476 2.15384615
129 276 0.795436847 0.00265145616 2.13953488
129 276 0.795385629 0.00265128543 2.13953488
129 276 0.795433817 0.00265144606 2.13953488
129 276 0.795441118 0.00265147039 2.13953488
129 276 0.795458092 0.00265152697 2.13953488
129 276 0.79546549 0.00265155163 2.13953488
129 276 0.795470747 0.00265156916 2.13953488
129 276 0.795473763 0.00265157921 2.13953488
129 276 0.795475324 0.00265158441 2.13953488
129 276 0.79547631 0.0026515877 2.13953488
128 270 0.76822037 0.00256073457 2.109375
128 270 0.768351599 0.002561172 2.109375
128 270 0.76865789 0.00256219297 2.109375
128 270 0.76877177 0.00256257257 2.109375
128 270 0.768209738 0.00256069913 2.109375
128 270 0.768699346 0.00256233115 2.109375
128 270 0.768750311 0.00256250104 2.109375
128 270 0.768220008 0.00256073336 2.109375
128 270 0.768699605 0.00256233202 2.109375
128 270 0.768748255 0.00256249418 2.109375
127 268 0.739450277 0.00246483426 2.11023622
127 266 0.739876987 0.00246625662 2.09448819
127 266 0.739645293 0.00246548431 2.09448819
127 266 0.740004449 0.0024666815 2.09448819
127 266 0.739806567 0.00246602189 2.09448819
127 266 0.739860553 0.00246620184 2.09448819
127 266 0.739897473 0.00246632491 2.09448819
127 266 0.739891673 0.00246630558 2.09448819
127 266 0.739889219 0.0024662974 2.09448819
127 266 0.739888968 0.00246629656 2.09448819
126 264 0.713538963 0.00237846321 2.0952381
126 264 0.713138581 0.0023771286 2.0952381
126 264 0.713179631 0.00237726544 2.0952381
126 264 0.713195737 0.00237731912 2.0952381
126 264 0.713214553 0.00237738184 2.0952381
126 264 0.713219323 0.00237739774 2.0952381
126 264 0.713221432 0.00237740477 2.0952381
126 264 0.713222972 0.00237740991 2.0952381
126 264 0.713223933 0.00237741311 2.0952381
126 264 0.713224481 0.00237741494 2.0952381
125 263 0.686482119 0.00228827373 2.104
125 262 0.695010245 0.00231670082 2.096
125 265 0.697788722 0.00232596241 2.12
125 265 0.697803599 0.002326012 2.12
125 265 0.697745264 0.00232581755 2.12
125 265 0.697756972 0.00232585657 2.12
125 265 0.69780356 0.00232601187 2.12
125 265 0.69777356 0.00232591187 2.12
125 265 0.697787507 0.00232595836 2.12
125 265 0.697799395 0.00232599798 2.12
124 259 0.678033381 0.00226011127 2.08870968
124 259 0.678071555 0.00226023852 2.08870968
124 259 0.677990132 0.00225996711 2.08870968
124 259 0.678065875 0.00226021958 2.08870968
124 259 0.677991086 0.00225997029 2.08870968
124 259 0.678059681 0.00226019894 2.08870968
124 259 0.677987014 0.00225995671 2.08870968
124 259 0.678059765 0.00226019922 2.08870968
124 259 0.677987932 0.00225995977 2.08870968
124 259 0.678061245 0.00226020415 2.08870968
123 255 0.659783339 0.0021992778 2.07317073
123 255 0.65970525 0.0021990175 2.07317073
123 255 0.659720767 0.00219906922 2.07317073
123 255 0.659766972 0.00219922324 2.07317073
123 255 0.659796568 0.00219932189 2.07317073
123 255 0.659818919 0.0021993964 2.07317073
123 255 0.659834784 0.00219944928 2.07317073
123 255 0.65984582 0.00219948607 2.07317073
123 255 0.659853404 0.00219951135 2.07317073
123 255 0.659858559 0.00219952853 2.07317073
122 252 0.636132643 0.00212044214 2.06557377
122 255 0.640150788 0.00213383596 2.09016393
122 255 0.639979493 0.00213326498 2.09016393
122 255 0.63973231 0.00213244103 2.09016393
122 255 0.639759103 0.00213253034 2.09016393
122 255 0.639609954 0.00213203318 2.09016393
122 255 0.639685433 0.00213228478 2.09016393
122 255 0.639565831 0.0021318861 2.09016393
122 255 0.63966079 0.00213220263 2.09016393
122 255 0.63954934 0.00213183113 2.09016393
121 251 0.621788639 0.0020726288 2.07438017
121 251 0.621513289 0.00207171096 2.07438017
121 251 0.621492848 0.00207164283 2.07438017
121 251 0.621520568 0.00207173523 2.07438017
121 251 0.621643571 0.00207214524 2.07438017
121 251 0.621533616 0.00207177872 2.07438017
121 251 0.621670334 0.00207223445 2.07438017
121 251 0.621529893 0.00207176631 2.07438017
121 251 0.62167405 0.00207224683 2.07438017
121 251 0.621529089 0.00207176363 2.07438017
120 249 0.597871709 0.0019929057 2.075
120 247 0.60019562 0.00200065207 2.05833333
120 247 0.600264766 0.00200088255 2.05833333
120 247 0.600056117 0.00200018706 2.05833333
120 247 0.600311747 0.00200103916 2.05833333
120 247 0.600227821 0.0020007594 2.05833333
120 247 0.600003535 0.00200001178 2.05833333
120 247 0.600126662 0.00200042221 2.05833333
120 247 0.600190869 0.00200063623 2.05833333
120 247 0.600048608 0.00200016203 2.05833333
119 246 0.586073755 0.00195357918 2.06722689
119 246 0.585837926 0.00195279309 2.06722689
119 246 0.585903113 0.00195301038 2.06722689
119 246 0.585914203 0.00195304734 2.06722689
119 246 0.585884294 0.00195294765 2.06722689
119 246 0.585866861 0.00195288954 2.06722689
119 246 0.585860997 0.00195286999 2.06722689
119 246 0.585861642 0.00195287214 2.06722689
119 246 0.585862823 0.00195287608 2.06722689
119 246 0.585863046 0.00195287682 2.06722689
118 244 0.566110697 0.00188703566 2.06779661
118 242 0.569464158 0.00189821386 2.05084746
118 243 0.602478833 0.00200826278 2.05932203
118 243 0.600944938 0.00200314979 2.05932203
118 243 0.600199173 0.00200066391 2.05932203
118 243 0.599827717 0.00199942572 2.05932203
118 243 0.599639541 0.00199879847 2.05932203
118 243 0.59953751 0.00199845837 2.05932203
118 243 0.599475778 0.00199825259 2.05932203
118 243 0.599437284 0.00199812428 2.05932203
117 241 0.581864494 0.00193954831 2.05982906
117 244 0.584086417 0.00194695472 2.08547009
117 243 0.584878178 0.00194959393 2.07692308
117 243 0.584597826 0.00194865942 2.07692308
117 243 0.584644274 0.00194881425 2.07692308
117 243 0.584629515 0.00194876505 2.07692308
117 243 0.584612992 0.00194870997 2.07692308
117 243 0.584586367 0.00194862122 2.07692308
117 243 0.584578751 0.00194859584 2.07692308
117 243 0.584569691 0.00194856564 2.07692308
116 238 0.573399826 0.00191133275 2.05172414
116 238 0.573297965 0.00191099322 2.05172414
116 238 0.573068165 0.00191022722 2.05172414
116 238 0.572909438 0.00190969813 2.05172414
116 238 0.57273478 0.00190911593 2.05172414
116 238 0.572550086 0.00190850029 2.05172414
116 238 0.572346323 0.00190782108 2.05172414
116 238 0.572113012 0.00190704337 2.05172414
116 238 0.571833899 0.001906113 2.05172414
116 238 0.571482935 0.00190494312 2.05172414
115 236 0.556971 0.00185657 2.05217391
115 236 0.556358457 0.00185452819 2.05217391
115 233 0.562773157 0.00187591052 2.02608696
115 233 0.561754767 0.00187251589 2.02608696
115 233 0.559142289 0.00186380763 2.02608696
115 233 0.552315055 0.00184105018 2.02608696
115 233 8.13043993e-08 2.71014664e-10 2.02608696
115 234 0 0 2.03478261
allocating memory...
allocating memory...
walksat version 35
command line = test -solcnf -cutoff 100000000 -best -seed 1234567 -numsol 10 ./residualformula_seed2.cnf
seed = 1234567
cutoff = 100000000
tries = 10
heuristic = best, noise 50 / 100
tail starts after flip = 900
numatom = 300, numclause = 234, numliterals = 577
wff read in

    lowest     final       avg     noise     noise     total                 avg        mean        mean
    #unsat    #unsat     noise   std dev     ratio     flips              length       flips       flips
      this      this      this      this      this      this   success   success       until         std
       try       try       try       try       try       try      rate     tries      assign         dev

         0         0      0.00      0.00      0.00       254       100       254      254.00
         0         0      0.00      0.00      0.00       264       100       259      259.00        7.07
         0         0      1.15      0.63      1.83       997       100       505      505.00      426.11
         0         0      0.00      0.00      0.00       232       100       436      436.75      373.74
         0         0      0.00      0.00      0.00       364       100       422      422.20      325.30
         0         0      3.20      1.65      1.94      1545       100       609      609.33      542.93
         0         0      0.00      0.00      0.00       675       100       618      618.71      496.24
         0         0      0.00      0.00      0.00       239       100       571      571.25      478.64
         0         0      2.11      1.22      1.73      2051       100       735      735.67      666.15
         0         0      1.83      1.23      1.48       922       100       754      754.30      630.81

total elapsed seconds = 0.000000
average flips per second = -9223372036854775808
number solutions found = 10
final success rate = 100.000000
average length successful tries = 754
mean flips until assign = 754.300000
  variance = 397923.566667
  standard deviation = 630.811831
  standard error of mean = 199.480216
mean seconds until assign = 0.000000
  variance = 0.000000
  standard deviation = 0.000000
  standard error of mean = 0.000000
mean restarts until assign = 1.000000
  variance = 0.000000
  standard deviation = 0.000000
  standard error of mean = 0.000000
final noise level statistics
    statistics over all runs:
      overall mean average noise level = 2.071977
      overall mean noise std deviation = 1.182208
      overall ratio mean noise to mean std dev = 1.752633
    statistics on successful runs:
      successful mean average noise level = 2.071977
      successful mean noise std deviation = 1.182208
      successful ratio mean noise to mean std dev = 1.752633
    statistics on nonsuccessful runs:
      nonsuccessful mean average noise level = 0.000000
      nonsuccessful mean noise std deviation = 0.000000
      nonsuccessful ratio mean noise to mean std dev = 0.000000
ASSIGNMENT FOUND
Check and white a solution
time of whitening    freezing probability
9	 	 	 	1
9	 	 	 	1
1023	 	 	 	0.196666667
1023	 	 	 	0.196666667
9	 	 	 	1
1023	 	 	 	0.156666667
1023	 	 	 	0.156666667
1023	 	 	 	0.196666667
1023	 	 	 	0.156666667
1023	 	 	 	0.196666667
