START ALGORITHM:
I am going to build an instance with N: 300 variables and 1200 clauses with a clause density equal to 4
START BSP WITH r=0.9:
Decimation scorer: cert
END UNIT PROPAGATION
300 1200 6.16226307 0.0205408769 4
300 1200 6.16211422 0.0205403807 4
300 1200 6.16195729 0.0205398576 4
300 1200 6.16179157 0.0205393052 4
300 1200 6.16168487 0.0205389496 4
300 1200 6.16164555 0.0205388185 4
300 1200 6.16159678 0.0205386559 4
300 1200 6.16157348 0.0205385783 4
300 1200 6.16155081 0.0205385027 4
299 1196 6.16154475 0.0205384825 4
299 1196 6.1614966 0.020538322 4
299 1196 6.16151246 0.0205383749 4
299 1196 6.16146536 0.0205382179 4
299 1196 6.1614652 0.0205382173 4
299 1196 6.16146987 0.0205382329 4
299 1196 6.16147102 0.0205382367 4
299 1196 6.1614712 0.0205382373 4
299 1196 6.16147266 0.0205382422 4
299 1196 6.16147296 0.0205382432 4
298 1193 6.15153383 0.0205051128 4.0033557
298 1193 6.1515757 0.0205052523 4.0033557
298 1193 6.15156959 0.020505232 4.0033557
298 1193 6.15156308 0.0205052103 4.0033557
298 1193 6.15156134 0.0205052045 4.0033557
298 1193 6.15156093 0.0205052031 4.0033557
298 1193 6.15156089 0.020505203 4.0033557
298 1193 6.15156091 0.020505203 4.0033557
298 1193 6.15156093 0.0205052031 4.0033557
298 1193 6.15156094 0.0205052031 4.0033557
297 1185 6.14068254 0.0204689418 3.98989899
297 1185 6.1407064 0.0204690213 3.98989899
297 1185 6.1407422 0.0204691407 3.98989899
297 1185 6.14074825 0.0204691608 3.98989899
297 1185 6.14074884 0.0204691628 3.98989899
297 1185 6.14074881 0.0204691627 3.98989899
297 1185 6.14074889 0.020469163 3.98989899
297 1185 6.14074893 0.0204691631 3.98989899
297 1185 6.14074895 0.0204691632 3.98989899
297 1185 6.14074896 0.0204691632 3.98989899
296 1175 6.12528579 0.0204176193 3.96959459
296 1175 6.12513728 0.0204171243 3.96959459
296 1175 6.12514144 0.0204171381 3.96959459
296 1175 6.12512528 0.0204170843 3.96959459
296 1175 6.1251333 0.020417111 3.96959459
296 1175 6.1251334 0.0204171113 3.96959459
296 1175 6.12513422 0.0204171141 3.96959459
296 1175 6.12513456 0.0204171152 3.96959459
296 1175 6.12513472 0.0204171157 3.96959459
296 1175 6.12513483 0.0204171161 3.96959459
295 1167 6.10380464 0.0203460155 3.9559322
295 1167 6.10396077 0.0203465359 3.9559322
295 1167 6.10391193 0.0203463731 3.9559322
295 1167 6.10392745 0.0203464248 3.9559322
295 1167 6.10391677 0.0203463892 3.9559322
295 1167 6.1039296 0.020346432 3.9559322
295 1167 6.10391614 0.0203463871 3.9559322
295 1167 6.10392942 0.0203464314 3.9559322
295 1167 6.10391609 0.020346387 3.9559322
295 1167 6.1039294 0.0203464313 3.9559322
294 1162 6.08081921 0.0202693974 3.95238095
294 1162 6.08111177 0.0202703726 3.95238095
294 1162 6.08081003 0.0202693668 3.95238095
294 1162 6.08115948 0.0202705316 3.95238095
294 1162 6.08075775 0.0202691925 3.95238095
294 1162 6.08082494 0.0202694165 3.95238095
294 1162 6.08119424 0.0202706475 3.95238095
294 1162 6.08075456 0.0202691819 3.95238095
294 1162 6.08082693 0.0202694231 3.95238095
294 1162 6.08119621 0.020270654 3.95238095
293 1150 6.05475187 0.0201825062 3.92491468
293 1150 6.05486183 0.0201828728 3.92491468
293 1150 6.05477232 0.0201825744 3.92491468
293 1150 6.05472362 0.0201824121 3.92491468
293 1150 6.05472196 0.0201824065 3.92491468
293 1150 6.05472285 0.0201824095 3.92491468
293 1150 6.05472423 0.0201824141 3.92491468
293 1150 6.0547248 0.020182416 3.92491468
293 1150 6.05472507 0.0201824169 3.92491468
293 1150 6.05472518 0.0201824173 3.92491468
292 1140 6.02533993 0.0200844664 3.90410959
292 1140 6.02541125 0.0200847042 3.90410959
292 1140 6.02531381 0.0200843794 3.90410959
292 1140 6.02528573 0.0200842858 3.90410959
292 1140 6.02528319 0.0200842773 3.90410959
292 1140 6.02528441 0.0200842814 3.90410959
292 1140 6.02528516 0.0200842839 3.90410959
292 1140 6.02528545 0.0200842848 3.90410959
292 1140 6.02528556 0.0200842852 3.90410959
292 1140 6.0252856 0.0200842853 3.90410959
291 1128 5.99585393 0.0199861798 3.87628866
291 1128 5.99601204 0.0199867068 3.87628866
291 1128 5.99614662 0.0199871554 3.87628866
291 1128 5.99593886 0.0199864629 3.87628866
291 1128 5.99566179 0.0199855393 3.87628866
291 1128 5.99610048 0.0199870016 3.87628866
291 1128 5.99593036 0.0199864345 3.87628866
291 1128 5.99566469 0.019985549 3.87628866
291 1128 5.9960996 0.0199869987 3.87628866
291 1128 5.99593074 0.0199864358 3.87628866
290 1114 5.96370886 0.0198790295 3.84137931
290 1119 5.95564757 0.0198521586 3.85862069
290 1116 5.96072844 0.0198690948 3.84827586
290 1119 5.98170845 0.0199390282 3.85862069
290 1115 5.98339731 0.0199446577 3.84482759
290 1117 5.96849678 0.0198949893 3.85172414
290 1115 5.98355059 0.0199451686 3.84482759
290 1115 5.98342339 0.0199447446 3.84482759
290 1115 5.98338048 0.0199446016 3.84482759
290 1115 5.98337338 0.0199445779 3.84482759
289 1105 5.95838488 0.0198612829 3.82352941
289 1105 5.95828124 0.0198609375 3.82352941
289 1105 5.95832394 0.0198610798 3.82352941
289 1105 5.95833916 0.0198611305 3.82352941
289 1105 5.95834333 0.0198611444 3.82352941
289 1105 5.95834484 0.0198611495 3.82352941
289 1105 5.95834575 0.0198611525 3.82352941
289 1105 5.95834619 0.019861154 3.82352941
289 1105 5.95834645 0.0198611548 3.82352941
289 1105 5.9583466 0.0198611553 3.82352941
288 1094 5.92907733 0.0197635911 3.79861111
288 1094 5.92907556 0.0197635852 3.79861111
288 1094 5.9290411 0.0197634703 3.79861111
288 1094 5.92902624 0.0197634208 3.79861111
288 1094 5.92902429 0.0197634143 3.79861111
288 1094 5.92902471 0.0197634157 3.79861111
288 1094 5.92902512 0.0197634171 3.79861111
288 1094 5.92902534 0.0197634178 3.79861111
288 1094 5.92902546 0.0197634182 3.79861111
288 1094 5.92902552 0.0197634184 3.79861111
287 1082 5.89823487 0.0196607829 3.77003484
287 1082 5.89835018 0.0196611673 3.77003484
287 1082 5.89831251 0.0196610417 3.77003484
287 1082 5.8983251 0.0196610837 3.77003484
287 1082 5.8983332 0.0196611107 3.77003484
287 1082 5.89833789 0.0196611263 3.77003484
287 1082 5.89833935 0.0196611312 3.77003484
287 1082 5.89833987 0.0196611329 3.77003484
287 1082 5.89834009 0.0196611336 3.77003484
287 1082 5.89834018 0.0196611339 3.77003484
286 1077 5.86404526 0.0195468175 3.76573427
286 1075 5.85106547 0.0195035516 3.75874126
286 1082 5.86364814 0.0195454938 3.78321678
286 1077 5.86387504 0.0195462501 3.76573427
286 1077 5.86370949 0.0195456983 3.76573427
286 1077 5.86396716 0.0195465572 3.76573427
286 1077 5.86400334 0.0195466778 3.76573427
286 1077 5.86398752 0.0195466251 3.76573427
286 1077 5.86397285 0.0195465762 3.76573427
286 1077 5.86397118 0.0195465706 3.76573427
285 1070 5.83360456 0.0194453485 3.75438596
285 1070 5.83378687 0.0194459562 3.75438596
285 1070 5.83375163 0.0194458388 3.75438596
285 1070 5.83375005 0.0194458335 3.75438596
285 1070 5.83374589 0.0194458196 3.75438596
285 1070 5.8337464 0.0194458213 3.75438596
285 1070 5.83374629 0.019445821 3.75438596
285 1070 5.83374627 0.0194458209 3.75438596
285 1070 5.83374627 0.0194458209 3.75438596
285 1070 5.83374627 0.0194458209 3.75438596
284 1064 5.79529822 0.0193176607 3.74647887
284 1064 5.79507587 0.0193169196 3.74647887
284 1064 5.79516271 0.019317209 3.74647887
284 1064 5.79509259 0.0193169753 3.74647887
284 1064 5.79547207 0.0193182402 3.74647887
284 1064 5.79526348 0.0193175449 3.74647887
284 1064 5.79517035 0.0193172345 3.74647887
284 1064 5.79509768 0.0193169923 3.74647887
284 1064 5.79547751 0.0193182584 3.74647887
284 1064 5.79526608 0.0193175536 3.74647887
283 1059 5.75171013 0.0191723671 3.74204947
283 1058 5.73074146 0.0191024715 3.7385159
283 1059 5.76005338 0.0192001779 3.74204947
283 1059 5.75995495 0.0191998498 3.74204947
283 1059 5.7599533 0.0191998443 3.74204947
283 1059 5.75994935 0.0191998312 3.74204947
283 1059 5.75994914 0.0191998305 3.74204947
283 1059 5.75994911 0.0191998304 3.74204947
283 1059 5.75994907 0.0191998302 3.74204947
283 1059 5.75994907 0.0191998302 3.74204947
282 1053 5.72057321 0.0190685774 3.73404255
282 1053 5.7203987 0.0190679957 3.73404255
282 1053 5.72052084 0.0190684028 3.73404255
282 1053 5.72084935 0.0190694978 3.73404255
282 1053 5.72061858 0.0190687286 3.73404255
282 1053 5.72055118 0.0190685039 3.73404255
282 1053 5.72086604 0.0190695535 3.73404255
282 1053 5.72062769 0.019068759 3.73404255
282 1053 5.72055522 0.0190685174 3.73404255
282 1053 5.7208683 0.019069561 3.73404255
281 1043 5.67822031 0.018927401 3.71174377
281 1043 5.6746261 0.0189154203 3.71174377
281 1039 5.68144416 0.0189381472 3.6975089
281 1039 5.68127343 0.0189375781 3.6975089
281 1039 5.68123225 0.0189374408 3.6975089
281 1039 5.68122715 0.0189374238 3.6975089
281 1039 5.68122582 0.0189374194 3.6975089
281 1039 5.68122526 0.0189374175 3.6975089
281 1039 5.68122507 0.0189374169 3.6975089
281 1039 5.68122499 0.0189374166 3.6975089
280 1033 5.64223234 0.0188074411 3.68928571
280 1033 5.6421017 0.0188070057 3.68928571
280 1033 5.64205715 0.0188068572 3.68928571
280 1033 5.64203719 0.0188067906 3.68928571
280 1033 5.64202933 0.0188067644 3.68928571
280 1033 5.64202696 0.0188067565 3.68928571
280 1033 5.64202635 0.0188067545 3.68928571
280 1033 5.64202638 0.0188067546 3.68928571
280 1033 5.6420265 0.018806755 3.68928571
280 1033 5.64202659 0.0188067553 3.68928571
279 1025 5.59914301 0.01866381 3.67383513
279 1025 5.5993881 0.018664627 3.67383513
279 1025 5.59935638 0.0186645213 3.67383513
279 1025 5.59934502 0.0186644834 3.67383513
279 1025 5.59936015 0.0186645338 3.67383513
279 1025 5.59936053 0.0186645351 3.67383513
279 1025 5.59936049 0.018664535 3.67383513
279 1025 5.59936058 0.0186645353 3.67383513
279 1025 5.59936055 0.0186645352 3.67383513
279 1025 5.59936054 0.0186645351 3.67383513
278 1017 5.5547942 0.0185159807 3.65827338
278 1017 5.55477082 0.0185159027 3.65827338
278 1020 5.55299588 0.0185099863 3.66906475
278 1016 5.54468423 0.0184822808 3.65467626
278 1019 5.56816031 0.0185605344 3.66546763
278 1019 5.56824663 0.0185608221 3.66546763
278 1019 5.56824305 0.0185608102 3.66546763
278 1019 5.56824411 0.0185608137 3.66546763
278 1019 5.56824374 0.0185608125 3.66546763
278 1019 5.56824403 0.0185608134 3.66546763
277 1011 5.52753899 0.01842513 3.64981949
277 1011 5.52738137 0.0184246046 3.64981949
277 1011 5.52737735 0.0184245912 3.64981949
277 1011 5.52736982 0.0184245661 3.64981949
277 1011 5.52736027 0.0184245342 3.64981949
277 1011 5.527357 0.0184245233 3.64981949
277 1011 5.52735623 0.0184245208 3.64981949
277 1011 5.52735625 0.0184245208 3.64981949
277 1011 5.52735639 0.0184245213 3.64981949
277 1011 5.52735648 0.0184245216 3.64981949
276 1003 5.48683213 0.0182894404 3.63405797
276 1003 5.48695231 0.018289841 3.63405797
276 1003 5.48696236 0.0182898745 3.63405797
276 1003 5.48696221 0.018289874 3.63405797
276 1003 5.4869615 0.0182898717 3.63405797
276 1003 5.48696159 0.018289872 3.63405797
276 1003 5.48696153 0.0182898718 3.63405797
276 1003 5.48696152 0.0182898717 3.63405797
276 1003 5.48696152 0.0182898717 3.63405797
276 1003 5.48696151 0.0182898717 3.63405797
275 999 5.44127072 0.0181375691 3.63272727
275 995 5.43253862 0.0181084621 3.61818182
275 999 5.44125978 0.0181375326 3.63272727
275 999 5.44138843 0.0181379614 3.63272727
275 999 5.44127664 0.0181375888 3.63272727
275 999 5.4412749 0.018137583 3.63272727
275 999 5.44127355 0.0181375785 3.63272727
275 999 5.44127356 0.0181375785 3.63272727
275 999 5.44127356 0.0181375785 3.63272727
275 999 5.44127356 0.0181375785 3.63272727
274 991 5.39769171 0.0179923057 3.61678832
274 992 5.38883067 0.0179627689 3.62043796
274 992 5.41556707 0.0180518902 3.62043796
274 992 5.41584679 0.0180528226 3.62043796
274 992 5.41584261 0.0180528087 3.62043796
274 992 5.41584039 0.0180528013 3.62043796
274 992 5.4158401 0.0180528003 3.62043796
274 992 5.41583994 0.0180527998 3.62043796
274 992 5.41583987 0.0180527996 3.62043796
274 992 5.41583983 0.0180527994 3.62043796
273 987 5.37308945 0.0179102982 3.61538462
273 987 5.37002123 0.0179000708 3.61538462
273 987 5.37277021 0.017909234 3.61538462
273 990 5.37216956 0.0179072319 3.62637363
273 987 5.37267875 0.0179089292 3.61538462
273 987 5.37266365 0.0179088788 3.61538462
273 987 5.37266283 0.0179088761 3.61538462
273 987 5.37266265 0.0179088755 3.61538462
273 987 5.37266275 0.0179088758 3.61538462
273 987 5.37266273 0.0179088758 3.61538462
272 982 5.33247668 0.0177749223 3.61029412
272 982 5.33254275 0.0177751425 3.61029412
272 982 5.33249931 0.0177749977 3.61029412
272 982 5.33244299 0.01777481 3.61029412
272 982 5.33248824 0.0177749608 3.61029412
272 982 5.33245089 0.0177748363 3.61029412
272 982 5.33249042 0.0177749681 3.61029412
272 982 5.33245189 0.0177748396 3.61029412
272 982 5.33249103 0.0177749701 3.61029412
272 982 5.33245218 0.0177748406 3.61029412
271 977 5.28870919 0.0176290306 3.60516605
271 977 5.28850345 0.0176283448 3.60516605
271 977 5.28843513 0.0176281171 3.60516605
271 977 5.28838472 0.0176279491 3.60516605
271 977 5.28843736 0.0176281245 3.60516605
271 977 5.28839479 0.0176279826 3.60516605
271 977 5.28844006 0.0176281335 3.60516605
271 977 5.2883965 0.0176279883 3.60516605
271 977 5.28844101 0.0176281367 3.60516605
271 977 5.28839686 0.0176279895 3.60516605
270 973 5.24345556 0.0174781852 3.6037037
270 969 5.24144519 0.017471484 3.58888889
270 970 5.23989097 0.0174663032 3.59259259
270 973 5.24343289 0.0174781096 3.6037037
270 973 5.24344169 0.017478139 3.6037037
270 973 5.24344706 0.0174781569 3.6037037
270 973 5.24344597 0.0174781532 3.6037037
270 973 5.24344504 0.0174781501 3.6037037
270 973 5.24344562 0.0174781521 3.6037037
270 973 5.24344567 0.0174781522 3.6037037
269 965 5.19974509 0.0173324836 3.58736059
269 966 5.19210839 0.017307028 3.59107807
269 965 5.19974861 0.0173324954 3.58736059
269 965 5.19984346 0.0173328115 3.58736059
269 962 5.19282751 0.017309425 3.57620818
269 965 5.1997081 0.0173323603 3.58736059
269 965 5.19984955 0.0173328318 3.58736059
269 965 5.19975771 0.0173325257 3.58736059
269 965 5.19992765 0.0173330922 3.58736059
269 965 5.19975897 0.0173325299 3.58736059
268 959 5.15620748 0.0171873583 3.57835821
268 959 5.15605531 0.017186851 3.57835821
268 959 5.15603826 0.0171867942 3.57835821
268 959 5.1560282 0.0171867607 3.57835821
268 959 5.15602738 0.0171867579 3.57835821
268 959 5.15602729 0.0171867576 3.57835821
268 959 5.15602709 0.017186757 3.57835821
268 959 5.15602702 0.0171867567 3.57835821
268 959 5.15602698 0.0171867566 3.57835821
268 959 5.15602696 0.0171867565 3.57835821
267 952 5.11273802 0.0170424601 3.56554307
267 952 5.11266974 0.0170422325 3.56554307
267 952 5.11270881 0.0170423627 3.56554307
267 952 5.11272973 0.0170424324 3.56554307
267 952 5.11272755 0.0170424252 3.56554307
267 952 5.11272726 0.0170424242 3.56554307
267 952 5.11272761 0.0170424254 3.56554307
267 952 5.11272756 0.0170424252 3.56554307
267 952 5.11272759 0.0170424253 3.56554307
267 952 5.1127276 0.0170424253 3.56554307
266 945 5.06442498 0.0168814166 3.55263158
266 945 5.066016 0.01688672 3.55263158
266 945 5.06604453 0.0168868151 3.55263158
266 945 5.0660865 0.016886955 3.55263158
266 945 5.06609186 0.0168869729 3.55263158
266 945 5.06608922 0.0168869641 3.55263158
266 945 5.06608959 0.0168869653 3.55263158
266 945 5.06608965 0.0168869655 3.55263158
266 945 5.06608963 0.0168869654 3.55263158
266 945 5.06608965 0.0168869655 3.55263158
265 938 5.01809405 0.0167269802 3.53962264
265 938 5.01853919 0.016728464 3.53962264
265 938 5.01857804 0.0167285935 3.53962264
265 938 5.01858384 0.0167286128 3.53962264
265 938 5.01859469 0.016728649 3.53962264
265 938 5.01859838 0.0167286613 3.53962264
265 938 5.01859956 0.0167286652 3.53962264
265 938 5.01860061 0.0167286687 3.53962264
265 938 5.01860123 0.0167286708 3.53962264
265 938 5.01860166 0.0167286722 3.53962264
264 931 4.97112523 0.0165704174 3.52651515
264 935 4.96679953 0.0165559984 3.54166667
264 931 4.96906833 0.0165635611 3.52651515
264 933 5.00047367 0.0166682456 3.53409091
264 932 5.00407272 0.0166802424 3.53030303
264 932 5.00413431 0.0166804477 3.53030303
264 932 5.00388828 0.0166796276 3.53030303
264 932 5.00409652 0.0166803217 3.53030303
264 932 5.00389261 0.016679642 3.53030303
264 932 5.00408864 0.0166802955 3.53030303
263 925 4.95506699 0.01651689 3.51711027
263 929 4.95543825 0.0165181275 3.53231939
262 922 4.90921016 0.0163640339 3.51908397
262 922 4.90775236 0.0163591745 3.51908397
262 925 4.91104969 0.0163701656 3.53053435
262 921 4.91231767 0.0163743922 3.51526718
262 925 4.88740748 0.0162913583 3.53053435
262 921 4.91228007 0.0163742669 3.51526718
262 921 4.91235549 0.0163745183 3.51526718
262 921 4.9123624 0.0163745413 3.51526718
261 918 4.86795652 0.0162265217 3.51724138
261 914 4.86836771 0.0162278924 3.50191571
261 918 4.8679579 0.0162265263 3.51724138
261 918 4.8683011 0.0162276703 3.51724138
261 918 4.86824459 0.016227482 3.51724138
261 918 4.86825369 0.0162275123 3.51724138
261 918 4.86825435 0.0162275145 3.51724138
261 918 4.86825365 0.0162275122 3.51724138
261 918 4.86825299 0.01622751 3.51724138
261 918 4.86825244 0.0162275081 3.51724138
260 911 4.82563856 0.0160854619 3.50384615
260 911 4.82514815 0.0160838272 3.50384615
260 911 4.8251093 0.0160836977 3.50384615
260 911 4.82508789 0.0160836263 3.50384615
260 911 4.82508944 0.0160836315 3.50384615
260 911 4.82509024 0.0160836341 3.50384615
260 911 4.8250903 0.0160836343 3.50384615
260 911 4.82509056 0.0160836352 3.50384615
260 911 4.82509068 0.0160836356 3.50384615
260 911 4.82509075 0.0160836358 3.50384615
259 905 4.78028832 0.0159342944 3.49420849
259 905 4.78044131 0.0159348044 3.49420849
259 905 4.78036479 0.0159345493 3.49420849
259 905 4.78039749 0.0159346583 3.49420849
259 905 4.78039116 0.0159346372 3.49420849
259 905 4.78039102 0.0159346367 3.49420849
259 905 4.78039165 0.0159346388 3.49420849
259 905 4.78039166 0.0159346389 3.49420849
259 905 4.78039179 0.0159346393 3.49420849
259 905 4.78039186 0.0159346395 3.49420849
258 896 4.72967241 0.0157655747 3.47286822
258 891 4.72980553 0.0157660184 3.45348837
258 896 4.72996396 0.0157665465 3.47286822
258 896 4.73000239 0.0157666746 3.47286822
258 896 4.73000326 0.0157666775 3.47286822
258 896 4.73000174 0.0157666725 3.47286822
258 896 4.7300011 0.0157666703 3.47286822
258 896 4.73000091 0.0157666697 3.47286822
258 896 4.73000084 0.0157666695 3.47286822
258 896 4.73000081 0.0157666694 3.47286822
257 882 4.68243526 0.0156081175 3.43190661
257 882 4.68214028 0.0156071343 3.43190661
257 882 4.68213755 0.0156071252 3.43190661
257 882 4.6821056 0.0156070187 3.43190661
257 882 4.68215442 0.0156071814 3.43190661
257 882 4.68211191 0.0156070397 3.43190661
257 882 4.68214607 0.0156071536 3.43190661
257 882 4.68210494 0.0156070165 3.43190661
257 882 4.68215435 0.0156071812 3.43190661
257 882 4.6821118 0.0156070393 3.43190661
256 873 4.6317912 0.015439304 3.41015625
256 878 4.60552066 0.0153517355 3.4296875
256 887 4.63639793 0.0154546598 3.46484375
256 887 4.66756446 0.0155585482 3.46484375
256 886 4.65550096 0.0155183365 3.4609375
255 881 4.62299572 0.0154099857 3.45490196
254 877 4.58554382 0.0152851461 3.45275591
254 877 4.59944599 0.0153314866 3.45275591
254 877 4.59890335 0.0153296778 3.45275591
254 877 4.59838392 0.0153279464 3.45275591
253 868 4.54907426 0.0151635809 3.43083004
253 868 4.54964338 0.0151654779 3.43083004
253 870 4.5524754 0.015174918 3.43873518
253 870 4.55241311 0.0151747104 3.43873518
253 870 4.55247176 0.0151749059 3.43873518
253 870 4.55247547 0.0151749182 3.43873518
253 870 4.55247234 0.0151749078 3.43873518
253 870 4.55247346 0.0151749115 3.43873518
253 870 4.55247359 0.015174912 3.43873518
253 870 4.55247365 0.0151749122 3.43873518
252 861 4.50337 0.0150112333 3.41666667
252 864 4.49813675 0.0149937892 3.42857143
252 862 4.51968316 0.0150656105 3.42063492
251 858 4.48060808 0.0149353603 3.41832669
251 856 4.48878025 0.0149626008 3.41035857
251 852 4.48808057 0.0149602686 3.39442231
251 855 4.48073508 0.0149357836 3.4063745
251 856 4.49267271 0.0149755757 3.41035857
251 856 4.49277743 0.0149759248 3.41035857
251 855 4.49035414 0.0149678471 3.4063745
250 848 4.45162891 0.014838763 3.392
250 848 4.45130309 0.014837677 3.392
250 848 4.45125817 0.0148375272 3.392
250 848 4.45127558 0.0148375853 3.392
250 848 4.45128203 0.0148376068 3.392
250 848 4.45128246 0.0148376082 3.392
250 848 4.45128246 0.0148376082 3.392
250 848 4.45128225 0.0148376075 3.392
250 848 4.45128222 0.0148376074 3.392
250 848 4.45128223 0.0148376074 3.392
249 841 4.40617457 0.0146872486 3.37751004
249 841 4.40631134 0.0146877045 3.37751004
249 841 4.4057817 0.014685939 3.37751004
249 846 4.38944345 0.0146314782 3.39759036
249 847 4.40942515 0.0146980838 3.40160643
249 847 4.40926812 0.0146975604 3.40160643
249 847 4.40927964 0.0146975988 3.40160643
249 847 4.40927575 0.0146975858 3.40160643
249 847 4.40927517 0.0146975839 3.40160643
249 847 4.40927464 0.0146975821 3.40160643
248 844 4.36815093 0.0145605031 3.40322581
248 844 4.36821035 0.0145607012 3.40322581
248 844 4.36821993 0.0145607331 3.40322581
248 844 4.36822175 0.0145607392 3.40322581
248 844 4.36822312 0.0145607437 3.40322581
248 844 4.36822377 0.0145607459 3.40322581
248 844 4.36822408 0.0145607469 3.40322581
248 844 4.36822423 0.0145607474 3.40322581
248 844 4.3682243 0.0145607477 3.40322581
248 844 4.36822434 0.0145607478 3.40322581
247 836 4.32720202 0.0144240067 3.38461538
247 836 4.3270755 0.014423585 3.38461538
247 836 4.32698604 0.0144232868 3.38461538
247 836 4.32702813 0.0144234271 3.38461538
247 836 4.32703194 0.0144234398 3.38461538
247 836 4.32703116 0.0144234372 3.38461538
247 836 4.32703113 0.0144234371 3.38461538
247 836 4.32703084 0.0144234361 3.38461538
247 836 4.32703085 0.0144234362 3.38461538
247 836 4.32703086 0.0144234362 3.38461538
246 829 4.28440099 0.0142813366 3.3699187
246 829 4.28438637 0.0142812879 3.3699187
246 829 4.28463877 0.0142821292 3.3699187
246 829 4.2843426 0.014281142 3.3699187
246 829 4.28436758 0.0142812253 3.3699187
246 829 4.28436426 0.0142812142 3.3699187
246 829 4.28436615 0.0142812205 3.3699187
246 829 4.28436727 0.0142812242 3.3699187
246 829 4.28436698 0.0142812233 3.3699187
246 829 4.28436706 0.0142812235 3.3699187
245 825 4.24121562 0.0141373854 3.36734694
245 825 4.24136375 0.0141378792 3.36734694
245 825 4.24144229 0.014138141 3.36734694
245 825 4.24142153 0.0141380718 3.36734694
245 825 4.24141675 0.0141380558 3.36734694
245 825 4.2414175 0.0141380583 3.36734694
245 825 4.24141784 0.0141380595 3.36734694
245 825 4.24141789 0.0141380596 3.36734694
245 825 4.24141799 0.01413806 3.36734694
245 825 4.24141803 0.0141380601 3.36734694
244 819 4.19316478 0.0139772159 3.35655738
244 817 4.19322608 0.0139774203 3.34836066
244 820 4.18706974 0.0139568991 3.36065574
244 822 4.19511025 0.0139837008 3.36885246
243 816 4.16437982 0.0138812661 3.35802469
243 814 4.17817951 0.013927265 3.34979424
243 816 4.19126302 0.0139708767 3.35802469
243 811 4.17130506 0.0139043502 3.33744856
243 815 4.18541604 0.0139513868 3.35390947
243 813 4.1798094 0.013932698 3.34567901
242 808 4.15704353 0.0138568118 3.33884298
242 810 4.15152567 0.0138384189 3.34710744
242 809 4.16478722 0.0138826241 3.34297521
242 805 4.16579112 0.0138859704 3.32644628
242 809 4.16040205 0.0138680068 3.34297521
242 805 4.14267528 0.0138089176 3.32644628
242 803 4.12731303 0.0137577101 3.31818182
242 806 4.15789468 0.0138596489 3.33057851
241 801 4.12719622 0.0137573207 3.32365145
241 801 4.12715426 0.0137571809 3.32365145
240 794 4.08816351 0.0136272117 3.30833333
240 794 4.0884766 0.0136282553 3.30833333
240 794 4.08849729 0.0136283243 3.30833333
240 794 4.08849806 0.0136283269 3.30833333
240 794 4.0884983 0.0136283277 3.30833333
240 794 4.0885002 0.013628334 3.30833333
240 794 4.08850153 0.0136283384 3.30833333
240 794 4.08850241 0.0136283414 3.30833333
240 794 4.08850298 0.0136283433 3.30833333
240 794 4.08850333 0.0136283444 3.30833333
239 791 4.04750044 0.0134916681 3.30962343
239 791 4.04746306 0.0134915435 3.30962343
239 791 4.04745211 0.013491507 3.30962343
239 791 4.0474427 0.0134914757 3.30962343
239 791 4.04744344 0.0134914781 3.30962343
239 791 4.04744439 0.0134914813 3.30962343
239 791 4.04744491 0.013491483 3.30962343
239 791 4.04744528 0.0134914843 3.30962343
239 791 4.04744552 0.0134914851 3.30962343
239 791 4.04744567 0.0134914856 3.30962343
238 785 4.00532874 0.0133510958 3.29831933
238 785 4.00509466 0.0133503155 3.29831933
238 785 4.00530802 0.0133510267 3.29831933
238 785 4.00535518 0.0133511839 3.29831933
238 785 4.00508496 0.0133502832 3.29831933
238 785 4.00510246 0.0133503415 3.29831933
238 785 4.00531294 0.0133510431 3.29831933
238 785 4.00535771 0.0133511924 3.29831933
238 785 4.00508632 0.0133502877 3.29831933
238 785 4.00510324 0.0133503441 3.29831933
237 781 3.95963921 0.0131987974 3.29535865
237 782 3.96128455 0.0132042818 3.29957806
237 782 3.96111571 0.013203719 3.29957806
237 782 3.96085856 0.0132028619 3.29957806
237 782 3.96087876 0.0132029292 3.29957806
237 782 3.96108861 0.0132036287 3.29957806
237 782 3.96111787 0.0132037262 3.29957806
237 782 3.96086343 0.0132028781 3.29957806
237 782 3.96088105 0.0132029368 3.29957806
237 782 3.96108986 0.0132036329 3.29957806
236 778 3.91584464 0.0130528155 3.29661017
236 778 3.91607179 0.0130535726 3.29661017
236 778 3.91611687 0.0130537229 3.29661017
236 778 3.9159744 0.013053248 3.29661017
236 778 3.91618766 0.0130539589 3.29661017
236 778 3.91625135 0.0130541712 3.29661017
236 778 3.91619012 0.0130539671 3.29661017
236 778 3.91620003 0.0130540001 3.29661017
236 778 3.91619982 0.0130539994 3.29661017
236 778 3.91620048 0.0130540016 3.29661017
235 775 3.86550209 0.012885007 3.29787234
235 771 3.85329041 0.0128443014 3.28085106
235 775 3.86563035 0.0128854345 3.29787234
235 775 3.865402 0.0128846733 3.29787234
235 775 3.8656913 0.0128856377 3.29787234
235 775 3.86574146 0.0128858049 3.29787234
235 775 3.86574772 0.0128858257 3.29787234
235 775 3.8657478 0.012885826 3.29787234
235 775 3.86574833 0.0128858278 3.29787234
235 775 3.86574836 0.0128858279 3.29787234
234 768 3.81515166 0.0127171722 3.28205128
234 768 3.81458275 0.0127152758 3.28205128
234 768 3.8146223 0.0127154077 3.28205128
234 768 3.81461415 0.0127153805 3.28205128
234 768 3.81461489 0.012715383 3.28205128
234 768 3.81461484 0.0127153828 3.28205128
234 768 3.81461481 0.0127153827 3.28205128
234 768 3.81461483 0.0127153828 3.28205128
234 768 3.81461482 0.0127153827 3.28205128
234 768 3.81461482 0.0127153827 3.28205128
233 761 3.76567629 0.0125522543 3.26609442
233 761 3.76576098 0.0125525366 3.26609442
233 761 3.76562638 0.0125520879 3.26609442
233 761 3.76566022 0.0125522007 3.26609442
233 761 3.76565956 0.0125521985 3.26609442
233 761 3.7656595 0.0125521983 3.26609442
233 761 3.76565953 0.0125521984 3.26609442
233 761 3.76565953 0.0125521984 3.26609442
233 761 3.76565953 0.0125521984 3.26609442
233 761 3.76565953 0.0125521984 3.26609442
232 749 3.71522142 0.0123840714 3.22844828
232 749 3.71543802 0.0123847934 3.22844828
232 749 3.71543687 0.0123847896 3.22844828
232 749 3.7154347 0.0123847823 3.22844828
232 749 3.71543472 0.0123847824 3.22844828
232 749 3.71543478 0.0123847826 3.22844828
232 749 3.7154348 0.0123847827 3.22844828
232 749 3.7154348 0.0123847827 3.22844828
232 749 3.7154348 0.0123847827 3.22844828
232 749 3.7154348 0.0123847827 3.22844828
231 741 3.6620817 0.012206939 3.20779221
231 746 3.63652256 0.0121217419 3.22943723
231 750 3.67716489 0.0122572163 3.24675325
231 749 3.69670175 0.0123223392 3.24242424
231 749 3.69673928 0.0123224643 3.24242424
231 749 3.69666529 0.0123222176 3.24242424
231 746 3.6896103 0.012298701 3.22943723
231 749 3.6963304 0.0123211013 3.24242424
231 749 3.69669316 0.0123223105 3.24242424
231 749 3.69670155 0.0123223385 3.24242424
230 742 3.65061393 0.0121687131 3.22608696
230 742 3.65077442 0.0121692481 3.22608696
230 742 3.65055988 0.0121685329 3.22608696
230 742 3.65050772 0.0121683591 3.22608696
230 742 3.65064294 0.0121688098 3.22608696
230 742 3.65085416 0.0121695139 3.22608696
230 742 3.65087367 0.0121695789 3.22608696
230 742 3.65054535 0.0121684845 3.22608696
230 742 3.65050206 0.0121683402 3.22608696
230 742 3.65064993 0.0121688331 3.22608696
229 735 3.6020868 0.012006956 3.20960699
229 735 3.60230246 0.0120076749 3.20960699
229 735 3.60227636 0.0120075879 3.20960699
229 735 3.60227502 0.0120075834 3.20960699
229 735 3.60227437 0.0120075812 3.20960699
229 735 3.6022743 0.012007581 3.20960699
229 735 3.60227423 0.0120075808 3.20960699
229 735 3.60227418 0.0120075806 3.20960699
229 735 3.60227414 0.0120075805 3.20960699
229 735 3.60227413 0.0120075804 3.20960699
228 727 3.55144636 0.0118381545 3.18859649
227 719 3.5053116 0.011684372 3.16740088
227 719 3.50158343 0.0116719448 3.16740088
227 719 3.50565479 0.011685516 3.16740088
227 720 3.50456785 0.0116818928 3.17180617
227 719 3.50654306 0.0116884769 3.16740088
227 719 3.50700441 0.0116900147 3.16740088
227 715 3.50870143 0.0116956714 3.14977974
227 715 3.50901493 0.0116967164 3.14977974
227 715 3.5090747 0.0116969157 3.14977974
226 712 3.46079996 0.0115359999 3.15044248
226 712 3.46025699 0.01153419 3.15044248
226 712 3.46022018 0.0115340673 3.15044248
226 712 3.46026635 0.0115342212 3.15044248
226 712 3.46090224 0.0115363408 3.15044248
226 712 3.46102899 0.0115367633 3.15044248
226 712 3.4611099 0.011537033 3.15044248
226 712 3.46111934 0.0115370645 3.15044248
226 712 3.46112174 0.0115370725 3.15044248
226 712 3.46112271 0.0115370757 3.15044248
225 709 3.41245015 0.0113748338 3.15111111
225 709 3.41216593 0.0113738864 3.15111111
225 709 3.41228754 0.0113742918 3.15111111
225 709 3.41221937 0.0113740646 3.15111111
225 709 3.41218859 0.011373962 3.15111111
225 709 3.41228295 0.0113742765 3.15111111
225 709 3.41221913 0.0113740638 3.15111111
225 709 3.41218848 0.0113739616 3.15111111
225 709 3.41228287 0.0113742762 3.15111111
225 709 3.4122191 0.0113740637 3.15111111
224 697 3.3599205 0.011199735 3.11160714
224 707 3.35661538 0.0111887179 3.15625
224 699 3.3562039 0.0111873463 3.12053571
224 699 3.33406348 0.0111135449 3.12053571
224 697 3.36006614 0.0112002205 3.11160714
224 697 3.36016209 0.0112005403 3.11160714
224 697 3.36015693 0.0112005231 3.11160714
224 697 3.36015598 0.0112005199 3.11160714
224 697 3.36015622 0.0112005207 3.11160714
224 697 3.36015625 0.0112005208 3.11160714
223 696 3.31082517 0.0110360839 3.12107623
223 696 3.31036545 0.0110345515 3.12107623
223 696 3.31055574 0.0110351858 3.12107623
223 696 3.31053567 0.0110351189 3.12107623
223 696 3.31052815 0.0110350938 3.12107623
223 696 3.31052861 0.0110350954 3.12107623
223 696 3.31052915 0.0110350972 3.12107623
223 696 3.31052923 0.0110350974 3.12107623
223 696 3.31052926 0.0110350975 3.12107623
223 696 3.31052928 0.0110350976 3.12107623
222 693 3.25894604 0.0108631535 3.12162162
222 693 3.2591372 0.0108637907 3.12162162
222 693 3.25895468 0.0108631823 3.12162162
222 693 3.25914471 0.0108638157 3.12162162
222 693 3.25907717 0.0108635906 3.12162162
222 693 3.2589588 0.010863196 3.12162162
222 693 3.25914357 0.0108638119 3.12162162
222 693 3.25907726 0.0108635909 3.12162162
222 693 3.25895886 0.0108631962 3.12162162
222 693 3.25914358 0.0108638119 3.12162162
221 688 3.2017904 0.0106726347 3.11312217
221 684 3.20344016 0.0106781339 3.09502262
221 687 3.1936388 0.0106454627 3.10859729
221 681 3.20095444 0.0106698481 3.08144796
221 679 3.19590546 0.0106530182 3.07239819
221 684 3.20334562 0.0106778187 3.09502262
221 684 3.20332153 0.0106777384 3.09502262
221 684 3.20332243 0.0106777414 3.09502262
221 684 3.20332082 0.0106777361 3.09502262
221 684 3.20332046 0.0106777349 3.09502262
220 678 3.15406606 0.0105135535 3.08181818
220 678 3.15435476 0.0105145159 3.08181818
220 678 3.15438055 0.0105146018 3.08181818
220 681 3.15307193 0.0105102398 3.09545455
220 679 3.12689059 0.0104229686 3.08636364
220 679 3.15687982 0.0105229327 3.08636364
219 676 3.11976387 0.0103992129 3.08675799
219 680 3.13990126 0.0104663375 3.10502283
219 681 3.15210475 0.0105070158 3.10958904
219 683 3.17609908 0.0105869969 3.11872146
218 676 3.13387409 0.010446247 3.10091743
218 677 3.11907075 0.0103969025 3.10550459
218 677 3.15297689 0.010509923 3.10550459
218 674 3.14712195 0.0104904065 3.09174312
218 672 3.16004757 0.0105334919 3.08256881
218 672 3.15676579 0.0105225526 3.08256881
218 670 3.17009953 0.0105669984 3.0733945
218 671 3.17292117 0.0105764039 3.07798165
217 665 3.13864115 0.0104621372 3.06451613
217 667 3.10703427 0.0103567809 3.07373272
216 662 3.10207933 0.0103402644 3.06481481
216 662 3.10221692 0.0103407231 3.06481481
216 662 3.10203155 0.0103401052 3.06481481
215 655 3.06168292 0.0102056097 3.04651163
215 655 3.06181244 0.0102060415 3.04651163
215 655 3.06179449 0.0102059816 3.04651163
215 655 3.06180085 0.0102060028 3.04651163
215 655 3.06180141 0.0102060047 3.04651163
215 655 3.06180153 0.0102060051 3.04651163
215 655 3.06180199 0.0102060066 3.04651163
214 650 3.01751355 0.0100583785 3.03738318
214 651 3.01766013 0.0100588671 3.04205607
214 650 3.01763884 0.0100587961 3.03738318
214 653 2.98862099 0.00996206996 3.05140187
214 650 3.01744571 0.0100581524 3.03738318
214 650 3.01743804 0.0100581268 3.03738318
214 650 3.01766345 0.0100588782 3.03738318
214 650 3.01727455 0.0100575818 3.03738318
214 650 3.01765485 0.0100588495 3.03738318
214 650 3.01727374 0.0100575791 3.03738318
213 648 2.97579409 0.00991931363 3.04225352
213 648 2.97570023 0.00991900078 3.04225352
213 646 2.97746701 0.00992489005 3.03286385
213 646 2.97755552 0.00992518507 3.03286385
213 646 2.97754538 0.00992515128 3.03286385
213 646 2.977542 0.00992513999 3.03286385
213 646 2.97754182 0.0099251394 3.03286385
213 646 2.97754187 0.00992513956 3.03286385
213 646 2.9775419 0.00992513968 3.03286385
213 646 2.97754191 0.0099251397 3.03286385
212 644 2.93725916 0.00979086388 3.03773585
212 644 2.93715796 0.00979052653 3.03773585
212 644 2.93726553 0.0097908851 3.03773585
212 644 2.93727414 0.00979091379 3.03773585
212 644 2.93727451 0.00979091502 3.03773585
212 644 2.93727487 0.00979091622 3.03773585
212 644 2.9372751 0.009790917 3.03773585
212 644 2.93727526 0.00979091755 3.03773585
212 644 2.9372754 0.009790918 3.03773585
212 644 2.93727548 0.00979091826 3.03773585
211 637 2.89417795 0.00964725982 3.01895735
211 640 2.88728293 0.00962427644 3.03317536
210 633 2.86302934 0.00954343112 3.01428571
210 633 2.86300536 0.00954335119 3.01428571
210 633 2.86302482 0.00954341607 3.01428571
210 633 2.86307092 0.00954356973 3.01428571
210 633 2.86305813 0.00954352709 3.01428571
210 633 2.86305947 0.00954353156 3.01428571
210 633 2.8630605 0.00954353499 3.01428571
210 633 2.86306101 0.00954353671 3.01428571
209 627 2.81671034 0.00938903447 3
209 630 2.81449413 0.0093816471 3.01435407
209 628 2.81434929 0.00938116429 3.00478469
209 630 2.83182782 0.00943942605 3.01435407
209 630 2.83147325 0.00943824418 3.01435407
209 630 2.83157981 0.00943859938 3.01435407
209 630 2.831571 0.00943857 3.01435407
209 630 2.83157129 0.00943857097 3.01435407
209 630 2.83157072 0.00943856906 3.01435407
209 630 2.83157079 0.00943856931 3.01435407
208 624 2.78919236 0.00929730787 3
208 619 2.78820255 0.0092940085 2.97596154
208 619 2.78842824 0.0092947608 2.97596154
208 619 2.78840122 0.00929467074 2.97596154
208 619 2.7884033 0.00929467765 2.97596154
208 619 2.78840298 0.0092946766 2.97596154
208 619 2.78840313 0.0092946771 2.97596154
208 619 2.78840319 0.00929467729 2.97596154
208 619 2.78840322 0.00929467741 2.97596154
208 619 2.78840325 0.00929467749 2.97596154
207 613 2.74524887 0.00915082957 2.96135266
207 611 2.73973923 0.00913246409 2.95169082
207 616 2.74139135 0.00913797118 2.97584541
207 615 2.73954658 0.00913182194 2.97101449
207 614 2.75361291 0.00917870969 2.96618357
207 612 2.75930549 0.00919768497 2.95652174
207 614 2.75105958 0.00917019859 2.96618357
207 612 2.75979201 0.0091993067 2.95652174
207 613 2.75202458 0.00917341526 2.96135266
207 615 2.73767124 0.00912557081 2.97101449
206 608 2.72961846 0.00909872821 2.95145631
206 606 2.69547299 0.00898490996 2.94174757
206 609 2.70745456 0.00902484854 2.95631068
205 602 2.69554306 0.00898514352 2.93658537
205 605 2.6629755 0.00887658499 2.95121951
205 603 2.72473253 0.00908244177 2.94146341
204 593 2.69047309 0.00896824364 2.90686275
204 585 2.65853448 0.00886178159 2.86764706
204 582 2.65788237 0.00885960791 2.85294118
204 588 2.67701277 0.00892337589 2.88235294
203 581 2.65767617 0.00885892058 2.86206897
203 584 2.62507408 0.00875024692 2.87684729
203 583 2.63681159 0.00878937196 2.87192118
203 583 2.62501296 0.0087500432 2.87192118
202 580 2.62503282 0.00875010941 2.87128713
202 583 2.63658096 0.0087886032 2.88613861
202 583 2.63123339 0.00877077796 2.88613861
202 580 2.63265487 0.00877551622 2.87128713
201 577 2.60935158 0.00869783859 2.87064677
201 572 2.59080255 0.00863600851 2.84577114
200 570 2.57736251 0.00859120836 2.85
199 561 2.54641326 0.00848804421 2.81909548
199 559 2.5321238 0.00844041265 2.80904523
199 559 2.55415967 0.00851386555 2.80904523
199 555 2.54901659 0.00849672198 2.78894472
199 561 2.54643781 0.00848812604 2.81909548
199 564 2.57895877 0.00859652922 2.83417085
199 568 2.58771884 0.00862572946 2.85427136
199 563 2.56347302 0.00854491006 2.82914573
198 562 2.56344789 0.00854482631 2.83838384
197 558 2.53842518 0.00846141727 2.83248731
197 561 2.54373652 0.00847912174 2.84771574
197 563 2.60745742 0.00869152474 2.85786802
197 563 2.5786766 0.00859558866 2.85786802
196 559 2.57857227 0.00859524089 2.85204082
196 558 2.55970044 0.00853233479 2.84693878
196 561 2.55407139 0.00851357129 2.8622449
195 553 2.55400669 0.00851335562 2.83589744
195 553 2.5339993 0.00844666433 2.83589744
195 553 2.54858345 0.00849527817 2.83589744
194 547 2.53248545 0.00844161818 2.81958763
194 548 2.52095103 0.00840317009 2.82474227
194 548 2.51667598 0.00838891994 2.82474227
193 544 2.50571289 0.00835237629 2.81865285
193 546 2.47702612 0.00825675372 2.82901554
192 542 2.47676337 0.00825587789 2.82291667
192 540 2.46638597 0.00822128656 2.8125
192 545 2.451504 0.00817168001 2.83854167
191 537 2.45067843 0.00816892811 2.81151832
190 528 2.42098631 0.00806995436 2.77894737
189 524 2.39009125 0.00796697082 2.77248677
189 524 2.38455721 0.00794852402 2.77248677
189 524 2.37642371 0.00792141235 2.77248677
189 524 2.36058778 0.00786862594 2.77248677
189 524 2.31537858 0.0077179286 2.77248677
189 527 0 0 2.78835979
allocating memory...
allocating memory...
allocating memory...
allocating memory...
walksat version 35
command line = test -solcnf -cutoff 100000000 -best -seed 1234567 -numsol 10 ./residualformula_seed1.cnf
seed = 1234567
cutoff = 100000000
tries = 10
heuristic = best, noise 50 / 100
tail starts after flip = 900
numatom = 300, numclause = 527, numliterals = 1422
wff read in

    lowest     final       avg     noise     noise     total                 avg        mean        mean
    #unsat    #unsat     noise   std dev     ratio     flips              length       flips       flips
      this      this      this      this      this      this   success   success       until         std
       try       try       try       try       try       try      rate     tries      assign         dev

         0         0      2.09      0.83      2.52       943       100       943      943.00
         0         0      2.39      1.24      1.93      1343       100      1143     1143.00      282.84
         0         0      2.28      1.47      1.55      2562       100      1616     1616.00      843.32
         0         0      2.88      1.46      1.97      1272       100      1530     1530.00      709.72
         0         0      3.51      2.21      1.59      4949       100      2213     2213.80     1647.94
         0         0      2.18      1.34      1.63      5257       100      2721     2721.00     1927.71
         0         0      3.68      2.22      1.66      5993       100      3188     3188.43     2150.85
         0         0      4.50      2.46      1.83      4332       100      3331     3331.38     2031.93
         0         0      0.00      0.00      0.00       340       100      2999     2999.00     2146.37
         0         0      2.89      1.90      1.51      4121       100      3111     3111.20     2054.49

total elapsed seconds = 0.000000
average flips per second = -9223372036854775808
number solutions found = 10
final success rate = 100.000000
average length successful tries = 3111
mean flips until assign = 3111.200000
  variance = 4220915.066667
  standard deviation = 2054.486570
  standard error of mean = 649.685698
mean seconds until assign = 0.000000
  variance = 0.000000
  standard deviation = 0.000000
  standard error of mean = 0.000000
mean restarts until assign = 1.000000
  variance = 0.000000
  standard deviation = 0.000000
  standard error of mean = 0.000000
final noise level statistics
    statistics over all runs:
      overall mean average noise level = 2.932405
      overall mean noise std deviation = 1.681214
      overall ratio mean noise to mean std dev = 1.744219
    statistics on successful runs:
      successful mean average noise level = 2.932405
      successful mean noise std deviation = 1.681214
      successful ratio mean noise to mean std dev = 1.744219
    statistics on nonsuccessful runs:
      nonsuccessful mean average noise level = 0.000000
      nonsuccessful mean noise std deviation = 0.000000
      nonsuccessful ratio mean noise to mean std dev = 0.000000
ASSIGNMENT FOUND
Check and white a solution
time of whitening    freezing probability
7	 	 	 	1
6	 	 	 	1
7	 	 	 	1
8	 	 	 	1
9	 	 	 	1
7	 	 	 	1
10	 	 	 	1
7	 	 	 	1
8	 	 	 	1
9	 	 	 	1
