START ALGORITHM:
I am going to build an instance with N: 300 variables and 1200 clauses with a clause density equal to 4
START BSP WITH r=0.9:
Decimation scorer: cert
END UNIT PROPAGATION
300 1200 5.48113241 0.0182704414 4
300 1200 5.48039755 0.0182679918 4
300 1200 5.48044803 0.0182681601 4
300 1200 5.47999911 0.0182666637 4
300 1200 5.48004269 0.018266809 4
300 1200 5.48019761 0.0182673254 4
300 1200 5.48019275 0.0182673092 4
300 1200 5.48011338 0.0182670446 4
300 1200 5.48012118 0.0182670706 4
299 1194 5.48014198 0.0182671399 3.99331104
299 1194 5.48012803 0.0182670934 3.99331104
299 1194 5.48013938 0.0182671313 3.99331104
299 1194 5.48014559 0.018267152 3.99331104
299 1194 5.48014 0.0182671333 3.99331104
299 1194 5.48013775 0.0182671258 3.99331104
299 1194 5.48013996 0.0182671332 3.99331104
299 1194 5.48014098 0.0182671366 3.99331104
299 1194 5.48014003 0.0182671334 3.99331104
299 1194 5.48013963 0.0182671321 3.99331104
298 1184 5.48014022 0.0182671341 3.97315436
298 1184 5.48013986 0.0182671329 3.97315436
298 1184 5.48013992 0.0182671331 3.97315436
298 1184 5.48014007 0.0182671336 3.97315436
298 1184 5.48014004 0.0182671335 3.97315436
298 1184 5.48013998 0.0182671333 3.97315436
298 1184 5.48013999 0.0182671333 3.97315436
298 1184 5.48014002 0.0182671334 3.97315436
298 1184 5.48014001 0.0182671334 3.97315436
298 1184 5.48014 0.0182671333 3.97315436
297 1182 5.48014001 0.0182671334 3.97979798
297 1182 5.48014049 0.018267135 3.97979798
297 1182 5.48013134 0.0182671045 3.97979798
297 1182 5.48013265 0.0182671088 3.97979798
297 1182 5.48013416 0.0182671139 3.97979798
297 1182 5.48013484 0.0182671161 3.97979798
297 1182 5.48013475 0.0182671158 3.97979798
297 1182 5.48013464 0.0182671155 3.97979798
297 1182 5.4801346 0.0182671153 3.97979798
297 1182 5.48013458 0.0182671153 3.97979798
296 1170 5.47530394 0.0182510131 3.9527027
296 1170 5.475261 0.01825087 3.9527027
296 1170 5.47531394 0.0182510465 3.9527027
296 1170 5.47524321 0.0182508107 3.9527027
296 1170 5.47531271 0.0182510424 3.9527027
296 1170 5.47524296 0.0182508099 3.9527027
296 1170 5.4753107 0.0182510357 3.9527027
296 1170 5.4752409 0.018250803 3.9527027
296 1170 5.47531084 0.0182510361 3.9527027
296 1170 5.47524043 0.0182508014 3.9527027
295 1161 5.46396943 0.0182132314 3.93559322
295 1161 5.4640668 0.018213556 3.93559322
295 1161 5.4640137 0.018213379 3.93559322
295 1161 5.4640048 0.0182133493 3.93559322
295 1161 5.46400558 0.0182133519 3.93559322
295 1161 5.46400675 0.0182133558 3.93559322
295 1161 5.46400886 0.0182133629 3.93559322
295 1161 5.46401011 0.018213367 3.93559322
295 1161 5.46401059 0.0182133686 3.93559322
295 1161 5.46401054 0.0182133685 3.93559322
294 1158 5.44903166 0.0181634389 3.93877551
294 1158 5.44892502 0.0181630834 3.93877551
294 1158 5.44900015 0.0181633338 3.93877551
294 1158 5.44901826 0.0181633942 3.93877551
294 1158 5.44901203 0.0181633734 3.93877551
294 1158 5.44901441 0.0181633814 3.93877551
294 1158 5.44901486 0.0181633829 3.93877551
294 1158 5.44901564 0.0181633855 3.93877551
294 1158 5.44901583 0.0181633861 3.93877551
294 1158 5.44901604 0.0181633868 3.93877551
293 1147 5.43331628 0.0181110543 3.91467577
293 1147 5.43334633 0.0181111544 3.91467577
293 1147 5.43335845 0.0181111948 3.91467577
293 1147 5.43334984 0.0181111661 3.91467577
293 1153 5.43307624 0.0181102541 3.93515358
293 1147 5.4333331 0.0181111103 3.91467577
293 1147 5.43336148 0.0181112049 3.91467577
293 1147 5.43335657 0.0181111886 3.91467577
293 1147 5.43334257 0.0181111419 3.91467577
293 1147 5.43334127 0.0181111376 3.91467577
292 1142 5.41744171 0.018058139 3.9109589
292 1142 5.41742567 0.0180580856 3.9109589
292 1142 5.4174931 0.0180583103 3.9109589
292 1142 5.41748104 0.0180582701 3.9109589
292 1142 5.41747896 0.0180582632 3.9109589
292 1142 5.41747808 0.0180582603 3.9109589
292 1142 5.41747807 0.0180582602 3.9109589
292 1142 5.41747709 0.018058257 3.9109589
292 1142 5.41747683 0.0180582561 3.9109589
292 1142 5.41747678 0.0180582559 3.9109589
291 1134 5.39665451 0.0179888484 3.89690722
291 1134 5.39658901 0.01798863 3.89690722
291 1134 5.39649103 0.0179883034 3.89690722
291 1134 5.39653976 0.0179884659 3.89690722
291 1134 5.39655491 0.0179885164 3.89690722
291 1134 5.39661783 0.0179887261 3.89690722
291 1134 5.39668061 0.0179889354 3.89690722
291 1134 5.39655336 0.0179885112 3.89690722
291 1134 5.39663684 0.0179887895 3.89690722
291 1134 5.39662212 0.0179887404 3.89690722
290 1128 5.37458919 0.0179152973 3.88965517
290 1128 5.37449398 0.0179149799 3.88965517
290 1128 5.37448798 0.0179149599 3.88965517
290 1128 5.37466811 0.0179155604 3.88965517
290 1128 5.37467215 0.0179155738 3.88965517
290 1128 5.37449279 0.017914976 3.88965517
290 1128 5.37448188 0.0179149396 3.88965517
290 1128 5.37449617 0.0179149872 3.88965517
290 1128 5.3744954 0.0179149847 3.88965517
290 1128 5.37449152 0.0179149717 3.88965517
289 1121 5.34706819 0.0178235606 3.87889273
289 1121 5.34710857 0.0178236952 3.87889273
289 1121 5.34703812 0.0178234604 3.87889273
289 1121 5.346985 0.0178232833 3.87889273
289 1121 5.34703417 0.0178234472 3.87889273
289 1121 5.34698791 0.017823293 3.87889273
289 1121 5.34703351 0.017823445 3.87889273
289 1121 5.34698825 0.0178232942 3.87889273
289 1121 5.34703358 0.0178234453 3.87889273
289 1121 5.34698822 0.0178232941 3.87889273
288 1114 5.31326868 0.0177108956 3.86805556
288 1117 5.29423864 0.0176474621 3.87847222
288 1117 5.32144253 0.0177381418 3.87847222
288 1117 5.32144586 0.0177381529 3.87847222
288 1117 5.32151268 0.0177383756 3.87847222
288 1117 5.32147611 0.0177382537 3.87847222
288 1117 5.32147215 0.0177382405 3.87847222
288 1117 5.32146861 0.0177382287 3.87847222
288 1117 5.32146875 0.0177382292 3.87847222
288 1117 5.32146884 0.0177382295 3.87847222
287 1110 5.29232469 0.0176410823 3.86759582
287 1110 5.29225409 0.017640847 3.86759582
287 1110 5.29222091 0.0176407364 3.86759582
287 1110 5.29221972 0.0176407324 3.86759582
287 1110 5.29222838 0.0176407613 3.86759582
287 1110 5.29222618 0.0176407539 3.86759582
287 1110 5.29222541 0.0176407514 3.86759582
287 1110 5.2922254 0.0176407513 3.86759582
287 1110 5.29222544 0.0176407515 3.86759582
287 1110 5.2922254 0.0176407513 3.86759582
286 1101 5.26121267 0.0175373756 3.84965035
286 1103 5.26049794 0.0175349931 3.85664336
286 1101 5.26153954 0.0175384651 3.84965035
286 1101 5.26132488 0.0175377496 3.84965035
286 1101 5.26120936 0.0175373645 3.84965035
286 1101 5.26122784 0.0175374261 3.84965035
286 1101 5.26121791 0.017537393 3.84965035
286 1101 5.26122227 0.0175374076 3.84965035
286 1101 5.26121866 0.0175373955 3.84965035
286 1101 5.26121999 0.0175374 3.84965035
285 1094 5.23028826 0.0174342942 3.83859649
285 1094 5.23034355 0.0174344785 3.83859649
285 1094 5.23023732 0.0174341244 3.83859649
285 1094 5.23014168 0.0174338056 3.83859649
285 1094 5.23011131 0.0174337044 3.83859649
285 1094 5.23011048 0.0174337016 3.83859649
285 1094 5.23011156 0.0174337052 3.83859649
285 1094 5.23011219 0.0174337073 3.83859649
285 1094 5.2301123 0.0174337077 3.83859649
285 1094 5.23011244 0.0174337081 3.83859649
284 1089 5.19634713 0.0173211571 3.83450704
284 1089 5.19710464 0.0173236821 3.83450704
284 1089 5.19726513 0.0173242171 3.83450704
284 1089 5.19642414 0.0173214138 3.83450704
284 1089 5.19662404 0.0173220801 3.83450704
284 1089 5.19708207 0.0173236069 3.83450704
284 1089 5.19645949 0.0173215316 3.83450704
284 1089 5.19660796 0.0173220265 3.83450704
284 1089 5.19709094 0.0173236365 3.83450704
284 1089 5.19645832 0.0173215277 3.83450704
283 1082 5.15803635 0.0171934545 3.82332155
283 1077 5.15538368 0.0171846123 3.80565371
283 1082 5.15793472 0.0171931157 3.82332155
283 1082 5.15788095 0.0171929365 3.82332155
283 1082 5.15804367 0.0171934789 3.82332155
283 1082 5.157987 0.01719329 3.82332155
283 1082 5.15796884 0.0171932295 3.82332155
283 1082 5.15797082 0.0171932361 3.82332155
283 1082 5.15797402 0.0171932467 3.82332155
283 1082 5.1579741 0.017193247 3.82332155
282 1070 5.12120944 0.0170706981 3.79432624
282 1070 5.121594 0.01707198 3.79432624
282 1070 5.12169213 0.0170723071 3.79432624
282 1070 5.12174753 0.0170724918 3.79432624
282 1070 5.12177198 0.0170725733 3.79432624
282 1070 5.12177434 0.0170725811 3.79432624
282 1070 5.12177403 0.0170725801 3.79432624
282 1070 5.1217743 0.017072581 3.79432624
282 1070 5.12177432 0.0170725811 3.79432624
282 1070 5.12177436 0.0170725812 3.79432624
281 1064 5.08145097 0.0169381699 3.78647687
281 1064 5.08091092 0.0169363697 3.78647687
281 1064 5.08086227 0.0169362076 3.78647687
281 1064 5.08087344 0.0169362448 3.78647687
281 1064 5.0808655 0.0169362183 3.78647687
281 1064 5.08087042 0.0169362347 3.78647687
281 1064 5.08087278 0.0169362426 3.78647687
281 1064 5.08087228 0.0169362409 3.78647687
281 1064 5.08087233 0.0169362411 3.78647687
281 1064 5.08087231 0.016936241 3.78647687
280 1057 5.03797705 0.0167932568 3.775
280 1055 5.0359588 0.0167865293 3.76785714
280 1056 5.03545355 0.0167848452 3.77142857
280 1053 5.0315948 0.0167719827 3.76071429
280 1055 5.03619193 0.0167873064 3.76785714
280 1055 5.03584013 0.0167861338 3.76785714
280 1055 5.03591699 0.01678639 3.76785714
280 1055 5.03578743 0.0167859581 3.76785714
280 1056 5.03549404 0.0167849801 3.77142857
280 1056 5.03546805 0.0167848935 3.77142857
279 1047 4.99612313 0.0166537438 3.75268817
279 1047 4.99612003 0.0166537334 3.75268817
279 1047 4.99077869 0.016635929 3.75268817
279 1047 4.99643999 0.0166548 3.75268817
279 1047 4.99595789 0.016653193 3.75268817
279 1047 4.99638366 0.0166546122 3.75268817
279 1047 4.99604729 0.016653491 3.75268817
279 1047 4.99640942 0.0166546981 3.75268817
279 1047 4.99632808 0.0166544269 3.75268817
279 1047 4.99586878 0.0166528959 3.75268817
278 1038 4.95535541 0.0165178514 3.73381295
278 1040 4.9549511 0.0165165037 3.74100719
278 1039 4.96283027 0.0165427676 3.73741007
278 1039 4.9627915 0.0165426383 3.73741007
278 1043 4.96103651 0.0165367884 3.75179856
278 1039 4.96277888 0.0165425963 3.73741007
278 1039 4.96281618 0.0165427206 3.73741007
278 1039 4.96279958 0.0165426653 3.73741007
278 1039 4.96280269 0.0165426756 3.73741007
278 1039 4.96280486 0.0165426829 3.73741007
277 1031 4.92684106 0.0164228035 3.72202166
277 1031 4.92674078 0.0164224693 3.72202166
277 1031 4.92695585 0.0164231862 3.72202166
277 1031 4.92692786 0.0164230929 3.72202166
277 1031 4.92692572 0.0164230857 3.72202166
277 1031 4.926927 0.01642309 3.72202166
277 1031 4.92692862 0.0164230954 3.72202166
277 1031 4.92692764 0.0164230921 3.72202166
277 1031 4.92692769 0.0164230923 3.72202166
277 1031 4.92692771 0.0164230924 3.72202166
276 1024 4.88587715 0.0162862572 3.71014493
276 1024 4.8856487 0.0162854957 3.71014493
276 1024 4.88545159 0.0162848386 3.71014493
276 1024 4.88553737 0.0162851246 3.71014493
276 1024 4.88572215 0.0162857405 3.71014493
276 1024 4.88544527 0.0162848176 3.71014493
276 1024 4.8855345 0.016285115 3.71014493
276 1024 4.8857214 0.016285738 3.71014493
276 1024 4.88544534 0.0162848178 3.71014493
276 1024 4.88553458 0.0162851153 3.71014493
275 1016 4.8426274 0.0161420913 3.69454545
275 1018 4.84142421 0.0161380807 3.70181818
275 1017 4.84273769 0.016142459 3.69818182
275 1017 4.84285074 0.0161428358 3.69818182
275 1017 4.8428349 0.016142783 3.69818182
275 1017 4.84286191 0.016142873 3.69818182
275 1017 4.84286525 0.0161428842 3.69818182
275 1017 4.84286245 0.0161428748 3.69818182
275 1017 4.84286291 0.0161428764 3.69818182
275 1017 4.8428631 0.016142877 3.69818182
274 1010 4.80135239 0.016004508 3.68613139
274 1010 4.80113673 0.0160037891 3.68613139
274 1010 4.80121007 0.0160040336 3.68613139
274 1010 4.8013355 0.0160044517 3.68613139
274 1010 4.80127541 0.0160042514 3.68613139
274 1010 4.80133365 0.0160044455 3.68613139
274 1010 4.80128118 0.0160042706 3.68613139
274 1010 4.80133175 0.0160044392 3.68613139
274 1010 4.80128082 0.0160042694 3.68613139
274 1010 4.80133157 0.0160044386 3.68613139
273 1000 4.75582531 0.015852751 3.66300366
273 1000 4.7558872 0.0158529573 3.66300366
273 1000 4.755601 0.0158520033 3.66300366
273 1000 4.75591468 0.0158530489 3.66300366
273 1000 4.75601884 0.0158533961 3.66300366
273 1000 4.75611176 0.0158537059 3.66300366
273 1000 4.75608317 0.0158536106 3.66300366
273 1000 4.75608868 0.0158536289 3.66300366
273 1000 4.75608526 0.0158536175 3.66300366
273 1000 4.75608626 0.0158536209 3.66300366
272 991 4.70341807 0.0156780602 3.64338235
271 986 4.6623803 0.0155412677 3.63837638
271 986 4.66219418 0.0155406473 3.63837638
271 986 4.6623005 0.0155410017 3.63837638
271 986 4.66244822 0.0155414941 3.63837638
271 986 4.66249255 0.0155416418 3.63837638
271 986 4.66222749 0.0155407583 3.63837638
271 986 4.66243153 0.0155414384 3.63837638
271 986 4.66285783 0.0155428594 3.63837638
271 986 4.66194703 0.0155398234 3.63837638
270 977 4.61371766 0.0153790589 3.61851852
270 978 4.60749932 0.0153583311 3.62222222
270 977 4.61400135 0.0153800045 3.61851852
270 977 4.61375294 0.0153791765 3.61851852
270 977 4.6138478 0.0153794927 3.61851852
270 977 4.61385263 0.0153795088 3.61851852
270 977 4.61385237 0.0153795079 3.61851852
270 977 4.61385425 0.0153795142 3.61851852
270 977 4.61385408 0.0153795136 3.61851852
270 977 4.61385408 0.0153795136 3.61851852
269 969 4.56398732 0.0152132911 3.60223048
269 970 4.56382215 0.0152127405 3.60594796
269 969 4.56391392 0.0152130464 3.60223048
269 969 4.56405435 0.0152135145 3.60223048
269 972 4.56632534 0.0152210845 3.6133829
269 972 4.5662584 0.0152208613 3.6133829
269 972 4.56626303 0.0152208768 3.6133829
269 972 4.56626575 0.0152208858 3.6133829
269 972 4.56626539 0.0152208846 3.6133829
269 972 4.56626561 0.0152208854 3.6133829
268 962 4.51775361 0.0150591787 3.58955224
268 966 4.51244937 0.0150414979 3.60447761
267 960 4.49486091 0.0149828697 3.59550562
267 957 4.49725608 0.0149908536 3.58426966
267 957 4.497015 0.01499005 3.58426966
267 957 4.49705346 0.0149901782 3.58426966
267 957 4.49703749 0.014990125 3.58426966
267 957 4.49703533 0.0149901178 3.58426966
267 957 4.49703579 0.0149901193 3.58426966
267 957 4.49703581 0.0149901194 3.58426966
266 950 4.45121783 0.0148373928 3.57142857
266 950 4.4509944 0.014836648 3.57142857
266 950 4.45063302 0.0148354434 3.57142857
266 950 4.45097962 0.0148365987 3.57142857
266 950 4.4507255 0.0148357517 3.57142857
266 950 4.45099832 0.0148366611 3.57142857
266 950 4.45071993 0.0148357331 3.57142857
266 950 4.45099707 0.0148366569 3.57142857
266 950 4.45072023 0.0148357341 3.57142857
266 950 4.45099717 0.0148366572 3.57142857
265 944 4.39815171 0.0146605057 3.56226415
265 944 4.39858144 0.0146619381 3.56226415
265 944 4.39869475 0.0146623158 3.56226415
265 944 4.39870864 0.0146623621 3.56226415
265 944 4.39870101 0.0146623367 3.56226415
265 944 4.39870007 0.0146623336 3.56226415
265 944 4.39869964 0.0146623321 3.56226415
265 944 4.39869963 0.0146623321 3.56226415
265 944 4.39869959 0.014662332 3.56226415
265 944 4.3986996 0.014662332 3.56226415
264 937 4.34649782 0.0144883261 3.54924242
264 934 4.34253625 0.0144751208 3.53787879
264 933 4.3538514 0.014512838 3.53409091
264 937 4.33918857 0.0144639619 3.54924242
264 933 4.35405528 0.0145135176 3.53409091
264 933 4.3537655 0.0145125517 3.53409091
264 933 4.35367712 0.0145122571 3.53409091
264 933 4.35368114 0.0145122705 3.53409091
264 933 4.35368035 0.0145122678 3.53409091
264 933 4.3536797 0.0145122657 3.53409091
263 927 4.30571697 0.0143523899 3.52471483
263 922 4.29498174 0.0143166058 3.50570342
263 923 4.30925028 0.0143641676 3.5095057
263 924 4.30658509 0.0143552836 3.51330798
263 925 4.28501841 0.0142833947 3.51711027
263 922 4.31477066 0.0143825689 3.50570342
263 922 4.31471492 0.0143823831 3.50570342
263 929 4.31521027 0.0143840342 3.53231939
263 931 4.32085516 0.0144028505 3.53992395
263 929 4.32103347 0.0144034449 3.53231939
262 924 4.29429296 0.0143143099 3.52671756
262 921 4.30069336 0.0143356445 3.51526718
262 923 4.29170909 0.014305697 3.52290076
262 927 4.27072981 0.014235766 3.53816794
261 916 4.26597744 0.0142199248 3.50957854
261 916 4.26575881 0.014219196 3.50957854
261 916 4.2657544 0.0142191813 3.50957854
261 916 4.2657526 0.0142191753 3.50957854
261 916 4.26575634 0.0142191878 3.50957854
261 916 4.26575611 0.014219187 3.50957854
260 906 4.22366506 0.0140788835 3.48461538
260 906 4.22400595 0.0140800198 3.48461538
260 906 4.22414775 0.0140804925 3.48461538
260 906 4.22415277 0.0140805092 3.48461538
260 906 4.22415035 0.0140805012 3.48461538
260 906 4.22415125 0.0140805042 3.48461538
260 906 4.22415133 0.0140805044 3.48461538
260 906 4.2241514 0.0140805047 3.48461538
260 906 4.22415143 0.0140805048 3.48461538
260 906 4.22415142 0.0140805047 3.48461538
259 901 4.17335699 0.01391119 3.47876448
259 904 4.1564983 0.0138549943 3.49034749
259 901 4.17346538 0.0139115513 3.47876448
259 901 4.17307739 0.013910258 3.47876448
259 901 4.17316098 0.0139105366 3.47876448
259 901 4.17305328 0.0139101776 3.47876448
259 901 4.17315853 0.0139105284 3.47876448
259 901 4.17305264 0.0139101755 3.47876448
259 901 4.17315862 0.0139105287 3.47876448
259 901 4.1730526 0.0139101753 3.47876448
258 899 4.13099887 0.0137699962 3.48449612
258 899 4.13109176 0.0137703059 3.48449612
258 899 4.13090608 0.0137696869 3.48449612
258 899 4.13091864 0.0137697288 3.48449612
258 899 4.13091719 0.013769724 3.48449612
258 899 4.1309177 0.0137697257 3.48449612
258 899 4.13091752 0.0137697251 3.48449612
258 899 4.13091755 0.0137697252 3.48449612
258 899 4.13091754 0.0137697251 3.48449612
258 899 4.13091754 0.0137697251 3.48449612
257 893 4.07928315 0.0135976105 3.47470817
257 893 4.07912075 0.0135970692 3.47470817
257 893 4.0789776 0.013596592 3.47470817
257 893 4.07941372 0.0135980457 3.47470817
257 893 4.0791365 0.0135971217 3.47470817
257 893 4.07938393 0.0135979464 3.47470817
257 893 4.07914202 0.0135971401 3.47470817
257 893 4.0793834 0.0135979447 3.47470817
257 893 4.07914185 0.0135971395 3.47470817
257 893 4.07938337 0.0135979446 3.47470817
256 887 4.02210338 0.0134070113 3.46484375
256 883 4.02531382 0.0134177127 3.44921875
256 887 4.02218517 0.0134072839 3.46484375
256 887 4.02217585 0.0134072528 3.46484375
256 887 4.02215348 0.0134071783 3.46484375
256 887 4.02215883 0.0134071961 3.46484375
256 887 4.02215915 0.0134071972 3.46484375
256 887 4.02215932 0.0134071977 3.46484375
256 887 4.02215934 0.0134071978 3.46484375
256 887 4.02215934 0.0134071978 3.46484375
255 877 3.97432795 0.0132477598 3.43921569
255 880 3.95869416 0.0131956472 3.45098039
255 876 3.97387622 0.0132462541 3.43529412
255 876 3.97217939 0.013240598 3.43529412
255 875 3.97669151 0.0132556384 3.43137255
255 871 3.96787154 0.0132262385 3.41568627
255 875 3.97695136 0.0132565045 3.43137255
255 875 3.97650869 0.013255029 3.43137255
255 875 3.97707672 0.0132569224 3.43137255
255 875 3.97703853 0.0132567951 3.43137255
254 869 3.93343367 0.0131114456 3.42125984
254 869 3.93332375 0.0131110792 3.42125984
254 869 3.93316528 0.0131105509 3.42125984
254 869 3.93314429 0.013110481 3.42125984
254 869 3.93322323 0.0131107441 3.42125984
254 869 3.93320386 0.0131106795 3.42125984
254 869 3.93321382 0.0131107127 3.42125984
254 869 3.93313565 0.0131104522 3.42125984
254 869 3.9332458 0.0131108193 3.42125984
254 869 3.93321446 0.0131107149 3.42125984
253 863 3.88527384 0.0129509128 3.41106719
253 863 3.88550237 0.0129516746 3.41106719
253 863 3.88552871 0.0129517624 3.41106719
253 863 3.88515644 0.0129505215 3.41106719
253 863 3.88551029 0.012951701 3.41106719
253 863 3.88553847 0.0129517949 3.41106719
253 863 3.88552819 0.0129517606 3.41106719
253 863 3.88552636 0.0129517545 3.41106719
253 863 3.88552659 0.0129517553 3.41106719
253 863 3.88552655 0.0129517552 3.41106719
252 857 3.83172593 0.0127724198 3.40079365
252 859 3.82458419 0.012748614 3.40873016
252 857 3.83166705 0.0127722235 3.40079365
252 857 3.83185452 0.0127728484 3.40079365
252 857 3.83128272 0.0127709424 3.40079365
252 857 3.83165598 0.0127721866 3.40079365
252 857 3.83144115 0.0127714705 3.40079365
252 857 3.83155382 0.0127718461 3.40079365
252 857 3.83189127 0.0127729709 3.40079365
252 857 3.83157682 0.0127719227 3.40079365
251 853 3.77853141 0.0125951047 3.39840637
251 851 3.77639687 0.0125879896 3.39043825
251 848 3.77155028 0.0125718343 3.37848606
251 851 3.77678055 0.0125892685 3.39043825
251 851 3.77618391 0.0125872797 3.39043825
251 851 3.77631214 0.0125877071 3.39043825
251 851 3.77630644 0.0125876881 3.39043825
251 851 3.7763108 0.0125877027 3.39043825
251 851 3.77631153 0.0125877051 3.39043825
251 851 3.77631173 0.0125877058 3.39043825
250 842 3.72864946 0.0124288315 3.368
250 842 3.72860563 0.0124286854 3.368
250 842 3.72813657 0.0124271219 3.368
250 842 3.728592 0.01242864 3.368
250 842 3.72828518 0.0124276173 3.368
250 842 3.7286042 0.0124286807 3.368
250 842 3.72827537 0.0124275846 3.368
250 842 3.72860417 0.0124286806 3.368
250 842 3.72827579 0.012427586 3.368
250 842 3.72860418 0.0124286806 3.368
249 838 3.67632114 0.0122544038 3.36546185
249 835 3.67474491 0.0122491497 3.35341365
248 829 3.64008056 0.0121336019 3.34274194
248 832 3.63872379 0.0121290793 3.35483871
248 829 3.64199743 0.0121399914 3.34274194
248 829 3.65476961 0.0121825654 3.34274194
248 829 3.65459726 0.0121819909 3.34274194
248 829 3.65463057 0.0121821019 3.34274194
248 829 3.65463387 0.0121821129 3.34274194
248 829 3.65463576 0.0121821192 3.34274194
247 823 3.60378755 0.0120126252 3.33198381
247 823 3.60330235 0.0120110078 3.33198381
247 823 3.60336758 0.0120112253 3.33198381
247 823 3.6038384 0.0120127947 3.33198381
247 823 3.60325075 0.0120108358 3.33198381
247 823 3.60380904 0.0120126968 3.33198381
247 823 3.60325275 0.0120108425 3.33198381
247 823 3.60381008 0.0120127003 3.33198381
247 823 3.60325276 0.0120108425 3.33198381
247 823 3.60381005 0.0120127002 3.33198381
246 819 3.55123224 0.0118374408 3.32926829
246 819 3.55174276 0.0118391425 3.32926829
246 819 3.55134591 0.0118378197 3.32926829
246 819 3.55190285 0.0118396762 3.32926829
246 819 3.55140665 0.0118380222 3.32926829
246 819 3.5512773 0.011837591 3.32926829
246 819 3.55190247 0.0118396749 3.32926829
246 819 3.55141346 0.0118380449 3.32926829
246 819 3.55127523 0.0118375841 3.32926829
246 819 3.55190246 0.0118396749 3.32926829
245 816 3.49710301 0.01165701 3.33061224
245 809 3.48504432 0.0116168144 3.30204082
245 810 3.504249 0.01168083 3.30612245
245 812 3.49448884 0.0116482961 3.31428571
245 810 3.50447038 0.0116815679 3.30612245
245 810 3.50423237 0.0116807746 3.30612245
245 810 3.50441155 0.0116813718 3.30612245
245 810 3.50441464 0.0116813821 3.30612245
245 810 3.5044255 0.0116814183 3.30612245
245 810 3.50442682 0.0116814227 3.30612245
244 806 3.45966209 0.011532207 3.30327869
244 806 3.45978103 0.0115326034 3.30327869
244 806 3.45994944 0.0115331648 3.30327869
244 806 3.45999534 0.0115333178 3.30327869
244 806 3.45999763 0.0115333254 3.30327869
244 806 3.45999984 0.0115333328 3.30327869
244 806 3.45999998 0.0115333333 3.30327869
244 806 3.46000008 0.0115333336 3.30327869
244 806 3.46000008 0.0115333336 3.30327869
244 806 3.46000008 0.0115333336 3.30327869
243 805 3.40905984 0.0113635328 3.3127572
243 799 3.38602486 0.0112867495 3.28806584
243 802 3.40103578 0.0113367859 3.30041152
243 804 3.39148934 0.0113049645 3.30864198
243 805 3.40881203 0.0113627068 3.3127572
243 805 3.40887575 0.0113629192 3.3127572
243 805 3.40897551 0.0113632517 3.3127572
243 805 3.40882019 0.011362734 3.3127572
243 805 3.40896236 0.0113632079 3.3127572
243 805 3.40883053 0.0113627684 3.3127572
242 798 3.36336713 0.0112112238 3.29752066
242 798 3.36298458 0.0112099486 3.29752066
242 798 3.36334794 0.0112111598 3.29752066
242 798 3.36318126 0.0112106042 3.29752066
242 798 3.36322267 0.0112107422 3.29752066
242 798 3.36319809 0.0112106603 3.29752066
242 798 3.36319703 0.0112106568 3.29752066
242 798 3.36319851 0.0112106617 3.29752066
242 798 3.36319853 0.0112106618 3.29752066
242 798 3.36319851 0.0112106617 3.29752066
241 792 3.31648527 0.0110549509 3.28630705
241 791 3.31601493 0.0110533831 3.28215768
241 792 3.31642503 0.0110547501 3.28630705
241 792 3.3164412 0.011054804 3.28630705
241 792 3.31689241 0.011056308 3.28630705
241 792 3.31734926 0.0110578309 3.28630705
241 792 3.31673043 0.0110557681 3.28630705
241 792 3.31694225 0.0110564742 3.28630705
241 792 3.31735101 0.0110578367 3.28630705
241 792 3.31672902 0.0110557634 3.28630705
240 785 3.27089144 0.0109029715 3.27083333
240 785 3.26518157 0.0108839386 3.27083333
240 785 3.27022152 0.0109007384 3.27083333
240 785 3.27044066 0.0109014689 3.27083333
240 785 3.27048881 0.0109016294 3.27083333
240 785 3.27045899 0.01090153 3.27083333
240 785 3.27046088 0.0109015363 3.27083333
240 785 3.27046002 0.0109015334 3.27083333
240 785 3.27046002 0.0109015334 3.27083333
240 785 3.27046 0.0109015333 3.27083333
239 778 3.22374018 0.0107458006 3.25523013
239 778 3.2237059 0.0107456863 3.25523013
239 778 3.22349976 0.0107449992 3.25523013
239 778 3.22349574 0.0107449858 3.25523013
239 778 3.22349262 0.0107449754 3.25523013
239 778 3.2234923 0.0107449743 3.25523013
239 778 3.22349231 0.0107449744 3.25523013
239 778 3.2234923 0.0107449743 3.25523013
239 778 3.2234923 0.0107449743 3.25523013
239 778 3.2234923 0.0107449743 3.25523013
238 770 3.17040975 0.0105680325 3.23529412
238 771 3.16963309 0.0105654436 3.2394958
238 770 3.16918793 0.0105639598 3.23529412
238 771 3.16926545 0.0105642182 3.2394958
238 771 3.16952429 0.010565081 3.2394958
238 771 3.16962539 0.010565418 3.2394958
238 771 3.16947849 0.0105649283 3.2394958
238 771 3.16962979 0.0105654326 3.2394958
238 771 3.16947893 0.0105649298 3.2394958
238 771 3.16963001 0.0105654334 3.2394958
237 763 3.12261127 0.0104087042 3.21940928
237 763 3.12240936 0.0104080312 3.21940928
237 763 3.12239292 0.0104079764 3.21940928
237 763 3.12237932 0.0104079311 3.21940928
237 763 3.12233683 0.0104077894 3.21940928
237 763 3.12233589 0.0104077863 3.21940928
237 763 3.12233501 0.0104077834 3.21940928
237 763 3.12233494 0.0104077831 3.21940928
237 763 3.12233477 0.0104077826 3.21940928
237 763 3.12233474 0.0104077825 3.21940928
236 757 3.06748873 0.0102249624 3.20762712
236 757 3.06847556 0.0102282519 3.20762712
236 757 3.06833119 0.0102277706 3.20762712
236 757 3.0683035 0.0102276783 3.20762712
236 757 3.06830201 0.0102276734 3.20762712
236 757 3.06830242 0.0102276747 3.20762712
236 757 3.06830243 0.0102276748 3.20762712
236 757 3.06830244 0.0102276748 3.20762712
236 757 3.06830244 0.0102276748 3.20762712
236 757 3.06830244 0.0102276748 3.20762712
235 748 3.00597144 0.0100199048 3.18297872
235 748 3.00608072 0.0100202691 3.18297872
235 748 3.00609378 0.0100203126 3.18297872
235 748 3.0061323 0.010020441 3.18297872
235 748 3.00612402 0.0100204134 3.18297872
235 748 3.006094 0.0100203133 3.18297872
235 748 3.0061318 0.0100204393 3.18297872
235 748 3.00612397 0.0100204132 3.18297872
235 748 3.006094 0.0100203133 3.18297872
235 748 3.00613181 0.0100204394 3.18297872
234 741 2.93939952 0.00979799838 3.16666667
234 743 2.93381657 0.00977938855 3.17521368
234 741 2.93885721 0.00979619069 3.16666667
234 741 2.93940582 0.00979801939 3.16666667
234 741 2.93978438 0.00979928126 3.16666667
234 741 2.93890507 0.00979635023 3.16666667
234 741 2.93991746 0.00979972485 3.16666667
234 741 2.93987206 0.00979957355 3.16666667
234 741 2.93987199 0.0097995733 3.16666667
234 741 2.93987239 0.00979957465 3.16666667
233 736 2.87774554 0.00959248515 3.15879828
233 736 2.87741161 0.00959137204 3.15879828
233 736 2.85889778 0.00952965926 3.15879828
233 736 2.8772082 0.009590694 3.15879828
233 736 2.87708467 0.00959028223 3.15879828
233 736 2.87692929 0.00958976431 3.15879828
233 736 2.87689301 0.00958964338 3.15879828
233 736 2.87688823 0.00958962744 3.15879828
233 736 2.87688859 0.00958962865 3.15879828
233 736 2.8768886 0.00958962867 3.15879828
232 731 2.81588516 0.00938628385 3.15086207
231 728 2.7619405 0.00920646834 3.15151515
231 731 2.75850573 0.00919501908 3.16450216
231 729 2.74831521 0.00916105069 3.15584416
231 728 2.76199899 0.00920666331 3.15151515
231 728 2.76193694 0.00920645646 3.15151515
231 728 2.7623386 0.00920779533 3.15151515
231 728 2.76231707 0.00920772356 3.15151515
231 728 2.7620525 0.00920684167 3.15151515
231 728 2.76199678 0.00920665592 3.15151515
230 722 2.70121126 0.00900403754 3.13913043
230 722 2.70081814 0.00900272713 3.13913043
230 720 2.68559621 0.00895198736 3.13043478
230 722 2.70067218 0.00900224059 3.13913043
230 722 2.70059703 0.00900199012 3.13913043
230 722 2.70062998 0.00900209992 3.13913043
230 722 2.70062385 0.0090020795 3.13913043
230 722 2.7006228 0.00900207601 3.13913043
230 722 2.70062279 0.00900207595 3.13913043
230 722 2.70062278 0.00900207593 3.13913043
229 714 2.63852081 0.00879506936 3.11790393
229 714 2.60838879 0.00869462929 3.11790393
229 716 2.6395248 0.00879841599 3.12663755
229 716 2.63961334 0.00879871114 3.12663755
229 716 2.63954751 0.0087984917 3.12663755
229 716 2.63967477 0.00879891589 3.12663755
229 716 2.639594 0.00879864667 3.12663755
229 716 2.63954969 0.00879849897 3.12663755
229 716 2.63967436 0.00879891455 3.12663755
229 716 2.63959405 0.00879864684 3.12663755
228 707 2.58153288 0.00860510961 3.10087719
228 707 2.58186754 0.00860622513 3.10087719
228 707 2.58218812 0.00860729374 3.10087719
228 707 2.58174964 0.00860583215 3.10087719
228 707 2.58208267 0.00860694223 3.10087719
228 707 2.58172974 0.00860576579 3.10087719
228 707 2.582082 0.00860694 3.10087719
228 707 2.58173103 0.00860577009 3.10087719
228 707 2.58208218 0.00860694061 3.10087719
228 707 2.58173096 0.00860576987 3.10087719
227 703 2.51821109 0.00839403697 3.0969163
227 703 2.51949185 0.00839830618 3.0969163
227 703 2.51926925 0.00839756416 3.0969163
227 703 2.51770221 0.00839234069 3.0969163
227 703 2.51802669 0.00839342229 3.0969163
227 703 2.51955131 0.00839850436 3.0969163
227 703 2.5192709 0.00839756968 3.0969163
227 703 2.51910406 0.00839701353 3.0969163
227 703 2.51910376 0.00839701252 3.0969163
227 703 2.51910789 0.0083970263 3.0969163
226 699 2.46086853 0.00820289509 3.09292035
226 699 2.46138517 0.00820461724 3.09292035
226 699 2.46129721 0.00820432404 3.09292035
226 699 2.46110239 0.00820367463 3.09292035
226 699 2.46114537 0.00820381789 3.09292035
226 699 2.46111449 0.00820371496 3.09292035
226 699 2.46114562 0.00820381874 3.09292035
226 699 2.46111452 0.00820371506 3.09292035
226 699 2.46114561 0.00820381869 3.09292035
226 699 2.46111452 0.00820371506 3.09292035
225 696 2.38915559 0.00796385196 3.09333333
225 696 2.38909043 0.00796363478 3.09333333
225 692 2.38742381 0.00795807936 3.07555556
225 694 2.44416353 0.00814721177 3.08444444
225 694 2.4442707 0.00814756901 3.08444444
225 699 2.41951156 0.00806503852 3.10666667
225 694 2.44425819 0.0081475273 3.08444444
225 694 2.44415845 0.00814719483 3.08444444
225 694 2.44402951 0.00814676503 3.08444444
225 694 2.44419167 0.00814730555 3.08444444
224 690 2.38711238 0.00795704128 3.08035714
224 690 2.3872425 0.007957475 3.08035714
224 690 2.38727244 0.00795757478 3.08035714
224 690 2.38725522 0.0079575174 3.08035714
224 690 2.38710976 0.00795703254 3.08035714
224 690 2.38726204 0.00795754014 3.08035714
224 690 2.38725316 0.00795751052 3.08035714
224 690 2.38711004 0.00795703348 3.08035714
224 690 2.38726206 0.0079575402 3.08035714
224 690 2.38725316 0.00795751053 3.08035714
223 687 2.31801503 0.00772671677 3.08071749
223 687 2.31810634 0.00772702114 3.08071749
223 687 2.31849944 0.00772833148 3.08071749
223 687 2.31829834 0.00772766112 3.08071749
223 687 2.31829768 0.00772765892 3.08071749
223 687 2.31829743 0.00772765808 3.08071749
223 687 2.31829748 0.00772765826 3.08071749
223 687 2.31829746 0.00772765821 3.08071749
223 687 2.31829746 0.0077276582 3.08071749
223 687 2.31829746 0.0077276582 3.08071749
222 683 2.24777874 0.00749259581 3.07657658
222 680 2.24023422 0.00746744741 3.06306306
222 679 2.2512312 0.00750410401 3.05855856
221 672 2.19569151 0.00731897171 3.04072398
221 672 2.19565977 0.0073188659 3.04072398
221 672 2.19560425 0.00731868083 3.04072398
221 672 2.19538141 0.00731793802 3.04072398
221 672 2.19565576 0.00731885255 3.04072398
221 672 2.19559489 0.00731864964 3.04072398
221 672 2.1953803 0.00731793434 3.04072398
220 669 2.13300706 0.00711002353 3.04090909
220 669 2.13330854 0.00711102848 3.04090909
220 669 2.13333708 0.00711112361 3.04090909
220 669 2.13322741 0.00711075804 3.04090909
220 669 2.13321992 0.00711073305 3.04090909
220 669 2.13322393 0.00711074642 3.04090909
220 669 2.13322324 0.00711074412 3.04090909
220 669 2.1332233 0.00711074433 3.04090909
220 669 2.13322333 0.00711074444 3.04090909
220 669 2.13322332 0.0071107444 3.04090909
219 662 2.07147104 0.00690490346 3.02283105
219 662 2.0717646 0.00690588198 3.02283105
219 662 2.07228726 0.00690762419 3.02283105
219 666 2.06835629 0.00689452097 3.04109589
219 662 2.07127709 0.00690425698 3.02283105
219 662 2.07194257 0.00690647524 3.02283105
219 662 2.07109459 0.00690364864 3.02283105
219 662 2.07201981 0.0069067327 3.02283105
219 662 2.07110108 0.00690367028 3.02283105
219 662 2.0720199 0.00690673301 3.02283105
218 659 2.0112989 0.00670432968 3.02293578
218 656 1.97238426 0.0065746142 3.00917431
218 659 2.01164521 0.00670548402 3.02293578
218 656 2.00941854 0.0066980618 3.00917431
218 659 2.01175712 0.00670585706 3.02293578
218 659 2.01089577 0.00670298591 3.02293578
218 660 1.98810134 0.00662700447 3.02752294
218 657 2.00276353 0.00667587845 3.01376147
218 660 2.00824895 0.00669416315 3.02752294
217 653 1.9544657 0.00651488566 3.00921659
216 648 1.89300444 0.00631001481 3
216 648 1.88457753 0.00628192511 3
216 649 1.90594094 0.00635313646 3.00462963
216 653 1.86622164 0.00622073879 3.02314815
216 653 1.91108081 0.00637026937 3.02314815
216 649 1.91363705 0.00637879017 3.00462963
216 649 1.89492279 0.0063164093 3.00462963
216 650 1.89143659 0.00630478862 3.00925926
216 652 1.87671769 0.00625572563 3.01851852
216 649 1.91405925 0.00638019751 3.00462963
215 646 1.85906153 0.00619687178 3.00465116
215 643 1.86016339 0.00620054464 2.99069767
215 647 1.85806054 0.00619353512 3.00930233
215 646 1.85953183 0.00619843943 3.00465116
215 646 1.8584185 0.00619472833 3.00465116
215 644 1.8482304 0.006160768 2.99534884
215 647 1.8877589 0.00629252967 3.00930233
215 647 1.88810836 0.00629369455 3.00930233
215 648 1.88079547 0.00626931822 3.01395349
215 649 1.85657614 0.00618858715 3.01860465
214 642 1.83780008 0.00612600027 3
214 642 1.83769127 0.00612563758 3
214 637 1.83701873 0.00612339575 2.97663551
213 635 1.83630704 0.00612102348 2.98122066
213 635 1.83728408 0.00612428027 2.98122066
212 630 1.78816266 0.00596054219 2.97169811
212 630 1.78837512 0.00596125039 2.97169811
212 630 1.78831358 0.00596104528 2.97169811
212 630 1.78833978 0.00596113261 2.97169811
212 630 1.78865359 0.00596217864 2.97169811
211 625 1.73939317 0.00579797723 2.96208531
211 625 1.73905487 0.00579684956 2.96208531
211 625 1.7392976 0.00579765866 2.96208531
211 625 1.73946495 0.00579821649 2.96208531
211 625 1.73957775 0.00579859249 2.96208531
211 625 1.73958766 0.00579862554 2.96208531
211 625 1.73958772 0.00579862574 2.96208531
211 625 1.73958828 0.00579862761 2.96208531
211 625 1.73958759 0.00579862531 2.96208531
211 625 1.73958782 0.00579862607 2.96208531
210 618 1.68961318 0.00563204393 2.94285714
210 618 1.68646723 0.00562155743 2.94285714
210 616 1.70193512 0.00567311705 2.93333333
209 615 1.66848994 0.00556163314 2.94258373
209 614 1.680716 0.00560238666 2.93779904
209 615 1.68097904 0.00560326347 2.94258373
209 612 1.67440329 0.00558134431 2.92822967
209 615 1.6692192 0.00556406401 2.94258373
209 614 1.68636938 0.00562123127 2.93779904
209 618 1.64757892 0.00549192975 2.9569378
208 611 1.64744714 0.00549149046 2.9375
208 612 1.63630434 0.00545434781 2.94230769
208 611 1.61261005 0.00537536683 2.9375
208 613 1.61924523 0.00539748411 2.94711538
208 612 1.63435774 0.00544785914 2.94230769
208 616 1.72547797 0.00575159324 2.96153846
208 619 1.73931008 0.00579770027 2.97596154
207 614 1.71409705 0.00571365684 2.96618357
207 617 1.69826655 0.00566088851 2.98067633
207 614 1.70053717 0.00566845723 2.96618357
206 610 1.69820907 0.0056606969 2.96116505
205 607 1.67910249 0.00559700831 2.96097561
203 597 1.65419767 0.00551399223 2.9408867
203 593 1.66052366 0.00553507887 2.92118227
203 590 1.66793943 0.00555979808 2.90640394
202 585 1.64304173 0.00547680577 2.8960396
202 586 1.63816261 0.00546054203 2.9009901
202 585 1.63166313 0.00543887711 2.8960396
201 580 1.62087847 0.00540292822 2.88557214
201 578 1.63334479 0.00544448263 2.87562189
200 575 1.60484945 0.00534949816 2.875
199 569 1.57475825 0.00524919416 2.85929648
199 562 1.57208922 0.00524029741 2.8241206
199 564 1.58697376 0.00528991253 2.83417085
199 569 1.56642636 0.00522142119 2.85929648
198 563 1.56135923 0.00520453075 2.84343434
198 566 1.55732744 0.00519109148 2.85858586
198 560 1.58427476 0.00528091588 2.82828283
197 556 1.5701497 0.00523383234 2.82233503
196 549 1.5494119 0.00516470635 2.80102041
195 544 1.52506091 0.00508353637 2.78974359
195 544 1.52908866 0.00509696219 2.78974359
195 544 1.52454987 0.00508183291 2.78974359
195 543 1.51100092 0.00503666975 2.78461538
195 545 1.50199052 0.00500663507 2.79487179
195 544 1.5027968 0.00500932266 2.78974359
194 539 1.4983384 0.00499446132 2.77835052
194 540 1.47990595 0.00493301984 2.78350515
194 540 1.49529324 0.00498431081 2.78350515
193 535 1.4684247 0.00489474899 2.77202073
192 531 1.43759575 0.00479198584 2.765625
191 525 1.40393189 0.00467977298 2.7486911
191 526 1.39294691 0.00464315636 2.7539267
190 520 1.37269392 0.00457564639 2.73684211
189 515 1.3384222 0.00446140735 2.72486772
189 517 1.34028776 0.00446762587 2.73544974
189 517 1.31161796 0.00437205985 2.73544974
189 518 1.31707721 0.00439025738 2.74074074
189 517 1.33986291 0.00446620969 2.73544974
189 517 1.3650691 0.00455023035 2.73544974
188 512 1.33408691 0.00444695637 2.72340426
188 514 1.33338984 0.0044446328 2.73404255
188 512 1.33727937 0.00445759791 2.72340426
188 513 1.36526712 0.0045508904 2.7287234
187 510 1.34654038 0.00448846794 2.72727273
187 509 1.34350497 0.0044783499 2.72192513
187 510 1.33057352 0.00443524506 2.72727273
186 505 1.32070276 0.00440234252 2.71505376
186 505 1.32088809 0.0044029603 2.71505376
186 505 1.32024347 0.00440081157 2.71505376
185 502 1.28917884 0.00429726281 2.71351351
184 499 1.27080378 0.00423601261 2.71195652
183 495 1.24255635 0.00414185451 2.70491803
183 495 1.24244469 0.00414148231 2.70491803
183 495 1.2423193 0.00414106432 2.70491803
183 495 1.24239975 0.0041413325 2.70491803
183 495 1.24243769 0.00414145896 2.70491803
183 495 1.24254249 0.00414180831 2.70491803
183 495 1.24273399 0.00414244664 2.70491803
183 495 1.24243529 0.00414145096 2.70491803
182 489 1.2098448 0.004032816 2.68681319
182 491 1.20606615 0.00402022049 2.6978022
182 493 1.20627678 0.00402092259 2.70879121
182 492 1.22674837 0.00408916125 2.7032967
182 491 1.23511963 0.00411706542 2.6978022
181 485 1.20500884 0.00401669612 2.67955801
181 485 1.20508291 0.00401694302 2.67955801
181 485 1.20528223 0.00401760744 2.67955801
181 485 1.20526922 0.00401756407 2.67955801
181 485 1.20523449 0.0040174483 2.67955801
180 481 1.17623203 0.00392077342 2.67222222
180 481 1.17610139 0.00392033798 2.67222222
180 481 1.17593307 0.00391977691 2.67222222
180 481 1.17642378 0.00392141261 2.67222222
180 481 1.1764432 0.00392147735 2.67222222
180 481 1.17668007 0.0039222669 2.67222222
180 481 1.17574007 0.00391913355 2.67222222
180 481 1.17592314 0.0039197438 2.67222222
180 481 1.17627219 0.0039209073 2.67222222
180 481 1.17627915 0.00392093048 2.67222222
179 475 1.14308944 0.00381029812 2.65363128
179 475 1.14329094 0.00381096981 2.65363128
179 475 1.1432728 0.00381090934 2.65363128
179 475 1.14329991 0.00381099969 2.65363128
179 475 1.14319603 0.00381065343 2.65363128
179 475 1.14327032 0.00381090106 2.65363128
179 475 1.14329632 0.00381098775 2.65363128
179 475 1.14322935 0.0038107645 2.65363128
179 475 1.14320559 0.00381068531 2.65363128
179 475 1.14326312 0.00381087705 2.65363128
178 470 1.10805229 0.00369350764 2.64044944
178 470 1.10886556 0.00369621855 2.64044944
178 470 1.1076556 0.00369218535 2.64044944
178 470 1.10820732 0.00369402441 2.64044944
178 470 1.10800891 0.00369336303 2.64044944
178 470 1.10836228 0.00369454092 2.64044944
178 470 1.10848601 0.00369495336 2.64044944
178 470 1.10849662 0.00369498875 2.64044944
178 470 1.10849133 0.00369497109 2.64044944
178 470 1.10849309 0.00369497697 2.64044944
177 462 1.0728228 0.00357607599 2.61016949
176 457 1.0725343 0.00357511432 2.59659091
176 459 1.10761529 0.00369205097 2.60795455
176 459 1.10759378 0.00369197925 2.60795455
176 459 1.10753645 0.00369178818 2.60795455
176 459 1.1076109 0.00369203632 2.60795455
176 459 1.10772149 0.00369240496 2.60795455
176 459 1.10775103 0.00369250344 2.60795455
176 459 1.10762028 0.00369206761 2.60795455
176 459 1.10760246 0.0036920082 2.60795455
175 454 1.0724404 0.00357480134 2.59428571
175 454 1.07245187 0.00357483958 2.59428571
175 454 1.07286049 0.00357620163 2.59428571
175 454 1.07274827 0.00357582756 2.59428571
175 454 1.07285139 0.00357617129 2.59428571
175 454 1.07278705 0.00357595683 2.59428571
175 454 1.07285487 0.00357618291 2.59428571
175 454 1.07284182 0.00357613939 2.59428571
175 454 1.07255528 0.00357518428 2.59428571
175 454 1.07247696 0.0035749232 2.59428571
174 451 1.03335819 0.0034445273 2.59195402
174 449 1.02765224 0.00342550748 2.58045977
174 451 1.03261538 0.00344205127 2.59195402
174 451 1.03294793 0.00344315977 2.59195402
174 451 1.03257504 0.00344191682 2.59195402
174 451 1.03228016 0.00344093387 2.59195402
174 451 1.03303248 0.00344344161 2.59195402
174 451 1.03280496 0.00344268319 2.59195402
174 451 1.03293924 0.00344313081 2.59195402
174 451 1.03248986 0.00344163287 2.59195402
173 446 0.996897899 0.003322993 2.57803468
172 441 0.96104714 0.00320349047 2.56395349
172 438 0.961456231 0.0032048541 2.54651163
172 438 0.964950278 0.00321650093 2.54651163
172 438 0.964924302 0.00321641434 2.54651163
172 438 0.964940237 0.00321646746 2.54651163
172 438 0.964970911 0.0032165697 2.54651163
172 438 0.965002483 0.00321667494 2.54651163
172 438 0.965017107 0.00321672369 2.54651163
172 438 0.965022259 0.00321674086 2.54651163
171 433 0.929537894 0.00309845965 2.53216374
171 433 0.929643284 0.00309881095 2.53216374
171 434 0.929016476 0.00309672159 2.5380117
171 438 0.959284812 0.00319761604 2.56140351
171 440 0.949610278 0.00316536759 2.57309942
171 438 0.959342828 0.00319780943 2.56140351
171 435 0.951184065 0.00317061355 2.54385965
171 438 0.959403567 0.00319801189 2.56140351
171 438 0.959400072 0.00319800024 2.56140351
171 437 0.957370947 0.00319123649 2.55555556
170 432 0.928005644 0.00309335215 2.54117647
170 432 0.928172331 0.00309390777 2.54117647
170 432 0.928714882 0.00309571627 2.54117647
170 432 0.929039198 0.00309679733 2.54117647
170 432 0.927905177 0.00309301726 2.54117647
170 432 0.92856395 0.00309521317 2.54117647
170 432 0.928965424 0.00309655141 2.54117647
170 432 0.927872304 0.00309290768 2.54117647
170 432 0.928573157 0.00309524386 2.54117647
170 432 0.928952979 0.00309650993 2.54117647
169 429 0.897035358 0.00299011786 2.53846154
169 427 0.893023206 0.00297674402 2.52662722
169 429 0.897536048 0.00299178683 2.53846154
169 430 0.894567942 0.00298189314 2.5443787
169 429 0.897560581 0.0029918686 2.53846154
169 429 0.897511793 0.00299170598 2.53846154
169 429 0.897459333 0.00299153111 2.53846154
169 429 0.897455578 0.00299151859 2.53846154
169 429 0.897297294 0.00299099098 2.53846154
169 429 0.897628414 0.00299209471 2.53846154
168 424 0.866142399 0.00288714133 2.52380952
168 424 0.866437561 0.0028881252 2.52380952
168 424 0.866270972 0.00288756991 2.52380952
168 424 0.866558307 0.00288852769 2.52380952
168 424 0.866322016 0.00288774005 2.52380952
168 424 0.866504325 0.00288834775 2.52380952
168 424 0.866588488 0.00288862829 2.52380952
168 424 0.866347246 0.00288782415 2.52380952
168 424 0.866350316 0.00288783439 2.52380952
168 424 0.866461443 0.00288820481 2.52380952
167 420 0.829439112 0.00276479704 2.51497006
167 420 0.829332733 0.00276444244 2.51497006
167 422 0.829111753 0.00276370584 2.52694611
167 420 0.815003209 0.00271667736 2.51497006
167 423 0.84502431 0.0028167477 2.53293413
166 418 0.814733532 0.00271577844 2.51807229
166 418 0.814639834 0.00271546611 2.51807229
166 418 0.81516162 0.0027172054 2.51807229
166 418 0.814572586 0.00271524195 2.51807229
166 418 0.814836276 0.00271612092 2.51807229
165 414 0.779482154 0.00259827385 2.50909091
165 414 0.77839369 0.00259464563 2.50909091
165 414 0.779474893 0.00259824964 2.50909091
165 414 0.779251793 0.00259750598 2.50909091
165 414 0.779427904 0.00259809301 2.50909091
165 414 0.778884016 0.00259628005 2.50909091
165 414 0.779348551 0.0025978285 2.50909091
165 414 0.779950862 0.00259983621 2.50909091
165 414 0.778890618 0.00259630206 2.50909091
165 414 0.77885498 0.00259618327 2.50909091
164 409 0.735296435 0.00245098812 2.49390244
164 411 0.736959057 0.00245653019 2.50609756
164 411 0.737122908 0.00245707636 2.50609756
164 409 0.73542169 0.00245140563 2.49390244
164 409 0.734711125 0.00244903708 2.49390244
164 409 0.734437986 0.00244812662 2.49390244
164 409 0.734947116 0.00244982372 2.49390244
164 409 0.734451702 0.00244817234 2.49390244
164 409 0.733757443 0.00244585814 2.49390244
164 409 0.735811163 0.00245270388 2.49390244
163 406 0.698658544 0.00232886181 2.49079755
163 406 0.698938924 0.00232979641 2.49079755
163 406 0.698701062 0.00232900354 2.49079755
163 402 0.670556791 0.0022351893 2.46625767
163 406 0.699060142 0.00233020047 2.49079755
163 406 0.698979692 0.00232993231 2.49079755
163 406 0.698894713 0.00232964904 2.49079755
163 406 0.699687065 0.00233229022 2.49079755
163 406 0.699989749 0.00233329916 2.49079755
163 406 0.699171781 0.0023305726 2.49079755
162 400 0.659258975 0.00219752992 2.4691358
162 403 0.643678287 0.00214559429 2.48765432
162 402 0.663164023 0.00221054674 2.48148148
162 401 0.666872727 0.00222290909 2.47530864
162 401 0.666581221 0.0022219374 2.47530864
162 401 0.666647693 0.00222215898 2.47530864
162 401 0.666845315 0.00222281772 2.47530864
162 401 0.666468111 0.00222156037 2.47530864
162 401 0.666496568 0.00222165523 2.47530864
162 401 0.666477715 0.00222159238 2.47530864
161 397 0.628530564 0.00209510188 2.46583851
161 394 0.629870608 0.00209956869 2.44720497
161 400 0.615494677 0.00205164892 2.48447205
160 399 0.645361118 0.00215120373 2.49375
160 397 0.675260822 0.00225086941 2.48125
160 396 0.670892689 0.00223630896 2.475
160 397 0.674931284 0.00224977095 2.48125
160 395 0.649615158 0.00216538386 2.46875
160 397 0.674630752 0.00224876917 2.48125
160 397 0.674685072 0.00224895024 2.48125
159 392 0.645630715 0.00215210238 2.46540881
159 392 0.64527195 0.0021509065 2.46540881
159 392 0.64676677 0.00215588923 2.46540881
159 392 0.645476408 0.00215158803 2.46540881
159 392 0.647002835 0.00215667612 2.46540881
159 392 0.647277104 0.00215759035 2.46540881
159 392 0.646428704 0.00215476235 2.46540881
159 392 0.645239718 0.00215079906 2.46540881
159 392 0.644624859 0.00214874953 2.46540881
159 392 0.644766463 0.00214922154 2.46540881
158 389 0.615861374 0.00205287125 2.46202532
158 389 0.616355576 0.00205451859 2.46202532
158 389 0.616871599 0.00205623866 2.46202532
158 389 0.615533866 0.00205177955 2.46202532
158 389 0.614766695 0.00204922232 2.46202532
158 389 0.6157465 0.00205248833 2.46202532
158 389 0.615389476 0.00205129825 2.46202532
158 389 0.616266991 0.0020542233 2.46202532
158 389 0.61576847 0.00205256157 2.46202532
158 389 0.615339495 0.00205113165 2.46202532
157 385 0.577886793 0.00192628931 2.4522293
157 383 0.577094848 0.00192364949 2.43949045
157 385 0.578588065 0.00192862688 2.4522293
157 385 0.579828174 0.00193276058 2.4522293
157 385 0.579065383 0.00193021794 2.4522293
157 385 0.578341007 0.00192780336 2.4522293
SP does not find any fixed points -> SP does not converge.
I am sorry I quit :(
