START ALGORITHM:
I am going to build an instance with N: 300 variables and 1245 clauses with a clause density equal to 4.15
START BSP WITH r=0.9:
Decimation scorer: pol
END UNIT PROPAGATION
300 1245 1.38774508 0.00462581693 4.15
300 1245 1.38558812 0.00461862708 4.15
300 1245 1.38686569 0.00462288565 4.15
300 1245 1.38649714 0.00462165713 4.15
300 1245 1.38637918 0.00462126393 4.15
300 1245 1.38651953 0.00462173177 4.15
300 1245 1.38618525 0.0046206175 4.15
300 1245 1.38615809 0.00462052696 4.15
300 1245 1.38644536 0.00462148453 4.15
299 1234 1.37633401 0.00458778003 4.1270903
299 1234 1.37613572 0.00458711905 4.1270903
299 1234 1.37601986 0.00458673288 4.1270903
299 1234 1.37618065 0.00458726882 4.1270903
299 1234 1.3762724 0.00458757468 4.1270903
299 1234 1.37625285 0.00458750949 4.1270903
299 1234 1.37623555 0.00458745185 4.1270903
299 1234 1.37620599 0.00458735331 4.1270903
299 1234 1.37623588 0.00458745294 4.1270903
299 1234 1.37625121 0.00458750405 4.1270903
298 1223 1.36540259 0.00455134196 4.10402685
298 1223 1.3653705 0.004551235 4.10402685
298 1223 1.36529863 0.00455099544 4.10402685
298 1223 1.36523422 0.00455078073 4.10402685
298 1223 1.36521343 0.00455071143 4.10402685
298 1223 1.36518672 0.00455062239 4.10402685
298 1223 1.36516845 0.00455056151 4.10402685
298 1223 1.36523841 0.00455079471 4.10402685
298 1223 1.36526594 0.00455088646 4.10402685
298 1223 1.36527119 0.00455090397 4.10402685
297 1212 1.35750645 0.0045250215 4.08080808
297 1212 1.35753031 0.00452510103 4.08080808
297 1212 1.35775593 0.00452585309 4.08080808
297 1212 1.3575165 0.004525055 4.08080808
297 1212 1.35738346 0.00452461152 4.08080808
297 1212 1.35737905 0.00452459685 4.08080808
297 1212 1.35744379 0.00452481263 4.08080808
297 1212 1.35736331 0.00452454438 4.08080808
297 1212 1.35733443 0.00452444808 4.08080808
297 1212 1.35739601 0.00452465337 4.08080808
296 1203 1.34438221 0.00448127404 4.06418919
296 1203 1.34416234 0.00448054114 4.06418919
296 1203 1.34469842 0.00448232807 4.06418919
296 1203 1.34460663 0.00448202209 4.06418919
296 1203 1.34459555 0.00448198517 4.06418919
296 1203 1.3446366 0.004482122 4.06418919
296 1203 1.34467497 0.0044822499 4.06418919
296 1203 1.34462007 0.00448206691 4.06418919
296 1203 1.34460663 0.00448202211 4.06418919
296 1203 1.3447198 0.00448239933 4.06418919
295 1193 1.3331517 0.00444383899 4.0440678
295 1193 1.3334142 0.004444714 4.0440678
295 1193 1.33352521 0.00444508404 4.0440678
295 1193 1.33334017 0.00444446724 4.0440678
295 1193 1.33328291 0.00444427637 4.0440678
295 1193 1.33333057 0.00444443523 4.0440678
295 1193 1.33295892 0.00444319641 4.0440678
295 1193 1.33340447 0.00444468156 4.0440678
295 1193 1.33292549 0.00444308496 4.0440678
295 1193 1.33317769 0.00444392565 4.0440678
294 1187 1.31872302 0.00439574339 4.03741497
294 1187 1.31911946 0.00439706485 4.03741497
294 1187 1.31829637 0.00439432122 4.03741497
294 1187 1.31991341 0.00439971138 4.03741497
294 1187 1.31840719 0.00439469064 4.03741497
294 1187 1.31874799 0.00439582662 4.03741497
294 1187 1.31916622 0.00439722075 4.03741497
294 1187 1.31902004 0.00439673347 4.03741497
294 1187 1.31874877 0.00439582923 4.03741497
294 1187 1.31858276 0.00439527587 4.03741497
293 1180 1.29403606 0.00431345353 4.02730375
293 1179 1.29807363 0.0043269121 4.02389078
293 1180 1.29431411 0.00431438037 4.02730375
293 1180 1.2945563 0.00431518767 4.02730375
293 1180 1.29462103 0.00431540344 4.02730375
293 1180 1.29458522 0.00431528405 4.02730375
293 1180 1.29464569 0.00431548565 4.02730375
293 1180 1.29461361 0.00431537871 4.02730375
293 1180 1.29456356 0.00431521187 4.02730375
293 1180 1.29460724 0.00431535748 4.02730375
292 1172 1.28136915 0.00427123051 4.01369863
292 1172 1.28088375 0.00426961249 4.01369863
292 1172 1.28122297 0.00427074324 4.01369863
292 1172 1.28077793 0.00426925977 4.01369863
292 1172 1.28113383 0.0042704461 4.01369863
292 1172 1.28067402 0.00426891339 4.01369863
292 1172 1.28116328 0.00427054427 4.01369863
292 1172 1.28065568 0.00426885225 4.01369863
292 1172 1.2811654 0.00427055135 4.01369863
292 1172 1.28066806 0.00426889352 4.01369863
291 1161 1.26070386 0.0042023462 3.98969072
291 1161 1.26066605 0.00420222018 3.98969072
291 1161 1.26119454 0.00420398179 3.98969072
291 1161 1.26080091 0.00420266971 3.98969072
291 1161 1.26088307 0.00420294356 3.98969072
291 1161 1.26094913 0.00420316376 3.98969072
291 1161 1.26096995 0.00420323318 3.98969072
291 1161 1.26095496 0.00420318322 3.98969072
291 1161 1.26121416 0.0042040472 3.98969072
291 1161 1.26087334 0.00420291114 3.98969072
290 1153 1.22800281 0.00409334269 3.97586207
290 1153 1.22904209 0.00409680698 3.97586207
290 1153 1.22946919 0.00409823064 3.97586207
290 1155 1.24313888 0.00414379627 3.98275862
290 1155 1.24256396 0.00414187987 3.98275862
290 1155 1.24302527 0.00414341758 3.98275862
290 1155 1.2429834 0.004143278 3.98275862
290 1155 1.24239126 0.00414130421 3.98275862
290 1155 1.24256721 0.00414189071 3.98275862
290 1155 1.24276723 0.00414255743 3.98275862
289 1147 1.20962035 0.00403206783 3.96885813
289 1151 1.21247806 0.00404159352 3.98269896
289 1149 1.20911642 0.00403038806 3.97577855
289 1149 1.20926762 0.00403089208 3.97577855
289 1149 1.20965146 0.00403217154 3.97577855
289 1149 1.20972284 0.00403240946 3.97577855
289 1149 1.20865464 0.0040288488 3.97577855
289 1149 1.20959401 0.00403198003 3.97577855
289 1149 1.20900969 0.00403003231 3.97577855
289 1149 1.20897884 0.00402992947 3.97577855
288 1143 1.19115887 0.00397052957 3.96875
288 1140 1.17399226 0.00391330752 3.95833333
288 1143 1.18997689 0.00396658962 3.96875
288 1138 1.17779956 0.00392599854 3.95138889
288 1145 1.1810559 0.003936853 3.97569444
288 1143 1.19026452 0.00396754842 3.96875
288 1145 1.18099385 0.00393664616 3.97569444
288 1145 1.18044273 0.0039348091 3.97569444
288 1145 1.18080653 0.00393602178 3.97569444
288 1145 1.18107132 0.00393690438 3.97569444
287 1134 1.1619258 0.00387308601 3.95121951
287 1134 1.1621587 0.00387386234 3.95121951
287 1134 1.1623945 0.00387464833 3.95121951
287 1134 1.16247474 0.00387491581 3.95121951
287 1134 1.16234873 0.00387449578 3.95121951
287 1134 1.16253268 0.00387510893 3.95121951
287 1134 1.16236673 0.00387455576 3.95121951
287 1134 1.16252997 0.00387509992 3.95121951
287 1134 1.1623847 0.00387461568 3.95121951
287 1134 1.16252669 0.00387508896 3.95121951
286 1128 1.14523114 0.00381743713 3.94405594
286 1125 1.13055061 0.00376850205 3.93356643
286 1128 1.14554491 0.00381848303 3.94405594
286 1128 1.14543766 0.00381812553 3.94405594
286 1128 1.14568226 0.00381894086 3.94405594
286 1128 1.14576063 0.0038192021 3.94405594
286 1128 1.14524956 0.00381749852 3.94405594
286 1128 1.14583833 0.00381946109 3.94405594
286 1128 1.14546894 0.00381822981 3.94405594
286 1128 1.14442953 0.00381476511 3.94405594
285 1119 1.11930801 0.00373102671 3.92631579
285 1117 1.1138097 0.003712699 3.91929825
285 1119 1.11831369 0.00372771232 3.92631579
285 1119 1.11949975 0.00373166584 3.92631579
285 1117 1.11346463 0.00371154877 3.91929825
285 1117 1.11283301 0.00370944338 3.91929825
285 1119 1.11839305 0.00372797684 3.92631579
285 1119 1.11880268 0.00372934226 3.92631579
285 1117 1.11322584 0.00371075281 3.91929825
285 1117 1.11320095 0.00371066983 3.91929825
284 1108 1.08743531 0.00362478436 3.90140845
284 1108 1.08802337 0.00362674456 3.90140845
284 1108 1.08829248 0.0036276416 3.90140845
284 1108 1.0876577 0.00362552567 3.90140845
284 1108 1.0878623 0.00362620765 3.90140845
284 1108 1.08781049 0.00362603498 3.90140845
284 1108 1.08784929 0.00362616431 3.90140845
284 1108 1.08757684 0.00362525615 3.90140845
284 1108 1.08806979 0.00362689929 3.90140845
284 1108 1.08862402 0.00362874675 3.90140845
283 1103 1.06491216 0.00354970721 3.8975265
283 1103 1.06385915 0.00354619716 3.8975265
283 1103 1.06477141 0.00354923803 3.8975265
283 1103 1.06317591 0.00354391971 3.8975265
283 1103 1.06486652 0.00354955507 3.8975265
283 1103 1.06409355 0.0035469785 3.8975265
283 1103 1.06468871 0.00354896235 3.8975265
283 1103 1.06541175 0.00355137249 3.8975265
283 1101 1.05748676 0.00352495587 3.89045936
283 1097 1.07224824 0.00357416078 3.87632509
282 1090 1.04410516 0.00348035054 3.86524823
282 1090 1.04507412 0.00348358041 3.86524823
282 1090 1.04391366 0.00347971219 3.86524823
282 1090 1.04293226 0.00347644085 3.86524823
282 1090 1.04278877 0.00347596257 3.86524823
282 1090 1.04249982 0.00347499939 3.86524823
282 1090 1.04463482 0.00348211606 3.86524823
282 1090 1.04375619 0.00347918731 3.86524823
282 1090 1.044018 0.00348006 3.86524823
282 1090 1.04397533 0.00347991775 3.86524823
281 1083 1.04341132 0.00347803774 3.85409253
281 1085 1.01970807 0.00339902692 3.86120996
281 1085 1.02007549 0.00340025165 3.86120996
281 1085 1.02002803 0.00340009345 3.86120996
281 1085 1.01990001 0.00339966669 3.86120996
281 1085 1.02002737 0.00340009122 3.86120996
281 1085 1.01997957 0.00339993191 3.86120996
281 1085 1.01998514 0.00339995046 3.86120996
281 1085 1.02001435 0.00340004784 3.86120996
281 1085 1.01995139 0.00339983797 3.86120996
280 1078 1.01934158 0.00339780527 3.85
280 1078 1.01914794 0.00339715981 3.85
280 1078 1.01944695 0.00339815651 3.85
280 1078 1.01938404 0.00339794681 3.85
280 1078 1.01931564 0.00339771879 3.85
280 1078 1.01934007 0.00339780023 3.85
280 1078 1.01934187 0.00339780623 3.85
280 1078 1.01941334 0.00339804448 3.85
280 1078 1.01936502 0.0033978834 3.85
280 1078 1.01937005 0.00339790015 3.85
279 1072 0.997825191 0.00332608397 3.84229391
279 1072 0.997982251 0.0033266075 3.84229391
279 1072 0.998989491 0.00332996497 3.84229391
279 1072 0.996218855 0.00332072952 3.84229391
279 1072 0.999225344 0.00333075115 3.84229391
279 1072 0.996059158 0.00332019719 3.84229391
279 1072 0.998241004 0.00332747001 3.84229391
279 1072 0.997114424 0.00332371475 3.84229391
279 1070 0.994589384 0.00331529795 3.83512545
279 1071 0.974372588 0.00324790863 3.83870968
278 1064 0.974163643 0.00324721214 3.82733813
278 1064 0.97402626 0.0032467542 3.82733813
278 1064 0.974302481 0.00324767494 3.82733813
278 1064 0.974041369 0.00324680456 3.82733813
278 1064 0.974176181 0.00324725394 3.82733813
278 1064 0.974146434 0.00324715478 3.82733813
278 1064 0.974108866 0.00324702955 3.82733813
278 1064 0.974272487 0.00324757496 3.82733813
278 1064 0.974067693 0.00324689231 3.82733813
278 1064 0.974184361 0.0032472812 3.82733813
277 1052 0.969723573 0.00323241191 3.79783394
277 1057 0.957448055 0.00319149352 3.81588448
277 1050 0.980709989 0.0032690333 3.79061372
277 1051 0.97672004 0.00325573347 3.79422383
277 1050 0.980913676 0.00326971225 3.79061372
277 1050 0.980582201 0.00326860734 3.79061372
277 1050 0.980859584 0.00326953195 3.79061372
277 1050 0.980717748 0.00326905916 3.79061372
277 1051 0.97702532 0.00325675107 3.79422383
277 1051 0.976913047 0.00325637682 3.79422383
276 1045 0.957300168 0.00319100056 3.78623188
276 1045 0.957505652 0.00319168551 3.78623188
276 1045 0.957441569 0.0031914719 3.78623188
276 1045 0.956982337 0.00318994112 3.78623188
276 1045 0.958127273 0.00319375758 3.78623188
276 1045 0.957109064 0.00319036355 3.78623188
276 1045 0.957037841 0.00319012614 3.78623188
276 1045 0.958077233 0.00319359078 3.78623188
276 1045 0.957041615 0.00319013872 3.78623188
276 1045 0.957716459 0.0031923882 3.78623188
275 1038 0.95314831 0.00317716103 3.77454545
275 1038 0.953952468 0.00317984156 3.77454545
275 1038 0.953133327 0.00317711109 3.77454545
275 1038 0.95414836 0.00318049453 3.77454545
275 1038 0.952353262 0.00317451087 3.77454545
275 1038 0.952860159 0.00317620053 3.77454545
275 1037 0.924831894 0.00308277298 3.77090909
275 1037 0.925474805 0.00308491602 3.77090909
275 1037 0.924675524 0.00308225175 3.77090909
275 1037 0.925310007 0.00308436669 3.77090909
274 1030 0.921523238 0.00307174413 3.75912409
274 1030 0.920865584 0.00306955195 3.75912409
274 1030 0.9215427 0.003071809 3.75912409
274 1030 0.921408267 0.00307136089 3.75912409
274 1030 0.921307537 0.00307102512 3.75912409
274 1030 0.921143309 0.0030704777 3.75912409
274 1030 0.92178383 0.00307261277 3.75912409
274 1029 0.916554301 0.003055181 3.75547445
274 1030 0.920673826 0.00306891275 3.75912409
274 1030 0.921705564 0.00307235188 3.75912409
273 1022 0.913365199 0.00304455066 3.74358974
273 1022 0.912554429 0.0030418481 3.74358974
273 1022 0.877461056 0.00292487019 3.74358974
273 1022 0.877139459 0.0029237982 3.74358974
273 1022 0.876964573 0.00292321524 3.74358974
273 1022 0.876978042 0.00292326014 3.74358974
273 1022 0.876928777 0.00292309592 3.74358974
273 1022 0.877358061 0.00292452687 3.74358974
273 1022 0.877352635 0.00292450878 3.74358974
273 1022 0.877296731 0.00292432244 3.74358974
272 1014 0.86838403 0.00289461343 3.72794118
272 1014 0.868742877 0.00289580959 3.72794118
272 1014 0.868298682 0.00289432894 3.72794118
272 1014 0.868690376 0.00289563459 3.72794118
272 1014 0.86918364 0.0028972788 3.72794118
272 1014 0.869114092 0.00289704697 3.72794118
272 1014 0.868991129 0.0028966371 3.72794118
272 1014 0.868474438 0.00289491479 3.72794118
272 1014 0.868761215 0.00289587072 3.72794118
272 1014 0.868376865 0.00289458955 3.72794118
271 1007 0.846801328 0.00282267109 3.71586716
271 1007 0.847012552 0.00282337517 3.71586716
271 1007 0.847305362 0.00282435121 3.71586716
271 1007 0.846997248 0.00282332416 3.71586716
271 1007 0.84724911 0.0028241637 3.71586716
271 1007 0.846823882 0.00282274627 3.71586716
271 1007 0.846903018 0.00282301006 3.71586716
271 1007 0.847269795 0.00282423265 3.71586716
271 1007 0.847031468 0.00282343823 3.71586716
271 1007 0.84680836 0.00282269453 3.71586716
270 1002 0.815675114 0.00271891705 3.71111111
270 994 0.819729787 0.00273243262 3.68148148
270 996 0.823731797 0.00274577266 3.68888889
270 1004 0.8057001 0.002685667 3.71851852
270 999 0.807407811 0.00269135937 3.7
270 999 0.842802932 0.00280934311 3.7
270 999 0.84125536 0.00280418453 3.7
270 999 0.844702591 0.0028156753 3.7
270 999 0.842198798 0.00280732933 3.7
270 999 0.807168663 0.00269056221 3.7
269 991 0.800113671 0.00266704557 3.68401487
269 991 0.800226843 0.00266742281 3.68401487
269 991 0.799937402 0.00266645801 3.68401487
269 991 0.799513304 0.00266504435 3.68401487
269 991 0.799868437 0.00266622812 3.68401487
269 991 0.799188482 0.00266396161 3.68401487
269 991 0.800204066 0.00266734689 3.68401487
269 991 0.799632926 0.00266544309 3.68401487
269 991 0.799856199 0.00266618733 3.68401487
269 991 0.799846775 0.00266615592 3.68401487
268 981 0.783509052 0.00261169684 3.66044776
268 981 0.784446994 0.00261482331 3.66044776
268 981 0.783326416 0.00261108805 3.66044776
268 981 0.783934065 0.00261311355 3.66044776
268 981 0.783995937 0.00261331979 3.66044776
268 981 0.783958095 0.00261319365 3.66044776
268 981 0.783636899 0.002612123 3.66044776
268 981 0.783932427 0.00261310809 3.66044776
268 981 0.784419022 0.00261473007 3.66044776
268 981 0.783969124 0.00261323041 3.66044776
267 974 0.759842347 0.00253280782 3.64794007
267 974 0.760490496 0.00253496832 3.64794007
267 974 0.759371517 0.00253123839 3.64794007
267 974 0.760968763 0.00253656254 3.64794007
267 974 0.760988606 0.00253662869 3.64794007
267 974 0.759838996 0.00253279665 3.64794007
267 974 0.759029271 0.00253009757 3.64794007
267 974 0.760446211 0.0025348207 3.64794007
267 974 0.759219754 0.00253073251 3.64794007
267 974 0.759987608 0.00253329203 3.64794007
266 962 0.709053124 0.00236351041 3.61654135
266 962 0.710516528 0.00236838843 3.61654135
266 962 0.709749084 0.00236583028 3.61654135
266 962 0.71264272 0.00237547573 3.61654135
266 962 0.710459329 0.00236819776 3.61654135
266 962 0.709761131 0.00236587044 3.61654135
266 962 0.709858619 0.0023661954 3.61654135
266 962 0.710563177 0.00236854392 3.61654135
266 962 0.710400337 0.00236800112 3.61654135
266 962 0.709105216 0.00236368405 3.61654135
265 958 0.661283765 0.00220427922 3.61509434
265 958 0.660598693 0.00220199564 3.61509434
265 958 0.660684236 0.00220228079 3.61509434
265 958 0.661546393 0.00220515464 3.61509434
265 958 0.660890194 0.00220296731 3.61509434
265 958 0.660870671 0.00220290224 3.61509434
265 958 0.661333375 0.00220444458 3.61509434
265 958 0.661545705 0.00220515235 3.61509434
265 958 0.661900762 0.00220633587 3.61509434
265 958 0.661339945 0.00220446648 3.61509434
264 950 0.606665968 0.00202221989 3.59848485
263 941 0.557383279 0.00185794426 3.57794677
263 942 0.583895668 0.00194631889 3.58174905
263 942 0.58497716 0.00194992387 3.58174905
263 942 0.584806114 0.00194935371 3.58174905
263 942 0.58342913 0.00194476377 3.58174905
263 942 0.58402241 0.00194674137 3.58174905
263 942 0.584142111 0.00194714037 3.58174905
263 942 0.583757568 0.00194585856 3.58174905
263 942 0.582997938 0.00194332646 3.58174905
262 938 0.538785028 0.00179595009 3.58015267
262 938 0.540547313 0.00180182438 3.58015267
262 938 0.537749952 0.00179249984 3.58015267
262 938 0.53868836 0.00179562787 3.58015267
262 938 0.539715809 0.0017990527 3.58015267
262 938 0.537675817 0.00179225272 3.58015267
262 938 0.537471397 0.00179157132 3.58015267
262 938 0.535893202 0.00178631067 3.58015267
262 938 0.536726149 0.00178908716 3.58015267
262 938 0.538074151 0.0017935805 3.58015267
261 927 0.506865536 0.00168955179 3.55172414
261 930 0.503293112 0.00167764371 3.56321839
261 923 0.527485441 0.0017582848 3.53639847
261 923 0.527638928 0.00175879643 3.53639847
261 923 0.526479329 0.0017549311 3.53639847
261 922 0.502967743 0.00167655914 3.53256705
261 923 0.527501754 0.00175833918 3.53639847
261 923 0.529678284 0.00176559428 3.53639847
261 923 0.525842586 0.00175280862 3.53639847
261 931 0.527911779 0.00175970593 3.56704981
260 919 0.485473219 0.00161824406 3.53461538
260 919 0.483528556 0.00161176185 3.53461538
260 919 0.484211996 0.00161403999 3.53461538
260 919 0.485672533 0.00161890844 3.53461538
260 919 0.484212356 0.00161404119 3.53461538
260 919 0.483564188 0.00161188063 3.53461538
260 919 0.484115553 0.00161371851 3.53461538
260 919 0.485613432 0.00161871144 3.53461538
260 919 0.484702878 0.00161567626 3.53461538
260 914 0.467395485 0.00155798495 3.51538462
259 910 0.427865762 0.00142621921 3.51351351
259 910 0.427252793 0.00142417598 3.51351351
259 910 0.42853419 0.0014284473 3.51351351
259 910 0.427762916 0.00142587639 3.51351351
259 910 0.4283306 0.00142776867 3.51351351
259 910 0.427542575 0.00142514192 3.51351351
259 910 0.428283367 0.00142761122 3.51351351
259 910 0.427356295 0.00142452098 3.51351351
259 910 0.427737616 0.00142579205 3.51351351
259 910 0.428030768 0.00142676923 3.51351351
258 901 0.383303893 0.00127767964 3.49224806
258 902 0.376551935 0.00125517312 3.49612403
258 902 0.376255194 0.00125418398 3.49612403
258 902 0.375986883 0.00125328961 3.49612403
258 902 0.37612481 0.00125374937 3.49612403
258 902 0.376137584 0.00125379195 3.49612403
258 902 0.376696208 0.00125565403 3.49612403
258 902 0.376520433 0.00125506811 3.49612403
258 902 0.376027517 0.00125342506 3.49612403
258 902 0.376728559 0.00125576186 3.49612403
257 893 0.333833793 0.00111277931 3.47470817
257 893 0.329901839 0.0010996728 3.47470817
257 893 0.331992727 0.00110664242 3.47470817
257 892 0.343239518 0.00114413173 3.47081712
257 888 0.322148882 0.00107382961 3.45525292
257 888 0.322150161 0.00107383387 3.45525292
257 888 0.321753187 0.00107251062 3.45525292
257 888 0.321852588 0.00107284196 3.45525292
257 888 0.321333307 0.00107111102 3.45525292
257 888 0.322680797 0.00107560266 3.45525292
256 879 0.28055478 0.000935182599 3.43359375
256 879 0.279803513 0.000932678378 3.43359375
256 879 0.279444773 0.000931482577 3.43359375
256 879 0.279872219 0.000932907398 3.43359375
256 879 0.28091442 0.0009363814 3.43359375
256 879 0.279236925 0.000930789751 3.43359375
256 879 0.281160214 0.000937200714 3.43359375
256 879 0.278608019 0.000928693397 3.43359375
SP does not find any fixed points -> SP does not converge.
I am sorry I quit :(
