START ALGORITHM:
I am going to build an instance with N: 300 variables and 1245 clauses with a clause density equal to 4.15
START BSP WITH r=0.9:
Decimation scorer: cert
END UNIT PROPAGATION
300 1245 2.66679984 0.00888933279 4.15
300 1245 2.66730897 0.00889102989 4.15
300 1245 2.66654698 0.00888848994 4.15
300 1245 2.66689958 0.00888966525 4.15
300 1245 2.66699565 0.00888998551 4.15
300 1245 2.66721504 0.00889071679 4.15
300 1245 2.66694049 0.00888980163 4.15
300 1245 2.66707904 0.00889026345 4.15
300 1245 2.66711218 0.00889037395 4.15
299 1241 2.66716355 0.00889054517 4.15050167
299 1241 2.66700643 0.00889002142 4.15050167
299 1241 2.66696328 0.00888987761 4.15050167
299 1241 2.66711898 0.0088903966 4.15050167
299 1241 2.6671482 0.008890494 4.15050167
299 1241 2.66707865 0.00889026215 4.15050167
299 1241 2.66703737 0.00889012455 4.15050167
299 1241 2.66713111 0.00889043702 4.15050167
299 1241 2.66717101 0.00889057003 4.15050167
299 1241 2.66710283 0.00889034276 4.15050167
298 1226 2.65100718 0.0088366906 4.11409396
298 1235 2.65601024 0.00885336745 4.1442953
298 1235 2.65614344 0.00885381146 4.1442953
298 1235 2.65626115 0.00885420384 4.1442953
298 1231 2.65959895 0.00886532984 4.13087248
298 1231 2.65961972 0.00886539906 4.13087248
298 1232 2.66262279 0.00887540929 4.13422819
298 1232 2.66250962 0.00887503206 4.13422819
298 1232 2.66259253 0.00887530844 4.13422819
298 1232 2.6624765 0.00887492165 4.13422819
297 1225 2.64862254 0.00882874181 4.12457912
297 1225 2.64863555 0.00882878516 4.12457912
297 1229 2.6550962 0.00885032067 4.13804714
297 1229 2.65525019 0.00885083398 4.13804714
297 1229 2.65529643 0.00885098808 4.13804714
297 1222 2.65528424 0.00885094747 4.11447811
297 1222 2.65527762 0.00885092539 4.11447811
297 1222 2.65525012 0.00885083374 4.11447811
297 1222 2.6552918 0.00885097268 4.11447811
297 1222 2.6550936 0.00885031201 4.11447811
296 1219 2.64783022 0.00882610074 4.11824324
296 1219 2.64808459 0.00882694864 4.11824324
296 1219 2.64795832 0.00882652775 4.11824324
296 1219 2.64796108 0.00882653694 4.11824324
296 1219 2.64789 0.00882630002 4.11824324
296 1219 2.64802689 0.0088267563 4.11824324
296 1219 2.64795479 0.00882651596 4.11824324
296 1219 2.64795837 0.0088265279 4.11824324
296 1219 2.64791188 0.00882637292 4.11824324
296 1219 2.64801884 0.00882672946 4.11824324
295 1209 2.63369949 0.0087789983 4.09830508
295 1211 2.63800766 0.00879335886 4.10508475
295 1211 2.63780377 0.00879267923 4.10508475
295 1214 2.63321222 0.00877737407 4.11525424
295 1214 2.63337698 0.00877792327 4.11525424
295 1209 2.63802059 0.00879340196 4.09830508
295 1209 2.63806457 0.00879354858 4.09830508
295 1209 2.63804809 0.00879349363 4.09830508
295 1209 2.63815371 0.00879384568 4.09830508
295 1209 2.63792229 0.00879307429 4.09830508
294 1202 2.62449231 0.00874830769 4.08843537
294 1206 2.63080772 0.00876935905 4.10204082
294 1206 2.63091024 0.00876970079 4.10204082
294 1206 2.63068466 0.00876894888 4.10204082
294 1206 2.63088649 0.00876962162 4.10204082
294 1206 2.63103253 0.00877010845 4.10204082
294 1206 2.63069828 0.00876899428 4.10204082
294 1206 2.63081385 0.00876937949 4.10204082
294 1206 2.63083532 0.00876945108 4.10204082
294 1206 2.6308835 0.00876961166 4.10204082
293 1199 2.61730213 0.00872434045 4.09215017
293 1199 2.61711996 0.00872373319 4.09215017
293 1199 2.61721577 0.00872405257 4.09215017
293 1200 2.62059841 0.00873532803 4.09556314
293 1195 2.61632626 0.00872108755 4.07849829
293 1195 2.61628355 0.00872094517 4.07849829
293 1195 2.61633628 0.00872112095 4.07849829
293 1195 2.61606087 0.0087202029 4.07849829
293 1195 2.61617771 0.00872059237 4.07849829
293 1195 2.61624437 0.00872081458 4.07849829
292 1189 2.61090392 0.00870301308 4.07191781
292 1189 2.610944 0.00870314668 4.07191781
292 1189 2.61073554 0.00870245178 4.07191781
292 1189 2.61074573 0.00870248577 4.07191781
292 1189 2.61081768 0.00870272559 4.07191781
292 1189 2.61061927 0.00870206424 4.07191781
292 1189 2.61086518 0.00870288394 4.07191781
292 1189 2.6104846 0.00870161535 4.07191781
292 1189 2.61054668 0.00870182225 4.07191781
292 1189 2.61078785 0.00870262617 4.07191781
291 1180 2.59176914 0.00863923045 4.05498282
291 1182 2.59793186 0.00865977285 4.06185567
291 1182 2.59777575 0.00865925251 4.06185567
291 1177 2.5984288 0.00866142935 4.04467354
291 1177 2.5983734 0.00866124467 4.04467354
291 1177 2.59836453 0.0086612151 4.04467354
291 1177 2.59832765 0.00866109215 4.04467354
291 1177 2.5980886 0.00866029534 4.04467354
291 1177 2.59804197 0.00866013989 4.04467354
291 1177 2.59821414 0.00866071382 4.04467354
290 1170 2.58551097 0.00861836991 4.03448276
290 1170 2.58524678 0.00861748926 4.03448276
290 1170 2.58543107 0.00861810358 4.03448276
290 1170 2.5856434 0.00861881132 4.03448276
290 1170 2.58531022 0.00861770073 4.03448276
290 1170 2.58536041 0.00861786805 4.03448276
290 1170 2.58538508 0.00861795027 4.03448276
290 1170 2.58550995 0.00861836649 4.03448276
290 1170 2.5855326 0.00861844199 4.03448276
290 1170 2.58579565 0.00861931884 4.03448276
289 1162 2.57256513 0.0085752171 4.02076125
289 1163 2.57223397 0.00857411323 4.02422145
289 1163 2.57196281 0.00857320935 4.02422145
289 1155 2.57284377 0.0085761459 3.99653979
289 1155 2.57267904 0.00857559681 3.99653979
289 1155 2.57278132 0.00857593772 3.99653979
289 1155 2.57252098 0.00857506993 3.99653979
289 1155 2.57273339 0.00857577797 3.99653979
289 1155 2.57274694 0.00857582314 3.99653979
289 1155 2.57277134 0.00857590447 3.99653979
288 1147 2.56044104 0.00853480347 3.98263889
288 1148 2.5600718 0.00853357267 3.98611111
288 1148 2.56010195 0.00853367317 3.98611111
288 1148 2.55988852 0.00853296173 3.98611111
288 1147 2.56041187 0.00853470622 3.98263889
288 1147 2.56044318 0.0085348106 3.98263889
288 1147 2.56037599 0.00853458662 3.98263889
288 1147 2.56035469 0.00853451564 3.98263889
288 1147 2.56051991 0.00853506637 3.98263889
288 1147 2.56042562 0.00853475206 3.98263889
287 1135 2.5376183 0.00845872768 3.95470383
287 1134 2.5468264 0.00848942134 3.95121951
287 1134 2.54673229 0.00848910765 3.95121951
287 1134 2.54668615 0.00848895384 3.95121951
287 1134 2.54673374 0.00848911248 3.95121951
287 1134 2.54691051 0.0084897017 3.95121951
287 1134 2.546652 0.00848883999 3.95121951
287 1134 2.5468581 0.00848952701 3.95121951
287 1140 2.54719352 0.00849064506 3.97212544
287 1140 2.54678461 0.00848928205 3.97212544
286 1131 2.5345617 0.00844853901 3.95454545
286 1131 2.53458108 0.0084486036 3.95454545
286 1133 2.53592351 0.00845307836 3.96153846
286 1136 2.53299392 0.00844331307 3.97202797
286 1136 2.5331803 0.00844393435 3.97202797
286 1136 2.53321452 0.00844404839 3.97202797
286 1136 2.53313862 0.00844379539 3.97202797
286 1136 2.53307422 0.00844358072 3.97202797
286 1136 2.53334704 0.00844449013 3.97202797
286 1136 2.53329526 0.00844431753 3.97202797
285 1121 2.52321668 0.00841072226 3.93333333
285 1121 2.52360841 0.00841202804 3.93333333
285 1121 2.52313072 0.00841043574 3.93333333
285 1121 2.52357601 0.00841192004 3.93333333
285 1121 2.52373901 0.00841246335 3.93333333
285 1121 2.52355378 0.00841184595 3.93333333
285 1121 2.52376479 0.0084125493 3.93333333
285 1121 2.52361353 0.0084120451 3.93333333
285 1121 2.52397434 0.00841324781 3.93333333
285 1121 2.5238007 0.00841266902 3.93333333
284 1112 2.50842645 0.0083614215 3.91549296
284 1112 2.50850039 0.00836166796 3.91549296
284 1109 2.50957265 0.00836524216 3.90492958
284 1117 2.51103992 0.00837013306 3.93309859
284 1117 2.5112163 0.008370721 3.93309859
284 1114 2.50944613 0.00836482045 3.92253521
284 1114 2.50933785 0.00836445949 3.92253521
284 1114 2.50941715 0.00836472384 3.92253521
284 1114 2.50935294 0.00836450981 3.92253521
284 1114 2.50886048 0.00836286828 3.92253521
283 1102 2.4956381 0.00831879366 3.89399293
283 1108 2.49916425 0.0083305475 3.91519435
283 1108 2.4990871 0.00833029032 3.91519435
283 1108 2.49900515 0.00833001718 3.91519435
283 1108 2.49907954 0.00833026513 3.91519435
283 1108 2.49927661 0.00833092203 3.91519435
283 1108 2.4988497 0.00832949901 3.91519435
283 1108 2.49917115 0.00833057052 3.91519435
283 1108 2.49891805 0.00832972683 3.91519435
283 1108 2.49905884 0.00833019613 3.91519435
282 1099 2.47886006 0.00826286687 3.89716312
282 1103 2.48028419 0.00826761396 3.91134752
282 1097 2.48588982 0.00828629941 3.89007092
282 1097 2.48611066 0.00828703553 3.89007092
282 1097 2.48624887 0.00828749625 3.89007092
282 1097 2.48637687 0.0082879229 3.89007092
282 1097 2.48634244 0.00828780814 3.89007092
282 1097 2.48631698 0.00828772328 3.89007092
282 1097 2.48592825 0.00828642749 3.89007092
282 1097 2.48621219 0.00828737397 3.89007092
281 1088 2.47113252 0.00823710841 3.87188612
281 1088 2.47064268 0.00823547561 3.87188612
281 1088 2.47094662 0.00823648873 3.87188612
281 1088 2.47086729 0.0082362243 3.87188612
281 1088 2.47098003 0.0082366001 3.87188612
281 1085 2.47294713 0.00824315711 3.86120996
281 1085 2.47290335 0.00824301117 3.86120996
281 1085 2.4730965 0.00824365501 3.86120996
281 1085 2.47294935 0.00824316451 3.86120996
281 1085 2.4731836 0.00824394532 3.86120996
280 1080 2.4521673 0.008173891 3.85714286
280 1080 2.45448298 0.00818160993 3.85714286
280 1080 2.45412435 0.00818041449 3.85714286
280 1080 2.45419168 0.00818063892 3.85714286
280 1080 2.45459009 0.00818196697 3.85714286
280 1080 2.45450305 0.00818167683 3.85714286
280 1080 2.45459042 0.00818196808 3.85714286
280 1076 2.45752138 0.00819173794 3.84285714
280 1076 2.45752017 0.0081917339 3.84285714
280 1077 2.44987041 0.00816623469 3.84642857
279 1068 2.44598535 0.00815328451 3.82795699
279 1068 2.4462302 0.00815410067 3.82795699
279 1068 2.44607634 0.00815358781 3.82795699
279 1068 2.44614284 0.00815380947 3.82795699
279 1068 2.44592999 0.00815309996 3.82795699
279 1068 2.44601909 0.00815339697 3.82795699
279 1068 2.44622418 0.00815408059 3.82795699
279 1068 2.44585388 0.00815284627 3.82795699
279 1068 2.44609164 0.0081536388 3.82795699
279 1068 2.44577376 0.0081525792 3.82795699
278 1058 2.42750578 0.00809168594 3.8057554
278 1063 2.43180738 0.00810602459 3.82374101
278 1063 2.4315982 0.00810532735 3.82374101
278 1063 2.43146932 0.00810489774 3.82374101
278 1063 2.43170826 0.00810569419 3.82374101
278 1063 2.43162473 0.00810541577 3.82374101
278 1063 2.43170304 0.00810567681 3.82374101
278 1063 2.43169665 0.00810565551 3.82374101
278 1063 2.43171431 0.00810571436 3.82374101
278 1063 2.431873 0.00810624332 3.82374101
277 1055 2.41708336 0.00805694455 3.80866426
277 1055 2.41720587 0.00805735289 3.80866426
277 1055 2.41678422 0.00805594741 3.80866426
277 1055 2.41709711 0.00805699035 3.80866426
277 1055 2.4174031 0.00805801033 3.80866426
277 1055 2.41713574 0.00805711912 3.80866426
277 1055 2.41726533 0.0080575511 3.80866426
277 1055 2.41717465 0.00805724882 3.80866426
277 1055 2.41728806 0.00805762687 3.80866426
277 1055 2.41733955 0.0080577985 3.80866426
276 1051 2.39818046 0.00799393487 3.80797101
276 1051 2.39807623 0.00799358743 3.80797101
276 1049 2.39820547 0.00799401823 3.80072464
276 1050 2.40110716 0.00800369052 3.80434783
276 1045 2.40163991 0.00800546636 3.78623188
276 1045 2.40163264 0.00800544214 3.78623188
276 1045 2.4014377 0.00800479234 3.78623188
276 1045 2.40126366 0.00800421219 3.78623188
276 1045 2.4015518 0.00800517266 3.78623188
276 1045 2.40158674 0.00800528914 3.78623188
275 1038 2.37935256 0.0079311752 3.77454545
275 1035 2.38108327 0.00793694422 3.76363636
275 1039 2.3836027 0.00794534234 3.77818182
275 1039 2.38388457 0.0079462819 3.77818182
275 1039 2.38349895 0.00794499649 3.77818182
275 1040 2.38638405 0.00795461349 3.78181818
275 1040 2.38663969 0.00795546562 3.78181818
275 1040 2.38650623 0.00795502076 3.78181818
275 1040 2.38653167 0.00795510558 3.78181818
275 1040 2.38622755 0.00795409185 3.78181818
274 1033 2.36570968 0.00788569893 3.77007299
274 1033 2.36506426 0.00788354752 3.77007299
274 1031 2.36517292 0.00788390974 3.76277372
274 1032 2.36734043 0.00789113475 3.76642336
274 1032 2.36733391 0.00789111302 3.76642336
274 1032 2.3669842 0.00788994735 3.76642336
274 1032 2.36684589 0.0078894863 3.76642336
274 1030 2.36600502 0.0078866834 3.75912409
274 1032 2.36711439 0.00789038132 3.76642336
274 1032 2.36719492 0.00789064973 3.76642336
273 1025 2.34946229 0.00783154096 3.75457875
273 1025 2.34933671 0.00783112238 3.75457875
273 1025 2.34922035 0.00783073452 3.75457875
273 1025 2.34953982 0.00783179939 3.75457875
273 1025 2.34961936 0.00783206452 3.75457875
273 1026 2.35008007 0.00783360022 3.75824176
273 1030 2.35353397 0.00784511323 3.77289377
273 1030 2.3538687 0.00784622898 3.77289377
273 1030 2.35360441 0.00784534803 3.77289377
273 1030 2.35380452 0.00784601507 3.77289377
272 1023 2.33098304 0.00776994348 3.76102941
271 1014 2.32149673 0.00773832242 3.74169742
271 1014 2.32107495 0.00773691649 3.74169742
271 1014 2.3210237 0.00773674568 3.74169742
271 1013 2.31989923 0.00773299745 3.73800738
271 1014 2.32129429 0.00773764762 3.74169742
271 1014 2.32123698 0.00773745661 3.74169742
271 1014 2.32129509 0.00773765031 3.74169742
271 1014 2.32133422 0.00773778074 3.74169742
271 1014 2.3211469 0.00773715634 3.74169742
270 1006 2.30281864 0.00767606212 3.72592593
270 1006 2.30284437 0.00767614792 3.72592593
270 1007 2.30608604 0.00768695345 3.72962963
270 1007 2.30642793 0.00768809311 3.72962963
270 1007 2.30616447 0.0076872149 3.72962963
270 1007 2.30593699 0.00768645662 3.72962963
270 1007 2.30635271 0.00768784236 3.72962963
270 1007 2.30617504 0.00768725013 3.72962963
270 1007 2.30633266 0.00768777552 3.72962963
270 1007 2.30622837 0.0076874279 3.72962963
269 998 2.28031749 0.00760105831 3.71003717
269 998 2.28826355 0.00762754516 3.71003717
269 998 2.28797702 0.00762659005 3.71003717
269 998 2.28833977 0.00762779923 3.71003717
269 998 2.28799865 0.00762666216 3.71003717
269 998 2.28774073 0.00762580243 3.71003717
269 1000 2.29036138 0.00763453792 3.71747212
269 1000 2.29034511 0.00763448369 3.71747212
269 1000 2.29009023 0.0076336341 3.71747212
269 1000 2.29048028 0.00763493427 3.71747212
268 990 2.28068267 0.00760227557 3.69402985
268 990 2.28091267 0.00760304224 3.69402985
268 990 2.28037981 0.00760126605 3.69402985
268 987 2.27036981 0.00756789936 3.68283582
268 987 2.27017531 0.00756725102 3.68283582
268 987 2.27046047 0.00756820158 3.68283582
268 984 2.27805065 0.00759350217 3.67164179
267 980 2.266664 0.00755554667 3.67041199
267 980 2.2667056 0.00755568533 3.67041199
267 980 2.26692342 0.0075564114 3.67041199
266 972 2.24944662 0.00749815539 3.65413534
266 972 2.24975644 0.00749918812 3.65413534
266 970 2.24710709 0.00749035698 3.64661654
266 970 2.24719238 0.00749064126 3.64661654
266 970 2.247371 0.00749123666 3.64661654
266 970 2.24739551 0.00749131837 3.64661654
266 972 2.24954406 0.00749848021 3.65413534
266 972 2.24932752 0.00749775839 3.65413534
266 972 2.24972152 0.00749907173 3.65413534
266 972 2.24938305 0.00749794349 3.65413534
265 963 2.23259151 0.00744197169 3.63396226
265 963 2.23232704 0.00744109012 3.63396226
265 963 2.23226144 0.00744087147 3.63396226
265 965 2.22224588 0.00740748626 3.64150943
265 965 2.2218601 0.00740620033 3.64150943
265 971 2.23198301 0.00743994338 3.66415094
265 970 2.23303445 0.00744344817 3.66037736
265 970 2.2333431 0.00744447702 3.66037736
265 970 2.23297822 0.00744326072 3.66037736
265 968 2.23133526 0.00743778421 3.65283019
264 963 2.22204672 0.00740682241 3.64772727
264 963 2.22231134 0.00740770446 3.64772727
264 963 2.2219909 0.00740663634 3.64772727
264 963 2.22154657 0.00740515525 3.64772727
264 963 2.22192169 0.00740640564 3.64772727
264 963 2.22241866 0.00740806219 3.64772727
264 963 2.22175874 0.00740586246 3.64772727
264 963 2.22175497 0.00740584989 3.64772727
264 963 2.22225101 0.00740750335 3.64772727
264 963 2.22224837 0.00740749456 3.64772727
263 959 2.1964667 0.00732155567 3.64638783
263 953 2.20697953 0.00735659842 3.62357414
263 953 2.20680488 0.00735601628 3.62357414
263 953 2.20702756 0.00735675854 3.62357414
263 953 2.20730371 0.00735767904 3.62357414
263 953 2.20708955 0.00735696516 3.62357414
263 953 2.20728999 0.00735763331 3.62357414
263 953 2.20738731 0.0073579577 3.62357414
263 953 2.20704497 0.00735681658 3.62357414
263 953 2.20694543 0.00735648476 3.62357414
262 944 2.1826959 0.00727565301 3.60305344
262 944 2.18263195 0.00727543983 3.60305344
262 944 2.19039987 0.00730133288 3.60305344
262 944 2.19047762 0.00730159206 3.60305344
262 944 2.19022889 0.00730076298 3.60305344
262 944 2.19061331 0.00730204437 3.60305344
262 944 2.19005 0.00730016667 3.60305344
262 944 2.19053115 0.00730177049 3.60305344
262 944 2.19034747 0.00730115824 3.60305344
262 944 2.19035618 0.00730118728 3.60305344
261 940 2.16542507 0.00721808358 3.60153257
261 937 2.16830052 0.0072276684 3.59003831
261 940 2.16957344 0.00723191148 3.60153257
261 940 2.16956771 0.00723189237 3.60153257
261 940 2.16947038 0.00723156793 3.60153257
261 940 2.16963003 0.0072321001 3.60153257
261 936 2.17276691 0.00724255636 3.5862069
261 936 2.17243384 0.00724144613 3.5862069
261 936 2.17284876 0.00724282919 3.5862069
261 936 2.17248374 0.00724161247 3.5862069
260 928 2.15248056 0.0071749352 3.56923077
260 928 2.15212343 0.00717374477 3.56923077
260 928 2.15237263 0.00717457544 3.56923077
260 928 2.15192034 0.0071730678 3.56923077
260 928 2.152548 0.00717516 3.56923077
260 928 2.15211584 0.00717371945 3.56923077
260 928 2.15197899 0.0071732633 3.56923077
260 928 2.15225868 0.00717419559 3.56923077
260 928 2.15202587 0.00717341957 3.56923077
260 928 2.15195379 0.0071731793 3.56923077
259 924 2.12823357 0.00709411191 3.56756757
259 924 2.12801798 0.00709339326 3.56756757
259 921 2.13108031 0.00710360105 3.55598456
259 921 2.1306963 0.00710232099 3.55598456
259 921 2.13097318 0.00710324392 3.55598456
259 921 2.13096442 0.00710321474 3.55598456
259 921 2.13078046 0.00710260152 3.55598456
259 921 2.13059259 0.00710197531 3.55598456
259 921 2.13095214 0.0071031738 3.55598456
259 921 2.13078705 0.0071026235 3.55598456
258 917 2.10982415 0.00703274715 3.55426357
258 917 2.10970613 0.00703235378 3.55426357
258 917 2.11000813 0.00703336044 3.55426357
258 917 2.10979347 0.0070326449 3.55426357
258 917 2.10968342 0.00703227808 3.55426357
258 917 2.10918177 0.0070306059 3.55426357
258 917 2.10936707 0.00703122356 3.55426357
258 917 2.1096228 0.00703207599 3.55426357
258 917 2.10970248 0.00703234161 3.55426357
258 917 2.10956692 0.00703188972 3.55426357
257 912 2.08405812 0.00694686041 3.54863813
257 912 2.08366686 0.0069455562 3.54863813
257 912 2.08430413 0.00694768044 3.54863813
257 912 2.08397034 0.00694656781 3.54863813
257 909 2.0827986 0.00694266199 3.53696498
256 897 2.07349966 0.00691166552 3.50390625
256 897 2.07373249 0.00691244164 3.50390625
256 897 2.07362146 0.00691207152 3.50390625
256 892 2.07502529 0.00691675098 3.484375
256 892 2.07504035 0.00691680117 3.484375
255 889 2.04798463 0.00682661543 3.48627451
255 887 2.04815905 0.00682719684 3.47843137
255 889 2.0514111 0.006838037 3.48627451
255 889 2.05132471 0.00683774905 3.48627451
255 888 2.05185334 0.00683951112 3.48235294
255 888 2.05172231 0.00683907435 3.48235294
255 888 2.05177152 0.00683923839 3.48235294
255 888 2.05146674 0.00683822248 3.48235294
255 888 2.05185425 0.00683951416 3.48235294
255 888 2.05155311 0.00683851037 3.48235294
254 885 2.02823613 0.0067607871 3.48425197
254 885 2.02782648 0.00675942161 3.48425197
254 885 2.02796811 0.0067598937 3.48425197
254 885 2.02812473 0.00676041578 3.48425197
254 885 2.02803 0.00676009999 3.48425197
254 883 2.0251668 0.00675055599 3.47637795
254 882 2.02880974 0.00676269912 3.47244094
254 882 2.02836149 0.00676120496 3.47244094
254 882 2.02804994 0.00676016648 3.47244094
254 884 2.0314345 0.00677144832 3.48031496
253 878 2.01075632 0.00670252108 3.47035573
253 878 2.01046734 0.0067015578 3.47035573
253 878 2.01040982 0.00670136607 3.47035573
253 878 2.01068534 0.00670228447 3.47035573
253 878 2.01069216 0.0067023072 3.47035573
253 878 2.01041897 0.00670139657 3.47035573
253 881 2.00734565 0.00669115218 3.48221344
253 881 2.00722406 0.00669074687 3.48221344
253 878 2.01031931 0.00670106435 3.47035573
253 878 2.01022427 0.00670074758 3.47035573
252 875 1.98764563 0.00662548543 3.47222222
252 875 1.98729472 0.00662431572 3.47222222
252 875 1.98703266 0.0066234422 3.47222222
252 875 1.98728221 0.00662427403 3.47222222
252 875 1.98732483 0.0066244161 3.47222222
252 875 1.98769697 0.00662565658 3.47222222
252 875 1.98721543 0.00662405142 3.47222222
252 875 1.98730296 0.00662434319 3.47222222
252 875 1.98734295 0.00662447648 3.47222222
252 875 1.98754366 0.00662514553 3.47222222
251 868 1.9532892 0.00651096402 3.45816733
251 870 1.96097711 0.00653659036 3.46613546
251 870 1.96402563 0.00654675209 3.46613546
251 870 1.96406323 0.00654687742 3.46613546
251 871 1.97829216 0.00659430721 3.47011952
251 871 1.97871037 0.00659570125 3.47011952
251 871 1.97858174 0.00659527245 3.47011952
251 871 1.97838584 0.00659461947 3.47011952
251 871 1.97824651 0.00659415503 3.47011952
251 871 1.97840896 0.00659469655 3.47011952
250 870 1.95389829 0.0065129943 3.48
250 868 1.95488059 0.00651626863 3.472
250 868 1.9565468 0.00652182268 3.472
250 868 1.95596542 0.00651988474 3.472
250 868 1.95613884 0.00652046279 3.472
250 868 1.95598402 0.00651994673 3.472
250 868 1.9562964 0.00652098798 3.472
250 868 1.95603703 0.00652012343 3.472
250 868 1.95576994 0.00651923313 3.472
250 868 1.95572673 0.00651908909 3.472
249 863 1.93088061 0.00643626871 3.46586345
249 867 1.93168966 0.00643896552 3.48192771
249 867 1.93161177 0.0064387059 3.48192771
249 867 1.93155985 0.00643853282 3.48192771
249 867 1.93213874 0.00644046247 3.48192771
249 867 1.93135786 0.00643785955 3.48192771
249 867 1.9316767 0.00643892233 3.48192771
249 867 1.93157001 0.0064385667 3.48192771
249 867 1.93137458 0.00643791527 3.48192771
249 867 1.93221669 0.00644072229 3.48192771
248 863 1.89564227 0.00631880756 3.47983871
248 860 1.90057661 0.00633525536 3.46774194
248 862 1.90867782 0.00636225941 3.47580645
248 858 1.90977663 0.00636592211 3.45967742
248 858 1.90995126 0.00636650421 3.45967742
248 858 1.90984845 0.00636616149 3.45967742
248 862 1.90926128 0.00636420426 3.47580645
248 862 1.90915455 0.00636384851 3.47580645
248 862 1.90977115 0.00636590383 3.47580645
248 858 1.90991704 0.00636639014 3.45967742
247 857 1.88877943 0.00629593143 3.46963563
247 857 1.88881906 0.00629606352 3.46963563
247 857 1.88850906 0.0062950302 3.46963563
247 857 1.88857266 0.00629524221 3.46963563
247 857 1.88839783 0.00629465945 3.46963563
247 857 1.88883801 0.0062961267 3.46963563
247 857 1.8877352 0.00629245066 3.46963563
247 857 1.88886321 0.00629621069 3.46963563
247 857 1.88850286 0.00629500953 3.46963563
247 857 1.88866405 0.00629554682 3.46963563
246 854 1.86606853 0.00622022845 3.47154472
246 854 1.86604101 0.00622013671 3.47154472
246 854 1.86531999 0.00621773329 3.47154472
246 851 1.85381722 0.00617939075 3.45934959
245 848 1.8452152 0.00615071733 3.46122449
245 848 1.84522668 0.00615075561 3.46122449
245 848 1.84533198 0.00615110659 3.46122449
245 848 1.84529526 0.00615098422 3.46122449
245 848 1.84533142 0.00615110473 3.46122449
245 848 1.84491038 0.00614970127 3.46122449
244 843 1.82185605 0.00607285351 3.45491803
244 843 1.82265937 0.00607553125 3.45491803
244 843 1.82238093 0.0060746031 3.45491803
244 843 1.82239136 0.00607463788 3.45491803
244 843 1.82246309 0.00607487698 3.45491803
244 841 1.81602066 0.00605340221 3.44672131
244 837 1.82169233 0.00607230775 3.43032787
244 841 1.82209514 0.00607365048 3.44672131
244 841 1.82258434 0.00607528113 3.44672131
244 841 1.82208698 0.00607362327 3.44672131
243 836 1.8016158 0.006005386 3.44032922
243 836 1.80152529 0.00600508429 3.44032922
242 831 1.78799507 0.00595998356 3.4338843
242 831 1.78753263 0.00595844209 3.4338843
242 832 1.78798156 0.00595993852 3.43801653
242 830 1.7865134 0.00595504466 3.42975207
242 830 1.78656732 0.0059552244 3.42975207
242 830 1.78637264 0.00595457548 3.42975207
242 830 1.78650204 0.0059550068 3.42975207
242 830 1.78652624 0.00595508748 3.42975207
241 826 1.76865745 0.00589552483 3.42738589
241 826 1.76873442 0.00589578139 3.42738589
241 826 1.76872151 0.00589573837 3.42738589
241 826 1.76881458 0.00589604859 3.42738589
241 826 1.76838159 0.00589460531 3.42738589
241 826 1.76850519 0.0058950173 3.42738589
241 826 1.76864159 0.00589547196 3.42738589
241 826 1.76855133 0.00589517111 3.42738589
241 826 1.7684127 0.005894709 3.42738589
241 826 1.76841768 0.00589472562 3.42738589
240 819 1.74403464 0.0058134488 3.4125
239 814 1.71803883 0.00572679609 3.40585774
239 811 1.72183867 0.00573946225 3.39330544
239 814 1.72061983 0.00573539942 3.40585774
239 811 1.72176067 0.00573920222 3.39330544
239 811 1.72218232 0.00574060772 3.39330544
239 811 1.72192764 0.0057397588 3.39330544
239 811 1.72217873 0.00574059578 3.39330544
239 811 1.72128194 0.00573760648 3.39330544
239 811 1.72212601 0.00574042003 3.39330544
238 806 1.69967508 0.00566558362 3.38655462
238 806 1.69989983 0.00566633276 3.38655462
238 806 1.70019912 0.00566733042 3.38655462
238 806 1.69954346 0.00566514485 3.38655462
238 806 1.69952421 0.00566508069 3.38655462
238 806 1.70001633 0.00566672111 3.38655462
238 806 1.70005307 0.00566684355 3.38655462
238 806 1.69951961 0.00566506538 3.38655462
238 806 1.69899441 0.0056633147 3.38655462
238 806 1.69995351 0.00566651171 3.38655462
237 801 1.66777702 0.00555925674 3.37974684
236 794 1.66306462 0.00554354872 3.36440678
236 794 1.66279196 0.00554263987 3.36440678
236 794 1.66294664 0.00554315547 3.36440678
236 794 1.66320283 0.00554400944 3.36440678
236 794 1.66288389 0.00554294631 3.36440678
236 794 1.66271744 0.00554239145 3.36440678
236 794 1.66310784 0.00554369281 3.36440678
236 794 1.6627787 0.00554259568 3.36440678
236 794 1.66243276 0.00554144254 3.36440678
235 783 1.6265844 0.00542194801 3.33191489
235 788 1.62664736 0.00542215785 3.35319149
235 788 1.62705961 0.00542353204 3.35319149
235 788 1.62680909 0.00542269696 3.35319149
235 788 1.62675912 0.00542253039 3.35319149
235 788 1.62674168 0.00542247227 3.35319149
235 788 1.62676956 0.00542256519 3.35319149
235 788 1.62730824 0.00542436081 3.35319149
235 788 1.62666419 0.00542221396 3.35319149
235 788 1.6267407 0.00542246901 3.35319149
234 777 1.59125719 0.00530419062 3.32051282
234 777 1.59158328 0.00530527759 3.32051282
234 783 1.60440836 0.00534802788 3.34615385
234 785 1.61128145 0.00537093816 3.35470085
234 785 1.61948244 0.00539827481 3.35470085
234 785 1.61968496 0.00539894987 3.35470085
233 777 1.59912638 0.00533042126 3.33476395
233 777 1.5990845 0.00533028166 3.33476395
233 777 1.59879007 0.00532930023 3.33476395
233 777 1.59891527 0.00532971755 3.33476395
232 766 1.56709544 0.00522365145 3.30172414
232 767 1.56929693 0.00523098976 3.30603448
232 767 1.56856559 0.00522855195 3.30603448
232 771 1.57502471 0.00525008238 3.32327586
232 769 1.59126582 0.00530421939 3.31465517
232 769 1.59190391 0.00530634635 3.31465517
232 769 1.59188148 0.00530627158 3.31465517
232 772 1.57876735 0.00526255783 3.32758621
232 772 1.57875508 0.00526251693 3.32758621
232 772 1.57814247 0.00526047491 3.32758621
231 768 1.55143042 0.00517143472 3.32467532
231 766 1.556943 0.00518981001 3.31601732
231 768 1.574768 0.00524922666 3.32467532
231 768 1.57481422 0.00524938073 3.32467532
231 768 1.57441787 0.00524805956 3.32467532
231 765 1.56319386 0.00521064619 3.31168831
231 765 1.56290182 0.00520967275 3.31168831
230 760 1.55959186 0.00519863953 3.30434783
230 760 1.55958416 0.00519861388 3.30434783
230 760 1.5595475 0.00519849167 3.30434783
229 754 1.53923014 0.00513076714 3.29257642
229 754 1.53942011 0.00513140037 3.29257642
229 754 1.53943867 0.00513146223 3.29257642
229 754 1.53898593 0.00512995309 3.29257642
229 754 1.53903503 0.00513011678 3.29257642
229 754 1.53948454 0.00513161512 3.29257642
229 754 1.53934295 0.00513114315 3.29257642
229 754 1.53901777 0.00513005923 3.29257642
229 754 1.5391106 0.00513036865 3.29257642
229 754 1.53976026 0.0051325342 3.29257642
228 750 1.51316187 0.0050438729 3.28947368
228 750 1.51305958 0.00504353193 3.28947368
228 750 1.51300534 0.00504335115 3.28947368
228 750 1.51100338 0.00503667793 3.28947368
228 750 1.51086262 0.00503620873 3.28947368
228 750 1.51075192 0.00503583973 3.28947368
228 750 1.51124019 0.0050374673 3.28947368
228 749 1.5176642 0.00505888066 3.28508772
228 749 1.51725203 0.00505750676 3.28508772
228 749 1.51756826 0.00505856086 3.28508772
227 745 1.47926526 0.0049308842 3.28193833
227 745 1.49147563 0.00497158542 3.28193833
227 745 1.49050556 0.00496835187 3.28193833
227 745 1.49089847 0.00496966156 3.28193833
227 745 1.49045956 0.00496819853 3.28193833
227 745 1.49046253 0.00496820843 3.28193833
227 745 1.49027803 0.00496759344 3.28193833
227 745 1.49072291 0.00496907637 3.28193833
227 745 1.4906316 0.00496877199 3.28193833
227 745 1.49042563 0.00496808542 3.28193833
226 743 1.45218655 0.00484062185 3.28761062
226 735 1.45761604 0.00485872013 3.25221239
226 735 1.45719373 0.00485731245 3.25221239
226 737 1.46864897 0.00489549657 3.26106195
226 737 1.46782144 0.00489273813 3.26106195
226 737 1.46836819 0.00489456064 3.26106195
226 737 1.46796358 0.00489321195 3.26106195
226 737 1.46839145 0.00489463818 3.26106195
226 737 1.4677728 0.00489257599 3.26106195
226 737 1.46767905 0.00489226351 3.26106195
225 733 1.43944026 0.00479813419 3.25777778
225 733 1.44488473 0.00481628244 3.25777778
225 733 1.44518333 0.00481727775 3.25777778
225 733 1.4448778 0.00481625933 3.25777778
225 733 1.44518228 0.00481727425 3.25777778
225 733 1.44583683 0.00481945609 3.25777778
225 733 1.445033 0.00481677667 3.25777778
225 733 1.44526243 0.00481754144 3.25777778
225 733 1.44511236 0.0048170412 3.25777778
225 733 1.44630762 0.0048210254 3.25777778
224 727 1.4030536 0.00467684535 3.24553571
224 727 1.4184348 0.00472811602 3.24553571
224 727 1.41826153 0.00472753842 3.24553571
224 727 1.41879956 0.00472933186 3.24553571
224 727 1.41854822 0.00472849406 3.24553571
224 727 1.41843998 0.00472813326 3.24553571
224 727 1.4179765 0.00472658834 3.24553571
224 727 1.41833953 0.00472779843 3.24553571
224 727 1.41804113 0.00472680377 3.24553571
224 727 1.41878092 0.00472926972 3.24553571
223 717 1.38569774 0.00461899245 3.21524664
223 722 1.38811567 0.00462705224 3.23766816
223 722 1.38819603 0.00462732009 3.23766816
223 721 1.38046525 0.00460155083 3.23318386
223 723 1.38150168 0.00460500561 3.24215247
223 723 1.3813123 0.00460437434 3.24215247
223 723 1.38104369 0.00460347897 3.24215247
223 722 1.39171897 0.00463906323 3.23766816
223 720 1.37780428 0.00459268094 3.22869955
222 716 1.37778193 0.00459260643 3.22522523
221 709 1.34116168 0.00447053895 3.2081448
221 710 1.35112823 0.00450376077 3.21266968
221 710 1.35106144 0.00450353813 3.21266968
221 709 1.35547759 0.00451825864 3.2081448
221 709 1.35495927 0.00451653091 3.2081448
221 709 1.35483724 0.00451612413 3.2081448
221 712 1.35362452 0.00451208172 3.22171946
221 712 1.35365644 0.00451218814 3.22171946
221 712 1.3539557 0.00451318566 3.22171946
221 712 1.35383243 0.00451277478 3.22171946
220 707 1.32121417 0.00440404725 3.21363636
220 704 1.30675403 0.00435584677 3.2
220 704 1.32759818 0.00442532728 3.2
220 704 1.32839056 0.00442796852 3.2
220 704 1.32773555 0.00442578517 3.2
220 704 1.32729158 0.00442430527 3.2
220 704 1.32761216 0.00442537386 3.2
220 704 1.32800354 0.00442667846 3.2
220 704 1.32697928 0.00442326427 3.2
220 701 1.3288717 0.00442957232 3.18636364
219 691 1.2999612 0.00433320401 3.15525114
219 692 1.31060618 0.00436868726 3.15981735
218 688 1.29221062 0.00430736874 3.1559633
218 686 1.27690536 0.0042563512 3.14678899
218 686 1.27187526 0.0042395842 3.14678899
218 686 1.27190949 0.00423969829 3.14678899
218 687 1.28285933 0.00427619778 3.15137615
218 687 1.28344993 0.00427816643 3.15137615
218 689 1.29409936 0.00431366455 3.16055046
218 685 1.28777863 0.00429259543 3.14220183
217 679 1.27660217 0.00425534056 3.12903226
217 679 1.27630493 0.00425434977 3.12903226
217 679 1.27591627 0.00425305424 3.12903226
217 679 1.27655592 0.0042551864 3.12903226
217 679 1.27659259 0.00425530862 3.12903226
217 679 1.27685328 0.0042561776 3.12903226
217 679 1.27651564 0.00425505214 3.12903226
217 679 1.27703818 0.00425679392 3.12903226
217 679 1.2761664 0.004253888 3.12903226
217 680 1.26755831 0.00422519438 3.13364055
216 675 1.24511804 0.00415039346 3.125
216 672 1.26721225 0.00422404082 3.11111111
216 672 1.26705637 0.00422352122 3.11111111
216 672 1.26700357 0.00422334523 3.11111111
216 672 1.26722625 0.00422408751 3.11111111
216 672 1.26724932 0.00422416439 3.11111111
216 672 1.26726522 0.00422421739 3.11111111
216 672 1.26702582 0.00422341941 3.11111111
216 672 1.26714339 0.00422381132 3.11111111
216 672 1.26707954 0.00422359845 3.11111111
215 666 1.24874224 0.00416247414 3.09767442
215 666 1.24754578 0.00415848595 3.09767442
215 666 1.24836375 0.00416121252 3.09767442
215 666 1.2489903 0.004163301 3.09767442
215 666 1.24878427 0.00416261422 3.09767442
215 666 1.24827514 0.00416091714 3.09767442
215 666 1.24865564 0.00416218547 3.09767442
215 666 1.24880295 0.0041626765 3.09767442
215 666 1.24822737 0.0041607579 3.09767442
215 666 1.24863546 0.00416211821 3.09767442
214 659 1.21786823 0.00405956077 3.07943925
214 660 1.22383214 0.00407944047 3.08411215
214 660 1.22382637 0.00407942123 3.08411215
214 659 1.22605574 0.00408685247 3.07943925
214 659 1.22538247 0.00408460823 3.07943925
214 661 1.2270339 0.004090113 3.08878505
214 661 1.22734808 0.00409116026 3.08878505
214 661 1.22725334 0.00409084446 3.08878505
214 661 1.2273913 0.00409130432 3.08878505
214 661 1.2272645 0.00409088168 3.08878505
213 653 1.20324095 0.00401080315 3.0657277
213 653 1.20366109 0.00401220362 3.0657277
213 657 1.20525884 0.00401752948 3.08450704
213 657 1.20473907 0.00401579689 3.08450704
213 655 1.20409696 0.00401365655 3.07511737
213 655 1.20346187 0.00401153957 3.07511737
213 655 1.20380817 0.0040126939 3.07511737
213 657 1.20460309 0.00401534362 3.08450704
213 657 1.20467455 0.00401558185 3.08450704
213 657 1.20462769 0.00401542564 3.08450704
212 649 1.17982905 0.00393276351 3.06132075
212 649 1.17990242 0.00393300807 3.06132075
212 651 1.18199724 0.00393999081 3.07075472
212 650 1.18193055 0.00393976851 3.06603774
212 650 1.18241712 0.00394139041 3.06603774
212 650 1.18224691 0.00394082304 3.06603774
212 650 1.18208214 0.0039402738 3.06603774
212 650 1.18199247 0.00393997488 3.06603774
212 650 1.18190352 0.0039396784 3.06603774
212 650 1.18152175 0.00393840585 3.06603774
211 643 1.15253207 0.00384177358 3.04739336
211 642 1.15738434 0.00385794779 3.04265403
211 642 1.15686338 0.00385621125 3.04265403
211 642 1.15736027 0.00385786756 3.04265403
211 642 1.15745998 0.00385819993 3.04265403
211 642 1.15752992 0.00385843308 3.04265403
211 642 1.15747391 0.00385824638 3.04265403
211 644 1.15944803 0.00386482675 3.0521327
211 644 1.16027549 0.00386758497 3.0521327
211 644 1.16036834 0.00386789446 3.0521327
210 636 1.13450593 0.00378168642 3.02857143
210 636 1.13435183 0.00378117277 3.02857143
210 636 1.135164 0.00378388001 3.02857143
210 636 1.13518118 0.00378393727 3.02857143
210 636 1.13496451 0.00378321502 3.02857143
210 636 1.13524287 0.00378414291 3.02857143
210 636 1.13482009 0.00378273364 3.02857143
210 636 1.13528825 0.00378429418 3.02857143
210 636 1.13472532 0.00378241772 3.02857143
210 636 1.13472485 0.00378241616 3.02857143
209 629 1.10650719 0.00368835732 3.00956938
209 629 1.10531389 0.00368437962 3.00956938
209 629 1.10591123 0.00368637078 3.00956938
209 629 1.10634472 0.00368781574 3.00956938
209 629 1.10949504 0.00369831679 3.00956938
209 629 1.10840207 0.00369467358 3.00956938
209 629 1.10903291 0.00369677636 3.00956938
209 629 1.10916879 0.0036972293 3.00956938
209 629 1.10942453 0.00369808176 3.00956938
209 629 1.10908609 0.00369695362 3.00956938
208 625 1.07352232 0.00357840772 3.00480769
208 622 1.08063641 0.00360212136 2.99038462
208 622 1.0804811 0.00360160365 2.99038462
208 622 1.08033334 0.00360111112 2.99038462
208 622 1.0797792 0.00359926398 2.99038462
208 622 1.08042907 0.00360143024 2.99038462
208 622 1.08069305 0.00360231016 2.99038462
208 622 1.08026198 0.00360087327 2.99038462
208 622 1.08029674 0.00360098912 2.99038462
208 622 1.08042396 0.00360141318 2.99038462
207 617 1.04929443 0.00349764811 2.98067633
207 619 1.04665595 0.00348885317 2.99033816
207 619 1.04682659 0.00348942196 2.99033816
207 619 1.04577385 0.00348591284 2.99033816
207 619 1.04662102 0.00348873675 2.99033816
207 619 1.04704513 0.00349015042 2.99033816
207 612 1.05291987 0.00350973291 2.95652174
207 612 1.05274638 0.0035091546 2.95652174
207 612 1.05339724 0.00351132414 2.95652174
207 612 1.05290109 0.00350967029 2.95652174
206 610 1.019659 0.00339886334 2.96116505
206 610 1.01875545 0.00339585149 2.96116505
206 610 1.01915296 0.00339717655 2.96116505
206 607 1.02065608 0.00340218694 2.94660194
206 607 1.0205582 0.00340186067 2.94660194
206 607 1.02018963 0.00340063209 2.94660194
206 609 1.019348 0.00339782667 2.95631068
206 609 1.01884486 0.00339614952 2.95631068
206 609 1.01919435 0.00339731449 2.95631068
206 609 1.019174 0.00339724665 2.95631068
205 600 0.97510375 0.00325034583 2.92682927
205 606 0.983010951 0.00327670317 2.95609756
205 605 0.982738821 0.00327579607 2.95121951
205 605 0.98517206 0.00328390687 2.95121951
205 604 1.00099916 0.00333666388 2.94634146
205 604 1.0013883 0.003337961 2.94634146
205 604 1.00127739 0.00333759131 2.94634146
205 604 1.00094463 0.00333648209 2.94634146
205 604 0.999989283 0.00333329761 2.94634146
205 604 1.00044268 0.00333480893 2.94634146
204 599 0.965684363 0.00321894788 2.93627451
204 601 0.966633042 0.00322211014 2.94607843
204 601 0.967174241 0.00322391414 2.94607843
204 601 0.967104605 0.00322368202 2.94607843
204 601 0.966715148 0.00322238383 2.94607843
204 601 0.966601868 0.00322200623 2.94607843
204 601 0.967204122 0.00322401374 2.94607843
204 601 0.966653709 0.00322217903 2.94607843
204 601 0.966871846 0.00322290615 2.94607843
204 601 0.966929361 0.00322309787 2.94607843
203 598 0.928938467 0.00309646156 2.94581281
203 595 0.927864893 0.00309288298 2.93103448
203 595 0.927356216 0.00309118739 2.93103448
203 595 0.927880823 0.00309293608 2.93103448
203 595 0.927640344 0.00309213448 2.93103448
203 591 0.957573882 0.00319191294 2.91133005
203 591 0.957144492 0.00319048164 2.91133005
203 591 0.957573947 0.00319191316 2.91133005
203 591 0.957272683 0.00319090894 2.91133005
203 591 0.957746699 0.003192489 2.91133005
202 587 0.917876241 0.00305958747 2.90594059
202 587 0.922271686 0.00307423895 2.90594059
202 582 0.9119022 0.003039674 2.88118812
202 589 0.914829554 0.00304943185 2.91584158
202 589 0.914615001 0.00304871667 2.91584158
202 589 0.914864115 0.00304954705 2.91584158
202 589 0.915283602 0.00305094534 2.91584158
202 589 0.914767493 0.00304922498 2.91584158
202 589 0.914990168 0.00304996723 2.91584158
202 589 0.913851438 0.00304617146 2.91584158
201 584 0.877242641 0.00292414214 2.90547264
201 587 0.886648804 0.00295549601 2.92039801
201 587 0.886625463 0.00295541821 2.92039801
201 587 0.886849113 0.00295616371 2.92039801
201 587 0.88702363 0.00295674543 2.92039801
201 587 0.88659786 0.0029553262 2.92039801
201 580 0.887719779 0.00295906593 2.88557214
201 580 0.887884857 0.00295961619 2.88557214
201 585 0.885713828 0.00295237943 2.91044776
201 585 0.885370719 0.00295123573 2.91044776
200 581 0.847988711 0.00282662904 2.905
200 583 0.856993153 0.00285664384 2.915
200 576 0.868952179 0.00289650726 2.88
200 576 0.868364115 0.00289454705 2.88
200 576 0.868701535 0.00289567178 2.88
200 576 0.868698809 0.0028956627 2.88
200 576 0.868492941 0.00289497647 2.88
200 576 0.868764416 0.00289588139 2.88
200 576 0.868974946 0.00289658315 2.88
200 576 0.869006256 0.00289668752 2.88
199 573 0.837952449 0.00279317483 2.87939698
199 573 0.837939319 0.00279313106 2.87939698
199 574 0.840909149 0.0028030305 2.88442211
199 574 0.841271403 0.00280423801 2.88442211
199 573 0.839064613 0.00279688204 2.87939698
199 573 0.839666216 0.00279888739 2.87939698
199 573 0.839316847 0.00279772282 2.87939698
199 573 0.839743758 0.00279914586 2.87939698
199 573 0.839207418 0.00279735806 2.87939698
199 573 0.839245825 0.00279748608 2.87939698
198 568 0.802626617 0.00267542206 2.86868687
198 568 0.802707077 0.00267569026 2.86868687
198 571 0.812621955 0.00270873985 2.88383838
198 571 0.81249194 0.00270830647 2.88383838
198 571 0.812459054 0.00270819685 2.88383838
198 571 0.812469442 0.00270823147 2.88383838
198 571 0.813044903 0.00271014968 2.88383838
198 571 0.812475657 0.00270825219 2.88383838
198 571 0.812322729 0.00270774243 2.88383838
198 571 0.812559471 0.00270853157 2.88383838
197 566 0.779324224 0.00259774741 2.87309645
197 563 0.779316352 0.00259772117 2.85786802
197 563 0.781240198 0.00260413399 2.85786802
197 563 0.78125595 0.0026041865 2.85786802
197 568 0.784381971 0.00261460657 2.88324873
197 568 0.784504645 0.00261501548 2.88324873
197 568 0.78465163 0.00261550543 2.88324873
197 568 0.784571819 0.0026152394 2.88324873
197 568 0.78490822 0.00261636073 2.88324873
197 568 0.784663453 0.00261554484 2.88324873
196 563 0.750893807 0.00250297936 2.87244898
196 565 0.749858902 0.00249952967 2.88265306
196 565 0.750444999 0.00250148333 2.88265306
196 565 0.750545818 0.00250181939 2.88265306
196 565 0.749918866 0.00249972955 2.88265306
196 565 0.750328505 0.00250109502 2.88265306
196 565 0.750735925 0.00250245308 2.88265306
196 565 0.750469185 0.00250156395 2.88265306
196 565 0.75019637 0.00250065457 2.88265306
196 565 0.750281885 0.00250093962 2.88265306
195 561 0.719081383 0.00239693794 2.87692308
195 561 0.710106543 0.00236702181 2.87692308
195 561 0.710186673 0.00236728891 2.87692308
195 557 0.726082509 0.00242027503 2.85641026
195 557 0.72540587 0.00241801957 2.85641026
195 556 0.729603766 0.00243201255 2.85128205
195 556 0.730225334 0.00243408445 2.85128205
195 556 0.730153897 0.00243384632 2.85128205
195 556 0.73050261 0.0024350087 2.85128205
195 556 0.729987191 0.00243329064 2.85128205
194 548 0.693180441 0.00231060147 2.82474227
194 553 0.704566205 0.00234855402 2.85051546
193 550 0.677006993 0.00225668998 2.84974093
193 550 0.676938655 0.00225646218 2.84974093
193 550 0.677738873 0.00225912958 2.84974093
193 550 0.677226848 0.00225742283 2.84974093
193 550 0.67740449 0.00225801497 2.84974093
193 550 0.677541415 0.00225847138 2.84974093
193 550 0.676932971 0.00225644324 2.84974093
193 550 0.677154252 0.00225718084 2.84974093
192 545 0.644530145 0.00214843382 2.83854167
192 547 0.648216771 0.00216072257 2.84895833
192 547 0.647759191 0.0021591973 2.84895833
192 547 0.648252544 0.00216084181 2.84895833
192 547 0.648244941 0.00216081647 2.84895833
192 547 0.647552319 0.00215850773 2.84895833
192 547 0.647787204 0.00215929068 2.84895833
192 547 0.648334344 0.00216111448 2.84895833
192 547 0.649274901 0.00216424967 2.84895833
192 547 0.648438196 0.00216146065 2.84895833
191 544 0.609325037 0.00203108346 2.84816754
191 541 0.616662851 0.00205554284 2.83246073
191 541 0.616883242 0.00205627747 2.83246073
191 541 0.617246921 0.00205748974 2.83246073
191 541 0.617607883 0.00205869294 2.83246073
191 541 0.620268049 0.00206756016 2.83246073
191 541 0.619231312 0.00206410437 2.83246073
191 541 0.618915337 0.00206305112 2.83246073
191 541 0.6183545 0.00206118167 2.83246073
191 541 0.618366353 0.00206122118 2.83246073
190 535 0.588426931 0.0019614231 2.81578947
190 535 0.588038635 0.00196012878 2.81578947
190 535 0.588375147 0.00196125049 2.81578947
190 535 0.588308915 0.00196102972 2.81578947
190 535 0.588249406 0.00196083135 2.81578947
190 535 0.588677952 0.00196225984 2.81578947
190 535 0.588228351 0.00196076117 2.81578947
190 535 0.588247869 0.00196082623 2.81578947
190 535 0.588250589 0.0019608353 2.81578947
190 535 0.588442376 0.00196147459 2.81578947
189 534 0.552966208 0.00184322069 2.82539683
189 534 0.552819576 0.00184273192 2.82539683
189 534 0.552857331 0.00184285777 2.82539683
189 534 0.552654985 0.00184218328 2.82539683
189 534 0.553468615 0.00184489538 2.82539683
189 531 0.554236704 0.00184745568 2.80952381
189 531 0.554081067 0.00184693689 2.80952381
189 531 0.553863435 0.00184621145 2.80952381
189 531 0.554036135 0.00184678712 2.80952381
189 531 0.553500674 0.00184500225 2.80952381
188 528 0.513654566 0.00171218189 2.80851064
188 523 0.51883416 0.0017294472 2.78191489
188 523 0.518272005 0.00172757335 2.78191489
188 523 0.518934706 0.00172978235 2.78191489
188 523 0.518946272 0.00172982091 2.78191489
188 523 0.51877612 0.00172925373 2.78191489
188 523 0.518765135 0.00172921712 2.78191489
188 523 0.51822018 0.0017274006 2.78191489
188 523 0.518637488 0.00172879163 2.78191489
188 523 0.518790344 0.00172930115 2.78191489
187 516 0.471903322 0.00157301107 2.75935829
187 519 0.482029917 0.00160676639 2.77540107
187 519 0.482228364 0.00160742788 2.77540107
187 519 0.482010238 0.00160670079 2.77540107
187 519 0.482901998 0.00160967333 2.77540107
187 519 0.482803366 0.00160934455 2.77540107
187 519 0.483003484 0.00161001161 2.77540107
187 519 0.482921505 0.00160973835 2.77540107
187 519 0.482830759 0.00160943586 2.77540107
187 519 0.482277166 0.00160759055 2.77540107
186 512 0.437073413 0.00145691138 2.75268817
186 513 0.431813257 0.00143937752 2.75806452
186 518 0.445915727 0.00148638576 2.78494624
186 518 0.445981309 0.00148660436 2.78494624
186 518 0.445528313 0.00148509438 2.78494624
186 518 0.445053099 0.00148351033 2.78494624
186 518 0.445036767 0.00148345589 2.78494624
186 518 0.445699988 0.00148566663 2.78494624
186 518 0.445277438 0.00148425813 2.78494624
186 518 0.445747278 0.00148582426 2.78494624
185 513 0.408557182 0.00136185727 2.77297297
184 509 0.376526355 0.00125508785 2.76630435
184 509 0.376650123 0.00125550041 2.76630435
184 504 0.37496186 0.00124987287 2.73913043
184 509 0.376412794 0.00125470931 2.76630435
184 509 0.377387527 0.00125795842 2.76630435
184 509 0.37618101 0.0012539367 2.76630435
184 508 0.377666262 0.00125888754 2.76086957
184 505 0.375337494 0.00125112498 2.74456522
184 505 0.375232598 0.00125077533 2.74456522
183 501 0.331862266 0.00110620755 2.73770492
183 499 0.330195243 0.00110065081 2.72677596
183 506 0.356316418 0.00118772139 2.76502732
183 506 0.356083088 0.00118694363 2.76502732
183 506 0.363202997 0.00121067666 2.76502732
183 509 0.360054843 0.00120018281 2.78142077
183 509 0.35971604 0.00119905347 2.78142077
183 509 0.360012121 0.0012000404 2.78142077
183 509 0.359613241 0.0011987108 2.78142077
183 508 0.375411319 0.00125137106 2.77595628
182 505 0.344616354 0.00114872118 2.77472527
182 505 0.344368895 0.00114789632 2.77472527
182 505 0.344257447 0.00114752482 2.77472527
182 505 0.344178716 0.00114726239 2.77472527
182 505 0.344612795 0.00114870932 2.77472527
182 505 0.345075941 0.00115025314 2.77472527
182 505 0.344187674 0.00114729225 2.77472527
182 505 0.344380116 0.00114793372 2.77472527
182 505 0.344281601 0.00114760534 2.77472527
182 505 0.344630932 0.00114876977 2.77472527
181 502 0.306783728 0.00102261243 2.77348066
181 498 0.309784504 0.00103261501 2.75138122
181 498 0.309394769 0.0010313159 2.75138122
181 498 0.308960044 0.00102986681 2.75138122
181 498 0.308935507 0.00102978502 2.75138122
181 498 0.30912714 0.0010304238 2.75138122
181 498 0.308940772 0.00102980257 2.75138122
181 499 0.308296099 0.00102765366 2.75690608
181 498 0.303868854 0.00101289618 2.75138122
181 498 0.304444846 0.00101481615 2.75138122
180 495 0.254172899 0.000847242995 2.75
SP does not find any fixed points -> SP does not converge.
I am sorry I quit :(
