START ALGORITHM:
I am going to build an instance with N: 300 variables and 1245 clauses with a clause density equal to 4.15
START BSP WITH r=0.9:
Decimation scorer: cert
END UNIT PROPAGATION
300 1245 1.92963742 0.00643212475 4.15
300 1245 1.92951253 0.00643170843 4.15
300 1245 1.92951158 0.00643170528 4.15
300 1245 1.92938471 0.00643128237 4.15
300 1245 1.92937858 0.00643126192 4.15
300 1245 1.92938465 0.00643128217 4.15
300 1245 1.92938936 0.00643129786 4.15
300 1245 1.92941198 0.00643137328 4.15
300 1245 1.92936857 0.00643122857 4.15
299 1237 1.92713813 0.00642379376 4.13712375
299 1237 1.92712379 0.00642374598 4.13712375
299 1240 1.92938534 0.00643128446 4.14715719
299 1240 1.92939396 0.0064313132 4.14715719
299 1240 1.92940635 0.00643135451 4.14715719
299 1240 1.92939948 0.00643133161 4.14715719
299 1240 1.92940544 0.00643135147 4.14715719
299 1240 1.92940449 0.0064313483 4.14715719
299 1240 1.92937693 0.00643125644 4.14715719
299 1240 1.92940069 0.00643133563 4.14715719
298 1232 1.92715276 0.00642384254 4.13422819
298 1232 1.92715997 0.00642386658 4.13422819
298 1237 1.92926691 0.0064308897 4.15100671
298 1237 1.92927438 0.00643091459 4.15100671
298 1235 1.92939188 0.00643130628 4.1442953
298 1235 1.92939364 0.00643131212 4.1442953
298 1235 1.92939965 0.00643133218 4.1442953
298 1235 1.92937299 0.00643124329 4.1442953
298 1235 1.92937599 0.00643125329 4.1442953
298 1235 1.92937847 0.00643126158 4.1442953
297 1225 1.92654044 0.00642180147 4.12457912
297 1232 1.92924582 0.00643081939 4.14814815
297 1232 1.92927544 0.00643091814 4.14814815
297 1232 1.92926632 0.00643088773 4.14814815
297 1232 1.9292676 0.006430892 4.14814815
297 1232 1.92925126 0.00643083752 4.14814815
297 1232 1.92932418 0.00643108059 4.14814815
297 1232 1.92926914 0.00643089713 4.14814815
297 1232 1.92931688 0.00643105626 4.14814815
297 1232 1.92927031 0.00643090104 4.14814815
296 1225 1.92430463 0.00641434877 4.13851351
296 1219 1.92606558 0.00642021859 4.11824324
296 1219 1.92601637 0.00642005456 4.11824324
296 1219 1.92606188 0.00642020628 4.11824324
296 1224 1.92701855 0.00642339517 4.13513514
296 1224 1.92703969 0.00642346563 4.13513514
296 1224 1.92698022 0.0064232674 4.13513514
296 1226 1.92927365 0.00643091216 4.14189189
296 1226 1.92926345 0.00643087817 4.14189189
296 1226 1.92927437 0.00643091458 4.14189189
295 1217 1.92308789 0.00641029297 4.12542373
295 1216 1.92528513 0.00641761711 4.1220339
295 1216 1.92645531 0.0064215177 4.1220339
295 1222 1.92780009 0.00642600031 4.14237288
295 1222 1.92779774 0.00642599247 4.14237288
295 1222 1.92778561 0.00642595202 4.14237288
295 1222 1.92778129 0.00642593764 4.14237288
295 1222 1.92777583 0.00642591944 4.14237288
295 1222 1.92783645 0.00642612151 4.14237288
295 1222 1.92776623 0.00642588743 4.14237288
294 1212 1.92383454 0.00641278179 4.12244898
294 1209 1.92454078 0.00641513593 4.1122449
294 1212 1.92492952 0.00641643174 4.12244898
294 1212 1.92493839 0.00641646129 4.12244898
294 1212 1.92492574 0.00641641914 4.12244898
294 1212 1.92497836 0.00641659452 4.12244898
294 1212 1.92492165 0.00641640551 4.12244898
294 1214 1.92556174 0.00641853912 4.1292517
294 1214 1.9255831 0.00641861032 4.1292517
294 1214 1.9255405 0.00641846834 4.1292517
293 1202 1.9191835 0.00639727833 4.10238908
293 1202 1.91913135 0.0063971045 4.10238908
293 1202 1.91917505 0.00639725017 4.10238908
293 1204 1.92161956 0.00640539853 4.10921502
293 1204 1.92166528 0.00640555092 4.10921502
293 1204 1.92276035 0.00640920117 4.10921502
293 1204 1.92268566 0.00640895221 4.10921502
293 1204 1.92271464 0.0064090488 4.10921502
293 1204 1.92271901 0.00640906336 4.10921502
293 1204 1.92271781 0.00640905935 4.10921502
292 1196 1.91591269 0.00638637562 4.09589041
292 1196 1.9157925 0.00638597499 4.09589041
292 1201 1.91635671 0.0063878557 4.1130137
292 1201 1.91633323 0.00638777743 4.1130137
292 1201 1.91621495 0.00638738318 4.1130137
292 1195 1.91671184 0.00638903945 4.09246575
292 1195 1.91665529 0.00638885096 4.09246575
292 1193 1.9192881 0.00639762699 4.08561644
292 1193 1.91922705 0.0063974235 4.08561644
292 1193 1.91926846 0.00639756152 4.08561644
291 1180 1.91616269 0.00638720896 4.05498282
291 1180 1.91617897 0.00638726322 4.05498282
291 1180 1.9161821 0.00638727367 4.05498282
291 1180 1.9161548 0.00638718266 4.05498282
291 1180 1.91610739 0.00638702462 4.05498282
291 1180 1.91612737 0.00638709123 4.05498282
291 1180 1.9160976 0.00638699199 4.05498282
291 1180 1.91614862 0.00638716205 4.05498282
291 1180 1.91615998 0.00638719993 4.05498282
291 1180 1.9161842 0.00638728065 4.05498282
290 1177 1.90976123 0.00636587076 4.05862069
290 1176 1.90932301 0.00636441005 4.05517241
290 1171 1.91015074 0.00636716912 4.03793103
290 1173 1.91156155 0.00637187183 4.04482759
290 1173 1.91161318 0.00637204393 4.04482759
290 1170 1.91226357 0.00637421189 4.03448276
290 1170 1.91228188 0.00637427292 4.03448276
290 1170 1.91228739 0.00637429129 4.03448276
290 1170 1.91231395 0.00637437985 4.03448276
290 1170 1.91228622 0.00637428741 4.03448276
289 1161 1.90368098 0.00634560325 4.01730104
289 1161 1.9034783 0.00634492766 4.01730104
289 1163 1.90772277 0.00635907591 4.02422145
289 1163 1.90784685 0.00635948949 4.02422145
289 1163 1.90754647 0.00635848824 4.02422145
289 1163 1.90750476 0.0063583492 4.02422145
289 1163 1.90752198 0.00635840661 4.02422145
289 1163 1.90779248 0.00635930826 4.02422145
289 1163 1.90776433 0.00635921443 4.02422145
289 1163 1.90764621 0.00635882071 4.02422145
288 1149 1.9001208 0.006333736 3.98958333
288 1160 1.90161389 0.00633871296 4.02777778
288 1160 1.90159616 0.00633865386 4.02777778
288 1160 1.90147348 0.00633824492 4.02777778
288 1160 1.90161602 0.00633872008 4.02777778
288 1151 1.90163763 0.00633879211 3.99652778
288 1151 1.90159975 0.00633866585 3.99652778
288 1159 1.90204652 0.00634015506 4.02430556
288 1159 1.90206585 0.00634021951 4.02430556
288 1159 1.90203911 0.00634013035 4.02430556
287 1150 1.89255458 0.00630851527 4.00696864
287 1150 1.8924699 0.00630823299 4.00696864
287 1145 1.89453049 0.00631510164 3.98954704
287 1156 1.89678457 0.00632261523 4.02787456
287 1156 1.89675607 0.00632252025 4.02787456
287 1156 1.89681521 0.00632271737 4.02787456
287 1156 1.89676202 0.00632254008 4.02787456
287 1156 1.89680325 0.00632267749 4.02787456
287 1156 1.89678707 0.00632262358 4.02787456
287 1156 1.89686534 0.00632288446 4.02787456
286 1147 1.8875142 0.00629171401 4.01048951
286 1147 1.88843197 0.00629477322 4.01048951
286 1147 1.89021296 0.00630070987 4.01048951
286 1147 1.89014642 0.00630048805 4.01048951
286 1147 1.89007985 0.00630026618 4.01048951
286 1144 1.89086386 0.00630287953 4
286 1144 1.89084644 0.00630282145 4
286 1144 1.8907838 0.00630261265 4
286 1144 1.89075755 0.00630252517 4
286 1144 1.89072847 0.00630242823 4
285 1136 1.87924947 0.00626416489 3.98596491
285 1135 1.88527605 0.00628425349 3.98245614
285 1135 1.88506282 0.00628354272 3.98245614
285 1135 1.88526461 0.00628421536 3.98245614
285 1135 1.88529417 0.0062843139 3.98245614
285 1135 1.88525728 0.00628419094 3.98245614
285 1135 1.88523722 0.00628412408 3.98245614
285 1135 1.88519076 0.00628396921 3.98245614
285 1135 1.88515872 0.00628386241 3.98245614
285 1135 1.88532274 0.00628440913 3.98245614
284 1128 1.87416805 0.00624722682 3.97183099
284 1128 1.8741531 0.00624717701 3.97183099
284 1128 1.87434954 0.00624783182 3.97183099
284 1127 1.87842103 0.00626140342 3.96830986
284 1126 1.87857489 0.00626191632 3.96478873
284 1126 1.87857861 0.00626192872 3.96478873
284 1126 1.87866659 0.00626222196 3.96478873
284 1126 1.87853234 0.00626177448 3.96478873
284 1126 1.87856658 0.00626188861 3.96478873
284 1126 1.87851672 0.0062617224 3.96478873
283 1116 1.86855181 0.00622850605 3.9434629
283 1118 1.87182737 0.00623942457 3.95053004
283 1118 1.8717624 0.00623920801 3.95053004
283 1118 1.87190962 0.00623969873 3.95053004
283 1118 1.87193147 0.00623977156 3.95053004
283 1118 1.87173664 0.00623912212 3.95053004
283 1118 1.87186599 0.00623955329 3.95053004
283 1118 1.87199478 0.00623998259 3.95053004
283 1118 1.8718734 0.00623957801 3.95053004
283 1118 1.8716561 0.00623885365 3.95053004
282 1109 1.86394681 0.00621315603 3.93262411
282 1105 1.8646176 0.00621539199 3.91843972
282 1105 1.8643554 0.00621451799 3.91843972
282 1105 1.8644141 0.00621471367 3.91843972
282 1105 1.86437918 0.00621459726 3.91843972
282 1105 1.86458482 0.00621528274 3.91843972
282 1105 1.86459426 0.00621531421 3.91843972
282 1105 1.86437179 0.00621457263 3.91843972
282 1105 1.86440409 0.0062146803 3.91843972
282 1105 1.86467643 0.0062155881 3.91843972
281 1098 1.85418563 0.00618061878 3.90747331
281 1098 1.85426501 0.00618088338 3.90747331
281 1098 1.85404873 0.00618016242 3.90747331
281 1095 1.85434278 0.00618114259 3.89679715
281 1095 1.85484808 0.00618282694 3.89679715
281 1095 1.85442348 0.00618141161 3.89679715
281 1095 1.85459307 0.00618197689 3.89679715
281 1096 1.85568202 0.00618560673 3.90035587
281 1096 1.8566871 0.006188957 3.90035587
281 1096 1.85658072 0.00618860239 3.90035587
280 1089 1.84747872 0.00615826239 3.88928571
280 1089 1.84775286 0.00615917621 3.88928571
280 1089 1.84736104 0.00615787013 3.88928571
280 1089 1.84748043 0.00615826809 3.88928571
280 1089 1.84753745 0.00615845817 3.88928571
280 1089 1.84756694 0.00615855645 3.88928571
280 1089 1.8475182 0.00615839401 3.88928571
280 1087 1.84803668 0.00616012227 3.88214286
280 1090 1.845949 0.00615316332 3.89285714
280 1090 1.84605905 0.00615353017 3.89285714
279 1081 1.83415622 0.00611385406 3.87455197
279 1083 1.83755686 0.00612518955 3.88172043
279 1083 1.83727822 0.00612426072 3.88172043
279 1081 1.83947154 0.00613157181 3.87455197
279 1081 1.83937914 0.00613126378 3.87455197
279 1081 1.83953501 0.00613178337 3.87455197
279 1081 1.83953413 0.00613178045 3.87455197
279 1081 1.83961692 0.00613205641 3.87455197
279 1081 1.83944921 0.00613149736 3.87455197
279 1081 1.83957097 0.00613190323 3.87455197
278 1078 1.82749964 0.00609166546 3.87769784
278 1073 1.82880685 0.00609602283 3.85971223
278 1072 1.82982652 0.00609942172 3.85611511
278 1072 1.82969667 0.00609898889 3.85611511
278 1072 1.82962089 0.00609873631 3.85611511
278 1072 1.8297176 0.00609905867 3.85611511
278 1072 1.82992465 0.00609974884 3.85611511
278 1072 1.82955969 0.00609853229 3.85611511
278 1072 1.82961058 0.00609870192 3.85611511
278 1072 1.82981771 0.00609939236 3.85611511
277 1065 1.82112723 0.00607042409 3.84476534
277 1065 1.82102288 0.00607007626 3.84476534
277 1065 1.82124794 0.00607082648 3.84476534
277 1065 1.82124356 0.00607081186 3.84476534
277 1065 1.82118494 0.00607061646 3.84476534
277 1067 1.82129653 0.00607098842 3.85198556
277 1067 1.82121347 0.00607071156 3.85198556
277 1067 1.82119448 0.00607064826 3.85198556
277 1067 1.82129633 0.00607098777 3.85198556
277 1067 1.8212068 0.00607068935 3.85198556
276 1060 1.80747108 0.00602490361 3.84057971
276 1061 1.80799262 0.00602664205 3.8442029
276 1061 1.80810281 0.00602700938 3.8442029
276 1061 1.81006406 0.00603354685 3.8442029
276 1061 1.80985117 0.00603283724 3.8442029
276 1059 1.81102668 0.00603675559 3.83695652
276 1059 1.81099558 0.00603665195 3.83695652
276 1059 1.81088248 0.00603627493 3.83695652
276 1059 1.81106523 0.00603688411 3.83695652
276 1059 1.81088732 0.00603629106 3.83695652
275 1053 1.7971119 0.00599037301 3.82909091
275 1050 1.79616919 0.00598723063 3.81818182
275 1050 1.7962337 0.00598744566 3.81818182
275 1056 1.79999413 0.00599998043 3.84
275 1048 1.7986455 0.00599548498 3.81090909
275 1048 1.79854062 0.00599513541 3.81090909
275 1048 1.79871521 0.00599571736 3.81090909
275 1048 1.79868942 0.00599563142 3.81090909
275 1053 1.80051496 0.00600171653 3.82909091
275 1051 1.79982801 0.0059994267 3.82181818
274 1042 1.79058775 0.00596862583 3.80291971
274 1042 1.79061699 0.0059687233 3.80291971
274 1042 1.79054446 0.00596848153 3.80291971
274 1042 1.79061799 0.00596872663 3.80291971
274 1042 1.79051924 0.00596839746 3.80291971
274 1043 1.79134236 0.00597114119 3.80656934
274 1043 1.7913771 0.00597125701 3.80656934
274 1043 1.7912579 0.00597085966 3.80656934
274 1043 1.79124953 0.00597083176 3.80656934
274 1043 1.79119457 0.00597064857 3.80656934
273 1037 1.77868589 0.00592895297 3.7985348
273 1037 1.77799218 0.00592664061 3.7985348
273 1037 1.78018966 0.00593396554 3.7985348
273 1035 1.78184972 0.00593949907 3.79120879
273 1035 1.78162417 0.00593874723 3.79120879
273 1035 1.78166942 0.00593889807 3.79120879
273 1035 1.78172334 0.0059390778 3.79120879
273 1035 1.78164508 0.00593881692 3.79120879
273 1035 1.78167264 0.00593890881 3.79120879
273 1035 1.78171158 0.0059390386 3.79120879
272 1026 1.76847382 0.00589491275 3.77205882
272 1029 1.76898985 0.00589663283 3.78308824
272 1029 1.76921807 0.00589739355 3.78308824
272 1029 1.76811097 0.00589370325 3.78308824
272 1028 1.76842994 0.00589476646 3.77941176
272 1028 1.76836503 0.00589455009 3.77941176
272 1027 1.77728451 0.0059242817 3.77573529
272 1027 1.77736661 0.00592455538 3.77573529
272 1027 1.77728935 0.00592429782 3.77573529
272 1027 1.77741787 0.00592472624 3.77573529
271 1021 1.76393572 0.00587978572 3.76752768
271 1021 1.76431087 0.00588103622 3.76752768
271 1019 1.76755675 0.00589185583 3.7601476
271 1019 1.76746452 0.00589154841 3.7601476
271 1019 1.76745458 0.00589151528 3.7601476
271 1019 1.76760318 0.0058920106 3.7601476
271 1019 1.7676333 0.00589211099 3.7601476
271 1019 1.76745886 0.00589152954 3.7601476
271 1019 1.76755946 0.00589186485 3.7601476
271 1019 1.76749039 0.00589163463 3.7601476
270 1012 1.7533746 0.005844582 3.74814815
270 1013 1.75406493 0.0058468831 3.75185185
270 1013 1.75756551 0.00585855169 3.75185185
270 1013 1.75789072 0.00585963572 3.75185185
270 1013 1.75776777 0.00585922589 3.75185185
270 1013 1.75764353 0.00585881178 3.75185185
270 1013 1.75772702 0.00585909006 3.75185185
270 1013 1.75775669 0.00585918898 3.75185185
270 1013 1.75785273 0.00585950909 3.75185185
270 1013 1.75767958 0.00585893194 3.75185185
269 1005 1.74814938 0.00582716458 3.73605948
269 1005 1.74822706 0.00582742354 3.73605948
269 1005 1.74806122 0.00582687073 3.73605948
269 1005 1.74813616 0.00582712052 3.73605948
269 1005 1.74835457 0.00582784857 3.73605948
269 1005 1.74823755 0.00582745851 3.73605948
269 1005 1.74871175 0.00582903916 3.73605948
269 1005 1.74812899 0.00582709664 3.73605948
269 1005 1.74793254 0.00582644181 3.73605948
269 1005 1.74809084 0.00582696946 3.73605948
268 999 1.735293 0.00578431001 3.72761194
268 999 1.73541336 0.00578471119 3.72761194
268 999 1.73499029 0.00578330096 3.72761194
268 999 1.73493795 0.00578312649 3.72761194
268 999 1.74191516 0.00580638387 3.72761194
268 999 1.7417996 0.00580599865 3.72761194
268 999 1.74168008 0.00580560025 3.72761194
268 999 1.74178333 0.00580594444 3.72761194
268 999 1.74184469 0.00580614896 3.72761194
268 999 1.74176995 0.00580589982 3.72761194
267 990 1.73046164 0.00576820547 3.70786517
267 990 1.73044251 0.00576814169 3.70786517
267 990 1.73046866 0.00576822888 3.70786517
267 990 1.73039208 0.00576797358 3.70786517
267 990 1.73088201 0.00576960672 3.70786517
267 990 1.73050817 0.00576836057 3.70786517
267 990 1.73068687 0.00576895624 3.70786517
267 990 1.73066479 0.00576888264 3.70786517
267 990 1.73030005 0.00576766683 3.70786517
267 990 1.73038043 0.00576793477 3.70786517
266 983 1.71504438 0.00571681461 3.69548872
266 983 1.71513416 0.00571711386 3.69548872
266 983 1.714671 0.00571557001 3.69548872
266 983 1.7151235 0.00571707834 3.69548872
266 983 1.71499986 0.0057166662 3.69548872
266 983 1.71480944 0.00571603147 3.69548872
266 983 1.71465019 0.00571550063 3.69548872
266 983 1.71603332 0.00572011106 3.69548872
266 984 1.72135066 0.00573783552 3.69924812
266 984 1.72129504 0.00573765013 3.69924812
265 975 1.71035687 0.00570118956 3.67924528
265 975 1.71017307 0.00570057689 3.67924528
265 975 1.71043786 0.00570145952 3.67924528
265 975 1.71005344 0.00570017815 3.67924528
265 975 1.71049947 0.00570166489 3.67924528
265 975 1.71013309 0.00570044362 3.67924528
265 975 1.71002067 0.00570006891 3.67924528
265 975 1.70999679 0.0056999893 3.67924528
265 975 1.71017343 0.0057005781 3.67924528
265 975 1.71019168 0.00570063894 3.67924528
264 968 1.69546216 0.00565154053 3.66666667
264 968 1.69531184 0.00565103945 3.66666667
264 971 1.69276734 0.00564255781 3.6780303
264 971 1.69261211 0.00564204035 3.6780303
264 973 1.69085462 0.00563618208 3.68560606
264 973 1.69074624 0.00563582081 3.68560606
264 973 1.69056196 0.00563520653 3.68560606
264 973 1.69026263 0.00563420876 3.68560606
264 973 1.69073567 0.00563578558 3.68560606
264 973 1.69053538 0.00563511794 3.68560606
263 968 1.67245647 0.0055748549 3.68060837
263 964 1.68328755 0.0056109585 3.66539924
263 964 1.68341113 0.00561137043 3.66539924
263 964 1.68327331 0.00561091104 3.66539924
263 965 1.68514453 0.00561714842 3.66920152
263 965 1.68503495 0.00561678318 3.66920152
263 965 1.68521134 0.00561737114 3.66920152
263 965 1.68458462 0.00561528207 3.66920152
263 964 1.68862989 0.00562876631 3.66539924
263 964 1.68872571 0.0056290857 3.66539924
262 959 1.67060602 0.00556868673 3.66030534
262 959 1.67819366 0.00559397886 3.66030534
262 957 1.67809257 0.0055936419 3.65267176
262 957 1.67801052 0.00559336839 3.65267176
262 957 1.67799399 0.00559331332 3.65267176
262 957 1.67813127 0.00559377088 3.65267176
262 957 1.67801086 0.00559336954 3.65267176
262 957 1.67838955 0.00559463183 3.65267176
262 957 1.67816878 0.00559389593 3.65267176
262 957 1.67799132 0.00559330439 3.65267176
261 949 1.66813114 0.00556043712 3.63601533
261 949 1.66820802 0.00556069339 3.63601533
261 949 1.66854814 0.00556182712 3.63601533
261 952 1.66807174 0.00556023913 3.64750958
261 952 1.66786277 0.00555954256 3.64750958
261 952 1.66795809 0.0055598603 3.64750958
261 952 1.66811748 0.00556039159 3.64750958
261 952 1.6680944 0.00556031468 3.64750958
261 952 1.66805665 0.00556018885 3.64750958
261 952 1.66796324 0.00555987746 3.64750958
260 944 1.65779993 0.00552599977 3.63076923
260 944 1.65779411 0.00552598038 3.63076923
260 944 1.65791928 0.00552639761 3.63076923
260 944 1.65789306 0.0055263102 3.63076923
260 944 1.6577674 0.00552589132 3.63076923
260 944 1.6578203 0.00552606766 3.63076923
260 943 1.66112431 0.00553708104 3.62692308
260 943 1.66103411 0.00553678036 3.62692308
260 943 1.66097743 0.00553659143 3.62692308
260 943 1.66090158 0.00553633859 3.62692308
259 935 1.65116111 0.00550387036 3.61003861
259 935 1.65102825 0.00550342751 3.61003861
259 935 1.65133063 0.00550443544 3.61003861
259 935 1.65110127 0.0055036709 3.61003861
259 935 1.65117243 0.0055039081 3.61003861
259 935 1.65115993 0.00550386643 3.61003861
259 935 1.65117049 0.00550390164 3.61003861
259 935 1.65101776 0.00550339253 3.61003861
259 935 1.65097746 0.00550325818 3.61003861
259 935 1.65109752 0.0055036584 3.61003861
258 930 1.63453046 0.00544843486 3.60465116
258 930 1.63426621 0.00544755403 3.60465116
258 930 1.63426059 0.00544753529 3.60465116
258 932 1.63671397 0.00545571324 3.6124031
258 932 1.63676526 0.00545588421 3.6124031
258 932 1.63635546 0.0054545182 3.6124031
258 932 1.63636407 0.00545454689 3.6124031
258 932 1.63671777 0.00545572592 3.6124031
258 928 1.6374245 0.00545808168 3.59689922
258 928 1.63759762 0.00545865874 3.59689922
257 926 1.62251129 0.00540837097 3.60311284
257 926 1.62274941 0.00540916471 3.60311284
257 926 1.62259344 0.00540864481 3.60311284
257 926 1.62284229 0.00540947431 3.60311284
257 926 1.62265223 0.00540884076 3.60311284
257 926 1.62245768 0.00540819228 3.60311284
257 926 1.62255184 0.00540850614 3.60311284
257 919 1.62199616 0.00540665387 3.57587549
257 919 1.62182961 0.00540609869 3.57587549
257 925 1.62154362 0.0054051454 3.59922179
256 923 1.60702769 0.00535675898 3.60546875
256 923 1.60721412 0.0053573804 3.60546875
256 920 1.60524653 0.00535082175 3.59375
256 920 1.60522739 0.00535075798 3.59375
256 920 1.60526214 0.00535087381 3.59375
256 920 1.60532247 0.00535107489 3.59375
256 920 1.60521827 0.00535072757 3.59375
256 916 1.60949755 0.00536499185 3.578125
256 916 1.60966831 0.00536556103 3.578125
256 916 1.60932103 0.00536440345 3.578125
255 911 1.59272766 0.00530909222 3.57254902
255 907 1.59232406 0.00530774688 3.55686275
255 907 1.59220796 0.00530735987 3.55686275
255 907 1.5923063 0.00530768768 3.55686275
255 907 1.59211387 0.00530704623 3.55686275
255 907 1.59223179 0.00530743931 3.55686275
255 907 1.59215211 0.00530717372 3.55686275
255 907 1.59182351 0.00530607836 3.55686275
255 907 1.59216116 0.00530720388 3.55686275
255 907 1.59211041 0.00530703469 3.55686275
254 900 1.5741576 0.00524719199 3.54330709
254 905 1.57777955 0.00525926515 3.56299213
254 901 1.57818962 0.00526063206 3.54724409
254 901 1.57795599 0.0052598533 3.54724409
254 901 1.57793337 0.00525977791 3.54724409
254 901 1.57780248 0.0052593416 3.54724409
254 901 1.57818496 0.00526061652 3.54724409
254 901 1.57810341 0.0052603447 3.54724409
254 901 1.57802701 0.00526009004 3.54724409
254 901 1.5780551 0.00526018366 3.54724409
253 894 1.5594263 0.00519808767 3.53359684
253 893 1.55946274 0.00519820912 3.52964427
253 893 1.56562091 0.00521873638 3.52964427
253 893 1.56527573 0.00521758576 3.52964427
253 895 1.57260598 0.00524201994 3.53754941
253 895 1.57285372 0.00524284572 3.53754941
253 895 1.57249527 0.00524165088 3.53754941
253 895 1.57260496 0.00524201652 3.53754941
253 895 1.57244072 0.00524146907 3.53754941
253 895 1.57249639 0.00524165463 3.53754941
252 887 1.55816318 0.00519387726 3.51984127
252 887 1.55839493 0.00519464977 3.51984127
252 887 1.55796765 0.00519322551 3.51984127
252 887 1.55815798 0.00519385994 3.51984127
252 887 1.55823184 0.00519410614 3.51984127
252 887 1.55829816 0.00519432721 3.51984127
252 887 1.55813357 0.00519377856 3.51984127
252 887 1.55834811 0.00519449371 3.51984127
252 887 1.55831176 0.00519437252 3.51984127
252 887 1.55827183 0.00519423944 3.51984127
251 881 1.54174551 0.00513915171 3.50996016
251 884 1.54428597 0.00514761991 3.52191235
251 884 1.54459951 0.00514866503 3.52191235
251 884 1.54471337 0.00514904457 3.52191235
251 884 1.54458225 0.0051486075 3.52191235
251 884 1.54444461 0.00514814869 3.52191235
251 884 1.54463531 0.00514878435 3.52191235
251 884 1.5445342 0.00514844734 3.52191235
251 884 1.54458715 0.00514862382 3.52191235
251 884 1.54457921 0.00514859737 3.52191235
250 874 1.52680807 0.00508936023 3.496
250 874 1.52679103 0.00508930343 3.496
250 874 1.52693221 0.00508977403 3.496
250 874 1.52711215 0.00509037382 3.496
250 874 1.5270687 0.00509022901 3.496
250 874 1.52698624 0.00508995413 3.496
250 880 1.52910058 0.00509700194 3.52
250 880 1.52921364 0.00509737881 3.52
250 880 1.52895591 0.00509651968 3.52
250 878 1.53144128 0.00510480425 3.512
249 871 1.51351579 0.00504505265 3.49799197
249 870 1.51260324 0.0050420108 3.4939759
249 868 1.51379596 0.00504598652 3.48594378
249 874 1.51593103 0.00505310344 3.51004016
249 874 1.5159647 0.00505321568 3.51004016
249 874 1.51584008 0.00505280025 3.51004016
249 874 1.51588403 0.00505294676 3.51004016
249 874 1.51584489 0.0050528163 3.51004016
249 874 1.51597809 0.00505326029 3.51004016
249 874 1.51614897 0.00505382991 3.51004016
248 865 1.49752691 0.00499175636 3.48790323
248 865 1.49719142 0.00499063806 3.48790323
248 867 1.49802924 0.00499343081 3.49596774
248 867 1.49790967 0.00499303222 3.49596774
248 868 1.50036709 0.00500122363 3.5
248 868 1.49972908 0.00499909695 3.5
248 868 1.49993688 0.00499978959 3.5
248 870 1.50014307 0.00500047689 3.50806452
248 870 1.49975975 0.00499919916 3.50806452
248 870 1.50013488 0.0050004496 3.50806452
247 865 1.48284565 0.00494281883 3.50202429
247 864 1.4844488 0.00494816265 3.49797571
247 864 1.4844948 0.004948316 3.49797571
247 864 1.48405938 0.0049468646 3.49797571
247 864 1.48452348 0.00494841161 3.49797571
247 864 1.48440377 0.00494801255 3.49797571
247 864 1.48465867 0.00494886222 3.49797571
247 864 1.48459858 0.00494866194 3.49797571
247 864 1.4845703 0.00494856765 3.49797571
247 864 1.4843089 0.00494769635 3.49797571
246 859 1.46202452 0.00487341506 3.49186992
246 858 1.46814432 0.00489381441 3.48780488
246 857 1.46674308 0.0048891436 3.48373984
246 857 1.46670154 0.00488900514 3.48373984
246 858 1.46789892 0.00489299639 3.48780488
246 858 1.46802325 0.00489341082 3.48780488
246 858 1.46805663 0.00489352211 3.48780488
246 858 1.46741664 0.00489138882 3.48780488
246 858 1.46819027 0.00489396758 3.48780488
246 858 1.46801054 0.00489336846 3.48780488
245 848 1.45049407 0.00483498023 3.46122449
245 848 1.45009285 0.00483364282 3.46122449
245 848 1.45039615 0.00483465383 3.46122449
245 848 1.45053945 0.0048351315 3.46122449
245 848 1.45050289 0.00483500965 3.46122449
245 851 1.45195128 0.00483983761 3.47346939
245 851 1.45183293 0.00483944311 3.47346939
245 851 1.45223991 0.00484079971 3.47346939
245 851 1.45204207 0.00484014025 3.47346939
245 851 1.45226255 0.00484087516 3.47346939
244 842 1.43595021 0.00478650069 3.45081967
244 842 1.43591556 0.00478638519 3.45081967
244 842 1.43616703 0.00478722343 3.45081967
244 842 1.4361048 0.00478701601 3.45081967
244 842 1.43611477 0.00478704923 3.45081967
244 843 1.43871348 0.0047957116 3.45491803
244 843 1.43873215 0.00479577383 3.45491803
244 843 1.43900316 0.0047966772 3.45491803
244 843 1.43853659 0.00479512195 3.45491803
244 843 1.43887104 0.00479623679 3.45491803
243 834 1.4199866 0.00473328868 3.43209877
243 834 1.4192706 0.004730902 3.43209877
243 834 1.42281385 0.00474271283 3.43209877
243 834 1.42235443 0.00474118144 3.43209877
243 834 1.42225976 0.00474086587 3.43209877
243 834 1.4223003 0.00474100099 3.43209877
243 834 1.42262455 0.00474208184 3.43209877
243 836 1.41416428 0.00471388093 3.44032922
243 836 1.41420027 0.00471400092 3.44032922
243 836 1.4142541 0.00471418032 3.44032922
242 827 1.39613855 0.00465379518 3.41735537
242 827 1.39611448 0.00465371493 3.41735537
242 827 1.39687788 0.00465625961 3.41735537
242 827 1.39669794 0.00465565981 3.41735537
242 827 1.39713711 0.00465712371 3.41735537
242 827 1.39717815 0.00465726051 3.41735537
242 827 1.39713761 0.00465712536 3.41735537
242 827 1.39740031 0.00465800103 3.41735537
242 827 1.396935 0.00465644999 3.41735537
242 827 1.39658054 0.00465526847 3.41735537
241 822 1.3775365 0.00459178835 3.41078838
241 823 1.37892858 0.0045964286 3.41493776
241 820 1.39076959 0.00463589862 3.40248963
241 820 1.39105816 0.00463686052 3.40248963
241 820 1.39050462 0.00463501539 3.40248963
241 820 1.39117707 0.00463725691 3.40248963
241 820 1.39062747 0.00463542491 3.40248963
241 820 1.39052038 0.00463506792 3.40248963
241 820 1.3909454 0.00463648467 3.40248963
241 820 1.39075123 0.00463583743 3.40248963
240 810 1.37561522 0.00458538408 3.375
240 810 1.37541835 0.00458472783 3.375
240 812 1.37352368 0.00457841228 3.38333333
240 812 1.37329806 0.0045776602 3.38333333
240 812 1.37361602 0.00457872005 3.38333333
240 812 1.37323148 0.00457743827 3.38333333
240 812 1.37348568 0.00457828558 3.38333333
240 812 1.37350154 0.00457833845 3.38333333
240 812 1.37357886 0.00457859621 3.38333333
240 812 1.37302436 0.00457674788 3.38333333
239 803 1.35576938 0.00451923127 3.35983264
239 803 1.35702052 0.00452340173 3.35983264
239 803 1.35648876 0.0045216292 3.35983264
239 803 1.35665889 0.0045221963 3.35983264
239 803 1.35577069 0.00451923564 3.35983264
239 808 1.36904414 0.00456348045 3.38075314
239 808 1.36903287 0.00456344292 3.38075314
239 808 1.36903553 0.00456345175 3.38075314
239 808 1.3687933 0.00456264435 3.38075314
239 808 1.36895064 0.00456316879 3.38075314
238 804 1.35067477 0.00450224924 3.37815126
238 804 1.3506105 0.00450203499 3.37815126
238 799 1.3523601 0.004507867 3.35714286
238 799 1.35249819 0.00450832731 3.35714286
238 799 1.35263573 0.00450878577 3.35714286
238 799 1.35235809 0.0045078603 3.35714286
238 799 1.3527385 0.00450912832 3.35714286
238 795 1.34916957 0.00449723191 3.34033613
238 795 1.34917163 0.00449723877 3.34033613
238 795 1.34947688 0.00449825626 3.34033613
237 791 1.33218986 0.00444063288 3.33755274
237 791 1.33271084 0.00444236948 3.33755274
237 791 1.33250008 0.00444166694 3.33755274
237 786 1.33187799 0.00443959329 3.3164557
237 786 1.33179593 0.00443931976 3.3164557
237 786 1.33231197 0.0044410399 3.3164557
237 792 1.3330181 0.00444339366 3.34177215
237 792 1.33222673 0.00444075576 3.34177215
237 792 1.33252801 0.00444176004 3.34177215
237 790 1.33741778 0.00445805926 3.33333333
236 783 1.31459658 0.00438198859 3.31779661
236 784 1.31935292 0.00439784305 3.3220339
236 784 1.32003583 0.00440011942 3.3220339
236 784 1.3195105 0.00439836833 3.3220339
236 784 1.31986927 0.00439956422 3.3220339
236 784 1.31995346 0.00439984488 3.3220339
236 784 1.31973508 0.00439911694 3.3220339
236 784 1.31952949 0.00439843165 3.3220339
236 784 1.31991242 0.00439970806 3.3220339
236 784 1.31941994 0.00439806646 3.3220339
235 777 1.29938206 0.00433127354 3.30638298
235 777 1.29930849 0.0043310283 3.30638298
235 779 1.30319486 0.00434398285 3.31489362
235 779 1.30247319 0.00434157731 3.31489362
235 779 1.30307187 0.00434357292 3.31489362
235 779 1.3029972 0.00434332401 3.31489362
235 779 1.30322463 0.00434408211 3.31489362
235 779 1.30305632 0.00434352105 3.31489362
235 779 1.30285509 0.0043428503 3.31489362
235 779 1.30271785 0.00434239284 3.31489362
234 775 1.28721587 0.00429071957 3.31196581
234 775 1.2871148 0.00429038266 3.31196581
234 775 1.28712515 0.00429041716 3.31196581
234 778 1.28829646 0.00429432152 3.32478632
234 778 1.2880844 0.00429361467 3.32478632
234 778 1.2880367 0.00429345568 3.32478632
234 778 1.28886264 0.00429620881 3.32478632
234 778 1.28839777 0.00429465924 3.32478632
234 778 1.2885159 0.00429505299 3.32478632
234 778 1.28791538 0.00429305127 3.32478632
233 771 1.26894226 0.00422980752 3.30901288
233 771 1.26924766 0.00423082553 3.30901288
233 771 1.26911213 0.00423037378 3.30901288
233 772 1.27367005 0.00424556682 3.31330472
233 767 1.27379481 0.00424598269 3.29184549
233 767 1.27406855 0.00424689518 3.29184549
233 767 1.27265007 0.00424216691 3.29184549
233 767 1.27363715 0.00424545718 3.29184549
233 767 1.2739545 0.00424651499 3.29184549
233 767 1.27331532 0.00424438439 3.29184549
232 762 1.25761356 0.00419204521 3.28448276
232 762 1.25729376 0.00419097919 3.28448276
232 762 1.25709573 0.00419031911 3.28448276
232 762 1.25776862 0.00419256207 3.28448276
232 762 1.25711996 0.00419039987 3.28448276
232 762 1.25758528 0.00419195095 3.28448276
232 762 1.25694581 0.00418981935 3.28448276
232 762 1.25734238 0.00419114128 3.28448276
232 762 1.25737343 0.00419124476 3.28448276
232 762 1.25709003 0.00419030008 3.28448276
231 760 1.2389847 0.004129949 3.29004329
231 755 1.24026551 0.00413421838 3.26839827
231 755 1.23900008 0.00413000025 3.26839827
231 755 1.23959199 0.00413197329 3.26839827
231 755 1.2400384 0.00413346132 3.26839827
231 756 1.24010936 0.00413369787 3.27272727
231 756 1.24042441 0.00413474802 3.27272727
231 756 1.24041522 0.00413471739 3.27272727
231 756 1.24007697 0.00413358991 3.27272727
231 756 1.24004446 0.00413348152 3.27272727
230 752 1.226153 0.00408717668 3.26956522
230 752 1.22601903 0.00408673011 3.26956522
230 751 1.22531238 0.00408437461 3.26521739
230 753 1.22719458 0.0040906486 3.27391304
230 753 1.22736322 0.00409121072 3.27391304
230 753 1.22700068 0.00409000228 3.27391304
230 753 1.22720602 0.00409068675 3.27391304
230 753 1.22720038 0.00409066793 3.27391304
230 753 1.22697296 0.00408990987 3.27391304
230 753 1.22695595 0.00408985318 3.27391304
229 744 1.21367685 0.00404558951 3.2489083
229 741 1.20679599 0.00402265332 3.23580786
229 741 1.20676137 0.00402253791 3.23580786
229 741 1.20702306 0.00402341021 3.23580786
229 741 1.20651667 0.00402172224 3.23580786
229 741 1.20296243 0.00400987475 3.23580786
229 741 1.20309198 0.00401030661 3.23580786
229 745 1.20583216 0.00401944052 3.25327511
229 746 1.20818196 0.0040272732 3.25764192
229 746 1.20785546 0.00402618488 3.25764192
228 742 1.19013859 0.00396712863 3.25438596
228 742 1.19036889 0.00396789629 3.25438596
228 740 1.19431491 0.00398104971 3.24561404
228 741 1.19541467 0.00398471558 3.25
228 741 1.19486247 0.0039828749 3.25
228 741 1.1948799 0.003982933 3.25
228 741 1.19519004 0.00398396679 3.25
227 735 1.18195934 0.00393986448 3.23788546
227 735 1.18199065 0.00393996882 3.23788546
227 735 1.182303 0.00394100999 3.23788546
226 733 1.16473846 0.00388246153 3.24336283
226 733 1.16491881 0.0038830627 3.24336283
226 727 1.17657811 0.00392192704 3.21681416
226 727 1.17653335 0.00392177783 3.21681416
226 727 1.17605559 0.00392018529 3.21681416
226 727 1.17640434 0.0039213478 3.21681416
226 727 1.1762651 0.00392088366 3.21681416
226 727 1.17623446 0.00392078153 3.21681416
226 727 1.1765678 0.00392189267 3.21681416
226 727 1.17631962 0.0039210654 3.21681416
225 721 1.1591867 0.00386395568 3.20444444
225 721 1.15915947 0.00386386491 3.20444444
225 725 1.16044305 0.00386814349 3.22222222
225 725 1.16033925 0.00386779748 3.22222222
225 725 1.16056536 0.00386855119 3.22222222
225 725 1.16058616 0.00386862052 3.22222222
225 725 1.16053274 0.00386844246 3.22222222
225 725 1.16015205 0.00386717349 3.22222222
225 725 1.16047226 0.00386824088 3.22222222
225 725 1.16050709 0.00386835697 3.22222222
224 721 1.14373662 0.00381245539 3.21875
224 721 1.14239188 0.00380797294 3.21875
224 721 1.14225914 0.00380753047 3.21875
224 721 1.1424913 0.00380830432 3.21875
224 724 1.13282548 0.00377608493 3.23214286
224 723 1.12510164 0.00375033878 3.22767857
224 723 1.12473874 0.00374912915 3.22767857
224 723 1.12521655 0.00375072183 3.22767857
224 725 1.11704028 0.00372346762 3.23660714
224 725 1.11711337 0.00372371125 3.23660714
223 719 1.11658432 0.00372194773 3.22421525
223 712 1.12556641 0.00375188803 3.19282511
223 714 1.12496632 0.00374988775 3.20179372
223 719 1.11686526 0.00372288422 3.22421525
223 719 1.11673414 0.00372244712 3.22421525
223 714 1.1292146 0.00376404868 3.20179372
223 714 1.12896305 0.00376321016 3.20179372
223 720 1.11915883 0.00373052944 3.22869955
223 718 1.10524164 0.00368413881 3.21973094
223 723 1.09598783 0.00365329275 3.24215247
222 715 1.09247198 0.00364157325 3.22072072
222 715 1.09232582 0.00364108606 3.22072072
222 715 1.0924842 0.003641614 3.22072072
222 710 1.10143759 0.00367145864 3.1981982
222 712 1.1083778 0.00369459268 3.20720721
222 708 1.11308024 0.00371026747 3.18918919
222 708 1.11290397 0.00370967991 3.18918919
222 708 1.11306231 0.00371020769 3.18918919
222 708 1.11327956 0.00371093185 3.18918919
222 708 1.11283264 0.00370944214 3.18918919
221 702 1.09861424 0.00366204746 3.17647059
221 706 1.10204018 0.00367346728 3.19457014
221 706 1.10226921 0.00367423069 3.19457014
221 706 1.10199215 0.00367330718 3.19457014
221 706 1.10213966 0.00367379888 3.19457014
221 706 1.10210003 0.00367366676 3.19457014
221 708 1.10189511 0.00367298371 3.20361991
221 708 1.1014868 0.00367162268 3.20361991
221 708 1.10180005 0.00367266682 3.20361991
221 708 1.10162671 0.00367208905 3.20361991
220 704 1.08722926 0.00362409753 3.2
220 704 1.08700226 0.00362334088 3.2
220 702 1.08714265 0.00362380883 3.19090909
220 702 1.08745641 0.00362485471 3.19090909
220 702 1.08703969 0.00362346563 3.19090909
220 697 1.08383038 0.00361276792 3.16818182
220 703 1.08382632 0.0036127544 3.19545455
220 703 1.0837762 0.00361258734 3.19545455
220 703 1.08358411 0.00361194703 3.19545455
220 705 1.07163564 0.00357211879 3.20454545
219 699 1.06571316 0.00355237719 3.19178082
219 699 1.06573802 0.00355246008 3.19178082
219 699 1.06543919 0.00355146396 3.19178082
219 695 1.06949445 0.00356498149 3.17351598
219 695 1.07305292 0.00357684307 3.17351598
219 695 1.07272092 0.00357573641 3.17351598
219 696 1.06438969 0.00354796564 3.17808219
219 696 1.06408403 0.00354694677 3.17808219
219 696 1.06453914 0.00354846381 3.17808219
219 696 1.06435914 0.00354786381 3.17808219
218 689 1.052619 0.00350872999 3.16055046
218 690 1.06180337 0.00353934457 3.16513761
218 689 1.05936188 0.00353120625 3.16055046
218 686 1.06029485 0.00353431618 3.14678899
218 686 1.06022421 0.00353408069 3.14678899
218 686 1.06050464 0.00353501547 3.14678899
218 691 1.05759781 0.00352532604 3.16972477
218 686 1.06014668 0.00353382226 3.14678899
218 688 1.05668439 0.00352228131 3.1559633
218 689 1.0539107 0.00351303567 3.16055046
217 684 1.04187883 0.00347292943 3.15207373
217 684 1.04150299 0.00347167663 3.15207373
217 684 1.04174294 0.00347247647 3.15207373
217 686 1.04764249 0.00349214165 3.16129032
217 686 1.04771526 0.0034923842 3.16129032
217 688 1.0475873 0.00349195766 3.17050691
217 688 1.0420009 0.00347333634 3.17050691
217 687 1.03360895 0.00344536318 3.16589862
217 688 1.04160717 0.0034720239 3.17050691
217 686 1.04482013 0.00348273378 3.16129032
216 680 1.02880351 0.00342934504 3.14814815
216 679 1.03907973 0.00346359911 3.14351852
215 672 1.03107597 0.00343691989 3.1255814
215 672 1.03120825 0.00343736084 3.1255814
215 673 1.02092151 0.00340307171 3.13023256
215 675 1.01240538 0.00337468461 3.13953488
215 675 1.0124371 0.00337479034 3.13953488
215 674 1.00967696 0.00336558988 3.13488372
215 670 1.01288622 0.00337628739 3.11627907
215 672 1.01521833 0.0033840611 3.1255814
214 670 1.00974076 0.00336580253 3.13084112
214 668 1.00586156 0.00335287187 3.12149533
214 670 0.996531684 0.00332177228 3.13084112
214 671 0.995363256 0.00331787752 3.13551402
214 669 1.00387018 0.00334623394 3.12616822
213 664 0.996254438 0.00332084813 3.11737089
213 666 1.00259096 0.00334196988 3.12676056
213 666 1.00248641 0.00334162136 3.12676056
212 660 0.99167893 0.00330559643 3.11320755
212 660 0.991633135 0.00330544378 3.11320755
211 654 0.975544128 0.00325181376 3.09952607
211 655 0.989084462 0.00329694821 3.1042654
211 655 0.988597632 0.00329532544 3.1042654
211 655 0.988521202 0.00329507067 3.1042654
211 655 0.988572108 0.00329524036 3.1042654
211 653 0.997954389 0.00332651463 3.09478673
211 652 0.999169587 0.00333056529 3.09004739
210 648 0.989381159 0.0032979372 3.08571429
210 648 0.989572849 0.00329857616 3.08571429
209 642 0.978852171 0.00326284057 3.07177033
208 641 0.964740741 0.00321580247 3.08173077
208 641 0.964771835 0.00321590612 3.08173077
208 639 0.967132449 0.00322377483 3.07211538
208 639 0.96703244 0.00322344147 3.07211538
208 639 0.967092428 0.00322364143 3.07211538
208 639 0.96735397 0.00322451323 3.07211538
208 636 0.970294199 0.003234314 3.05769231
208 636 0.970319541 0.00323439847 3.05769231
208 636 0.96978174 0.0032326058 3.05769231
208 636 0.970435472 0.00323478491 3.05769231
207 630 0.960137661 0.00320045887 3.04347826
207 630 0.960208662 0.00320069554 3.04347826
207 630 0.960009709 0.00320003236 3.04347826
207 630 0.960065467 0.00320021822 3.04347826
206 624 0.957671777 0.00319223926 3.02912621
206 624 0.957909398 0.00319303133 3.02912621
206 624 0.95755078 0.00319183593 3.02912621
206 624 0.957393502 0.00319131167 3.02912621
206 624 0.95741728 0.00319139093 3.02912621
206 624 0.957472844 0.00319157615 3.02912621
205 620 0.940960193 0.00313653398 3.02439024
205 618 0.943228005 0.00314409335 3.01463415
205 618 0.949473252 0.00316491084 3.01463415
205 618 0.949365341 0.00316455114 3.01463415
205 618 0.949271289 0.00316423763 3.01463415
205 618 0.949357694 0.00316452565 3.01463415
205 618 0.949368906 0.00316456302 3.01463415
205 618 0.949236105 0.00316412035 3.01463415
205 618 0.949318131 0.00316439377 3.01463415
205 618 0.949418225 0.00316472742 3.01463415
204 612 0.935141762 0.00311713921 3
204 612 0.935297027 0.00311765676 3
204 613 0.93395227 0.00311317423 3.00490196
204 613 0.933960066 0.00311320022 3.00490196
204 612 0.935066131 0.0031168871 3
204 611 0.937543988 0.00312514663 2.99509804
204 611 0.937188472 0.00312396157 2.99509804
204 611 0.937365607 0.00312455202 2.99509804
204 611 0.937511304 0.00312503768 2.99509804
204 613 0.931490261 0.00310496754 3.00490196
203 608 0.928020835 0.00309340278 2.99507389
203 608 0.927860913 0.00309286971 2.99507389
203 608 0.928091687 0.00309363896 2.99507389
203 608 0.92822564 0.00309408547 2.99507389
203 608 0.92813094 0.0030937698 2.99507389
203 608 0.927954045 0.00309318015 2.99507389
203 608 0.928191234 0.00309397078 2.99507389
203 603 0.923177888 0.00307725963 2.97044335
203 603 0.923041598 0.00307680533 2.97044335
203 603 0.922785286 0.00307595095 2.97044335
202 599 0.907698895 0.00302566298 2.96534653
202 600 0.908009766 0.00302669922 2.97029703
202 597 0.913218291 0.00304406097 2.95544554
202 595 0.900423621 0.00300141207 2.94554455
202 597 0.899764875 0.00299921625 2.95544554
202 602 0.905707836 0.00301902612 2.98019802
202 602 0.907770908 0.00302590303 2.98019802
202 602 0.907865624 0.00302621875 2.98019802
202 602 0.907894445 0.00302631482 2.98019802
202 604 0.912453128 0.00304151043 2.99009901
201 599 0.912445154 0.00304148385 2.9800995
201 599 0.912487455 0.00304162485 2.9800995
201 599 0.912486989 0.0030416233 2.9800995
201 599 0.912334022 0.00304111341 2.9800995
201 599 0.91238931 0.0030412977 2.9800995
201 599 0.91246884 0.0030415628 2.9800995
201 599 0.912482325 0.00304160775 2.9800995
201 599 0.912551227 0.00304183742 2.9800995
201 599 0.912559019 0.0030418634 2.9800995
201 599 0.912404496 0.00304134832 2.9800995
200 594 0.899985629 0.0029999521 2.97
200 594 0.899850054 0.00299950018 2.97
200 597 0.900214418 0.00300071473 2.985
200 593 0.905485253 0.00301828418 2.965
200 593 0.90541188 0.0030180396 2.965
200 593 0.905324506 0.00301774835 2.965
200 593 0.905425212 0.00301808404 2.965
200 593 0.905584483 0.00301861494 2.965
200 593 0.905540639 0.0030184688 2.965
200 593 0.905433486 0.00301811162 2.965
199 588 0.896305766 0.00298768589 2.95477387
199 588 0.896357356 0.00298785785 2.95477387
199 588 0.896275149 0.00298758383 2.95477387
199 588 0.896673485 0.00298891162 2.95477387
199 588 0.896292983 0.00298764328 2.95477387
199 588 0.896295318 0.00298765106 2.95477387
199 588 0.896319967 0.00298773322 2.95477387
199 588 0.896517755 0.00298839252 2.95477387
199 588 0.896445671 0.00298815224 2.95477387
199 588 0.896260309 0.00298753436 2.95477387
198 585 0.879833481 0.00293277827 2.95454545
198 579 0.88343227 0.00294477423 2.92424242
198 586 0.884753782 0.00294917927 2.95959596
198 588 0.875732667 0.00291910889 2.96969697
198 591 0.88115148 0.0029371716 2.98484848
198 590 0.883356922 0.00294452307 2.97979798
197 581 0.877172614 0.00292390871 2.94923858
197 584 0.874929363 0.00291643121 2.96446701
197 584 0.875012698 0.00291670899 2.96446701
197 581 0.877781116 0.00292593705 2.94923858
196 575 0.867356482 0.00289118827 2.93367347
196 578 0.877753605 0.00292584535 2.94897959
196 578 0.877466918 0.00292488973 2.94897959
196 578 0.884846266 0.00294948755 2.94897959
196 574 0.885217719 0.00295072573 2.92857143
196 576 0.879048824 0.00293016275 2.93877551
196 576 0.879155621 0.00293051874 2.93877551
195 571 0.878499167 0.00292833056 2.92820513
195 571 0.878436761 0.00292812254 2.92820513
195 576 0.883836635 0.00294612212 2.95384615
194 572 0.866291052 0.00288763684 2.94845361
193 566 0.856360597 0.00285453532 2.93264249
192 559 0.849053041 0.0028301768 2.91145833
192 559 0.848896318 0.00282965439 2.91145833
192 560 0.848035911 0.00282678637 2.91666667
192 560 0.847969261 0.0028265642 2.91666667
192 556 0.84313303 0.00281044343 2.89583333
192 557 0.835410509 0.0027847017 2.90104167
192 559 0.832186318 0.00277395439 2.91145833
192 555 0.830168263 0.00276722754 2.890625
191 551 0.830062703 0.00276687568 2.88481675
190 545 0.82164672 0.0027388224 2.86842105
190 545 0.821823893 0.00273941298 2.86842105
190 545 0.829186035 0.00276395345 2.86842105
190 545 0.829074853 0.00276358284 2.86842105
189 539 0.820730429 0.0027357681 2.85185185
189 542 0.82656082 0.00275520273 2.86772487
189 542 0.826533458 0.00275511153 2.86772487
189 542 0.826715737 0.00275571912 2.86772487
189 542 0.826478264 0.00275492755 2.86772487
188 539 0.815034905 0.00271678302 2.86702128
188 539 0.825536742 0.00275178914 2.86702128
188 539 0.82589071 0.00275296903 2.86702128
188 536 0.817919478 0.00272639826 2.85106383
188 536 0.817568684 0.00272522895 2.85106383
187 529 0.817744245 0.00272581415 2.82887701
187 529 0.817597392 0.00272532464 2.82887701
187 529 0.817595716 0.00272531905 2.82887701
187 529 0.817335721 0.0027244524 2.82887701
187 532 0.82577885 0.00275259617 2.84491979
186 527 0.809055785 0.00269685262 2.83333333
186 529 0.813879946 0.00271293315 2.84408602
186 529 0.81420629 0.00271402097 2.84408602
186 528 0.816565807 0.00272188602 2.83870968
186 528 0.816057271 0.0027201909 2.83870968
186 528 0.815973329 0.0027199111 2.83870968
186 528 0.816170542 0.00272056847 2.83870968
186 528 0.816015739 0.00272005246 2.83870968
186 528 0.816094577 0.00272031526 2.83870968
186 528 0.816241249 0.00272080416 2.83870968
185 524 0.800672304 0.00266890768 2.83243243
185 524 0.801009942 0.00267003314 2.83243243
185 524 0.801271927 0.00267090642 2.83243243
185 522 0.808565839 0.00269521946 2.82162162
184 513 0.803318661 0.00267772887 2.78804348
184 513 0.802735268 0.00267578423 2.78804348
184 513 0.802648383 0.00267549461 2.78804348
184 513 0.802997837 0.00267665946 2.78804348
184 513 0.803172849 0.00267724283 2.78804348
184 513 0.802777841 0.00267592614 2.78804348
183 505 0.790814778 0.00263604926 2.75956284
183 510 0.78532074 0.0026177358 2.78688525
183 511 0.783043023 0.00261014341 2.79234973
182 508 0.783329375 0.00261109792 2.79120879
182 508 0.783174848 0.00261058283 2.79120879
182 508 0.783850283 0.00261283428 2.79120879
181 502 0.779156898 0.00259718966 2.77348066
181 500 0.777516361 0.0025917212 2.76243094
181 500 0.778664821 0.0025955494 2.76243094
181 500 0.779121125 0.00259707042 2.76243094
180 497 0.768125115 0.00256041705 2.76111111
180 497 0.768004292 0.00256001431 2.76111111
180 492 0.761352415 0.00253784138 2.73333333
180 492 0.76224923 0.00254083077 2.73333333
SP does not find any fixed points -> SP does not converge.
I am sorry I quit :(
