START ALGORITHM:
I am going to build an instance with N: 300 variables and 1245 clauses with a clause density equal to 4.15
START BSP WITH r=0.9:
Decimation scorer: cert
END UNIT PROPAGATION
300 1245 3.03196936 0.0101065645 4.15
300 1245 3.03197028 0.0101065676 4.15
300 1245 3.03227207 0.0101075736 4.15
300 1245 3.03279499 0.0101093166 4.15
300 1245 3.03323081 0.0101107694 4.15
300 1245 3.03359722 0.0101119907 4.15
300 1245 3.03374881 0.010112496 4.15
300 1245 3.0337396 0.0101124653 4.15
300 1245 3.03364592 0.0101121531 4.15
299 1232 3.02996589 0.0100998863 4.12040134
299 1232 3.02988035 0.0100996012 4.12040134
299 1232 3.02982951 0.0100994317 4.12040134
299 1232 3.02983063 0.0100994354 4.12040134
299 1232 3.02985464 0.0100995155 4.12040134
299 1232 3.02988054 0.0100996018 4.12040134
299 1232 3.0298986 0.010099662 4.12040134
299 1232 3.02990034 0.0100996678 4.12040134
299 1232 3.02988889 0.0100996296 4.12040134
299 1232 3.02986917 0.0100995639 4.12040134
298 1223 3.02542881 0.0100847627 4.10402685
298 1223 3.02542149 0.0100847383 4.10402685
298 1223 3.02543256 0.0100847752 4.10402685
298 1223 3.02540563 0.0100846854 4.10402685
298 1223 3.02535226 0.0100845075 4.10402685
298 1223 3.02531126 0.0100843709 4.10402685
298 1223 3.02530957 0.0100843652 4.10402685
298 1223 3.02532347 0.0100844116 4.10402685
298 1223 3.02534475 0.0100844825 4.10402685
298 1223 3.02537047 0.0100845682 4.10402685
297 1217 3.02078501 0.0100692834 4.0976431
297 1217 3.02074852 0.0100691617 4.0976431
297 1217 3.02075809 0.0100691936 4.0976431
297 1217 3.02078177 0.0100692726 4.0976431
297 1217 3.02079182 0.0100693061 4.0976431
297 1217 3.02079351 0.0100693117 4.0976431
297 1217 3.02078464 0.0100692821 4.0976431
297 1217 3.02077408 0.0100692469 4.0976431
297 1217 3.02076439 0.0100692146 4.0976431
297 1217 3.02075849 0.010069195 4.0976431
296 1202 3.015708 0.01005236 4.06081081
296 1202 3.01574003 0.0100524668 4.06081081
296 1202 3.01569943 0.0100523314 4.06081081
296 1202 3.01561326 0.0100520442 4.06081081
296 1202 3.01563695 0.0100521232 4.06081081
296 1202 3.01551913 0.0100517304 4.06081081
296 1202 3.01556738 0.0100518913 4.06081081
296 1202 3.0155657 0.0100518857 4.06081081
296 1202 3.01557242 0.0100519081 4.06081081
296 1202 3.01558834 0.0100519611 4.06081081
295 1193 3.01030006 0.0100343335 4.0440678
295 1193 3.01032789 0.0100344263 4.0440678
295 1193 3.01032084 0.0100344028 4.0440678
295 1193 3.01027602 0.0100342534 4.0440678
295 1193 3.01027937 0.0100342646 4.0440678
295 1193 3.01030531 0.010034351 4.0440678
295 1193 3.01031492 0.0100343831 4.0440678
295 1193 3.01031315 0.0100343772 4.0440678
295 1193 3.01031077 0.0100343692 4.0440678
295 1193 3.0103073 0.0100343577 4.0440678
294 1189 3.00355766 0.0100118589 4.04421769
294 1188 3.003415 0.0100113833 4.04081633
294 1185 3.00235298 0.0100078433 4.03061224
294 1189 3.00422329 0.0100140776 4.04421769
294 1195 3.0041595 0.010013865 4.06462585
294 1189 3.00441688 0.0100147229 4.04421769
294 1189 3.00453747 0.0100151249 4.04421769
294 1189 3.00461381 0.0100153794 4.04421769
294 1189 3.00466448 0.0100155483 4.04421769
294 1189 3.00467829 0.0100155943 4.04421769
293 1180 2.99935177 0.00999783925 4.02730375
293 1180 2.99942883 0.00999809609 4.02730375
293 1180 2.9995138 0.00999837935 4.02730375
293 1180 2.99942116 0.00999807052 4.02730375
293 1180 2.99937454 0.00999791515 4.02730375
293 1180 2.99942231 0.00999807437 4.02730375
293 1180 2.99945582 0.00999818605 4.02730375
293 1180 2.9994515 0.00999817166 4.02730375
293 1180 2.99944589 0.00999815296 4.02730375
293 1180 2.99944422 0.0099981474 4.02730375
292 1176 2.99326492 0.00997754973 4.02739726
292 1176 2.99326372 0.00997754572 4.02739726
292 1176 2.99331484 0.00997771612 4.02739726
292 1176 2.99330126 0.00997767086 4.02739726
292 1176 2.99327301 0.00997757669 4.02739726
292 1176 2.99323099 0.00997743662 4.02739726
292 1176 2.99319537 0.0099773179 4.02739726
292 1176 2.99318475 0.00997728251 4.02739726
292 1176 2.99319329 0.00997731096 4.02739726
292 1176 2.99321926 0.00997739754 4.02739726
291 1167 2.98657091 0.00995523636 4.01030928
291 1167 2.98656253 0.00995520844 4.01030928
291 1167 2.98654058 0.00995513528 4.01030928
291 1167 2.98651553 0.00995505178 4.01030928
291 1167 2.98646934 0.00995489781 4.01030928
291 1167 2.98641926 0.00995473087 4.01030928
291 1167 2.98638277 0.00995460922 4.01030928
291 1167 2.986364 0.00995454666 4.01030928
291 1167 2.98637444 0.00995458146 4.01030928
291 1167 2.98640269 0.00995467564 4.01030928
290 1160 2.97907198 0.00993023994 4
290 1160 2.97906731 0.00993022437 4
290 1160 2.97912516 0.00993041721 4
290 1160 2.97908086 0.00993026953 4
290 1160 2.9790493 0.00993016432 4
290 1160 2.97906038 0.00993020126 4
290 1160 2.97898934 0.00992996447 4
290 1160 2.97898129 0.00992993763 4
290 1160 2.97902177 0.00993007257 4
290 1160 2.97901888 0.00993006292 4
289 1150 2.97139362 0.00990464541 3.97923875
289 1152 2.96862407 0.00989541357 3.98615917
289 1149 2.97347091 0.00991156971 3.97577855
289 1149 2.9734522 0.00991150732 3.97577855
289 1149 2.97344496 0.00991148321 3.97577855
289 1149 2.97343491 0.0099114497 3.97577855
289 1149 2.97343463 0.00991144876 3.97577855
289 1149 2.9734448 0.00991148266 3.97577855
289 1149 2.97345484 0.00991151613 3.97577855
289 1149 2.97346267 0.00991154222 3.97577855
288 1142 2.96641796 0.00988805985 3.96527778
288 1142 2.96648141 0.00988827136 3.96527778
288 1142 2.96655422 0.00988851407 3.96527778
288 1142 2.96657068 0.00988856892 3.96527778
288 1142 2.96654796 0.00988849321 3.96527778
288 1142 2.96646197 0.00988820658 3.96527778
288 1140 2.96578579 0.00988595264 3.95833333
288 1141 2.96291358 0.00987637861 3.96180556
288 1140 2.96602595 0.00988675318 3.95833333
288 1136 2.96605077 0.00988683589 3.94444444
287 1132 2.960439 0.00986813 3.94425087
287 1132 2.96042116 0.00986807054 3.94425087
287 1132 2.96038373 0.00986794578 3.94425087
287 1132 2.96039128 0.00986797095 3.94425087
287 1132 2.96039247 0.00986797488 3.94425087
287 1132 2.96037156 0.0098679052 3.94425087
287 1132 2.96034107 0.00986780356 3.94425087
287 1132 2.9603049 0.009867683 3.94425087
287 1132 2.96028495 0.00986761649 3.94425087
287 1132 2.96028427 0.00986761423 3.94425087
286 1125 2.95385409 0.00984618031 3.93356643
286 1125 2.95386896 0.00984622987 3.93356643
286 1125 2.95386514 0.00984621713 3.93356643
286 1125 2.95383082 0.00984610272 3.93356643
286 1125 2.95381112 0.00984603706 3.93356643
286 1125 2.95380397 0.00984601322 3.93356643
286 1125 2.9538155 0.00984605167 3.93356643
286 1125 2.95383611 0.00984612037 3.93356643
286 1125 2.95386293 0.00984620978 3.93356643
286 1125 2.95388302 0.00984627672 3.93356643
285 1117 2.94671189 0.00982237295 3.91929825
285 1117 2.94677049 0.00982256828 3.91929825
285 1117 2.94668904 0.00982229681 3.91929825
285 1120 2.94644165 0.00982147218 3.92982456
285 1117 2.94651757 0.00982172524 3.91929825
285 1120 2.94636069 0.0098212023 3.92982456
285 1120 2.94641143 0.00982137142 3.92982456
285 1120 2.94641517 0.0098213839 3.92982456
285 1120 2.94643358 0.00982144526 3.92982456
285 1120 2.94644758 0.00982149195 3.92982456
284 1112 2.93940866 0.00979802888 3.91549296
284 1112 2.93939416 0.00979798053 3.91549296
284 1112 2.93939061 0.00979796871 3.91549296
284 1112 2.93930348 0.00979767826 3.91549296
284 1112 2.93921937 0.00979739789 3.91549296
284 1112 2.93921611 0.00979738704 3.91549296
284 1112 2.93925833 0.00979752776 3.91549296
284 1112 2.93932193 0.00979773976 3.91549296
284 1112 2.93939981 0.00979799938 3.91549296
284 1112 2.93943468 0.0097981156 3.91549296
283 1104 2.93189853 0.0097729951 3.90106007
283 1103 2.9307099 0.00976903299 3.8975265
283 1103 2.93200993 0.00977336645 3.8975265
283 1100 2.93180572 0.00977268573 3.8869258
283 1104 2.93182672 0.00977275575 3.90106007
283 1103 2.93183158 0.00977277192 3.8975265
283 1103 2.93180669 0.00977268896 3.8975265
283 1102 2.93090651 0.00976968836 3.89399293
283 1103 2.9319268 0.00977308934 3.8975265
283 1103 2.93198036 0.00977326786 3.8975265
282 1095 2.92547007 0.0097515669 3.88297872
282 1095 2.92541359 0.00975137862 3.88297872
282 1095 2.92543573 0.00975145242 3.88297872
282 1095 2.92536671 0.00975122238 3.88297872
282 1095 2.92539091 0.00975130303 3.88297872
282 1095 2.92531187 0.00975103957 3.88297872
282 1095 2.92528078 0.00975093594 3.88297872
282 1095 2.92533077 0.00975110256 3.88297872
282 1095 2.92536681 0.00975122269 3.88297872
282 1095 2.92538663 0.00975128876 3.88297872
281 1086 2.91784309 0.00972614362 3.86476868
281 1086 2.9179271 0.00972642367 3.86476868
281 1086 2.91788855 0.00972629517 3.86476868
281 1085 2.91748336 0.00972494454 3.86120996
281 1086 2.91778875 0.00972596249 3.86476868
281 1086 2.91785216 0.00972617387 3.86476868
281 1086 2.91790641 0.0097263547 3.86476868
281 1086 2.91793109 0.00972643696 3.86476868
281 1086 2.91794588 0.00972648625 3.86476868
281 1086 2.91791705 0.00972639015 3.86476868
280 1077 2.91018636 0.00970062119 3.84642857
280 1077 2.9103453 0.00970115102 3.84642857
280 1077 2.91012718 0.00970042393 3.84642857
280 1077 2.91025585 0.00970085282 3.84642857
280 1077 2.91029202 0.00970097342 3.84642857
280 1077 2.91034901 0.00970116335 3.84642857
280 1077 2.91038827 0.00970129425 3.84642857
280 1077 2.91037323 0.00970124409 3.84642857
280 1077 2.91035164 0.00970117212 3.84642857
280 1077 2.91034363 0.00970114544 3.84642857
279 1068 2.90278593 0.00967595309 3.82795699
279 1068 2.90277192 0.0096759064 3.82795699
279 1072 2.90272953 0.0096757651 3.84229391
279 1069 2.90192314 0.00967307714 3.83154122
279 1073 2.90485963 0.00968286543 3.84587814
279 1073 2.90498021 0.00968326735 3.84587814
279 1073 2.90511353 0.00968371176 3.84587814
279 1073 2.90530066 0.00968433554 3.84587814
279 1073 2.90541528 0.00968471759 3.84587814
279 1073 2.90540949 0.0096846983 3.84587814
278 1064 2.89802391 0.00966007971 3.82733813
278 1064 2.89816682 0.00966055608 3.82733813
278 1063 2.89805438 0.00966018127 3.82374101
278 1064 2.8981398 0.009660466 3.82733813
278 1064 2.89816194 0.00966053979 3.82733813
278 1064 2.89814279 0.00966047598 3.82733813
278 1064 2.89820824 0.00966069414 3.82733813
278 1064 2.89823325 0.00966077751 3.82733813
278 1064 2.89821922 0.00966073075 3.82733813
278 1064 2.89820175 0.0096606725 3.82733813
277 1055 2.89095496 0.00963651654 3.80866426
277 1055 2.89094854 0.00963649515 3.80866426
277 1055 2.89089921 0.00963633069 3.80866426
277 1055 2.89097145 0.00963657149 3.80866426
277 1055 2.89102515 0.00963675051 3.80866426
277 1055 2.89100435 0.00963668117 3.80866426
277 1055 2.89098752 0.00963662507 3.80866426
277 1055 2.89097518 0.00963658392 3.80866426
277 1055 2.89096747 0.00963655824 3.80866426
277 1055 2.89097693 0.00963658975 3.80866426
276 1046 2.88336501 0.00961121671 3.78985507
276 1046 2.88327984 0.00961093281 3.78985507
276 1046 2.88316687 0.00961055623 3.78985507
276 1048 2.88289144 0.00960963812 3.79710145
276 1046 2.88317574 0.00961058581 3.78985507
276 1046 2.88346144 0.00961153815 3.78985507
276 1046 2.88348778 0.00961162594 3.78985507
276 1046 2.88340888 0.00961136292 3.78985507
276 1046 2.88335425 0.00961118083 3.78985507
276 1046 2.88331364 0.00961104546 3.78985507
275 1039 2.87572787 0.00958575956 3.77818182
275 1039 2.87568693 0.0095856231 3.77818182
275 1039 2.87552685 0.00958508951 3.77818182
275 1039 2.8756752 0.009585584 3.77818182
275 1039 2.87571897 0.00958572989 3.77818182
275 1039 2.87565995 0.00958553317 3.77818182
275 1039 2.87565402 0.0095855134 3.77818182
275 1039 2.87564646 0.00958548819 3.77818182
275 1039 2.87564184 0.00958547281 3.77818182
275 1039 2.87565768 0.00958552561 3.77818182
274 1030 2.8676454 0.00955881799 3.75912409
274 1030 2.86764809 0.00955882695 3.75912409
274 1030 2.86762037 0.00955873457 3.75912409
274 1030 2.86766152 0.00955887172 3.75912409
274 1030 2.86766575 0.00955888582 3.75912409
274 1030 2.86765641 0.0095588547 3.75912409
274 1030 2.86764787 0.00955882624 3.75912409
274 1030 2.86764892 0.00955882973 3.75912409
274 1030 2.86765508 0.00955885026 3.75912409
274 1030 2.86765594 0.00955885313 3.75912409
273 1024 2.85927302 0.00953091006 3.75091575
273 1024 2.85922201 0.00953074002 3.75091575
273 1024 2.85913292 0.00953044306 3.75091575
273 1024 2.85930681 0.00953102269 3.75091575
273 1024 2.85939042 0.00953130141 3.75091575
273 1024 2.85933833 0.00953112778 3.75091575
273 1024 2.85929333 0.00953097777 3.75091575
273 1024 2.85926911 0.00953089702 3.75091575
273 1024 2.8592737 0.00953091232 3.75091575
273 1024 2.8593002 0.00953100068 3.75091575
272 1018 2.85039178 0.00950130594 3.74264706
272 1014 2.84948268 0.00949827558 3.72794118
272 1014 2.85291028 0.00950970093 3.72794118
272 1017 2.85256879 0.00950856263 3.73897059
272 1014 2.85303581 0.00951011935 3.72794118
272 1014 2.85300945 0.00951003151 3.72794118
272 1014 2.85297304 0.00950991013 3.72794118
272 1014 2.85288428 0.00950961428 3.72794118
272 1014 2.85288234 0.00950960779 3.72794118
272 1014 2.85297929 0.00950993097 3.72794118
271 1008 2.84491705 0.00948305682 3.7195572
271 1008 2.84487089 0.00948290296 3.7195572
271 1008 2.84480814 0.00948269379 3.7195572
271 1008 2.84484936 0.00948283121 3.7195572
271 1008 2.84491254 0.00948304178 3.7195572
271 1008 2.84489625 0.0094829875 3.7195572
271 1008 2.84487108 0.00948290362 3.7195572
271 1008 2.84486694 0.0094828898 3.7195572
271 1008 2.84488536 0.00948295119 3.7195572
271 1008 2.84488154 0.00948293847 3.7195572
270 1002 2.83691404 0.00945638014 3.71111111
270 1002 2.83692339 0.0094564113 3.71111111
270 1002 2.83692186 0.00945640621 3.71111111
270 1002 2.83688198 0.00945627328 3.71111111
270 1002 2.83687612 0.00945625372 3.71111111
270 1002 2.8369078 0.00945635934 3.71111111
270 1002 2.83695742 0.00945652472 3.71111111
270 1002 2.83699172 0.00945663908 3.71111111
270 1002 2.83699925 0.00945666415 3.71111111
270 1002 2.83698852 0.0094566284 3.71111111
269 991 2.8278829 0.00942627633 3.68401487
269 993 2.827602 0.00942534 3.69144981
269 988 2.82729669 0.00942432231 3.67286245
269 988 2.8283748 0.00942791599 3.67286245
269 988 2.82841058 0.00942803527 3.67286245
269 988 2.82839623 0.00942798743 3.67286245
269 988 2.82836833 0.00942789443 3.67286245
269 988 2.82835746 0.00942785819 3.67286245
269 988 2.82836257 0.00942787523 3.67286245
269 988 2.82837727 0.00942792422 3.67286245
268 982 2.82047416 0.00940158054 3.6641791
268 982 2.82051249 0.00940170829 3.6641791
268 982 2.82038211 0.0094012737 3.6641791
268 982 2.82050428 0.00940168093 3.6641791
268 982 2.82055386 0.0094018462 3.6641791
268 982 2.82053035 0.00940176783 3.6641791
268 982 2.8205088 0.00940169601 3.6641791
268 982 2.82049246 0.00940164154 3.6641791
268 982 2.82049427 0.00940164758 3.6641791
268 982 2.82050745 0.00940169152 3.6641791
267 976 2.81111371 0.00937037902 3.65543071
267 975 2.80632153 0.00935440509 3.65168539
267 978 2.80377666 0.00934592221 3.66292135
267 977 2.81114241 0.00937047469 3.65917603
267 980 2.81770397 0.00939234656 3.67041199
267 980 2.8176681 0.00939222701 3.67041199
267 980 2.81761343 0.00939204477 3.67041199
267 980 2.81759293 0.00939197642 3.67041199
267 980 2.81758404 0.00939194681 3.67041199
267 980 2.81760365 0.00939201218 3.67041199
266 974 2.80962524 0.00936541748 3.66165414
266 974 2.80963106 0.00936543685 3.66165414
266 974 2.80959522 0.00936531739 3.66165414
266 974 2.8096529 0.00936550967 3.66165414
266 974 2.80964634 0.00936548779 3.66165414
266 974 2.80963052 0.00936543506 3.66165414
266 974 2.80962565 0.00936541883 3.66165414
266 974 2.80962427 0.00936541422 3.66165414
266 974 2.80962901 0.00936543004 3.66165414
266 974 2.80963258 0.00936544193 3.66165414
265 965 2.80171359 0.0093390453 3.64150943
265 965 2.80177977 0.0093392659 3.64150943
265 965 2.80176603 0.00933922009 3.64150943
265 965 2.80177746 0.00933925818 3.64150943
265 965 2.80177913 0.00933926377 3.64150943
265 965 2.8017738 0.00933924601 3.64150943
265 965 2.80177055 0.00933923515 3.64150943
265 965 2.80177154 0.00933923846 3.64150943
265 965 2.80177287 0.00933924291 3.64150943
265 965 2.80177363 0.00933924544 3.64150943
264 957 2.792477 0.00930825665 3.625
264 957 2.79233778 0.0093077926 3.625
264 957 2.79235057 0.00930783523 3.625
264 957 2.79239147 0.00930797157 3.625
264 957 2.79246352 0.00930821173 3.625
264 957 2.79252226 0.00930840752 3.625
264 957 2.79251301 0.00930837671 3.625
264 957 2.79247918 0.00930826393 3.625
264 957 2.79244844 0.00930816146 3.625
264 957 2.79242833 0.00930809442 3.625
263 951 2.78256305 0.00927521016 3.61596958
263 948 2.78202005 0.00927340017 3.60456274
263 951 2.78232602 0.00927442008 3.61596958
263 950 2.78264094 0.00927546981 3.6121673
263 950 2.78263639 0.00927545464 3.6121673
263 950 2.78264776 0.00927549253 3.6121673
263 950 2.78264464 0.00927548213 3.6121673
263 950 2.78263027 0.00927543424 3.6121673
263 950 2.78262595 0.00927541984 3.6121673
263 950 2.7826305 0.00927543501 3.6121673
262 942 2.77338983 0.00924463277 3.59541985
262 942 2.77322622 0.0092440874 3.59541985
262 942 2.77331662 0.00924438874 3.59541985
262 942 2.77341995 0.00924473317 3.59541985
262 942 2.77341634 0.00924472112 3.59541985
262 942 2.77333866 0.0092444622 3.59541985
262 942 2.77335519 0.00924451731 3.59541985
262 942 2.77337159 0.00924457197 3.59541985
262 942 2.77323009 0.00924410031 3.59541985
262 942 2.77330273 0.00924434243 3.59541985
261 934 2.76303391 0.00921011303 3.57854406
261 935 2.76168852 0.00920562839 3.58237548
261 940 2.76480615 0.0092160205 3.60153257
261 941 2.76706549 0.00922355164 3.60536398
261 937 2.76235116 0.00920783719 3.59003831
261 941 2.7671804 0.00922393468 3.60536398
261 941 2.76724424 0.00922414746 3.60536398
261 941 2.76719097 0.00922396989 3.60536398
261 941 2.7671624 0.00922387468 3.60536398
261 941 2.76715138 0.00922383792 3.60536398
260 930 2.758664 0.00919554666 3.57692308
260 930 2.75860489 0.00919534963 3.57692308
260 930 2.75862633 0.00919542109 3.57692308
260 930 2.75864531 0.00919548437 3.57692308
260 930 2.75864898 0.0091954966 3.57692308
260 930 2.75863804 0.00919546014 3.57692308
260 930 2.7586324 0.00919544134 3.57692308
260 930 2.75863383 0.00919544612 3.57692308
260 930 2.75863627 0.00919545425 3.57692308
260 930 2.75863748 0.00919545828 3.57692308
259 922 2.74945848 0.00916486159 3.55984556
259 922 2.74936925 0.00916456417 3.55984556
259 922 2.74937307 0.0091645769 3.55984556
259 922 2.74942404 0.00916474681 3.55984556
259 922 2.74946766 0.00916489219 3.55984556
259 922 2.74947656 0.00916492188 3.55984556
259 922 2.74946894 0.00916489647 3.55984556
259 922 2.7494582 0.00916486068 3.55984556
259 922 2.74945001 0.00916483336 3.55984556
259 922 2.74944676 0.00916482255 3.55984556
258 913 2.74017297 0.0091339099 3.53875969
258 913 2.74015913 0.00913386378 3.53875969
258 913 2.74012215 0.00913374051 3.53875969
258 913 2.74013256 0.0091337752 3.53875969
258 913 2.74015054 0.00913383512 3.53875969
258 913 2.74015044 0.00913383479 3.53875969
258 913 2.74014402 0.00913381339 3.53875969
258 913 2.74014174 0.00913380578 3.53875969
258 913 2.74014176 0.00913380588 3.53875969
258 913 2.740142 0.00913380666 3.53875969
257 904 2.73058992 0.00910196641 3.51750973
257 904 2.73051232 0.00910170774 3.51750973
257 904 2.73042067 0.00910140223 3.51750973
257 904 2.73048966 0.00910163221 3.51750973
257 904 2.73057904 0.00910193014 3.51750973
257 904 2.73060973 0.00910203243 3.51750973
257 904 2.73059988 0.00910199959 3.51750973
257 904 2.7305805 0.00910193501 3.51750973
257 904 2.73056521 0.00910188405 3.51750973
257 904 2.73055851 0.00910186168 3.51750973
256 899 2.71985299 0.00906617663 3.51171875
256 895 2.71940883 0.0090646961 3.49609375
256 899 2.72265521 0.00907551738 3.51171875
256 899 2.72252921 0.00907509736 3.51171875
256 899 2.72260677 0.00907535591 3.51171875
256 899 2.72265063 0.0090755021 3.51171875
256 899 2.72262827 0.00907542757 3.51171875
256 899 2.72261584 0.00907538614 3.51171875
256 899 2.72261646 0.00907538819 3.51171875
256 899 2.72261709 0.00907539031 3.51171875
255 890 2.71306562 0.00904355207 3.49019608
255 890 2.71303869 0.00904346228 3.49019608
255 890 2.71304467 0.00904348223 3.49019608
255 890 2.71302257 0.00904340858 3.49019608
255 890 2.71302041 0.00904340137 3.49019608
255 890 2.71302467 0.00904341556 3.49019608
255 890 2.71302653 0.00904342176 3.49019608
255 890 2.71302565 0.00904341882 3.49019608
255 890 2.71302495 0.00904341651 3.49019608
255 890 2.71302507 0.0090434169 3.49019608
254 880 2.70083894 0.00900279647 3.46456693
254 880 2.70082075 0.00900273583 3.46456693
254 887 2.69956631 0.00899855436 3.49212598
254 880 2.70080643 0.0090026881 3.46456693
254 880 2.70080781 0.00900269271 3.46456693
254 880 2.70084866 0.00900282886 3.46456693
254 880 2.70084798 0.00900282659 3.46456693
254 880 2.70083415 0.00900278051 3.46456693
254 880 2.70082431 0.0090027477 3.46456693
254 880 2.70082462 0.00900274875 3.46456693
253 877 2.68830462 0.00896101541 3.46640316
253 877 2.68835296 0.00896117652 3.46640316
253 871 2.68774412 0.00895914707 3.44268775
253 869 2.68503734 0.00895012448 3.43478261
253 870 2.69218721 0.00897395736 3.43873518
253 870 2.6921514 0.008973838 3.43873518
253 870 2.69216321 0.00897387736 3.43873518
253 870 2.69217089 0.00897390296 3.43873518
253 870 2.69216776 0.00897389253 3.43873518
253 870 2.69216524 0.00897388415 3.43873518
252 860 2.67974813 0.00893249378 3.41269841
252 867 2.67952782 0.00893175942 3.44047619
252 860 2.67964211 0.00893214038 3.41269841
252 867 2.67957457 0.00893191523 3.44047619
252 867 2.67955453 0.00893184842 3.44047619
252 867 2.6795814 0.00893193799 3.44047619
252 867 2.67959165 0.00893197217 3.44047619
252 867 2.67959721 0.00893199068 3.44047619
252 867 2.67959609 0.00893198696 3.44047619
252 867 2.67959352 0.00893197841 3.44047619
251 857 2.66809474 0.00889364914 3.41434263
251 857 2.66785631 0.00889285438 3.41434263
251 857 2.66793797 0.00889312658 3.41434263
251 857 2.66803608 0.00889345358 3.41434263
251 857 2.66805988 0.00889353294 3.41434263
251 857 2.6680371 0.008893457 3.41434263
251 857 2.6680141 0.00889338035 3.41434263
251 857 2.66800222 0.00889334074 3.41434263
251 857 2.66800009 0.00889333362 3.41434263
251 857 2.66800374 0.0088933458 3.41434263
250 844 2.65555084 0.00885183614 3.376
250 844 2.65541954 0.00885139848 3.376
250 844 2.65550585 0.00885168617 3.376
250 844 2.65557292 0.00885190972 3.376
250 844 2.65555436 0.00885184788 3.376
250 844 2.65553803 0.00885179343 3.376
250 844 2.65553714 0.00885179047 3.376
250 844 2.65554217 0.00885180723 3.376
250 844 2.65554337 0.00885181123 3.376
250 844 2.65554227 0.00885180757 3.376
249 840 2.64231992 0.00880773307 3.37349398
249 840 2.64244559 0.00880815198 3.37349398
249 840 2.64233003 0.00880776677 3.37349398
249 840 2.64231273 0.00880770909 3.37349398
249 840 2.64236131 0.00880787102 3.37349398
249 840 2.64238477 0.00880794923 3.37349398
249 840 2.64238428 0.0088079476 3.37349398
249 840 2.64237832 0.00880792774 3.37349398
249 840 2.64237325 0.00880791084 3.37349398
249 840 2.64237014 0.00880790048 3.37349398
248 832 2.62858406 0.00876194687 3.35483871
248 832 2.62836095 0.00876120316 3.35483871
248 836 2.62784222 0.00875947405 3.37096774
248 832 2.62853538 0.00876178459 3.35483871
248 832 2.6289739 0.00876324633 3.35483871
248 832 2.62864626 0.00876215419 3.35483871
248 832 2.62849672 0.00876165575 3.35483871
248 832 2.62849227 0.00876164089 3.35483871
248 832 2.62853048 0.00876176828 3.35483871
248 832 2.62862784 0.0087620928 3.35483871
247 828 2.61412622 0.00871375405 3.35222672
247 828 2.61399986 0.00871333287 3.35222672
247 823 2.61316511 0.00871055035 3.33198381
246 818 2.60554668 0.00868515561 3.32520325
246 817 2.60676689 0.00868922295 3.32113821
246 819 2.6172227 0.00872407566 3.32926829
246 822 2.62125419 0.00873751396 3.34146341
246 829 2.62155393 0.0087385131 3.3699187
245 819 2.61157379 0.00870524598 3.34285714
245 815 2.61147008 0.00870490025 3.32653061
244 810 2.60831526 0.0086943842 3.31967213
243 807 2.5984262 0.00866142066 3.32098765
243 807 2.59831129 0.00866103762 3.32098765
243 807 2.59833524 0.00866111748 3.32098765
243 807 2.59839279 0.00866130929 3.32098765
243 807 2.59841673 0.00866138909 3.32098765
243 807 2.59840872 0.00866136241 3.32098765
243 807 2.59839451 0.00866131505 3.32098765
243 807 2.59838465 0.00866128217 3.32098765
243 807 2.59838058 0.00866126861 3.32098765
242 794 2.58732087 0.00862440289 3.28099174
242 794 2.58729931 0.00862433105 3.28099174
242 794 2.58729878 0.00862432928 3.28099174
242 794 2.58739044 0.00862463481 3.28099174
242 794 2.58735906 0.00862453019 3.28099174
242 794 2.58735138 0.00862450461 3.28099174
242 794 2.5873423 0.00862447434 3.28099174
242 794 2.58735081 0.00862450271 3.28099174
242 794 2.58734137 0.00862447124 3.28099174
242 794 2.58735566 0.00862451886 3.28099174
241 791 2.57500259 0.00858334198 3.28215768
241 786 2.57284966 0.00857616554 3.26141079
241 796 2.57597933 0.00858659776 3.30290456
241 799 2.57364795 0.00857882649 3.3153527
241 798 2.57578978 0.00858596594 3.31120332
241 793 2.57647633 0.00858825444 3.29045643
240 790 2.56675982 0.00855586608 3.29166667
240 790 2.56667829 0.0085555943 3.29166667
240 790 2.56666143 0.00855553809 3.29166667
240 790 2.56671869 0.00855572897 3.29166667
239 786 2.55561462 0.00851871539 3.28870293
239 783 2.55498109 0.00851660362 3.27615063
239 786 2.55542029 0.00851806764 3.28870293
239 786 2.55550776 0.00851835921 3.28870293
239 786 2.55559682 0.00851865607 3.28870293
239 786 2.55553642 0.00851845473 3.28870293
239 786 2.55558797 0.00851862656 3.28870293
239 786 2.55552344 0.00851841145 3.28870293
239 786 2.55558181 0.00851860602 3.28870293
239 786 2.55552497 0.00851841657 3.28870293
238 779 2.54433218 0.00848110727 3.27310924
238 779 2.54428982 0.00848096606 3.27310924
238 779 2.54419859 0.00848066196 3.27310924
238 782 2.5441567 0.00848052234 3.28571429
238 782 2.54414697 0.0084804899 3.28571429
238 782 2.54412062 0.00848040205 3.28571429
238 782 2.54411194 0.00848037313 3.28571429
238 782 2.54411343 0.00848037811 3.28571429
238 782 2.54411627 0.00848038758 3.28571429
238 782 2.54411705 0.00848039016 3.28571429
237 775 2.53300722 0.00844335739 3.27004219
237 775 2.53292495 0.00844308317 3.27004219
237 775 2.5329052 0.00844301734 3.27004219
237 775 2.53296941 0.00844323137 3.27004219
237 775 2.53302517 0.00844341723 3.27004219
237 775 2.53303975 0.00844346583 3.27004219
237 775 2.53301902 0.00844339673 3.27004219
237 775 2.53296303 0.00844321008 3.27004219
237 775 2.53299441 0.00844331469 3.27004219
237 775 2.53295228 0.00844317426 3.27004219
236 768 2.52088981 0.00840296602 3.25423729
236 768 2.52081946 0.00840273153 3.25423729
236 768 2.52093758 0.00840312526 3.25423729
236 768 2.52097358 0.00840324526 3.25423729
236 768 2.52096887 0.00840322955 3.25423729
236 768 2.52095495 0.00840318317 3.25423729
236 768 2.52094384 0.00840314613 3.25423729
236 768 2.52093785 0.00840312617 3.25423729
236 768 2.52093616 0.00840312053 3.25423729
236 768 2.52093683 0.00840312277 3.25423729
235 756 2.50897405 0.00836324683 3.21702128
235 756 2.50888433 0.00836294776 3.21702128
235 756 2.509013 0.00836337668 3.21702128
235 756 2.50906454 0.00836354847 3.21702128
235 756 2.50904774 0.00836349248 3.21702128
235 756 2.50903568 0.00836345225 3.21702128
235 756 2.50903393 0.00836344645 3.21702128
235 756 2.50903564 0.00836345214 3.21702128
235 756 2.5090366 0.00836345532 3.21702128
235 756 2.5090366 0.00836345533 3.21702128
234 752 2.49580475 0.00831934918 3.21367521
233 750 2.48836183 0.00829453944 3.21888412
233 750 2.48817224 0.00829390746 3.21888412
233 750 2.48806726 0.00829355752 3.21888412
233 750 2.48823278 0.00829410927 3.21888412
233 750 2.48827836 0.00829426119 3.21888412
233 750 2.4883402 0.00829446733 3.21888412
233 750 2.4883624 0.00829454132 3.21888412
233 750 2.48831287 0.00829437624 3.21888412
233 750 2.48832535 0.00829441783 3.21888412
232 744 2.47495793 0.00824985977 3.20689655
232 744 2.47488465 0.00824961549 3.20689655
232 744 2.4747842 0.00824928068 3.20689655
232 744 2.47485348 0.00824951162 3.20689655
232 744 2.4749126 0.00824970867 3.20689655
232 744 2.47492437 0.00824974791 3.20689655
232 744 2.47491899 0.00824972996 3.20689655
232 744 2.47491262 0.00824970874 3.20689655
232 744 2.4749094 0.00824969801 3.20689655
232 744 2.47490877 0.00824969591 3.20689655
231 740 2.46096796 0.00820322655 3.2034632
230 734 2.44885264 0.00816284214 3.19130435
230 734 2.4484138 0.00816137932 3.19130435
230 734 2.44843151 0.00816143837 3.19130435
230 734 2.4485064 0.008161688 3.19130435
230 734 2.44849952 0.00816166507 3.19130435
230 734 2.44849033 0.00816163443 3.19130435
230 734 2.44848721 0.00816162404 3.19130435
230 734 2.44848749 0.00816162497 3.19130435
230 734 2.44848829 0.00816162764 3.19130435
229 727 2.43446783 0.00811489278 3.17467249
229 727 2.43456539 0.00811521798 3.17467249
229 727 2.4344059 0.00811468634 3.17467249
229 727 2.43455437 0.00811518124 3.17467249
229 727 2.43444849 0.0081148283 3.17467249
229 727 2.43456119 0.00811520396 3.17467249
229 727 2.43444812 0.00811482706 3.17467249
229 727 2.4345544 0.00811518132 3.17467249
229 727 2.43444493 0.00811481643 3.17467249
229 727 2.43455504 0.00811518345 3.17467249
228 720 2.41901443 0.00806338142 3.15789474
228 720 2.41926503 0.00806421676 3.15789474
228 720 2.41925812 0.00806419375 3.15789474
228 720 2.4193066 0.00806435533 3.15789474
228 720 2.41931981 0.00806439936 3.15789474
228 720 2.419313 0.00806437667 3.15789474
228 720 2.41930632 0.00806435441 3.15789474
228 720 2.41930377 0.0080643459 3.15789474
228 720 2.41930365 0.00806434549 3.15789474
228 720 2.41930429 0.00806434764 3.15789474
227 716 2.40355983 0.00801186611 3.15418502
227 716 2.40343684 0.00801145614 3.15418502
227 716 2.40323192 0.00801077308 3.15418502
227 716 2.40359801 0.00801199336 3.15418502
227 716 2.40348938 0.00801163128 3.15418502
227 716 2.40347275 0.00801157582 3.15418502
227 716 2.40346283 0.00801154278 3.15418502
227 716 2.40346186 0.00801153954 3.15418502
227 716 2.40346469 0.00801154898 3.15418502
227 716 2.40346598 0.00801155326 3.15418502
226 711 2.38605129 0.00795350431 3.1460177
226 711 2.38597828 0.00795326094 3.1460177
226 711 2.38596618 0.00795322059 3.1460177
226 711 2.38637598 0.0079545866 3.1460177
226 711 2.38630739 0.00795435798 3.1460177
226 711 2.38621798 0.00795405994 3.1460177
226 711 2.38617247 0.00795390825 3.1460177
226 711 2.38615911 0.0079538637 3.1460177
226 711 2.38616118 0.0079538706 3.1460177
226 711 2.38616702 0.00795389008 3.1460177
225 705 2.36818895 0.00789396317 3.13333333
225 708 2.36796598 0.00789321994 3.14666667
225 707 2.3710961 0.00790365367 3.14222222
225 707 2.36633173 0.00788777244 3.14222222
225 708 2.37333458 0.00791111526 3.14666667
225 708 2.37312573 0.0079104191 3.14666667
225 708 2.37311619 0.00791038729 3.14666667
225 708 2.37312399 0.00791041329 3.14666667
225 708 2.37317434 0.00791058114 3.14666667
225 708 2.37313884 0.00791046278 3.14666667
224 704 2.35614801 0.00785382671 3.14285714
224 704 2.35599366 0.00785331221 3.14285714
224 702 2.35552823 0.00785176077 3.13392857
224 702 2.35553375 0.00785177918 3.13392857
224 704 2.35582149 0.00785273831 3.14285714
224 704 2.35602228 0.0078534076 3.14285714
224 704 2.35593503 0.00785311676 3.14285714
224 704 2.3560151 0.00785338367 3.14285714
224 704 2.35591824 0.0078530608 3.14285714
224 704 2.35600929 0.00785336431 3.14285714
223 698 2.33852879 0.00779509597 3.13004484
223 698 2.33847302 0.00779491007 3.13004484
223 703 2.33643228 0.00778810761 3.15246637
223 700 2.33567074 0.00778556914 3.13901345
223 703 2.34203769 0.00780679229 3.15246637
223 700 2.34153157 0.00780510522 3.13901345
223 698 2.34034934 0.00780116445 3.13004484
223 697 2.34107047 0.00780356825 3.12556054
223 697 2.34106007 0.00780353356 3.12556054
223 697 2.34108214 0.00780360712 3.12556054
222 691 2.32635973 0.00775453242 3.11261261
222 691 2.32646533 0.00775488443 3.11261261
222 691 2.32647246 0.00775490821 3.11261261
222 691 2.32647693 0.00775492309 3.11261261
222 691 2.32647641 0.00775492135 3.11261261
222 691 2.32647582 0.00775491939 3.11261261
222 691 2.32647566 0.00775491888 3.11261261
222 691 2.32647567 0.0077549189 3.11261261
222 691 2.32647569 0.00775491896 3.11261261
222 691 2.32647569 0.00775491898 3.11261261
221 688 2.31140453 0.00770468178 3.11312217
221 688 2.31138789 0.00770462628 3.11312217
221 688 2.31141881 0.00770472936 3.11312217
221 688 2.31143634 0.00770478779 3.11312217
221 688 2.311437 0.00770478999 3.11312217
221 688 2.31143463 0.00770478209 3.11312217
221 688 2.31143324 0.00770477746 3.11312217
221 688 2.31143282 0.00770477605 3.11312217
221 688 2.31143279 0.00770477598 3.11312217
221 688 2.31143285 0.00770477616 3.11312217
220 684 2.29355942 0.00764519808 3.10909091
220 683 2.29299643 0.00764332145 3.10454545
220 683 2.29301049 0.0076433683 3.10454545
220 684 2.29343711 0.00764479036 3.10909091
220 684 2.29346192 0.00764487308 3.10909091
220 684 2.29347756 0.0076449252 3.10909091
220 684 2.29348056 0.0076449352 3.10909091
220 684 2.29348022 0.00764493406 3.10909091
220 684 2.29347956 0.00764493186 3.10909091
220 684 2.29347921 0.00764493068 3.10909091
219 679 2.27526078 0.00758420259 3.10045662
219 679 2.27524959 0.0075841653 3.10045662
219 679 2.27520219 0.00758400729 3.10045662
219 679 2.27527547 0.00758425158 3.10045662
219 679 2.27525716 0.00758419052 3.10045662
219 679 2.27528486 0.00758428287 3.10045662
219 679 2.27525801 0.00758419337 3.10045662
219 679 2.27528344 0.00758427813 3.10045662
219 679 2.27525698 0.00758418994 3.10045662
219 679 2.27528326 0.00758427754 3.10045662
218 676 2.25493454 0.00751644848 3.10091743
218 674 2.25684031 0.00752280103 3.09174312
218 674 2.2606972 0.00753565732 3.09174312
218 672 2.27376077 0.00757920257 3.08256881
217 669 2.25841403 0.00752804677 3.08294931
217 669 2.25825362 0.00752751207 3.08294931
217 669 2.25798855 0.00752662852 3.08294931
217 669 2.25806385 0.0075268795 3.08294931
217 669 2.25823268 0.00752744228 3.08294931
217 669 2.25809952 0.0075269984 3.08294931
216 664 2.23995153 0.00746650511 3.07407407
216 664 2.23993005 0.00746643351 3.07407407
216 664 2.23994372 0.00746647907 3.07407407
216 664 2.23995914 0.00746653047 3.07407407
216 664 2.23997086 0.00746656953 3.07407407
216 664 2.23997911 0.00746659704 3.07407407
216 664 2.23998484 0.00746661612 3.07407407
216 664 2.23998878 0.00746662926 3.07407407
216 664 2.23999148 0.00746663825 3.07407407
216 664 2.23999332 0.00746664439 3.07407407
215 660 2.2219901 0.00740663366 3.06976744
215 658 2.22138714 0.00740462381 3.06046512
215 660 2.22592602 0.00741975339 3.06976744
215 659 2.22786363 0.00742621209 3.06511628
215 659 2.22745791 0.00742485969 3.06511628
215 659 2.22717946 0.00742393152 3.06511628
215 659 2.22693564 0.0074231188 3.06511628
215 659 2.22669849 0.0074223283 3.06511628
215 659 2.22644367 0.0074214789 3.06511628
215 659 2.22614315 0.00742047717 3.06511628
214 654 2.20815795 0.00736052651 3.05607477
214 654 2.20761099 0.00735870328 3.05607477
214 654 2.20654632 0.00735515441 3.05607477
214 654 2.20423559 0.00734745195 3.05607477
214 654 2.19735983 0.00732453275 3.05607477
214 654 2.06317297e-10 6.87724322e-13 3.05607477
214 655 0 0 3.06074766
allocating memory...
allocating memory...
allocating memory...
allocating memory...
allocating memory...
allocating memory...
walksat version 35
command line = test -solcnf -cutoff 100000000 -best -seed 1234567 -numsol 10 ./residualformula_seed4.cnf
seed = 1234567
cutoff = 100000000
tries = 10
heuristic = best, noise 50 / 100
tail starts after flip = 900
numatom = 300, numclause = 655, numliterals = 1822
wff read in

    lowest     final       avg     noise     noise     total                 avg        mean        mean
    #unsat    #unsat     noise   std dev     ratio     flips              length       flips       flips
      this      this      this      this      this      this   success   success       until         std
       try       try       try       try       try       try      rate     tries      assign         dev

         0         0      0.00      0.00      0.00       828       100       828      828.00
         0         0      0.00      0.00      0.00       727       100       777      777.50       71.42
         0         0      3.01      1.84      1.63      1065       100       873      873.33      173.50
         0         0      2.17      1.41      1.54      1208       100       957      957.00      219.25
         0         0      5.41      3.06      1.77      2089       100      1183     1183.40      540.68
         0         0      1.72      0.93      1.86       946       100      1143     1143.83      493.22
         0         0      0.00      0.00      0.00       369       100      1033     1033.14      537.11
         0         0      1.61      1.19      1.36      1025       100      1032     1032.12      497.27
         0         0      2.27      1.63      1.39       965       100      1024     1024.67      465.69
         0         0      0.00      0.00      0.00       587       100       980      980.90      460.36

total elapsed seconds = 0.000000
average flips per second = -9223372036854775808
number solutions found = 10
final success rate = 100.000000
average length successful tries = 980
mean flips until assign = 980.900000
  variance = 211930.100000
  standard deviation = 460.358665
  standard error of mean = 145.578192
mean seconds until assign = 0.000000
  variance = 0.000000
  standard deviation = 0.000000
  standard error of mean = 0.000000
mean restarts until assign = 1.000000
  variance = 0.000000
  standard deviation = 0.000000
  standard error of mean = 0.000000
final noise level statistics
    statistics over all runs:
      overall mean average noise level = 2.698725
      overall mean noise std deviation = 1.675312
      overall ratio mean noise to mean std dev = 1.610879
    statistics on successful runs:
      successful mean average noise level = 2.698725
      successful mean noise std deviation = 1.675312
      successful ratio mean noise to mean std dev = 1.610879
    statistics on nonsuccessful runs:
      nonsuccessful mean average noise level = 0.000000
      nonsuccessful mean noise std deviation = 0.000000
      nonsuccessful ratio mean noise to mean std dev = 0.000000
ASSIGNMENT FOUND
Check and white a solution
time of whitening    freezing probability
8	 	 	 	1
8	 	 	 	1
7	 	 	 	1
8	 	 	 	1
7	 	 	 	1
8	 	 	 	1
9	 	 	 	1
7	 	 	 	1
7	 	 	 	1
7	 	 	 	1
