START ALGORITHM:
I am going to build an instance with N: 300 variables and 1245 clauses with a clause density equal to 4.15
START BSP WITH r=0.9:
Decimation scorer: cert
END UNIT PROPAGATION
300 1245 3.03196936 0.0101065645 4.15
300 1245 3.03244945 0.0101081648 4.15
300 1245 3.03281964 0.0101093988 4.15
300 1245 3.03318752 0.0101106251 4.15
300 1245 3.03338335 0.0101112778 4.15
300 1245 3.03358768 0.0101119589 4.15
300 1245 3.03357802 0.0101119267 4.15
300 1245 3.03357131 0.0101119044 4.15
300 1245 3.03351035 0.0101117012 4.15
299 1241 3.02586912 0.0100862304 4.15050167
299 1241 3.02583068 0.0100861023 4.15050167
299 1230 3.02802365 0.0100934122 4.11371237
299 1230 3.02808596 0.0100936199 4.11371237
299 1230 3.02806465 0.0100935488 4.11371237
299 1232 3.0298306 0.0100994353 4.12040134
299 1232 3.02978487 0.0100992829 4.12040134
299 1232 3.02979766 0.0100993255 4.12040134
299 1232 3.02977964 0.0100992655 4.12040134
299 1232 3.02981894 0.0100993965 4.12040134
298 1226 3.0250919 0.0100836397 4.11409396
298 1226 3.02507765 0.0100835922 4.11409396
298 1226 3.02512224 0.0100837408 4.11409396
298 1226 3.02510121 0.0100836707 4.11409396
298 1226 3.02507889 0.0100835963 4.11409396
298 1226 3.02507156 0.0100835719 4.11409396
298 1223 3.02533106 0.0100844369 4.10402685
298 1223 3.0253112 0.0100843707 4.10402685
298 1223 3.02530639 0.0100843546 4.10402685
298 1223 3.02529635 0.0100843212 4.10402685
297 1219 3.01834453 0.0100611484 4.1043771
297 1217 3.02079385 0.0100693128 4.0976431
297 1217 3.02077545 0.0100692515 4.0976431
297 1217 3.02078784 0.0100692928 4.0976431
297 1217 3.02078375 0.0100692792 4.0976431
297 1217 3.02075319 0.0100691773 4.0976431
297 1217 3.02072833 0.0100690944 4.0976431
297 1217 3.02072875 0.0100690958 4.0976431
297 1217 3.02074304 0.0100691435 4.0976431
297 1217 3.02069181 0.0100689727 4.0976431
296 1202 3.01574039 0.010052468 4.06081081
296 1202 3.01568993 0.0100522998 4.06081081
296 1202 3.01566911 0.0100522304 4.06081081
296 1202 3.01563057 0.0100521019 4.06081081
296 1202 3.01563042 0.0100521014 4.06081081
296 1202 3.01559702 0.0100519901 4.06081081
296 1202 3.01564612 0.0100521537 4.06081081
296 1202 3.01566827 0.0100522276 4.06081081
296 1202 3.01572614 0.0100524205 4.06081081
296 1202 3.01574669 0.010052489 4.06081081
295 1193 3.0101297 0.0100337657 4.0440678
295 1193 3.01025696 0.0100341899 4.0440678
295 1193 3.01041139 0.0100347046 4.0440678
295 1193 3.01034146 0.0100344715 4.0440678
295 1193 3.01026245 0.0100342082 4.0440678
295 1193 3.01022064 0.0100340688 4.0440678
295 1193 3.01014025 0.0100338008 4.0440678
295 1193 3.01015014 0.0100338338 4.0440678
295 1193 3.01023487 0.0100341162 4.0440678
295 1193 3.01030829 0.010034361 4.0440678
294 1185 3.0018347 0.0100061157 4.03061224
294 1183 3.00186501 0.0100062167 4.02380952
294 1184 3.00319852 0.0100106617 4.02721088
294 1184 3.00316412 0.0100105471 4.02721088
294 1184 3.00326426 0.0100108809 4.02721088
294 1189 3.00335627 0.0100111876 4.04421769
294 1189 3.00343699 0.0100114566 4.04421769
294 1189 3.0035559 0.010011853 4.04421769
294 1189 3.00344834 0.0100114945 4.04421769
294 1189 3.00354094 0.0100118031 4.04421769
293 1184 2.99727243 0.00999090811 4.04095563
293 1180 2.99947255 0.00999824182 4.02730375
293 1180 2.99942288 0.00999807625 4.02730375
293 1180 2.99940241 0.00999800805 4.02730375
293 1180 2.99952761 0.00999842535 4.02730375
293 1180 2.99943029 0.00999810096 4.02730375
293 1180 2.99944218 0.00999814061 4.02730375
293 1180 2.99944217 0.00999814057 4.02730375
293 1180 2.9994748 0.00999824935 4.02730375
293 1180 2.99935745 0.00999785816 4.02730375
292 1171 2.99264627 0.00997548758 4.01027397
292 1171 2.99255647 0.00997518825 4.01027397
292 1171 2.99251392 0.00997504641 4.01027397
292 1171 2.99238713 0.00997462377 4.01027397
292 1171 2.99237221 0.00997457403 4.01027397
292 1171 2.99238415 0.00997461383 4.01027397
292 1171 2.9925021 0.00997500701 4.01027397
292 1171 2.99261684 0.00997538946 4.01027397
292 1171 2.99273259 0.00997577531 4.01027397
292 1171 2.99259241 0.00997530803 4.01027397
291 1162 2.98247741 0.00994159137 3.99312715
291 1161 2.98451927 0.00994839758 3.98969072
291 1163 2.98445866 0.00994819553 3.99656357
291 1161 2.98450212 0.0099483404 3.98969072
291 1164 2.98514781 0.00995049271 4
291 1164 2.98501716 0.00995005721 4
291 1164 2.98505064 0.00995016881 4
291 1164 2.98489684 0.00994965615 4
291 1164 2.98489849 0.00994966164 4
291 1164 2.98490325 0.00994967749 4
290 1155 2.97545637 0.0099181879 3.98275862
290 1156 2.97719204 0.00992397347 3.9862069
290 1156 2.97703217 0.00992344057 3.9862069
290 1156 2.97693709 0.00992312365 3.9862069
290 1156 2.97685187 0.00992283958 3.9862069
290 1156 2.97702206 0.00992340687 3.9862069
290 1160 2.9792921 0.00993097366 4
290 1160 2.97927578 0.00993091926 4
290 1160 2.97907835 0.00993026116 4
290 1160 2.97912421 0.00993041402 4
289 1152 2.96867734 0.00989559113 3.98615917
289 1151 2.97130264 0.00990434214 3.98269896
289 1151 2.97159626 0.00990532086 3.98269896
289 1151 2.9713098 0.00990436601 3.98269896
289 1150 2.97197347 0.00990657825 3.97923875
289 1150 2.97249523 0.00990831742 3.97923875
289 1150 2.97278075 0.00990926917 3.97923875
289 1150 2.97272062 0.00990906874 3.97923875
289 1150 2.97277642 0.00990925475 3.97923875
289 1150 2.97273498 0.0099091166 3.97923875
288 1145 2.96380323 0.0098793441 3.97569444
288 1143 2.96587553 0.00988625178 3.96875
288 1143 2.9658429 0.00988614298 3.96875
288 1143 2.96576082 0.0098858694 3.96875
288 1143 2.96555761 0.00988519202 3.96875
288 1143 2.96545194 0.00988483981 3.96875
288 1143 2.96550683 0.00988502276 3.96875
288 1143 2.9658296 0.00988609867 3.96875
288 1143 2.96581901 0.00988606336 3.96875
288 1143 2.96572412 0.00988574706 3.96875
287 1133 2.95733077 0.00985776925 3.94773519
287 1133 2.95755867 0.0098585289 3.94773519
287 1133 2.95855651 0.00986185505 3.94773519
287 1133 2.95843264 0.00986144212 3.94773519
287 1132 2.96007886 0.00986692954 3.94425087
287 1132 2.96038649 0.00986795497 3.94425087
287 1132 2.960541 0.00986847001 3.94425087
287 1132 2.9605557 0.00986851899 3.94425087
287 1132 2.96041804 0.00986806013 3.94425087
287 1132 2.9604586 0.00986819535 3.94425087
286 1124 2.95302654 0.00984342179 3.93006993
286 1124 2.95315457 0.00984384857 3.93006993
286 1124 2.95318064 0.00984393547 3.93006993
286 1125 2.95392433 0.00984641443 3.93356643
286 1125 2.95377618 0.0098459206 3.93356643
286 1125 2.95369298 0.00984564325 3.93356643
286 1125 2.95373986 0.00984579952 3.93356643
286 1125 2.95381095 0.00984603649 3.93356643
286 1125 2.9538947 0.00984631568 3.93356643
286 1125 2.95389711 0.00984632368 3.93356643
285 1120 2.94633201 0.0098211067 3.92982456
285 1120 2.94643902 0.00982146342 3.92982456
285 1120 2.94650962 0.00982169875 3.92982456
285 1120 2.94641788 0.00982139294 3.92982456
285 1120 2.94627325 0.00982091084 3.92982456
285 1120 2.94595376 0.00981984585 3.92982456
285 1120 2.94596073 0.00981986911 3.92982456
285 1117 2.94647894 0.00982159648 3.91929825
285 1117 2.94684448 0.00982281495 3.91929825
285 1117 2.94700084 0.00982333614 3.91929825
284 1108 2.93727756 0.00979092519 3.90140845
284 1108 2.93723232 0.00979077441 3.90140845
284 1109 2.93871234 0.00979570779 3.90492958
284 1109 2.93878876 0.00979596252 3.90492958
284 1109 2.93850006 0.0097950002 3.90492958
284 1110 2.93339053 0.00977796844 3.9084507
284 1110 2.9332709 0.00977756966 3.9084507
284 1108 2.93666843 0.00978889477 3.90140845
284 1108 2.93685294 0.00978950979 3.90140845
284 1108 2.9369723 0.00978990765 3.90140845
283 1103 2.9304101 0.00976803367 3.8975265
283 1103 2.930475 0.00976824999 3.8975265
283 1103 2.93041648 0.00976805494 3.8975265
283 1103 2.93031514 0.00976771712 3.8975265
283 1103 2.93045184 0.00976817281 3.8975265
283 1103 2.93200475 0.00977334915 3.8975265
283 1103 2.93194292 0.00977314305 3.8975265
283 1103 2.93178398 0.00977261327 3.8975265
283 1100 2.93170152 0.00977233839 3.8869258
283 1100 2.93182212 0.00977274039 3.8869258
282 1095 2.92534892 0.00975116308 3.88297872
282 1095 2.92547452 0.00975158174 3.88297872
282 1095 2.92547683 0.00975158943 3.88297872
282 1095 2.92533598 0.00975111994 3.88297872
282 1095 2.92526661 0.00975088869 3.88297872
282 1095 2.92525801 0.00975086002 3.88297872
282 1095 2.92534819 0.00975116064 3.88297872
282 1095 2.92526997 0.00975089989 3.88297872
282 1095 2.92548577 0.00975161922 3.88297872
282 1095 2.92546857 0.0097515619 3.88297872
281 1086 2.91778688 0.00972595627 3.86476868
281 1086 2.91772254 0.00972574179 3.86476868
281 1085 2.91754434 0.00972514781 3.86120996
281 1085 2.91750886 0.00972502953 3.86120996
281 1085 2.91772474 0.00972574912 3.86120996
281 1085 2.91777558 0.0097259186 3.86120996
281 1085 2.91762384 0.0097254128 3.86120996
281 1085 2.91766789 0.00972555964 3.86120996
281 1085 2.91774019 0.00972580063 3.86120996
281 1085 2.91769076 0.00972563585 3.86120996
280 1075 2.90909433 0.00969698112 3.83928571
280 1076 2.91019272 0.0097006424 3.84285714
280 1076 2.90982313 0.00969941042 3.84285714
280 1076 2.90992922 0.00969976407 3.84285714
280 1076 2.91004482 0.0097001494 3.84285714
280 1076 2.91032978 0.00970109927 3.84285714
280 1076 2.91024854 0.00970082848 3.84285714
280 1076 2.9101284 0.009700428 3.84285714
280 1076 2.91017928 0.00970059759 3.84285714
280 1076 2.91009028 0.00970030095 3.84285714
279 1070 2.90169953 0.00967233178 3.83512545
279 1066 2.90178834 0.00967262781 3.82078853
279 1067 2.90174881 0.00967249603 3.82437276
279 1067 2.90178514 0.00967261713 3.82437276
279 1067 2.90186781 0.0096728927 3.82437276
279 1067 2.90199134 0.00967330446 3.82437276
279 1067 2.9018507 0.00967283567 3.82437276
279 1071 2.90255099 0.00967516995 3.83870968
279 1068 2.90185308 0.00967284361 3.82795699
279 1068 2.90161556 0.00967205187 3.82795699
278 1060 2.89479586 0.00964931954 3.81294964
278 1060 2.89430254 0.00964767514 3.81294964
278 1060 2.89425049 0.00964750162 3.81294964
278 1060 2.89446494 0.00964821648 3.81294964
278 1060 2.89472261 0.00964907537 3.81294964
278 1060 2.89471653 0.00964905511 3.81294964
278 1064 2.89839274 0.00966130914 3.82733813
278 1064 2.89818522 0.00966061739 3.82733813
278 1064 2.8982228 0.00966074267 3.82733813
278 1064 2.89769068 0.00965896894 3.82733813
277 1055 2.88994987 0.00963316622 3.80866426
277 1055 2.88994685 0.00963315617 3.80866426
277 1055 2.88978594 0.0096326198 3.80866426
277 1055 2.88994999 0.00963316662 3.80866426
277 1055 2.89005603 0.00963352011 3.80866426
277 1055 2.89100825 0.00963669416 3.80866426
277 1055 2.89095354 0.00963651179 3.80866426
277 1055 2.89086523 0.00963621743 3.80866426
277 1055 2.89077216 0.0096359072 3.80866426
277 1055 2.89097369 0.00963657897 3.80866426
276 1046 2.88332902 0.00961109674 3.78985507
276 1046 2.88334655 0.00961115516 3.78985507
276 1046 2.88325076 0.00961083586 3.78985507
276 1046 2.8832102 0.00961070067 3.78985507
276 1046 2.88334525 0.00961115083 3.78985507
276 1046 2.88333314 0.00961111048 3.78985507
276 1046 2.8833272 0.00961109065 3.78985507
276 1046 2.88331993 0.00961106643 3.78985507
276 1046 2.8833794 0.00961126468 3.78985507
276 1046 2.88336097 0.00961120323 3.78985507
275 1037 2.87523943 0.00958413144 3.77090909
275 1037 2.87530708 0.00958435692 3.77090909
275 1037 2.87524358 0.00958414526 3.77090909
275 1037 2.87517827 0.00958392756 3.77090909
275 1037 2.87528187 0.00958427289 3.77090909
275 1037 2.87546995 0.00958489985 3.77090909
275 1037 2.8753434 0.00958447799 3.77090909
275 1037 2.87523371 0.00958411237 3.77090909
275 1037 2.87510012 0.00958366708 3.77090909
275 1037 2.87526744 0.00958422479 3.77090909
274 1027 2.86224614 0.00954082048 3.74817518
274 1027 2.86224414 0.0095408138 3.74817518
274 1026 2.86469137 0.00954897125 3.74452555
274 1030 2.8676465 0.00955882167 3.75912409
274 1030 2.86771165 0.00955903882 3.75912409
274 1030 2.86773405 0.0095591135 3.75912409
274 1030 2.86767388 0.00955891293 3.75912409
274 1030 2.86766464 0.00955888215 3.75912409
274 1030 2.86763427 0.00955878089 3.75912409
274 1030 2.86769667 0.00955898889 3.75912409
273 1020 2.85781854 0.00952606182 3.73626374
273 1019 2.85762469 0.00952541564 3.73260073
273 1024 2.85924589 0.00953081963 3.75091575
273 1024 2.85924286 0.00953080952 3.75091575
273 1024 2.85928645 0.00953095485 3.75091575
273 1024 2.85912265 0.00953040884 3.75091575
273 1024 2.85937153 0.00953123844 3.75091575
273 1024 2.85935147 0.00953117157 3.75091575
273 1024 2.85933509 0.00953111697 3.75091575
273 1024 2.85928064 0.00953093546 3.75091575
272 1019 2.84765931 0.0094921977 3.74632353
272 1016 2.8487602 0.00949586733 3.73529412
272 1016 2.84879202 0.00949597339 3.73529412
272 1014 2.84959525 0.00949865084 3.72794118
272 1015 2.8454306 0.00948476866 3.73161765
272 1015 2.84548141 0.00948493802 3.73161765
272 1015 2.84545515 0.0094848505 3.73161765
272 1018 2.85030248 0.00950100825 3.74264706
272 1018 2.85029611 0.00950098704 3.74264706
272 1018 2.85049183 0.00950163945 3.74264706
271 1008 2.84497418 0.00948324725 3.7195572
271 1008 2.8450053 0.009483351 3.7195572
271 1008 2.84500109 0.00948333696 3.7195572
271 1011 2.84481117 0.00948270389 3.73062731
271 1011 2.84478944 0.00948263148 3.73062731
271 1011 2.84476067 0.00948253558 3.73062731
271 1011 2.84466203 0.00948220676 3.73062731
271 1011 2.84477829 0.00948259431 3.73062731
271 1011 2.84481405 0.00948271349 3.73062731
271 1011 2.84482829 0.00948276096 3.73062731
270 1002 2.83692891 0.00945642971 3.71111111
270 1002 2.83684407 0.0094561469 3.71111111
270 1002 2.83680012 0.00945600041 3.71111111
270 1002 2.83695416 0.00945651388 3.71111111
270 1002 2.83696323 0.00945654411 3.71111111
270 1002 2.83690063 0.00945633544 3.71111111
270 1002 2.83697161 0.00945657203 3.71111111
270 1002 2.83689454 0.00945631512 3.71111111
270 1002 2.83681206 0.00945604019 3.71111111
270 1002 2.83690054 0.00945633512 3.71111111
269 996 2.8259266 0.00941975534 3.70260223
269 993 2.82746082 0.00942486939 3.69144981
269 991 2.82793138 0.00942643792 3.68401487
269 991 2.82793812 0.00942646039 3.68401487
269 991 2.8279261 0.00942642032 3.68401487
269 991 2.82785585 0.00942618616 3.68401487
269 991 2.82777259 0.00942590863 3.68401487
269 991 2.82793612 0.00942645373 3.68401487
269 991 2.82801087 0.00942670291 3.68401487
269 991 2.82804479 0.00942681597 3.68401487
268 980 2.81669015 0.00938896717 3.65671642
268 982 2.82055422 0.0094018474 3.6641791
268 982 2.82042273 0.00940140908 3.6641791
268 982 2.82050208 0.00940167358 3.6641791
268 982 2.8205528 0.00940184266 3.6641791
268 982 2.82056989 0.00940189964 3.6641791
268 982 2.82054827 0.00940182757 3.6641791
268 982 2.82044254 0.00940147515 3.6641791
268 982 2.82043412 0.00940144706 3.6641791
268 982 2.82054523 0.00940181743 3.6641791
267 976 2.81110685 0.00937035618 3.65543071
267 976 2.81115252 0.00937050839 3.65543071
267 976 2.81098674 0.0093699558 3.65543071
267 975 2.80609804 0.00935366015 3.65168539
267 977 2.81137903 0.00937126343 3.65917603
267 977 2.81139003 0.00937130009 3.65917603
267 980 2.81768661 0.00939228869 3.67041199
267 980 2.81756815 0.00939189382 3.67041199
267 980 2.81761566 0.00939205222 3.67041199
267 980 2.81751686 0.00939172287 3.67041199
266 970 2.80771156 0.00935903854 3.64661654
266 970 2.80770535 0.00935901783 3.64661654
266 970 2.80772715 0.00935909049 3.64661654
266 970 2.80779428 0.00935931426 3.64661654
266 974 2.80968492 0.00936561639 3.66165414
266 974 2.80954997 0.00936516655 3.66165414
266 974 2.80961569 0.00936538563 3.66165414
266 971 2.80957863 0.00936526211 3.65037594
266 971 2.80953345 0.00936511149 3.65037594
266 971 2.80955457 0.0093651819 3.65037594
265 962 2.79894595 0.00932981983 3.63018868
265 963 2.79991217 0.00933304057 3.63396226
265 965 2.80174968 0.00933916561 3.64150943
265 965 2.80160552 0.00933868508 3.64150943
265 965 2.80151012 0.00933836706 3.64150943
265 965 2.80174615 0.00933915383 3.64150943
265 965 2.8019096 0.00933969867 3.64150943
265 965 2.80183193 0.00933943977 3.64150943
265 965 2.80166102 0.00933887006 3.64150943
265 965 2.80172692 0.00933908974 3.64150943
264 956 2.79186394 0.00930621313 3.62121212
264 956 2.79182192 0.00930607306 3.62121212
264 956 2.79184633 0.00930615443 3.62121212
264 959 2.79167597 0.00930558656 3.63257576
264 959 2.7915367 0.00930512234 3.63257576
264 956 2.79139954 0.00930466513 3.62121212
264 959 2.79156433 0.00930521445 3.63257576
264 959 2.79172188 0.00930573959 3.63257576
264 959 2.79166825 0.00930556082 3.63257576
264 959 2.7916289 0.00930542967 3.63257576
263 951 2.78248364 0.00927494546 3.61596958
263 951 2.78236722 0.00927455742 3.61596958
263 951 2.78248413 0.00927494712 3.61596958
263 951 2.78249943 0.00927499809 3.61596958
263 951 2.78247323 0.00927491078 3.61596958
263 951 2.78241826 0.00927472754 3.61596958
263 951 2.78251712 0.00927505708 3.61596958
263 951 2.7824552 0.00927485068 3.61596958
263 951 2.78247684 0.00927492281 3.61596958
263 951 2.78253594 0.00927511981 3.61596958
262 942 2.7733109 0.00924436967 3.59541985
262 942 2.77327635 0.00924425451 3.59541985
262 942 2.77318861 0.00924396205 3.59541985
262 942 2.77335454 0.00924451513 3.59541985
262 942 2.77351885 0.00924506282 3.59541985
262 942 2.77347557 0.00924491856 3.59541985
262 942 2.77334284 0.00924447613 3.59541985
262 942 2.77335326 0.00924451087 3.59541985
262 942 2.77334127 0.00924447089 3.59541985
262 942 2.77335255 0.00924450851 3.59541985
261 939 2.76165208 0.00920550692 3.59770115
261 935 2.76170411 0.00920568035 3.58237548
261 933 2.76173161 0.00920577202 3.57471264
261 933 2.76173738 0.00920579127 3.57471264
261 933 2.76202508 0.00920675027 3.57471264
261 933 2.76447572 0.00921491906 3.57471264
261 933 2.76444195 0.0092148065 3.57471264
261 933 2.76449488 0.00921498294 3.57471264
261 933 2.76446714 0.00921489048 3.57471264
261 941 2.76717972 0.00922393241 3.60536398
260 932 2.75231272 0.00917437573 3.58461538
260 936 2.75636949 0.00918789829 3.6
260 936 2.75619503 0.00918731676 3.6
260 930 2.7583756 0.00919458532 3.57692308
260 930 2.75881656 0.00919605519 3.57692308
260 930 2.75865414 0.00919551381 3.57692308
260 930 2.7585614 0.00919520468 3.57692308
260 930 2.7586319 0.00919543968 3.57692308
260 930 2.75858901 0.00919529672 3.57692308
260 930 2.75848058 0.00919493527 3.57692308
259 922 2.74938182 0.00916460605 3.55984556
259 922 2.74931815 0.00916439383 3.55984556
259 922 2.74941146 0.00916470485 3.55984556
259 922 2.7494656 0.00916488532 3.55984556
259 922 2.74950533 0.00916501776 3.55984556
259 922 2.7494526 0.00916484201 3.55984556
259 922 2.74929865 0.00916432884 3.55984556
259 922 2.74927323 0.00916424409 3.55984556
259 922 2.74941715 0.00916472382 3.55984556
259 922 2.7496113 0.00916537101 3.55984556
258 913 2.73544178 0.00911813928 3.53875969
258 913 2.74021338 0.0091340446 3.53875969
258 913 2.74016622 0.0091338874 3.53875969
258 913 2.73983789 0.00913279298 3.53875969
258 913 2.73992539 0.00913308464 3.53875969
258 913 2.74016996 0.00913389987 3.53875969
258 913 2.74021156 0.00913403854 3.53875969
258 913 2.74017792 0.00913392641 3.53875969
258 913 2.74012058 0.00913373526 3.53875969
258 913 2.74002883 0.00913342944 3.53875969
257 904 2.73042523 0.00910141744 3.51750973
257 904 2.73063148 0.00910210495 3.51750973
257 904 2.73047607 0.00910158691 3.51750973
257 904 2.73051735 0.0091017245 3.51750973
257 904 2.73060982 0.00910203273 3.51750973
257 904 2.73065684 0.00910218948 3.51750973
257 904 2.73070254 0.00910234182 3.51750973
257 904 2.73067991 0.00910226637 3.51750973
257 904 2.73061192 0.00910203973 3.51750973
257 904 2.73070764 0.0091023588 3.51750973
256 891 2.71687928 0.00905626427 3.48046875
256 899 2.71990842 0.0090663614 3.51171875
256 895 2.71926456 0.0090642152 3.49609375
256 895 2.71915935 0.00906386451 3.49609375
256 895 2.71929255 0.00906430851 3.49609375
256 895 2.71926194 0.00906420646 3.49609375
256 895 2.71919091 0.00906396969 3.49609375
256 895 2.71903138 0.00906343795 3.49609375
256 899 2.72260698 0.0090753566 3.51171875
256 899 2.72261148 0.0090753716 3.51171875
255 895 2.70932771 0.00903109236 3.50980392
255 890 2.71290334 0.00904301112 3.49019608
255 890 2.71311915 0.00904373049 3.49019608
255 890 2.71313587 0.00904378624 3.49019608
255 890 2.71309415 0.00904364716 3.49019608
255 890 2.71303569 0.0090434523 3.49019608
255 890 2.71314561 0.00904381869 3.49019608
255 890 2.71303382 0.00904344608 3.49019608
255 890 2.71310917 0.00904369724 3.49019608
255 890 2.71306627 0.00904355423 3.49019608
254 881 2.70025806 0.00900086018 3.46850394
254 881 2.70013032 0.00900043439 3.46850394
254 886 2.69986272 0.00899954241 3.48818898
254 886 2.69973056 0.00899910188 3.48818898
254 886 2.69980304 0.00899934348 3.48818898
254 886 2.69971315 0.00899904383 3.48818898
254 886 2.69993371 0.00899977902 3.48818898
254 886 2.69985437 0.00899951458 3.48818898
254 886 2.69991988 0.00899973294 3.48818898
254 886 2.69987999 0.00899959995 3.48818898
253 883 2.68650873 0.00895502911 3.49011858
253 877 2.68722649 0.00895742163 3.46640316
253 870 2.6921401 0.00897380035 3.43873518
253 870 2.69227033 0.00897423443 3.43873518
253 870 2.69215063 0.00897383542 3.43873518
253 870 2.69241651 0.00897472168 3.43873518
253 870 2.69219616 0.00897398719 3.43873518
253 870 2.69221832 0.00897406107 3.43873518
253 870 2.69216306 0.00897387686 3.43873518
253 870 2.69236369 0.00897454564 3.43873518
252 857 2.67919321 0.00893064402 3.40079365
252 867 2.67958713 0.0089319571 3.44047619
252 867 2.67950171 0.00893167236 3.44047619
252 867 2.67956869 0.00893189564 3.44047619
252 867 2.67966006 0.00893220021 3.44047619
252 866 2.67927937 0.00893093123 3.43650794
252 866 2.67916077 0.00893053589 3.43650794
252 867 2.67961074 0.00893203579 3.44047619
252 867 2.67953373 0.00893177909 3.44047619
252 867 2.67955794 0.00893185979 3.44047619
251 863 2.66522936 0.00888409788 3.43824701
251 863 2.66646012 0.00888820039 3.43824701
251 863 2.66680812 0.00888936041 3.43824701
251 863 2.66689146 0.00888963819 3.43824701
251 863 2.66690636 0.00888968787 3.43824701
251 863 2.66683156 0.00888943854 3.43824701
251 863 2.66677557 0.00888925191 3.43824701
251 863 2.66673888 0.00888912961 3.43824701
251 863 2.66681591 0.00888938635 3.43824701
251 857 2.66794213 0.00889314042 3.41434263
250 853 2.65197959 0.00883993197 3.412
250 853 2.65198616 0.00883995388 3.412
250 853 2.654906 0.00884968668 3.412
250 853 2.6548693 0.00884956432 3.412
250 853 2.65484774 0.00884949246 3.412
250 853 2.65486203 0.00884954011 3.412
250 853 2.65506964 0.00885023212 3.412
250 853 2.65487919 0.00884959729 3.412
250 844 2.65547193 0.00885157309 3.376
250 844 2.6554788 0.00885159599 3.376
249 840 2.64084669 0.00880282231 3.37349398
249 840 2.64047631 0.00880158769 3.37349398
249 840 2.64089502 0.00880298341 3.37349398
249 836 2.64261612 0.0088087204 3.35742972
249 836 2.64209546 0.00880698486 3.35742972
249 836 2.6419047 0.00880634901 3.35742972
249 836 2.64173094 0.0088057698 3.35742972
249 840 2.64237782 0.00880792606 3.37349398
249 840 2.64241174 0.00880803914 3.37349398
249 840 2.64241731 0.00880805771 3.37349398
248 836 2.62543334 0.00875144447 3.37096774
248 834 2.62593004 0.00875310014 3.36290323
248 836 2.62780903 0.00875936344 3.37096774
248 836 2.62765852 0.00875886174 3.37096774
248 836 2.62802876 0.00876009588 3.37096774
248 836 2.62789855 0.00875966185 3.37096774
248 836 2.62801942 0.00876006472 3.37096774
248 836 2.62774573 0.00875915245 3.37096774
248 836 2.62792454 0.00875974847 3.37096774
248 836 2.62788765 0.00875962551 3.37096774
247 827 2.61383264 0.00871277547 3.34817814
247 830 2.60412907 0.00868043022 3.36032389
247 827 2.61364241 0.00871214138 3.34817814
247 827 2.61387497 0.00871291658 3.34817814
247 826 2.62060649 0.00873535498 3.34412955
247 826 2.62036355 0.00873454516 3.34412955
247 826 2.62012644 0.0087337548 3.34412955
247 826 2.61994705 0.00873315685 3.34412955
247 825 2.62185343 0.00873951144 3.34008097
247 825 2.63272931 0.00877576436 3.34008097
246 812 2.62079005 0.00873596684 3.30081301
246 812 2.62067514 0.0087355838 3.30081301
246 812 2.62075967 0.00873586558 3.30081301
246 812 2.62073955 0.0087357985 3.30081301
246 812 2.62081507 0.00873605025 3.30081301
246 819 2.62040304 0.00873467681 3.32926829
246 819 2.6204553 0.00873485099 3.32926829
246 825 2.61588347 0.00871961157 3.35365854
246 830 2.6087227 0.00869574233 3.37398374
246 830 2.60849104 0.00869497014 3.37398374
245 821 2.6038651 0.00867955034 3.35102041
245 815 2.60466325 0.00868221082 3.32653061
245 815 2.60496845 0.00868322816 3.32653061
245 815 2.60470774 0.00868235915 3.32653061
245 815 2.60463494 0.00868211647 3.32653061
245 815 2.60466701 0.00868222336 3.32653061
245 815 2.60467757 0.00868225856 3.32653061
245 815 2.60471743 0.00868239144 3.32653061
245 815 2.60470038 0.00868233461 3.32653061
245 809 2.60997239 0.00869990797 3.30204082
244 806 2.59586723 0.00865289075 3.30327869
244 802 2.59538749 0.00865129164 3.28688525
244 806 2.60042812 0.00866809375 3.30327869
244 806 2.60024824 0.00866749413 3.30327869
244 809 2.59643697 0.00865478991 3.31557377
244 809 2.59638644 0.00865462147 3.31557377
244 812 2.60104177 0.00867013925 3.32786885
244 812 2.60098114 0.00866993714 3.32786885
244 812 2.60092951 0.00866976505 3.32786885
244 812 2.60092299 0.0086697433 3.32786885
243 808 2.58538269 0.0086179423 3.32510288
243 807 2.59844986 0.00866149952 3.32098765
243 797 2.59706917 0.00865689724 3.27983539
243 797 2.59690349 0.00865634496 3.27983539
243 797 2.59708079 0.00865693596 3.27983539
243 797 2.59713577 0.00865711925 3.27983539
243 797 2.59719697 0.00865732323 3.27983539
243 797 2.59718963 0.00865729877 3.27983539
243 797 2.59703254 0.00865677513 3.27983539
243 797 2.59718766 0.00865729219 3.27983539
242 791 2.58350705 0.00861169017 3.26859504
242 794 2.58437406 0.00861458021 3.28099174
242 789 2.58217206 0.0086072402 3.26033058
242 799 2.58415834 0.00861386112 3.30165289
242 799 2.58404099 0.00861346996 3.30165289
242 799 2.58409453 0.00861364843 3.30165289
242 799 2.58400882 0.00861336272 3.30165289
241 792 2.57500332 0.00858334439 3.28630705
241 792 2.57485468 0.00858284894 3.28630705
241 792 2.5748098 0.00858269934 3.28630705
240 779 2.56342337 0.00854474457 3.24583333
240 790 2.56674214 0.00855580714 3.29166667
240 790 2.56670375 0.00855567918 3.29166667
240 790 2.56697666 0.00855658887 3.29166667
240 790 2.56677776 0.00855592587 3.29166667
240 790 2.56674322 0.00855581072 3.29166667
240 790 2.56674009 0.00855580029 3.29166667
240 790 2.56665915 0.00855553051 3.29166667
240 790 2.56684194 0.0085561398 3.29166667
240 790 2.56677588 0.00855591959 3.29166667
239 786 2.55366521 0.00851221737 3.28870293
239 777 2.5552905 0.008517635 3.25104603
239 777 2.55544829 0.00851816096 3.25104603
239 777 2.55540147 0.00851800488 3.25104603
239 777 2.55547258 0.00851824195 3.25104603
239 777 2.55546408 0.00851821361 3.25104603
239 777 2.55554285 0.00851847616 3.25104603
239 777 2.55546267 0.0085182089 3.25104603
239 777 2.55541407 0.00851804691 3.25104603
239 777 2.555326 0.00851775332 3.25104603
238 773 2.54179846 0.00847266152 3.24789916
238 773 2.54359822 0.00847866074 3.24789916
238 773 2.54369775 0.00847899251 3.24789916
238 773 2.54376212 0.00847920708 3.24789916
238 773 2.54378633 0.00847928778 3.24789916
238 773 2.54371612 0.00847905372 3.24789916
238 773 2.54369644 0.00847898814 3.24789916
238 773 2.54372121 0.00847907072 3.24789916
238 773 2.54382083 0.00847940275 3.24789916
238 773 2.54364575 0.00847881918 3.24789916
237 766 2.52749837 0.00842499457 3.23206751
237 767 2.53181764 0.00843939214 3.23628692
237 766 2.53154727 0.00843849088 3.23206751
237 766 2.53193641 0.00843978803 3.23206751
237 769 2.53230371 0.00844101237 3.24472574
237 769 2.53241 0.00844136668 3.24472574
237 769 2.53220538 0.00844068461 3.24472574
237 769 2.53234063 0.00844113542 3.24472574
237 767 2.53225142 0.00844083808 3.23628692
237 767 2.53194165 0.00843980549 3.23628692
236 763 2.51893918 0.00839646394 3.23305085
236 763 2.5188585 0.00839619501 3.23305085
235 761 2.51132116 0.00837107054 3.23829787
235 761 2.5116325 0.00837210833 3.23829787
235 761 2.51153718 0.00837179061 3.23829787
235 761 2.51192195 0.00837307316 3.23829787
235 761 2.51172309 0.0083724103 3.23829787
235 761 2.51177134 0.00837257112 3.23829787
235 761 2.51173343 0.00837244476 3.23829787
235 769 2.51264355 0.0083754785 3.27234043
234 763 2.49932666 0.00833108887 3.26068376
234 757 2.50051992 0.00833506639 3.23504274
234 757 2.50032849 0.00833442829 3.23504274
234 757 2.50049404 0.00833498013 3.23504274
234 757 2.50066349 0.00833554497 3.23504274
234 757 2.50051285 0.00833504282 3.23504274
234 757 2.50052626 0.00833508752 3.23504274
234 757 2.50050432 0.0083350144 3.23504274
234 757 2.50071441 0.00833571472 3.23504274
234 757 2.50064213 0.00833547377 3.23504274
233 750 2.4881129 0.00829370965 3.21888412
233 750 2.48819449 0.00829398163 3.21888412
233 750 2.48841917 0.00829473057 3.21888412
233 750 2.48838995 0.00829463318 3.21888412
233 750 2.48837219 0.00829457395 3.21888412
233 750 2.48839789 0.00829465962 3.21888412
233 750 2.48837735 0.00829459117 3.21888412
233 750 2.48836244 0.00829454146 3.21888412
233 750 2.48818348 0.00829394494 3.21888412
233 750 2.48837798 0.00829459327 3.21888412
232 744 2.46959415 0.00823198052 3.20689655
232 744 2.46936695 0.00823122316 3.20689655
232 744 2.47490306 0.00824967688 3.20689655
232 744 2.47481463 0.00824938209 3.20689655
232 744 2.47483031 0.00824943437 3.20689655
232 744 2.47499902 0.00824999673 3.20689655
232 744 2.47505567 0.00825018558 3.20689655
232 744 2.47501263 0.00825004209 3.20689655
232 744 2.47486435 0.00824954784 3.20689655
232 744 2.47504989 0.00825016631 3.20689655
231 738 2.45763231 0.00819210769 3.19480519
231 740 2.45964043 0.00819880144 3.2034632
231 740 2.45956179 0.00819853929 3.2034632
231 740 2.46103941 0.00820346469 3.2034632
231 740 2.46090108 0.0082030036 3.2034632
231 740 2.46098474 0.00820328247 3.2034632
230 734 2.44858873 0.00816196243 3.19130435
230 734 2.44810799 0.00816035997 3.19130435
230 734 2.44853343 0.00816177811 3.19130435
230 734 2.44865792 0.00816219305 3.19130435
229 731 2.42976612 0.0080992204 3.19213974
229 730 2.43256177 0.00810853923 3.18777293
229 727 2.43453773 0.00811512577 3.17467249
229 727 2.43452562 0.0081150854 3.17467249
229 727 2.4344184 0.00811472799 3.17467249
229 727 2.4345465 0.008115155 3.17467249
229 727 2.43455 0.00811516665 3.17467249
229 727 2.43444298 0.00811480992 3.17467249
229 727 2.43444037 0.00811480125 3.17467249
229 727 2.43455018 0.00811516728 3.17467249
228 721 2.41782131 0.00805940437 3.1622807
228 721 2.41686415 0.00805621382 3.1622807
228 720 2.41973517 0.00806578389 3.15789474
228 720 2.41926614 0.00806422046 3.15789474
228 720 2.41894636 0.00806315453 3.15789474
228 720 2.41932453 0.00806441511 3.15789474
228 720 2.41921856 0.00806406186 3.15789474
228 720 2.41918457 0.00806394856 3.15789474
228 720 2.41895801 0.00806319335 3.15789474
228 720 2.41924597 0.00806415324 3.15789474
227 717 2.40163693 0.00800545644 3.15859031
227 715 2.40133483 0.00800444943 3.14977974
227 715 2.40162808 0.00800542692 3.14977974
227 716 2.40346275 0.00801154251 3.15418502
227 716 2.40347007 0.00801156689 3.15418502
227 716 2.40354736 0.00801182453 3.15418502
227 716 2.403489 0.00801162999 3.15418502
227 716 2.40345693 0.00801152309 3.15418502
227 716 2.40357093 0.00801190309 3.15418502
227 716 2.40356438 0.00801188128 3.15418502
226 710 2.38572462 0.00795241541 3.14159292
226 710 2.38535231 0.00795117436 3.14159292
226 713 2.38561571 0.00795205238 3.15486726
226 713 2.38551427 0.00795171422 3.15486726
226 710 2.3850976 0.00795032534 3.14159292
226 710 2.38554021 0.00795180071 3.14159292
226 710 2.38553402 0.00795178006 3.14159292
226 710 2.38530338 0.00795101126 3.14159292
226 710 2.38549902 0.0079516634 3.14159292
226 710 2.38545669 0.00795152229 3.14159292
225 704 2.36694048 0.00788980159 3.12888889
225 706 2.36577975 0.00788593251 3.13777778
225 709 2.36635227 0.0078878409 3.15111111
225 709 2.36640177 0.00788800589 3.15111111
225 707 2.36146133 0.00787153778 3.14222222
225 709 2.37696228 0.00792320759 3.15111111
225 709 2.37678111 0.0079226037 3.15111111
225 711 2.38352646 0.00794508819 3.16
225 711 2.38321105 0.00794403683 3.16
225 711 2.38321201 0.00794404003 3.16
224 707 2.36740135 0.00789133784 3.15625
224 704 2.36889881 0.00789632937 3.14285714
224 704 2.36862603 0.00789542008 3.14285714
224 704 2.36887633 0.00789625444 3.14285714
224 704 2.36908343 0.00789694477 3.14285714
224 704 2.36908563 0.0078969521 3.14285714
224 704 2.36889043 0.00789630144 3.14285714
224 704 2.36890177 0.00789633923 3.14285714
224 704 2.36903829 0.00789679431 3.14285714
224 704 2.36892517 0.00789641722 3.14285714
223 700 2.35325841 0.00784419471 3.13901345
223 700 2.35311165 0.0078437055 3.13901345
223 700 2.35324673 0.00784415577 3.13901345
223 700 2.35315518 0.00784385061 3.13901345
223 700 2.35326894 0.00784422979 3.13901345
223 700 2.35322123 0.00784407077 3.13901345
223 695 2.35327195 0.00784423983 3.11659193
223 695 2.35310947 0.00784369823 3.11659193
223 695 2.35319728 0.00784399092 3.11659193
223 695 2.35318037 0.00784393458 3.11659193
222 691 2.33732809 0.00779109363 3.11261261
222 691 2.33735283 0.00779117609 3.11261261
222 691 2.33729571 0.00779098571 3.11261261
222 691 2.33726635 0.00779088782 3.11261261
222 691 2.33721558 0.00779071861 3.11261261
222 689 2.33780222 0.00779267406 3.1036036
222 689 2.33771389 0.00779237965 3.1036036
222 689 2.33758948 0.00779196492 3.1036036
222 689 2.33755396 0.00779184652 3.1036036
222 689 2.33772165 0.00779240549 3.1036036
221 683 2.31994758 0.00773315861 3.09049774
221 683 2.31863851 0.00772879503 3.09049774
221 685 2.32280098 0.00774266993 3.09954751
221 685 2.32256966 0.00774189887 3.09954751
221 685 2.32185231 0.00773950771 3.09954751
221 685 2.32183405 0.00773944684 3.09954751
221 685 2.32184537 0.00773948457 3.09954751
221 685 2.32173847 0.00773912823 3.09954751
221 685 2.3218306 0.00773943534 3.09954751
221 685 2.32193823 0.00773979411 3.09954751
220 679 2.30348122 0.00767827074 3.08636364
220 681 2.30416207 0.00768054022 3.09545455
220 681 2.30448189 0.00768160629 3.09545455
220 681 2.3041244 0.00768041468 3.09545455
220 681 2.30414091 0.00768046971 3.09545455
220 681 2.30405457 0.0076801819 3.09545455
220 681 2.30399326 0.00767997754 3.09545455
220 681 2.3040388 0.00768012933 3.09545455
220 681 2.30383404 0.00767944681 3.09545455
220 681 2.3038615 0.00767953834 3.09545455
219 675 2.28477882 0.0076159294 3.08219178
219 675 2.28433566 0.0076144522 3.08219178
219 675 2.28389749 0.00761299163 3.08219178
219 675 2.28363527 0.00761211758 3.08219178
219 675 2.28369821 0.00761232738 3.08219178
219 675 2.28380687 0.00761268955 3.08219178
219 675 2.28388355 0.00761294518 3.08219178
219 675 2.28372402 0.00761241339 3.08219178
219 675 2.28384787 0.00761282623 3.08219178
219 675 2.28390489 0.00761301631 3.08219178
218 672 2.26355868 0.00754519561 3.08256881
218 672 2.26536667 0.00755122224 3.08256881
218 672 2.26545172 0.00755150572 3.08256881
218 669 2.26115181 0.0075371727 3.06880734
218 672 2.27227709 0.00757425695 3.08256881
218 672 2.27088183 0.0075696061 3.08256881
218 672 2.27000181 0.00756667269 3.08256881
218 673 2.27150933 0.00757169775 3.08715596
218 673 2.27137693 0.00757125642 3.08715596
218 673 2.27154408 0.00757181359 3.08715596
217 667 2.25071475 0.0075023825 3.07373272
217 669 2.25383187 0.00751277289 3.08294931
217 669 2.25387573 0.00751291912 3.08294931
217 669 2.2537143 0.007512381 3.08294931
217 669 2.25372088 0.00751240292 3.08294931
217 669 2.25373879 0.00751246264 3.08294931
217 669 2.25352137 0.00751173791 3.08294931
217 669 2.25353078 0.00751176926 3.08294931
217 669 2.25361121 0.00751203736 3.08294931
217 669 2.25365989 0.00751219963 3.08294931
216 666 2.23290582 0.0074430194 3.08333333
216 664 2.2344032 0.00744801068 3.07407407
216 664 2.23417342 0.00744724472 3.07407407
216 664 2.23441215 0.00744804049 3.07407407
215 659 2.21936714 0.00739789047 3.06511628
215 657 2.23208841 0.00744029471 3.05581395
215 657 2.2308047 0.00743601567 3.05581395
215 657 2.2401989 0.00746732966 3.05581395
215 657 2.24018788 0.00746729293 3.05581395
215 660 2.23769245 0.00745897484 3.06976744
214 657 2.21664398 0.00738881328 3.07009346
214 654 2.22729898 0.00742432992 3.05607477
214 654 2.22731011 0.00742436703 3.05607477
214 654 2.2272294 0.00742409799 3.05607477
214 654 2.22731515 0.00742438382 3.05607477
214 654 2.22716863 0.00742389542 3.05607477
214 654 2.22725736 0.00742419122 3.05607477
214 654 2.22736461 0.00742454869 3.05607477
214 654 2.22727024 0.00742423413 3.05607477
214 654 2.2273731 0.00742457701 3.05607477
213 651 2.21000451 0.0073666817 3.05633803
213 651 2.20987522 0.00736625074 3.05633803
213 651 2.2100308 0.00736676932 3.05633803
213 645 2.21228837 0.00737429457 3.02816901
213 648 2.22573603 0.0074191201 3.04225352
213 648 2.22578617 0.00741928722 3.04225352
213 650 2.23067372 0.00743557908 3.05164319
213 650 2.23027697 0.00743425658 3.05164319
213 650 2.229827 0.00743275668 3.05164319
213 649 2.23527562 0.00745091874 3.04694836
212 646 2.21378884 0.00737929615 3.04716981
212 646 2.21555136 0.00738517122 3.04716981
212 646 2.21740957 0.00739136524 3.04716981
212 646 2.21741459 0.00739138196 3.04716981
212 641 2.2173976 0.00739132535 3.02358491
212 641 2.21720761 0.00739069202 3.02358491
212 641 2.21713516 0.00739045054 3.02358491
212 641 2.21704127 0.00739013758 3.02358491
212 641 2.21700825 0.00739002751 3.02358491
212 641 2.21695615 0.00738985384 3.02358491
211 638 2.19482271 0.0073160757 3.02369668
211 638 2.19464492 0.00731548306 3.02369668
211 638 2.19450828 0.00731502759 3.02369668
211 638 2.19986704 0.00733289014 3.02369668
211 638 2.19988098 0.00733293662 3.02369668
211 638 2.19985193 0.00733283976 3.02369668
211 638 2.19972966 0.00733243222 3.02369668
211 638 2.19976121 0.00733253737 3.02369668
211 638 2.19960963 0.00733203209 3.02369668
211 638 2.19960312 0.00733201041 3.02369668
210 635 2.17240441 0.00724134802 3.02380952
210 633 2.17629832 0.00725432775 3.01428571
210 633 2.17994036 0.00726646786 3.01428571
210 633 2.17956496 0.00726521655 3.01428571
210 631 2.18072497 0.00726908323 3.0047619
210 631 2.18046965 0.00726823216 3.0047619
210 631 2.17997217 0.00726657392 3.0047619
210 631 2.17886125 0.00726287082 3.0047619
210 631 2.17625343 0.00725417811 3.0047619
210 631 2.16776878 0.00722589592 3.0047619
209 628 2.13999323 0.00713331077 3.00478469
209 625 6.61370958e-12 2.20456986e-14 2.99043062
209 629 0 0 3.00956938
allocating memory...
allocating memory...
allocating memory...
allocating memory...
allocating memory...
walksat version 35
command line = test -solcnf -cutoff 100000000 -best -seed 1234567 -numsol 10 ./residualformula_seed4.cnf
seed = 1234567
cutoff = 100000000
tries = 10
heuristic = best, noise 50 / 100
tail starts after flip = 900
numatom = 300, numclause = 629, numliterals = 1741
wff read in

    lowest     final       avg     noise     noise     total                 avg        mean        mean
    #unsat    #unsat     noise   std dev     ratio     flips              length       flips       flips
      this      this      this      this      this      this   success   success       until         std
       try       try       try       try       try       try      rate     tries      assign         dev

         0         0      3.47      1.88      1.84      1932       100      1932     1932.00
         0         0      2.01      1.26      1.60      1407       100      1669     1669.50      371.23
         0         0      5.27      2.59      2.03      1405       100      1581     1581.33      303.69
         0         0      0.00      0.00      0.00       870       100      1403     1403.50      433.57
         0         0      4.85      2.79      1.74      1112       100      1345     1345.20      397.47
         0         0      0.00      0.00      0.00       165       100      1148     1148.50      598.77
         0         0      2.26      1.23      1.84      1226       100      1159     1159.57      547.39
         0         0      5.15      2.15      2.40      1536       100      1206     1206.62      523.97
         0         0      3.25      1.58      2.06      1360       100      1223     1223.67      492.79
         0         0      2.57      1.56      1.65      1107       100      1212     1212.00      466.06

total elapsed seconds = 0.000000
average flips per second = -9223372036854775808
number solutions found = 10
final success rate = 100.000000
average length successful tries = 1212
mean flips until assign = 1212.000000
  variance = 217216.444444
  standard deviation = 466.064850
  standard error of mean = 147.382646
mean seconds until assign = 0.000000
  variance = 0.000000
  standard deviation = 0.000000
  standard error of mean = 0.000000
mean restarts until assign = 1.000000
  variance = 0.000000
  standard deviation = 0.000000
  standard error of mean = 0.000000
final noise level statistics
    statistics over all runs:
      overall mean average noise level = 3.602982
      overall mean noise std deviation = 1.878479
      overall ratio mean noise to mean std dev = 1.918031
    statistics on successful runs:
      successful mean average noise level = 3.602982
      successful mean noise std deviation = 1.878479
      successful ratio mean noise to mean std dev = 1.918031
    statistics on nonsuccessful runs:
      nonsuccessful mean average noise level = 0.000000
      nonsuccessful mean noise std deviation = 0.000000
      nonsuccessful ratio mean noise to mean std dev = 0.000000
ASSIGNMENT FOUND
Check and white a solution
time of whitening    freezing probability
8	 	 	 	1
1023	 	 	 	0.186666667
8	 	 	 	1
8	 	 	 	1
8	 	 	 	1
8	 	 	 	1
7	 	 	 	1
7	 	 	 	1
13	 	 	 	1
1023	 	 	 	0.186666667
