START ALGORITHM:
I am going to build an instance with N: 300 variables and 1245 clauses with a clause density equal to 4.15
START BSP WITH r=0.9:
Decimation scorer: cert
END UNIT PROPAGATION
300 1245 1.13586159 0.0037862053 4.15
300 1245 1.13601962 0.00378673206 4.15
300 1245 1.13500986 0.00378336621 4.15
300 1245 1.1353707 0.00378456902 4.15
300 1245 1.13563955 0.00378546518 4.15
300 1245 1.13564109 0.00378547031 4.15
300 1245 1.1353872 0.00378462401 4.15
300 1245 1.13530115 0.00378433718 4.15
300 1245 1.13516829 0.00378389431 4.15
299 1239 1.12157741 0.00373859137 4.14381271
299 1239 1.12138936 0.00373796455 4.14381271
299 1242 1.12787543 0.00375958475 4.15384615
299 1238 1.13511164 0.00378370547 4.14046823
299 1238 1.13509282 0.00378364275 4.14046823
299 1238 1.1352871 0.00378429033 4.14046823
299 1238 1.13533465 0.00378444884 4.14046823
299 1238 1.13534302 0.00378447673 4.14046823
299 1238 1.13525338 0.00378417795 4.14046823
299 1238 1.13527039 0.00378423464 4.14046823
298 1228 1.13524002 0.00378413341 4.12080537
298 1228 1.13525451 0.00378418171 4.12080537
298 1228 1.13502681 0.00378342268 4.12080537
298 1228 1.13510067 0.0037836689 4.12080537
298 1228 1.13522852 0.00378409507 4.12080537
298 1228 1.13530068 0.0037843356 4.12080537
298 1228 1.13533274 0.00378444248 4.12080537
298 1228 1.13567403 0.00378558009 4.12080537
298 1228 1.1355824 0.00378527468 4.12080537
298 1228 1.13496804 0.00378322678 4.12080537
297 1220 1.11557909 0.00371859696 4.10774411
297 1225 1.12776924 0.00375923081 4.12457912
297 1225 1.12769597 0.00375898658 4.12457912
297 1218 1.13086105 0.00376953682 4.1010101
297 1218 1.13083029 0.0037694343 4.1010101
297 1218 1.13096445 0.00376988148 4.1010101
297 1218 1.13083059 0.0037694353 4.1010101
297 1218 1.13107875 0.0037702625 4.1010101
297 1218 1.13072659 0.00376908862 4.1010101
297 1218 1.13139084 0.00377130278 4.1010101
296 1210 1.11157268 0.00370524227 4.08783784
296 1212 1.11698715 0.00372329049 4.09459459
296 1212 1.11713165 0.00372377218 4.09459459
296 1215 1.1233752 0.003744584 4.10472973
296 1215 1.12410852 0.00374702841 4.10472973
296 1215 1.12307053 0.00374356844 4.10472973
296 1215 1.1236022 0.00374534067 4.10472973
296 1215 1.12362366 0.00374541221 4.10472973
296 1215 1.1230006 0.00374333534 4.10472973
296 1215 1.12309108 0.00374363692 4.10472973
295 1208 1.1006479 0.00366882633 4.09491525
295 1209 1.11006073 0.00370020243 4.09830508
295 1209 1.11024992 0.00370083307 4.09830508
295 1209 1.10993395 0.00369977983 4.09830508
295 1209 1.10996808 0.00369989361 4.09830508
295 1209 1.10998669 0.00369995562 4.09830508
295 1209 1.10989042 0.00369963475 4.09830508
295 1209 1.11024434 0.00370081445 4.09830508
295 1209 1.10963245 0.00369877484 4.09830508
295 1209 1.10975848 0.00369919492 4.09830508
294 1198 1.09223881 0.00364079603 4.07482993
294 1198 1.09255271 0.00364184237 4.07482993
294 1198 1.09229319 0.00364097729 4.07482993
294 1198 1.09242334 0.00364141114 4.07482993
294 1198 1.09204248 0.00364014159 4.07482993
294 1198 1.09212116 0.00364040385 4.07482993
294 1198 1.09239029 0.00364130097 4.07482993
294 1198 1.09253424 0.00364178081 4.07482993
294 1198 1.09216618 0.00364055392 4.07482993
294 1198 1.09252407 0.00364174689 4.07482993
293 1190 1.07339184 0.0035779728 4.06143345
293 1190 1.07311985 0.00357706617 4.06143345
293 1190 1.07362539 0.00357875129 4.06143345
293 1190 1.07314586 0.00357715287 4.06143345
293 1190 1.07317344 0.00357724479 4.06143345
293 1190 1.07424864 0.00358082881 4.06143345
293 1190 1.07280811 0.00357602705 4.06143345
293 1190 1.07323007 0.00357743355 4.06143345
293 1190 1.07349319 0.00357831063 4.06143345
293 1190 1.07337781 0.00357792604 4.06143345
292 1178 1.04395478 0.00347984926 4.03424658
292 1180 1.04699776 0.00348999253 4.04109589
292 1180 1.04675566 0.00348918552 4.04109589
292 1180 1.04667095 0.00348890318 4.04109589
292 1183 1.05177155 0.00350590517 4.05136986
292 1183 1.05176112 0.00350587039 4.05136986
292 1183 1.05162334 0.00350541113 4.05136986
292 1183 1.05180107 0.00350600358 4.05136986
292 1183 1.05177615 0.00350592049 4.05136986
292 1178 1.05278119 0.00350927062 4.03424658
291 1169 1.02823213 0.00342744044 4.01718213
291 1169 1.02795449 0.00342651496 4.01718213
291 1169 1.02862534 0.00342875114 4.01718213
291 1169 1.02782773 0.00342609244 4.01718213
291 1169 1.02773047 0.00342576824 4.01718213
291 1169 1.02730259 0.00342434195 4.01718213
291 1169 1.02775044 0.0034258348 4.01718213
291 1169 1.02799114 0.00342663713 4.01718213
291 1169 1.02855404 0.00342851348 4.01718213
291 1169 1.02727813 0.00342426044 4.01718213
290 1162 0.994688705 0.00331562902 4.00689655
290 1160 0.993191239 0.00331063746 4
290 1162 1.00507582 0.00335025274 4.00689655
290 1162 1.00574246 0.00335247486 4.00689655
290 1162 1.0057043 0.00335234767 4.00689655
290 1162 1.00580299 0.00335267664 4.00689655
290 1162 1.00608215 0.00335360716 4.00689655
290 1162 1.00652468 0.00335508228 4.00689655
290 1159 1.00880488 0.00336268292 3.99655172
290 1159 1.00885279 0.00336284263 3.99655172
289 1149 0.98388156 0.0032796052 3.97577855
289 1149 0.983481777 0.00327827259 3.97577855
289 1150 0.985035299 0.003283451 3.97923875
289 1152 0.985129747 0.00328376582 3.98615917
289 1152 0.985298391 0.00328432797 3.98615917
289 1152 0.985646281 0.0032854876 3.98615917
289 1152 0.984864535 0.00328288178 3.98615917
289 1152 0.985134968 0.00328378323 3.98615917
289 1152 0.985483257 0.00328494419 3.98615917
289 1152 0.985518095 0.00328506032 3.98615917
288 1143 0.96082212 0.0032027404 3.96875
288 1143 0.961725723 0.00320575241 3.96875
288 1143 0.961264626 0.00320421542 3.96875
288 1143 0.961346721 0.00320448907 3.96875
288 1143 0.960414404 0.00320138135 3.96875
288 1143 0.961800882 0.00320600294 3.96875
288 1143 0.961494498 0.00320498166 3.96875
288 1143 0.961215007 0.00320405002 3.96875
288 1143 0.960993916 0.00320331305 3.96875
288 1143 0.961641234 0.00320547078 3.96875
287 1132 0.932232883 0.00310744294 3.94425087
287 1132 0.931322149 0.00310440716 3.94425087
287 1133 0.936418559 0.0031213952 3.94773519
287 1133 0.936101475 0.00312033825 3.94773519
287 1133 0.936562403 0.00312187468 3.94773519
287 1133 0.935441325 0.00311813775 3.94773519
287 1133 0.935249806 0.00311749935 3.94773519
287 1133 0.935747335 0.00311915778 3.94773519
287 1133 0.936030406 0.00312010135 3.94773519
287 1133 0.935457692 0.00311819231 3.94773519
286 1124 0.911206973 0.00303735658 3.93006993
286 1125 0.912021122 0.00304007041 3.93356643
286 1124 0.911272905 0.00303757635 3.93006993
286 1127 0.910873681 0.0030362456 3.94055944
286 1129 0.932048035 0.00310682678 3.94755245
286 1129 0.932215487 0.00310738496 3.94755245
286 1129 0.93231788 0.00310772627 3.94755245
286 1133 0.929836424 0.00309945475 3.96153846
286 1133 0.929590444 0.00309863481 3.96153846
286 1135 0.921417469 0.00307139156 3.96853147
285 1126 0.900163125 0.00300054375 3.95087719
285 1126 0.900352843 0.00300117614 3.95087719
285 1118 0.888811419 0.00296270473 3.92280702
285 1123 0.903846095 0.00301282032 3.94035088
285 1122 0.910844457 0.00303614819 3.93684211
285 1121 0.91618593 0.0030539531 3.93333333
285 1121 0.916193616 0.00305397872 3.93333333
285 1123 0.91973604 0.0030657868 3.94035088
285 1124 0.92411985 0.0030803995 3.94385965
285 1125 0.926783292 0.00308927764 3.94736842
284 1117 0.904393641 0.00301464547 3.93309859
284 1115 0.907924255 0.00302641418 3.92605634
284 1115 0.908458573 0.00302819524 3.92605634
284 1115 0.908240079 0.00302746693 3.92605634
284 1115 0.90807441 0.0030269147 3.92605634
284 1115 0.908555632 0.00302851877 3.92605634
284 1115 0.908174663 0.00302724888 3.92605634
284 1115 0.907946691 0.00302648897 3.92605634
284 1115 0.907791352 0.00302597117 3.92605634
284 1115 0.908050542 0.00302683514 3.92605634
283 1106 0.88757231 0.00295857437 3.90812721
283 1106 0.88696798 0.00295655993 3.90812721
283 1106 0.888168028 0.00296056009 3.90812721
283 1106 0.887545948 0.00295848649 3.90812721
283 1106 0.887788069 0.00295929356 3.90812721
283 1106 0.887858977 0.00295952992 3.90812721
283 1106 0.887894634 0.00295964878 3.90812721
283 1106 0.88763744 0.00295879147 3.90812721
283 1106 0.887845812 0.00295948604 3.90812721
283 1105 0.885616835 0.00295205612 3.90459364
282 1096 0.859945338 0.00286648446 3.88652482
282 1096 0.864540693 0.00288180231 3.88652482
282 1094 0.866219646 0.00288739882 3.87943262
282 1094 0.865983301 0.002886611 3.87943262
282 1094 0.866526343 0.00288842114 3.87943262
282 1094 0.866180145 0.00288726715 3.87943262
282 1094 0.865974013 0.00288658004 3.87943262
282 1094 0.867002413 0.00289000804 3.87943262
282 1094 0.865163762 0.00288387921 3.87943262
282 1094 0.866336588 0.00288778863 3.87943262
281 1086 0.840401421 0.00280133807 3.86476868
281 1087 0.850273429 0.00283424476 3.8683274
281 1087 0.849643518 0.00283214506 3.8683274
281 1087 0.849195074 0.00283065025 3.8683274
281 1087 0.850764313 0.00283588104 3.8683274
281 1087 0.871358188 0.00290452729 3.8683274
281 1081 1.000923 0.00333641 3.84697509
281 1086 1.01963583 0.0033987861 3.86476868
281 1086 1.00994736 0.00336649121 3.86476868
281 1089 1.03091625 0.00343638751 3.87544484
280 1082 1.02995442 0.00343318141 3.86428571
280 1085 1.03553092 0.00345176974 3.875
280 1085 1.03043019 0.0034347673 3.875
280 1084 1.02623014 0.00342076713 3.87142857
280 1088 1.02652678 0.00342175592 3.88571429
280 1090 1.02709296 0.0034236432 3.89285714
280 1090 1.03250208 0.00344167361 3.89285714
280 1086 1.03690724 0.00345635746 3.87857143
279 1078 1.03273029 0.00344243431 3.86379928
279 1078 1.02833535 0.00342778449 3.86379928
278 1075 1.02695781 0.0034231927 3.86690647
278 1069 1.0240183 0.00341339435 3.84532374
278 1069 1.02823602 0.00342745339 3.84532374
277 1062 1.02496501 0.00341655004 3.83393502
277 1068 1.02618831 0.00342062769 3.85559567
277 1068 1.02631532 0.00342105106 3.85559567
277 1068 1.02634376 0.00342114587 3.85559567
277 1068 1.02613946 0.00342046487 3.85559567
277 1068 1.02622646 0.00342075485 3.85559567
277 1068 1.02617135 0.00342057115 3.85559567
276 1061 1.02053767 0.00340179222 3.8442029
276 1059 1.02454732 0.00341515774 3.83695652
276 1059 1.02444335 0.00341481116 3.83695652
276 1059 1.024545 0.00341515001 3.83695652
276 1054 1.02736375 0.00342454582 3.81884058
276 1056 1.02751118 0.00342503728 3.82608696
276 1056 1.02743804 0.00342479347 3.82608696
276 1057 1.02987502 0.00343291675 3.82971014
276 1057 1.02989796 0.00343299319 3.82971014
276 1060 1.03035582 0.0034345194 3.84057971
275 1051 1.02687888 0.0034229296 3.82181818
275 1051 1.02696611 0.00342322036 3.82181818
275 1051 1.02691233 0.0034230411 3.82181818
275 1051 1.02682407 0.0034227469 3.82181818
275 1047 1.02811952 0.00342706507 3.80727273
275 1047 1.02816871 0.00342722904 3.80727273
275 1047 1.0281452 0.00342715068 3.80727273
275 1047 1.02823407 0.00342744689 3.80727273
275 1047 1.02827485 0.00342758282 3.80727273
275 1047 1.02821328 0.00342737761 3.80727273
274 1038 1.02160215 0.00340534051 3.78832117
274 1036 1.0245437 0.00341514567 3.7810219
274 1036 1.02461142 0.0034153714 3.7810219
274 1038 1.02487962 0.00341626541 3.78832117
274 1038 1.02480376 0.00341601254 3.78832117
274 1038 1.02483617 0.00341612058 3.78832117
274 1038 1.02484418 0.00341614727 3.78832117
274 1038 1.02490698 0.00341635661 3.78832117
274 1038 1.02484044 0.00341613479 3.78832117
274 1038 1.02488247 0.0034162749 3.78832117
273 1029 1.0194594 0.00339819802 3.76923077
273 1029 1.01943937 0.00339813124 3.76923077
273 1029 1.01931204 0.0033977068 3.76923077
273 1029 1.01946184 0.00339820612 3.76923077
273 1029 1.01949868 0.00339832893 3.76923077
273 1029 1.01940214 0.00339800714 3.76923077
273 1027 1.02122718 0.00340409059 3.76190476
273 1027 1.02129384 0.00340431279 3.76190476
273 1027 1.02123788 0.00340412626 3.76190476
273 1027 1.02121208 0.00340404028 3.76190476
272 1022 1.01528971 0.00338429904 3.75735294
272 1021 1.0167635 0.00338921166 3.75367647
272 1021 1.01676866 0.00338922888 3.75367647
272 1021 1.0167253 0.00338908434 3.75367647
272 1021 1.01667267 0.0033889089 3.75367647
272 1021 1.01675271 0.00338917569 3.75367647
272 1021 1.01676261 0.0033892087 3.75367647
272 1021 1.01672223 0.00338907409 3.75367647
272 1021 1.01677316 0.00338924387 3.75367647
272 1021 1.01669037 0.00338896791 3.75367647
271 1014 1.01140835 0.00337136118 3.74169742
271 1016 1.01256394 0.00337521314 3.74907749
271 1016 1.01236579 0.00337455262 3.74907749
271 1016 1.01227146 0.0033742382 3.74907749
271 1016 1.01233848 0.00337446159 3.74907749
271 1016 1.01260853 0.00337536177 3.74907749
271 1016 1.01256952 0.00337523173 3.74907749
271 1016 1.01240691 0.00337468969 3.74907749
271 1016 1.01241511 0.00337471702 3.74907749
271 1016 1.01248273 0.00337494243 3.74907749
270 1007 1.00600432 0.00335334772 3.72962963
270 1006 1.00717747 0.00335725822 3.72592593
270 1006 1.00720798 0.00335735994 3.72592593
270 1006 1.00697564 0.00335658545 3.72592593
270 1009 1.00673944 0.00335579812 3.73703704
270 1009 1.00750996 0.00335836654 3.73703704
270 1009 1.0073756 0.00335791867 3.73703704
270 1009 1.00741452 0.00335804839 3.73703704
270 1009 1.0073489 0.00335782965 3.73703704
270 1009 1.00729125 0.00335763751 3.73703704
269 1001 1.00102807 0.00333676023 3.72118959
269 1002 1.00246543 0.00334155144 3.72490706
269 1002 1.00226327 0.00334087758 3.72490706
269 1002 1.00229853 0.00334099512 3.72490706
269 1002 1.00244334 0.00334147781 3.72490706
269 1002 1.00244583 0.0033414861 3.72490706
269 1000 1.00358694 0.0033452898 3.71747212
269 1000 1.00360984 0.00334536614 3.71747212
269 1000 1.00354056 0.00334513519 3.71747212
269 1000 1.00360814 0.00334536047 3.71747212
268 993 0.998730395 0.00332910132 3.70522388
268 993 0.998957571 0.00332985857 3.70522388
268 993 0.99876934 0.00332923113 3.70522388
268 996 0.998076621 0.00332692207 3.71641791
268 993 1.00097913 0.00333659711 3.70522388
268 991 1.00064127 0.00333547092 3.69776119
268 991 1.00064519 0.00333548396 3.69776119
268 991 1.00058484 0.0033352828 3.69776119
268 991 1.0005557 0.00333518566 3.69776119
268 993 1.00112787 0.00333709291 3.70522388
267 983 0.993783744 0.00331261248 3.68164794
267 989 0.996203239 0.00332067746 3.70411985
267 989 0.996062362 0.00332020787 3.70411985
267 989 0.996077827 0.00332025942 3.70411985
267 989 0.996171895 0.00332057298 3.70411985
267 989 0.996060546 0.00332020182 3.70411985
267 989 0.996169172 0.00332056391 3.70411985
267 987 0.99656658 0.0033218886 3.69662921
267 987 0.996560904 0.00332186968 3.69662921
267 987 0.996512782 0.00332170927 3.69662921
266 978 0.991746231 0.00330582077 3.67669173
266 977 0.991937302 0.00330645767 3.67293233
266 977 0.991753883 0.00330584628 3.67293233
266 977 0.991730302 0.00330576767 3.67293233
266 978 0.991679446 0.00330559815 3.67669173
266 978 0.991719184 0.00330573061 3.67669173
266 978 0.991787868 0.00330595956 3.67669173
266 978 0.991727938 0.00330575979 3.67669173
266 978 0.991688283 0.00330562761 3.67669173
266 978 0.991767419 0.0033058914 3.67669173
265 970 0.985372915 0.00328457638 3.66037736
265 971 0.986333286 0.00328777762 3.66415094
265 971 0.986255012 0.00328751671 3.66415094
265 971 0.986263768 0.00328754589 3.66415094
265 971 0.986350353 0.00328783451 3.66415094
265 973 0.987725514 0.00329241838 3.67169811
265 973 0.987820916 0.00329273639 3.67169811
265 973 0.987863298 0.00329287766 3.67169811
265 973 0.987822477 0.00329274159 3.67169811
265 973 0.987869924 0.00329289975 3.67169811
264 965 0.982349875 0.00327449958 3.65530303
264 967 0.982736133 0.00327578711 3.66287879
264 967 0.982762974 0.00327587658 3.66287879
264 966 0.982201451 0.00327400484 3.65909091
264 966 0.9823787 0.00327459567 3.65909091
264 966 0.982449241 0.0032748308 3.65909091
264 963 0.983622603 0.00327874201 3.64772727
264 963 0.983708941 0.0032790298 3.64772727
264 963 0.983730169 0.00327910056 3.64772727
264 963 0.983624455 0.00327874818 3.64772727
263 956 0.978280431 0.00326093477 3.63498099
263 953 0.9797522 0.00326584067 3.62357414
263 953 0.979678328 0.00326559443 3.62357414
263 953 0.979752159 0.00326584053 3.62357414
263 953 0.979721098 0.00326573699 3.62357414
263 953 0.979737911 0.00326579304 3.62357414
263 953 0.979824456 0.00326608152 3.62357414
263 953 0.979748541 0.00326582847 3.62357414
263 953 0.97980416 0.00326601387 3.62357414
263 953 0.979728083 0.00326576028 3.62357414
262 946 0.97517669 0.00325058897 3.61068702
262 946 0.975206116 0.00325068705 3.61068702
262 946 0.974970311 0.00324990104 3.61068702
262 945 0.974409784 0.00324803261 3.60687023
262 945 0.974708629 0.00324902876 3.60687023
262 945 0.974746171 0.0032491539 3.60687023
262 945 0.974652241 0.0032488408 3.60687023
262 945 0.974771241 0.00324923747 3.60687023
262 945 0.974589107 0.00324863036 3.60687023
262 945 0.974641938 0.00324880646 3.60687023
261 939 0.968792337 0.00322930779 3.59770115
261 939 0.968968341 0.00322989447 3.59770115
261 939 0.968879849 0.0032295995 3.59770115
261 939 0.968986748 0.00322995583 3.59770115
261 939 0.968851621 0.0032295054 3.59770115
261 939 0.968727489 0.00322909163 3.59770115
261 938 0.970519748 0.00323506583 3.59386973
261 938 0.970509372 0.00323503124 3.59386973
261 938 0.970467076 0.00323489025 3.59386973
261 941 0.968507075 0.00322835692 3.60536398
260 933 0.963334171 0.0032111139 3.58846154
260 933 0.963359717 0.00321119906 3.58846154
260 933 0.96336881 0.00321122937 3.58846154
260 933 0.963903294 0.00321301098 3.58846154
260 933 0.964095068 0.00321365023 3.58846154
260 933 0.964034312 0.00321344771 3.58846154
260 933 0.964063823 0.00321354608 3.58846154
260 937 0.96728673 0.0032242891 3.60384615
260 938 0.969405613 0.00323135204 3.60769231
260 938 0.969397307 0.00323132436 3.60769231
259 929 0.967129729 0.00322376576 3.58687259
259 929 0.967107633 0.00322369211 3.58687259
259 929 0.967069877 0.00322356626 3.58687259
259 929 0.967117322 0.00322372441 3.58687259
259 929 0.967089833 0.00322363278 3.58687259
259 929 0.967186945 0.00322395648 3.58687259
259 932 0.967202521 0.0032240084 3.5984556
259 932 0.967224556 0.00322408185 3.5984556
259 932 0.967224424 0.00322408141 3.5984556
259 932 0.967226679 0.00322408893 3.5984556
258 924 0.962781757 0.00320927252 3.58139535
258 924 0.962758693 0.00320919564 3.58139535
258 924 0.962885636 0.00320961879 3.58139535
258 924 0.963094067 0.00321031356 3.58139535
258 924 0.963044748 0.00321014916 3.58139535
258 924 0.963006109 0.00321002036 3.58139535
258 923 0.96316493 0.00321054977 3.57751938
258 923 0.963182516 0.00321060839 3.57751938
258 923 0.963149638 0.00321049879 3.57751938
258 923 0.963133667 0.00321044556 3.57751938
257 915 0.958867554 0.00319622518 3.56031128
257 915 0.959050349 0.0031968345 3.56031128
257 915 0.958928284 0.00319642761 3.56031128
257 916 0.959047028 0.00319682343 3.56420233
257 916 0.959043333 0.00319681111 3.56420233
257 916 0.959012795 0.00319670932 3.56420233
257 916 0.959027793 0.00319675931 3.56420233
257 916 0.95899063 0.00319663543 3.56420233
257 916 0.959040301 0.003196801 3.56420233
257 916 0.958792026 0.00319597342 3.56420233
256 910 0.953323925 0.00317774642 3.5546875
256 915 0.953821571 0.00317940524 3.57421875
256 915 0.954023114 0.00318007705 3.57421875
256 908 0.954162508 0.00318054169 3.546875
256 908 0.954816422 0.00318272141 3.546875
256 908 0.954822755 0.00318274252 3.546875
256 908 0.954830878 0.00318276959 3.546875
256 908 0.954815649 0.00318271883 3.546875
256 908 0.954777361 0.0031825912 3.546875
256 908 0.954769662 0.00318256554 3.546875
255 900 0.950006433 0.00316668811 3.52941176
255 900 0.950095881 0.00316698627 3.52941176
255 900 0.950053674 0.00316684558 3.52941176
255 900 0.949983141 0.00316661047 3.52941176
255 900 0.950032551 0.00316677517 3.52941176
255 900 0.949971437 0.00316657146 3.52941176
255 900 0.950105331 0.00316701777 3.52941176
255 900 0.950149886 0.00316716629 3.52941176
255 900 0.949989478 0.00316663159 3.52941176
255 900 0.950042096 0.00316680699 3.52941176
254 890 0.942023209 0.00314007736 3.50393701
254 899 0.945175597 0.00315058532 3.53937008
254 899 0.945330031 0.0031511001 3.53937008
254 899 0.945176761 0.0031505892 3.53937008
254 899 0.94513194 0.0031504398 3.53937008
254 899 0.945105761 0.00315035254 3.53937008
254 899 0.945172971 0.00315057657 3.53937008
254 899 0.945159189 0.00315053063 3.53937008
254 899 0.945035912 0.00315011971 3.53937008
254 899 0.945104879 0.0031503496 3.53937008
253 892 0.937994441 0.00312664814 3.5256917
253 892 0.93799114 0.00312663713 3.5256917
253 892 0.937835861 0.00312611954 3.5256917
253 892 0.937952449 0.00312650816 3.5256917
253 892 0.937806905 0.00312602302 3.5256917
253 892 0.938183843 0.00312727948 3.5256917
253 892 0.938087289 0.00312695763 3.5256917
253 892 0.937966411 0.0031265547 3.5256917
253 892 0.938005762 0.00312668587 3.5256917
253 892 0.937887863 0.00312629288 3.5256917
252 886 0.932368905 0.00310789635 3.51587302
252 886 0.932332842 0.00310777614 3.51587302
252 886 0.932265116 0.00310755039 3.51587302
252 886 0.932347792 0.00310782597 3.51587302
252 888 0.933117518 0.00311039173 3.52380952
252 888 0.933219369 0.00311073123 3.52380952
252 888 0.933302642 0.00311100881 3.52380952
252 888 0.933268825 0.00311089608 3.52380952
252 888 0.933422565 0.00311140855 3.52380952
252 888 0.933165774 0.00311055258 3.52380952
251 886 0.924585916 0.00308195305 3.52988048
251 882 0.924861534 0.00308287178 3.51394422
251 883 0.92543288 0.00308477627 3.51792829
251 883 0.925140971 0.00308380324 3.51792829
251 883 0.925207731 0.00308402577 3.51792829
251 883 0.925437297 0.00308479099 3.51792829
251 883 0.925234982 0.00308411661 3.51792829
251 883 0.925497246 0.00308499082 3.51792829
251 881 0.926677029 0.00308892343 3.50996016
251 881 0.926541333 0.00308847111 3.50996016
250 875 0.918442907 0.00306147636 3.5
250 876 0.918741247 0.00306247082 3.504
250 876 0.918741116 0.00306247039 3.504
250 876 0.918738429 0.00306246143 3.504
250 876 0.918740016 0.00306246672 3.504
250 876 0.91892641 0.00306308803 3.504
250 871 0.919032883 0.00306344294 3.484
250 871 0.919008833 0.00306336278 3.484
250 871 0.91910091 0.0030636697 3.484
250 871 0.919069671 0.00306356557 3.484
249 866 0.910935919 0.00303645306 3.47791165
249 861 0.911463926 0.00303821309 3.45783133
249 869 0.917814137 0.00305938046 3.48995984
249 869 0.918147152 0.00306049051 3.48995984
249 869 0.918835817 0.00306278606 3.48995984
249 869 0.918477921 0.00306159307 3.48995984
249 869 0.918429295 0.00306143098 3.48995984
249 869 0.918626279 0.0030620876 3.48995984
249 869 0.918612253 0.00306204084 3.48995984
249 869 0.918521439 0.00306173813 3.48995984
248 862 0.912231692 0.00304077231 3.47580645
248 862 0.912043011 0.00304014337 3.47580645
248 862 0.912149153 0.00304049718 3.47580645
248 862 0.912129144 0.00304043048 3.47580645
248 862 0.912227273 0.00304075758 3.47580645
248 862 0.912071929 0.00304023976 3.47580645
248 862 0.912408373 0.00304136124 3.47580645
248 862 0.912153318 0.00304051106 3.47580645
248 862 0.912245489 0.0030408183 3.47580645
248 862 0.912112109 0.0030403737 3.47580645
247 859 0.904067486 0.00301355829 3.47773279
247 856 0.904326888 0.00301442296 3.46558704
247 856 0.904188046 0.00301396015 3.46558704
247 856 0.904034203 0.00301344734 3.46558704
247 856 0.903988867 0.00301329622 3.46558704
247 853 0.904771778 0.00301590593 3.4534413
247 853 0.904828219 0.00301609406 3.4534413
247 853 0.904694808 0.00301564936 3.4534413
247 853 0.904914156 0.00301638052 3.4534413
247 853 0.904802981 0.00301600994 3.4534413
246 847 0.896962309 0.00298987436 3.44308943
246 847 0.897094802 0.00299031601 3.44308943
246 843 0.897920949 0.00299306983 3.42682927
246 843 0.898056544 0.00299352181 3.42682927
246 843 0.898016397 0.00299338799 3.42682927
246 847 0.898635851 0.00299545284 3.44308943
246 847 0.898760602 0.00299586867 3.44308943
246 847 0.898724964 0.00299574988 3.44308943
246 847 0.898598818 0.00299532939 3.44308943
246 847 0.898617165 0.00299539055 3.44308943
245 842 0.891086343 0.00297028781 3.43673469
245 842 0.890786729 0.0029692891 3.43673469
245 841 0.891030487 0.00297010162 3.43265306
245 842 0.89161859 0.00297206197 3.43673469
245 842 0.891824185 0.00297274728 3.43673469
245 843 0.891624099 0.00297208033 3.44081633
245 844 0.897824818 0.00299274939 3.44489796
245 844 0.897873299 0.002992911 3.44489796
245 841 0.900177489 0.00300059163 3.43265306
245 841 0.89996181 0.0029998727 3.43265306
244 837 0.892416764 0.00297472255 3.43032787
244 835 0.892396465 0.00297465488 3.42213115
244 836 0.893931532 0.00297977177 3.42622951
244 836 0.894038352 0.00298012784 3.42622951
244 836 0.893809058 0.00297936353 3.42622951
244 836 0.893953016 0.00297984339 3.42622951
244 836 0.893949671 0.00297983224 3.42622951
244 836 0.893949134 0.00297983045 3.42622951
244 836 0.893977153 0.00297992384 3.42622951
244 836 0.894073078 0.00298024359 3.42622951
243 830 0.88639774 0.00295465913 3.41563786
243 829 0.88452116 0.00294840387 3.41152263
242 823 0.8807361 0.002935787 3.40082645
242 823 0.880888768 0.00293629589 3.40082645
242 823 0.881081764 0.00293693921 3.40082645
242 823 0.880738976 0.00293579659 3.40082645
242 823 0.881115242 0.00293705081 3.40082645
242 823 0.880765951 0.0029358865 3.40082645
242 823 0.8823639 0.002941213 3.40082645
242 823 0.882082156 0.00294027385 3.40082645
241 816 0.876158517 0.00292052839 3.38589212
241 816 0.876516873 0.00292172291 3.38589212
241 816 0.876323535 0.00292107845 3.38589212
241 816 0.876155866 0.00292051955 3.38589212
241 816 0.876147524 0.00292049175 3.38589212
241 816 0.876229465 0.00292076488 3.38589212
241 816 0.876109786 0.00292036595 3.38589212
241 816 0.876180526 0.00292060175 3.38589212
241 816 0.876256339 0.00292085446 3.38589212
241 816 0.876200549 0.0029206685 3.38589212
240 808 0.867672989 0.0028922433 3.36666667
240 811 0.868601983 0.00289533994 3.37916667
240 809 0.869653146 0.00289884382 3.37083333
240 809 0.86976494 0.00289921647 3.37083333
240 810 0.870929007 0.00290309669 3.375
240 810 0.870928554 0.00290309518 3.375
240 810 0.870928802 0.00290309601 3.375
240 810 0.870978771 0.00290326257 3.375
240 810 0.871441572 0.00290480524 3.375
240 810 0.87111335 0.00290371117 3.375
239 803 0.86484242 0.00288280807 3.35983264
239 803 0.86420541 0.0028806847 3.35983264
239 807 0.864143274 0.00288047758 3.37656904
239 803 0.864676881 0.00288225627 3.35983264
239 803 0.864709611 0.00288236537 3.35983264
239 803 0.864690326 0.00288230109 3.35983264
239 803 0.864810375 0.00288270125 3.35983264
239 803 0.864601868 0.00288200623 3.35983264
239 801 0.863920651 0.0028797355 3.35146444
239 801 0.863886543 0.00287962181 3.35146444
238 796 0.858100943 0.00286033648 3.34453782
238 796 0.857917902 0.00285972634 3.34453782
238 796 0.85797364 0.00285991213 3.34453782
238 796 0.858115832 0.00286038611 3.34453782
238 796 0.857855429 0.0028595181 3.34453782
238 793 0.856459438 0.00285486479 3.33193277
238 796 0.858201634 0.00286067211 3.34453782
238 796 0.858072247 0.00286024082 3.34453782
238 796 0.858031355 0.00286010452 3.34453782
238 796 0.858195518 0.00286065173 3.34453782
237 789 0.85262198 0.00284207327 3.32911392
237 789 0.852617663 0.00284205888 3.32911392
237 789 0.852762604 0.00284254201 3.32911392
237 789 0.852439743 0.00284146581 3.32911392
237 789 0.852616515 0.00284205505 3.32911392
237 789 0.852620834 0.00284206945 3.32911392
237 789 0.852737126 0.00284245709 3.32911392
237 789 0.852746367 0.00284248789 3.32911392
237 789 0.852442893 0.00284147631 3.32911392
237 789 0.852410593 0.00284136864 3.32911392
236 783 0.84405295 0.00281350983 3.31779661
236 781 0.844319656 0.00281439885 3.30932203
236 784 0.845945756 0.00281981919 3.3220339
236 784 0.845469665 0.00281823222 3.3220339
236 784 0.845710809 0.00281903603 3.3220339
236 784 0.8459126 0.00281970867 3.3220339
236 784 0.845843553 0.00281947851 3.3220339
236 784 0.845871637 0.00281957212 3.3220339
236 786 0.845834903 0.00281944968 3.33050847
236 786 0.845676677 0.00281892226 3.33050847
235 783 0.837309799 0.00279103266 3.33191489
235 781 0.844788927 0.00281596309 3.32340426
235 781 0.844185266 0.00281395089 3.32340426
235 781 0.844356572 0.00281452191 3.32340426
235 780 0.840871433 0.00280290478 3.31914894
235 780 0.840808461 0.00280269487 3.31914894
235 780 0.840533184 0.00280177728 3.31914894
235 782 0.84392298 0.0028130766 3.32765957
235 782 0.843837162 0.00281279054 3.32765957
235 782 0.843813694 0.00281271231 3.32765957
234 777 0.840545549 0.0028018185 3.32051282
234 777 0.840839152 0.00280279717 3.32051282
234 777 0.840784286 0.00280261429 3.32051282
234 777 0.84043805 0.00280146017 3.32051282
234 777 0.840917538 0.00280305846 3.32051282
234 777 0.840682249 0.00280227416 3.32051282
234 777 0.840652335 0.00280217445 3.32051282
234 777 0.840649705 0.00280216568 3.32051282
234 777 0.840684278 0.00280228093 3.32051282
234 777 0.840787026 0.00280262342 3.32051282
233 771 0.832187672 0.00277395891 3.30901288
233 771 0.83017033 0.00276723443 3.30901288
233 771 0.831999476 0.00277333159 3.30901288
233 771 0.831906148 0.00277302049 3.30901288
233 771 0.831914718 0.00277304906 3.30901288
233 771 0.831931938 0.00277310646 3.30901288
233 771 0.831915032 0.00277305011 3.30901288
233 771 0.831956599 0.00277318866 3.30901288
233 771 0.831977921 0.00277325974 3.30901288
233 771 0.831942846 0.00277314282 3.30901288
232 765 0.82296335 0.00274321117 3.29741379
232 765 0.824963381 0.00274987794 3.29741379
232 765 0.825144119 0.0027504804 3.29741379
232 765 0.825670306 0.00275223435 3.29741379
232 765 0.825640216 0.00275213405 3.29741379
232 768 0.826038191 0.00275346064 3.31034483
232 768 0.826092056 0.00275364019 3.31034483
232 768 0.826294934 0.00275431645 3.31034483
232 768 0.826034092 0.00275344697 3.31034483
232 768 0.826286924 0.00275428975 3.31034483
231 762 0.818445221 0.00272815074 3.2987013
231 760 0.81969808 0.00273232693 3.29004329
231 759 0.820591206 0.00273530402 3.28571429
231 759 0.820604741 0.00273534914 3.28571429
231 759 0.820551856 0.00273517285 3.28571429
231 759 0.820624948 0.00273541649 3.28571429
231 759 0.820673488 0.00273557829 3.28571429
231 759 0.82075625 0.00273585417 3.28571429
231 759 0.820694498 0.00273564833 3.28571429
231 759 0.820725956 0.00273575319 3.28571429
230 753 0.813336517 0.00271112172 3.27391304
230 753 0.813386701 0.002711289 3.27391304
230 753 0.813281591 0.00271093864 3.27391304
230 753 0.813485882 0.00271161961 3.27391304
230 753 0.813413379 0.00271137793 3.27391304
230 753 0.813252411 0.00271084137 3.27391304
230 753 0.813283253 0.00271094418 3.27391304
230 753 0.813127679 0.0027104256 3.27391304
230 753 0.813444666 0.00271148222 3.27391304
230 751 0.814505564 0.00271501855 3.26521739
229 743 0.806514413 0.00268838138 3.24454148
229 743 0.806691339 0.00268897113 3.24454148
229 743 0.806565231 0.00268855077 3.24454148
229 745 0.806955103 0.00268985034 3.25327511
229 745 0.806928465 0.00268976155 3.25327511
229 745 0.806830327 0.00268943442 3.25327511
229 745 0.807090603 0.00269030201 3.25327511
229 746 0.808488371 0.00269496124 3.25764192
229 746 0.808525793 0.00269508598 3.25764192
229 746 0.808554003 0.00269518001 3.25764192
228 739 0.799833304 0.00266611101 3.24122807
228 743 0.8007825 0.002669275 3.25877193
228 743 0.800639964 0.00266879988 3.25877193
228 742 0.799762461 0.00266587487 3.25438596
228 740 0.802373572 0.00267457857 3.24561404
228 740 0.801934485 0.00267311495 3.24561404
228 740 0.801990109 0.00267330036 3.24561404
228 740 0.802008268 0.00267336089 3.24561404
228 740 0.802134227 0.00267378076 3.24561404
228 740 0.801920036 0.00267306679 3.24561404
227 732 0.794143695 0.00264714565 3.2246696
227 736 0.793627368 0.00264542456 3.24229075
227 740 0.793563765 0.00264521255 3.25991189
227 738 0.797412448 0.00265804149 3.25110132
227 738 0.797469984 0.00265823328 3.25110132
227 738 0.7974695 0.00265823167 3.25110132
227 738 0.797552965 0.00265850988 3.25110132
227 738 0.79761342 0.0026587114 3.25110132
227 738 0.797524759 0.00265841586 3.25110132
227 738 0.797403341 0.00265801114 3.25110132
226 732 0.791538866 0.00263846289 3.23893805
226 732 0.790930262 0.00263643421 3.23893805
226 734 0.791197716 0.00263732572 3.24778761
226 730 0.790153308 0.00263384436 3.2300885
226 731 0.788905817 0.00262968606 3.23451327
226 731 0.789321249 0.00263107083 3.23451327
226 730 0.792125314 0.00264041771 3.2300885
226 730 0.792060235 0.00264020078 3.2300885
226 730 0.792113298 0.00264037766 3.2300885
226 730 0.792316842 0.00264105614 3.2300885
225 725 0.78682588 0.00262275293 3.22222222
225 725 0.78681223 0.00262270743 3.22222222
225 725 0.786512626 0.00262170875 3.22222222
225 724 0.783692019 0.00261230673 3.21777778
225 724 0.783605274 0.00261201758 3.21777778
225 724 0.783461086 0.00261153695 3.21777778
225 724 0.783564769 0.00261188256 3.21777778
225 724 0.783352714 0.00261117571 3.21777778
225 726 0.784592348 0.00261530783 3.22666667
225 726 0.784616415 0.00261538805 3.22666667
224 720 0.778076607 0.00259358869 3.21428571
224 720 0.778221633 0.00259407211 3.21428571
224 720 0.778014791 0.00259338264 3.21428571
224 720 0.777896342 0.00259298781 3.21428571
224 720 0.77802936 0.0025934312 3.21428571
224 720 0.778107443 0.00259369148 3.21428571
224 720 0.778350754 0.00259450251 3.21428571
224 720 0.778173629 0.0025939121 3.21428571
224 720 0.778008139 0.00259336046 3.21428571
224 720 0.778437207 0.00259479069 3.21428571
223 714 0.77715923 0.00259053077 3.20179372
223 714 0.777136753 0.00259045584 3.20179372
223 714 0.77721428 0.00259071427 3.20179372
223 714 0.777196786 0.00259065595 3.20179372
223 714 0.777168206 0.00259056069 3.20179372
223 714 0.777273344 0.00259091115 3.20179372
223 714 0.777112242 0.00259037414 3.20179372
223 714 0.777223138 0.00259074379 3.20179372
223 714 0.777224201 0.00259074734 3.20179372
223 714 0.777259566 0.00259086522 3.20179372
222 707 0.769192454 0.00256397485 3.18468468
222 708 0.769627106 0.00256542369 3.18918919
222 708 0.769608448 0.00256536149 3.18918919
222 708 0.769536288 0.00256512096 3.18918919
222 708 0.769546232 0.00256515411 3.18918919
222 708 0.771139465 0.00257046488 3.18918919
222 708 0.771003187 0.00257001062 3.18918919
222 708 0.771000958 0.00257000319 3.18918919
222 708 0.770736852 0.00256912284 3.18918919
222 708 0.770689198 0.00256896399 3.18918919
221 705 0.764508633 0.00254836211 3.19004525
221 705 0.764369154 0.00254789718 3.19004525
221 705 0.764265837 0.00254755279 3.19004525
221 705 0.764229256 0.00254743085 3.19004525
221 705 0.764021283 0.00254673761 3.19004525
221 703 0.760435023 0.00253478341 3.18099548
221 700 0.765557619 0.00255185873 3.16742081
221 700 0.765581024 0.00255193675 3.16742081
221 700 0.765810828 0.00255270276 3.16742081
221 700 0.765677853 0.00255225951 3.16742081
220 697 0.765748637 0.00255249546 3.16818182
220 697 0.765578138 0.00255192713 3.16818182
220 697 0.76573799 0.00255245997 3.16818182
220 697 0.765481219 0.00255160406 3.16818182
220 697 0.765778087 0.00255259362 3.16818182
220 697 0.765930981 0.00255310327 3.16818182
220 697 0.765598284 0.00255199428 3.16818182
220 697 0.765880078 0.00255293359 3.16818182
220 697 0.76555633 0.00255185443 3.16818182
220 697 0.765652565 0.00255217522 3.16818182
219 691 0.759465293 0.00253155098 3.15525114
219 691 0.759440126 0.00253146709 3.15525114
219 691 0.759598815 0.00253199605 3.15525114
219 691 0.759235384 0.00253078461 3.15525114
219 691 0.759247164 0.00253082388 3.15525114
219 691 0.759417499 0.00253139166 3.15525114
219 691 0.759492734 0.00253164245 3.15525114
219 691 0.759449635 0.00253149878 3.15525114
219 691 0.759416157 0.00253138719 3.15525114
219 691 0.759422619 0.00253140873 3.15525114
218 682 0.751039718 0.00250346573 3.12844037
218 682 0.750650446 0.00250216815 3.12844037
218 687 0.752801134 0.00250933711 3.15137615
218 687 0.752655522 0.00250885174 3.15137615
218 687 0.75255123 0.0025085041 3.15137615
218 687 0.752697594 0.00250899198 3.15137615
218 687 0.752941781 0.00250980594 3.15137615
218 687 0.752752194 0.00250917398 3.15137615
218 687 0.752597377 0.00250865792 3.15137615
218 687 0.752296746 0.00250765582 3.15137615
217 680 0.745511004 0.00248503668 3.13364055
217 680 0.745088478 0.00248362826 3.13364055
217 683 0.745882182 0.00248627394 3.14746544
217 683 0.745901814 0.00248633938 3.14746544
217 683 0.746168292 0.00248722764 3.14746544
217 683 0.746001723 0.00248667241 3.14746544
217 683 0.746285202 0.00248761734 3.14746544
217 683 0.745900512 0.00248633504 3.14746544
217 683 0.746286053 0.00248762018 3.14746544
217 683 0.746167832 0.00248722611 3.14746544
216 676 0.736632758 0.00245544253 3.12962963
216 676 0.738549614 0.00246183205 3.12962963
216 676 0.738343756 0.00246114585 3.12962963
216 676 0.73821552 0.0024607184 3.12962963
216 676 0.73820197 0.00246067323 3.12962963
216 676 0.738424463 0.00246141488 3.12962963
216 676 0.738369389 0.0024612313 3.12962963
216 676 0.738414522 0.00246138174 3.12962963
216 676 0.73854539 0.00246181797 3.12962963
216 676 0.738235523 0.00246078508 3.12962963
215 667 0.731597791 0.0024386593 3.10232558
215 667 0.73137746 0.00243792487 3.10232558
215 667 0.731186124 0.00243728708 3.10232558
215 667 0.731788824 0.00243929608 3.10232558
215 667 0.730770044 0.00243590015 3.10232558
215 667 0.730652421 0.00243550807 3.10232558
215 667 0.731135026 0.00243711675 3.10232558
215 667 0.730611536 0.00243537179 3.10232558
215 667 0.73111352 0.00243704507 3.10232558
215 669 0.733209309 0.00244403103 3.11162791
214 665 0.723085565 0.00241028522 3.10747664
214 660 0.725557562 0.00241852521 3.08411215
214 660 0.726038508 0.00242012836 3.08411215
214 660 0.726039073 0.00242013024 3.08411215
214 660 0.726281382 0.00242093794 3.08411215
214 660 0.726242519 0.0024208084 3.08411215
214 660 0.726148112 0.00242049371 3.08411215
214 660 0.72622338 0.0024207446 3.08411215
214 660 0.726076306 0.00242025435 3.08411215
214 660 0.72595842 0.0024198614 3.08411215
213 656 0.713776079 0.0023792536 3.07981221
213 653 0.714699059 0.0023823302 3.0657277
213 654 0.718854068 0.00239618023 3.07042254
213 654 0.718561907 0.00239520636 3.07042254
213 654 0.719105487 0.00239701829 3.07042254
213 654 0.718977543 0.00239659181 3.07042254
213 654 0.719046325 0.00239682108 3.07042254
213 654 0.71879723 0.00239599077 3.07042254
213 654 0.71868801 0.0023956267 3.07042254
213 654 0.719220575 0.00239740192 3.07042254
212 646 0.7118185 0.00237272833 3.04716981
212 646 0.711332625 0.00237110875 3.04716981
212 646 0.711151558 0.00237050519 3.04716981
212 646 0.711918436 0.00237306145 3.04716981
212 646 0.712179019 0.00237393006 3.04716981
212 646 0.712137172 0.00237379057 3.04716981
212 646 0.710995681 0.0023699856 3.04716981
212 647 0.71408627 0.00238028757 3.05188679
212 647 0.713807734 0.00237935911 3.05188679
212 647 0.713670606 0.00237890202 3.05188679
211 639 0.70726216 0.00235754053 3.02843602
211 639 0.706591249 0.00235530416 3.02843602
211 639 0.706880607 0.00235626869 3.02843602
211 639 0.706774867 0.00235591622 3.02843602
211 639 0.707176512 0.00235725504 3.02843602
211 639 0.70755424 0.00235851413 3.02843602
211 639 0.707400941 0.00235800314 3.02843602
211 639 0.707260224 0.00235753408 3.02843602
211 639 0.707308817 0.00235769606 3.02843602
211 639 0.707190495 0.00235730165 3.02843602
210 637 0.694079062 0.00231359687 3.03333333
210 634 0.697093296 0.00232364432 3.01904762
210 634 0.698724589 0.00232908196 3.01904762
210 634 0.69899018 0.00232996727 3.01904762
210 634 0.69921186 0.0023307062 3.01904762
210 634 0.698675682 0.00232891894 3.01904762
210 634 0.698962733 0.00232987578 3.01904762
210 634 0.699017914 0.00233005971 3.01904762
210 637 0.698542427 0.00232847476 3.03333333
210 637 0.698768911 0.0023292297 3.03333333
209 632 0.687828638 0.00229276213 3.02392344
209 632 0.6897557 0.00229918567 3.02392344
209 629 0.695581632 0.00231860544 3.00956938
209 629 0.695554259 0.0023185142 3.00956938
209 629 0.695808101 0.00231936034 3.00956938
209 629 0.69530213 0.00231767377 3.00956938
209 629 0.695287449 0.00231762483 3.00956938
209 629 0.695306841 0.00231768947 3.00956938
209 629 0.695561036 0.00231853679 3.00956938
209 629 0.695497571 0.00231832524 3.00956938
208 626 0.685781474 0.00228593825 3.00961538
208 626 0.686034839 0.0022867828 3.00961538
208 626 0.686134784 0.00228711595 3.00961538
208 626 0.685893422 0.00228631141 3.00961538
208 626 0.685692636 0.00228564212 3.00961538
208 626 0.686455333 0.00228818444 3.00961538
208 626 0.685950377 0.00228650126 3.00961538
208 626 0.685729554 0.00228576518 3.00961538
208 626 0.686093134 0.00228697711 3.00961538
208 626 0.685624301 0.00228541434 3.00961538
207 621 0.675807934 0.00225269311 3
207 620 0.676749661 0.0022558322 2.99516908
207 620 0.676493376 0.00225497792 2.99516908
207 620 0.676318892 0.00225439631 2.99516908
207 621 0.676832742 0.00225610914 3
207 621 0.676917914 0.00225639305 3
207 621 0.677413442 0.00225804481 3
207 621 0.677215759 0.00225738586 3
207 621 0.676320949 0.00225440316 3
207 621 0.677616624 0.00225872208 3
206 614 0.665764288 0.00221921429 2.98058252
206 615 0.668797919 0.0022293264 2.98543689
206 616 0.673285137 0.00224428379 2.99029126
206 616 0.67256202 0.0022418734 2.99029126
206 616 0.6725014 0.00224167133 2.99029126
206 616 0.673740991 0.0022458033 2.99029126
206 616 0.673646859 0.00224548953 2.99029126
206 616 0.673699955 0.00224566652 2.99029126
206 616 0.673074052 0.00224358017 2.99029126
206 616 0.673372248 0.00224457416 2.99029126
205 612 0.660159054 0.00220053018 2.98536585
204 606 0.656213411 0.00218737804 2.97058824
204 606 0.66461546 0.00221538487 2.97058824
204 606 0.664586878 0.00221528959 2.97058824
204 607 0.662138876 0.00220712959 2.9754902
204 607 0.662151402 0.00220717134 2.9754902
204 607 0.662152679 0.0022071756 2.9754902
204 607 0.662147369 0.0022071579 2.9754902
204 607 0.661826467 0.00220608822 2.9754902
204 607 0.660799513 0.00220266504 2.9754902
203 602 0.661347308 0.00220449103 2.96551724
203 602 0.661022915 0.00220340972 2.96551724
203 602 0.660713091 0.00220237697 2.96551724
203 602 0.660912727 0.00220304242 2.96551724
203 602 0.661056327 0.00220352109 2.96551724
203 602 0.661464424 0.00220488141 2.96551724
203 602 0.661065771 0.00220355257 2.96551724
203 602 0.6608272 0.00220275733 2.96551724
203 602 0.66078699 0.0022026233 2.96551724
203 602 0.660707125 0.00220235708 2.96551724
202 597 0.652810404 0.00217603468 2.95544554
202 597 0.652113341 0.00217371114 2.95544554
202 597 0.652146088 0.00217382029 2.95544554
202 597 0.651014557 0.00217004852 2.95544554
202 597 0.651723258 0.00217241086 2.95544554
202 597 0.650854956 0.00216951652 2.95544554
202 597 0.653895235 0.00217965078 2.95544554
202 597 0.652274335 0.00217424778 2.95544554
202 599 0.65325818 0.00217752727 2.96534653
200 593 0.646599228 0.00215533076 2.965
199 588 0.638799111 0.00212933037 2.95477387
199 588 0.638573247 0.00212857749 2.95477387
199 588 0.638628938 0.00212876313 2.95477387
199 588 0.638559263 0.00212853088 2.95477387
199 588 0.638461476 0.00212820492 2.95477387
199 588 0.638714186 0.00212904729 2.95477387
199 588 0.639255268 0.00213085089 2.95477387
199 588 0.638798802 0.00212932934 2.95477387
199 588 0.638125144 0.00212708381 2.95477387
199 588 0.638424838 0.00212808279 2.95477387
198 585 0.626159352 0.00208719784 2.95454545
198 582 0.627076076 0.00209025359 2.93939394
198 582 0.626935244 0.00208978415 2.93939394
198 585 0.62933354 0.00209777847 2.95454545
198 585 0.629175399 0.00209725133 2.95454545
198 585 0.629396812 0.00209798937 2.95454545
198 585 0.62931358 0.00209771193 2.95454545
198 585 0.629406147 0.00209802049 2.95454545
198 585 0.629482989 0.00209827663 2.95454545
198 585 0.629278635 0.00209759545 2.95454545
197 579 0.618698778 0.00206232926 2.93908629
197 579 0.61885155 0.0020628385 2.93908629
197 579 0.61880017 0.00206266723 2.93908629
197 579 0.619315559 0.0020643852 2.93908629
197 580 0.618845795 0.00206281932 2.94416244
197 580 0.618932556 0.00206310852 2.94416244
197 580 0.619056475 0.00206352158 2.94416244
197 580 0.619121539 0.00206373846 2.94416244
197 580 0.619299157 0.00206433052 2.94416244
197 580 0.619284894 0.00206428298 2.94416244
196 577 0.606588204 0.00202196068 2.94387755
196 575 0.604940737 0.00201646912 2.93367347
196 575 0.604636148 0.00201545383 2.93367347
196 575 0.604639283 0.00201546428 2.93367347
196 576 0.614602733 0.00204867578 2.93877551
196 576 0.615202084 0.00205067361 2.93877551
196 578 0.62219694 0.0020739898 2.94897959
196 578 0.622430599 0.00207476866 2.94897959
196 578 0.622145846 0.00207381949 2.94897959
196 578 0.622080906 0.00207360302 2.94897959
195 574 0.610937011 0.0020364567 2.94358974
195 574 0.611074722 0.00203691574 2.94358974
195 574 0.608101895 0.00202700632 2.94358974
195 574 0.608685154 0.00202895051 2.94358974
195 574 0.608489491 0.0020282983 2.94358974
195 574 0.607328859 0.00202442953 2.94358974
195 574 0.606406257 0.00202135419 2.94358974
195 574 0.608958947 0.00202986316 2.94358974
195 574 0.610483863 0.00203494621 2.94358974
195 574 0.612004355 0.00204001452 2.94358974
194 569 0.602462606 0.00200820869 2.93298969
194 569 0.60332352 0.0020110784 2.93298969
194 565 0.606035448 0.00202011816 2.91237113
194 565 0.604970111 0.00201656704 2.91237113
194 565 0.605297773 0.00201765924 2.91237113
194 565 0.605556695 0.00201852232 2.91237113
194 565 0.605481981 0.00201827327 2.91237113
194 565 0.60554017 0.00201846723 2.91237113
194 565 0.605548449 0.00201849483 2.91237113
194 565 0.605493275 0.00201831092 2.91237113
193 561 0.594789607 0.00198263202 2.90673575
193 562 0.595752013 0.00198584004 2.9119171
193 562 0.595369311 0.00198456437 2.9119171
193 562 0.595595698 0.00198531899 2.9119171
192 558 0.588824292 0.00196274764 2.90625
192 558 0.589238841 0.00196412947 2.90625
192 558 0.588475995 0.00196158665 2.90625
192 558 0.588591553 0.00196197184 2.90625
192 558 0.588647429 0.0019621581 2.90625
192 558 0.588843402 0.00196281134 2.90625
191 554 0.580384312 0.00193461437 2.90052356
191 554 0.580724923 0.00193574974 2.90052356
191 554 0.579710069 0.0019323669 2.90052356
191 554 0.580081794 0.00193360598 2.90052356
191 554 0.579835596 0.00193278532 2.90052356
191 554 0.579970144 0.00193323381 2.90052356
191 554 0.580147057 0.00193382352 2.90052356
191 554 0.580125603 0.00193375201 2.90052356
191 554 0.579969593 0.00193323198 2.90052356
191 554 0.580095074 0.00193365025 2.90052356
190 551 0.570896972 0.00190298991 2.9
190 551 0.570729683 0.00190243228 2.9
190 551 0.570719272 0.00190239757 2.9
190 551 0.571273177 0.00190424392 2.9
190 551 0.57034034 0.00190113447 2.9
190 551 0.570273546 0.00190091182 2.9
190 551 0.570437503 0.00190145834 2.9
190 551 0.570362612 0.00190120871 2.9
190 551 0.57073812 0.0019024604 2.9
190 551 0.570811274 0.00190270425 2.9
189 546 0.558041733 0.00186013911 2.88888889
189 545 0.55931415 0.0018643805 2.88359788
189 545 0.559795042 0.00186598347 2.88359788
189 546 0.559800542 0.00186600181 2.88888889
189 546 0.558980609 0.0018632687 2.88888889
189 546 0.558879945 0.00186293315 2.88888889
189 546 0.559256787 0.00186418929 2.88888889
189 546 0.559272923 0.00186424308 2.88888889
189 546 0.559532844 0.00186510948 2.88888889
189 546 0.559471125 0.00186490375 2.88888889
188 539 0.548516814 0.00182838938 2.86702128
188 539 0.548582628 0.00182860876 2.86702128
188 539 0.548136121 0.0018271204 2.86702128
188 539 0.54865994 0.00182886647 2.86702128
188 539 0.548632238 0.00182877413 2.86702128
188 539 0.548842881 0.00182947627 2.86702128
188 539 0.549593131 0.0018319771 2.86702128
188 539 0.549721604 0.00183240535 2.86702128
188 539 0.549979655 0.00183326552 2.86702128
188 539 0.549556998 0.00183185666 2.86702128
187 536 0.534204441 0.00178068147 2.86631016
187 533 0.538640289 0.00179546763 2.85026738
187 533 0.538670529 0.00179556843 2.85026738
187 533 0.53900277 0.0017966759 2.85026738
187 533 0.53860019 0.00179533397 2.85026738
187 533 0.538350298 0.00179450099 2.85026738
187 533 0.538862409 0.00179620803 2.85026738
187 533 0.538088241 0.00179362747 2.85026738
187 535 0.53863322 0.00179544407 2.86096257
187 536 0.543063181 0.0018102106 2.86631016
186 529 0.528484252 0.00176161417 2.84408602
186 529 0.528828599 0.001762762 2.84408602
186 531 0.532344078 0.00177448026 2.85483871
186 530 0.526575605 0.00175525202 2.84946237
186 530 0.538006113 0.00179335371 2.84946237
186 530 0.537829608 0.00179276536 2.84946237
186 530 0.537223568 0.00179074523 2.84946237
186 530 0.537958002 0.00179319334 2.84946237
186 530 0.537469947 0.00179156649 2.84946237
185 523 0.527443528 0.00175814509 2.82702703
184 518 0.516076568 0.00172025523 2.81521739
184 518 0.515705642 0.00171901881 2.81521739
184 518 0.514912644 0.00171637548 2.81521739
184 518 0.515427299 0.001718091 2.81521739
184 518 0.515504459 0.0017183482 2.81521739
184 518 0.515561703 0.00171853901 2.81521739
184 518 0.515299755 0.00171766585 2.81521739
184 518 0.5151063 0.001717021 2.81521739
184 518 0.515381487 0.00171793829 2.81521739
184 518 0.51542701 0.00171809003 2.81521739
183 516 0.500818126 0.00166939375 2.81967213
183 513 0.504464286 0.00168154762 2.80327869
183 513 0.504779063 0.00168259688 2.80327869
183 513 0.505044263 0.00168348088 2.80327869
183 513 0.504841771 0.0016828059 2.80327869
183 513 0.504916099 0.00168305366 2.80327869
183 513 0.504947501 0.00168315834 2.80327869
183 513 0.504844491 0.00168281497 2.80327869
183 513 0.504392075 0.00168130692 2.80327869
183 513 0.504767882 0.00168255961 2.80327869
182 508 0.490549104 0.00163516368 2.79120879
182 507 0.493324209 0.00164441403 2.78571429
182 507 0.493370972 0.00164456991 2.78571429
182 507 0.492867604 0.00164289201 2.78571429
182 507 0.493087297 0.00164362432 2.78571429
182 507 0.49317277 0.00164390923 2.78571429
182 507 0.493059029 0.0016435301 2.78571429
182 507 0.492876113 0.00164292038 2.78571429
182 507 0.493214169 0.00164404723 2.78571429
182 507 0.493313494 0.00164437831 2.78571429
181 505 0.478518856 0.00159506285 2.79005525
181 502 0.478824219 0.00159608073 2.77348066
181 502 0.47948808 0.0015982936 2.77348066
181 502 0.479746155 0.00159915385 2.77348066
181 502 0.479566511 0.00159855504 2.77348066
181 502 0.47963045 0.00159876817 2.77348066
181 502 0.479650732 0.00159883577 2.77348066
181 502 0.481246225 0.00160415408 2.77348066
181 502 0.476445127 0.00158815042 2.77348066
181 502 0.476064686 0.00158688229 2.77348066
180 497 0.471292077 0.00157097359 2.76111111
180 497 0.471015832 0.00157005277 2.76111111
180 501 0.484600145 0.00161533382 2.78333333
180 499 0.490325454 0.00163441818 2.77222222
180 499 0.489974945 0.00163324982 2.77222222
179 494 0.490075769 0.0016335859 2.75977654
179 494 0.489480607 0.00163160202 2.75977654
179 494 0.489779073 0.00163259691 2.75977654
179 494 0.489863721 0.00163287907 2.75977654
179 494 0.48995168 0.00163317227 2.75977654
178 489 0.479723661 0.00159907887 2.74719101
178 489 0.479929131 0.00159976377 2.74719101
178 489 0.480071508 0.00160023836 2.74719101
178 489 0.479609501 0.00159869834 2.74719101
178 489 0.479356789 0.00159785596 2.74719101
178 489 0.479478779 0.0015982626 2.74719101
178 489 0.479407924 0.00159802641 2.74719101
178 489 0.479535503 0.00159845168 2.74719101
178 489 0.479797071 0.00159932357 2.74719101
178 489 0.479782952 0.00159927651 2.74719101
177 487 0.463386619 0.00154462206 2.75141243
177 484 0.462603102 0.00154201034 2.73446328
176 481 0.461117303 0.00153705768 2.73295455
176 481 0.460365623 0.00153455208 2.73295455
176 481 0.460646808 0.00153548936 2.73295455
176 481 0.460945746 0.00153648582 2.73295455
176 484 0.457032944 0.00152344315 2.75
176 484 0.45699654 0.0015233218 2.75
176 484 0.457733659 0.00152577886 2.75
176 484 0.457185787 0.00152395262 2.75
175 479 0.443642741 0.00147880914 2.73714286
175 478 0.446729461 0.0014890982 2.73142857
175 480 0.457453368 0.00152484456 2.74285714
175 483 0.45197249 0.00150657497 2.76
175 483 0.452448571 0.0015081619 2.76
175 483 0.452574437 0.00150858146 2.76
174 476 0.447591547 0.00149197182 2.73563218
174 477 0.447930653 0.00149310218 2.74137931
174 477 0.447831498 0.00149277166 2.74137931
174 477 0.447658384 0.00149219461 2.74137931
173 472 0.434483452 0.00144827817 2.7283237
173 474 0.4364209 0.00145473633 2.73988439
173 473 0.43818721 0.00146062403 2.73410405
173 473 0.437748878 0.00145916293 2.73410405
173 473 0.438274828 0.00146091609 2.73410405
173 473 0.438253101 0.00146084367 2.73410405
173 473 0.437814566 0.00145938189 2.73410405
173 473 0.438030278 0.00146010093 2.73410405
173 473 0.437920569 0.00145973523 2.73410405
173 473 0.43785983 0.00145953277 2.73410405
171 469 0.419945113 0.00139981704 2.74269006
171 468 0.409099649 0.0013636655 2.73684211
171 467 0.411837614 0.00137279205 2.73099415
171 467 0.412114123 0.00137371374 2.73099415
171 467 0.412114232 0.00137371411 2.73099415
171 468 0.418938486 0.00139646162 2.73684211
171 471 0.42259902 0.0014086634 2.75438596
171 472 0.427996154 0.00142665385 2.76023392
171 470 0.421787661 0.00140595887 2.74853801
171 471 0.421901122 0.00140633707 2.75438596
170 466 0.412730921 0.00137576974 2.74117647
170 468 0.417263261 0.00139087754 2.75294118
170 468 0.417322585 0.00139107528 2.75294118
170 468 0.417311702 0.00139103901 2.75294118
169 463 0.410999835 0.00136999945 2.73964497
169 463 0.411676609 0.00137225536 2.73964497
169 463 0.411071638 0.00137023879 2.73964497
169 463 0.411152 0.00137050667 2.73964497
169 463 0.411145348 0.00137048449 2.73964497
169 463 0.411244769 0.0013708159 2.73964497
168 460 0.402275126 0.00134091709 2.73809524
168 460 0.40280411 0.00134268037 2.73809524
168 460 0.402588747 0.00134196249 2.73809524
168 460 0.402732991 0.0013424433 2.73809524
168 460 0.402447563 0.00134149188 2.73809524
168 460 0.411210598 0.00137070199 2.73809524
168 460 0.411696109 0.00137232036 2.73809524
168 460 0.411428979 0.00137142993 2.73809524
168 460 0.411459909 0.00137153303 2.73809524
168 460 0.411216231 0.00137072077 2.73809524
167 458 0.393874185 0.00131291395 2.74251497
167 457 0.401459775 0.00133819925 2.73652695
167 457 0.394870771 0.0013162359 2.73652695
167 457 0.395109038 0.00131703013 2.73652695
167 457 0.39455938 0.00131519793 2.73652695
167 457 0.394543223 0.00131514408 2.73652695
166 454 0.395124271 0.0013170809 2.73493976
166 454 0.394823969 0.0013160799 2.73493976
166 454 0.394669433 0.00131556478 2.73493976
166 454 0.394727846 0.00131575949 2.73493976
165 447 0.38263388 0.00127544627 2.70909091
165 451 0.386809176 0.00128936392 2.73333333
165 451 0.386805958 0.00128935319 2.73333333
165 451 0.386739103 0.00128913034 2.73333333
165 448 0.390495038 0.00130165013 2.71515152
165 448 0.390494668 0.00130164889 2.71515152
165 448 0.390635926 0.00130211975 2.71515152
165 448 0.390293544 0.00130097848 2.71515152
165 448 0.389523951 0.00129841317 2.71515152
165 448 0.390109155 0.00130036385 2.71515152
164 443 0.381164482 0.00127054827 2.70121951
164 443 0.381335991 0.00127111997 2.70121951
164 443 0.38126789 0.00127089297 2.70121951
164 443 0.380995833 0.00126998611 2.70121951
164 443 0.381095804 0.00127031935 2.70121951
164 443 0.381104089 0.00127034696 2.70121951
164 443 0.38094334 0.00126981113 2.70121951
164 443 0.381320629 0.00127106876 2.70121951
164 445 0.382105558 0.00127368519 2.71341463
164 445 0.381886714 0.00127295571 2.71341463
163 438 0.363252894 0.00121084298 2.68711656
SP does not find any fixed points -> SP does not converge.
I am sorry I quit :(
