START ALGORITHM:
I am going to build an instance with N: 300 variables and 1200 clauses with a clause density equal to 4
START BSP WITH r=0.9:
Decimation scorer: cert
END UNIT PROPAGATION
300 1200 5.34011925 0.0178003975 4
300 1200 5.33998148 0.0177999383 4
300 1200 5.34001168 0.0178000389 4
300 1200 5.33994116 0.0177998039 4
300 1200 5.33993017 0.0177997672 4
300 1200 5.33992757 0.0177997586 4
300 1200 5.33993009 0.017799767 4
300 1200 5.33993127 0.0177997709 4
300 1200 5.33992844 0.0177997615 4
299 1195 5.33992819 0.0177997606 3.99665552
299 1195 5.33992662 0.0177997554 3.99665552
299 1195 5.33992622 0.0177997541 3.99665552
299 1195 5.33992618 0.0177997539 3.99665552
299 1195 5.3399261 0.0177997537 3.99665552
299 1195 5.33992606 0.0177997535 3.99665552
299 1195 5.33992595 0.0177997532 3.99665552
299 1195 5.33992591 0.017799753 3.99665552
299 1195 5.33992588 0.0177997529 3.99665552
299 1195 5.33992587 0.0177997529 3.99665552
298 1189 5.33992587 0.0177997529 3.98993289
298 1189 5.33992585 0.0177997528 3.98993289
298 1189 5.33992585 0.0177997528 3.98993289
298 1189 5.33992585 0.0177997528 3.98993289
298 1189 5.33992585 0.0177997528 3.98993289
298 1189 5.33992585 0.0177997528 3.98993289
298 1189 5.33992585 0.0177997528 3.98993289
298 1189 5.33992585 0.0177997528 3.98993289
298 1189 5.33992585 0.0177997528 3.98993289
298 1189 5.33992584 0.0177997528 3.98993289
297 1184 5.33992584 0.0177997528 3.98653199
297 1184 5.33992584 0.0177997528 3.98653199
297 1184 5.33992584 0.0177997528 3.98653199
297 1184 5.33992584 0.0177997528 3.98653199
297 1184 5.33992584 0.0177997528 3.98653199
297 1184 5.33992584 0.0177997528 3.98653199
297 1184 5.33992584 0.0177997528 3.98653199
297 1184 5.33992584 0.0177997528 3.98653199
297 1184 5.33992584 0.0177997528 3.98653199
297 1184 5.33992584 0.0177997528 3.98653199
296 1181 5.33992584 0.0177997528 3.98986486
296 1181 5.33993905 0.0177997968 3.98986486
296 1181 5.33993043 0.0177997681 3.98986486
296 1181 5.33992772 0.0177997591 3.98986486
296 1181 5.33993 0.0177997667 3.98986486
296 1181 5.33992943 0.0177997648 3.98986486
296 1181 5.33992897 0.0177997632 3.98986486
296 1181 5.33992877 0.0177997626 3.98986486
296 1181 5.33992886 0.0177997629 3.98986486
296 1181 5.33992885 0.0177997628 3.98986486
295 1175 5.33485184 0.0177828395 3.98305085
295 1175 5.33483993 0.0177827998 3.98305085
295 1175 5.33484585 0.0177828195 3.98305085
295 1175 5.33486881 0.017782896 3.98305085
295 1175 5.33486651 0.0177828884 3.98305085
295 1175 5.33486743 0.0177828914 3.98305085
295 1175 5.33486813 0.0177828938 3.98305085
295 1175 5.33486785 0.0177828928 3.98305085
295 1175 5.33486784 0.0177828928 3.98305085
295 1175 5.33486792 0.0177828931 3.98305085
294 1167 5.32101654 0.0177367218 3.96938776
294 1167 5.32104623 0.0177368208 3.96938776
294 1167 5.32097143 0.0177365714 3.96938776
294 1167 5.32099262 0.0177366421 3.96938776
294 1167 5.32099331 0.0177366444 3.96938776
294 1167 5.32099207 0.0177366402 3.96938776
294 1167 5.32099299 0.0177366433 3.96938776
294 1167 5.32099329 0.0177366443 3.96938776
294 1167 5.32099318 0.0177366439 3.96938776
294 1167 5.32099324 0.0177366441 3.96938776
293 1159 5.30316602 0.0176772201 3.9556314
293 1159 5.30296295 0.0176765432 3.9556314
293 1159 5.30307517 0.0176769172 3.9556314
293 1159 5.30322179 0.017677406 3.9556314
293 1159 5.30307563 0.0176769188 3.9556314
293 1159 5.3032233 0.017677411 3.9556314
293 1159 5.30308117 0.0176769372 3.9556314
293 1159 5.30322174 0.0176774058 3.9556314
293 1159 5.30308121 0.0176769374 3.9556314
293 1159 5.30322182 0.0176774061 3.9556314
292 1153 5.28472526 0.0176157509 3.94863014
292 1151 5.28497942 0.0176165981 3.94178082
292 1153 5.28329415 0.0176109805 3.94863014
292 1153 5.28463183 0.0176154394 3.94863014
292 1151 5.28484307 0.0176161436 3.94178082
292 1151 5.284779 0.01761593 3.94178082
292 1151 5.28472882 0.0176157627 3.94178082
292 1151 5.2847395 0.0176157983 3.94178082
292 1151 5.28473755 0.0176157918 3.94178082
292 1151 5.28473425 0.0176157808 3.94178082
291 1145 5.26814852 0.0175604951 3.9347079
291 1145 5.26830707 0.0175610236 3.9347079
291 1145 5.26824417 0.0175608139 3.9347079
291 1145 5.26824696 0.0175608232 3.9347079
291 1145 5.26825154 0.0175608385 3.9347079
291 1145 5.26825162 0.0175608387 3.9347079
291 1145 5.26825187 0.0175608396 3.9347079
291 1145 5.26825168 0.0175608389 3.9347079
291 1145 5.26825171 0.017560839 3.9347079
291 1145 5.26825171 0.017560839 3.9347079
290 1136 5.24836726 0.0174945575 3.91724138
290 1136 5.24850804 0.0174950268 3.91724138
290 1136 5.24865904 0.0174955301 3.91724138
290 1136 5.24857845 0.0174952615 3.91724138
290 1136 5.24858557 0.0174952852 3.91724138
290 1136 5.2485955 0.0174953183 3.91724138
290 1136 5.24859277 0.0174953092 3.91724138
290 1136 5.24859327 0.0174953109 3.91724138
290 1136 5.24859378 0.0174953126 3.91724138
290 1136 5.24859349 0.0174953116 3.91724138
289 1124 5.22857983 0.0174285994 3.88927336
289 1124 5.22829893 0.0174276631 3.88927336
289 1124 5.22835747 0.0174278582 3.88927336
289 1124 5.22835991 0.0174278664 3.88927336
289 1124 5.22836567 0.0174278856 3.88927336
289 1124 5.22836042 0.0174278681 3.88927336
289 1124 5.228363 0.0174278767 3.88927336
289 1124 5.22836263 0.0174278754 3.88927336
289 1124 5.22836268 0.0174278756 3.88927336
289 1124 5.2283627 0.0174278757 3.88927336
288 1117 5.205602 0.0173520067 3.87847222
288 1117 5.20424036 0.0173474679 3.87847222
288 1117 5.20541245 0.0173513748 3.87847222
288 1117 5.20549461 0.0173516487 3.87847222
288 1117 5.20549642 0.0173516547 3.87847222
288 1117 5.20549768 0.0173516589 3.87847222
288 1117 5.2054984 0.0173516613 3.87847222
288 1117 5.20549841 0.0173516614 3.87847222
288 1117 5.20549854 0.0173516618 3.87847222
288 1117 5.20549854 0.0173516618 3.87847222
287 1110 5.18291405 0.0172763802 3.86759582
287 1110 5.18308513 0.0172769504 3.86759582
287 1110 5.18307045 0.0172769015 3.86759582
287 1110 5.18305659 0.0172768553 3.86759582
287 1110 5.1830496 0.017276832 3.86759582
287 1110 5.1831795 0.017277265 3.86759582
287 1110 5.18311387 0.0172770462 3.86759582
287 1110 5.18311497 0.0172770499 3.86759582
287 1110 5.18312435 0.0172770812 3.86759582
287 1110 5.1831192 0.017277064 3.86759582
286 1100 5.15840197 0.0171946732 3.84615385
286 1100 5.15824056 0.0171941352 3.84615385
286 1100 5.15840987 0.0171946996 3.84615385
286 1100 5.15830005 0.0171943335 3.84615385
286 1100 5.15840682 0.0171946894 3.84615385
286 1100 5.1583055 0.0171943517 3.84615385
286 1100 5.15840721 0.0171946907 3.84615385
286 1100 5.1583055 0.0171943517 3.84615385
286 1100 5.15840727 0.0171946909 3.84615385
286 1100 5.15830552 0.0171943517 3.84615385
285 1089 5.1320195 0.0171067317 3.82105263
285 1089 5.13249954 0.0171083318 3.82105263
285 1089 5.13244356 0.0171081452 3.82105263
285 1089 5.1324926 0.0171083087 3.82105263
285 1089 5.13249691 0.017108323 3.82105263
285 1089 5.13249655 0.0171083218 3.82105263
285 1089 5.13249652 0.0171083217 3.82105263
285 1089 5.13249653 0.0171083218 3.82105263
285 1089 5.13249652 0.0171083217 3.82105263
285 1089 5.13249654 0.0171083218 3.82105263
284 1078 5.10672661 0.017022422 3.79577465
284 1078 5.10672929 0.017022431 3.79577465
284 1078 5.10671385 0.0170223795 3.79577465
284 1078 5.10662312 0.0170220771 3.79577465
284 1078 5.10664289 0.017022143 3.79577465
284 1078 5.10652671 0.0170217557 3.79577465
284 1078 5.10664503 0.0170221501 3.79577465
284 1078 5.10666377 0.0170222126 3.79577465
284 1078 5.10661469 0.017022049 3.79577465
284 1078 5.10664113 0.0170221371 3.79577465
283 1074 5.0781801 0.016927267 3.795053
283 1074 5.07837076 0.0169279025 3.795053
283 1074 5.0782303 0.0169274343 3.795053
283 1074 5.07819843 0.0169273281 3.795053
283 1074 5.07818713 0.0169272904 3.795053
283 1074 5.07818446 0.0169272815 3.795053
283 1074 5.07818392 0.0169272797 3.795053
283 1074 5.07818369 0.016927279 3.795053
283 1074 5.07818371 0.016927279 3.795053
283 1074 5.07818369 0.016927279 3.795053
282 1066 5.04972142 0.0168324047 3.78014184
282 1069 5.04864827 0.0168288276 3.79078014
282 1065 5.0487528 0.016829176 3.77659574
282 1065 5.04875909 0.016829197 3.77659574
282 1066 5.04988579 0.0168329526 3.78014184
282 1066 5.04997247 0.0168332416 3.78014184
282 1066 5.04998269 0.0168332756 3.78014184
282 1066 5.04997341 0.0168332447 3.78014184
282 1066 5.04997557 0.0168332519 3.78014184
282 1066 5.04997537 0.0168332512 3.78014184
281 1061 5.02113999 0.0167371333 3.77580071
281 1061 5.02087077 0.0167362359 3.77580071
281 1061 5.02092376 0.0167364125 3.77580071
281 1061 5.02089824 0.0167363275 3.77580071
281 1061 5.0208616 0.0167362053 3.77580071
281 1061 5.0208056 0.0167360187 3.77580071
281 1061 5.02088968 0.0167362989 3.77580071
281 1061 5.02070992 0.0167356997 3.77580071
281 1061 5.02085727 0.0167361909 3.77580071
281 1061 5.02071202 0.0167357067 3.77580071
280 1049 4.98905367 0.0166301789 3.74642857
280 1047 4.98953526 0.0166317842 3.73928571
280 1052 4.98668131 0.016622271 3.75714286
280 1043 4.99689723 0.0166563241 3.725
280 1043 4.99688181 0.0166562727 3.725
280 1043 4.9968969 0.016656323 3.725
280 1043 4.9968779 0.0166562597 3.725
280 1043 4.99687905 0.0166562635 3.725
280 1043 4.99687851 0.0166562617 3.725
280 1043 4.99687875 0.0166562625 3.725
279 1038 4.96828856 0.0165609619 3.72043011
279 1038 4.96829303 0.0165609768 3.72043011
279 1038 4.96824145 0.0165608048 3.72043011
279 1038 4.96825253 0.0165608418 3.72043011
279 1038 4.96824955 0.0165608318 3.72043011
279 1038 4.96824729 0.0165608243 3.72043011
279 1038 4.96824708 0.0165608236 3.72043011
279 1038 4.96824696 0.0165608232 3.72043011
279 1038 4.96824694 0.0165608231 3.72043011
279 1038 4.96824694 0.0165608231 3.72043011
278 1028 4.93658531 0.0164552844 3.69784173
278 1032 4.93554268 0.0164518089 3.71223022
278 1028 4.93645895 0.0164548632 3.69784173
278 1028 4.93652711 0.0164550904 3.69784173
278 1032 4.93557739 0.0164519246 3.71223022
278 1032 4.93561036 0.0164520345 3.71223022
278 1028 4.93648883 0.0164549628 3.69784173
278 1028 4.93653478 0.0164551159 3.69784173
278 1028 4.93656025 0.0164552008 3.69784173
278 1028 4.93655866 0.0164551955 3.69784173
277 1022 4.9050742 0.0163502473 3.68953069
277 1022 4.90492153 0.0163497384 3.68953069
277 1022 4.90514639 0.016350488 3.68953069
277 1021 4.90374597 0.0163458199 3.68592058
277 1025 4.93573342 0.0164524447 3.70036101
277 1025 4.93571215 0.0164523738 3.70036101
277 1025 4.93574257 0.0164524752 3.70036101
277 1025 4.93576717 0.0164525572 3.70036101
277 1025 4.93576465 0.0164525488 3.70036101
277 1025 4.93576391 0.0164525464 3.70036101
276 1019 4.90465608 0.0163488536 3.69202899
276 1019 4.90452942 0.0163484314 3.69202899
276 1019 4.90478874 0.0163492958 3.69202899
276 1019 4.90472004 0.0163490668 3.69202899
276 1019 4.90470193 0.0163490064 3.69202899
276 1019 4.90471151 0.0163490384 3.69202899
276 1019 4.90471005 0.0163490335 3.69202899
276 1019 4.90470999 0.0163490333 3.69202899
276 1019 4.90470995 0.0163490332 3.69202899
276 1019 4.90470992 0.0163490331 3.69202899
275 1009 4.87402022 0.0162467341 3.66909091
275 1007 4.87393241 0.0162464414 3.66181818
275 1007 4.87398433 0.0162466144 3.66181818
275 1007 4.87409144 0.0162469715 3.66181818
275 1007 4.87410788 0.0162470263 3.66181818
275 1009 4.87379791 0.016245993 3.66909091
275 1009 4.87377167 0.0162459056 3.66909091
275 1009 4.87403498 0.0162467833 3.66909091
275 1009 4.87393497 0.0162464499 3.66909091
275 1009 4.87389129 0.0162463043 3.66909091
274 997 4.84335637 0.0161445212 3.63868613
273 993 4.81349966 0.0160449989 3.63736264
273 993 4.81345508 0.0160448503 3.63736264
273 993 4.81332823 0.0160444274 3.63736264
273 993 4.8133748 0.0160445827 3.63736264
273 993 4.81336903 0.0160445634 3.63736264
273 993 4.81336818 0.0160445606 3.63736264
273 993 4.81336872 0.0160445624 3.63736264
273 993 4.81336842 0.0160445614 3.63736264
273 993 4.81336843 0.0160445614 3.63736264
272 987 4.77606751 0.015920225 3.62867647
272 985 4.7739593 0.0159131977 3.62132353
272 989 4.77893826 0.0159297942 3.63602941
272 989 4.77917416 0.0159305805 3.63602941
272 989 4.77914091 0.0159304697 3.63602941
272 989 4.77914631 0.0159304877 3.63602941
272 989 4.77914258 0.0159304753 3.63602941
272 989 4.77914125 0.0159304708 3.63602941
272 989 4.77914118 0.0159304706 3.63602941
272 989 4.77914104 0.0159304701 3.63602941
271 979 4.74792598 0.0158264199 3.61254613
271 979 4.74777264 0.0158259088 3.61254613
271 979 4.74768591 0.0158256197 3.61254613
271 979 4.74769069 0.0158256356 3.61254613
271 979 4.74769295 0.0158256432 3.61254613
271 979 4.74769371 0.0158256457 3.61254613
271 979 4.74769345 0.0158256448 3.61254613
271 979 4.74769355 0.0158256452 3.61254613
271 979 4.74769354 0.0158256451 3.61254613
271 979 4.74769354 0.0158256451 3.61254613
270 971 4.7124743 0.0157082477 3.5962963
270 972 4.7021609 0.0156738697 3.6
270 971 4.71259146 0.0157086382 3.5962963
270 971 4.71274295 0.0157091432 3.5962963
270 971 4.71277051 0.015709235 3.5962963
270 971 4.71277591 0.015709253 3.5962963
270 971 4.71277528 0.0157092509 3.5962963
270 971 4.71277557 0.0157092519 3.5962963
270 971 4.71277547 0.0157092516 3.5962963
270 971 4.7127755 0.0157092517 3.5962963
269 964 4.67803786 0.0155934595 3.58364312
269 964 4.67788183 0.0155929394 3.58364312
269 964 4.67770688 0.0155923563 3.58364312
269 964 4.67798646 0.0155932882 3.58364312
269 964 4.67772383 0.0155924128 3.58364312
269 964 4.67798589 0.0155932863 3.58364312
269 964 4.67772519 0.0155924173 3.58364312
269 964 4.67798614 0.0155932871 3.58364312
269 964 4.67772544 0.0155924181 3.58364312
269 964 4.67798621 0.0155932874 3.58364312
268 958 4.64169395 0.0154723132 3.57462687
268 958 4.641647 0.0154721567 3.57462687
268 958 4.64155768 0.0154718589 3.57462687
268 958 4.64168101 0.01547227 3.57462687
268 958 4.64156524 0.0154718841 3.57462687
268 958 4.64168758 0.0154722919 3.57462687
268 958 4.6415665 0.0154718883 3.57462687
268 958 4.64168862 0.0154722954 3.57462687
268 958 4.64156681 0.0154718894 3.57462687
268 958 4.6416888 0.015472296 3.57462687
267 951 4.60277462 0.0153425821 3.56179775
267 953 4.6018787 0.0153395957 3.56928839
267 952 4.60354996 0.0153451665 3.56554307
267 957 4.60275049 0.0153425016 3.58426966
267 955 4.60141083 0.0153380361 3.57677903
267 952 4.60357462 0.0153452487 3.56554307
267 952 4.60349426 0.0153449809 3.56554307
267 957 4.60276267 0.0153425422 3.58426966
267 952 4.6037167 0.0153457223 3.56554307
267 952 4.60347754 0.0153449251 3.56554307
266 950 4.56958938 0.0152319646 3.57142857
266 950 4.56929577 0.0152309859 3.57142857
266 950 4.56948835 0.0152316278 3.57142857
266 950 4.5694643 0.0152315477 3.57142857
266 950 4.56949308 0.0152316436 3.57142857
266 950 4.569647 0.0152321567 3.57142857
266 950 4.56943183 0.0152314394 3.57142857
266 950 4.56964418 0.0152321473 3.57142857
266 950 4.56942919 0.0152314306 3.57142857
266 950 4.56964446 0.0152321482 3.57142857
265 944 4.53570053 0.0151190018 3.56226415
265 944 4.53561164 0.0151187055 3.56226415
265 944 4.53574874 0.0151191625 3.56226415
265 944 4.53570343 0.0151190114 3.56226415
265 944 4.5357115 0.0151190383 3.56226415
265 944 4.53571559 0.015119052 3.56226415
265 944 4.53571637 0.0151190546 3.56226415
265 944 4.53571664 0.0151190555 3.56226415
265 944 4.53571668 0.0151190556 3.56226415
265 944 4.53571669 0.0151190556 3.56226415
264 937 4.50022649 0.015000755 3.54924242
264 937 4.50027861 0.0150009287 3.54924242
264 937 4.50026206 0.0150008735 3.54924242
264 937 4.50003915 0.0150001305 3.54924242
264 937 4.5002957 0.0150009857 3.54924242
264 937 4.5001584 0.015000528 3.54924242
264 937 4.50004188 0.0150001396 3.54924242
264 937 4.50031624 0.0150010541 3.54924242
264 937 4.50015973 0.0150005324 3.54924242
264 937 4.50003715 0.0150001238 3.54924242
263 929 4.46136303 0.0148712101 3.53231939
263 929 4.46157897 0.0148719299 3.53231939
263 929 4.46095556 0.0148698519 3.53231939
263 928 4.45384053 0.0148461351 3.52851711
263 929 4.46104272 0.0148701424 3.53231939
263 929 4.46113998 0.0148704666 3.53231939
263 929 4.46146444 0.0148715481 3.53231939
263 929 4.46133684 0.0148711228 3.53231939
263 929 4.46132337 0.0148710779 3.53231939
263 929 4.46132026 0.0148710675 3.53231939
262 921 4.42438906 0.0147479635 3.51526718
262 921 4.4242901 0.0147476337 3.51526718
262 921 4.42416076 0.0147472025 3.51526718
262 921 4.42416454 0.0147472151 3.51526718
262 921 4.42416337 0.0147472112 3.51526718
262 921 4.42416087 0.0147472029 3.51526718
262 921 4.42416186 0.0147472062 3.51526718
262 921 4.42416138 0.0147472046 3.51526718
262 921 4.4241615 0.014747205 3.51526718
262 921 4.42416147 0.0147472049 3.51526718
261 915 4.38525807 0.0146175269 3.50574713
261 915 4.38581408 0.0146193803 3.50574713
261 915 4.38527698 0.0146175899 3.50574713
261 915 4.38583998 0.0146194666 3.50574713
261 915 4.38527512 0.0146175837 3.50574713
261 915 4.38585058 0.0146195019 3.50574713
261 915 4.38528481 0.014617616 3.50574713
261 915 4.38584961 0.0146194987 3.50574713
261 915 4.38528486 0.0146176162 3.50574713
261 915 4.38584967 0.0146194989 3.50574713
260 911 4.34402032 0.0144800677 3.50384615
260 911 4.34431578 0.0144810526 3.50384615
260 908 4.34508341 0.0144836114 3.49230769
260 905 4.33202623 0.0144400874 3.48076923
260 904 4.34672601 0.0144890867 3.47692308
260 905 4.35982363 0.0145327454 3.48076923
260 907 4.36052852 0.0145350951 3.48846154
260 907 4.3604335 0.0145347783 3.48846154
260 907 4.36044432 0.0145348144 3.48846154
260 907 4.3604708 0.0145349027 3.48846154
259 899 4.32635192 0.0144211731 3.47104247
259 899 4.32646045 0.0144215348 3.47104247
259 899 4.32645649 0.0144215216 3.47104247
259 899 4.32645849 0.0144215283 3.47104247
259 899 4.32645615 0.0144215205 3.47104247
259 899 4.32645562 0.0144215187 3.47104247
259 899 4.32645564 0.0144215188 3.47104247
259 899 4.32645563 0.0144215188 3.47104247
259 899 4.32645566 0.0144215189 3.47104247
259 899 4.32645566 0.0144215189 3.47104247
258 891 4.2904606 0.0143015353 3.45348837
258 891 4.29082223 0.0143027408 3.45348837
258 891 4.29078888 0.0143026296 3.45348837
258 891 4.29079336 0.0143026445 3.45348837
258 891 4.29079222 0.0143026407 3.45348837
258 891 4.29079218 0.0143026406 3.45348837
258 891 4.29079203 0.0143026401 3.45348837
258 891 4.29079205 0.0143026402 3.45348837
258 891 4.29079204 0.0143026401 3.45348837
258 891 4.29079205 0.0143026402 3.45348837
257 888 4.25287314 0.0141762438 3.45525292
257 888 4.25223271 0.014174109 3.45525292
257 888 4.25227589 0.014174253 3.45525292
257 888 4.25227795 0.0141742598 3.45525292
257 888 4.25226643 0.0141742214 3.45525292
257 888 4.25226417 0.0141742139 3.45525292
257 888 4.25226463 0.0141742154 3.45525292
257 888 4.25226408 0.0141742136 3.45525292
257 888 4.25226412 0.0141742137 3.45525292
257 888 4.25226412 0.0141742137 3.45525292
256 884 4.21063155 0.0140354385 3.453125
256 884 4.21039363 0.0140346454 3.453125
256 882 4.20892803 0.0140297601 3.4453125
256 881 4.21093284 0.0140364428 3.44140625
256 881 4.21058888 0.0140352963 3.44140625
256 881 4.21097095 0.0140365698 3.44140625
256 881 4.21055017 0.0140351672 3.44140625
256 881 4.21097495 0.0140365832 3.44140625
256 881 4.21055137 0.0140351712 3.44140625
256 881 4.21097505 0.0140365835 3.44140625
255 874 4.17389938 0.0139129979 3.42745098
255 874 4.17355316 0.0139118439 3.42745098
255 877 4.1728587 0.013909529 3.43921569
255 877 4.17275377 0.0139091792 3.43921569
255 876 4.16482897 0.0138827632 3.43529412
255 874 4.1736741 0.013912247 3.42745098
255 874 4.17375569 0.013912519 3.42745098
255 874 4.17369867 0.0139123289 3.42745098
255 874 4.1736847 0.0139122823 3.42745098
255 874 4.17368458 0.0139122819 3.42745098
254 870 4.13652864 0.0137884288 3.42519685
254 870 4.13693097 0.0137897699 3.42519685
254 870 4.13697785 0.0137899262 3.42519685
254 870 4.13697065 0.0137899022 3.42519685
254 870 4.13696955 0.0137898985 3.42519685
254 870 4.13696915 0.0137898972 3.42519685
254 870 4.13696912 0.0137898971 3.42519685
254 870 4.13696911 0.013789897 3.42519685
254 870 4.13696911 0.013789897 3.42519685
254 870 4.13696911 0.013789897 3.42519685
253 867 4.0988411 0.0136628037 3.42687747
253 862 4.0985655 0.013661885 3.40711462
253 862 4.09850573 0.0136616858 3.40711462
253 867 4.09878214 0.0136626071 3.42687747
253 867 4.09864773 0.0136621591 3.42687747
253 867 4.09863457 0.0136621152 3.42687747
253 867 4.09861724 0.0136620575 3.42687747
253 867 4.09861648 0.0136620549 3.42687747
253 867 4.09861532 0.0136620511 3.42687747
253 867 4.09861444 0.0136620481 3.42687747
252 859 4.06121596 0.0135373865 3.40873016
252 859 4.06103151 0.0135367717 3.40873016
252 859 4.06084408 0.0135361469 3.40873016
252 859 4.0609967 0.0135366557 3.40873016
252 859 4.06084108 0.0135361369 3.40873016
252 859 4.06096579 0.0135365526 3.40873016
252 859 4.06082566 0.0135360855 3.40873016
252 859 4.06101216 0.0135367072 3.40873016
252 859 4.06084577 0.0135361526 3.40873016
252 859 4.06097017 0.0135365672 3.40873016
251 854 4.01834235 0.0133944745 3.40239044
251 854 4.01956118 0.0133985373 3.40239044
251 854 4.01843732 0.0133947911 3.40239044
251 854 4.01859 0.0133953 3.40239044
251 854 4.01951706 0.0133983902 3.40239044
251 854 4.01931574 0.0133977191 3.40239044
251 854 4.01925852 0.0133975284 3.40239044
251 854 4.01926481 0.0133975494 3.40239044
251 854 4.01925052 0.0133975017 3.40239044
251 854 4.01925063 0.0133975021 3.40239044
250 849 3.9783735 0.013261245 3.396
250 849 3.97913194 0.0132637731 3.396
250 849 3.97904572 0.0132634857 3.396
250 849 3.9790248 0.013263416 3.396
250 849 3.97903184 0.0132634395 3.396
250 849 3.97903126 0.0132634375 3.396
250 849 3.97903092 0.0132634364 3.396
250 849 3.97903106 0.0132634369 3.396
250 849 3.97903105 0.0132634368 3.396
250 849 3.97903104 0.0132634368 3.396
249 844 3.93418698 0.0131139566 3.38955823
249 844 3.93367785 0.0131122595 3.38955823
249 844 3.93378818 0.0131126273 3.38955823
249 844 3.93370774 0.0131123591 3.38955823
249 844 3.93375238 0.0131125079 3.38955823
249 844 3.93370831 0.013112361 3.38955823
249 844 3.93375268 0.0131125089 3.38955823
249 844 3.93370852 0.0131123617 3.38955823
249 844 3.9337527 0.013112509 3.38955823
249 844 3.93370853 0.0131123618 3.38955823
248 836 3.88575398 0.0129525133 3.37096774
248 841 3.86625692 0.0128875231 3.39112903
248 838 3.89929139 0.012997638 3.37903226
248 838 3.89968616 0.0129989539 3.37903226
248 838 3.89961057 0.0129987019 3.37903226
248 838 3.89961218 0.0129987073 3.37903226
248 838 3.89961138 0.0129987046 3.37903226
248 838 3.8996121 0.012998707 3.37903226
248 838 3.89961189 0.0129987063 3.37903226
248 838 3.89961189 0.0129987063 3.37903226
247 833 3.8546842 0.0128489473 3.37246964
247 833 3.85441496 0.0128480499 3.37246964
247 833 3.85445175 0.0128481725 3.37246964
247 833 3.85445311 0.012848177 3.37246964
247 833 3.85445441 0.0128481814 3.37246964
247 833 3.85445452 0.0128481817 3.37246964
247 833 3.85445449 0.0128481816 3.37246964
247 833 3.8544545 0.0128481817 3.37246964
247 833 3.8544545 0.0128481817 3.37246964
247 833 3.8544545 0.0128481817 3.37246964
246 828 3.80176492 0.0126725497 3.36585366
246 828 3.8013645 0.012671215 3.36585366
246 828 3.80136065 0.0126712022 3.36585366
246 828 3.80139249 0.0126713083 3.36585366
246 828 3.80139555 0.0126713185 3.36585366
246 828 3.80139591 0.0126713197 3.36585366
246 828 3.80139579 0.0126713193 3.36585366
246 828 3.80139575 0.0126713192 3.36585366
246 828 3.80139574 0.0126713191 3.36585366
246 828 3.80139574 0.0126713191 3.36585366
245 822 3.74869489 0.0124956496 3.35510204
245 823 3.74230857 0.0124743619 3.35918367
245 820 3.73851726 0.0124617242 3.34693878
245 817 3.75372706 0.0125124235 3.33469388
245 821 3.7322276 0.0124407587 3.35102041
245 818 3.76543301 0.0125514434 3.33877551
245 818 3.76535442 0.0125511814 3.33877551
245 818 3.76535669 0.012551189 3.33877551
245 818 3.76536558 0.0125512186 3.33877551
245 818 3.76536324 0.0125512108 3.33877551
244 813 3.71968711 0.012398957 3.33196721
244 813 3.71972931 0.0123990977 3.33196721
244 813 3.71980146 0.0123993382 3.33196721
244 813 3.71979841 0.012399328 3.33196721
244 813 3.71980069 0.0123993356 3.33196721
244 813 3.71980097 0.0123993366 3.33196721
244 813 3.71980092 0.0123993364 3.33196721
244 813 3.71980093 0.0123993364 3.33196721
244 813 3.71980093 0.0123993364 3.33196721
244 813 3.71980093 0.0123993364 3.33196721
243 808 3.66500328 0.0122166776 3.32510288
243 807 3.66243242 0.0122081081 3.32098765
243 807 3.6654464 0.0122181547 3.32098765
243 807 3.6655202 0.0122184007 3.32098765
243 807 3.65686036 0.0121895345 3.32098765
243 807 3.66531563 0.0122177188 3.32098765
243 807 3.66552482 0.0122184161 3.32098765
243 807 3.66551955 0.0122183985 3.32098765
243 807 3.66552178 0.0122184059 3.32098765
243 807 3.66552092 0.0122184031 3.32098765
242 802 3.62397217 0.0120799072 3.31404959
242 802 3.62426845 0.0120808948 3.31404959
242 802 3.624274 0.0120809133 3.31404959
242 802 3.624256 0.0120808533 3.31404959
242 802 3.62425494 0.0120808498 3.31404959
242 802 3.62425484 0.0120808495 3.31404959
242 802 3.62425478 0.0120808493 3.31404959
242 802 3.62425478 0.0120808493 3.31404959
242 802 3.62425478 0.0120808493 3.31404959
242 802 3.62425478 0.0120808493 3.31404959
241 794 3.57097767 0.0119032589 3.29460581
241 797 3.56830562 0.0118943521 3.30705394
241 794 3.57236354 0.0119078785 3.29460581
241 794 3.57267326 0.0119089109 3.29460581
241 794 3.56827709 0.011894257 3.29460581
241 795 3.57561255 0.0119187085 3.29875519
241 795 3.57534083 0.0119178028 3.29875519
241 795 3.57559188 0.0119186396 3.29875519
241 795 3.57556251 0.0119185417 3.29875519
241 795 3.57557111 0.0119185704 3.29875519
240 789 3.53248642 0.0117749547 3.2875
240 788 3.52831003 0.0117610334 3.28333333
240 788 3.52868815 0.0117622938 3.28333333
240 788 3.52845497 0.0117615166 3.28333333
240 788 3.52842652 0.0117614217 3.28333333
240 788 3.5284501 0.0117615003 3.28333333
240 788 3.52844503 0.0117614834 3.28333333
240 788 3.52844181 0.0117614727 3.28333333
240 788 3.5284412 0.0117614707 3.28333333
240 788 3.52844114 0.0117614705 3.28333333
239 782 3.48524392 0.0116174797 3.27196653
239 782 3.48494944 0.0116164981 3.27196653
239 782 3.48497084 0.0116165695 3.27196653
239 782 3.48498734 0.0116166245 3.27196653
239 782 3.48498809 0.011616627 3.27196653
239 782 3.48498815 0.0116166272 3.27196653
239 782 3.48498815 0.0116166272 3.27196653
239 782 3.48498816 0.0116166272 3.27196653
239 782 3.48498816 0.0116166272 3.27196653
239 782 3.48498816 0.0116166272 3.27196653
238 775 3.4301304 0.011433768 3.25630252
238 777 3.42698177 0.0114232726 3.26470588
238 775 3.43063436 0.0114354479 3.25630252
238 775 3.43075691 0.0114358564 3.25630252
238 775 3.43082834 0.0114360945 3.25630252
238 775 3.43083679 0.0114361226 3.25630252
238 775 3.43083652 0.0114361217 3.25630252
238 775 3.43083647 0.0114361216 3.25630252
238 775 3.43083637 0.0114361212 3.25630252
238 775 3.43083637 0.0114361212 3.25630252
237 770 3.38293494 0.0112764498 3.24894515
237 770 3.38263866 0.0112754622 3.24894515
237 770 3.38230918 0.0112743639 3.24894515
237 770 3.38240048 0.0112746683 3.24894515
237 770 3.38237975 0.0112745992 3.24894515
237 770 3.38238653 0.0112746218 3.24894515
237 770 3.38238631 0.011274621 3.24894515
237 770 3.38238644 0.0112746215 3.24894515
237 770 3.38238648 0.0112746216 3.24894515
237 770 3.38238648 0.0112746216 3.24894515
236 766 3.32929402 0.0110976467 3.24576271
236 765 3.32608887 0.0110869629 3.24152542
236 766 3.34431301 0.01114771 3.24576271
236 766 3.34449304 0.0111483101 3.24576271
236 767 3.34571931 0.0111523977 3.25
236 767 3.34569242 0.0111523081 3.25
236 767 3.34576113 0.0111525371 3.25
236 767 3.34574377 0.0111524792 3.25
236 767 3.34573956 0.0111524652 3.25
236 767 3.34574028 0.0111524676 3.25
235 761 3.30102965 0.0110034322 3.23829787
235 761 3.30088785 0.0110029595 3.23829787
235 761 3.30085561 0.011002852 3.23829787
235 761 3.30086557 0.0110028852 3.23829787
235 761 3.30087606 0.0110029202 3.23829787
235 761 3.30087878 0.0110029293 3.23829787
235 761 3.30087932 0.0110029311 3.23829787
235 761 3.30087933 0.0110029311 3.23829787
235 761 3.30087932 0.0110029311 3.23829787
235 761 3.30087932 0.0110029311 3.23829787
234 753 3.25269947 0.0108423316 3.21794872
234 753 3.25286418 0.0108428806 3.21794872
234 753 3.2528856 0.010842952 3.21794872
234 753 3.2528266 0.0108427553 3.21794872
234 753 3.25297631 0.0108432544 3.21794872
234 753 3.25279054 0.0108426351 3.21794872
234 753 3.25298305 0.0108432768 3.21794872
234 753 3.25278915 0.0108426305 3.21794872
234 753 3.25298335 0.0108432778 3.21794872
234 753 3.25278924 0.0108426308 3.21794872
233 747 3.20041552 0.0106680517 3.20600858
233 750 3.20113411 0.010670447 3.21888412
233 744 3.1867625 0.0106225417 3.19313305
233 749 3.20054489 0.010668483 3.21459227
233 747 3.20112164 0.0106704055 3.20600858
233 747 3.20130172 0.0106710057 3.20600858
233 747 3.20154981 0.0106718327 3.20600858
233 747 3.20123934 0.0106707978 3.20600858
233 747 3.20133097 0.0106711032 3.20600858
233 747 3.20094628 0.0106698209 3.20600858
232 741 3.15743098 0.0105247699 3.19396552
232 741 3.15768616 0.0105256205 3.19396552
232 741 3.15816299 0.01052721 3.19396552
232 741 3.15815381 0.0105271794 3.19396552
232 741 3.15815272 0.0105271757 3.19396552
232 741 3.1581451 0.0105271503 3.19396552
232 741 3.15814471 0.010527149 3.19396552
232 741 3.15814529 0.010527151 3.19396552
232 741 3.1581454 0.0105271513 3.19396552
232 741 3.15814537 0.0105271512 3.19396552
231 735 3.10856263 0.0103618754 3.18181818
231 735 3.10860985 0.0103620328 3.18181818
231 735 3.10842251 0.0103614084 3.18181818
231 735 3.10809662 0.0103603221 3.18181818
231 735 3.10844489 0.010361483 3.18181818
231 735 3.10863254 0.0103621085 3.18181818
231 735 3.10845068 0.0103615023 3.18181818
231 735 3.10809739 0.0103603246 3.18181818
231 735 3.10844579 0.010361486 3.18181818
231 735 3.10863252 0.0103621084 3.18181818
230 728 3.05757319 0.0101919106 3.16521739
230 732 3.05567054 0.0101855685 3.1826087
230 731 3.06471285 0.0102157095 3.17826087
230 731 3.06501286 0.0102167095 3.17826087
230 731 3.06503132 0.0102167711 3.17826087
230 731 3.0650603 0.0102168677 3.17826087
230 731 3.06505927 0.0102168642 3.17826087
230 731 3.06505635 0.0102168545 3.17826087
230 731 3.0650569 0.0102168563 3.17826087
230 731 3.06505693 0.0102168564 3.17826087
229 725 3.01784525 0.0100594842 3.16593886
229 725 3.01787135 0.0100595712 3.16593886
229 725 3.01794093 0.0100598031 3.16593886
229 725 3.01802454 0.0100600818 3.16593886
229 725 3.0180381 0.010060127 3.16593886
229 725 3.01802486 0.0100600829 3.16593886
229 725 3.01802445 0.0100600815 3.16593886
229 725 3.01802438 0.0100600813 3.16593886
229 725 3.01802417 0.0100600806 3.16593886
229 725 3.01802416 0.0100600805 3.16593886
228 719 2.96945799 0.0098981933 3.15350877
228 719 2.96958663 0.00989862209 3.15350877
228 719 2.9690416 0.00989680534 3.15350877
228 719 2.96964823 0.00989882744 3.15350877
228 719 2.96942758 0.00989809193 3.15350877
228 719 2.96903811 0.00989679369 3.15350877
228 719 2.96964416 0.00989881387 3.15350877
228 719 2.96942841 0.00989809471 3.15350877
228 719 2.96903801 0.00989679337 3.15350877
228 719 2.96964418 0.00989881392 3.15350877
227 708 2.91583714 0.00971945714 3.11894273
227 708 2.91552357 0.00971841189 3.11894273
227 708 2.91581647 0.00971938825 3.11894273
227 708 2.91548175 0.00971827251 3.11894273
227 708 2.91581088 0.0097193696 3.11894273
227 708 2.9154828 0.00971827599 3.11894273
227 708 2.91581126 0.00971937088 3.11894273
227 708 2.9154828 0.00971827599 3.11894273
227 708 2.91581129 0.00971937095 3.11894273
227 708 2.9154828 0.00971827599 3.11894273
226 701 2.86332404 0.00954441348 3.10176991
226 699 2.84752952 0.00949176506 3.09292035
226 703 2.85693456 0.00952311521 3.11061947
226 701 2.86260518 0.00954201727 3.10176991
226 701 2.86260036 0.0095420012 3.10176991
226 701 2.86258583 0.00954195277 3.10176991
226 701 2.86258902 0.00954196341 3.10176991
226 701 2.86258864 0.00954196215 3.10176991
226 701 2.86258849 0.00954196163 3.10176991
226 701 2.86258852 0.00954196174 3.10176991
225 692 2.81015255 0.00936717517 3.07555556
225 692 2.81049161 0.00936830537 3.07555556
225 692 2.81045402 0.00936818005 3.07555556
225 692 2.81044251 0.00936814169 3.07555556
225 692 2.81044391 0.00936814637 3.07555556
225 692 2.810444 0.00936814666 3.07555556
225 692 2.81044399 0.00936814664 3.07555556
225 692 2.81044399 0.00936814662 3.07555556
225 692 2.81044399 0.00936814663 3.07555556
225 692 2.81044399 0.00936814663 3.07555556
224 684 2.75389519 0.00917965065 3.05357143
223 679 2.72213838 0.00907379461 3.04484305
223 686 2.72409653 0.00908032176 3.07623318
223 683 2.72442589 0.00908141965 3.06278027
223 683 2.72446435 0.00908154783 3.06278027
223 683 2.72481384 0.00908271281 3.06278027
223 683 2.72485538 0.00908285126 3.06278027
223 683 2.72481805 0.00908272684 3.06278027
223 683 2.72481333 0.00908271111 3.06278027
223 683 2.72481666 0.0090827222 3.06278027
222 677 2.67488921 0.00891629737 3.04954955
222 676 2.67149489 0.00890498295 3.04504505
222 677 2.6742423 0.00891414099 3.04954955
222 677 2.67412771 0.00891375902 3.04954955
222 677 2.67401032 0.00891336775 3.04954955
222 677 2.67392178 0.00891307258 3.04954955
222 677 2.67399212 0.00891330707 3.04954955
222 677 2.67391559 0.00891305197 3.04954955
222 677 2.67399194 0.00891330646 3.04954955
222 677 2.67391561 0.00891305204 3.04954955
221 670 2.62471275 0.0087490425 3.03167421
221 670 2.62476785 0.00874922616 3.03167421
221 670 2.62474203 0.00874914008 3.03167421
221 670 2.62474409 0.00874914695 3.03167421
221 670 2.62474393 0.00874914643 3.03167421
221 670 2.62474394 0.00874914647 3.03167421
221 670 2.62474394 0.00874914648 3.03167421
221 670 2.62474394 0.00874914648 3.03167421
221 670 2.62474394 0.00874914648 3.03167421
221 670 2.62474394 0.00874914648 3.03167421
220 667 2.563709 0.00854569667 3.03181818
220 667 2.55150325 0.00850501084 3.03181818
220 671 2.57789366 0.00859297885 3.05
220 673 2.55852498 0.00852841661 3.05909091
220 676 2.58206362 0.00860687874 3.07272727
220 676 2.59270129 0.00864233764 3.07272727
220 675 2.57341505 0.00857805018 3.06818182
220 684 2.6045004 0.00868166799 3.10909091
220 682 2.58211301 0.00860704337 3.1
220 682 2.58813835 0.00862712784 3.1
219 677 2.57199412 0.00857331372 3.0913242
218 666 2.53862675 0.00846208917 3.05504587
218 663 2.54392421 0.00847974736 3.0412844
218 665 2.52492488 0.00841641627 3.05045872
218 665 2.56572895 0.00855242985 3.05045872
218 666 2.57123888 0.00857079627 3.05504587
218 666 2.56902386 0.00856341286 3.05504587
218 668 2.5766195 0.00858873168 3.06422018
218 664 2.56846358 0.00856154525 3.04587156
218 668 2.58602382 0.00862007941 3.06422018
217 661 2.55741978 0.00852473261 3.04608295
216 655 2.51889081 0.00839630271 3.03240741
216 655 2.5186427 0.00839547568 3.03240741
216 655 2.51882288 0.00839607627 3.03240741
216 655 2.51867476 0.00839558253 3.03240741
216 655 2.51882587 0.00839608623 3.03240741
216 655 2.51867613 0.00839558709 3.03240741
216 655 2.51882666 0.00839608888 3.03240741
216 655 2.5186758 0.008395586 3.03240741
216 655 2.51882666 0.00839608886 3.03240741
215 649 2.4789777 0.00826325901 3.01860465
214 641 2.45370332 0.00817901106 2.9953271
214 641 2.45400076 0.00818000253 2.9953271
214 641 2.45401527 0.0081800509 2.9953271
214 641 2.45407635 0.0081802545 2.9953271
214 641 2.45407827 0.00818026089 2.9953271
214 641 2.45408117 0.00818027055 2.9953271
214 641 2.45408157 0.0081802719 2.9953271
214 641 2.45408172 0.00818027239 2.9953271
214 641 2.45408175 0.00818027249 2.9953271
213 633 2.41334011 0.00804446703 2.97183099
213 639 2.40799052 0.00802663505 3
213 639 2.41849035 0.0080616345 3
213 634 2.42254702 0.00807515672 2.97652582
212 631 2.40775382 0.00802584608 2.97641509
212 631 2.40798258 0.00802660859 2.97641509
212 631 2.40788869 0.00802629564 2.97641509
212 631 2.40790948 0.00802636492 2.97641509
212 631 2.40790807 0.00802636022 2.97641509
212 631 2.40790952 0.00802636505 2.97641509
211 623 2.36948462 0.00789828206 2.95260664
211 623 2.36964029 0.00789880097 2.95260664
211 623 2.36930627 0.00789768756 2.95260664
211 623 2.36935905 0.00789786349 2.95260664
211 623 2.36935239 0.0078978413 2.95260664
211 623 2.3693561 0.00789785365 2.95260664
211 623 2.36935614 0.00789785379 2.95260664
211 623 2.36935641 0.00789785471 2.95260664
211 623 2.36935645 0.00789785483 2.95260664
211 623 2.36935647 0.00789785491 2.95260664
210 618 2.32906043 0.00776353478 2.94285714
210 616 2.32531167 0.00775103889 2.93333333
209 608 2.28816701 0.00762722336 2.90909091
209 611 2.28030167 0.00760100557 2.92344498
208 603 2.25352132 0.00751173773 2.89903846
208 603 2.25367609 0.00751225365 2.89903846
208 605 2.22983646 0.0074327882 2.90865385
208 606 2.22655366 0.00742184553 2.91346154
207 601 2.21589986 0.00738633287 2.90338164
207 595 2.21532085 0.00738440282 2.87439614
206 590 2.18399237 0.00727997457 2.86407767
206 593 2.18794923 0.00729316411 2.87864078
206 592 2.16762025 0.00722540082 2.87378641
206 593 2.1893583 0.007297861 2.87864078
206 595 2.17858139 0.00726193798 2.88834951
205 588 2.16708408 0.00722361358 2.86829268
205 591 2.16285803 0.00720952676 2.88292683
205 592 2.16994145 0.00723313818 2.88780488
205 594 2.16368021 0.00721226736 2.89756098
205 596 2.17968924 0.0072656308 2.90731707
204 588 2.16413416 0.00721378054 2.88235294
204 582 2.15675377 0.00718917924 2.85294118
203 579 2.13898343 0.00712994475 2.85221675
203 578 2.11720327 0.00705734422 2.84729064
203 574 2.12412313 0.00708041042 2.82758621
203 581 2.1183218 0.00706107265 2.86206897
203 578 2.12652364 0.00708841213 2.84729064
203 577 2.11837742 0.00706125807 2.84236453
203 577 2.12637878 0.00708792928 2.84236453
202 572 2.1118752 0.00703958398 2.83168317
201 566 2.08015361 0.00693384538 2.8159204
201 565 2.08538935 0.00695129784 2.81094527
201 566 2.11694874 0.00705649581 2.8159204
201 566 2.11675448 0.00705584827 2.8159204
201 566 2.11667548 0.00705558493 2.8159204
201 566 2.11667887 0.00705559623 2.8159204
201 566 2.11667893 0.00705559643 2.8159204
201 566 2.11668288 0.00705560959 2.8159204
201 566 2.11668545 0.00705561815 2.8159204
201 566 2.11668721 0.00705562404 2.8159204
200 564 2.08399227 0.00694664091 2.82
200 564 2.0841702 0.00694723401 2.82
200 564 2.08408249 0.00694694165 2.82
200 564 2.08456252 0.00694854174 2.82
200 564 2.08414913 0.00694716377 2.82
200 564 2.08459615 0.00694865382 2.82
200 564 2.08414844 0.00694716147 2.82
200 564 2.08459625 0.00694865417 2.82
200 564 2.08415094 0.00694716981 2.82
200 564 2.08459711 0.00694865704 2.82
199 560 2.04863089 0.00682876963 2.81407035
199 558 2.04470362 0.00681567874 2.8040201
199 556 2.05339402 0.00684464673 2.79396985
199 558 2.02547937 0.00675159791 2.8040201
199 561 2.04476033 0.00681586777 2.81909548
199 561 2.02603582 0.00675345274 2.81909548
199 558 2.02764732 0.00675882439 2.8040201
199 556 2.0406295 0.00680209832 2.79396985
198 554 2.02331104 0.00674437012 2.7979798
198 554 2.02330006 0.00674433352 2.7979798
197 546 1.99010878 0.00663369594 2.7715736
197 552 1.98714714 0.00662382381 2.80203046
196 544 1.96081166 0.00653603888 2.7755102
196 543 1.96346263 0.00654487542 2.77040816
196 548 1.94676927 0.00648923089 2.79591837
195 542 1.93240176 0.00644133921 2.77948718
195 542 1.93277657 0.00644258858 2.77948718
195 542 1.93271888 0.00644239627 2.77948718
195 542 1.93274368 0.00644247894 2.77948718
195 542 1.93274262 0.0064424754 2.77948718
194 540 1.9010121 0.006336707 2.78350515
194 533 1.89062521 0.00630208404 2.74742268
194 532 1.9080992 0.00636033067 2.74226804
194 535 1.88158407 0.00627194689 2.75773196
193 531 1.88138144 0.00627127147 2.75129534
193 531 1.88127805 0.00627092683 2.75129534
193 531 1.88129743 0.00627099142 2.75129534
193 531 1.88129932 0.00627099772 2.75129534
193 531 1.88129956 0.00627099854 2.75129534
193 531 1.88129981 0.00627099936 2.75129534
192 527 1.84836025 0.00616120083 2.74479167
192 529 1.83142174 0.00610473913 2.75520833
192 527 1.84837989 0.00616126631 2.74479167
191 525 1.81808236 0.00606027455 2.7486911
191 525 1.81848975 0.00606163251 2.7486911
191 525 1.81845966 0.00606153219 2.7486911
191 525 1.81845925 0.00606153085 2.7486911
191 525 1.8184617 0.006061539 2.7486911
191 525 1.8184625 0.00606154166 2.7486911
191 525 1.81846322 0.00606154406 2.7486911
190 523 1.78494901 0.00594983004 2.75263158
190 521 1.78107199 0.00593690663 2.74210526
190 523 1.78469052 0.00594896839 2.75263158
190 523 1.78452522 0.0059484174 2.75263158
190 523 1.78457461 0.00594858204 2.75263158
190 523 1.78475998 0.00594919993 2.75263158
190 523 1.7846433 0.005948811 2.75263158
190 523 1.78459937 0.00594866457 2.75263158
190 523 1.78475688 0.00594918961 2.75263158
190 523 1.78464194 0.00594880646 2.75263158
189 519 1.7512713 0.005837571 2.74603175
189 518 1.75021726 0.00583405753 2.74074074
189 518 1.75022223 0.00583407411 2.74074074
189 518 1.75044071 0.00583480237 2.74074074
189 518 1.7503103 0.00583436766 2.74074074
189 518 1.75028128 0.00583427094 2.74074074
189 518 1.7502852 0.00583428398 2.74074074
189 518 1.75034821 0.00583449402 2.74074074
189 518 1.75027147 0.00583423823 2.74074074
189 518 1.7502895 0.00583429834 2.74074074
188 514 1.71774331 0.00572581103 2.73404255
188 516 1.7172004 0.00572400135 2.74468085
188 514 1.71804827 0.00572682758 2.73404255
188 517 1.71871719 0.00572905729 2.75
188 517 1.71864431 0.00572881437 2.75
188 517 1.71881058 0.0057293686 2.75
188 517 1.71881505 0.00572938349 2.75
188 517 1.71880887 0.00572936289 2.75
188 517 1.71880875 0.00572936249 2.75
188 517 1.71880965 0.00572936549 2.75
187 512 1.687013 0.00562337667 2.73796791
187 515 1.68606342 0.00562021141 2.7540107
187 512 1.68540858 0.00561802862 2.73796791
187 512 1.683935 0.00561311667 2.73796791
187 514 1.68565033 0.00561883443 2.7486631
187 512 1.68688776 0.0056229592 2.73796791
187 512 1.68691669 0.00562305564 2.73796791
187 515 1.68605581 0.00562018604 2.7540107
187 515 1.68621055 0.00562070182 2.7540107
187 512 1.68536 0.00561786667 2.73796791
186 510 1.65671903 0.00552239675 2.74193548
186 510 1.65656391 0.00552187971 2.74193548
186 510 1.65653942 0.00552179808 2.74193548
186 510 1.65652591 0.00552175303 2.74193548
186 510 1.65654351 0.0055218117 2.74193548
186 510 1.65654425 0.00552181415 2.74193548
186 510 1.65654502 0.00552181672 2.74193548
186 510 1.65654523 0.00552181743 2.74193548
186 510 1.65654533 0.00552181776 2.74193548
186 510 1.6565454 0.005521818 2.74193548
185 505 1.62549958 0.00541833193 2.72972973
185 504 1.62007232 0.00540024105 2.72432432
185 501 1.63187272 0.00543957573 2.70810811
185 500 1.62486503 0.00541621676 2.7027027
185 503 1.63501589 0.00545005296 2.71891892
185 503 1.63337685 0.0054445895 2.71891892
184 501 1.6067542 0.00535584732 2.72282609
184 501 1.60708169 0.00535693896 2.72282609
184 501 1.60694017 0.00535646723 2.72282609
184 501 1.60695665 0.00535652217 2.72282609
183 496 1.57731995 0.00525773318 2.71038251
183 496 1.57176793 0.00523922643 2.71038251
183 495 1.59958297 0.00533194323 2.70491803
182 490 1.57130067 0.00523766889 2.69230769
182 490 1.57151094 0.0052383698 2.69230769
182 492 1.57123342 0.00523744474 2.7032967
181 488 1.54324113 0.00514413711 2.6961326
181 488 1.54333062 0.0051444354 2.6961326
181 488 1.5432539 0.00514417966 2.6961326
181 488 1.5432505 0.00514416834 2.6961326
180 483 1.51316841 0.00504389468 2.68333333
180 483 1.50500033 0.00501666777 2.68333333
180 482 1.4852614 0.00495087133 2.67777778
179 478 1.48525451 0.00495084838 2.67039106
178 475 1.45786333 0.00485954442 2.66853933
178 473 1.43216671 0.00477388902 2.65730337
178 476 1.45426883 0.00484756277 2.6741573
178 477 1.45488817 0.00484962725 2.67977528
178 475 1.46391299 0.00487970996 2.66853933
178 473 1.46625335 0.00488751118 2.65730337
177 471 1.44193971 0.00480646571 2.66101695
177 472 1.44519604 0.00481732012 2.66666667
177 475 1.42806412 0.00476021373 2.68361582
176 473 1.42301038 0.00474336793 2.6875
176 474 1.41776403 0.0047258801 2.69318182
176 472 1.42018214 0.00473394046 2.68181818
176 470 1.41467477 0.00471558256 2.67045455
176 469 1.42431299 0.00474770996 2.66477273
176 470 1.42325198 0.00474417328 2.67045455
176 476 1.42770857 0.00475902856 2.70454545
175 468 1.4146968 0.00471565601 2.67428571
175 468 1.39202263 0.00464007543 2.67428571
174 463 1.39204788 0.00464015961 2.66091954
174 463 1.39191704 0.00463972345 2.66091954
174 463 1.39170067 0.00463900223 2.66091954
174 463 1.39203972 0.00464013238 2.66091954
174 463 1.3918401 0.00463946699 2.66091954
174 463 1.39168066 0.00463893555 2.66091954
174 463 1.39202607 0.0046400869 2.66091954
174 463 1.39184522 0.00463948405 2.66091954
173 459 1.36481104 0.00454937013 2.65317919
173 459 1.36477246 0.00454924152 2.65317919
173 459 1.36479794 0.00454932647 2.65317919
173 459 1.36482842 0.00454942806 2.65317919
173 459 1.36481132 0.00454937107 2.65317919
173 459 1.36483194 0.0045494398 2.65317919
173 459 1.3648093 0.00454936432 2.65317919
173 459 1.36483133 0.00454943775 2.65317919
173 459 1.36480905 0.0045493635 2.65317919
173 459 1.36483128 0.00454943759 2.65317919
172 455 1.3351258 0.00445041933 2.64534884
171 450 1.3311793 0.00443726435 2.63157895
171 450 1.3311344 0.00443711465 2.63157895
171 450 1.33101139 0.00443670462 2.63157895
171 450 1.33115596 0.00443718653 2.63157895
171 450 1.33094801 0.00443649336 2.63157895
171 450 1.33111201 0.00443704002 2.63157895
171 450 1.33110059 0.00443700197 2.63157895
171 450 1.33109862 0.0044369954 2.63157895
171 450 1.33110045 0.0044370015 2.63157895
170 446 1.30364945 0.00434549818 2.62352941
170 445 1.29288953 0.00430963177 2.61764706
170 445 1.3082249 0.00436074965 2.61764706
170 444 1.28698487 0.00428994956 2.61176471
169 441 1.28701003 0.00429003342 2.60946746
169 437 1.26225619 0.00420752064 2.58579882
169 440 1.28428535 0.00428095115 2.6035503
169 438 1.26327169 0.00421090563 2.59171598
169 439 1.26226196 0.00420753988 2.59763314
168 434 1.26219311 0.00420731037 2.58333333
167 430 1.23864009 0.0041288003 2.5748503
167 430 1.23876254 0.00412920848 2.5748503
167 430 1.23882394 0.00412941313 2.5748503
167 430 1.23880344 0.00412934482 2.5748503
167 430 1.23881556 0.00412938521 2.5748503
167 430 1.23881805 0.00412939349 2.5748503
167 430 1.23881982 0.00412939939 2.5748503
167 430 1.2388229 0.00412940965 2.5748503
167 430 1.23882319 0.00412941064 2.5748503
167 430 1.23882429 0.0041294143 2.5748503
166 425 1.21177109 0.00403923696 2.56024096
165 423 1.20987135 0.00403290449 2.56363636
165 423 1.20986863 0.00403289542 2.56363636
165 423 1.20977034 0.00403256779 2.56363636
165 423 1.20985766 0.00403285885 2.56363636
165 423 1.20976473 0.00403254909 2.56363636
165 423 1.20985746 0.00403285821 2.56363636
165 423 1.20976445 0.00403254816 2.56363636
165 423 1.20985733 0.00403285778 2.56363636
165 423 1.20976438 0.00403254794 2.56363636
164 419 1.18158331 0.00393861104 2.55487805
164 419 1.18159272 0.0039386424 2.55487805
164 419 1.18161047 0.00393870156 2.55487805
164 419 1.18157484 0.0039385828 2.55487805
164 419 1.18163667 0.00393878888 2.55487805
164 419 1.18157926 0.00393859752 2.55487805
164 419 1.18164255 0.00393880849 2.55487805
164 419 1.18158036 0.0039386012 2.55487805
164 419 1.18164162 0.00393880542 2.55487805
164 419 1.1815804 0.00393860132 2.55487805
163 415 1.15224669 0.0038408223 2.54601227
162 413 1.14943643 0.00383145477 2.54938272
162 412 1.14943015 0.00383143385 2.54320988
161 406 1.14959901 0.00383199671 2.52173913
161 406 1.13247186 0.00377490619 2.52173913
161 410 1.14976759 0.00383255862 2.54658385
160 404 1.13244266 0.00377480888 2.525
159 401 1.11412454 0.00371374848 2.52201258
157 391 1.09427819 0.00364759396 2.49044586
156 389 1.07760418 0.00359201394 2.49358974
155 386 1.05403939 0.00351346464 2.49032258
155 386 1.05411352 0.00351371172 2.49032258
155 386 1.05419115 0.00351397051 2.49032258
155 388 1.03133669 0.00343778897 2.50322581
155 384 1.05213967 0.00350713223 2.47741935
155 386 1.05207667 0.00350692223 2.49032258
155 386 1.04565439 0.00348551463 2.49032258
154 381 1.03957708 0.00346525693 2.47402597
154 383 1.02157873 0.00340526245 2.48701299
154 384 1.01774279 0.00339247597 2.49350649
153 378 1.0177305 0.00339243501 2.47058824
153 379 0.998687006 0.00332895669 2.47712418
152 375 0.995972294 0.00331990765 2.46710526
151 369 0.974652425 0.00324884142 2.44370861
150 367 0.963753926 0.00321251309 2.44666667
150 366 0.961974231 0.00320658077 2.44
149 363 0.942881904 0.00314293968 2.43624161
149 361 0.938556515 0.00312852172 2.42281879
149 362 0.92338925 0.00307796417 2.4295302
149 363 0.942919915 0.00314306638 2.43624161
148 358 0.923204982 0.00307734994 2.41891892
148 358 0.923149384 0.00307716461 2.41891892
148 356 0.906608581 0.0030220286 2.40540541
148 358 0.90374876 0.00301249587 2.41891892
147 353 0.902082226 0.00300694075 2.40136054
147 358 0.894921113 0.00298307038 2.43537415
146 354 0.888834095 0.00296278032 2.42465753
146 352 0.896380505 0.00298793502 2.4109589
146 348 0.89296554 0.0029765518 2.38356164
146 348 0.882172276 0.00294057425 2.38356164
145 343 0.882181117 0.00294060372 2.36551724
144 339 0.866340696 0.00288780232 2.35416667
144 343 0.850196508 0.00283398836 2.38194444
144 343 0.847837301 0.00282612434 2.38194444
144 342 0.847759888 0.00282586629 2.375
144 343 0.863527341 0.00287842447 2.38194444
143 338 0.85953674 0.00286512247 2.36363636
142 337 0.844841699 0.002816139 2.37323944
142 337 0.831319782 0.00277106594 2.37323944
142 334 0.83123565 0.0027707855 2.35211268
141 333 0.831230249 0.0027707675 2.36170213
140 328 0.816585596 0.00272195199 2.34285714
140 328 0.805612753 0.00268537584 2.34285714
140 334 0.803117789 0.0026770593 2.38571429
140 329 0.811790545 0.00270596848 2.35
140 328 0.802863473 0.00267621158 2.34285714
140 329 0.799642273 0.00266547424 2.35
140 331 0.799476946 0.00266492315 2.36428571
139 326 0.799407039 0.00266469013 2.34532374
139 328 0.783956341 0.0026131878 2.35971223
138 322 0.783985237 0.00261328412 2.33333333
138 321 0.776095199 0.002586984 2.32608696
138 325 0.776063525 0.00258687842 2.35507246
137 320 0.776007407 0.00258669136 2.33576642
136 318 0.766757649 0.00255585883 2.33823529
135 314 0.750119976 0.00250039992 2.32592593
135 314 0.749412666 0.00249804222 2.32592593
135 314 0.748944849 0.00249648283 2.32592593
135 314 0.748526944 0.00249508981 2.32592593
135 314 0.748105818 0.00249368606 2.32592593
134 312 0.729942211 0.0024331407 2.32835821
134 310 0.725797613 0.00241932538 2.31343284
133 308 0.719999891 0.00239999964 2.31578947
133 310 0.722174248 0.00240724749 2.33082707
133 310 0.709153241 0.00236384414 2.33082707
132 305 0.70872926 0.00236243087 2.31060606
131 303 0.706060735 0.00235353578 2.3129771
131 298 0.69422454 0.0023140818 2.27480916
130 297 0.694249267 0.00231416422 2.28461538
129 294 0.691861706 0.00230620569 2.27906977
128 290 0.67738833 0.0022579611 2.265625
128 287 0.670426567 0.00223475522 2.2421875
128 284 0.662252808 0.00220750936 2.21875
127 283 0.655377986 0.00218459329 2.22834646
127 283 0.641556552 0.00213852184 2.22834646
126 280 0.615411785 0.00205137262 2.22222222
126 281 3.51415197e-09 1.17138399e-11 2.23015873
125 280 1.35214062e-12 4.50713541e-15 2.24
125 279 0 0 2.232
allocating memory...
allocating memory...
walksat version 35
command line = test -solcnf -cutoff 100000000 -best -seed 1234567 -numsol 10 ./residualformula_seed2.cnf
seed = 1234567
cutoff = 100000000
tries = 10
heuristic = best, noise 50 / 100
tail starts after flip = 900
numatom = 300, numclause = 279, numliterals = 689
wff read in

    lowest     final       avg     noise     noise     total                 avg        mean        mean
    #unsat    #unsat     noise   std dev     ratio     flips              length       flips       flips
      this      this      this      this      this      this   success   success       until         std
       try       try       try       try       try       try      rate     tries      assign         dev

         1         2      2.01      1.33      1.51 100000000         0
         1         2      2.02      1.34      1.51 100000000         0
         1         1      2.02      1.33      1.51 100000000         0
         1         3      2.01      1.33      1.51 100000000         0
         1         2      2.01      1.33      1.51 100000000         0
         1         1      2.01      1.33      1.51 100000000         0
         1         2      2.01      1.33      1.51 100000000         0
         1         1      2.02      1.33      1.51 100000000         0
         1         1      2.01      1.33      1.51 100000000         0
         1         3      2.01      1.33      1.51 100000000         0

total elapsed seconds = 0.000000
average flips per second = -9223372036854775808
number solutions found = 0
final success rate = 0.000000
average length successful tries = 0
final noise level statistics
    statistics over all runs:
      overall mean average noise level = 2.013707
      overall mean noise std deviation = 1.333947
      overall ratio mean noise to mean std dev = 1.509586
    statistics on successful runs:
      successful mean average noise level = 0.000000
      successful mean noise std deviation = 0.000000
      successful ratio mean noise to mean std dev = 0.000000
    statistics on nonsuccessful runs:
      nonsuccessful mean average noise level = 2.013707
      nonsuccessful mean noise std deviation = 1.333947
      nonsuccessful ratio mean noise to mean std dev = 1.509586
ASSIGNMENT NOT FOUND
Check and white a solution
time of whitening    freezing probability
