START ALGORITHM:
I am going to build an instance with N: 300 variables and 1200 clauses with a clause density equal to 4
START BSP WITH r=0.9:
Decimation scorer: pol
END UNIT PROPAGATION
300 1200 6.09755966 0.0203251989 4
300 1200 6.09736798 0.0203245599 4
300 1200 6.09732574 0.0203244191 4
300 1200 6.09730562 0.0203243521 4
300 1200 6.09730243 0.0203243414 4
300 1200 6.09730116 0.0203243372 4
300 1200 6.09730094 0.0203243365 4
300 1200 6.09730118 0.0203243373 4
300 1200 6.09730124 0.0203243375 4
299 1187 6.08411787 0.0202803929 3.96989967
299 1187 6.08412953 0.0202804318 3.96989967
299 1187 6.0841596 0.020280532 3.96989967
299 1187 6.08417762 0.0202805921 3.96989967
299 1187 6.08418409 0.0202806136 3.96989967
299 1187 6.08418743 0.0202806248 3.96989967
299 1187 6.08418863 0.0202806288 3.96989967
299 1187 6.08418943 0.0202806314 3.96989967
299 1187 6.08418983 0.0202806328 3.96989967
299 1187 6.08419004 0.0202806335 3.96989967
298 1174 6.06127422 0.0202042474 3.93959732
298 1178 6.06537264 0.0202179088 3.95302013
298 1174 6.06123629 0.020204121 3.93959732
298 1174 6.06126144 0.0202042048 3.93959732
298 1174 6.06120951 0.0202040317 3.93959732
298 1174 6.06128067 0.0202042689 3.93959732
298 1174 6.06128132 0.0202042711 3.93959732
298 1174 6.06129357 0.0202043119 3.93959732
298 1174 6.06128454 0.0202042818 3.93959732
298 1174 6.06125271 0.0202041757 3.93959732
297 1165 6.0429876 0.020143292 3.92255892
297 1165 6.04288979 0.020142966 3.92255892
297 1165 6.04286333 0.0201428778 3.92255892
297 1165 6.04287178 0.0201429059 3.92255892
297 1165 6.04287512 0.0201429171 3.92255892
297 1165 6.04287643 0.0201429214 3.92255892
297 1165 6.04287707 0.0201429236 3.92255892
297 1165 6.04287746 0.0201429249 3.92255892
297 1165 6.04287767 0.0201429256 3.92255892
297 1165 6.04287779 0.020142926 3.92255892
296 1157 6.0356926 0.0201189753 3.90878378
296 1157 6.03570316 0.0201190105 3.90878378
296 1157 6.03568171 0.020118939 3.90878378
296 1157 6.03568268 0.0201189423 3.90878378
296 1157 6.0356953 0.0201189843 3.90878378
296 1157 6.03570122 0.0201190041 3.90878378
296 1157 6.03570353 0.0201190118 3.90878378
296 1157 6.03570451 0.020119015 3.90878378
296 1157 6.03570505 0.0201190168 3.90878378
296 1157 6.03570534 0.0201190178 3.90878378
295 1146 6.01095629 0.020036521 3.88474576
295 1146 6.0110034 0.020036678 3.88474576
295 1146 6.0109902 0.020036634 3.88474576
295 1146 6.01101655 0.0200367218 3.88474576
295 1146 6.0110012 0.0200366707 3.88474576
295 1146 6.01102105 0.0200367368 3.88474576
295 1146 6.0110036 0.0200366787 3.88474576
295 1146 6.01102229 0.020036741 3.88474576
295 1146 6.01100411 0.0200366804 3.88474576
295 1146 6.01102261 0.020036742 3.88474576
294 1135 5.99518877 0.0199839626 3.86054422
294 1135 5.9952349 0.0199841163 3.86054422
294 1137 5.98793379 0.0199597793 3.86734694
294 1135 5.99523176 0.0199841059 3.86054422
294 1135 5.99525303 0.0199841768 3.86054422
294 1135 5.9952545 0.0199841817 3.86054422
294 1135 5.99525421 0.0199841807 3.86054422
294 1135 5.995254 0.01998418 3.86054422
294 1135 5.99525397 0.0199841799 3.86054422
294 1135 5.99525397 0.0199841799 3.86054422
293 1126 5.97279059 0.019909302 3.84300341
293 1125 5.97150198 0.0199050066 3.83959044
293 1127 5.96402798 0.0198800933 3.84641638
293 1126 5.97273888 0.0199091296 3.84300341
293 1126 5.97271904 0.0199090635 3.84300341
293 1126 5.97271146 0.0199090382 3.84300341
293 1126 5.97271195 0.0199090398 3.84300341
293 1126 5.97271199 0.01990904 3.84300341
293 1126 5.97271203 0.0199090401 3.84300341
293 1126 5.972712 0.01990904 3.84300341
292 1116 5.95001872 0.0198333957 3.82191781
292 1116 5.95003051 0.019833435 3.82191781
292 1116 5.94990027 0.0198330009 3.82191781
292 1116 5.9502179 0.0198340597 3.82191781
292 1116 5.95007563 0.0198335854 3.82191781
292 1116 5.95032442 0.0198344147 3.82191781
292 1116 5.95010337 0.0198336779 3.82191781
292 1116 5.95034098 0.0198344699 3.82191781
292 1116 5.95010849 0.019833695 3.82191781
292 1116 5.95034371 0.019834479 3.82191781
291 1107 5.89437746 0.0196479249 3.80412371
291 1108 5.91316271 0.0197105424 3.80756014
291 1109 5.89063485 0.0196354495 3.81099656
291 1109 5.89055489 0.019635183 3.81099656
291 1109 5.89062498 0.0196354166 3.81099656
291 1109 5.89058277 0.0196352759 3.81099656
291 1109 5.89063302 0.0196354434 3.81099656
291 1109 5.89058731 0.019635291 3.81099656
291 1109 5.89063528 0.0196354509 3.81099656
291 1109 5.89058848 0.0196352949 3.81099656
290 1099 5.8689332 0.0195631107 3.78965517
290 1099 5.86872497 0.0195624166 3.78965517
290 1099 5.86883173 0.0195627724 3.78965517
290 1099 5.86885721 0.0195628574 3.78965517
290 1099 5.86887264 0.0195629088 3.78965517
290 1099 5.86888074 0.0195629358 3.78965517
290 1099 5.86888433 0.0195629478 3.78965517
290 1099 5.86888591 0.019562953 3.78965517
290 1099 5.8688866 0.0195629553 3.78965517
290 1099 5.86888691 0.0195629564 3.78965517
289 1088 5.81691055 0.0193897018 3.76470588
289 1088 5.81700486 0.0193900162 3.76470588
289 1088 5.81691685 0.0193897228 3.76470588
289 1088 5.81691218 0.0193897073 3.76470588
289 1088 5.81691398 0.0193897133 3.76470588
289 1088 5.81691453 0.0193897151 3.76470588
289 1088 5.81691553 0.0193897184 3.76470588
289 1088 5.81691649 0.0193897216 3.76470588
289 1088 5.81691725 0.0193897242 3.76470588
289 1088 5.81691774 0.0193897258 3.76470588
288 1074 5.80026776 0.0193342259 3.72916667
288 1074 5.80023315 0.0193341105 3.72916667
288 1074 5.80021752 0.0193340584 3.72916667
288 1074 5.80027488 0.0193342496 3.72916667
288 1074 5.80029304 0.0193343101 3.72916667
288 1074 5.80030035 0.0193343345 3.72916667
288 1074 5.80030563 0.0193343521 3.72916667
288 1074 5.80030951 0.019334365 3.72916667
288 1074 5.80031199 0.0193343733 3.72916667
288 1074 5.80031359 0.0193343786 3.72916667
287 1068 5.77644817 0.0192548272 3.72125436
287 1068 5.77643518 0.0192547839 3.72125436
287 1065 5.73696242 0.0191232081 3.71080139
287 1067 5.74669302 0.0191556434 3.71777003
287 1065 5.73678517 0.0191226172 3.71080139
287 1065 5.73674228 0.0191224743 3.71080139
287 1065 5.73692232 0.0191230744 3.71080139
287 1065 5.73684811 0.019122827 3.71080139
287 1065 5.73691785 0.0191230595 3.71080139
287 1065 5.7368462 0.0191228207 3.71080139
286 1059 5.71665668 0.0190555223 3.7027972
286 1058 5.69965151 0.0189988384 3.6993007
286 1058 5.69963083 0.0189987694 3.6993007
286 1058 5.69966281 0.018998876 3.6993007
286 1058 5.69968316 0.0189989439 3.6993007
286 1058 5.69968642 0.0189989547 3.6993007
286 1058 5.69968992 0.0189989664 3.6993007
286 1058 5.69969363 0.0189989788 3.6993007
286 1058 5.69969612 0.0189989871 3.6993007
286 1058 5.6996978 0.0189989927 3.6993007
285 1052 5.67979357 0.0189326452 3.69122807
285 1052 5.67981114 0.0189327038 3.69122807
285 1052 5.67968418 0.0189322806 3.69122807
285 1052 5.67975267 0.0189325089 3.69122807
285 1052 5.6797725 0.018932575 3.69122807
285 1052 5.67973614 0.0189324538 3.69122807
285 1052 5.67978414 0.0189326138 3.69122807
285 1052 5.67974609 0.018932487 3.69122807
285 1052 5.6797886 0.0189326287 3.69122807
285 1052 5.67974937 0.0189324979 3.69122807
284 1045 5.65817839 0.0188605946 3.67957746
284 1043 5.64457646 0.0188152549 3.67253521
284 1045 5.65813831 0.018860461 3.67957746
284 1045 5.65824813 0.0188608271 3.67957746
284 1045 5.65825702 0.0188608567 3.67957746
284 1045 5.65826713 0.0188608904 3.67957746
284 1045 5.65826621 0.0188608874 3.67957746
284 1045 5.65826778 0.0188608926 3.67957746
284 1045 5.65826859 0.0188608953 3.67957746
284 1045 5.65826909 0.018860897 3.67957746
283 1036 5.63042995 0.0187680998 3.66077739
283 1036 5.63032441 0.018767748 3.66077739
283 1036 5.63038726 0.0187679575 3.66077739
283 1036 5.63041716 0.0187680572 3.66077739
283 1036 5.6304383 0.0187681277 3.66077739
283 1036 5.6304516 0.018768172 3.66077739
283 1036 5.63045938 0.0187681979 3.66077739
283 1036 5.63046387 0.0187682129 3.66077739
283 1036 5.63046643 0.0187682214 3.66077739
283 1036 5.63046787 0.0187682262 3.66077739
282 1030 5.58798287 0.0186266096 3.65248227
282 1025 5.55505129 0.0185168376 3.63475177
282 1030 5.5878645 0.018626215 3.65248227
282 1030 5.58793283 0.0186264428 3.65248227
282 1030 5.58795023 0.0186265008 3.65248227
282 1030 5.5879612 0.0186265373 3.65248227
282 1030 5.58796713 0.0186265571 3.65248227
282 1030 5.58797049 0.0186265683 3.65248227
282 1030 5.58797235 0.0186265745 3.65248227
282 1030 5.58797336 0.0186265779 3.65248227
281 1019 5.53139877 0.0184379959 3.62633452
281 1026 5.49177736 0.0183059245 3.65124555
281 1024 5.50444833 0.0183481611 3.64412811
281 1021 5.46837797 0.0182279266 3.63345196
281 1023 5.48693074 0.0182897691 3.6405694
281 1023 5.48408705 0.0182802902 3.6405694
281 1023 5.48409335 0.0182803112 3.6405694
281 1023 5.48412309 0.0182804103 3.6405694
281 1023 5.48415234 0.0182805078 3.6405694
281 1023 5.48417539 0.0182805846 3.6405694
280 1014 5.40748387 0.0180249462 3.62142857
280 1014 5.40723639 0.0180241213 3.62142857
280 1014 5.40714038 0.0180238013 3.62142857
280 1014 5.40713229 0.0180237743 3.62142857
280 1014 5.40720483 0.0180240161 3.62142857
280 1014 5.40713782 0.0180237927 3.62142857
280 1014 5.40713619 0.0180237873 3.62142857
280 1014 5.40721861 0.018024062 3.62142857
280 1014 5.4071578 0.0180238593 3.62142857
280 1014 5.40715455 0.0180238485 3.62142857
279 1009 5.35420317 0.0178473439 3.61648746
279 1009 5.35422988 0.0178474329 3.61648746
279 1009 5.3542515 0.017847505 3.61648746
279 1009 5.35424712 0.0178474904 3.61648746
279 1009 5.35424093 0.0178474698 3.61648746
279 1009 5.35423777 0.0178474592 3.61648746
279 1009 5.35423714 0.0178474571 3.61648746
279 1009 5.35423806 0.0178474602 3.61648746
279 1009 5.35423992 0.0178474664 3.61648746
279 1009 5.35424234 0.0178474745 3.61648746
278 1001 5.32834362 0.0177611454 3.60071942
278 998 5.27435409 0.0175811803 3.58992806
278 1002 5.27941137 0.0175980379 3.60431655
277 995 5.22400976 0.0174133659 3.59205776
277 993 5.20702849 0.0173567616 3.58483755
277 993 5.20674186 0.0173558062 3.58483755
277 993 5.20633167 0.0173544389 3.58483755
277 993 5.20595169 0.0173531723 3.58483755
277 993 5.20561148 0.0173520383 3.58483755
277 993 5.20529792 0.0173509931 3.58483755
276 986 5.1920925 0.017306975 3.57246377
276 986 5.19115177 0.0173038392 3.57246377
276 986 5.19006591 0.0173002197 3.57246377
276 986 5.18880918 0.0172960306 3.57246377
276 986 5.1871457 0.0172904857 3.57246377
276 986 5.18460285 0.0172820095 3.57246377
276 986 5.17997495 0.0172665832 3.57246377
276 986 5.16933433 0.0172311144 3.57246377
276 986 5.13422355 0.0171140785 3.57246377
276 986 4.236278e-12 1.41209267e-14 3.57246377
275 979 0 0 3.56
allocating memory...
allocating memory...
allocating memory...
allocating memory...
allocating memory...
allocating memory...
allocating memory...
allocating memory...
allocating memory...
walksat version 35
command line = test -solcnf -cutoff 100000000 -best -seed 1234567 -numsol 10 ./residualformula_seed4.cnf
seed = 1234567
cutoff = 100000000
tries = 10
heuristic = best, noise 50 / 100
tail starts after flip = 900
numatom = 300, numclause = 979, numliterals = 2862
wff read in

    lowest     final       avg     noise     noise     total                 avg        mean        mean
    #unsat    #unsat     noise   std dev     ratio     flips              length       flips       flips
      this      this      this      this      this      this   success   success       until         std
       try       try       try       try       try       try      rate     tries      assign         dev

         0         0      7.23      3.75      1.93      7152       100      7152     7152.00
         0         0      2.51      1.79      1.40      1971       100      4561     4561.50     3663.52
         0         0      4.61      2.79      1.65      3340       100      4154     4154.33     2684.78
         0         0      3.58      1.56      2.30      1867       100      3582     3582.50     2472.52
         0         0      0.00      0.00      0.00       567       100      2979     2979.40     2530.54
         0         0      3.59      1.69      2.12      1047       100      2657     2657.33     2396.93
         0         0      4.76      2.70      1.76      4865       100      2972     2972.71     2341.79
         0         0      5.15      3.29      1.57      3434       100      3030     3030.38     2174.20
         0         0      4.38      1.94      2.26      3289       100      3059     3059.11     2035.61
         0         0      6.34      3.02      2.10      1737       100      2926     2926.90     1964.20

total elapsed seconds = 0.000000
average flips per second = -9223372036854775808
number solutions found = 10
final success rate = 100.000000
average length successful tries = 2926
mean flips until assign = 2926.900000
  variance = 3858085.211111
  standard deviation = 1964.200909
  standard error of mean = 621.134865
mean seconds until assign = 0.000000
  variance = 0.000000
  standard deviation = 0.000000
  standard error of mean = 0.000000
mean restarts until assign = 1.000000
  variance = 0.000000
  standard deviation = 0.000000
  standard error of mean = 0.000000
final noise level statistics
    statistics over all runs:
      overall mean average noise level = 4.683667
      overall mean noise std deviation = 2.502150
      overall ratio mean noise to mean std dev = 1.871857
    statistics on successful runs:
      successful mean average noise level = 4.683667
      successful mean noise std deviation = 2.502150
      successful ratio mean noise to mean std dev = 1.871857
    statistics on nonsuccessful runs:
      nonsuccessful mean average noise level = 0.000000
      nonsuccessful mean noise std deviation = 0.000000
      nonsuccessful ratio mean noise to mean std dev = 0.000000
ASSIGNMENT FOUND
Check and white a solution
time of whitening    freezing probability
7	 	 	 	1
7	 	 	 	1
1023	 	 	 	0.253333333
6	 	 	 	1
7	 	 	 	1
7	 	 	 	1
9	 	 	 	1
6	 	 	 	1
7	 	 	 	1
6	 	 	 	1
