START ALGORITHM:
I am going to build an instance with N: 300 variables and 1245 clauses with a clause density equal to 4.15
START BSP WITH r=0.9:
Decimation scorer: cert
END UNIT PROPAGATION
300 1245 1.13586159 0.0037862053 4.15
300 1245 1.13509336 0.00378364454 4.15
300 1245 1.13523406 0.00378411355 4.15
300 1245 1.13493901 0.00378313002 4.15
300 1245 1.13525143 0.00378417142 4.15
300 1245 1.1352192 0.00378406399 4.15
300 1245 1.13540721 0.00378469071 4.15
300 1245 1.13547472 0.00378491574 4.15
300 1245 1.13514824 0.00378382747 4.15
299 1233 1.11486272 0.00371620905 4.12374582
299 1233 1.11629882 0.00372099607 4.12374582
299 1237 1.11575637 0.0037191879 4.13712375
299 1239 1.12141464 0.00373804879 4.14381271
299 1235 1.1352674 0.00378422467 4.13043478
299 1235 1.13500442 0.00378334808 4.13043478
299 1235 1.13529518 0.00378431727 4.13043478
299 1235 1.13526878 0.00378422928 4.13043478
299 1235 1.13517302 0.00378391008 4.13043478
299 1235 1.13525822 0.00378419406 4.13043478
298 1225 1.13093294 0.00376977646 4.11073826
298 1225 1.13076732 0.00376922439 4.11073826
298 1225 1.1310536 0.00377017867 4.11073826
298 1225 1.13126185 0.00377087284 4.11073826
298 1225 1.13064692 0.00376882306 4.11073826
298 1228 1.13514043 0.00378380144 4.12080537
298 1228 1.1349266 0.00378308866 4.12080537
298 1228 1.13556073 0.00378520244 4.12080537
298 1228 1.13481067 0.00378270224 4.12080537
298 1228 1.13536914 0.00378456379 4.12080537
297 1218 1.10767296 0.00369224318 4.1010101
297 1217 1.11692607 0.00372308691 4.0976431
297 1217 1.11609249 0.00372030831 4.0976431
297 1217 1.11588762 0.00371962541 4.0976431
297 1217 1.11637802 0.00372126008 4.0976431
297 1218 1.1307152 0.00376905067 4.1010101
297 1218 1.13058535 0.00376861783 4.1010101
297 1218 1.13123072 0.00377076906 4.1010101
297 1218 1.13130848 0.00377102827 4.1010101
297 1218 1.13097125 0.00376990417 4.1010101
296 1208 1.10356515 0.00367855051 4.08108108
296 1206 1.11126555 0.00370421848 4.07432432
296 1206 1.11058036 0.00370193453 4.07432432
296 1210 1.11145459 0.00370484862 4.08783784
296 1210 1.1115963 0.00370532099 4.08783784
296 1210 1.11152419 0.00370508063 4.08783784
296 1210 1.11204519 0.00370681731 4.08783784
296 1207 1.11176345 0.00370587817 4.0777027
296 1215 1.12349628 0.0037449876 4.10472973
296 1215 1.12319394 0.0037439798 4.10472973
295 1205 1.09658225 0.00365527418 4.08474576
295 1207 1.10402958 0.00368009861 4.09152542
295 1207 1.10365221 0.00367884072 4.09152542
295 1207 1.10372854 0.00367909512 4.09152542
295 1204 1.10447547 0.00368158489 4.08135593
295 1204 1.10510942 0.00368369808 4.08135593
295 1204 1.10477447 0.00368258157 4.08135593
295 1204 1.10527508 0.00368425026 4.08135593
295 1204 1.10556383 0.00368521276 4.08135593
295 1204 1.10409339 0.00368031131 4.08135593
294 1198 1.09252527 0.00364175088 4.07482993
294 1198 1.09226129 0.00364087098 4.07482993
294 1198 1.09275036 0.00364250121 4.07482993
294 1198 1.09242901 0.00364143005 4.07482993
294 1198 1.09217665 0.00364058884 4.07482993
294 1198 1.092433 0.00364144334 4.07482993
294 1198 1.09338575 0.00364461916 4.07482993
294 1198 1.09213363 0.00364044545 4.07482993
294 1198 1.09288507 0.00364295025 4.07482993
294 1198 1.09267142 0.00364223808 4.07482993
293 1186 1.07224248 0.00357414159 4.04778157
293 1186 1.07192405 0.00357308017 4.04778157
293 1186 1.07189175 0.00357297249 4.04778157
293 1186 1.07188277 0.00357294258 4.04778157
293 1186 1.07244262 0.00357480875 4.04778157
293 1186 1.07159995 0.00357199983 4.04778157
293 1186 1.07172321 0.00357241071 4.04778157
293 1186 1.07225006 0.00357416686 4.04778157
293 1186 1.07235889 0.00357452962 4.04778157
293 1186 1.07204615 0.00357348716 4.04778157
292 1179 1.03720849 0.00345736164 4.03767123
292 1177 1.03699392 0.0034566464 4.03082192
292 1176 1.0436846 0.00347894867 4.02739726
292 1176 1.04475911 0.00348253038 4.02739726
292 1178 1.05272425 0.00350908084 4.03424658
292 1178 1.05236991 0.0035078997 4.03424658
292 1178 1.05283142 0.00350943808 4.03424658
292 1178 1.0534979 0.00351165968 4.03424658
292 1178 1.05311272 0.00351037572 4.03424658
292 1178 1.05341858 0.00351139527 4.03424658
291 1168 1.0264285 0.00342142834 4.0137457
291 1168 1.02662643 0.00342208809 4.0137457
291 1168 1.02694225 0.00342314084 4.0137457
291 1168 1.02625512 0.00342085039 4.0137457
291 1168 1.02569466 0.00341898221 4.0137457
291 1171 1.02658837 0.00342196122 4.02405498
291 1171 1.02665016 0.0034221672 4.02405498
291 1171 1.02656701 0.00342189004 4.02405498
291 1171 1.02682799 0.00342275996 4.02405498
291 1171 1.02735862 0.00342452874 4.02405498
290 1162 0.991373278 0.00330457759 4.00689655
290 1162 0.992142866 0.00330714289 4.00689655
290 1164 1.00504472 0.00335014908 4.0137931
290 1164 1.00552738 0.00335175793 4.0137931
290 1164 1.00535428 0.00335118094 4.0137931
290 1164 1.00496302 0.00334987674 4.0137931
290 1164 1.00588323 0.00335294409 4.0137931
290 1164 1.00481784 0.0033493928 4.0137931
290 1159 1.00857497 0.00336191657 3.99655172
290 1159 1.00794433 0.00335981443 3.99655172
289 1152 0.978265514 0.00326088505 3.98615917
289 1152 0.9796164 0.003265388 3.98615917
289 1152 0.983892023 0.00327964008 3.98615917
289 1152 0.983671791 0.00327890597 3.98615917
289 1152 0.983781739 0.00327927246 3.98615917
289 1152 0.98455713 0.0032818571 3.98615917
289 1152 0.984747853 0.00328249284 3.98615917
289 1152 0.984889625 0.00328296542 3.98615917
289 1152 0.985081568 0.00328360523 3.98615917
289 1152 0.984366828 0.00328122276 3.98615917
288 1143 0.961481361 0.00320493787 3.96875
288 1143 0.961006488 0.00320335496 3.96875
288 1143 0.960188573 0.00320062858 3.96875
288 1143 0.960859435 0.00320286478 3.96875
288 1143 0.96150596 0.00320501987 3.96875
288 1143 0.961926435 0.00320642145 3.96875
288 1143 0.961020449 0.0032034015 3.96875
288 1143 0.961406863 0.00320468954 3.96875
288 1143 0.961071656 0.00320357219 3.96875
288 1143 0.961192275 0.00320397425 3.96875
287 1132 0.931730487 0.00310576829 3.94425087
287 1132 0.931063111 0.0031035437 3.94425087
287 1134 0.935707501 0.003119025 3.95121951
287 1134 0.936076413 0.00312025471 3.95121951
287 1139 0.928178382 0.00309392794 3.96864111
287 1139 0.928248178 0.00309416059 3.96864111
287 1133 0.931374813 0.00310458271 3.94773519
287 1133 0.933669651 0.00311223217 3.94773519
287 1133 0.934032519 0.00311344173 3.94773519
287 1133 0.936190023 0.00312063341 3.94773519
286 1126 0.910633335 0.00303544445 3.93706294
286 1128 0.918389233 0.00306129744 3.94405594
286 1130 0.914454957 0.00304818319 3.95104895
286 1129 0.905594626 0.00301864875 3.94755245
286 1129 0.904594864 0.00301531621 3.94755245
286 1129 0.905463328 0.00301821109 3.94755245
286 1129 0.905680274 0.00301893425 3.94755245
286 1127 0.912278233 0.00304092744 3.94055944
286 1127 0.912095043 0.00304031681 3.94055944
286 1130 0.913117714 0.00304372571 3.95104895
285 1117 0.887477827 0.00295825942 3.91929825
285 1117 0.887228615 0.00295742872 3.91929825
285 1117 0.887039107 0.00295679702 3.91929825
285 1120 0.892639752 0.00297546584 3.92982456
285 1120 0.893205019 0.00297735006 3.92982456
285 1123 0.896901594 0.00298967198 3.94035088
285 1123 0.896792402 0.00298930801 3.94035088
285 1126 0.914878482 0.00304959494 3.95087719
285 1127 0.912856744 0.00304285581 3.95438596
285 1127 0.931485954 0.00310495318 3.95438596
284 1118 0.90651967 0.00302173223 3.93661972
284 1117 0.918640947 0.00306213649 3.93309859
284 1117 0.921624868 0.00307208289 3.93309859
284 1117 0.925508726 0.00308502909 3.93309859
284 1117 0.93521595 0.0031173865 3.93309859
284 1119 1.02857415 0.00342858049 3.94014085
284 1119 1.04938842 0.0034979614 3.94014085
284 1115 1.04091543 0.00346971808 3.92605634
284 1113 1.03680602 0.00345602008 3.91901408
284 1111 1.0393998 0.00346466601 3.91197183
283 1100 1.0397731 0.00346591032 3.8869258
283 1104 1.0430127 0.00347670899 3.90106007
283 1107 1.03994444 0.00346648147 3.91166078
283 1109 1.03670534 0.00345568446 3.91872792
283 1109 1.03961097 0.00346536991 3.91872792
283 1109 1.04318782 0.00347729275 3.91872792
283 1102 1.04282316 0.00347607721 3.89399293
283 1099 1.0392191 0.00346406367 3.88339223
283 1099 1.03645216 0.00345484055 3.88339223
283 1101 1.0400374 0.00346679133 3.89045936
282 1090 1.03621469 0.00345404898 3.86524823
282 1092 1.03922402 0.00346408008 3.87234043
282 1087 1.0410159 0.00347005298 3.85460993
282 1093 1.04001345 0.0034667115 3.87588652
282 1093 1.03989044 0.00346630146 3.87588652
282 1087 1.0406572 0.00346885734 3.85460993
282 1087 1.04074904 0.00346916345 3.85460993
282 1087 1.04091576 0.00346971921 3.85460993
282 1087 1.0409194 0.00346973132 3.85460993
282 1087 1.04096873 0.00346989576 3.85460993
281 1076 1.03688615 0.00345628717 3.82918149
281 1084 1.04091271 0.00346970905 3.85765125
281 1086 1.04381878 0.00347939593 3.86476868
281 1086 1.04379877 0.00347932924 3.86476868
281 1086 1.04377574 0.00347925248 3.86476868
281 1091 1.04610131 0.00348700437 3.88256228
281 1094 1.04755123 0.00349183744 3.89323843
281 1094 1.04749256 0.00349164185 3.89323843
281 1094 1.04745025 0.00349150083 3.89323843
281 1094 1.04747421 0.00349158069 3.89323843
280 1088 1.04404427 0.00348014755 3.88571429
280 1088 1.04406681 0.00348022269 3.88571429
280 1088 1.04403191 0.00348010638 3.88571429
280 1088 1.04407158 0.0034802386 3.88571429
280 1088 1.04391781 0.00347972604 3.88571429
280 1087 1.04388483 0.00347961611 3.88214286
280 1083 1.04421674 0.00348072248 3.86785714
280 1083 1.04420974 0.00348069913 3.86785714
280 1083 1.04423557 0.00348078525 3.86785714
280 1083 1.04423187 0.00348077291 3.86785714
279 1077 1.04065766 0.00346885886 3.86021505
279 1077 1.04071321 0.00346904404 3.86021505
279 1076 1.04089781 0.00346965936 3.85663082
279 1076 1.04090403 0.00346968011 3.85663082
279 1074 1.04096268 0.00346987561 3.84946237
279 1074 1.04106177 0.0034702059 3.84946237
279 1074 1.04109011 0.00347030036 3.84946237
279 1074 1.04112136 0.00347040452 3.84946237
279 1074 1.0410502 0.00347016732 3.84946237
279 1074 1.04115943 0.00347053143 3.84946237
278 1065 1.03535803 0.00345119344 3.83093525
278 1066 1.03771788 0.00345905961 3.83453237
278 1066 1.03762517 0.00345875056 3.83453237
278 1066 1.03759244 0.00345864146 3.83453237
278 1067 1.03780599 0.00345935331 3.8381295
278 1067 1.03787393 0.00345957978 3.8381295
278 1067 1.03800408 0.00346001359 3.8381295
278 1067 1.03793177 0.00345977256 3.8381295
278 1067 1.03790707 0.00345969022 3.8381295
278 1067 1.03789242 0.00345964139 3.8381295
277 1061 1.03452161 0.00344840537 3.83032491
277 1061 1.03462505 0.00344875017 3.83032491
277 1061 1.03459572 0.00344865239 3.83032491
277 1061 1.03458433 0.00344861443 3.83032491
277 1059 1.03447312 0.00344824374 3.82310469
277 1059 1.03456164 0.00344853878 3.82310469
277 1059 1.03446192 0.0034482064 3.82310469
277 1061 1.0345627 0.00344854232 3.83032491
277 1061 1.03461417 0.00344871391 3.83032491
277 1061 1.03466286 0.00344887621 3.83032491
276 1054 1.02825093 0.00342750309 3.81884058
276 1053 1.0313966 0.00343798868 3.81521739
276 1053 1.03140419 0.00343801397 3.81521739
276 1053 1.03134675 0.00343782249 3.81521739
276 1053 1.03140839 0.00343802796 3.81521739
276 1053 1.03141898 0.00343806328 3.81521739
276 1053 1.03138631 0.00343795436 3.81521739
276 1053 1.03140317 0.00343801057 3.81521739
276 1053 1.03139015 0.00343796716 3.81521739
276 1053 1.03141683 0.0034380561 3.81521739
275 1042 1.02758256 0.00342527519 3.78909091
275 1042 1.02762824 0.00342542747 3.78909091
275 1042 1.02761359 0.00342537862 3.78909091
275 1042 1.02763944 0.00342546481 3.78909091
275 1042 1.0274816 0.00342493866 3.78909091
275 1042 1.02746973 0.00342489909 3.78909091
275 1047 1.02816546 0.00342721818 3.80727273
275 1047 1.0282402 0.00342746734 3.80727273
275 1047 1.02821783 0.00342739276 3.80727273
275 1047 1.02819269 0.00342730897 3.80727273
274 1040 1.02240733 0.00340802442 3.79562044
274 1040 1.02240132 0.0034080044 3.79562044
274 1039 1.02268321 0.00340894405 3.7919708
274 1039 1.02252813 0.0034084271 3.7919708
274 1039 1.02244841 0.00340816138 3.7919708
274 1039 1.02244639 0.00340815464 3.7919708
274 1039 1.02259215 0.00340864052 3.7919708
274 1039 1.02258217 0.00340860723 3.7919708
274 1039 1.02249887 0.00340832957 3.7919708
274 1039 1.0225067 0.00340835568 3.7919708
273 1033 1.01802982 0.00339343275 3.78388278
273 1028 1.01908685 0.00339695616 3.76556777
273 1028 1.01907194 0.00339690645 3.76556777
273 1028 1.01896272 0.00339654239 3.76556777
273 1028 1.01892495 0.0033964165 3.76556777
273 1028 1.01902815 0.00339676051 3.76556777
273 1028 1.01907556 0.00339691852 3.76556777
273 1028 1.01902248 0.0033967416 3.76556777
273 1028 1.01898111 0.00339660372 3.76556777
273 1028 1.01907177 0.0033969059 3.76556777
272 1023 1.01320814 0.00337736045 3.76102941
272 1019 1.01375729 0.00337919095 3.74632353
272 1021 1.01392266 0.00337974219 3.75367647
272 1021 1.01395097 0.00337983657 3.75367647
272 1022 1.01468292 0.00338227638 3.75735294
272 1019 1.01591177 0.00338637256 3.74632353
272 1019 1.01599595 0.00338665318 3.74632353
272 1019 1.01592307 0.00338641023 3.74632353
272 1019 1.01595302 0.00338651007 3.74632353
272 1019 1.01593116 0.0033864372 3.74632353
271 1015 1.01057404 0.00336858012 3.74538745
271 1010 1.01221596 0.0033740532 3.72693727
271 1010 1.01232983 0.00337443276 3.72693727
271 1010 1.01229376 0.00337431253 3.72693727
271 1010 1.01236215 0.0033745405 3.72693727
271 1010 1.0123155 0.003374385 3.72693727
271 1010 1.0123229 0.00337440966 3.72693727
271 1010 1.01239585 0.00337465282 3.72693727
271 1010 1.01217866 0.00337392888 3.72693727
271 1010 1.0124596 0.00337486534 3.72693727
270 1003 1.00758382 0.00335861273 3.71481481
270 1006 1.00696536 0.00335655119 3.72592593
270 1006 1.00702682 0.00335675606 3.72592593
270 1003 1.00738259 0.00335794197 3.71481481
270 1003 1.00748082 0.00335826938 3.71481481
270 1004 1.00934785 0.00336449284 3.71851852
270 1004 1.00937404 0.00336458014 3.71851852
270 1004 1.00934058 0.00336446861 3.71851852
270 1004 1.00939162 0.00336463874 3.71851852
270 1004 1.00933344 0.0033644448 3.71851852
269 998 1.00287849 0.00334292831 3.71003717
269 998 1.00516261 0.00335054203 3.71003717
269 998 1.00507608 0.0033502536 3.71003717
269 998 1.0051178 0.00335039266 3.71003717
269 998 1.0051924 0.00335064133 3.71003717
269 998 1.00520329 0.00335067764 3.71003717
269 998 1.00519972 0.00335066573 3.71003717
269 998 1.00530655 0.00335102184 3.71003717
269 998 1.0052501 0.00335083367 3.71003717
269 998 1.00523045 0.00335076816 3.71003717
268 988 0.999954108 0.00333318036 3.68656716
268 988 1.00014016 0.00333380053 3.68656716
268 988 0.999960342 0.00333320114 3.68656716
268 988 0.999884037 0.00333294679 3.68656716
268 989 1.00000095 0.00333333652 3.69029851
268 989 1.00029356 0.00333431188 3.69029851
268 989 1.00027881 0.00333426269 3.69029851
268 989 1.00015901 0.00333386336 3.69029851
268 989 1.00015868 0.00333386228 3.69029851
268 989 1.00012042 0.00333373475 3.69029851
267 981 0.993511325 0.00331170442 3.6741573
267 983 0.994163619 0.00331387873 3.68164794
267 983 0.994443708 0.00331481236 3.68164794
267 983 0.994326437 0.00331442146 3.68164794
267 983 0.994438298 0.00331479433 3.68164794
267 984 0.995995742 0.00331998581 3.68539326
267 984 0.996143538 0.00332047846 3.68539326
267 984 0.996194768 0.00332064923 3.68539326
267 984 0.996243915 0.00332081305 3.68539326
267 984 0.99625444 0.00332084813 3.68539326
266 976 0.989900761 0.0032996692 3.66917293
266 978 0.990443041 0.0033014768 3.67669173
266 978 0.990195488 0.00330065163 3.67669173
266 980 0.991219519 0.00330406506 3.68421053
266 980 0.991270747 0.00330423582 3.68421053
266 980 0.991236235 0.00330412078 3.68421053
266 974 0.991540795 0.00330513598 3.66165414
266 974 0.99155026 0.00330516753 3.66165414
266 974 0.991489871 0.00330496624 3.66165414
266 974 0.991525121 0.00330508374 3.66165414
265 967 0.98576735 0.00328589117 3.6490566
265 967 0.987297854 0.00329099285 3.6490566
265 967 0.987310625 0.00329103542 3.6490566
265 967 0.987234479 0.0032907816 3.6490566
265 967 0.987337252 0.00329112417 3.6490566
265 967 0.987162986 0.00329054329 3.6490566
265 967 0.987405478 0.00329135159 3.6490566
265 967 0.987287646 0.00329095882 3.6490566
265 967 0.987304173 0.00329101391 3.6490566
265 972 0.988230083 0.00329410028 3.66792453
264 965 0.983110023 0.00327703341 3.65530303
264 966 0.98331141 0.0032777047 3.65909091
264 966 0.983147289 0.00327715763 3.65909091
264 963 0.983568968 0.00327856323 3.64772727
264 963 0.983842115 0.00327947372 3.64772727
264 963 0.983820014 0.00327940005 3.64772727
264 963 0.983615231 0.00327871744 3.64772727
264 963 0.983706736 0.00327902245 3.64772727
264 963 0.98363491 0.00327878303 3.64772727
264 963 0.983612109 0.00327870703 3.64772727
263 956 0.978332073 0.00326110691 3.63498099
263 956 0.978307236 0.00326102412 3.63498099
263 956 0.978034123 0.00326011374 3.63498099
263 956 0.978311183 0.00326103728 3.63498099
263 956 0.978352765 0.00326117588 3.63498099
263 956 0.978223375 0.00326074458 3.63498099
263 957 0.978902725 0.00326300908 3.63878327
263 957 0.978978117 0.00326326039 3.63878327
263 957 0.978838331 0.00326279444 3.63878327
263 957 0.978825102 0.00326275034 3.63878327
262 951 0.973089229 0.00324363076 3.62977099
262 951 0.973119597 0.00324373199 3.62977099
262 951 0.973196862 0.00324398954 3.62977099
262 956 0.973077499 0.00324359166 3.64885496
262 956 0.973221147 0.00324407049 3.64885496
262 956 0.973201883 0.00324400628 3.64885496
262 956 0.973104682 0.00324368227 3.64885496
262 947 0.975117879 0.00325039293 3.61450382
262 950 0.974206874 0.00324735625 3.6259542
262 950 0.974173331 0.00324724444 3.6259542
261 940 0.970823449 0.00323607816 3.60153257
261 940 0.970816136 0.00323605379 3.60153257
261 940 0.970660214 0.00323553405 3.60153257
261 940 0.970686298 0.00323562099 3.60153257
261 940 0.970857771 0.00323619257 3.60153257
261 940 0.970774496 0.00323591499 3.60153257
261 939 0.970329828 0.00323443276 3.59770115
261 939 0.970325296 0.00323441765 3.59770115
261 939 0.970309141 0.0032343638 3.59770115
261 939 0.970357251 0.00323452417 3.59770115
260 931 0.964957807 0.00321652602 3.58076923
260 931 0.964989815 0.00321663272 3.58076923
260 931 0.964926265 0.00321642088 3.58076923
260 931 0.964970606 0.00321656869 3.58076923
260 931 0.964926392 0.00321642131 3.58076923
260 931 0.964922872 0.00321640957 3.58076923
260 933 0.966555556 0.00322185185 3.58846154
260 933 0.966577169 0.0032219239 3.58846154
260 933 0.966491909 0.0032216397 3.58846154
260 933 0.966487218 0.00322162406 3.58846154
259 932 0.961186333 0.00320395444 3.5984556
259 932 0.961256279 0.0032041876 3.5984556
259 932 0.960979031 0.00320326344 3.5984556
259 925 0.962208892 0.00320736297 3.57142857
259 925 0.962255814 0.00320751938 3.57142857
259 925 0.962152733 0.00320717578 3.57142857
259 925 0.962192372 0.00320730791 3.57142857
259 925 0.96216919 0.00320723063 3.57142857
259 925 0.962232505 0.00320744168 3.57142857
259 926 0.959247081 0.00319749027 3.57528958
258 925 0.954137287 0.00318045762 3.58527132
258 918 0.954223415 0.00318074472 3.55813953
258 918 0.954279454 0.00318093151 3.55813953
258 918 0.957048151 0.0031901605 3.55813953
258 922 0.96147024 0.0032049008 3.57364341
258 922 0.961425285 0.00320475095 3.57364341
258 922 0.961460226 0.00320486742 3.57364341
258 922 0.961397094 0.00320465698 3.57364341
258 924 0.962845686 0.00320948562 3.58139535
258 924 0.962841986 0.00320947329 3.58139535
257 915 0.958878774 0.00319626258 3.56031128
257 915 0.958872128 0.00319624043 3.56031128
257 915 0.957665316 0.00319221772 3.56031128
257 915 0.957482608 0.00319160869 3.56031128
257 915 0.957748563 0.00319249521 3.56031128
257 915 0.957615042 0.00319205014 3.56031128
257 915 0.957675626 0.00319225209 3.56031128
257 915 0.957504573 0.00319168191 3.56031128
257 915 0.957705221 0.00319235074 3.56031128
257 916 0.959056646 0.00319685549 3.56420233
256 909 0.9512085 0.003170695 3.55078125
256 908 0.95486117 0.00318287057 3.546875
256 908 0.954976712 0.00318325571 3.546875
256 908 0.954690498 0.00318230166 3.546875
256 908 0.954762316 0.00318254105 3.546875
256 908 0.954866523 0.00318288841 3.546875
256 908 0.954830042 0.00318276681 3.546875
256 908 0.95491354 0.00318304513 3.546875
256 908 0.954826753 0.00318275584 3.546875
256 908 0.954797224 0.00318265741 3.546875
255 902 0.949055446 0.00316351815 3.5372549
255 902 0.949161985 0.00316387328 3.5372549
255 902 0.949130446 0.00316376815 3.5372549
255 902 0.949059335 0.00316353112 3.5372549
255 902 0.94915546 0.00316385153 3.5372549
255 902 0.948873654 0.00316291218 3.5372549
255 902 0.949150908 0.00316383636 3.5372549
255 902 0.949072725 0.00316357575 3.5372549
255 902 0.948971752 0.00316323917 3.5372549
255 902 0.949240376 0.00316413459 3.5372549
254 901 0.944012588 0.00314670863 3.54724409
254 901 0.944100661 0.0031470022 3.54724409
254 901 0.944130178 0.00314710059 3.54724409
254 901 0.94408674 0.0031469558 3.54724409
254 899 0.945155447 0.00315051816 3.53937008
254 899 0.945130086 0.00315043362 3.53937008
254 899 0.945117818 0.00315039273 3.53937008
254 899 0.945250599 0.00315083533 3.53937008
254 899 0.945072979 0.00315024326 3.53937008
254 899 0.945187187 0.00315062396 3.53937008
253 890 0.936604045 0.00312201348 3.51778656
253 889 0.937175888 0.00312391963 3.51383399
253 892 0.937972529 0.0031265751 3.5256917
253 892 0.937720745 0.00312573582 3.5256917
253 892 0.937797477 0.00312599159 3.5256917
253 892 0.937544203 0.00312514734 3.5256917
253 892 0.937855503 0.00312618501 3.5256917
253 892 0.937693812 0.00312564604 3.5256917
253 893 0.939525171 0.00313175057 3.52964427
253 893 0.939565944 0.00313188648 3.52964427
252 887 0.931278612 0.00310426204 3.51984127
252 888 0.931468204 0.00310489401 3.52380952
252 888 0.931459428 0.00310486476 3.52380952
252 888 0.931446975 0.00310482325 3.52380952
252 884 0.930969099 0.00310323033 3.50793651
252 884 0.931072234 0.00310357411 3.50793651
252 886 0.932364625 0.00310788208 3.51587302
252 886 0.932398148 0.00310799383 3.51587302
252 886 0.932171731 0.0031072391 3.51587302
252 886 0.93222501 0.0031074167 3.51587302
251 883 0.923565908 0.00307855303 3.51792829
251 882 0.923986416 0.00307995472 3.51394422
251 881 0.926198948 0.00308732983 3.50996016
251 881 0.926522933 0.00308840978 3.50996016
251 881 0.926546376 0.00308848792 3.50996016
251 881 0.926542395 0.00308847465 3.50996016
251 881 0.926509022 0.00308836341 3.50996016
251 881 0.926454305 0.00308818102 3.50996016
251 881 0.926536085 0.00308845362 3.50996016
251 881 0.926570133 0.00308856711 3.50996016
250 874 0.919399365 0.00306466455 3.496
250 874 0.919517872 0.00306505957 3.496
250 874 0.919720701 0.00306573567 3.496
250 874 0.919486185 0.00306495395 3.496
250 874 0.91958877 0.0030652959 3.496
250 874 0.919669041 0.00306556347 3.496
250 874 0.919393929 0.00306464643 3.496
250 874 0.919739215 0.00306579738 3.496
250 874 0.919663289 0.0030655443 3.496
250 874 0.919465373 0.00306488458 3.496
249 868 0.911603311 0.0030386777 3.48594378
249 868 0.911388271 0.0030379609 3.48594378
249 865 0.911988108 0.00303996036 3.47389558
249 865 0.911644217 0.00303881406 3.47389558
249 865 0.911858171 0.00303952724 3.47389558
249 869 0.912111513 0.00304037171 3.48995984
249 869 0.912216444 0.00304072148 3.48995984
249 869 0.912243148 0.00304081049 3.48995984
249 869 0.912203354 0.00304067785 3.48995984
249 869 0.912225165 0.00304075055 3.48995984
248 865 0.904489999 0.00301496666 3.48790323
248 864 0.904680189 0.00301560063 3.48387097
248 867 0.904973893 0.00301657964 3.49596774
248 867 0.905389062 0.00301796354 3.49596774
248 867 0.905111901 0.00301703967 3.49596774
248 868 0.903885621 0.00301295207 3.5
248 868 0.903986035 0.00301328678 3.5
248 868 0.903651154 0.00301217051 3.5
248 868 0.904063721 0.00301354574 3.5
248 868 0.904118532 0.00301372844 3.5
247 862 0.895905162 0.00298635054 3.48987854
247 862 0.895751496 0.00298583832 3.48987854
247 860 0.896143546 0.00298714515 3.48178138
247 854 0.904647702 0.00301549234 3.45748988
247 854 0.904112561 0.00301370854 3.45748988
247 854 0.904125829 0.00301375276 3.45748988
247 850 0.906941395 0.00302313798 3.44129555
247 850 0.906633944 0.00302211315 3.44129555
247 850 0.907626182 0.00302542061 3.44129555
247 850 0.907403972 0.00302467991 3.44129555
246 847 0.900061209 0.00300020403 3.44308943
246 844 0.900240868 0.00300080289 3.43089431
246 843 0.90101584 0.00300338613 3.42682927
246 843 0.90100503 0.0030033501 3.42682927
246 843 0.901363242 0.00300454414 3.42682927
246 843 0.901214851 0.0030040495 3.42682927
246 843 0.901247379 0.00300415793 3.42682927
246 843 0.901354411 0.0030045147 3.42682927
246 843 0.901167343 0.00300389114 3.42682927
245 839 0.894009308 0.00298003103 3.4244898
244 836 0.887311768 0.00295770589 3.42622951
244 834 0.893929213 0.00297976404 3.41803279
244 831 0.888041283 0.00296013761 3.4057377
244 831 0.888040027 0.00296013342 3.4057377
244 831 0.887863749 0.00295954583 3.4057377
244 831 0.888165712 0.00296055237 3.4057377
244 831 0.887950956 0.00295983652 3.4057377
244 831 0.888017989 0.00296005996 3.4057377
244 831 0.888016578 0.00296005526 3.4057377
244 831 0.888051603 0.00296017201 3.4057377
243 826 0.881242345 0.00293747448 3.39917695
243 826 0.88127902 0.00293759673 3.39917695
243 826 0.881626829 0.0029387561 3.39917695
243 826 0.881368897 0.00293789632 3.39917695
243 822 0.881356423 0.00293785474 3.38271605
243 822 0.881250389 0.0029375013 3.38271605
243 822 0.881580478 0.00293860159 3.38271605
243 822 0.881483804 0.00293827935 3.38271605
243 822 0.881355223 0.00293785074 3.38271605
243 822 0.881373794 0.00293791265 3.38271605
242 816 0.873869251 0.0029128975 3.37190083
242 817 0.874102234 0.00291367411 3.37603306
242 815 0.875048661 0.00291682887 3.3677686
242 815 0.875287831 0.0029176261 3.3677686
242 822 0.881891084 0.00293963695 3.39669421
242 822 0.881232001 0.00293744 3.39669421
242 822 0.881106369 0.00293702123 3.39669421
242 822 0.881429905 0.00293809968 3.39669421
242 822 0.881490436 0.00293830145 3.39669421
242 822 0.881494308 0.00293831436 3.39669421
241 819 0.874333284 0.00291444428 3.39834025
241 819 0.874549961 0.00291516654 3.39834025
241 817 0.875869565 0.00291956522 3.39004149
241 817 0.875494011 0.00291831337 3.39004149
241 817 0.87515191 0.00291717303 3.39004149
241 817 0.875330282 0.00291776761 3.39004149
241 817 0.875762652 0.00291920884 3.39004149
241 817 0.875301572 0.00291767191 3.39004149
241 817 0.875583592 0.00291861197 3.39004149
241 817 0.875454983 0.00291818328 3.39004149
240 813 0.868724234 0.00289574745 3.3875
240 813 0.868755946 0.00289585315 3.3875
240 813 0.868908488 0.00289636163 3.3875
240 813 0.86874142 0.00289580473 3.3875
240 808 0.869155622 0.00289718541 3.36666667
240 808 0.869053595 0.00289684532 3.36666667
240 808 0.869174918 0.00289724973 3.36666667
240 808 0.869537687 0.00289845896 3.36666667
240 808 0.869403202 0.00289801067 3.36666667
240 808 0.869144842 0.00289714947 3.36666667
239 804 0.862925575 0.00287641858 3.36401674
239 805 0.862191116 0.00287397039 3.36820084
239 805 0.863175563 0.00287725188 3.36820084
239 805 0.862494347 0.00287498116 3.36820084
239 805 0.862441522 0.00287480507 3.36820084
239 805 0.862830723 0.00287610241 3.36820084
239 809 0.867160384 0.00289053461 3.38493724
239 809 0.867190005 0.00289063335 3.38493724
239 809 0.867242153 0.00289080718 3.38493724
239 809 0.867061244 0.00289020415 3.38493724
238 801 0.85974116 0.00286580387 3.36554622
238 801 0.858535453 0.00286178484 3.36554622
238 803 0.859669158 0.00286556386 3.37394958
238 802 0.857787004 0.00285929001 3.3697479
238 802 0.857695279 0.00285898426 3.3697479
238 802 0.858062449 0.00286020816 3.3697479
238 802 0.857804836 0.00285934945 3.3697479
238 802 0.857763423 0.00285921141 3.3697479
238 803 0.860129894 0.00286709965 3.37394958
238 803 0.860010376 0.00286670125 3.37394958
237 798 0.852734035 0.00284244678 3.36708861
237 799 0.855697609 0.00285232536 3.37130802
237 797 0.855068161 0.0028502272 3.3628692
237 797 0.855524181 0.00285174727 3.3628692
237 800 0.857811029 0.0028593701 3.37552743
237 800 0.85772034 0.0028590678 3.37552743
237 800 0.857926549 0.00285975516 3.37552743
237 798 0.855562197 0.00285187399 3.36708861
237 795 0.85385963 0.00284619877 3.35443038
237 795 0.853833599 0.002846112 3.35443038
236 790 0.850955782 0.00283651927 3.34745763
236 790 0.850480207 0.00283493402 3.34745763
236 790 0.850648158 0.00283549386 3.34745763
236 790 0.850633839 0.00283544613 3.34745763
236 790 0.85053347 0.00283511157 3.34745763
236 790 0.850609238 0.00283536413 3.34745763
236 791 0.852410743 0.00284136914 3.35169492
236 791 0.852371102 0.00284123701 3.35169492
236 791 0.852556408 0.00284185469 3.35169492
236 791 0.852416236 0.00284138745 3.35169492
235 785 0.844590117 0.00281530039 3.34042553
235 786 0.846705142 0.00282235047 3.34468085
235 786 0.84663852 0.0028221284 3.34468085
235 786 0.846766573 0.00282255524 3.34468085
235 786 0.846861693 0.00282287231 3.34468085
235 786 0.846873652 0.00282291217 3.34468085
235 786 0.846732903 0.00282244301 3.34468085
235 786 0.846991494 0.00282330498 3.34468085
235 786 0.847014545 0.00282338182 3.34468085
235 786 0.846644984 0.00282214995 3.34468085
234 783 0.837768725 0.00279256242 3.34615385
234 778 0.839414467 0.00279804822 3.32478632
234 778 0.839733723 0.00279911241 3.32478632
234 777 0.840468034 0.00280156011 3.32051282
234 777 0.840500879 0.0028016696 3.32051282
234 777 0.840761733 0.00280253911 3.32051282
234 777 0.840782937 0.00280260979 3.32051282
234 777 0.840673519 0.00280224506 3.32051282
234 777 0.840928472 0.00280309491 3.32051282
234 777 0.84085521 0.0028028507 3.32051282
233 769 0.83245255 0.00277484183 3.30042918
233 771 0.833389524 0.00277796508 3.30901288
233 772 0.83432173 0.00278107243 3.31330472
233 772 0.834034261 0.0027801142 3.31330472
233 772 0.834345815 0.00278115272 3.31330472
233 772 0.834049195 0.00278016398 3.31330472
233 772 0.834062317 0.00278020772 3.31330472
233 772 0.83414986 0.00278049953 3.31330472
233 772 0.83417101 0.00278057003 3.31330472
233 772 0.834030063 0.00278010021 3.31330472
232 764 0.825755163 0.00275251721 3.29310345
232 764 0.825836514 0.00275278838 3.29310345
232 764 0.82596842 0.00275322807 3.29310345
232 766 0.826268259 0.00275422753 3.30172414
232 766 0.825967711 0.0027532257 3.30172414
232 766 0.8253007 0.00275100233 3.30172414
232 766 0.826189763 0.00275396588 3.30172414
232 766 0.825644713 0.00275214904 3.30172414
232 766 0.82638585 0.0027546195 3.30172414
232 766 0.825833213 0.00275277738 3.30172414
231 758 0.817779117 0.00272593039 3.28138528
231 758 0.818026025 0.00272675342 3.28138528
231 758 0.817761044 0.00272587015 3.28138528
231 759 0.817684226 0.00272561409 3.28571429
231 759 0.817625388 0.00272541796 3.28571429
231 759 0.817776401 0.00272592134 3.28571429
231 759 0.817532461 0.0027251082 3.28571429
231 763 0.81702781 0.00272342603 3.3030303
231 762 0.817446195 0.00272482065 3.2987013
231 762 0.817291299 0.00272430433 3.2987013
230 759 0.808733183 0.00269577728 3.3
230 756 0.808131615 0.00269377205 3.28695652
230 758 0.802707666 0.00267569222 3.29565217
230 757 0.809709904 0.00269903301 3.29130435
230 759 0.809750176 0.00269916725 3.3
230 759 0.809677986 0.00269892662 3.3
230 758 0.810603664 0.00270201221 3.29565217
230 758 0.810580495 0.00270193498 3.29565217
230 758 0.810556588 0.00270185529 3.29565217
230 758 0.810571135 0.00270190378 3.29565217
229 752 0.80386602 0.0026795534 3.28384279
229 750 0.804108832 0.00268036277 3.27510917
229 749 0.803195109 0.00267731703 3.27074236
229 745 0.807627409 0.00269209136 3.25327511
229 745 0.80742492 0.0026914164 3.25327511
229 745 0.807577845 0.00269192615 3.25327511
229 745 0.807339566 0.00269113189 3.25327511
229 745 0.807228248 0.00269076083 3.25327511
229 745 0.80749129 0.00269163763 3.25327511
229 745 0.807518 0.00269172667 3.25327511
228 739 0.799067501 0.00266355834 3.24122807
228 739 0.798813867 0.00266271289 3.24122807
228 740 0.801377752 0.00267125917 3.24561404
228 740 0.801125972 0.00267041991 3.24561404
228 740 0.800716075 0.00266905358 3.24561404
228 740 0.801146489 0.0026704883 3.24561404
228 742 0.801937793 0.00267312598 3.25438596
228 742 0.801697264 0.00267232421 3.25438596
228 742 0.801678204 0.00267226068 3.25438596
228 742 0.80149395 0.0026716465 3.25438596
227 736 0.794170656 0.00264723552 3.24229075
227 736 0.7940809 0.00264693633 3.24229075
227 736 0.794951521 0.0026498384 3.24229075
227 736 0.794937659 0.0026497922 3.24229075
227 736 0.794914508 0.00264971503 3.24229075
227 736 0.79483377 0.0026494459 3.24229075
227 736 0.794787765 0.00264929255 3.24229075
227 736 0.794974176 0.00264991392 3.24229075
227 736 0.794856688 0.00264952229 3.24229075
227 736 0.794883997 0.00264961332 3.24229075
226 730 0.787058148 0.00262352716 3.2300885
226 730 0.787124301 0.00262374767 3.2300885
226 730 0.787539529 0.00262513176 3.2300885
226 730 0.787430305 0.00262476768 3.2300885
226 730 0.787574476 0.00262524825 3.2300885
226 731 0.787454168 0.00262484723 3.23451327
226 731 0.787446195 0.00262482065 3.23451327
226 731 0.787401222 0.00262467074 3.23451327
226 731 0.787545379 0.00262515126 3.23451327
226 731 0.787601024 0.00262533675 3.23451327
225 725 0.780114508 0.00260038169 3.22222222
225 725 0.779987063 0.00259995688 3.22222222
225 725 0.780399647 0.00260133216 3.22222222
225 725 0.779802032 0.00259934011 3.22222222
225 726 0.779862391 0.0025995413 3.22666667
225 726 0.779754361 0.0025991812 3.22666667
225 727 0.77609012 0.00258696707 3.23111111
225 726 0.784976261 0.00261658754 3.22666667
225 726 0.78500287 0.00261667623 3.22666667
225 726 0.785120998 0.00261706999 3.22666667
224 722 0.777802766 0.00259267589 3.22321429
224 722 0.777037121 0.00259012374 3.22321429
224 722 0.778461471 0.00259487157 3.22321429
224 722 0.777606541 0.0025920218 3.22321429
224 722 0.777566968 0.00259188989 3.22321429
224 720 0.778959312 0.00259653104 3.21428571
224 723 0.778633963 0.00259544654 3.22767857
224 723 0.778640548 0.00259546849 3.22767857
224 720 0.780941506 0.00260313835 3.21428571
224 720 0.780914842 0.00260304947 3.21428571
223 717 0.774300086 0.00258100029 3.21524664
223 714 0.774605415 0.00258201805 3.20179372
223 714 0.774523556 0.00258174519 3.20179372
223 714 0.774605377 0.00258201792 3.20179372
223 714 0.77458131 0.0025819377 3.20179372
223 714 0.777061309 0.00259020436 3.20179372
223 714 0.777153231 0.00259051077 3.20179372
223 714 0.777094581 0.00259031527 3.20179372
223 714 0.777119116 0.00259039705 3.20179372
223 714 0.777100833 0.00259033611 3.20179372
222 711 0.770612196 0.00256870732 3.2027027
222 711 0.770476318 0.00256825439 3.2027027
222 711 0.770498934 0.00256832978 3.2027027
222 711 0.770516741 0.00256838914 3.2027027
222 711 0.770471818 0.00256823939 3.2027027
222 711 0.770512599 0.00256837533 3.2027027
222 711 0.770436301 0.002568121 3.2027027
222 709 0.766532596 0.00255510865 3.19369369
222 709 0.766613645 0.00255537882 3.19369369
222 711 0.765910021 0.0025530334 3.2027027
221 708 0.765319785 0.00255106595 3.20361991
221 708 0.76538349 0.0025512783 3.20361991
221 708 0.765340406 0.00255113469 3.20361991
221 708 0.765170219 0.0025505674 3.20361991
221 706 0.766216573 0.00255405524 3.19457014
221 706 0.766186377 0.00255395459 3.19457014
221 706 0.76599629 0.00255332097 3.19457014
221 706 0.766245499 0.00255415166 3.19457014
221 706 0.766264465 0.00255421488 3.19457014
221 706 0.765977355 0.00255325785 3.19457014
220 700 0.758085778 0.00252695259 3.18181818
220 700 0.758073164 0.00252691055 3.18181818
220 699 0.753552829 0.00251184276 3.17727273
220 699 0.759156746 0.00253052249 3.17727273
220 699 0.759234338 0.00253078113 3.17727273
220 694 0.758843917 0.00252947972 3.15454545
220 692 0.755923639 0.00251974546 3.14545455
220 692 0.755863373 0.00251954458 3.14545455
220 692 0.755931706 0.00251977235 3.14545455
220 692 0.756094085 0.00252031362 3.14545455
219 688 0.748841915 0.00249613972 3.14155251
219 688 0.748943097 0.00249647699 3.14155251
219 688 0.753016214 0.00251005405 3.14155251
219 688 0.752654257 0.00250884752 3.14155251
219 688 0.753218767 0.00251072922 3.14155251
219 690 0.758826718 0.00252942239 3.15068493
219 690 0.758923404 0.00252974468 3.15068493
219 690 0.758874074 0.00252958025 3.15068493
219 690 0.758964092 0.00252988031 3.15068493
219 690 0.75898629 0.0025299543 3.15068493
218 683 0.750804923 0.00250268308 3.13302752
218 684 0.752940336 0.00250980112 3.13761468
218 684 0.753109952 0.00251036651 3.13761468
218 684 0.752915425 0.00250971808 3.13761468
218 684 0.752804376 0.00250934792 3.13761468
218 684 0.75262515 0.0025087505 3.13761468
218 684 0.752561304 0.00250853768 3.13761468
218 684 0.752791316 0.00250930439 3.13761468
218 684 0.752751479 0.0025091716 3.13761468
218 684 0.752783601 0.00250927867 3.13761468
217 677 0.744912792 0.00248304264 3.11981567
217 677 0.745009045 0.00248336348 3.11981567
217 680 0.74627828 0.00248759427 3.13364055
217 680 0.746311412 0.00248770471 3.13364055
217 680 0.746357332 0.00248785777 3.13364055
217 680 0.746616746 0.00248872249 3.13364055
217 680 0.746143213 0.00248714404 3.13364055
217 680 0.746201308 0.00248733769 3.13364055
217 680 0.746072132 0.00248690711 3.13364055
217 678 0.746992358 0.00248997453 3.12442396
216 675 0.737957069 0.0024598569 3.125
216 674 0.74082762 0.0024694254 3.12037037
216 674 0.740695847 0.00246898616 3.12037037
216 674 0.740463928 0.00246821309 3.12037037
216 674 0.740551308 0.00246850436 3.12037037
216 674 0.740679417 0.00246893139 3.12037037
216 674 0.740405866 0.00246801955 3.12037037
216 674 0.740386867 0.00246795622 3.12037037
216 674 0.740528892 0.00246842964 3.12037037
216 674 0.740776405 0.00246925468 3.12037037
215 669 0.729123579 0.00243041193 3.11162791
215 669 0.728880773 0.00242960258 3.11162791
215 665 0.733381748 0.00244460583 3.09302326
215 665 0.733586077 0.00244528692 3.09302326
215 665 0.733539694 0.00244513231 3.09302326
215 665 0.733563193 0.00244521064 3.09302326
215 665 0.733251681 0.00244417227 3.09302326
215 665 0.733024947 0.00244341649 3.09302326
215 665 0.733435228 0.00244478409 3.09302326
215 665 0.73330392 0.0024443464 3.09302326
214 660 0.724951434 0.00241650478 3.08411215
214 660 0.725156729 0.0024171891 3.08411215
214 660 0.724759231 0.0024158641 3.08411215
214 660 0.724965865 0.00241655288 3.08411215
214 660 0.725359985 0.00241786662 3.08411215
214 658 0.725955793 0.00241985264 3.07476636
214 658 0.7260992 0.00242033067 3.07476636
214 658 0.724014125 0.00241338042 3.07476636
214 658 0.722792664 0.00240930888 3.07476636
214 658 0.722693863 0.00240897954 3.07476636
213 651 0.719490624 0.00239830208 3.05633803
213 651 0.719366126 0.00239788709 3.05633803
213 651 0.720813551 0.00240271184 3.05633803
213 651 0.720698568 0.00240232856 3.05633803
213 651 0.720731905 0.00240243968 3.05633803
213 651 0.720720129 0.00240240043 3.05633803
213 651 0.720844282 0.00240281427 3.05633803
213 651 0.721012206 0.00240337402 3.05633803
213 651 0.72088605 0.0024029535 3.05633803
213 651 0.72076013 0.00240253377 3.05633803
212 647 0.707990168 0.00235996723 3.05188679
212 647 0.710851353 0.00236950451 3.05188679
212 643 0.713783608 0.00237927869 3.03301887
212 643 0.7137131 0.00237904367 3.03301887
212 643 0.713841917 0.00237947306 3.03301887
212 643 0.713776381 0.0023792546 3.03301887
212 643 0.713532397 0.00237844132 3.03301887
212 643 0.71362217 0.00237874057 3.03301887
212 647 0.714358488 0.00238119496 3.05188679
212 647 0.714542707 0.00238180902 3.05188679
211 642 0.704040274 0.00234680091 3.04265403
211 644 0.704885143 0.00234961714 3.0521327
211 642 0.70624869 0.0023541623 3.04265403
211 642 0.704284698 0.00234761566 3.04265403
211 642 0.704434412 0.00234811471 3.04265403
211 642 0.704289786 0.00234763262 3.04265403
211 642 0.704450388 0.00234816796 3.04265403
211 641 0.708915026 0.00236305009 3.03791469
211 641 0.708689652 0.00236229884 3.03791469
211 641 0.709272809 0.0023642427 3.03791469
210 637 0.702603586 0.00234201195 3.03333333
210 637 0.703047959 0.0023434932 3.03333333
210 637 0.702517588 0.00234172529 3.03333333
210 637 0.702591534 0.00234197178 3.03333333
210 637 0.703082484 0.00234360828 3.03333333
210 637 0.702762101 0.00234254034 3.03333333
210 637 0.702640383 0.00234213461 3.03333333
210 637 0.702670154 0.00234223385 3.03333333
210 637 0.703449748 0.00234483249 3.03333333
210 637 0.702933644 0.00234311215 3.03333333
209 634 0.693246286 0.00231082095 3.03349282
209 634 0.692994295 0.00230998098 3.03349282
209 634 0.693128691 0.00231042897 3.03349282
209 634 0.693146349 0.00231048783 3.03349282
209 632 0.69429182 0.00231430607 3.02392344
209 632 0.693822445 0.00231274148 3.02392344
209 632 0.69401191 0.00231337303 3.02392344
209 631 0.693425563 0.00231141854 3.01913876
209 631 0.69382163 0.00231273877 3.01913876
209 631 0.693608667 0.00231202889 3.01913876
208 627 0.683251317 0.00227750439 3.01442308
208 629 0.688574817 0.00229524939 3.02403846
208 629 0.689144407 0.00229714802 3.02403846
208 629 0.689149086 0.00229716362 3.02403846
208 629 0.689402592 0.00229800864 3.02403846
208 629 0.68934514 0.00229781713 3.02403846
207 621 0.682007827 0.00227335942 3
207 621 0.682056816 0.00227352272 3
207 621 0.682150927 0.00227383642 3
207 621 0.683049617 0.00227683206 3
206 617 0.668370678 0.00222790226 2.99514563
206 618 0.672550802 0.00224183601 3
206 618 0.673046776 0.00224348925 3
206 618 0.672653987 0.00224217996 3
206 618 0.672046328 0.00224015443 3
206 618 0.672973292 0.00224324431 3
206 618 0.671938573 0.00223979524 3
206 618 0.672432459 0.00224144153 3
206 618 0.672079259 0.0022402642 3
206 618 0.673512528 0.00224504176 3
205 613 0.663694441 0.0022123148 2.9902439
205 613 0.66449383 0.00221497943 2.9902439
205 613 0.663836102 0.00221278701 2.9902439
205 613 0.663890368 0.00221296789 2.9902439
205 613 0.664065502 0.00221355167 2.9902439
205 613 0.663954542 0.00221318181 2.9902439
205 613 0.664246812 0.00221415604 2.9902439
205 613 0.664059331 0.0022135311 2.9902439
205 613 0.664238884 0.00221412961 2.9902439
205 613 0.663859987 0.00221286662 2.9902439
204 609 0.652514581 0.0021750486 2.98529412
204 608 0.658414296 0.00219471432 2.98039216
204 608 0.657868007 0.00219289336 2.98039216
204 608 0.658194292 0.00219398097 2.98039216
204 608 0.657150405 0.00219050135 2.98039216
204 608 0.656380357 0.00218793452 2.98039216
204 606 0.658165494 0.00219388498 2.97058824
204 606 0.658036267 0.00219345422 2.97058824
204 608 0.665612347 0.00221870782 2.98039216
204 608 0.66551921 0.00221839737 2.98039216
203 604 0.656693891 0.00218897964 2.97536946
203 604 0.656582856 0.00218860952 2.97536946
203 604 0.656686768 0.00218895589 2.97536946
203 604 0.656627809 0.00218875936 2.97536946
203 604 0.656530798 0.00218843599 2.97536946
203 604 0.656615935 0.00218871978 2.97536946
203 604 0.656075131 0.0021869171 2.97536946
203 604 0.656605317 0.00218868439 2.97536946
203 604 0.656602967 0.00218867656 2.97536946
203 604 0.657104216 0.00219034739 2.97536946
202 599 0.643519137 0.00214506379 2.96534653
202 600 0.644079088 0.00214693029 2.97029703
202 600 0.645077302 0.00215025767 2.97029703
202 601 0.646620942 0.00215540314 2.97524752
202 601 0.64642939 0.00215476463 2.97524752
202 601 0.646707463 0.00215569154 2.97524752
202 601 0.646952749 0.00215650916 2.97524752
202 601 0.646677027 0.00215559009 2.97524752
202 601 0.646873849 0.00215624616 2.97524752
202 601 0.646616064 0.00215538688 2.97524752
201 597 0.63449248 0.00211497493 2.97014925
200 590 0.623233577 0.00207744526 2.95
200 590 0.623311078 0.00207770359 2.95
200 590 0.622939969 0.00207646656 2.95
200 592 0.625987074 0.00208662358 2.96
200 592 0.625916608 0.00208638869 2.96
200 592 0.62599313 0.00208664377 2.96
200 592 0.626447955 0.00208815985 2.96
200 592 0.626281175 0.00208760392 2.96
200 592 0.626072206 0.00208690735 2.96
199 585 0.614417565 0.00204805855 2.93969849
199 589 0.616428493 0.00205476164 2.95979899
199 589 0.616620999 0.00205540333 2.95979899
199 589 0.615968181 0.00205322727 2.95979899
199 589 0.61690236 0.0020563412 2.95979899
199 589 0.61700634 0.0020566878 2.95979899
199 589 0.616805453 0.00205601818 2.95979899
199 589 0.617174435 0.00205724812 2.95979899
199 589 0.617200042 0.00205733347 2.95979899
199 589 0.616301884 0.00205433961 2.95979899
198 585 0.604004151 0.00201334717 2.95454545
198 582 0.605985792 0.00201995264 2.93939394
198 582 0.606535953 0.00202178651 2.93939394
198 582 0.60601306 0.00202004353 2.93939394
198 582 0.606821044 0.00202273681 2.93939394
198 582 0.606310658 0.00202103553 2.93939394
198 582 0.605191094 0.00201730365 2.93939394
198 582 0.605697049 0.00201899016 2.93939394
198 585 0.606603303 0.00202201101 2.95454545
198 585 0.606207589 0.00202069196 2.95454545
197 580 0.595178834 0.00198392945 2.94416244
197 580 0.594933503 0.00198311168 2.94416244
197 581 0.596912809 0.00198970936 2.94923858
197 578 0.594096711 0.00198032237 2.93401015
197 578 0.593823806 0.00197941269 2.93401015
197 580 0.592317568 0.00197439189 2.94416244
197 580 0.592341941 0.00197447314 2.94416244
197 580 0.592423974 0.00197474658 2.94416244
197 580 0.592851265 0.00197617088 2.94416244
197 580 0.593176143 0.00197725381 2.94416244
196 573 0.582232677 0.00194077559 2.92346939
196 578 0.583382346 0.00194460782 2.94897959
196 576 0.584939876 0.00194979959 2.93877551
195 573 0.599242283 0.00199747428 2.93846154
195 575 0.609093614 0.00203031205 2.94871795
195 575 0.60778288 0.00202594293 2.94871795
195 575 0.607864911 0.00202621637 2.94871795
195 575 0.608051293 0.00202683764 2.94871795
195 575 0.60845673 0.0020281891 2.94871795
195 575 0.608493735 0.00202831245 2.94871795
194 571 0.604558566 0.00201519522 2.94329897
194 571 0.604647169 0.00201549056 2.94329897
194 571 0.604460671 0.0020148689 2.94329897
194 571 0.604662416 0.00201554139 2.94329897
194 571 0.604774032 0.00201591344 2.94329897
194 571 0.604172118 0.00201390706 2.94329897
194 569 0.605659802 0.00201886601 2.93298969
194 569 0.605793435 0.00201931145 2.93298969
194 569 0.606263889 0.00202087963 2.93298969
194 569 0.605313266 0.00201771089 2.93298969
193 566 0.596570467 0.00198856822 2.93264249
193 566 0.596487645 0.00198829215 2.93264249
193 566 0.596924105 0.00198974702 2.93264249
193 566 0.596515213 0.00198838404 2.93264249
193 566 0.596378619 0.00198792873 2.93264249
193 566 0.59703865 0.00199012883 2.93264249
193 566 0.596265297 0.00198755099 2.93264249
193 566 0.596266249 0.00198755416 2.93264249
193 566 0.596813699 0.001989379 2.93264249
193 566 0.59642145 0.0019880715 2.93264249
192 561 0.584634242 0.00194878081 2.921875
192 560 0.585848312 0.00195282771 2.91666667
192 561 0.58596271 0.00195320903 2.921875
192 561 0.585696837 0.00195232279 2.921875
192 561 0.586126224 0.00195375408 2.921875
192 561 0.585322843 0.00195107614 2.921875
192 562 0.58586709 0.0019528903 2.92708333
192 562 0.585033531 0.00195011177 2.92708333
192 562 0.586126731 0.00195375577 2.92708333
192 562 0.586157989 0.00195385996 2.92708333
191 557 0.575415357 0.00191805119 2.91623037
191 557 0.574491863 0.00191497288 2.91623037
191 557 0.575775569 0.0019192519 2.91623037
191 557 0.575231986 0.00191743995 2.91623037
191 558 0.577340288 0.00192446763 2.92146597
191 558 0.577032812 0.00192344271 2.92146597
191 558 0.577541254 0.00192513751 2.92146597
191 558 0.577598559 0.00192532853 2.92146597
191 558 0.57692285 0.00192307617 2.92146597
191 558 0.576609547 0.00192203182 2.92146597
190 553 0.561061132 0.00187020377 2.91052632
190 553 0.564644294 0.00188214765 2.91052632
190 553 0.564892435 0.00188297478 2.91052632
190 553 0.564789569 0.0018826319 2.91052632
190 553 0.564697442 0.00188232481 2.91052632
190 551 0.566803469 0.0018893449 2.9
190 551 0.566269116 0.00188756372 2.9
190 551 0.56596765 0.00188655883 2.9
190 551 0.566372076 0.00188790692 2.9
189 544 0.560450063 0.00186816688 2.87830688
188 540 0.546077105 0.00182025702 2.87234043
188 540 0.545436442 0.00181812147 2.87234043
188 539 0.545439332 0.00181813111 2.86702128
187 536 0.543024721 0.0018100824 2.86631016
187 536 0.54341403 0.0018113801 2.86631016
187 536 0.543084666 0.00181028222 2.86631016
187 536 0.543106501 0.001810355 2.86631016
187 536 0.54335133 0.0018111711 2.86631016
187 536 0.542115665 0.00180705222 2.86631016
187 536 0.542997121 0.0018099904 2.86631016
186 531 0.532908598 0.00177636199 2.85483871
186 531 0.532291235 0.00177430412 2.85483871
186 531 0.532723808 0.00177574603 2.85483871
186 531 0.532549759 0.00177516586 2.85483871
186 531 0.533000356 0.00177666785 2.85483871
186 531 0.532831251 0.00177610417 2.85483871
186 531 0.532930769 0.0017764359 2.85483871
186 531 0.532604538 0.00177534846 2.85483871
186 531 0.532496244 0.00177498748 2.85483871
186 531 0.532605361 0.0017753512 2.85483871
185 529 0.519501459 0.00173167153 2.85945946
185 525 0.521730344 0.00173910115 2.83783784
185 525 0.521973778 0.00173991259 2.83783784
185 525 0.521791418 0.00173930473 2.83783784
185 525 0.521568751 0.0017385625 2.83783784
185 525 0.520807149 0.00173602383 2.83783784
185 525 0.521245045 0.00173748348 2.83783784
185 525 0.521448879 0.00173816293 2.83783784
185 525 0.521201256 0.00173733752 2.83783784
185 525 0.521387956 0.00173795985 2.83783784
184 522 0.50608384 0.00168694613 2.83695652
184 524 0.519323007 0.00173107669 2.84782609
184 524 0.509611549 0.00169870516 2.84782609
184 524 0.509458496 0.00169819499 2.84782609
184 524 0.509343928 0.00169781309 2.84782609
184 524 0.518793376 0.00172931125 2.84782609
184 524 0.518777571 0.00172925857 2.84782609
184 524 0.518945717 0.00172981906 2.84782609
184 524 0.518693474 0.00172897825 2.84782609
184 524 0.518719687 0.00172906562 2.84782609
183 520 0.505524979 0.00168508326 2.84153005
183 519 0.506167156 0.00168722385 2.83606557
183 519 0.508097042 0.00169365681 2.83606557
183 519 0.508219338 0.00169406446 2.83606557
183 519 0.50795707 0.00169319023 2.83606557
183 519 0.509852566 0.00169950855 2.83606557
183 519 0.509561779 0.00169853926 2.83606557
183 519 0.509396516 0.00169798839 2.83606557
183 521 0.507565546 0.00169188515 2.84699454
183 521 0.507754202 0.00169251401 2.84699454
182 514 0.503287014 0.00167762338 2.82417582
182 514 0.502998348 0.00167666116 2.82417582
182 514 0.503284441 0.0016776148 2.82417582
182 514 0.503586653 0.00167862218 2.82417582
182 514 0.503125036 0.00167708345 2.82417582
182 514 0.503288517 0.00167762839 2.82417582
182 514 0.503003305 0.00167667768 2.82417582
182 514 0.503172497 0.00167724166 2.82417582
182 514 0.503101911 0.00167700637 2.82417582
182 514 0.503479821 0.00167826607 2.82417582
181 509 0.493025081 0.00164341694 2.8121547
181 509 0.493134154 0.00164378051 2.8121547
181 509 0.492993844 0.00164331281 2.8121547
181 509 0.493207518 0.00164402506 2.8121547
181 509 0.49315187 0.00164383957 2.8121547
181 509 0.493188401 0.00164396134 2.8121547
181 511 0.485764263 0.00161921421 2.82320442
181 511 0.485827124 0.00161942375 2.82320442
181 511 0.485994419 0.0016199814 2.82320442
181 511 0.485485095 0.00161828365 2.82320442
180 508 0.46886765 0.00156289217 2.82222222
180 508 0.471408309 0.00157136103 2.82222222
180 508 0.485406804 0.00161802268 2.82222222
180 508 0.485901116 0.00161967039 2.82222222
180 508 0.485955849 0.00161985283 2.82222222
180 508 0.485788932 0.00161929644 2.82222222
180 508 0.485854125 0.00161951375 2.82222222
180 509 0.472158503 0.00157386168 2.82777778
180 509 0.472605264 0.00157535088 2.82777778
180 509 0.472331278 0.00157443759 2.82777778
179 504 0.459122614 0.00153040871 2.81564246
179 504 0.461057301 0.00153685767 2.81564246
179 505 0.469265737 0.00156421912 2.82122905
179 505 0.473903976 0.00157967992 2.82122905
179 505 0.474184344 0.00158061448 2.82122905
179 505 0.473955664 0.00157985221 2.82122905
178 501 0.468731009 0.0015624367 2.81460674
177 495 0.46415772 0.0015471924 2.79661017
177 495 0.46462686 0.0015487562 2.79661017
177 495 0.464565555 0.00154855185 2.79661017
176 492 0.450667588 0.00150222529 2.79545455
176 488 0.448455401 0.00149485134 2.77272727
176 492 0.450348854 0.00150116285 2.79545455
176 492 0.450324526 0.00150108175 2.79545455
176 492 0.450533241 0.00150177747 2.79545455
176 492 0.450187274 0.00150062425 2.79545455
176 492 0.450489389 0.0015016313 2.79545455
176 492 0.450318929 0.0015010631 2.79545455
176 492 0.450622265 0.00150207422 2.79545455
176 492 0.450445672 0.00150148557 2.79545455
173 483 0.435960796 0.00145320265 2.79190751
173 480 0.424732618 0.00141577539 2.77456647
173 480 0.425098288 0.00141699429 2.77456647
173 480 0.424780608 0.00141593536 2.77456647
173 480 0.424694055 0.00141564685 2.77456647
173 481 0.42611541 0.0014203847 2.78034682
173 481 0.426040523 0.00142013508 2.78034682
173 483 0.435454248 0.00145151416 2.79190751
173 483 0.434956029 0.00144985343 2.79190751
172 481 0.434800325 0.00144933442 2.79651163
171 476 0.422607043 0.00140869014 2.78362573
171 476 0.417133595 0.00139044532 2.78362573
171 476 0.417358795 0.00139119598 2.78362573
171 476 0.41714193 0.0013904731 2.78362573
171 475 0.424961624 0.00141653875 2.77777778
171 474 0.422916425 0.00140972142 2.77192982
171 474 0.422764184 0.00140921395 2.77192982
171 474 0.423130597 0.00141043532 2.77192982
171 474 0.422515107 0.00140838369 2.77192982
171 474 0.423165498 0.00141055166 2.77192982
170 469 0.413662387 0.00137887462 2.75882353
170 469 0.413757573 0.00137919191 2.75882353
170 469 0.413995041 0.00137998347 2.75882353
170 469 0.413730446 0.00137910149 2.75882353
170 469 0.40510517 0.00135035057 2.75882353
170 473 0.411202581 0.00137067527 2.78235294
170 473 0.411626466 0.00137208822 2.78235294
170 473 0.411310518 0.00137103506 2.78235294
170 473 0.411183753 0.00137061251 2.78235294
170 473 0.411182452 0.00137060817 2.78235294
169 468 0.40015155 0.0013338385 2.76923077
169 467 0.40378052 0.00134593507 2.76331361
169 467 0.403279879 0.00134426626 2.76331361
169 467 0.403604919 0.00134534973 2.76331361
169 469 0.401749143 0.00133916381 2.77514793
169 469 0.402015251 0.00134005084 2.77514793
168 461 0.401623376 0.00133874459 2.74404762
168 461 0.401856619 0.00133952206 2.74404762
168 461 0.401758659 0.00133919553 2.74404762
168 461 0.401638235 0.00133879412 2.74404762
167 459 0.384627313 0.00128209104 2.74850299
167 455 0.398049816 0.00132683272 2.7245509
167 455 0.39794655 0.0013264885 2.7245509
167 455 0.398406016 0.00132802005 2.7245509
167 456 0.403652553 0.00134550851 2.73053892
167 455 0.404774871 0.00134924957 2.7245509
167 455 0.404891746 0.00134963915 2.7245509
167 455 0.404271714 0.00134757238 2.7245509
167 455 0.404359813 0.00134786604 2.7245509
167 455 0.404555494 0.00134851831 2.7245509
166 449 0.396508806 0.00132169602 2.70481928
166 449 0.39640389 0.0013213463 2.70481928
166 449 0.396477242 0.00132159081 2.70481928
166 449 0.396396494 0.00132132165 2.70481928
166 449 0.396560107 0.00132186702 2.70481928
166 450 0.398130773 0.00132710258 2.71084337
166 450 0.398078989 0.00132692996 2.71084337
166 450 0.398412528 0.00132804176 2.71084337
166 450 0.40447692 0.0013482564 2.71084337
166 450 0.404395935 0.00134798645 2.71084337
165 443 0.38693982 0.0012897994 2.68484848
165 448 0.386545607 0.00128848536 2.71515152
165 443 0.389121098 0.00129707033 2.68484848
165 443 0.389613922 0.00129871307 2.68484848
165 443 0.389512431 0.00129837477 2.68484848
165 445 0.398342732 0.00132780911 2.6969697
165 445 0.398454637 0.00132818212 2.6969697
165 445 0.397625942 0.00132541981 2.6969697
165 445 0.398687375 0.00132895792 2.6969697
165 445 0.398575826 0.00132858609 2.6969697
164 440 0.387665003 0.00129221668 2.68292683
164 440 0.387587383 0.00129195794 2.68292683
164 440 0.387561221 0.00129187074 2.68292683
164 443 0.381786225 0.00127262075 2.70121951
164 440 0.387565108 0.00129188369 2.68292683
164 440 0.387045962 0.00129015321 2.68292683
164 440 0.387513298 0.00129171099 2.68292683
164 440 0.387260546 0.00129086849 2.68292683
164 440 0.387614597 0.00129204866 2.68292683
164 440 0.387121305 0.00129040435 2.68292683
163 433 0.37116825 0.0012372275 2.65644172
163 434 0.372621616 0.00124207205 2.66257669
163 434 0.372134042 0.00124044681 2.66257669
163 435 0.381470992 0.00127156997 2.66871166
163 435 0.38136651 0.0012712217 2.66871166
163 435 0.381341565 0.00127113855 2.66871166
163 435 0.381224674 0.00127074891 2.66871166
163 435 0.381232972 0.00127077657 2.66871166
163 435 0.380905341 0.00126968447 2.66871166
163 435 0.381456244 0.00127152081 2.66871166
162 431 0.366905297 0.00122301766 2.66049383
162 431 0.366841933 0.00122280644 2.66049383
162 433 0.373098626 0.00124366209 2.67283951
162 433 0.372538071 0.00124179357 2.67283951
162 433 0.373122994 0.00124374331 2.67283951
162 429 0.373633136 0.00124544379 2.64814815
162 429 0.373070468 0.00124356823 2.64814815
162 429 0.373265888 0.00124421963 2.64814815
162 429 0.373525188 0.00124508396 2.64814815
162 429 0.37289313 0.0012429771 2.64814815
161 425 0.355224456 0.00118408152 2.63975155
161 426 0.362940666 0.00120980222 2.64596273
161 426 0.362242051 0.0012074735 2.64596273
161 426 0.362865304 0.00120955101 2.64596273
161 426 0.362632934 0.00120877645 2.64596273
161 426 0.362680292 0.00120893431 2.64596273
161 426 0.362760526 0.00120920175 2.64596273
161 426 0.362341254 0.00120780418 2.64596273
161 426 0.362243738 0.00120747913 2.64596273
161 426 0.362514143 0.00120838048 2.64596273
160 422 0.345191898 0.00115063966 2.6375
160 420 0.348752888 0.00116250963 2.625
160 420 0.348353328 0.00116117776 2.625
160 420 0.349173526 0.00116391175 2.625
160 420 0.348687843 0.00116229281 2.625
160 420 0.349230338 0.00116410113 2.625
160 421 0.355164171 0.00118388057 2.63125
160 421 0.354972247 0.00118324082 2.63125
160 419 0.348482095 0.00116160698 2.61875
160 421 0.355105058 0.00118368353 2.63125
159 419 0.347394912 0.00115798304 2.63522013
159 419 0.347771257 0.00115923752 2.63522013
159 415 0.353445058 0.00117815019 2.61006289
159 415 0.353228768 0.00117742923 2.61006289
159 415 0.353687109 0.00117895703 2.61006289
159 415 0.353188416 0.00117729472 2.61006289
159 415 0.353615275 0.00117871758 2.61006289
159 415 0.353502573 0.00117834191 2.61006289
159 415 0.353586865 0.00117862288 2.61006289
159 415 0.353817644 0.00117939215 2.61006289
158 413 0.346123384 0.00115374461 2.61392405
158 413 0.346268147 0.00115422716 2.61392405
158 413 0.346232694 0.00115410898 2.61392405
158 413 0.345790613 0.00115263538 2.61392405
158 413 0.346370579 0.0011545686 2.61392405
158 413 0.34607871 0.0011535957 2.61392405
158 413 0.345768376 0.00115256125 2.61392405
158 413 0.34616574 0.0011538858 2.61392405
158 413 0.346169814 0.00115389938 2.61392405
158 413 0.346284262 0.00115428087 2.61392405
157 409 0.33141433 0.00110471443 2.60509554
157 407 0.332672097 0.00110890699 2.59235669
157 410 0.336567668 0.00112189223 2.61146497
157 409 0.328971598 0.00109657199 2.60509554
157 409 0.328520331 0.00109506777 2.60509554
157 409 0.328539457 0.00109513152 2.60509554
157 409 0.328356767 0.00109452256 2.60509554
157 409 0.328934279 0.0010964476 2.60509554
157 409 0.32840115 0.0010946705 2.60509554
157 409 0.328587966 0.00109529322 2.60509554
156 405 0.319275885 0.00106425295 2.59615385
156 405 0.318784258 0.00106261419 2.59615385
156 404 0.321489626 0.00107163209 2.58974359
156 404 0.321230921 0.00107076974 2.58974359
156 404 0.321254204 0.00107084735 2.58974359
156 404 0.321264608 0.00107088203 2.58974359
156 401 0.327327959 0.0010910932 2.57051282
156 401 0.327520054 0.00109173351 2.57051282
156 401 0.327061757 0.00109020586 2.57051282
156 401 0.327029984 0.00109009995 2.57051282
155 394 0.318935964 0.00106311988 2.54193548
155 394 0.318529432 0.00106176477 2.54193548
155 399 0.319189554 0.00106396518 2.57419355
155 399 0.318628082 0.00106209361 2.57419355
155 399 0.318786627 0.00106262209 2.57419355
155 399 0.319233149 0.0010641105 2.57419355
155 396 0.320126731 0.0010670891 2.55483871
155 396 0.320045613 0.00106681871 2.55483871
155 396 0.319883554 0.00106627851 2.55483871
155 396 0.320274344 0.00106758115 2.55483871
154 390 0.306184517 0.00102061506 2.53246753
154 390 0.307047284 0.00102349095 2.53246753
154 390 0.307089259 0.00102363086 2.53246753
154 390 0.30713532 0.0010237844 2.53246753
154 390 0.306931871 0.00102310624 2.53246753
154 390 0.307163971 0.0010238799 2.53246753
154 390 0.3069883 0.00102329433 2.53246753
154 392 0.309635182 0.00103211727 2.54545455
154 394 0.311480839 0.00103826946 2.55844156
154 394 0.311541188 0.00103847063 2.55844156
153 390 0.294607566 0.000982025222 2.54901961
153 391 0.294452292 0.000981507642 2.55555556
153 391 0.281390035 0.000937966783 2.55555556
153 391 0.294064829 0.000980216097 2.55555556
153 391 0.29426159 0.000980871967 2.55555556
153 390 0.289071588 0.00096357196 2.54901961
153 392 0.289068522 0.000963561738 2.5620915
153 392 0.288892868 0.000962976228 2.5620915
153 392 0.289232479 0.000964108264 2.5620915
153 392 0.289283603 0.000964278676 2.5620915
152 388 0.279540158 0.000931800527 2.55263158
152 388 0.279751835 0.000932506116 2.55263158
152 390 0.281579723 0.000938599076 2.56578947
152 390 0.281497116 0.000938323719 2.56578947
152 390 0.2815538 0.000938512668 2.56578947
152 390 0.281467573 0.000938225245 2.56578947
152 390 0.281609636 0.000938698786 2.56578947
152 390 0.281342471 0.000937808235 2.56578947
152 390 0.281293105 0.000937643685 2.56578947
152 387 0.28197606 0.000939920201 2.54605263
151 383 0.26720689 0.000890689634 2.53642384
151 383 0.26688 0.0008896 2.53642384
151 383 0.267688373 0.000892294578 2.53642384
151 381 0.273808177 0.000912693924 2.52317881
151 381 0.274140475 0.000913801584 2.52317881
151 381 0.27416363 0.000913878767 2.52317881
151 381 0.274623258 0.000915410861 2.52317881
151 383 0.275041928 0.000916806427 2.53642384
151 383 0.27513376 0.000917112533 2.53642384
151 381 0.28252895 0.000941763167 2.52317881
150 377 0.279447915 0.000931493049 2.51333333
150 377 0.279013542 0.000930045139 2.51333333
150 377 0.279819593 0.000932731978 2.51333333
150 377 0.279902557 0.000933008523 2.51333333
150 377 0.279792482 0.000932641608 2.51333333
150 377 0.279215253 0.00093071751 2.51333333
150 377 0.279527287 0.000931757624 2.51333333
150 377 0.279585507 0.00093195169 2.51333333
150 377 0.279239625 0.000930798751 2.51333333
150 377 0.279791571 0.00093263857 2.51333333
149 372 0.271904453 0.000906348176 2.4966443
149 372 0.272072857 0.000906909522 2.4966443
149 372 0.271956299 0.000906520997 2.4966443
149 372 0.2718958 0.000906319334 2.4966443
149 372 0.272032435 0.000906774783 2.4966443
149 376 0.271992681 0.000906642271 2.52348993
149 376 0.271083063 0.000903610211 2.52348993
149 376 0.272152703 0.000907175676 2.52348993
149 376 0.27153023 0.000905100768 2.52348993
149 376 0.272240095 0.000907466983 2.52348993
148 372 0.258974135 0.000863247115 2.51351351
148 370 0.262583999 0.000875279995 2.5
148 370 0.262664569 0.000875548562 2.5
148 370 0.26334607 0.000877820234 2.5
148 370 0.26325372 0.000877512401 2.5
148 374 0.264646086 0.000882153619 2.52702703
148 374 0.264823846 0.000882746153 2.52702703
148 374 0.264797687 0.000882658956 2.52702703
148 374 0.26452618 0.000881753934 2.52702703
148 374 0.264627046 0.000882090152 2.52702703
147 370 0.248716034 0.000829053446 2.5170068
146 365 0.238505111 0.000795017037 2.5
146 365 0.238864602 0.000796215338 2.5
146 364 0.239382945 0.000797943149 2.49315068
146 364 0.239312427 0.000797708089 2.49315068
146 364 0.239507811 0.000798359369 2.49315068
146 364 0.241067675 0.000803558917 2.49315068
146 364 0.240481164 0.000801603881 2.49315068
146 364 0.240535195 0.000801783984 2.49315068
146 364 0.240896237 0.000802987456 2.49315068
145 359 0.233161726 0.000777205753 2.47586207
145 359 0.233437212 0.000778124041 2.47586207
145 359 0.233013682 0.000776712274 2.47586207
145 359 0.233043303 0.000776811009 2.47586207
145 359 0.233507135 0.000778357117 2.47586207
145 359 0.233209469 0.000777364898 2.47586207
145 359 0.233316543 0.000777721811 2.47586207
145 359 0.233207869 0.000777359565 2.47586207
145 359 0.232975096 0.000776583652 2.47586207
145 359 0.233141951 0.000777139835 2.47586207
144 355 0.217086055 0.000723620184 2.46527778
144 357 0.219247556 0.000730825185 2.47916667
144 357 0.219618134 0.000732060446 2.47916667
144 357 0.219122373 0.000730407911 2.47916667
144 355 0.217445629 0.000724818763 2.46527778
144 358 0.219115217 0.000730384056 2.48611111
144 360 0.226384939 0.000754616463 2.5
144 360 0.225618433 0.000752061445 2.5
144 360 0.226033997 0.000753446657 2.5
144 360 0.225894382 0.000752981275 2.5
143 356 0.214965249 0.000716550829 2.48951049
143 355 0.218030003 0.000726766678 2.48251748
143 355 0.218114883 0.000727049609 2.48251748
143 355 0.218731981 0.000729106604 2.48251748
143 355 0.218918217 0.000729727389 2.48251748
143 355 0.218463438 0.00072821146 2.48251748
143 355 0.219056411 0.000730188036 2.48251748
143 355 0.21920093 0.000730669766 2.48251748
143 355 0.218769573 0.000729231911 2.48251748
143 355 0.218656835 0.000728856117 2.48251748
142 352 0.217572991 0.000725243302 2.47887324
142 352 0.217555025 0.000725183417 2.47887324
142 352 0.217253014 0.000724176714 2.47887324
142 352 0.2174651 0.000724883666 2.47887324
142 352 0.217394536 0.000724648453 2.47887324
142 352 0.217576389 0.000725254629 2.47887324
142 354 0.208174113 0.000693913711 2.49295775
142 354 0.207885788 0.000692952627 2.49295775
142 354 0.207496132 0.000691653775 2.49295775
142 354 0.207418598 0.000691395328 2.49295775
141 353 0.202669911 0.000675566369 2.5035461
141 353 0.203245648 0.000677485493 2.5035461
141 353 0.203323454 0.000677744848 2.5035461
141 353 0.203546674 0.000678488912 2.5035461
141 353 0.202420592 0.000674735308 2.5035461
141 353 0.203475174 0.00067825058 2.5035461
141 353 0.203364959 0.000677883197 2.5035461
141 353 0.202206983 0.000674023276 2.5035461
141 353 0.202597785 0.000675325949 2.5035461
141 353 0.202323392 0.000674411306 2.5035461
140 348 0.185107749 0.000617025831 2.48571429
140 351 0.182958208 0.000609860692 2.50714286
140 349 0.192430229 0.000641434096 2.49285714
140 349 0.192581595 0.000641938649 2.49285714
140 347 0.202977064 0.000676590212 2.47857143
140 347 0.202679687 0.000675598957 2.47857143
140 347 0.202796055 0.00067598685 2.47857143
140 347 0.202188923 0.000673963077 2.47857143
140 347 0.202902098 0.000676340326 2.47857143
140 347 0.202540194 0.00067513398 2.47857143
139 341 0.194796436 0.000649321453 2.45323741
SP does not find any fixed points -> SP does not converge.
I am sorry I quit :(
