START ALGORITHM:
I am going to build an instance with N: 300 variables and 1245 clauses with a clause density equal to 4.15
START BSP WITH r=0.9:
Decimation scorer: cert
END UNIT PROPAGATION
300 1245 2.66679984 0.00888933279 4.15
300 1245 2.66730897 0.00889102989 4.15
300 1245 2.66693734 0.00888979114 4.15
300 1245 2.6671896 0.00889063199 4.15
300 1245 2.6670065 0.00889002166 4.15
300 1245 2.66708511 0.0088902837 4.15
300 1245 2.66700019 0.00889000064 4.15
300 1245 2.66702737 0.00889009125 4.15
300 1245 2.6670534 0.00889017801 4.15
299 1236 2.66255968 0.00887519893 4.13377926
299 1236 2.66256949 0.00887523162 4.13377926
299 1236 2.66257677 0.0088752559 4.13377926
299 1236 2.66253248 0.00887510828 4.13377926
299 1236 2.66256799 0.00887522664 4.13377926
299 1236 2.66257435 0.00887524782 4.13377926
299 1236 2.6626105 0.00887536834 4.13377926
299 1236 2.66263697 0.00887545655 4.13377926
299 1236 2.66249278 0.00887497592 4.13377926
299 1236 2.66268617 0.00887562056 4.13377926
298 1221 2.64668341 0.00882227802 4.09731544
298 1224 2.64899113 0.00882997043 4.10738255
298 1229 2.64855159 0.00882850528 4.12416107
298 1229 2.64855395 0.00882851317 4.12416107
298 1233 2.65528052 0.00885093507 4.13758389
298 1233 2.65540174 0.00885133915 4.13758389
298 1232 2.66262773 0.00887542575 4.13422819
298 1232 2.66255627 0.00887518756 4.13422819
298 1232 2.66258603 0.00887528675 4.13422819
298 1232 2.66269176 0.00887563921 4.13422819
297 1222 2.64795547 0.00882651823 4.11447811
297 1222 2.64790734 0.0088263578 4.11447811
297 1226 2.6517966 0.00883932199 4.12794613
297 1226 2.65173827 0.00883912757 4.12794613
297 1226 2.65171113 0.00883903709 4.12794613
297 1222 2.65525992 0.0088508664 4.11447811
297 1222 2.65522354 0.00885074513 4.11447811
297 1222 2.65530729 0.0088510243 4.11447811
297 1222 2.65529805 0.00885099352 4.11447811
297 1222 2.65506286 0.00885020954 4.11447811
296 1219 2.64787786 0.00882625952 4.11824324
296 1219 2.64803105 0.00882677016 4.11824324
296 1219 2.64792215 0.00882640718 4.11824324
296 1219 2.64801715 0.00882672384 4.11824324
296 1219 2.64805768 0.00882685893 4.11824324
296 1219 2.64801392 0.00882671307 4.11824324
296 1219 2.64805069 0.00882683564 4.11824324
296 1219 2.64796106 0.00882653686 4.11824324
296 1219 2.64800173 0.00882667244 4.11824324
296 1219 2.64806504 0.00882688347 4.11824324
295 1209 2.63358668 0.00877862225 4.09830508
295 1211 2.63803186 0.00879343955 4.10508475
295 1211 2.63793007 0.00879310025 4.10508475
295 1214 2.63322597 0.0087774199 4.11525424
295 1214 2.63342453 0.00877808178 4.11525424
295 1209 2.63794078 0.00879313593 4.09830508
295 1209 2.63806245 0.00879354149 4.09830508
295 1209 2.63803642 0.00879345472 4.09830508
295 1209 2.63811894 0.00879372979 4.09830508
295 1209 2.6380379 0.00879345967 4.09830508
294 1199 2.62355194 0.00874517313 4.07823129
294 1206 2.6307832 0.00876927732 4.10204082
294 1206 2.63104427 0.00877014757 4.10204082
294 1206 2.63097852 0.00876992841 4.10204082
294 1206 2.63100619 0.00877002064 4.10204082
294 1206 2.63063604 0.00876878679 4.10204082
294 1206 2.63085872 0.00876952908 4.10204082
294 1206 2.63092454 0.00876974846 4.10204082
294 1206 2.63060355 0.00876867849 4.10204082
294 1206 2.63094907 0.00876983025 4.10204082
293 1196 2.61640641 0.00872135469 4.08191126
293 1196 2.61630739 0.00872102463 4.08191126
293 1196 2.61641725 0.00872139084 4.08191126
293 1200 2.62068564 0.00873561881 4.09556314
293 1200 2.62068269 0.00873560896 4.09556314
293 1200 2.62053153 0.00873510511 4.09556314
293 1200 2.62028886 0.00873429619 4.09556314
293 1200 2.6205591 0.008735197 4.09556314
293 1200 2.62053643 0.00873512145 4.09556314
293 1200 2.62036444 0.00873454812 4.09556314
292 1189 2.61076273 0.00870254245 4.07191781
292 1189 2.61084117 0.00870280391 4.07191781
292 1189 2.61071979 0.0087023993 4.07191781
292 1189 2.61078934 0.00870263113 4.07191781
292 1189 2.61091654 0.00870305514 4.07191781
292 1189 2.61067025 0.00870223417 4.07191781
292 1189 2.61084551 0.00870281837 4.07191781
292 1189 2.61079038 0.00870263462 4.07191781
292 1189 2.61092729 0.00870309098 4.07191781
292 1189 2.61081558 0.00870271861 4.07191781
291 1180 2.59191962 0.00863973207 4.05498282
291 1182 2.59779347 0.00865931157 4.06185567
291 1182 2.59760588 0.00865868626 4.06185567
291 1177 2.59827538 0.00866091792 4.04467354
291 1177 2.59834722 0.0086611574 4.04467354
291 1177 2.59817179 0.00866057265 4.04467354
291 1177 2.59814832 0.00866049442 4.04467354
291 1177 2.59836248 0.00866120825 4.04467354
291 1177 2.59826558 0.00866088528 4.04467354
291 1177 2.598275 0.00866091667 4.04467354
290 1170 2.5855918 0.00861863935 4.03448276
290 1170 2.5856706 0.00861890202 4.03448276
290 1170 2.58566817 0.00861889389 4.03448276
290 1170 2.58550768 0.00861835894 4.03448276
290 1170 2.58552869 0.00861842897 4.03448276
290 1170 2.58547151 0.00861823837 4.03448276
290 1170 2.58527722 0.00861759072 4.03448276
290 1170 2.58549257 0.00861830855 4.03448276
290 1170 2.58555122 0.00861850408 4.03448276
290 1170 2.58550871 0.00861836237 4.03448276
289 1161 2.57189744 0.00857299146 4.01730104
289 1155 2.57281402 0.00857604675 3.99653979
289 1155 2.57259289 0.00857530962 3.99653979
289 1162 2.57205333 0.00857351109 4.02076125
289 1162 2.57236075 0.00857453583 4.02076125
289 1162 2.57242507 0.00857475024 4.02076125
289 1162 2.57246722 0.00857489074 4.02076125
289 1162 2.57250523 0.00857501742 4.02076125
289 1162 2.57260356 0.00857534519 4.02076125
289 1162 2.57235031 0.00857450102 4.02076125
288 1155 2.55993114 0.00853310379 4.01041667
288 1147 2.56067057 0.00853556856 3.98263889
288 1147 2.56050818 0.00853502727 3.98263889
288 1147 2.56047958 0.00853493193 3.98263889
288 1148 2.55969043 0.00853230142 3.98611111
288 1148 2.55958419 0.00853194729 3.98611111
288 1148 2.5594662 0.00853155399 3.98611111
288 1148 2.55968511 0.00853228369 3.98611111
288 1148 2.55981905 0.00853273017 3.98611111
288 1148 2.5597798 0.00853259935 3.98611111
287 1135 2.53624518 0.00845415062 3.95470383
287 1139 2.53850888 0.00846169625 3.96864111
287 1144 2.5469278 0.00848975935 3.98606272
287 1144 2.54653475 0.00848844916 3.98606272
287 1144 2.54675132 0.00848917105 3.98606272
287 1144 2.54659819 0.00848866062 3.98606272
287 1144 2.54643228 0.0084881076 3.98606272
287 1144 2.54658574 0.00848861913 3.98606272
287 1141 2.54790187 0.00849300625 3.97560976
287 1141 2.54781969 0.00849273229 3.97560976
286 1137 2.53460852 0.00844869507 3.97552448
286 1137 2.5348214 0.00844940465 3.97552448
286 1134 2.53592142 0.00845307139 3.96503497
286 1129 2.53362094 0.00844540312 3.94755245
286 1129 2.53347717 0.00844492391 3.94755245
286 1129 2.53378941 0.00844596469 3.94755245
286 1129 2.53356447 0.00844521491 3.94755245
286 1129 2.53352122 0.00844507074 3.94755245
286 1129 2.53359899 0.00844532997 3.94755245
286 1129 2.5333733 0.00844457766 3.94755245
285 1120 2.52141511 0.00840471704 3.92982456
285 1120 2.52120054 0.00840400181 3.92982456
285 1120 2.52121301 0.00840404338 3.92982456
285 1124 2.52354937 0.00841183124 3.94385965
285 1124 2.52346569 0.00841155229 3.94385965
285 1125 2.52316441 0.00841054802 3.94736842
285 1125 2.52352322 0.00841174405 3.94736842
285 1125 2.52352256 0.00841174187 3.94736842
285 1125 2.52307957 0.00841026523 3.94736842
285 1125 2.52314277 0.00841047591 3.94736842
284 1113 2.50269115 0.00834230382 3.91901408
284 1113 2.50211137 0.00834037124 3.91901408
284 1116 2.50269232 0.00834230773 3.92957746
284 1112 2.51147656 0.00837158854 3.91549296
284 1112 2.51140453 0.00837134842 3.91549296
284 1112 2.51141201 0.00837137335 3.91549296
284 1112 2.51145892 0.00837152972 3.91549296
284 1112 2.51158768 0.00837195894 3.91549296
284 1112 2.511503 0.00837167666 3.91549296
284 1112 2.51118596 0.00837061986 3.91549296
283 1103 2.49625559 0.00832085198 3.8975265
283 1101 2.49879593 0.00832931976 3.89045936
283 1101 2.49864718 0.00832882395 3.89045936
283 1101 2.49850027 0.00832833424 3.89045936
283 1101 2.49858841 0.00832862803 3.89045936
283 1101 2.4985713 0.008328571 3.89045936
283 1101 2.49861165 0.00832870549 3.89045936
283 1101 2.49846967 0.00832823225 3.89045936
283 1101 2.49884784 0.0083294928 3.89045936
283 1101 2.49852945 0.00832843149 3.89045936
282 1090 2.47775315 0.00825917716 3.86524823
282 1096 2.47679776 0.00825599252 3.88652482
282 1092 2.48306124 0.00827687082 3.87234043
282 1092 2.48283092 0.00827610308 3.87234043
282 1092 2.48302302 0.00827674341 3.87234043
282 1092 2.48318661 0.00827728871 3.87234043
282 1092 2.48350574 0.00827835247 3.87234043
282 1092 2.48326368 0.0082775456 3.87234043
282 1092 2.48284776 0.00827615919 3.87234043
282 1099 2.48384512 0.00827948375 3.89716312
281 1091 2.46808811 0.00822696038 3.88256228
281 1091 2.46790861 0.00822636202 3.88256228
281 1091 2.46807838 0.00822692793 3.88256228
281 1091 2.46805416 0.0082268472 3.88256228
281 1091 2.46785954 0.00822619848 3.88256228
281 1094 2.46447515 0.00821491718 3.89323843
281 1094 2.46433672 0.00821445573 3.89323843
281 1094 2.46434204 0.00821447346 3.89323843
281 1094 2.46436054 0.00821453513 3.89323843
281 1094 2.46443829 0.00821479431 3.89323843
280 1086 2.44447951 0.00814826504 3.87857143
280 1082 2.45155604 0.00817185348 3.86428571
280 1082 2.45129257 0.00817097522 3.86428571
280 1082 2.45129463 0.00817098211 3.86428571
280 1082 2.45131884 0.00817106279 3.86428571
280 1082 2.45127428 0.00817091428 3.86428571
280 1082 2.45149041 0.00817163469 3.86428571
280 1079 2.45478639 0.00818262131 3.85357143
280 1079 2.45495068 0.00818316893 3.85357143
280 1080 2.45909967 0.00819699891 3.85714286
279 1075 2.44155031 0.00813850103 3.85304659
279 1075 2.44452901 0.00814843002 3.85304659
279 1075 2.44448544 0.00814828479 3.85304659
279 1075 2.44422253 0.00814740844 3.85304659
279 1075 2.44460691 0.00814868969 3.85304659
279 1075 2.44441814 0.00814806048 3.85304659
279 1075 2.44450165 0.00814833884 3.85304659
279 1075 2.44463477 0.00814878257 3.85304659
279 1075 2.44417537 0.00814725122 3.85304659
279 1075 2.44403679 0.00814678929 3.85304659
278 1070 2.42747588 0.00809158626 3.84892086
278 1063 2.43186777 0.0081062259 3.82374101
278 1063 2.43181103 0.00810603676 3.82374101
278 1063 2.43158989 0.00810529963 3.82374101
278 1063 2.4316396 0.00810546532 3.82374101
278 1063 2.43168051 0.00810560171 3.82374101
278 1063 2.4316716 0.00810557201 3.82374101
278 1063 2.43167743 0.00810559144 3.82374101
278 1063 2.43173824 0.00810579413 3.82374101
278 1063 2.43164174 0.00810547246 3.82374101
277 1058 2.41518101 0.00805060336 3.81949458
277 1058 2.41481114 0.00804937048 3.81949458
277 1058 2.41495057 0.00804983522 3.81949458
277 1058 2.41529971 0.00805099904 3.81949458
277 1058 2.41560078 0.00805200259 3.81949458
277 1058 2.41495581 0.00804985271 3.81949458
277 1058 2.41514861 0.00805049536 3.81949458
277 1058 2.41492326 0.00804974421 3.81949458
277 1058 2.41514856 0.00805049519 3.81949458
277 1053 2.4153526 0.00805117535 3.80144404
276 1046 2.39591956 0.00798639853 3.78985507
276 1046 2.39578317 0.00798594391 3.78985507
276 1049 2.3966237 0.00798874568 3.80072464
276 1049 2.39664998 0.00798883326 3.80072464
276 1048 2.39961656 0.00799872186 3.79710145
276 1048 2.39994282 0.00799980941 3.79710145
276 1048 2.39970873 0.0079990291 3.79710145
276 1048 2.39983795 0.00799945984 3.79710145
276 1048 2.39985066 0.00799950219 3.79710145
276 1048 2.39965845 0.00799886151 3.79710145
275 1041 2.37836645 0.00792788816 3.78545455
275 1040 2.37974182 0.00793247273 3.78181818
275 1042 2.38134593 0.00793781978 3.78909091
275 1042 2.38125463 0.00793751542 3.78909091
275 1042 2.38087943 0.00793626475 3.78909091
275 1044 2.382461 0.00794153668 3.79636364
275 1044 2.38235108 0.00794117028 3.79636364
275 1044 2.38253749 0.00794179162 3.79636364
275 1044 2.38232897 0.00794109658 3.79636364
275 1044 2.38178773 0.00793929243 3.79636364
274 1037 2.35825675 0.00786085584 3.78467153
274 1037 2.35843225 0.00786144084 3.78467153
274 1037 2.36303512 0.00787678373 3.78467153
274 1035 2.36226457 0.00787421524 3.77737226
274 1035 2.36185993 0.00787286642 3.77737226
274 1035 2.36183573 0.00787278578 3.77737226
274 1035 2.36214314 0.00787381046 3.77737226
274 1037 2.36533602 0.00788445341 3.78467153
274 1036 2.36958808 0.00789862694 3.7810219
274 1036 2.36959434 0.00789864779 3.7810219
273 1028 2.34907153 0.00783023844 3.76556777
273 1028 2.34949294 0.00783164314 3.76556777
273 1028 2.34899076 0.00782996921 3.76556777
273 1028 2.3489212 0.00782973732 3.76556777
273 1028 2.34937223 0.00783124077 3.76556777
273 1029 2.35260539 0.00784201797 3.76923077
273 1030 2.35372976 0.00784576587 3.77289377
273 1030 2.35392804 0.00784642679 3.77289377
273 1030 2.35388908 0.00784629693 3.77289377
273 1030 2.35389733 0.00784632443 3.77289377
272 1019 2.32933265 0.00776444215 3.74632353
272 1023 2.33554864 0.00778516213 3.76102941
271 1012 2.32466528 0.00774888426 3.73431734
271 1012 2.32441785 0.0077480595 3.73431734
271 1009 2.32415898 0.00774719659 3.72324723
271 1010 2.3119204 0.00770640134 3.72693727
271 1010 2.31189462 0.00770631542 3.72693727
271 1010 2.31182362 0.00770607872 3.72693727
271 1010 2.31166246 0.00770554152 3.72693727
271 1011 2.32512635 0.00775042117 3.73062731
270 1003 2.306461 0.00768820332 3.71481481
270 1002 2.30675725 0.00768919084 3.71111111
270 1005 2.31180028 0.00770600094 3.72222222
270 1005 2.31212878 0.00770709592 3.72222222
270 1005 2.31175414 0.00770584714 3.72222222
270 1005 2.31216753 0.00770722509 3.72222222
270 1005 2.31217124 0.00770723747 3.72222222
270 1005 2.3117693 0.00770589767 3.72222222
270 1000 2.30874385 0.00769581282 3.7037037
270 1000 2.30852146 0.00769507153 3.7037037
269 992 2.28088328 0.00760294426 3.68773234
269 993 2.28662918 0.00762209727 3.69144981
269 990 2.29041433 0.00763471445 3.6802974
269 990 2.29048203 0.00763494011 3.6802974
269 990 2.29053321 0.0076351107 3.6802974
269 990 2.29041604 0.00763472012 3.6802974
269 995 2.29773337 0.00765911124 3.69888476
269 995 2.29780934 0.00765936445 3.69888476
269 995 2.29773472 0.00765911572 3.69888476
269 995 2.29735375 0.00765784582 3.69888476
268 987 2.27971735 0.00759905782 3.68283582
268 987 2.2796227 0.00759874234 3.68283582
268 987 2.28014335 0.00760047782 3.68283582
268 987 2.27995667 0.00759985558 3.68283582
268 987 2.27957682 0.0075985894 3.68283582
268 987 2.28011763 0.0076003921 3.68283582
268 986 2.27995106 0.00759983687 3.67910448
268 986 2.27980419 0.00759934729 3.67910448
268 986 2.27986544 0.00759955147 3.67910448
268 986 2.27986544 0.00759955147 3.67910448
267 978 2.26073393 0.00753577977 3.66292135
267 978 2.2606058 0.00753535266 3.66292135
267 978 2.26216018 0.00754053392 3.66292135
267 978 2.26204724 0.00754015746 3.66292135
267 978 2.26201248 0.00754004159 3.66292135
267 980 2.25217564 0.00750725214 3.67041199
267 986 2.26798062 0.0075599354 3.6928839
267 986 2.26770585 0.0075590195 3.6928839
267 986 2.2683173 0.00756105766 3.6928839
267 986 2.26823022 0.00756076739 3.6928839
266 977 2.25067822 0.00750226072 3.67293233
266 977 2.25090476 0.00750301586 3.67293233
266 977 2.25042534 0.0075014178 3.67293233
266 977 2.25063462 0.0075021154 3.67293233
266 977 2.25081536 0.00750271788 3.67293233
266 977 2.25046047 0.00750153491 3.67293233
266 977 2.25064429 0.00750214764 3.67293233
266 977 2.25096312 0.00750321039 3.67293233
266 977 2.25096049 0.00750320164 3.67293233
266 978 2.2524074 0.00750802467 3.67669173
265 968 2.23814961 0.00746049869 3.65283019
265 968 2.2380774 0.007460258 3.65283019
265 968 2.23784759 0.00745949195 3.65283019
265 968 2.23822019 0.00746073397 3.65283019
265 968 2.23815434 0.00746051447 3.65283019
265 968 2.23800041 0.00746000136 3.65283019
265 968 2.23809497 0.00746031656 3.65283019
265 968 2.23752286 0.00745840954 3.65283019
265 968 2.23786413 0.00745954711 3.65283019
265 968 2.23737439 0.00745791464 3.65283019
264 960 2.2108263 0.00736942099 3.63636364
264 959 2.22093724 0.00740312413 3.63257576
264 959 2.22075916 0.00740253054 3.63257576
264 959 2.22046634 0.00740155448 3.63257576
264 959 2.22052457 0.00740174855 3.63257576
264 959 2.2207979 0.00740265966 3.63257576
264 959 2.22062811 0.00740209371 3.63257576
264 959 2.2205468 0.00740182267 3.63257576
264 959 2.22055007 0.00740183357 3.63257576
264 959 2.22055891 0.00740186302 3.63257576
263 955 2.19511403 0.00731704676 3.63117871
263 955 2.19502326 0.0073167442 3.63117871
263 952 2.19971151 0.00733237171 3.61977186
263 952 2.19977203 0.00733257342 3.61977186
263 952 2.19948109 0.00733160364 3.61977186
263 952 2.19960959 0.00733203197 3.61977186
263 952 2.19976119 0.00733253729 3.61977186
263 952 2.19955157 0.00733183858 3.61977186
263 952 2.19974222 0.00733247405 3.61977186
263 952 2.19974921 0.00733249737 3.61977186
262 947 2.1738585 0.00724619499 3.61450382
262 943 2.17616365 0.00725387884 3.59923664
262 944 2.18178682 0.00727262273 3.60305344
262 944 2.18171522 0.00727238406 3.60305344
262 944 2.18161859 0.00727206198 3.60305344
262 944 2.1818371 0.00727279035 3.60305344
262 944 2.18157201 0.00727190671 3.60305344
262 944 2.18160373 0.00727201245 3.60305344
262 944 2.181988 0.00727329334 3.60305344
261 936 2.17260775 0.00724202582 3.5862069
260 928 2.15200678 0.00717335593 3.56923077
260 928 2.1521377 0.00717379233 3.56923077
260 928 2.15213344 0.00717377815 3.56923077
260 928 2.15213538 0.00717378461 3.56923077
260 928 2.1520435 0.00717347834 3.56923077
260 928 2.15225712 0.00717419041 3.56923077
260 928 2.1521354 0.00717378466 3.56923077
260 928 2.15268963 0.00717563209 3.56923077
260 928 2.15211275 0.00717370916 3.56923077
260 928 2.15251307 0.00717504358 3.56923077
259 920 2.12502852 0.00708342841 3.55212355
259 920 2.12502365 0.00708341215 3.55212355
259 921 2.13099052 0.00710330173 3.55598456
259 921 2.13112423 0.00710374745 3.55598456
259 921 2.13074774 0.00710249246 3.55598456
259 921 2.13085065 0.0071028355 3.55598456
259 921 2.13103117 0.00710343724 3.55598456
259 921 2.13074256 0.0071024752 3.55598456
259 921 2.13112305 0.00710374351 3.55598456
259 921 2.13091937 0.00710306456 3.55598456
258 917 2.10948254 0.00703160845 3.55426357
258 917 2.10962655 0.0070320885 3.55426357
258 917 2.10996796 0.00703322653 3.55426357
258 917 2.1101175 0.00703372499 3.55426357
258 917 2.10968243 0.00703227477 3.55426357
258 917 2.10932637 0.00703108791 3.55426357
258 917 2.10980867 0.00703269557 3.55426357
258 917 2.1099018 0.007033006 3.55426357
258 917 2.10944152 0.00703147174 3.55426357
258 917 2.10983737 0.00703279123 3.55426357
257 909 2.08295975 0.00694319918 3.53696498
257 909 2.08318797 0.00694395989 3.53696498
257 909 2.08266424 0.00694221415 3.53696498
257 909 2.08281657 0.00694272189 3.53696498
257 912 2.08428791 0.00694762637 3.54863813
257 914 2.08636309 0.00695454364 3.55642023
257 914 2.08626405 0.00695421349 3.55642023
257 914 2.08639531 0.00695465102 3.55642023
257 908 2.08762655 0.00695875516 3.53307393
257 908 2.08713285 0.00695710952 3.53307393
256 903 2.05866205 0.00686220684 3.52734375
256 906 2.06031125 0.00686770416 3.5390625
256 903 2.0613192 0.00687106402 3.52734375
256 903 2.06104393 0.00687014642 3.52734375
256 905 2.06384884 0.00687949615 3.53515625
256 905 2.06410064 0.00688033546 3.53515625
256 905 2.06398019 0.00687993395 3.53515625
256 905 2.06384333 0.00687947777 3.53515625
256 905 2.06394371 0.00687981237 3.53515625
256 905 2.0639602 0.00687986734 3.53515625
255 897 2.04025436 0.00680084785 3.51764706
255 897 2.04005346 0.00680017819 3.51764706
255 897 2.03972683 0.00679908942 3.51764706
255 897 2.0401902 0.00680063398 3.51764706
255 897 2.04012031 0.00680040104 3.51764706
255 901 2.0411211 0.00680373699 3.53333333
255 902 2.03766136 0.00679220455 3.5372549
255 902 2.03752112 0.00679173708 3.5372549
255 902 2.0378702 0.00679290066 3.5372549
255 902 2.03736604 0.00679122012 3.5372549
254 898 2.0166566 0.00672218867 3.53543307
254 898 2.01684829 0.00672282763 3.53543307
254 895 2.01890884 0.00672969614 3.52362205
254 895 2.01915621 0.00673052069 3.52362205
254 898 2.01873701 0.00672912336 3.53543307
254 898 2.01852177 0.00672840589 3.53543307
254 898 2.01843837 0.0067281279 3.53543307
254 898 2.01890369 0.00672967896 3.53543307
254 896 2.01863708 0.00672879025 3.52755906
254 896 2.01826785 0.0067275595 3.52755906
253 887 1.99553688 0.0066517896 3.50592885
253 887 1.99549137 0.0066516379 3.50592885
253 887 1.99522031 0.00665073437 3.50592885
253 887 1.99526206 0.00665087352 3.50592885
253 887 1.99565052 0.00665216839 3.50592885
253 887 1.995979 0.00665326335 3.50592885
253 887 1.99556705 0.00665189017 3.50592885
253 888 1.99217574 0.0066405858 3.50988142
253 888 1.992478 0.00664159335 3.50988142
253 888 1.99221761 0.00664072538 3.50988142
252 877 1.96020886 0.00653402952 3.48015873
252 883 1.96431976 0.00654773255 3.50396825
252 879 1.97236089 0.0065745363 3.48809524
252 879 1.97270955 0.00657569849 3.48809524
251 867 1.96355499 0.0065451833 3.45418327
251 867 1.96386607 0.00654622024 3.45418327
251 867 1.963755 0.00654584998 3.45418327
251 867 1.96374817 0.00654582723 3.45418327
251 864 1.9486975 0.00649565834 3.44223108
251 864 1.94881916 0.00649606386 3.44223108
250 859 1.92413914 0.00641379712 3.436
250 861 1.92598786 0.00641995955 3.444
250 861 1.94172175 0.00647240584 3.444
250 861 1.94229358 0.00647431192 3.444
250 861 1.9419372 0.00647312401 3.444
250 861 1.94194061 0.00647313536 3.444
250 861 1.94220437 0.00647401455 3.444
250 861 1.94198224 0.00647327415 3.444
250 861 1.94181571 0.00647271903 3.444
250 861 1.94204605 0.00647348685 3.444
249 856 1.91444659 0.00638148862 3.437751
249 856 1.91908826 0.00639696088 3.437751
249 856 1.91883296 0.00639610987 3.437751
249 856 1.91883995 0.00639613318 3.437751
249 856 1.91875574 0.00639585248 3.437751
249 856 1.91881507 0.00639605022 3.437751
249 856 1.91885971 0.00639619902 3.437751
249 856 1.9188578 0.00639619266 3.437751
249 856 1.91881611 0.00639605372 3.437751
249 856 1.91893133 0.00639643776 3.437751
248 849 1.88002342 0.00626674472 3.4233871
248 849 1.87889594 0.00626298645 3.4233871
248 851 1.89397737 0.00631325789 3.43145161
248 853 1.89700066 0.00632333554 3.43951613
248 853 1.89719523 0.00632398411 3.43951613
248 853 1.89670071 0.00632233569 3.43951613
248 859 1.91113325 0.00637044418 3.46370968
248 859 1.91094114 0.00636980379 3.46370968
248 859 1.91075758 0.00636919193 3.46370968
248 859 1.91092242 0.00636974141 3.46370968
247 858 1.88787679 0.00629292265 3.47368421
247 858 1.88764091 0.00629213637 3.47368421
247 854 1.88667242 0.00628890806 3.45748988
247 854 1.88655249 0.00628850832 3.45748988
247 854 1.88695502 0.00628985008 3.45748988
247 854 1.88680468 0.00628934893 3.45748988
247 854 1.88670341 0.00628901137 3.45748988
247 854 1.88710086 0.00629033621 3.45748988
247 851 1.88913413 0.00629711376 3.44534413
247 851 1.88952995 0.00629843316 3.44534413
246 850 1.86591891 0.00621972968 3.45528455
246 850 1.86614545 0.00622048484 3.45528455
246 850 1.86630824 0.00622102746 3.45528455
246 846 1.8650914 0.00621697132 3.43902439
246 850 1.86604881 0.00622016269 3.45528455
246 850 1.86517124 0.00621723745 3.45528455
246 850 1.86614465 0.00622048218 3.45528455
246 850 1.86600161 0.00622000536 3.45528455
246 850 1.86576098 0.00621920326 3.45528455
246 850 1.86531697 0.00621772322 3.45528455
245 845 1.84376944 0.00614589812 3.44897959
245 845 1.84427292 0.0061475764 3.44897959
245 845 1.84428914 0.00614763047 3.44897959
245 845 1.84361587 0.00614538625 3.44897959
245 845 1.8444465 0.00614815499 3.44897959
245 845 1.84404136 0.00614680455 3.44897959
245 848 1.84508567 0.00615028558 3.46122449
245 848 1.84528842 0.00615096141 3.46122449
245 848 1.84517105 0.00615057016 3.46122449
245 848 1.84534275 0.0061511425 3.46122449
244 843 1.82238648 0.0060746216 3.45491803
244 843 1.82185291 0.00607284304 3.45491803
244 840 1.82330834 0.00607769447 3.44262295
244 840 1.82334298 0.00607780992 3.44262295
244 843 1.8222046 0.00607401533 3.45491803
244 841 1.81626686 0.00605422286 3.44672131
244 841 1.81599577 0.00605331924 3.44672131
244 841 1.81696735 0.00605655784 3.44672131
244 841 1.81572146 0.00605240487 3.44672131
244 841 1.81509322 0.00605031072 3.44672131
243 836 1.8020326 0.00600677532 3.44032922
243 838 1.78769847 0.0059589949 3.44855967
243 836 1.79944994 0.00599816648 3.44032922
243 836 1.79954968 0.00599849892 3.44032922
243 837 1.80364857 0.00601216189 3.44444444
243 833 1.80766641 0.0060255547 3.42798354
243 833 1.80756024 0.00602520079 3.42798354
243 833 1.80786137 0.00602620458 3.42798354
243 833 1.80758595 0.00602528649 3.42798354
242 827 1.78780002 0.00595933341 3.41735537
241 822 1.75755714 0.00585852381 3.41078838
241 822 1.7519498 0.00583983266 3.41078838
240 815 1.7456476 0.00581882534 3.39583333
240 818 1.73947564 0.00579825212 3.40833333
240 818 1.74543205 0.00581810683 3.40833333
240 818 1.74575534 0.00581918448 3.40833333
239 810 1.72593852 0.00575312839 3.38912134
239 813 1.72469874 0.00574899582 3.40167364
239 813 1.72472989 0.00574909963 3.40167364
239 813 1.7247768 0.00574925599 3.40167364
238 809 1.70971707 0.00569905691 3.39915966
238 809 1.70866089 0.0056955363 3.39915966
238 809 1.70956134 0.00569853779 3.39915966
238 809 1.70985929 0.00569953098 3.39915966
238 809 1.70999074 0.00569996913 3.39915966
238 809 1.7093886 0.00569796199 3.39915966
238 809 1.70936627 0.00569788756 3.39915966
238 809 1.70886883 0.00569622944 3.39915966
238 809 1.70922159 0.00569740529 3.39915966
238 809 1.70989299 0.00569964331 3.39915966
237 802 1.68068299 0.00560227664 3.38396624
237 802 1.68079373 0.00560264575 3.38396624
237 805 1.68660192 0.00562200641 3.39662447
237 805 1.68646134 0.0056215378 3.39662447
237 804 1.68726397 0.00562421324 3.39240506
237 804 1.68668159 0.00562227196 3.39240506
237 804 1.68689977 0.00562299923 3.39240506
237 804 1.68697903 0.00562326342 3.39240506
237 804 1.68773085 0.00562576949 3.39240506
237 801 1.69135572 0.00563785239 3.37974684
236 797 1.65339244 0.00551130814 3.37711864
236 797 1.63612274 0.00545374246 3.37711864
236 794 1.66256485 0.00554188283 3.36440678
236 794 1.66301964 0.00554339881 3.36440678
236 794 1.66320458 0.00554401526 3.36440678
236 794 1.66294335 0.00554314448 3.36440678
236 794 1.66251404 0.00554171348 3.36440678
236 794 1.66273659 0.00554245529 3.36440678
236 794 1.66282101 0.00554273669 3.36440678
236 794 1.66247444 0.00554158147 3.36440678
235 783 1.62833838 0.0054277946 3.33191489
235 790 1.62423638 0.00541412127 3.36170213
235 789 1.64211816 0.00547372719 3.35744681
235 789 1.64148387 0.00547161291 3.35744681
235 792 1.64955374 0.00549851247 3.37021277
235 792 1.64928714 0.00549762379 3.37021277
234 784 1.62914508 0.00543048359 3.35042735
234 784 1.6292656 0.00543088532 3.35042735
234 784 1.62905399 0.00543017997 3.35042735
234 784 1.62936941 0.00543123135 3.35042735
233 780 1.58973707 0.00529912357 3.34763948
233 779 1.59699736 0.00532332455 3.34334764
233 779 1.59754894 0.00532516313 3.34334764
233 778 1.60558445 0.00535194816 3.33905579
232 771 1.60066442 0.00533554806 3.32327586
232 771 1.60072829 0.00533576098 3.32327586
232 771 1.60017632 0.00533392107 3.32327586
232 771 1.60103264 0.00533677545 3.32327586
232 771 1.60071835 0.00533572784 3.32327586
232 771 1.60055605 0.00533518683 3.32327586
231 761 1.56155343 0.00520517809 3.29437229
231 766 1.56893713 0.00522979042 3.31601732
231 766 1.56843315 0.0052281105 3.31601732
231 761 1.57088802 0.00523629338 3.29437229
231 761 1.57082876 0.00523609588 3.29437229
231 767 1.57354541 0.00524515137 3.32034632
231 767 1.57374661 0.00524582205 3.32034632
231 766 1.57258612 0.00524195375 3.31601732
231 767 1.58870415 0.00529568049 3.32034632
231 767 1.58886664 0.00529622213 3.32034632
230 762 1.56810946 0.00522703154 3.31304348
230 762 1.56817916 0.00522726385 3.31304348
230 762 1.56860894 0.00522869648 3.31304348
230 762 1.56842587 0.00522808625 3.31304348
230 762 1.5685425 0.005228475 3.31304348
230 762 1.56852168 0.00522840559 3.31304348
230 762 1.56849925 0.00522833085 3.31304348
230 762 1.5684786 0.00522826199 3.31304348
230 762 1.56813625 0.00522712083 3.31304348
230 762 1.56849834 0.00522832778 3.31304348
229 755 1.53892502 0.00512975006 3.29694323
229 755 1.53858653 0.00512862175 3.29694323
229 756 1.54008642 0.0051336214 3.30131004
229 756 1.54002651 0.00513342171 3.30131004
229 756 1.54030334 0.00513434447 3.30131004
229 756 1.53978013 0.00513260044 3.30131004
229 756 1.5398287 0.00513276234 3.30131004
229 758 1.54213883 0.00514046276 3.31004367
229 758 1.54154699 0.00513848996 3.31004367
229 758 1.54123707 0.00513745692 3.31004367
228 754 1.50364786 0.00501215954 3.30701754
228 748 1.51064209 0.00503547365 3.28070175
228 748 1.51010058 0.00503366859 3.28070175
228 748 1.51010917 0.00503369723 3.28070175
228 748 1.510051 0.00503350333 3.28070175
228 748 1.51041233 0.00503470777 3.28070175
228 748 1.51036692 0.00503455641 3.28070175
228 748 1.5101754 0.00503391799 3.28070175
228 748 1.51034156 0.00503447188 3.28070175
228 748 1.51028463 0.0050342821 3.28070175
227 746 1.47148527 0.0049049509 3.28634361
227 742 1.48900962 0.00496336541 3.26872247
227 742 1.48901661 0.00496338869 3.26872247
227 742 1.48898557 0.00496328524 3.26872247
227 742 1.48883283 0.0049627761 3.26872247
227 742 1.48841959 0.00496139863 3.26872247
227 742 1.48878341 0.00496261135 3.26872247
227 742 1.4889646 0.00496321535 3.26872247
227 742 1.48877744 0.00496259148 3.26872247
227 742 1.48892215 0.00496307384 3.26872247
226 735 1.45777335 0.00485924451 3.25221239
226 736 1.46150976 0.00487169921 3.25663717
226 736 1.46178809 0.00487262697 3.25663717
226 736 1.46229096 0.00487430319 3.25663717
226 736 1.46151966 0.00487173219 3.25663717
226 736 1.46138712 0.00487129039 3.25663717
226 736 1.46189104 0.00487297013 3.25663717
226 736 1.46187016 0.00487290052 3.25663717
226 736 1.46165037 0.00487216791 3.25663717
226 736 1.46217387 0.00487391289 3.25663717
225 730 1.41796892 0.00472656307 3.24444444
225 729 1.43014282 0.00476714275 3.24
225 729 1.43067517 0.00476891725 3.24
225 729 1.43014622 0.00476715405 3.24
225 729 1.43057244 0.00476857481 3.24
225 729 1.43053212 0.00476844041 3.24
225 735 1.4343342 0.004781114 3.26666667
225 735 1.43474665 0.00478248884 3.26666667
225 735 1.43397807 0.00477992691 3.26666667
225 735 1.43426679 0.0047808893 3.26666667
224 730 1.39702501 0.00465675002 3.25892857
224 725 1.4023377 0.004674459 3.23660714
224 725 1.40236472 0.00467454905 3.23660714
224 725 1.40420398 0.00468067994 3.23660714
224 725 1.4043088 0.00468102932 3.23660714
224 725 1.40367249 0.0046789083 3.23660714
224 725 1.40450952 0.0046816984 3.23660714
224 725 1.40426842 0.00468089474 3.23660714
223 715 1.37798602 0.00459328672 3.20627803
223 711 1.40143569 0.00467145231 3.18834081
222 706 1.36125629 0.00453752098 3.18018018
222 706 1.3668861 0.00455628699 3.18018018
222 702 1.36882098 0.00456273659 3.16216216
222 705 1.38196753 0.00460655842 3.17567568
222 705 1.38181388 0.00460604626 3.17567568
222 705 1.38224966 0.00460749888 3.17567568
222 705 1.38187679 0.00460625598 3.17567568
222 705 1.38194791 0.00460649305 3.17567568
222 705 1.38162248 0.00460540825 3.17567568
222 705 1.38187853 0.00460626177 3.17567568
221 702 1.34506945 0.00448356482 3.17647059
221 695 1.35079542 0.00450265141 3.14479638
221 695 1.35084443 0.00450281477 3.14479638
221 695 1.35139087 0.00450463624 3.14479638
221 695 1.35109267 0.00450364225 3.14479638
221 695 1.35085645 0.00450285482 3.14479638
221 695 1.35110291 0.00450367637 3.14479638
221 695 1.35119042 0.00450396806 3.14479638
221 695 1.35103246 0.00450344153 3.14479638
221 701 1.35380902 0.00451269673 3.1719457
220 692 1.3182226 0.00439407532 3.14545455
220 691 1.32394263 0.00441314212 3.14090909
220 691 1.32385815 0.0044128605 3.14090909
220 691 1.32391732 0.00441305773 3.14090909
220 691 1.32389907 0.0044129969 3.14090909
220 691 1.32380771 0.00441269238 3.14090909
220 691 1.32387234 0.00441290779 3.14090909
220 692 1.31776813 0.00439256045 3.14545455
220 698 1.29473476 0.00431578254 3.17272727
220 697 1.31267622 0.00437558741 3.16818182
219 693 1.28964287 0.00429880957 3.16438356
219 688 1.28852371 0.00429507904 3.14155251
219 688 1.28842208 0.00429474028 3.14155251
219 688 1.28834472 0.00429448239 3.14155251
219 693 1.28985059 0.00429950195 3.16438356
219 693 1.29042338 0.00430141126 3.16438356
219 693 1.28977608 0.0042992536 3.16438356
219 693 1.2895945 0.00429864833 3.16438356
219 693 1.28965786 0.00429885952 3.16438356
219 693 1.28933965 0.00429779883 3.16438356
218 687 1.25457124 0.00418190413 3.15137615
218 684 1.26262659 0.0042087553 3.13761468
218 686 1.26913736 0.00423045787 3.14678899
218 685 1.26556756 0.00421855853 3.14220183
218 685 1.2688499 0.00422949968 3.14220183
218 685 1.26890401 0.00422968004 3.14220183
218 685 1.26896518 0.00422988392 3.14220183
218 685 1.26815996 0.00422719986 3.14220183
218 685 1.26864427 0.00422881422 3.14220183
218 685 1.26874621 0.00422915404 3.14220183
217 677 1.26870231 0.00422900771 3.11981567
217 677 1.26894755 0.00422982515 3.11981567
217 677 1.2688129 0.00422937634 3.11981567
217 677 1.26879401 0.00422931337 3.11981567
217 677 1.2685571 0.00422852368 3.11981567
217 677 1.2686706 0.00422890201 3.11981567
217 677 1.26852517 0.00422841723 3.11981567
217 677 1.26927971 0.00423093236 3.11981567
217 677 1.26858174 0.00422860579 3.11981567
217 677 1.2687794 0.00422926467 3.11981567
216 672 1.23181959 0.00410606531 3.11111111
216 672 1.23740265 0.00412467551 3.11111111
216 672 1.23691455 0.00412304849 3.11111111
216 667 1.23921496 0.00413071655 3.08796296
216 667 1.23896985 0.0041298995 3.08796296
216 673 1.243522 0.00414507335 3.11574074
216 673 1.24369891 0.00414566305 3.11574074
216 673 1.24461425 0.00414871417 3.11574074
216 673 1.24379813 0.00414599378 3.11574074
216 673 1.24453516 0.00414845053 3.11574074
215 670 1.2080874 0.00402695802 3.11627907
215 668 1.21241464 0.00404138212 3.10697674
215 663 1.21481362 0.00404937872 3.08372093
215 663 1.2147764 0.00404925467 3.08372093
215 663 1.21496454 0.00404988179 3.08372093
215 663 1.2155046 0.00405168201 3.08372093
215 663 1.2154983 0.004051661 3.08372093
215 668 1.21454366 0.00404847886 3.10697674
215 668 1.21504513 0.00405015042 3.10697674
215 668 1.21463334 0.00404877779 3.10697674
214 658 1.18595603 0.00395318677 3.07476636
214 658 1.18609128 0.00395363759 3.07476636
214 661 1.19459057 0.00398196856 3.08878505
213 656 1.189676 0.00396558667 3.07981221
213 656 1.18978657 0.00396595522 3.07981221
212 649 1.17250882 0.00390836274 3.06132075
212 647 1.14676589 0.00382255298 3.05188679
212 648 1.15037896 0.00383459652 3.05660377
212 648 1.15084068 0.00383613561 3.05660377
212 648 1.13901535 0.00379671785 3.05660377
211 645 1.10594622 0.0036864874 3.05687204
211 641 1.11794767 0.00372649224 3.03791469
211 641 1.11802117 0.00372673723 3.03791469
211 641 1.11748474 0.00372494913 3.03791469
211 641 1.1182448 0.00372748265 3.03791469
211 641 1.11780885 0.00372602949 3.03791469
211 641 1.11796107 0.0037265369 3.03791469
211 641 1.14086265 0.00380287552 3.03791469
211 643 1.13052976 0.00376843253 3.04739336
211 643 1.13032249 0.00376774163 3.04739336
210 635 1.12781338 0.00375937794 3.02380952
210 635 1.12763105 0.00375877016 3.02380952
210 635 1.12769877 0.00375899591 3.02380952
210 635 1.12788956 0.00375963188 3.02380952
210 635 1.12788259 0.00375960863 3.02380952
210 635 1.127784 0.00375928 3.02380952
210 635 1.12764669 0.00375882229 3.02380952
210 635 1.12783267 0.00375944224 3.02380952
210 635 1.12734016 0.00375780052 3.02380952
210 635 1.12739759 0.00375799197 3.02380952
209 632 1.09443426 0.0036481142 3.02392344
209 629 1.08113398 0.00360377995 3.00956938
209 629 1.08146873 0.00360489578 3.00956938
209 629 1.08154841 0.00360516135 3.00956938
209 628 1.10243011 0.00367476702 3.00478469
209 628 1.10251369 0.00367504563 3.00478469
209 628 1.10248223 0.00367494077 3.00478469
209 628 1.10205533 0.00367351778 3.00478469
209 628 1.10233563 0.0036744521 3.00478469
209 628 1.10235482 0.00367451608 3.00478469
208 627 1.06767774 0.00355892581 3.01442308
208 625 1.07249638 0.00357498793 3.00480769
208 621 1.07429651 0.00358098836 2.98557692
208 621 1.07413972 0.00358046572 2.98557692
208 621 1.07401668 0.00358005561 2.98557692
208 622 1.07884907 0.00359616357 2.99038462
208 624 1.08071477 0.00360238256 3
208 624 1.08035957 0.00360119856 3
208 624 1.08074538 0.0036024846 3
208 624 1.08025117 0.00360083725 3
207 614 1.05439512 0.00351465041 2.96618357
207 614 1.05414948 0.00351383161 2.96618357
207 614 1.05443681 0.00351478938 2.96618357
207 614 1.05407092 0.00351356974 2.96618357
207 614 1.05469019 0.00351563397 2.96618357
207 614 1.05428076 0.0035142692 2.96618357
207 618 1.05756681 0.0035252227 2.98550725
207 618 1.05737902 0.00352459674 2.98550725
207 618 1.05743236 0.00352477454 2.98550725
207 618 1.05715785 0.00352385949 2.98550725
206 617 1.0225845 0.00340861499 2.99514563
206 617 1.02223481 0.00340744936 2.99514563
206 614 1.02278086 0.00340926953 2.98058252
206 615 1.02873081 0.0034291027 2.98543689
206 615 1.02854428 0.00342848094 2.98543689
206 615 1.02879636 0.0034293212 2.98543689
206 611 1.03258938 0.00344196459 2.96601942
206 611 1.03294684 0.00344315613 2.96601942
206 611 1.0323943 0.00344131432 2.96601942
206 611 1.03373177 0.00344577255 2.96601942
205 608 0.989452257 0.00329817419 2.96585366
205 607 0.995445154 0.00331815051 2.96097561
205 607 0.995388803 0.00331796268 2.96097561
205 604 1.00584942 0.00335283139 2.94634146
205 604 1.00616526 0.00335388419 2.94634146
205 604 1.00653341 0.00335511135 2.94634146
205 604 1.00608557 0.00335361856 2.94634146
205 604 1.00619293 0.00335397642 2.94634146
205 604 1.00608925 0.00335363082 2.94634146
205 604 1.00613535 0.00335378451 2.94634146
204 601 0.978326965 0.00326108988 2.94607843
204 601 0.978626285 0.00326208762 2.94607843
204 601 0.978528669 0.00326176223 2.94607843
204 601 0.978485873 0.00326161958 2.94607843
204 601 0.978606983 0.00326202328 2.94607843
204 601 0.978447575 0.00326149192 2.94607843
204 601 0.978311042 0.00326103681 2.94607843
204 601 0.978572884 0.00326190961 2.94607843
204 601 0.978562108 0.00326187369 2.94607843
204 594 0.979931514 0.00326643838 2.91176471
203 590 0.943878294 0.00314626098 2.90640394
203 590 0.9438209 0.00314606967 2.90640394
203 590 0.94284785 0.00314282617 2.90640394
203 590 0.943238108 0.00314412703 2.90640394
203 590 0.943294548 0.00314431516 2.90640394
203 590 0.94339568 0.00314465227 2.90640394
203 590 0.943688201 0.00314562734 2.90640394
203 590 0.943318605 0.00314439535 2.90640394
203 590 0.943644302 0.00314548101 2.90640394
203 590 0.94344133 0.00314480443 2.90640394
202 585 0.90312399 0.0030104133 2.8960396
202 587 0.906737548 0.00302245849 2.90594059
202 587 0.902341441 0.0030078048 2.90594059
202 587 0.90183025 0.00300610083 2.90594059
202 587 0.902099833 0.00300699944 2.90594059
202 586 0.922361454 0.00307453818 2.9009901
202 586 0.92204957 0.00307349857 2.9009901
202 586 0.922492509 0.00307497503 2.9009901
202 586 0.922916899 0.00307638966 2.9009901
202 586 0.922922588 0.00307640863 2.9009901
201 581 0.882525674 0.00294175225 2.89054726
201 582 0.885599253 0.00295199751 2.89552239
201 582 0.885399204 0.00295133068 2.89552239
201 582 0.885563179 0.00295187726 2.89552239
201 584 0.895275596 0.00298425199 2.90547264
201 584 0.895249811 0.00298416604 2.90547264
201 583 0.895213341 0.00298404447 2.90049751
201 583 0.895714863 0.00298571621 2.90049751
201 583 0.89535416 0.00298451387 2.90049751
201 583 0.895875969 0.00298625323 2.90049751
200 580 0.8548594 0.00284953133 2.9
200 578 0.855462176 0.00285154059 2.89
200 580 0.858271354 0.00286090451 2.9
200 580 0.859289098 0.00286429699 2.9
200 580 0.857967691 0.0028598923 2.9
200 581 0.869759399 0.002899198 2.905
200 581 0.86910313 0.00289701043 2.905
200 581 0.868939636 0.00289646545 2.905
200 581 0.869264018 0.00289754673 2.905
200 581 0.869156233 0.00289718744 2.905
199 572 0.831181205 0.00277060402 2.87437186
199 576 0.83007087 0.0027669029 2.89447236
199 578 0.831333145 0.00277111048 2.90452261
199 578 0.830767015 0.00276922338 2.90452261
199 578 0.831605931 0.00277201977 2.90452261
199 577 0.831715339 0.00277238446 2.89949749
199 577 0.832744759 0.00277581586 2.89949749
199 577 0.831810447 0.00277270149 2.89949749
199 572 0.830478058 0.00276826019 2.87437186
199 572 0.83075494 0.00276918313 2.87437186
198 568 0.79302272 0.00264340907 2.86868687
198 568 0.793409541 0.00264469847 2.86868687
198 569 0.793517416 0.00264505805 2.87373737
198 569 0.793374857 0.00264458286 2.87373737
198 569 0.794301118 0.00264767039 2.87373737
198 569 0.793808661 0.00264602887 2.87373737
198 569 0.795075266 0.00265025089 2.87373737
198 569 0.793722131 0.00264574044 2.87373737
198 569 0.793777265 0.00264592422 2.87373737
198 569 0.793635992 0.00264545331 2.87373737
197 564 0.758056796 0.00252685599 2.86294416
197 566 0.756220969 0.00252073656 2.87309645
197 566 0.756007404 0.00252002468 2.87309645
197 566 0.755908258 0.00251969419 2.87309645
197 564 0.755471211 0.00251823737 2.86294416
197 564 0.755336459 0.0025177882 2.86294416
197 564 0.755067673 0.00251689224 2.86294416
197 564 0.755532067 0.00251844022 2.86294416
197 564 0.755627164 0.00251875721 2.86294416
197 564 0.755142181 0.0025171406 2.86294416
196 560 0.71897384 0.00239657947 2.85714286
196 560 0.707649842 0.00235883281 2.85714286
196 559 0.717420706 0.00239140235 2.85204082
196 561 0.719635883 0.00239878628 2.8622449
196 561 0.719232126 0.00239744042 2.8622449
196 558 0.722393572 0.00240797857 2.84693878
196 558 0.722732259 0.00240910753 2.84693878
196 558 0.722802835 0.00240934278 2.84693878
196 558 0.722393986 0.00240797995 2.84693878
196 558 0.722930748 0.00240976916 2.84693878
195 551 0.707124213 0.00235708071 2.82564103
195 554 0.706416311 0.00235472104 2.84102564
195 554 0.705659949 0.00235219983 2.84102564
195 554 0.706102522 0.00235367507 2.84102564
195 554 0.706032681 0.00235344227 2.84102564
195 554 0.706319566 0.00235439855 2.84102564
195 554 0.705643316 0.00235214439 2.84102564
195 554 0.706383895 0.00235461298 2.84102564
195 554 0.705913836 0.00235304612 2.84102564
195 554 0.706184581 0.0023539486 2.84102564
194 549 0.669427316 0.00223142439 2.82989691
194 548 0.676683649 0.00225561216 2.82474227
194 548 0.676491688 0.00225497229 2.82474227
194 548 0.676409713 0.00225469904 2.82474227
194 548 0.677132235 0.00225710745 2.82474227
194 548 0.676957097 0.00225652366 2.82474227
193 544 0.645676909 0.00215225636 2.81865285
193 545 0.642533344 0.00214177781 2.8238342
193 545 0.6441476 0.00214715867 2.8238342
193 545 0.643503714 0.00214501238 2.8238342
192 541 0.609252516 0.00203084172 2.81770833
192 541 0.617074246 0.00205691415 2.81770833
192 541 0.616936682 0.00205645561 2.81770833
192 541 0.616951432 0.00205650477 2.81770833
192 541 0.617292644 0.00205764215 2.81770833
192 541 0.616833338 0.00205611113 2.81770833
192 547 0.620785679 0.0020692856 2.84895833
192 548 0.622095847 0.00207365282 2.85416667
192 548 0.621092633 0.00207030878 2.85416667
192 548 0.62128226 0.00207094087 2.85416667
191 542 0.583542521 0.00194514174 2.83769634
191 544 0.587845109 0.0019594837 2.84816754
191 544 0.588520328 0.00196173443 2.84816754
191 544 0.587830979 0.0019594366 2.84816754
191 544 0.587982518 0.00195994173 2.84816754
191 539 0.610407142 0.00203469047 2.82198953
191 539 0.611167623 0.00203722541 2.82198953
191 539 0.611013207 0.00203671069 2.82198953
191 539 0.610735612 0.00203578537 2.82198953
191 539 0.610303464 0.00203434488 2.82198953
190 534 0.576806681 0.00192268894 2.81052632
190 534 0.576604511 0.00192201504 2.81052632
190 534 0.576939309 0.00192313103 2.81052632
190 534 0.576495682 0.00192165227 2.81052632
190 536 0.583403067 0.00194467689 2.82105263
190 536 0.583867124 0.00194622375 2.82105263
190 536 0.582997693 0.00194332564 2.82105263
190 536 0.58306552 0.00194355173 2.82105263
190 536 0.582398702 0.00194132901 2.82105263
190 536 0.583419636 0.00194473212 2.82105263
189 535 0.55047 0.0018349 2.83068783
189 535 0.550498594 0.00183499531 2.83068783
189 535 0.550989236 0.00183663079 2.83068783
189 535 0.548770237 0.00182923412 2.83068783
189 535 0.549459628 0.00183153209 2.83068783
189 531 0.549463673 0.00183154558 2.80952381
189 531 0.549848399 0.001832828 2.80952381
189 531 0.549300181 0.0018310006 2.80952381
189 531 0.549405815 0.00183135272 2.80952381
189 531 0.549850395 0.00183283465 2.80952381
188 523 0.516730726 0.00172243575 2.78191489
188 528 0.515544211 0.0017184807 2.80851064
188 530 0.519040662 0.00173013554 2.81914894
188 530 0.518984139 0.00172994713 2.81914894
188 530 0.519275871 0.00173091957 2.81914894
188 530 0.518981278 0.00172993759 2.81914894
188 530 0.518818618 0.00172939539 2.81914894
188 530 0.517811311 0.0017260377 2.81914894
188 530 0.517964007 0.00172654669 2.81914894
188 530 0.518012175 0.00172670725 2.81914894
187 527 0.472158789 0.00157386263 2.81818182
187 522 0.485715451 0.0016190515 2.79144385
187 522 0.484852964 0.00161617655 2.79144385
187 522 0.484963299 0.00161654433 2.79144385
187 522 0.485902815 0.00161967605 2.79144385
187 522 0.485647649 0.0016188255 2.79144385
187 522 0.484806694 0.00161602231 2.79144385
187 522 0.485265637 0.00161755212 2.79144385
187 522 0.48548939 0.00161829797 2.79144385
187 522 0.485673824 0.00161891275 2.79144385
186 515 0.437701294 0.00145900431 2.7688172
SP does not find any fixed points -> SP does not converge.
I am sorry I quit :(
