START ALGORITHM:
I am going to build an instance with N: 1000 variables and 4200 clauses with a clause density equal to 4.2
START BSP WITH r=0.9:
Decimation scorer: pol
END UNIT PROPAGATION
1000 4200 4.42337131 0.00442337131 4.2
1000 4200 4.42443997 0.00442443997 4.2
1000 4200 4.42231829 0.00442231829 4.2
1000 4200 4.42317064 0.00442317064 4.2
1000 4200 4.42283143 0.00442283143 4.2
1000 4200 4.42382695 0.00442382695 4.2
1000 4200 4.42312536 0.00442312536 4.2
1000 4200 4.4229488 0.0044229488 4.2
1000 4200 4.42314639 0.00442314639 4.2
999 4187 4.41912183 0.00441912183 4.19119119
999 4187 4.41894602 0.00441894602 4.19119119
999 4187 4.41902618 0.00441902618 4.19119119
999 4187 4.41885943 0.00441885943 4.19119119
999 4187 4.41897123 0.00441897123 4.19119119
999 4187 4.41891509 0.00441891509 4.19119119
999 4187 4.41899727 0.00441899727 4.19119119
999 4187 4.41896974 0.00441896974 4.19119119
999 4187 4.41896433 0.00441896433 4.19119119
999 4187 4.4189546 0.0044189546 4.19119119
998 4179 4.41502367 0.00441502367 4.18737475
998 4179 4.41504871 0.00441504871 4.18737475
998 4179 4.41502107 0.00441502107 4.18737475
998 4178 4.41428961 0.00441428961 4.18637275
998 4179 4.41502009 0.00441502009 4.18737475
998 4179 4.41502744 0.00441502744 4.18737475
998 4179 4.41502491 0.00441502491 4.18737475
998 4179 4.41500185 0.00441500185 4.18737475
998 4179 4.41506549 0.00441506549 4.18737475
998 4179 4.41501238 0.00441501238 4.18737475
997 4170 4.41041712 0.00441041712 4.18254764
997 4170 4.41046307 0.00441046307 4.18254764
997 4170 4.4104203 0.0044104203 4.18254764
997 4170 4.41042038 0.00441042038 4.18254764
997 4170 4.41043193 0.00441043193 4.18254764
997 4170 4.41043655 0.00441043655 4.18254764
997 4170 4.410444 0.004410444 4.18254764
997 4170 4.41044515 0.00441044515 4.18254764
997 4170 4.41044406 0.00441044406 4.18254764
997 4170 4.41045521 0.00441045521 4.18254764
996 4161 4.40346307 0.00440346307 4.17771084
996 4161 4.40339197 0.00440339197 4.17771084
996 4161 4.40350524 0.00440350524 4.17771084
996 4161 4.40348808 0.00440348808 4.17771084
996 4161 4.40346074 0.00440346074 4.17771084
996 4161 4.40336608 0.00440336608 4.17771084
996 4161 4.40331521 0.00440331521 4.17771084
996 4161 4.4034518 0.0044034518 4.17771084
996 4161 4.40339143 0.00440339143 4.17771084
996 4161 4.40331286 0.00440331286 4.17771084
995 4150 4.39359524 0.00439359524 4.17085427
995 4150 4.39365827 0.00439365827 4.17085427
995 4150 4.39361911 0.00439361911 4.17085427
995 4150 4.39355143 0.00439355143 4.17085427
995 4150 4.39359942 0.00439359942 4.17085427
995 4150 4.39361946 0.00439361946 4.17085427
995 4150 4.39360649 0.00439360649 4.17085427
995 4150 4.3936148 0.0043936148 4.17085427
995 4150 4.39360743 0.00439360743 4.17085427
995 4150 4.39362072 0.00439362072 4.17085427
994 4134 4.39072254 0.00439072254 4.15895372
994 4134 4.39070628 0.00439070628 4.15895372
994 4134 4.39065316 0.00439065316 4.15895372
994 4134 4.39061972 0.00439061972 4.15895372
994 4134 4.39061831 0.00439061831 4.15895372
994 4134 4.39064437 0.00439064437 4.15895372
994 4134 4.39066979 0.00439066979 4.15895372
994 4134 4.39068139 0.00439068139 4.15895372
994 4134 4.39068293 0.00439068293 4.15895372
994 4134 4.39068236 0.00439068236 4.15895372
993 4124 4.38240789 0.00438240789 4.1530715
993 4124 4.38239951 0.00438239951 4.1530715
993 4124 4.38237088 0.00438237088 4.1530715
993 4124 4.38232846 0.00438232846 4.1530715
993 4124 4.38242387 0.00438242387 4.1530715
993 4124 4.38245303 0.00438245303 4.1530715
993 4124 4.38246665 0.00438246665 4.1530715
993 4124 4.38249807 0.00438249807 4.1530715
993 4124 4.38248082 0.00438248082 4.1530715
993 4124 4.382491 0.004382491 4.1530715
992 4108 4.37553466 0.00437553466 4.14112903
992 4108 4.37546316 0.00437546316 4.14112903
992 4108 4.37557794 0.00437557794 4.14112903
992 4108 4.37550911 0.00437550911 4.14112903
992 4108 4.37550183 0.00437550183 4.14112903
992 4108 4.37550802 0.00437550802 4.14112903
992 4108 4.37549189 0.00437549189 4.14112903
992 4108 4.37550367 0.00437550367 4.14112903
992 4108 4.37550449 0.00437550449 4.14112903
992 4108 4.37548841 0.00437548841 4.14112903
991 4098 4.36684303 0.00436684303 4.13521695
991 4098 4.36828493 0.00436828493 4.13521695
991 4098 4.36684776 0.00436684776 4.13521695
991 4098 4.36838625 0.00436838625 4.13521695
991 4098 4.36840968 0.00436840968 4.13521695
991 4098 4.36830093 0.00436830093 4.13521695
991 4098 4.36833362 0.00436833362 4.13521695
991 4098 4.36834883 0.00436834883 4.13521695
991 4098 4.36832542 0.00436832542 4.13521695
991 4098 4.36831939 0.00436831939 4.13521695
990 4088 4.35970304 0.00435970304 4.12929293
990 4088 4.35962997 0.00435962997 4.12929293
990 4088 4.35952559 0.00435952559 4.12929293
990 4088 4.35945495 0.00435945495 4.12929293
990 4088 4.35934893 0.00435934893 4.12929293
990 4088 4.35927958 0.00435927958 4.12929293
990 4088 4.35929898 0.00435929898 4.12929293
990 4088 4.35934229 0.00435934229 4.12929293
990 4088 4.35935816 0.00435935816 4.12929293
990 4088 4.35936946 0.00435936946 4.12929293
989 4077 4.34424264 0.00434424264 4.1223458
989 4077 4.34426088 0.00434426088 4.1223458
989 4077 4.34443953 0.00434443953 4.1223458
989 4077 4.34457022 0.00434457022 4.1223458
989 4077 4.34446805 0.00434446805 4.1223458
989 4077 4.34438817 0.00434438817 4.1223458
989 4077 4.34436871 0.00434436871 4.1223458
989 4077 4.34440447 0.00434440447 4.1223458
989 4077 4.34445745 0.00434445745 4.1223458
989 4077 4.34448987 0.00434448987 4.1223458
988 4070 4.33242199 0.00433242199 4.1194332
988 4070 4.33234316 0.00433234316 4.1194332
988 4070 4.33239686 0.00433239686 4.1194332
988 4070 4.33252231 0.00433252231 4.1194332
988 4070 4.33252992 0.00433252992 4.1194332
988 4070 4.33252788 0.00433252788 4.1194332
988 4070 4.33254263 0.00433254263 4.1194332
988 4070 4.33255037 0.00433255037 4.1194332
988 4070 4.33255137 0.00433255137 4.1194332
988 4070 4.33255317 0.00433255317 4.1194332
987 4066 4.32640635 0.00432640635 4.1195542
987 4066 4.32628359 0.00432628359 4.1195542
987 4066 4.32646849 0.00432646849 4.1195542
987 4066 4.32623929 0.00432623929 4.1195542
987 4066 4.32619653 0.00432619653 4.1195542
987 4066 4.32620926 0.00432620926 4.1195542
987 4066 4.32616998 0.00432616998 4.1195542
987 4066 4.32615864 0.00432615864 4.1195542
987 4066 4.32614656 0.00432614656 4.1195542
987 4066 4.32613911 0.00432613911 4.1195542
986 4057 4.31245323 0.00431245323 4.11460446
986 4057 4.31287572 0.00431287572 4.11460446
986 4057 4.31282734 0.00431282734 4.11460446
986 4057 4.31268891 0.00431268891 4.11460446
986 4057 4.31283227 0.00431283227 4.11460446
986 4057 4.31293299 0.00431293299 4.11460446
986 4057 4.31295171 0.00431295171 4.11460446
986 4057 4.31298332 0.00431298332 4.11460446
986 4057 4.31296639 0.00431296639 4.11460446
986 4057 4.31295548 0.00431295548 4.11460446
985 4047 4.2900174 0.0042900174 4.10862944
985 4052 4.3048409 0.0043048409 4.11370558
985 4047 4.28921451 0.00428921451 4.10862944
985 4047 4.28934912 0.00428934912 4.10862944
985 4047 4.28934096 0.00428934096 4.10862944
985 4047 4.28937762 0.00428937762 4.10862944
985 4047 4.28935603 0.00428935603 4.10862944
985 4047 4.28935364 0.00428935364 4.10862944
985 4047 4.28934091 0.00428934091 4.10862944
985 4047 4.28933073 0.00428933073 4.10862944
984 4042 4.2818121 0.0042818121 4.10772358
984 4042 4.28176584 0.00428176584 4.10772358
984 4042 4.28176848 0.00428176848 4.10772358
984 4042 4.28177664 0.00428177664 4.10772358
984 4042 4.28185296 0.00428185296 4.10772358
984 4042 4.28183221 0.00428183221 4.10772358
984 4042 4.28179456 0.00428179456 4.10772358
984 4042 4.28180625 0.00428180625 4.10772358
984 4042 4.2818132 0.0042818132 4.10772358
984 4042 4.28179643 0.00428179643 4.10772358
983 4034 4.26266047 0.00426266047 4.10376399
983 4034 4.26277689 0.00426277689 4.10376399
983 4034 4.26277441 0.00426277441 4.10376399
983 4034 4.26272049 0.00426272049 4.10376399
983 4034 4.262771 0.004262771 4.10376399
983 4034 4.26275909 0.00426275909 4.10376399
983 4034 4.26277115 0.00426277115 4.10376399
983 4034 4.26277491 0.00426277491 4.10376399
983 4034 4.2627661 0.0042627661 4.10376399
983 4034 4.26276682 0.00426276682 4.10376399
982 4024 4.25739626 0.00425739626 4.09775967
982 4024 4.25737205 0.00425737205 4.09775967
982 4024 4.25736705 0.00425736705 4.09775967
982 4024 4.25736688 0.00425736688 4.09775967
982 4024 4.25738753 0.00425738753 4.09775967
982 4024 4.25738299 0.00425738299 4.09775967
982 4024 4.25737543 0.00425737543 4.09775967
982 4024 4.25735025 0.00425735025 4.09775967
982 4024 4.25732628 0.00425732628 4.09775967
982 4024 4.25732182 0.00425732182 4.09775967
981 4018 4.24941208 0.00424941208 4.09582059
981 4018 4.24935065 0.00424935065 4.09582059
981 4018 4.2494539 0.0042494539 4.09582059
981 4018 4.24959239 0.00424959239 4.09582059
981 4018 4.24964252 0.00424964252 4.09582059
981 4018 4.24961142 0.00424961142 4.09582059
981 4018 4.24959933 0.00424959933 4.09582059
981 4018 4.24958324 0.00424958324 4.09582059
981 4018 4.24954973 0.00424954973 4.09582059
981 4018 4.24953675 0.00424953675 4.09582059
980 4007 4.23491892 0.00423491892 4.08877551
980 4007 4.23474942 0.00423474942 4.08877551
980 4007 4.23472036 0.00423472036 4.08877551
980 4007 4.23503607 0.00423503607 4.08877551
980 4007 4.2347489 0.0042347489 4.08877551
980 4007 4.23446999 0.00423446999 4.08877551
980 4007 4.23450298 0.00423450298 4.08877551
980 4007 4.23454193 0.00423454193 4.08877551
980 4007 4.2345221 0.0042345221 4.08877551
980 4007 4.23488405 0.00423488405 4.08877551
979 3997 4.21428315 0.00421428315 4.08273749
979 3997 4.21473895 0.00421473895 4.08273749
979 3997 4.21442667 0.00421442667 4.08273749
979 3997 4.21452344 0.00421452344 4.08273749
979 3997 4.21457916 0.00421457916 4.08273749
979 3997 4.21460617 0.00421460617 4.08273749
979 3997 4.21462897 0.00421462897 4.08273749
979 3997 4.21465122 0.00421465122 4.08273749
979 3997 4.21465527 0.00421465527 4.08273749
979 3997 4.21464652 0.00421464652 4.08273749
978 3986 4.19789979 0.00419789979 4.07566462
978 3986 4.19790242 0.00419790242 4.07566462
978 3986 4.20363003 0.00420363003 4.07566462
978 3986 4.19775841 0.00419775841 4.07566462
978 3986 4.20361688 0.00420361688 4.07566462
978 3986 4.20353228 0.00420353228 4.07566462
978 3986 4.20356837 0.00420356837 4.07566462
978 3986 4.20359574 0.00420359574 4.07566462
978 3986 4.20363068 0.00420363068 4.07566462
978 3986 4.20365188 0.00420365188 4.07566462
977 3975 4.1870944 0.0041870944 4.06857728
977 3975 4.18698854 0.00418698854 4.06857728
977 3981 4.18755488 0.00418755488 4.07471853
977 3985 4.1854642 0.0041854642 4.07881269
977 3984 4.19481696 0.00419481696 4.07778915
977 3979 4.18759953 0.00418759953 4.07267144
977 3985 4.18556362 0.00418556362 4.07881269
977 3985 4.18578892 0.00418578892 4.07881269
977 3985 4.18574828 0.00418574828 4.07881269
977 3985 4.18577775 0.00418577775 4.07881269
976 3974 4.1753431 0.0041753431 4.07172131
976 3974 4.17536069 0.00417536069 4.07172131
976 3974 4.17536373 0.00417536373 4.07172131
976 3974 4.17536951 0.00417536951 4.07172131
976 3974 4.17536273 0.00417536273 4.07172131
976 3974 4.17536327 0.00417536327 4.07172131
976 3974 4.17537046 0.00417537046 4.07172131
976 3974 4.17536861 0.00417536861 4.07172131
976 3974 4.17536586 0.00417536586 4.07172131
976 3974 4.17536855 0.00417536855 4.07172131
975 3963 4.15931429 0.00415931429 4.06461538
975 3963 4.15929439 0.00415929439 4.06461538
975 3963 4.15918228 0.00415918228 4.06461538
975 3963 4.15923248 0.00415923248 4.06461538
975 3963 4.15922984 0.00415922984 4.06461538
975 3963 4.1592177 0.0041592177 4.06461538
975 3963 4.1592096 0.0041592096 4.06461538
975 3963 4.15920581 0.00415920581 4.06461538
975 3963 4.1592038 0.0041592038 4.06461538
975 3963 4.15919775 0.00415919775 4.06461538
974 3954 4.15249017 0.00415249017 4.05954825
974 3954 4.15251582 0.00415251582 4.05954825
974 3957 4.14698406 0.00414698406 4.06262834
974 3954 4.15256069 0.00415256069 4.05954825
974 3954 4.15254782 0.00415254782 4.05954825
974 3957 4.14695501 0.00414695501 4.06262834
974 3957 4.14686632 0.00414686632 4.06262834
974 3957 4.14693043 0.00414693043 4.06262834
974 3954 4.15248674 0.00415248674 4.05954825
974 3954 4.1525115 0.0041525115 4.05954825
973 3948 4.14034398 0.00414034398 4.05755396
973 3948 4.14030861 0.00414030861 4.05755396
973 3948 4.14035092 0.00414035092 4.05755396
973 3948 4.14036845 0.00414036845 4.05755396
973 3948 4.14036033 0.00414036033 4.05755396
973 3948 4.14036243 0.00414036243 4.05755396
973 3948 4.14035825 0.00414035825 4.05755396
973 3948 4.14036013 0.00414036013 4.05755396
973 3948 4.1403617 0.0041403617 4.05755396
973 3948 4.14036147 0.00414036147 4.05755396
972 3938 4.13967041 0.00413967041 4.05144033
972 3938 4.13956512 0.00413956512 4.05144033
972 3938 4.1395035 0.0041395035 4.05144033
972 3938 4.13930558 0.00413930558 4.05144033
972 3938 4.1392703 0.0041392703 4.05144033
972 3938 4.13931701 0.00413931701 4.05144033
972 3938 4.13925384 0.00413925384 4.05144033
972 3938 4.13923047 0.00413923047 4.05144033
972 3938 4.13922696 0.00413922696 4.05144033
972 3938 4.13922085 0.00413922085 4.05144033
971 3931 4.11618969 0.00411618969 4.04840371
971 3931 4.1168658 0.0041168658 4.04840371
971 3931 4.11680845 0.00411680845 4.04840371
971 3931 4.11635258 0.00411635258 4.04840371
971 3931 4.11650195 0.00411650195 4.04840371
971 3931 4.11672112 0.00411672112 4.04840371
971 3931 4.11675403 0.00411675403 4.04840371
971 3931 4.11676302 0.00411676302 4.04840371
971 3931 4.11672126 0.00411672126 4.04840371
971 3931 4.11671 0.00411671 4.04840371
970 3924 4.10078854 0.00410078854 4.04536082
970 3924 4.10050154 0.00410050154 4.04536082
970 3924 4.10075047 0.00410075047 4.04536082
970 3924 4.10080142 0.00410080142 4.04536082
970 3924 4.1007014 0.0041007014 4.04536082
970 3924 4.1006604 0.0041006604 4.04536082
970 3924 4.10065562 0.00410065562 4.04536082
970 3924 4.10066229 0.00410066229 4.04536082
970 3924 4.10066773 0.00410066773 4.04536082
970 3924 4.10066736 0.00410066736 4.04536082
969 3914 4.08143924 0.00408143924 4.03921569
969 3914 4.08157044 0.00408157044 4.03921569
969 3914 4.08157178 0.00408157178 4.03921569
969 3914 4.08152953 0.00408152953 4.03921569
969 3914 4.0815225 0.0040815225 4.03921569
969 3914 4.08151935 0.00408151935 4.03921569
969 3914 4.08151063 0.00408151063 4.03921569
969 3914 4.08150513 0.00408150513 4.03921569
969 3914 4.08150771 0.00408150771 4.03921569
969 3914 4.08150909 0.00408150909 4.03921569
968 3902 4.05973705 0.00405973705 4.03099174
968 3902 4.05970795 0.00405970795 4.03099174
968 3902 4.05970047 0.00405970047 4.03099174
968 3902 4.05966997 0.00405966997 4.03099174
968 3902 4.05969615 0.00405969615 4.03099174
968 3902 4.05970561 0.00405970561 4.03099174
968 3902 4.05968538 0.00405968538 4.03099174
968 3902 4.05970306 0.00405970306 4.03099174
968 3902 4.05968401 0.00405968401 4.03099174
968 3902 4.05970345 0.00405970345 4.03099174
967 3894 4.05968771 0.00405968771 4.02688728
967 3894 4.05965903 0.00405965903 4.02688728
967 3894 4.05954778 0.00405954778 4.02688728
967 3894 4.05972857 0.00405972857 4.02688728
967 3894 4.05972372 0.00405972372 4.02688728
967 3894 4.05944821 0.00405944821 4.02688728
967 3894 4.05976342 0.00405976342 4.02688728
967 3894 4.0597143 0.0040597143 4.02688728
967 3894 4.05946841 0.00405946841 4.02688728
967 3894 4.05976262 0.00405976262 4.02688728
966 3888 4.04921491 0.00404921491 4.02484472
966 3884 4.02747039 0.00402747039 4.02070393
966 3884 4.02758034 0.00402758034 4.02070393
966 3884 4.02762128 0.00402762128 4.02070393
966 3884 4.02767909 0.00402767909 4.02070393
966 3884 4.0276566 0.0040276566 4.02070393
966 3884 4.02766295 0.00402766295 4.02070393
966 3884 4.02765877 0.00402765877 4.02070393
966 3884 4.02765685 0.00402765685 4.02070393
966 3884 4.02765826 0.00402765826 4.02070393
965 3878 4.01719712 0.00401719712 4.01865285
965 3878 4.01718843 0.00401718843 4.01865285
965 3880 4.01077999 0.00401077999 4.02072539
965 3878 4.01712818 0.00401712818 4.01865285
965 3878 4.01709408 0.00401709408 4.01865285
965 3878 4.01704459 0.00401704459 4.01865285
965 3878 4.01706609 0.00401706609 4.01865285
965 3878 4.01708619 0.00401708619 4.01865285
965 3878 4.01708462 0.00401708462 4.01865285
965 3878 4.01708551 0.00401708551 4.01865285
964 3874 4.00101739 0.00400101739 4.0186722
964 3874 4.00103874 0.00400103874 4.0186722
964 3874 4.00102372 0.00400102372 4.0186722
964 3874 4.00106317 0.00400106317 4.0186722
964 3874 4.00103226 0.00400103226 4.0186722
964 3874 4.00102151 0.00400102151 4.0186722
964 3874 4.00099547 0.00400099547 4.0186722
964 3874 4.00099818 0.00400099818 4.0186722
964 3874 4.00100371 0.00400100371 4.0186722
964 3874 4.00099994 0.00400099994 4.0186722
963 3863 3.98334084 0.00398334084 4.01142264
963 3863 3.9835265 0.0039835265 4.01142264
963 3863 3.98358299 0.00398358299 4.01142264
963 3863 3.98351989 0.00398351989 4.01142264
963 3863 3.98350547 0.00398350547 4.01142264
963 3863 3.98349008 0.00398349008 4.01142264
963 3863 3.983528 0.003983528 4.01142264
963 3863 3.98361365 0.00398361365 4.01142264
963 3863 3.98360546 0.00398360546 4.01142264
963 3863 3.98361145 0.00398361145 4.01142264
962 3855 3.96106376 0.00396106376 4.00727651
962 3855 3.96085755 0.00396085755 4.00727651
962 3855 3.96106144 0.00396106144 4.00727651
962 3855 3.96090894 0.00396090894 4.00727651
962 3855 3.96088455 0.00396088455 4.00727651
962 3855 3.96085648 0.00396085648 4.00727651
962 3855 3.96089027 0.00396089027 4.00727651
962 3855 3.96089962 0.00396089962 4.00727651
962 3855 3.96089404 0.00396089404 4.00727651
962 3855 3.96089139 0.00396089139 4.00727651
961 3846 3.94119596 0.00394119596 4.00208117
961 3846 3.94145803 0.00394145803 4.00208117
961 3844 3.93682838 0.00393682838 4
961 3844 3.93664304 0.00393664304 4
961 3844 3.93646189 0.00393646189 4
961 3844 3.93643141 0.00393643141 4
961 3844 3.93645735 0.00393645735 4
961 3844 3.93646783 0.00393646783 4
961 3844 3.93646959 0.00393646959 4
961 3844 3.93646871 0.00393646871 4
960 3835 3.9169346 0.0039169346 3.99479167
960 3835 3.9170232 0.0039170232 3.99479167
960 3835 3.91725862 0.00391725862 3.99479167
960 3835 3.91711494 0.00391711494 3.99479167
960 3835 3.91751356 0.00391751356 3.99479167
960 3835 3.91752281 0.00391752281 3.99479167
960 3835 3.91718644 0.00391718644 3.99479167
960 3835 3.9173284 0.0039173284 3.99479167
960 3835 3.91751655 0.00391751655 3.99479167
960 3835 3.9172172 0.0039172172 3.99479167
959 3827 3.88536456 0.00388536456 3.99061522
959 3823 3.90480294 0.00390480294 3.98644421
959 3824 3.90137536 0.00390137536 3.98748697
959 3824 3.90140406 0.00390140406 3.98748697
959 3824 3.90123407 0.00390123407 3.98748697
959 3824 3.90120419 0.00390120419 3.98748697
959 3824 3.90120464 0.00390120464 3.98748697
959 3824 3.90120549 0.00390120549 3.98748697
959 3824 3.90121319 0.00390121319 3.98748697
959 3824 3.90121376 0.00390121376 3.98748697
958 3815 3.88166776 0.00388166776 3.9822547
958 3815 3.88177677 0.00388177677 3.9822547
958 3815 3.88144854 0.00388144854 3.9822547
958 3815 3.88122243 0.00388122243 3.9822547
958 3815 3.88097839 0.00388097839 3.9822547
958 3815 3.8814123 0.0038814123 3.9822547
958 3815 3.88141841 0.00388141841 3.9822547
958 3815 3.8813048 0.0038813048 3.9822547
958 3815 3.88102254 0.00388102254 3.9822547
958 3815 3.8809746 0.0038809746 3.9822547
957 3809 3.85947204 0.00385947204 3.98014629
957 3804 3.84211294 0.00384211294 3.97492163
957 3807 3.84645443 0.00384645443 3.97805643
957 3807 3.84629696 0.00384629696 3.97805643
957 3807 3.84620714 0.00384620714 3.97805643
957 3807 3.8462896 0.0038462896 3.97805643
957 3807 3.84625935 0.00384625935 3.97805643
957 3807 3.84625967 0.00384625967 3.97805643
957 3807 3.84626036 0.00384626036 3.97805643
957 3807 3.8462586 0.0038462586 3.97805643
956 3798 3.82705886 0.00382705886 3.97280335
956 3798 3.82706178 0.00382706178 3.97280335
956 3798 3.82708458 0.00382708458 3.97280335
956 3798 3.82720295 0.00382720295 3.97280335
956 3798 3.82684084 0.00382684084 3.97280335
956 3798 3.82716296 0.00382716296 3.97280335
956 3798 3.82703039 0.00382703039 3.97280335
956 3798 3.82712601 0.00382712601 3.97280335
956 3798 3.82710759 0.00382710759 3.97280335
956 3798 3.82690109 0.00382690109 3.97280335
955 3792 3.8231968 0.0038231968 3.97068063
955 3787 3.78781574 0.00378781574 3.96544503
955 3792 3.78814157 0.00378814157 3.97068063
955 3790 3.77716805 0.00377716805 3.96858639
955 3796 3.78550664 0.00378550664 3.97486911
955 3793 3.78145716 0.00378145716 3.97172775
955 3796 3.78588681 0.00378588681 3.97486911
955 3796 3.78578059 0.00378578059 3.97486911
955 3796 3.78567178 0.00378567178 3.97486911
955 3796 3.78552167 0.00378552167 3.97486911
954 3785 3.76296875 0.00376296875 3.96750524
954 3785 3.76292892 0.00376292892 3.96750524
954 3785 3.76298868 0.00376298868 3.96750524
954 3785 3.76294056 0.00376294056 3.96750524
954 3785 3.76288741 0.00376288741 3.96750524
954 3785 3.7628977 0.0037628977 3.96750524
954 3785 3.76288986 0.00376288986 3.96750524
954 3785 3.76289469 0.00376289469 3.96750524
954 3785 3.76289357 0.00376289357 3.96750524
954 3785 3.76289454 0.00376289454 3.96750524
953 3776 3.74363977 0.00374363977 3.96222455
953 3776 3.74364114 0.00374364114 3.96222455
953 3776 3.74365974 0.00374365974 3.96222455
953 3776 3.74367042 0.00374367042 3.96222455
953 3776 3.7436853 0.0037436853 3.96222455
953 3776 3.74368166 0.00374368166 3.96222455
953 3776 3.74368179 0.00374368179 3.96222455
953 3776 3.74368066 0.00374368066 3.96222455
953 3776 3.74368041 0.00374368041 3.96222455
953 3776 3.74367855 0.00374367855 3.96222455
952 3770 3.7396063 0.0037396063 3.96008403
952 3770 3.73926935 0.00373926935 3.96008403
952 3770 3.73951584 0.00373951584 3.96008403
952 3770 3.73984943 0.00373984943 3.96008403
952 3770 3.73918052 0.00373918052 3.96008403
952 3770 3.73994248 0.00373994248 3.96008403
952 3770 3.7402485 0.0037402485 3.96008403
952 3770 3.73991796 0.00373991796 3.96008403
952 3770 3.73959844 0.00373959844 3.96008403
952 3770 3.73988205 0.00373988205 3.96008403
951 3763 3.70210482 0.00370210482 3.95688749
951 3762 3.69874059 0.00369874059 3.95583596
951 3763 3.7029663 0.0037029663 3.95688749
951 3763 3.70301978 0.00370301978 3.95688749
951 3763 3.70390832 0.00370390832 3.95688749
951 3763 3.70253023 0.00370253023 3.95688749
951 3763 3.70266745 0.00370266745 3.95688749
951 3763 3.7034567 0.0037034567 3.95688749
951 3763 3.70235302 0.00370235302 3.95688749
951 3763 3.70242996 0.00370242996 3.95688749
950 3756 3.70306568 0.00370306568 3.95368421
950 3755 3.66288514 0.00366288514 3.95263158
950 3756 3.66310027 0.00366310027 3.95368421
950 3754 3.69178767 0.00369178767 3.95157895
950 3754 3.68482434 0.00368482434 3.95157895
950 3753 3.66062461 0.00366062461 3.95052632
950 3753 3.65992729 0.00365992729 3.95052632
950 3754 3.69144462 0.00369144462 3.95157895
950 3754 3.69098722 0.00369098722 3.95157895
950 3754 3.69153293 0.00369153293 3.95157895
949 3747 3.65637649 0.00365637649 3.9483667
949 3747 3.65675487 0.00365675487 3.9483667
949 3747 3.65632938 0.00365632938 3.9483667
949 3747 3.65622788 0.00365622788 3.9483667
949 3747 3.65523308 0.00365523308 3.9483667
949 3742 3.62690505 0.00362690505 3.943098
949 3744 3.61378429 0.00361378429 3.94520548
949 3749 3.62805653 0.00362805653 3.95047418
949 3745 3.64261642 0.00364261642 3.94625922
949 3742 3.62678332 0.00362678332 3.943098
948 3735 3.59528363 0.00359528363 3.93987342
948 3735 3.59530348 0.00359530348 3.93987342
948 3735 3.59507296 0.00359507296 3.93987342
948 3735 3.59531511 0.00359531511 3.93987342
948 3735 3.59529629 0.00359529629 3.93987342
948 3735 3.59526147 0.00359526147 3.93987342
948 3735 3.5953035 0.0035953035 3.93987342
948 3735 3.59527381 0.00359527381 3.93987342
948 3735 3.59528455 0.00359528455 3.93987342
948 3735 3.59529161 0.00359529161 3.93987342
947 3729 3.59234336 0.00359234336 3.93769799
947 3729 3.5924551 0.0035924551 3.93769799
947 3729 3.59216617 0.00359216617 3.93769799
947 3729 3.59222006 0.00359222006 3.93769799
947 3729 3.5922646 0.0035922646 3.93769799
947 3729 3.59230584 0.00359230584 3.93769799
947 3729 3.59230727 0.00359230727 3.93769799
947 3729 3.59230861 0.00359230861 3.93769799
947 3729 3.59230681 0.00359230681 3.93769799
947 3729 3.59230552 0.00359230552 3.93769799
946 3721 3.55528056 0.00355528056 3.93340381
946 3721 3.55602207 0.00355602207 3.93340381
946 3721 3.55535297 0.00355535297 3.93340381
946 3721 3.55556247 0.00355556247 3.93340381
946 3721 3.5556377 0.0035556377 3.93340381
946 3721 3.55562624 0.00355562624 3.93340381
946 3721 3.5555133 0.0035555133 3.93340381
946 3721 3.55558148 0.00355558148 3.93340381
946 3721 3.55559303 0.00355559303 3.93340381
946 3721 3.55559669 0.00355559669 3.93340381
945 3708 3.52952372 0.00352952372 3.92380952
945 3709 3.51264411 0.00351264411 3.92486772
945 3704 3.53052997 0.00353052997 3.91957672
945 3709 3.54258863 0.00354258863 3.92486772
945 3704 3.53124357 0.00353124357 3.91957672
945 3704 3.53050538 0.00353050538 3.91957672
945 3704 3.53033224 0.00353033224 3.91957672
945 3704 3.53093076 0.00353093076 3.91957672
945 3704 3.53106654 0.00353106654 3.91957672
945 3704 3.53076662 0.00353076662 3.91957672
944 3698 3.51385471 0.00351385471 3.91737288
944 3698 3.51382867 0.00351382867 3.91737288
944 3694 3.49364734 0.00349364734 3.91313559
944 3694 3.48285196 0.00348285196 3.91313559
944 3697 3.49424152 0.00349424152 3.91631356
944 3699 3.48157259 0.00348157259 3.9184322
944 3704 3.49113663 0.00349113663 3.92372881
944 3703 3.50573311 0.00350573311 3.92266949
944 3704 3.51226012 0.00351226012 3.92372881
944 3704 3.51271131 0.00351271131 3.92372881
943 3695 3.49398838 0.00349398838 3.91834571
943 3695 3.49402314 0.00349402314 3.91834571
943 3695 3.49425695 0.00349425695 3.91834571
943 3696 3.47809093 0.00347809093 3.91940615
943 3696 3.47787054 0.00347787054 3.91940615
943 3698 3.48484483 0.00348484483 3.92152704
943 3693 3.46223561 0.00346223561 3.91622481
943 3695 3.49389021 0.00349389021 3.91834571
943 3695 3.49399721 0.00349399721 3.91834571
943 3695 3.49423708 0.00349423708 3.91834571
942 3687 3.45951511 0.00345951511 3.91401274
942 3687 3.45913751 0.00345913751 3.91401274
942 3687 3.45962585 0.00345962585 3.91401274
942 3687 3.45935478 0.00345935478 3.91401274
942 3687 3.45924366 0.00345924366 3.91401274
942 3687 3.45930663 0.00345930663 3.91401274
942 3687 3.45931937 0.00345931937 3.91401274
942 3687 3.4593185 0.0034593185 3.91401274
942 3687 3.45931834 0.00345931834 3.91401274
942 3687 3.4593156 0.0034593156 3.91401274
941 3676 3.42536437 0.00342536437 3.90648247
941 3676 3.42492368 0.00342492368 3.90648247
941 3679 3.43045656 0.00343045656 3.90967056
941 3676 3.42449777 0.00342449777 3.90648247
941 3676 3.42562239 0.00342562239 3.90648247
941 3676 3.42499676 0.00342499676 3.90648247
941 3676 3.42459746 0.00342459746 3.90648247
941 3676 3.42525427 0.00342525427 3.90648247
941 3676 3.42502948 0.00342502948 3.90648247
941 3676 3.42485853 0.00342485853 3.90648247
940 3668 3.39842768 0.00339842768 3.90212766
940 3668 3.39877035 0.00339877035 3.90212766
940 3668 3.39963331 0.00339963331 3.90212766
940 3668 3.39925617 0.00339925617 3.90212766
940 3668 3.39885342 0.00339885342 3.90212766
940 3668 3.39894321 0.00339894321 3.90212766
940 3668 3.39973938 0.00339973938 3.90212766
940 3668 3.39954501 0.00339954501 3.90212766
940 3668 3.39957647 0.00339957647 3.90212766
940 3668 3.39957408 0.00339957408 3.90212766
939 3657 3.36006484 0.00336006484 3.89456869
939 3657 3.35600218 0.00335600218 3.89456869
939 3654 3.35149601 0.00335149601 3.8913738
939 3655 3.34479229 0.00334479229 3.89243876
939 3655 3.34468373 0.00334468373 3.89243876
939 3654 3.36492235 0.00336492235 3.8913738
939 3654 3.36470754 0.00336470754 3.8913738
939 3654 3.36522397 0.00336522397 3.8913738
939 3654 3.36513624 0.00336513624 3.8913738
939 3654 3.36499148 0.00336499148 3.8913738
938 3646 3.32801391 0.00332801391 3.8869936
938 3646 3.32799766 0.00332799766 3.8869936
938 3646 3.32781311 0.00332781311 3.8869936
938 3646 3.3277121 0.0033277121 3.8869936
938 3646 3.32783073 0.00332783073 3.8869936
938 3646 3.3278033 0.0033278033 3.8869936
938 3646 3.32773545 0.00332773545 3.8869936
938 3646 3.32775729 0.00332775729 3.8869936
938 3646 3.32774233 0.00332774233 3.8869936
938 3646 3.32774618 0.00332774618 3.8869936
937 3637 3.3236273 0.0033236273 3.88153682
937 3637 3.32373411 0.00332373411 3.88153682
937 3637 3.32384948 0.00332384948 3.88153682
937 3635 3.28455191 0.00328455191 3.87940235
937 3637 3.3232994 0.0033232994 3.88153682
937 3637 3.32383815 0.00332383815 3.88153682
937 3637 3.32378519 0.00332378519 3.88153682
937 3637 3.32394889 0.00332394889 3.88153682
937 3637 3.32399853 0.00332399853 3.88153682
937 3637 3.32386859 0.00332386859 3.88153682
936 3626 3.28468462 0.00328468462 3.87393162
936 3626 3.28465104 0.00328465104 3.87393162
936 3626 3.28486463 0.00328486463 3.87393162
936 3626 3.28479399 0.00328479399 3.87393162
936 3626 3.28472655 0.00328472655 3.87393162
936 3626 3.28483565 0.00328483565 3.87393162
936 3626 3.28476604 0.00328476604 3.87393162
936 3626 3.28475844 0.00328475844 3.87393162
936 3626 3.2847928 0.0032847928 3.87393162
936 3626 3.28475189 0.00328475189 3.87393162
935 3620 3.28021783 0.00328021783 3.87165775
935 3620 3.28049762 0.00328049762 3.87165775
935 3620 3.28030101 0.00328030101 3.87165775
935 3620 3.28037903 0.00328037903 3.87165775
935 3620 3.28043218 0.00328043218 3.87165775
935 3620 3.28044352 0.00328044352 3.87165775
935 3620 3.28044488 0.00328044488 3.87165775
935 3620 3.28044244 0.00328044244 3.87165775
935 3620 3.28043486 0.00328043486 3.87165775
935 3620 3.28043696 0.00328043696 3.87165775
934 3612 3.25097059 0.00325097059 3.86723769
934 3612 3.24217634 0.00324217634 3.86723769
934 3609 3.23384088 0.00323384088 3.8640257
933 3603 3.22944608 0.00322944608 3.86173633
933 3606 3.24057584 0.00324057584 3.86495177
933 3606 3.24132594 0.00324132594 3.86495177
933 3606 3.24148717 0.00324148717 3.86495177
933 3606 3.24128988 0.00324128988 3.86495177
933 3606 3.24103739 0.00324103739 3.86495177
933 3606 3.24075322 0.00324075322 3.86495177
932 3595 3.20220935 0.00320220935 3.85729614
932 3595 3.20314924 0.00320314924 3.85729614
932 3595 3.20217548 0.00320217548 3.85729614
932 3595 3.20147608 0.00320147608 3.85729614
932 3595 3.20228763 0.00320228763 3.85729614
932 3595 3.20233253 0.00320233253 3.85729614
932 3595 3.20234264 0.00320234264 3.85729614
932 3595 3.20186365 0.00320186365 3.85729614
932 3595 3.20222269 0.00320222269 3.85729614
932 3595 3.20217351 0.00320217351 3.85729614
931 3588 3.19559343 0.00319559343 3.85392052
931 3588 3.1947965 0.0031947965 3.85392052
931 3588 3.19547374 0.00319547374 3.85392052
931 3588 3.19541794 0.00319541794 3.85392052
931 3588 3.19568385 0.00319568385 3.85392052
931 3588 3.19507434 0.00319507434 3.85392052
931 3588 3.19567409 0.00319567409 3.85392052
931 3588 3.19507128 0.00319507128 3.85392052
931 3588 3.19570953 0.00319570953 3.85392052
931 3588 3.19575983 0.00319575983 3.85392052
930 3583 3.16736272 0.00316736272 3.85268817
930 3578 3.1530319 0.0031530319 3.84731183
930 3582 3.18539317 0.00318539317 3.8516129
930 3582 3.18550227 0.00318550227 3.8516129
930 3583 3.16697792 0.00316697792 3.85268817
930 3583 3.16703798 0.00316703798 3.85268817
930 3582 3.15741695 0.00315741695 3.8516129
930 3583 3.16729269 0.00316729269 3.85268817
930 3583 3.16742621 0.00316742621 3.85268817
930 3583 3.1673768 0.0031673768 3.85268817
929 3577 3.12985513 0.00312985513 3.85037675
929 3577 3.15724036 0.00315724036 3.85037675
929 3577 3.15779595 0.00315779595 3.85037675
929 3577 3.15742433 0.00315742433 3.85037675
929 3577 3.13020722 0.00313020722 3.85037675
929 3577 3.13027015 0.00313027015 3.85037675
929 3577 3.1305292 0.0031305292 3.85037675
929 3577 3.1306761 0.0031306761 3.85037675
929 3577 3.13023018 0.00313023018 3.85037675
929 3577 3.13023292 0.00313023292 3.85037675
928 3573 3.11622023 0.00311622023 3.85021552
928 3573 3.1162702 0.0031162702 3.85021552
928 3567 3.0874627 0.0030874627 3.84375
928 3568 3.09854659 0.00309854659 3.84482759
928 3568 3.09874706 0.00309874706 3.84482759
928 3568 3.09930458 0.00309930458 3.84482759
928 3570 3.11951718 0.00311951718 3.84698276
928 3568 3.09888818 0.00309888818 3.84482759
928 3568 3.09889428 0.00309889428 3.84482759
928 3573 3.11624325 0.00311624325 3.85021552
927 3564 3.07458245 0.00307458245 3.84466019
927 3567 3.10693998 0.00310693998 3.84789644
927 3564 3.08477695 0.00308477695 3.84466019
927 3565 3.0839423 0.0030839423 3.84573894
927 3565 3.08433886 0.00308433886 3.84573894
927 3564 3.08433375 0.00308433375 3.84466019
927 3564 3.08491205 0.00308491205 3.84466019
927 3564 3.08367509 0.00308367509 3.84466019
927 3564 3.08403059 0.00308403059 3.84466019
927 3564 3.08437437 0.00308437437 3.84466019
926 3554 3.04335498 0.00304335498 3.83801296
926 3556 3.05529449 0.00305529449 3.84017279
926 3552 3.02998285 0.00302998285 3.83585313
926 3553 3.04121739 0.00304121739 3.83693305
926 3554 3.05234333 0.00305234333 3.83801296
926 3557 3.04617814 0.00304617814 3.8412527
926 3555 3.02579416 0.00302579416 3.83909287
926 3554 3.01228257 0.00301228257 3.83801296
926 3553 3.01370518 0.00301370518 3.83693305
926 3553 3.02037713 0.00302037713 3.83693305
925 3545 2.98726605 0.00298726605 3.83243243
925 3545 2.98649145 0.00298649145 3.83243243
925 3545 2.98601242 0.00298601242 3.83243243
925 3545 2.98560134 0.00298560134 3.83243243
925 3545 2.98663644 0.00298663644 3.83243243
925 3545 2.98590412 0.00298590412 3.83243243
925 3544 2.97925357 0.00297925357 3.83135135
925 3546 2.98663082 0.00298663082 3.83351351
925 3546 2.98666055 0.00298666055 3.83351351
925 3546 2.98593386 0.00298593386 3.83351351
924 3536 2.94771076 0.00294771076 3.82683983
924 3536 2.94809275 0.00294809275 3.82683983
924 3536 2.9477229 0.0029477229 3.82683983
924 3536 2.94761634 0.00294761634 3.82683983
924 3536 2.94784111 0.00294784111 3.82683983
924 3536 2.94776476 0.00294776476 3.82683983
924 3536 2.94802376 0.00294802376 3.82683983
924 3536 2.9477807 0.0029477807 3.82683983
924 3536 2.94793011 0.00294793011 3.82683983
924 3536 2.94786942 0.00294786942 3.82683983
923 3530 2.93874887 0.00293874887 3.82448537
923 3530 2.93878378 0.00293878378 3.82448537
923 3530 2.93880173 0.00293880173 3.82448537
923 3530 2.93878198 0.00293878198 3.82448537
923 3530 2.93888835 0.00293888835 3.82448537
923 3530 2.93883345 0.00293883345 3.82448537
923 3530 2.93887164 0.00293887164 3.82448537
923 3530 2.93888494 0.00293888494 3.82448537
923 3530 2.93887267 0.00293887267 3.82448537
923 3530 2.93889977 0.00293889977 3.82448537
922 3523 2.93199399 0.00293199399 3.82104121
922 3523 2.93176068 0.00293176068 3.82104121
922 3523 2.93169846 0.00293169846 3.82104121
922 3523 2.9316421 0.0029316421 3.82104121
922 3523 2.9315823 0.0029315823 3.82104121
922 3523 2.93195475 0.00293195475 3.82104121
922 3523 2.93161301 0.00293161301 3.82104121
922 3523 2.93164446 0.00293164446 3.82104121
922 3523 2.93160385 0.00293160385 3.82104121
922 3523 2.9319464 0.0029319464 3.82104121
921 3516 2.9175518 0.0029175518 3.81758958
921 3515 2.88483314 0.00288483314 3.8165038
921 3516 2.85228455 0.00285228455 3.81758958
921 3516 2.86089887 0.00286089887 3.81758958
921 3515 2.84631364 0.00284631364 3.8165038
921 3511 2.82837348 0.00282837348 3.81216069
921 3514 2.85577816 0.00285577816 3.81541802
921 3513 2.85617159 0.00285617159 3.81433225
921 3515 2.84923001 0.00284923001 3.8165038
921 3513 2.83049094 0.00283049094 3.81433225
920 3504 2.81930209 0.00281930209 3.80869565
920 3504 2.81925751 0.00281925751 3.80869565
920 3504 2.8189844 0.0028189844 3.80869565
920 3504 2.81950241 0.00281950241 3.80869565
920 3504 2.81927427 0.00281927427 3.80869565
920 3504 2.81896943 0.00281896943 3.80869565
920 3504 2.81963985 0.00281963985 3.80869565
920 3504 2.81898465 0.00281898465 3.80869565
920 3504 2.81921567 0.00281921567 3.80869565
920 3504 2.81926827 0.00281926827 3.80869565
919 3497 2.80663881 0.00280663881 3.80522307
919 3497 2.80661472 0.00280661472 3.80522307
919 3497 2.80672276 0.00280672276 3.80522307
919 3497 2.80682177 0.00280682177 3.80522307
919 3497 2.80678436 0.00280678436 3.80522307
919 3497 2.80667957 0.00280667957 3.80522307
919 3497 2.80653587 0.00280653587 3.80522307
919 3497 2.80667945 0.00280667945 3.80522307
919 3497 2.80677174 0.00280677174 3.80522307
919 3497 2.80678704 0.00280678704 3.80522307
918 3489 2.78919064 0.00278919064 3.80065359
918 3489 2.78865371 0.00278865371 3.80065359
918 3489 2.78900029 0.00278900029 3.80065359
918 3491 2.7685892 0.0027685892 3.80283224
918 3492 2.76097512 0.00276097512 3.80392157
918 3493 2.7702162 0.0027702162 3.80501089
918 3493 2.78256222 0.00278256222 3.80501089
918 3495 2.77583971 0.00277583971 3.80718954
918 3494 2.79722813 0.00279722813 3.80610022
918 3496 2.78412283 0.00278412283 3.80827887
917 3489 2.77451933 0.00277451933 3.80479826
917 3487 2.78669084 0.00278669084 3.80261723
917 3488 2.77618427 0.00277618427 3.80370774
917 3492 2.7944998 0.0027944998 3.80806979
917 3491 2.794973 0.002794973 3.80697928
917 3493 2.79456767 0.00279456767 3.80916031
917 3493 2.7916856 0.0027916856 3.80916031
917 3494 2.76638849 0.00276638849 3.81025082
917 3490 2.77974185 0.00277974185 3.80588877
917 3492 2.77968345 0.00277968345 3.80806979
916 3486 2.77675877 0.00277675877 3.80567686
916 3487 2.76351984 0.00276351984 3.80676856
916 3490 2.76744191 0.00276744191 3.81004367
916 3486 2.77638496 0.00277638496 3.80567686
916 3486 2.77656628 0.00277656628 3.80567686
916 3486 2.77669436 0.00277669436 3.80567686
916 3486 2.77655148 0.00277655148 3.80567686
916 3486 2.77652692 0.00277652692 3.80567686
916 3486 2.77654695 0.00277654695 3.80567686
916 3486 2.77665755 0.00277665755 3.80567686
915 3479 2.7632992 0.0027632992 3.80218579
915 3475 2.74543014 0.00274543014 3.79781421
914 3468 2.73850951 0.00273850951 3.79431072
914 3466 2.74350428 0.00274350428 3.79212254
914 3468 2.73873801 0.00273873801 3.79431072
914 3468 2.73884254 0.00273884254 3.79431072
914 3468 2.73883143 0.00273883143 3.79431072
914 3468 2.73847193 0.00273847193 3.79431072
914 3468 2.73859766 0.00273859766 3.79431072
914 3468 2.7385633 0.0027385633 3.79431072
913 3460 2.72213096 0.00272213096 3.78970427
913 3460 2.71295148 0.00271295148 3.78970427
913 3460 2.72206411 0.00272206411 3.78970427
913 3460 2.72237742 0.00272237742 3.78970427
913 3460 2.72240906 0.00272240906 3.78970427
913 3460 2.72232451 0.00272232451 3.78970427
913 3460 2.72190038 0.00272190038 3.78970427
913 3460 2.72197761 0.00272197761 3.78970427
913 3460 2.72172087 0.00272172087 3.78970427
913 3460 2.7213109 0.0027213109 3.78970427
912 3452 2.69614816 0.00269614816 3.78508772
912 3452 2.69608551 0.00269608551 3.78508772
912 3452 2.69618576 0.00269618576 3.78508772
912 3452 2.69737577 0.00269737577 3.78508772
912 3452 2.69679749 0.00269679749 3.78508772
912 3452 2.69680866 0.00269680866 3.78508772
912 3452 2.69693236 0.00269693236 3.78508772
912 3452 2.69684371 0.00269684371 3.78508772
912 3452 2.69684658 0.00269684658 3.78508772
912 3452 2.69685517 0.00269685517 3.78508772
911 3447 2.67161938 0.00267161938 3.78375412
911 3446 2.68888999 0.00268888999 3.78265642
911 3447 2.67144671 0.00267144671 3.78375412
911 3447 2.67165314 0.00267165314 3.78375412
911 3447 2.67135127 0.00267135127 3.78375412
911 3447 2.67145246 0.00267145246 3.78375412
911 3447 2.67162749 0.00267162749 3.78375412
911 3447 2.67156084 0.00267156084 3.78375412
911 3447 2.67156738 0.00267156738 3.78375412
911 3447 2.67159913 0.00267159913 3.78375412
910 3441 2.66382136 0.00266382136 3.78131868
910 3437 2.63370244 0.00263370244 3.77692308
910 3441 2.66316112 0.00266316112 3.78131868
910 3441 2.66362136 0.00266362136 3.78131868
910 3441 2.66463597 0.00266463597 3.78131868
910 3441 2.66390621 0.00266390621 3.78131868
910 3441 2.66382743 0.00266382743 3.78131868
910 3441 2.66404726 0.00266404726 3.78131868
910 3441 2.66425646 0.00266425646 3.78131868
910 3441 2.66422969 0.00266422969 3.78131868
909 3437 2.66338478 0.00266338478 3.78107811
909 3437 2.66387918 0.00266387918 3.78107811
909 3437 2.66356545 0.00266356545 3.78107811
909 3437 2.66382709 0.00266382709 3.78107811
909 3437 2.66337261 0.00266337261 3.78107811
909 3437 2.66337648 0.00266337648 3.78107811
909 3437 2.66329274 0.00266329274 3.78107811
909 3431 2.62650789 0.00262650789 3.77447745
909 3431 2.62607866 0.00262607866 3.77447745
909 3431 2.62629758 0.00262629758 3.77447745
908 3427 2.62614732 0.00262614732 3.77422907
908 3427 2.6258979 0.0026258979 3.77422907
908 3427 2.62585259 0.00262585259 3.77422907
908 3427 2.62529478 0.00262529478 3.77422907
908 3427 2.62508787 0.00262508787 3.77422907
908 3427 2.62651186 0.00262651186 3.77422907
908 3427 2.62544836 0.00262544836 3.77422907
908 3427 2.62596818 0.00262596818 3.77422907
908 3427 2.62608038 0.00262608038 3.77422907
908 3427 2.62660685 0.00262660685 3.77422907
907 3421 2.58437408 0.00258437408 3.77177508
907 3421 2.59295119 0.00259295119 3.77177508
907 3422 2.58943314 0.00258943314 3.77287762
907 3420 2.56469769 0.00256469769 3.77067255
907 3426 2.59922946 0.00259922946 3.77728776
907 3421 2.58741559 0.00258741559 3.77177508
907 3422 2.57110444 0.00257110444 3.77287762
907 3426 2.5988348 0.0025988348 3.77728776
907 3426 2.59912228 0.00259912228 3.77728776
907 3422 2.57140103 0.00257140103 3.77287762
906 3416 2.56431609 0.00256431609 3.77041943
906 3416 2.56505741 0.00256505741 3.77041943
906 3416 2.56489383 0.00256489383 3.77041943
906 3416 2.5656527 0.0025656527 3.77041943
906 3416 2.56440334 0.00256440334 3.77041943
906 3416 2.56533169 0.00256533169 3.77041943
906 3416 2.56588264 0.00256588264 3.77041943
906 3416 2.56453232 0.00256453232 3.77041943
906 3416 2.56511933 0.00256511933 3.77041943
906 3416 2.56607619 0.00256607619 3.77041943
905 3408 2.53608255 0.00253608255 3.76574586
905 3410 2.52250965 0.00252250965 3.7679558
905 3408 2.53672143 0.00253672143 3.76574586
905 3410 2.52246556 0.00252246556 3.7679558
905 3408 2.53667867 0.00253667867 3.76574586
905 3410 2.52234368 0.00252234368 3.7679558
905 3410 2.52266858 0.00252266858 3.7679558
905 3410 2.5227582 0.0025227582 3.7679558
905 3410 2.52252854 0.00252252854 3.7679558
905 3410 2.52278604 0.00252278604 3.7679558
904 3402 2.49637588 0.00249637588 3.76327434
904 3402 2.49642429 0.00249642429 3.76327434
904 3402 2.49561143 0.00249561143 3.76327434
904 3402 2.49592643 0.00249592643 3.76327434
904 3402 2.49586284 0.00249586284 3.76327434
904 3402 2.49667062 0.00249667062 3.76327434
904 3402 2.49596848 0.00249596848 3.76327434
904 3402 2.4966102 0.0024966102 3.76327434
904 3402 2.49612078 0.00249612078 3.76327434
904 3402 2.49596451 0.00249596451 3.76327434
903 3396 2.4572459 0.0024572459 3.76079734
903 3395 2.44732098 0.00244732098 3.75968992
903 3397 2.44837116 0.00244837116 3.76190476
903 3394 2.46433142 0.00246433142 3.7585825
903 3394 2.4662081 0.0024662081 3.7585825
903 3394 2.46523209 0.00246523209 3.7585825
903 3394 2.46548861 0.00246548861 3.7585825
903 3394 2.46522635 0.00246522635 3.7585825
903 3394 2.46552944 0.00246552944 3.7585825
903 3394 2.46560687 0.00246560687 3.7585825
902 3386 2.43918499 0.00243918499 3.75388027
902 3386 2.43831834 0.00243831834 3.75388027
902 3386 2.43855675 0.00243855675 3.75388027
902 3386 2.43859793 0.00243859793 3.75388027
902 3386 2.43848057 0.00243848057 3.75388027
902 3386 2.43851053 0.00243851053 3.75388027
902 3386 2.43852566 0.00243852566 3.75388027
902 3386 2.43852384 0.00243852384 3.75388027
902 3386 2.43854198 0.00243854198 3.75388027
902 3386 2.43854581 0.00243854581 3.75388027
901 3379 2.43248561 0.00243248561 3.75027747
901 3378 2.41364786 0.00241364786 3.74916759
901 3376 2.39827439 0.00239827439 3.74694784
901 3378 2.41273519 0.00241273519 3.74916759
901 3376 2.39848808 0.00239848808 3.74694784
901 3376 2.39786749 0.00239786749 3.74694784
901 3378 2.4114938 0.0024114938 3.74916759
901 3376 2.4018283 0.0024018283 3.74694784
901 3376 2.39905056 0.00239905056 3.74694784
901 3376 2.3986453 0.0023986453 3.74694784
900 3368 2.36966372 0.00236966372 3.74222222
900 3369 2.39273916 0.00239273916 3.74333333
900 3368 2.3696631 0.0023696631 3.74222222
900 3368 2.36955336 0.00236955336 3.74222222
900 3368 2.36943614 0.00236943614 3.74222222
900 3368 2.3696577 0.0023696577 3.74222222
900 3368 2.36966713 0.00236966713 3.74222222
900 3368 2.3696181 0.0023696181 3.74222222
900 3368 2.36967406 0.00236967406 3.74222222
900 3368 2.36964278 0.00236964278 3.74222222
899 3361 2.36427726 0.00236427726 3.73859844
899 3361 2.36444397 0.00236444397 3.73859844
899 3361 2.36505085 0.00236505085 3.73859844
899 3361 2.36436223 0.00236436223 3.73859844
899 3361 2.36462959 0.00236462959 3.73859844
899 3361 2.36481695 0.00236481695 3.73859844
899 3361 2.3648359 0.0023648359 3.73859844
899 3361 2.3648461 0.0023648461 3.73859844
899 3361 2.36483236 0.00236483236 3.73859844
899 3361 2.36480121 0.00236480121 3.73859844
898 3353 2.34179376 0.00234179376 3.73385301
898 3353 2.34154269 0.00234154269 3.73385301
898 3353 2.3411758 0.0023411758 3.73385301
898 3353 2.34118993 0.00234118993 3.73385301
898 3353 2.34118414 0.00234118414 3.73385301
898 3353 2.34123001 0.00234123001 3.73385301
898 3353 2.34118353 0.00234118353 3.73385301
898 3353 2.34119406 0.00234119406 3.73385301
898 3353 2.34118505 0.00234118505 3.73385301
898 3353 2.34118441 0.00234118441 3.73385301
897 3347 2.32411153 0.00232411153 3.73132664
897 3345 2.30579873 0.00230579873 3.72909699
897 3347 2.32271675 0.00232271675 3.73132664
897 3347 2.32294528 0.00232294528 3.73132664
897 3347 2.32249276 0.00232249276 3.73132664
897 3347 2.32308599 0.00232308599 3.73132664
897 3347 2.32301385 0.00232301385 3.73132664
897 3347 2.32328063 0.00232328063 3.73132664
897 3347 2.32316369 0.00232316369 3.73132664
897 3347 2.32318786 0.00232318786 3.73132664
896 3339 2.3000803 0.0023000803 3.7265625
896 3339 2.29975886 0.00229975886 3.7265625
896 3339 2.29935878 0.00229935878 3.7265625
896 3340 2.29415008 0.00229415008 3.72767857
896 3340 2.29372863 0.00229372863 3.72767857
896 3339 2.29965019 0.00229965019 3.7265625
896 3340 2.29396526 0.00229396526 3.72767857
896 3340 2.29331818 0.00229331818 3.72767857
896 3340 2.2938145 0.0022938145 3.72767857
896 3340 2.29378269 0.00229378269 3.72767857
895 3332 2.270649 0.002270649 3.72290503
895 3332 2.26994792 0.00226994792 3.72290503
895 3332 2.27012658 0.00227012658 3.72290503
895 3332 2.27016488 0.00227016488 3.72290503
895 3332 2.27031938 0.00227031938 3.72290503
895 3332 2.27030015 0.00227030015 3.72290503
895 3332 2.27022494 0.00227022494 3.72290503
895 3332 2.27015663 0.00227015663 3.72290503
895 3332 2.27001144 0.00227001144 3.72290503
895 3332 2.27022583 0.00227022583 3.72290503
894 3323 2.2585926 0.0022585926 3.71700224
894 3323 2.2586425 0.0022586425 3.71700224
894 3323 2.25863727 0.00225863727 3.71700224
894 3323 2.25854708 0.00225854708 3.71700224
894 3323 2.25848566 0.00225848566 3.71700224
894 3323 2.25842015 0.00225842015 3.71700224
894 3323 2.25837411 0.00225837411 3.71700224
894 3323 2.25836889 0.00225836889 3.71700224
894 3323 2.25842045 0.00225842045 3.71700224
894 3323 2.25847558 0.00225847558 3.71700224
893 3317 2.2584058 0.0022584058 3.71444569
893 3317 2.259862 0.002259862 3.71444569
893 3317 2.2584138 0.0022584138 3.71444569
893 3315 2.24889624 0.00224889624 3.71220605
893 3315 2.23939983 0.00223939983 3.71220605
893 3316 2.24360099 0.00224360099 3.71332587
893 3316 2.24403122 0.00224403122 3.71332587
893 3316 2.24396779 0.00224396779 3.71332587
893 3316 2.24398986 0.00224398986 3.71332587
893 3316 2.24409007 0.00224409007 3.71332587
892 3307 2.23242137 0.00223242137 3.7073991
892 3307 2.23228233 0.00223228233 3.7073991
892 3307 2.23243389 0.00223243389 3.7073991
892 3307 2.23253455 0.00223253455 3.7073991
892 3307 2.23247607 0.00223247607 3.7073991
892 3307 2.23241166 0.00223241166 3.7073991
892 3307 2.23246181 0.00223246181 3.7073991
892 3307 2.23255376 0.00223255376 3.7073991
892 3307 2.23261126 0.00223261126 3.7073991
892 3307 2.23256192 0.00223256192 3.7073991
891 3301 2.23249314 0.00223249314 3.70482604
891 3301 2.23272086 0.00223272086 3.70482604
891 3301 2.23281986 0.00223281986 3.70482604
891 3302 2.19736859 0.00219736859 3.70594837
891 3303 2.20197021 0.00220197021 3.70707071
891 3301 2.17336074 0.00217336074 3.70482604
891 3297 2.19242498 0.00219242498 3.7003367
891 3301 2.17738875 0.00217738875 3.70482604
891 3301 2.19364218 0.00219364218 3.70482604
891 3300 2.19973098 0.00219973098 3.7037037
890 3293 2.16997465 0.00216997465 3.7
890 3293 2.17104714 0.00217104714 3.7
890 3293 2.17093588 0.00217093588 3.7
890 3292 2.18269547 0.00218269547 3.6988764
890 3293 2.17069202 0.00217069202 3.7
890 3291 2.1872368 0.0021872368 3.69775281
890 3292 2.16636017 0.00216636017 3.6988764
890 3292 2.16660064 0.00216660064 3.6988764
890 3292 2.16627802 0.00216627802 3.6988764
890 3292 2.16664479 0.00216664479 3.6988764
889 3284 2.15984798 0.00215984798 3.69403825
889 3284 2.15982495 0.00215982495 3.69403825
889 3287 2.13350037 0.00213350037 3.69741282
889 3284 2.15979721 0.00215979721 3.69403825
889 3284 2.15907877 0.00215907877 3.69403825
889 3284 2.15918194 0.00215918194 3.69403825
889 3284 2.15966415 0.00215966415 3.69403825
889 3287 2.13358267 0.00213358267 3.69741282
889 3284 2.16042112 0.00216042112 3.69403825
889 3284 2.15975327 0.00215975327 3.69403825
888 3279 2.12719743 0.00212719743 3.69256757
888 3279 2.12738964 0.00212738964 3.69256757
888 3275 2.13909126 0.00213909126 3.68806306
888 3278 2.13154483 0.00213154483 3.69144144
888 3278 2.11617974 0.00211617974 3.69144144
888 3277 2.11016414 0.00211016414 3.69031532
888 3278 2.11628179 0.00211628179 3.69144144
887 3270 2.11019007 0.00211019007 3.68658399
887 3270 2.11012111 0.00211012111 3.68658399
887 3272 2.10068601 0.00210068601 3.68883878
886 3263 2.08465186 0.00208465186 3.68284424
886 3264 2.05986345 0.00205986345 3.68397291
886 3264 2.07659732 0.00207659732 3.68397291
886 3259 2.07085334 0.00207085334 3.67832957
886 3262 2.06352063 0.00206352063 3.68171558
886 3262 2.06669167 0.00206669167 3.68171558
886 3261 2.07704549 0.00207704549 3.68058691
886 3259 2.08638845 0.00208638845 3.67832957
886 3256 2.08714752 0.00208714752 3.67494357
886 3255 2.09085246 0.00209085246 3.6738149
885 3246 2.08815078 0.00208815078 3.66779661
885 3248 2.0968165 0.0020968165 3.6700565
885 3250 2.11955754 0.00211955754 3.67231638
885 3250 2.12382821 0.00212382821 3.67231638
885 3253 2.11734139 0.00211734139 3.67570621
885 3250 2.12466179 0.00212466179 3.67231638
885 3248 2.12652881 0.00212652881 3.6700565
885 3246 2.13906144 0.00213906144 3.66779661
885 3245 2.13084059 0.00213084059 3.66666667
885 3245 2.1444609 0.0021444609 3.66666667
884 3240 2.13463034 0.00213463034 3.66515837
884 3236 2.14312465 0.00214312465 3.66063348
884 3240 2.143176 0.002143176 3.66515837
884 3239 2.15120534 0.00215120534 3.66402715
883 3232 2.1423522 0.0021423522 3.66024915
883 3234 2.1424576 0.0021424576 3.66251416
883 3232 2.13962943 0.00213962943 3.66024915
883 3233 2.13792909 0.00213792909 3.66138165
883 3231 2.13703009 0.00213703009 3.65911665
883 3233 2.14001532 0.00214001532 3.66138165
882 3225 2.13686649 0.00213686649 3.65646259
881 3216 2.13335382 0.00213335382 3.65039728
881 3213 2.12911442 0.00212911442 3.64699205
881 3212 2.15111718 0.00215111718 3.64585698
881 3214 2.15617924 0.00215617924 3.64812713
880 3210 2.14530248 0.00214530248 3.64772727
880 3215 2.14395234 0.00214395234 3.65340909
880 3219 2.14091288 0.00214091288 3.65795455
880 3225 2.16326079 0.00216326079 3.66477273
880 3218 2.16582841 0.00216582841 3.65681818
879 3209 2.15736161 0.00215736161 3.65073948
SP does not find any fixed points -> SP does not converge.
I am sorry I quit :(
