START ALGORITHM:
I am going to build an instance with N: 300 variables and 1245 clauses with a clause density equal to 4.15
START BSP WITH r=0.9:
Decimation scorer: cert
END UNIT PROPAGATION
300 1245 3.03196936 0.0101065645 4.15
300 1245 3.03190736 0.0101063579 4.15
300 1245 3.03206218 0.0101068739 4.15
300 1245 3.03326902 0.0101108967 4.15
300 1245 3.0337691 0.0101125637 4.15
300 1245 3.03374086 0.0101124695 4.15
300 1245 3.03346447 0.0101115482 4.15
300 1245 3.03345692 0.0101115231 4.15
300 1245 3.0333849 0.010111283 4.15
299 1237 3.02495913 0.0100831971 4.13712375
299 1237 3.02496861 0.0100832287 4.13712375
299 1230 3.02802623 0.0100934208 4.11371237
299 1230 3.02805777 0.0100935259 4.11371237
299 1230 3.02801762 0.0100933921 4.11371237
299 1232 3.02984534 0.0100994845 4.12040134
299 1232 3.029846 0.0100994867 4.12040134
299 1232 3.02979153 0.0100993051 4.12040134
299 1232 3.02975939 0.010099198 4.12040134
299 1232 3.02977381 0.010099246 4.12040134
298 1226 3.025061 0.0100835367 4.11409396
298 1226 3.0250776 0.010083592 4.11409396
298 1226 3.02505515 0.0100835172 4.11409396
298 1226 3.02506192 0.0100835397 4.11409396
298 1226 3.02505952 0.0100835317 4.11409396
298 1226 3.02506736 0.0100835579 4.11409396
298 1223 3.02535862 0.0100845287 4.10402685
298 1223 3.02537397 0.0100845799 4.10402685
298 1223 3.02540302 0.0100846767 4.10402685
298 1223 3.02537269 0.0100845756 4.10402685
297 1218 3.01829095 0.0100609698 4.1010101
297 1215 3.01713182 0.0100571061 4.09090909
297 1219 3.01837247 0.0100612416 4.1043771
297 1219 3.01839043 0.0100613014 4.1043771
297 1219 3.0184131 0.010061377 4.1043771
297 1219 3.01840693 0.0100613564 4.1043771
297 1219 3.01843134 0.0100614378 4.1043771
297 1219 3.01842296 0.0100614099 4.1043771
297 1219 3.01846687 0.0100615562 4.1043771
297 1219 3.01848074 0.0100616025 4.1043771
296 1213 3.01373033 0.0100457678 4.09797297
296 1210 3.01415206 0.0100471735 4.08783784
296 1210 3.01413412 0.0100471137 4.08783784
296 1210 3.01416819 0.0100472273 4.08783784
296 1210 3.0141288 0.010047096 4.08783784
296 1210 3.01406954 0.0100468985 4.08783784
296 1210 3.01406682 0.0100468894 4.08783784
296 1210 3.01409762 0.0100469921 4.08783784
296 1210 3.01412236 0.0100470745 4.08783784
296 1210 3.01401429 0.0100467143 4.08783784
295 1204 3.00965984 0.0100321995 4.08135593
295 1204 3.0095821 0.0100319403 4.08135593
295 1204 3.00958353 0.0100319451 4.08135593
295 1204 3.00961373 0.0100320458 4.08135593
295 1204 3.00959852 0.0100319951 4.08135593
295 1204 3.00957592 0.0100319197 4.08135593
295 1204 3.00953953 0.0100317984 4.08135593
295 1204 3.00962897 0.0100320966 4.08135593
295 1204 3.00958842 0.0100319614 4.08135593
295 1204 3.00955655 0.0100318552 4.08135593
294 1196 3.00081991 0.010002733 4.06802721
294 1197 3.00109128 0.0100036376 4.07142857
294 1194 3.00096542 0.0100032181 4.06122449
294 1194 3.00092027 0.0100030676 4.06122449
294 1194 3.00078321 0.0100026107 4.06122449
294 1189 3.00437939 0.010014598 4.04421769
294 1189 3.00441873 0.0100147291 4.04421769
294 1189 3.00436551 0.0100145517 4.04421769
294 1189 3.00449488 0.0100149829 4.04421769
294 1189 3.0045349 0.0100151163 4.04421769
293 1180 2.9994058 0.00999801932 4.02730375
293 1180 2.99942049 0.00999806829 4.02730375
293 1180 2.99957722 0.00999859074 4.02730375
293 1180 2.99943097 0.00999810322 4.02730375
293 1180 2.99932988 0.00999776627 4.02730375
293 1180 2.99932854 0.0099977618 4.02730375
293 1180 2.99928702 0.00999762341 4.02730375
293 1180 2.99927067 0.00999756889 4.02730375
293 1180 2.99928495 0.0099976165 4.02730375
293 1180 2.99922432 0.00999741439 4.02730375
292 1173 2.99149026 0.00997163419 4.01712329
292 1173 2.99146679 0.00997155597 4.01712329
292 1173 2.99145573 0.00997151909 4.01712329
292 1173 2.9913606 0.009971202 4.01712329
292 1173 2.99136458 0.00997121527 4.01712329
292 1173 2.99127567 0.0099709189 4.01712329
292 1173 2.9913583 0.00997119432 4.01712329
292 1173 2.9914769 0.00997158966 4.01712329
292 1173 2.9914522 0.00997150732 4.01712329
292 1173 2.99148535 0.00997161782 4.01712329
291 1165 2.98153201 0.00993844003 4.00343643
291 1164 2.98327763 0.00994425876 4
291 1163 2.9834703 0.009944901 3.99656357
291 1164 2.98491396 0.00994971318 4
291 1164 2.98498269 0.0099499423 4
291 1164 2.98495462 0.00994984872 4
291 1164 2.98497113 0.00994990378 4
291 1164 2.98495583 0.00994985278 4
291 1164 2.98496125 0.00994987085 4
291 1164 2.98498058 0.00994993525 4
290 1156 2.97544082 0.00991813608 3.9862069
290 1155 2.97720369 0.00992401229 3.98275862
290 1155 2.97714573 0.00992381909 3.98275862
290 1155 2.97693767 0.00992312555 3.98275862
290 1155 2.97681534 0.00992271781 3.98275862
290 1156 2.9768353 0.00992278435 3.9862069
290 1159 2.97862739 0.00992875797 3.99655172
290 1159 2.97912501 0.00993041671 3.99655172
290 1159 2.97884268 0.00992947561 3.99655172
290 1159 2.97860785 0.00992869282 3.99655172
289 1151 2.96780729 0.00989269098 3.98269896
289 1152 2.97141926 0.00990473087 3.98615917
289 1152 2.97167883 0.00990559609 3.98615917
289 1152 2.97149086 0.00990496953 3.98615917
289 1150 2.9712818 0.00990427265 3.97923875
289 1150 2.97102078 0.00990340261 3.97923875
289 1149 2.9703292 0.00990109733 3.97577855
289 1149 2.97098501 0.00990328335 3.97577855
289 1149 2.97113872 0.00990379572 3.97577855
289 1149 2.97386529 0.00991288429 3.97577855
288 1143 2.96434087 0.00988113625 3.96875
288 1142 2.96620531 0.00988735103 3.96527778
288 1142 2.96669957 0.00988899858 3.96527778
288 1142 2.96677362 0.0098892454 3.96527778
288 1142 2.96643293 0.00988810978 3.96527778
288 1142 2.96599349 0.00988664498 3.96527778
288 1142 2.9658582 0.009886194 3.96527778
288 1142 2.96589468 0.00988631561 3.96527778
288 1142 2.96618835 0.00988729448 3.96527778
288 1142 2.96642339 0.00988807797 3.96527778
287 1137 2.95843553 0.00986145176 3.96167247
287 1137 2.95825479 0.00986084929 3.96167247
287 1133 2.9592011 0.00986400367 3.94773519
287 1133 2.95925867 0.00986419557 3.94773519
287 1132 2.95847656 0.00986158852 3.94425087
287 1132 2.95843994 0.00986146645 3.94425087
287 1132 2.95845961 0.00986153203 3.94425087
287 1133 2.95923556 0.00986411854 3.94773519
287 1133 2.95914513 0.00986381709 3.94773519
287 1133 2.95920838 0.00986402794 3.94773519
286 1125 2.95202072 0.00984006907 3.93356643
286 1125 2.95205562 0.00984018539 3.93356643
286 1125 2.95200442 0.00984001472 3.93356643
286 1125 2.95375838 0.00984586126 3.93356643
286 1125 2.95374484 0.00984581614 3.93356643
286 1125 2.95380763 0.00984602544 3.93356643
286 1125 2.95388438 0.00984628127 3.93356643
286 1125 2.95392648 0.0098464216 3.93356643
286 1125 2.95390718 0.00984635727 3.93356643
286 1125 2.95389743 0.00984632478 3.93356643
285 1120 2.94626497 0.00982088324 3.92982456
285 1120 2.9466524 0.00982217466 3.92982456
285 1120 2.94638827 0.00982129423 3.92982456
285 1120 2.94599903 0.00981999677 3.92982456
285 1120 2.9458597 0.00981953234 3.92982456
285 1120 2.94638143 0.00982127144 3.92982456
285 1120 2.94656382 0.00982187941 3.92982456
285 1117 2.9470841 0.00982361367 3.91929825
285 1117 2.94705628 0.00982352094 3.91929825
285 1117 2.94685878 0.0098228626 3.91929825
284 1108 2.9368956 0.00978965199 3.90140845
284 1108 2.93750206 0.00979167353 3.90140845
284 1109 2.93901716 0.00979672388 3.90492958
284 1109 2.93847041 0.00979490136 3.90492958
284 1109 2.93846978 0.00979489926 3.90492958
284 1108 2.93832963 0.00979443208 3.90140845
284 1108 2.93829031 0.00979430105 3.90140845
284 1113 2.93355461 0.00977851538 3.91901408
284 1113 2.93354821 0.00977849403 3.91901408
284 1113 2.93354814 0.00977849379 3.91901408
283 1105 2.92711393 0.00975704645 3.90459364
283 1105 2.92698987 0.0097566329 3.90459364
283 1105 2.92689826 0.00975632752 3.90459364
283 1105 2.92698166 0.00975660554 3.90459364
283 1105 2.92686551 0.00975621835 3.90459364
283 1104 2.92748332 0.00975827774 3.90106007
283 1104 2.9274889 0.00975829634 3.90106007
283 1104 2.9275193 0.00975839768 3.90106007
283 1103 2.93197243 0.00977324145 3.8975265
283 1103 2.93189352 0.0097729784 3.8975265
282 1094 2.92421728 0.00974739094 3.87943262
282 1094 2.92436489 0.00974788297 3.87943262
282 1093 2.92392169 0.00974640562 3.87588652
282 1093 2.92387055 0.00974623517 3.87588652
282 1095 2.92539423 0.00975131411 3.88297872
282 1095 2.92548024 0.00975160079 3.88297872
282 1095 2.92548579 0.00975161929 3.88297872
282 1095 2.9253383 0.00975112765 3.88297872
282 1095 2.92548223 0.00975160744 3.88297872
282 1095 2.92540481 0.00975134935 3.88297872
281 1085 2.91762089 0.00972540295 3.86120996
281 1085 2.91754304 0.00972514345 3.86120996
281 1086 2.91770361 0.00972567871 3.86476868
281 1086 2.91763616 0.00972545386 3.86476868
281 1086 2.91780665 0.00972602218 3.86476868
281 1086 2.91790083 0.0097263361 3.86476868
281 1086 2.91777285 0.00972590949 3.86476868
281 1086 2.91773732 0.00972579108 3.86476868
281 1086 2.91771621 0.00972572069 3.86476868
281 1086 2.91772282 0.00972574272 3.86476868
280 1077 2.90803484 0.00969344946 3.84642857
280 1077 2.91031601 0.00970105335 3.84642857
280 1077 2.91027166 0.00970090553 3.84642857
280 1077 2.91008997 0.0097002999 3.84642857
280 1077 2.91010503 0.00970035011 3.84642857
280 1077 2.91044169 0.00970147228 3.84642857
280 1077 2.91043665 0.0097014555 3.84642857
280 1077 2.91033815 0.00970112717 3.84642857
280 1077 2.91027932 0.00970093105 3.84642857
280 1077 2.91021391 0.00970071304 3.84642857
279 1070 2.90081178 0.00966937261 3.83512545
279 1069 2.90184725 0.00967282416 3.83154122
279 1069 2.9012855 0.00967095168 3.83154122
279 1069 2.90170383 0.00967234609 3.83154122
279 1069 2.90203739 0.00967345797 3.83154122
279 1069 2.90192371 0.00967307903 3.83154122
279 1069 2.90180581 0.00967268605 3.83154122
279 1069 2.90191447 0.00967304823 3.83154122
279 1068 2.9026294 0.00967543133 3.82795699
279 1068 2.90281207 0.00967604023 3.82795699
278 1059 2.8946164 0.00964872134 3.80935252
278 1059 2.89454052 0.0096484684 3.80935252
278 1059 2.89446878 0.00964822926 3.80935252
278 1059 2.89448368 0.00964827894 3.80935252
278 1059 2.89447494 0.0096482498 3.80935252
278 1059 2.89442701 0.00964809004 3.80935252
278 1060 2.89453492 0.00964844974 3.81294964
278 1060 2.89454266 0.00964847553 3.81294964
278 1058 2.89437071 0.00964790236 3.8057554
278 1063 2.89537801 0.00965126002 3.82374101
277 1053 2.88746302 0.00962487675 3.80144404
277 1053 2.88755932 0.00962519775 3.80144404
277 1053 2.88729104 0.00962430348 3.80144404
277 1053 2.88739005 0.00962463349 3.80144404
277 1053 2.88743688 0.00962478959 3.80144404
277 1055 2.89106842 0.00963689474 3.80866426
277 1055 2.89098167 0.00963660557 3.80866426
277 1055 2.89093115 0.00963643716 3.80866426
277 1055 2.89090787 0.00963635956 3.80866426
277 1055 2.89095568 0.00963651893 3.80866426
276 1046 2.88331151 0.00961103836 3.78985507
276 1046 2.88327881 0.00961092938 3.78985507
276 1046 2.88325256 0.00961084186 3.78985507
276 1046 2.88322297 0.00961074322 3.78985507
276 1046 2.88344718 0.00961149059 3.78985507
276 1046 2.8834322 0.00961144067 3.78985507
276 1048 2.88297297 0.0096099099 3.79710145
276 1048 2.88298108 0.00960993694 3.79710145
276 1048 2.88284588 0.00960948627 3.79710145
276 1048 2.8829057 0.00960968567 3.79710145
275 1042 2.87474621 0.00958248738 3.78909091
275 1042 2.87471459 0.00958238196 3.78909091
275 1042 2.87475903 0.0095825301 3.78909091
275 1042 2.87468511 0.00958228369 3.78909091
275 1042 2.87478957 0.00958263192 3.78909091
275 1042 2.87480848 0.00958269492 3.78909091
275 1042 2.87474246 0.00958247488 3.78909091
275 1042 2.87473706 0.00958245685 3.78909091
275 1042 2.87463254 0.00958210847 3.78909091
275 1042 2.87460255 0.0095820085 3.78909091
274 1037 2.86288536 0.00954295119 3.78467153
274 1037 2.86289554 0.00954298513 3.78467153
274 1036 2.86302701 0.00954342336 3.7810219
274 1033 2.86749788 0.00955832628 3.77007299
274 1033 2.86788352 0.00955961173 3.77007299
274 1033 2.86765174 0.00955883915 3.77007299
274 1033 2.86751866 0.00955839552 3.77007299
274 1033 2.86738979 0.00955796596 3.77007299
274 1033 2.86748285 0.00955827618 3.77007299
274 1033 2.86737936 0.00955793119 3.77007299
273 1023 2.85778648 0.00952595492 3.74725275
273 1023 2.85764556 0.0095254852 3.74725275
273 1024 2.85933792 0.0095311264 3.75091575
273 1024 2.85936226 0.00953120754 3.75091575
273 1024 2.85940055 0.00953133516 3.75091575
273 1024 2.85910887 0.00953036289 3.75091575
273 1024 2.85918534 0.00953061781 3.75091575
273 1024 2.85934441 0.00953114804 3.75091575
273 1024 2.8594634 0.00953154467 3.75091575
273 1024 2.85922864 0.00953076213 3.75091575
272 1019 2.84746827 0.00949156091 3.74632353
272 1018 2.84767912 0.00949226374 3.74264706
272 1018 2.84713616 0.00949045385 3.74264706
272 1016 2.84890489 0.00949634964 3.73529412
272 1016 2.84953549 0.00949845162 3.73529412
272 1016 2.84907927 0.00949693089 3.73529412
272 1016 2.84901261 0.0094967087 3.73529412
272 1018 2.85049078 0.00950163592 3.74264706
272 1018 2.85045711 0.00950152369 3.74264706
272 1018 2.85028047 0.00950093492 3.74264706
271 1012 2.8423332 0.00947444402 3.73431734
271 1012 2.8423371 0.00947445701 3.73431734
271 1012 2.84225488 0.00947418294 3.73431734
270 1002 2.83693168 0.00945643892 3.71111111
270 1002 2.83699442 0.00945664805 3.71111111
270 1002 2.83701483 0.00945671611 3.71111111
270 1002 2.83695074 0.00945650246 3.71111111
270 1002 2.83688354 0.00945627847 3.71111111
270 1002 2.83679862 0.00945599539 3.71111111
270 1002 2.83702385 0.00945674617 3.71111111
269 991 2.82789022 0.00942630072 3.68401487
269 991 2.82781071 0.0094260357 3.68401487
269 991 2.82769902 0.0094256634 3.68401487
269 991 2.82795098 0.00942650328 3.68401487
269 991 2.82788968 0.00942629893 3.68401487
269 991 2.82794631 0.00942648769 3.68401487
269 993 2.82768846 0.00942562821 3.69144981
269 993 2.82774938 0.00942583128 3.69144981
269 993 2.82767202 0.00942557342 3.69144981
269 993 2.82760372 0.00942534574 3.69144981
268 987 2.81672754 0.0093890918 3.68283582
268 982 2.82050497 0.00940168322 3.6641791
268 982 2.82054563 0.00940181877 3.6641791
268 982 2.82048961 0.00940163202 3.6641791
268 982 2.82049284 0.00940164282 3.6641791
268 982 2.82053277 0.00940177591 3.6641791
268 982 2.82046233 0.0094015411 3.6641791
268 982 2.8205813 0.00940193768 3.6641791
268 982 2.8205039 0.00940167966 3.6641791
268 982 2.82045904 0.00940153012 3.6641791
267 977 2.80922209 0.00936407362 3.65917603
267 973 2.80904902 0.00936349675 3.64419476
267 973 2.80862022 0.0093620674 3.64419476
267 973 2.8086535 0.00936217832 3.64419476
267 974 2.80902708 0.00936342361 3.64794007
267 974 2.80905412 0.00936351372 3.64794007
267 974 2.80893246 0.00936310821 3.64794007
267 974 2.80890588 0.00936301961 3.64794007
267 974 2.80893069 0.0093631023 3.64794007
267 977 2.81019844 0.00936732815 3.65917603
266 968 2.802177 0.00934058999 3.63909774
266 968 2.80213368 0.00934044561 3.63909774
266 968 2.80210155 0.0093403385 3.63909774
266 968 2.80228803 0.00934096011 3.63909774
266 968 2.80224676 0.00934082252 3.63909774
266 968 2.8022787 0.00934092901 3.63909774
266 968 2.80226324 0.00934087747 3.63909774
266 968 2.80228022 0.00934093406 3.63909774
266 968 2.80225592 0.00934085307 3.63909774
266 968 2.80211367 0.00934037891 3.63909774
265 959 2.79156591 0.00930521968 3.61886792
265 959 2.79149089 0.00930496964 3.61886792
265 959 2.79145989 0.00930486631 3.61886792
265 959 2.79161936 0.00930539786 3.61886792
265 962 2.7915646 0.00930521532 3.63018868
265 962 2.79160147 0.00930533824 3.63018868
265 962 2.79159073 0.00930530244 3.63018868
265 962 2.79294562 0.00930981874 3.63018868
265 962 2.79293412 0.00930978039 3.63018868
265 964 2.78568228 0.00928560761 3.63773585
264 956 2.77624837 0.00925416124 3.62121212
264 956 2.775916 0.00925305335 3.62121212
264 957 2.78557674 0.00928525579 3.625
264 955 2.78528717 0.00928429057 3.61742424
264 955 2.78526814 0.00928422712 3.61742424
264 960 2.79179611 0.00930598702 3.63636364
264 960 2.79176224 0.00930587415 3.63636364
264 960 2.79171857 0.00930572857 3.63636364
264 960 2.79162716 0.00930542385 3.63636364
264 960 2.7919064 0.00930635466 3.63636364
263 954 2.78157748 0.00927192494 3.62737643
263 954 2.78146057 0.00927153523 3.62737643
263 954 2.78156525 0.00927188415 3.62737643
263 952 2.78259129 0.0092753043 3.61977186
263 952 2.78219138 0.00927397127 3.61977186
263 951 2.78371834 0.00927906115 3.61596958
263 951 2.78386768 0.00927955893 3.61596958
263 951 2.78379095 0.00927930317 3.61596958
263 951 2.78368996 0.00927896655 3.61596958
263 951 2.78381949 0.00927939829 3.61596958
262 943 2.77453113 0.00924843711 3.59923664
262 943 2.77452284 0.00924840946 3.59923664
262 943 2.77458709 0.00924862365 3.59923664
262 943 2.77453474 0.00924844915 3.59923664
262 943 2.77446461 0.00924821536 3.59923664
262 943 2.77447414 0.00924824712 3.59923664
262 943 2.77453791 0.00924845969 3.59923664
262 943 2.77457509 0.00924858362 3.59923664
262 943 2.77451122 0.00924837074 3.59923664
262 943 2.7744846 0.00924828202 3.59923664
261 934 2.76492365 0.00921641218 3.57854406
261 934 2.76487266 0.00921624219 3.57854406
261 934 2.76493483 0.00921644942 3.57854406
261 934 2.76500905 0.00921669684 3.57854406
261 934 2.76500929 0.00921669762 3.57854406
261 934 2.7650084 0.00921669468 3.57854406
261 934 2.76491984 0.00921639947 3.57854406
261 934 2.76493693 0.00921645645 3.57854406
261 934 2.76494654 0.00921648847 3.57854406
261 934 2.764901 0.00921633668 3.57854406
260 921 2.75087202 0.00916957338 3.54230769
260 926 2.75446992 0.00918156641 3.56153846
260 931 2.75336579 0.00917788596 3.58076923
260 931 2.75353599 0.00917845331 3.58076923
260 931 2.75346828 0.00917822759 3.58076923
260 929 2.753379 0.00917793001 3.57307692
260 929 2.75314385 0.00917714616 3.57307692
260 929 2.75319838 0.00917732794 3.57307692
260 929 2.75346058 0.00917820194 3.57307692
260 933 2.7568476 0.00918949199 3.58846154
259 924 2.74137672 0.00913792239 3.56756757
259 922 2.74474271 0.00914914236 3.55984556
259 922 2.74473134 0.00914910448 3.55984556
259 927 2.74733738 0.00915779125 3.57915058
259 927 2.74731478 0.00915771592 3.57915058
259 921 2.74400635 0.00914668784 3.55598456
259 921 2.74372011 0.00914573369 3.55598456
259 926 2.74732951 0.00915776504 3.57528958
259 927 2.74745278 0.00915817593 3.57915058
259 927 2.74757343 0.00915857812 3.57915058
258 916 2.73836246 0.00912787488 3.5503876
258 916 2.73840526 0.00912801753 3.5503876
258 916 2.73821213 0.00912737376 3.5503876
258 916 2.73819137 0.00912730457 3.5503876
258 916 2.73856704 0.00912855679 3.5503876
258 919 2.74043737 0.00913479124 3.5620155
258 919 2.74029174 0.0091343058 3.5620155
258 919 2.74039213 0.00913464045 3.5620155
258 919 2.74032284 0.00913440946 3.5620155
258 919 2.74028759 0.00913429197 3.5620155
257 916 2.72562561 0.0090854187 3.56420233
257 908 2.72830528 0.00909435095 3.53307393
257 908 2.72833047 0.00909443489 3.53307393
257 910 2.73113226 0.00910377422 3.54085603
257 910 2.73108141 0.00910360469 3.54085603
257 910 2.73106888 0.00910356294 3.54085603
257 910 2.73108527 0.00910361756 3.54085603
257 908 2.73167672 0.00910558907 3.53307393
257 908 2.73175749 0.00910585831 3.53307393
257 908 2.73182457 0.0091060819 3.53307393
256 899 2.72246986 0.00907489954 3.51171875
256 899 2.72262565 0.00907541883 3.51171875
256 899 2.72257726 0.00907525754 3.51171875
256 899 2.72257607 0.00907525355 3.51171875
256 899 2.72264354 0.00907547847 3.51171875
256 899 2.72259362 0.00907531206 3.51171875
256 899 2.72252327 0.00907507758 3.51171875
256 899 2.72258921 0.00907529737 3.51171875
256 899 2.72263832 0.00907546107 3.51171875
256 899 2.72262117 0.00907540391 3.51171875
255 895 2.70909795 0.0090303265 3.50980392
255 890 2.71270148 0.00904233826 3.49019608
255 890 2.71319928 0.0090439976 3.49019608
255 890 2.71305678 0.00904352259 3.49019608
255 890 2.71306191 0.00904353971 3.49019608
255 890 2.71308959 0.00904363197 3.49019608
255 890 2.71304686 0.00904348954 3.49019608
255 890 2.71303847 0.00904346156 3.49019608
255 890 2.71304508 0.00904348361 3.49019608
255 890 2.71298761 0.00904329202 3.49019608
254 887 2.69962194 0.00899873979 3.49212598
254 880 2.70084586 0.00900281952 3.46456693
254 880 2.70056621 0.00900188737 3.46456693
254 880 2.70095672 0.00900318905 3.46456693
254 880 2.70095111 0.00900317037 3.46456693
254 880 2.70096189 0.00900320631 3.46456693
254 880 2.70087198 0.00900290659 3.46456693
254 880 2.70097205 0.00900324017 3.46456693
254 880 2.7009569 0.00900318966 3.46456693
254 880 2.70094162 0.00900313875 3.46456693
253 867 2.68796619 0.00895988731 3.42687747
253 867 2.68756545 0.0089585515 3.42687747
253 876 2.68742082 0.0089580694 3.46245059
253 876 2.68730509 0.00895768365 3.46245059
253 876 2.687402 0.00895800668 3.46245059
253 876 2.68724448 0.00895748161 3.46245059
253 877 2.68838753 0.00896129177 3.46640316
253 871 2.68784655 0.00895948851 3.44268775
253 871 2.68799212 0.00895997374 3.44268775
253 871 2.68788818 0.00895962725 3.44268775
252 867 2.6734181 0.00891139367 3.44047619
252 868 2.67599507 0.00891998356 3.44444444
252 866 2.6729751 0.008909917 3.43650794
252 866 2.67303682 0.00891012273 3.43650794
252 866 2.6729249 0.00890974967 3.43650794
252 866 2.67289591 0.00890965304 3.43650794
252 866 2.67295182 0.00890983939 3.43650794
252 860 2.67977455 0.00893258182 3.41269841
252 860 2.67978185 0.00893260618 3.41269841
252 860 2.67983275 0.00893277583 3.41269841
251 856 2.66635187 0.00888783957 3.41035857
251 857 2.66803217 0.00889344057 3.41434263
251 857 2.66783443 0.00889278144 3.41434263
251 857 2.66806687 0.00889355623 3.41434263
251 857 2.66808391 0.00889361302 3.41434263
251 857 2.66821062 0.00889403539 3.41434263
251 857 2.66794232 0.00889314107 3.41434263
251 857 2.66792425 0.00889308085 3.41434263
251 857 2.66803228 0.00889344094 3.41434263
251 857 2.66808673 0.00889362245 3.41434263
250 853 2.6519821 0.00883994035 3.412
250 853 2.65325952 0.00884419839 3.412
250 853 2.65306374 0.00884354579 3.412
250 853 2.65345651 0.00884485502 3.412
250 853 2.65341604 0.00884472013 3.412
250 849 2.65487164 0.00884957212 3.396
250 849 2.65444526 0.00884815087 3.396
250 849 2.65437455 0.00884791516 3.396
250 849 2.6542284 0.00884742799 3.396
250 844 2.65552574 0.00885175246 3.376
249 838 2.63932127 0.00879773756 3.36546185
249 838 2.63879548 0.00879598494 3.36546185
249 840 2.64066714 0.0088022238 3.37349398
249 840 2.64084236 0.00880280785 3.37349398
249 840 2.64094535 0.00880315117 3.37349398
249 840 2.64070643 0.00880235477 3.37349398
249 840 2.64087619 0.00880292063 3.37349398
249 840 2.64072309 0.0088024103 3.37349398
249 840 2.64283354 0.00880944512 3.37349398
249 840 2.64237677 0.00880792256 3.37349398
248 831 2.62738008 0.0087579336 3.35080645
248 834 2.61711949 0.00872373164 3.36290323
248 832 2.62843128 0.00876143759 3.35483871
248 832 2.6287187 0.00876239567 3.35483871
248 832 2.62870454 0.00876234848 3.35483871
248 832 2.62854669 0.0087618223 3.35483871
248 832 2.62867326 0.00876224421 3.35483871
248 832 2.62851411 0.00876171369 3.35483871
248 832 2.62835862 0.00876119541 3.35483871
248 832 2.62874366 0.00876247886 3.35483871
247 825 2.61154916 0.00870516386 3.34008097
247 823 2.61303599 0.00871011996 3.33198381
247 828 2.61409644 0.00871365481 3.35222672
247 828 2.61397139 0.00871323798 3.35222672
247 828 2.61424413 0.0087141471 3.35222672
247 828 2.61408223 0.00871360743 3.35222672
247 828 2.61411232 0.00871370774 3.35222672
247 828 2.61399698 0.00871332327 3.35222672
247 828 2.61420947 0.00871403157 3.35222672
247 828 2.61406886 0.00871356287 3.35222672
246 821 2.59891471 0.00866304904 3.33739837
246 821 2.5989957 0.00866331898 3.33739837
246 819 2.59937482 0.00866458272 3.32926829
246 819 2.59972063 0.00866573543 3.32926829
246 822 2.58974865 0.00863249549 3.34146341
246 822 2.58974275 0.00863247582 3.34146341
246 822 2.58977679 0.00863258932 3.34146341
246 822 2.59006742 0.00863355805 3.34146341
246 821 2.60013386 0.00866711287 3.33739837
246 821 2.60011891 0.00866706303 3.33739837
245 816 2.58558871 0.00861862905 3.33061224
245 813 2.58357306 0.00861191019 3.31836735
245 813 2.58367854 0.00861226181 3.31836735
245 813 2.58366063 0.00861220209 3.31836735
245 813 2.58361374 0.00861204579 3.31836735
245 815 2.58544022 0.00861813408 3.32653061
245 815 2.58562176 0.00861873919 3.32653061
245 819 2.58594737 0.00861982455 3.34285714
245 817 2.58529106 0.00861763686 3.33469388
245 816 2.58542025 0.00861806751 3.33061224
244 811 2.58243053 0.00860810176 3.32377049
244 809 2.59046253 0.0086348751 3.31557377
244 809 2.59042993 0.00863476643 3.31557377
244 814 2.59171438 0.00863904793 3.33606557
244 814 2.59172141 0.00863907138 3.33606557
244 811 2.59325535 0.0086441845 3.32377049
244 818 2.58975187 0.00863250623 3.35245902
244 818 2.58969116 0.00863230388 3.35245902
244 818 2.58966714 0.00863222381 3.35245902
244 814 2.59479973 0.00864933245 3.33606557
243 810 2.58294142 0.00860980472 3.33333333
243 810 2.58288976 0.00860963252 3.33333333
243 810 2.58293893 0.00860979642 3.33333333
243 810 2.58287659 0.00860958862 3.33333333
243 805 2.58759673 0.00862532243 3.3127572
243 805 2.58767842 0.00862559473 3.3127572
243 805 2.58762358 0.00862541192 3.3127572
243 805 2.58753329 0.00862511095 3.3127572
243 798 2.58955986 0.00863186619 3.28395062
243 798 2.58949476 0.00863164921 3.28395062
242 794 2.57379698 0.00857932326 3.28099174
242 795 2.5850925 0.00861697499 3.28512397
241 793 2.57653509 0.00858845029 3.29045643
241 793 2.5764741 0.008588247 3.29045643
241 793 2.57644542 0.0085881514 3.29045643
241 793 2.57649561 0.00858831871 3.29045643
241 793 2.57655497 0.00858851657 3.29045643
241 793 2.57650457 0.00858834856 3.29045643
241 793 2.57651482 0.00858838274 3.29045643
241 793 2.57655611 0.00858852037 3.29045643
240 789 2.56326144 0.00854420481 3.2875
240 786 2.56461472 0.00854871572 3.275
240 789 2.5652559 0.00855085299 3.2875
240 789 2.56539246 0.0085513082 3.2875
240 789 2.56544847 0.00855149491 3.2875
240 789 2.56553098 0.00855176993 3.2875
240 789 2.56565752 0.00855219172 3.2875
240 789 2.56545379 0.00855151264 3.2875
240 789 2.56545475 0.00855151582 3.2875
240 789 2.56543351 0.00855144502 3.2875
239 782 2.55340037 0.00851133457 3.27196653
239 786 2.5554448 0.00851814934 3.28870293
239 786 2.55559338 0.0085186446 3.28870293
239 786 2.55561213 0.0085187071 3.28870293
239 786 2.55563666 0.00851878888 3.28870293
239 786 2.55559001 0.00851863335 3.28870293
239 786 2.55568249 0.00851894162 3.28870293
239 786 2.55555776 0.00851852585 3.28870293
239 786 2.55560958 0.0085186986 3.28870293
239 786 2.55552444 0.00851841479 3.28870293
238 782 2.53990598 0.00846635328 3.28571429
238 782 2.5424853 0.00847495102 3.28571429
238 782 2.54283463 0.00847611545 3.28571429
238 782 2.54294203 0.00847647344 3.28571429
238 779 2.54370607 0.00847902025 3.27310924
238 779 2.5438942 0.00847964733 3.27310924
238 779 2.54353694 0.00847845647 3.27310924
238 779 2.54351455 0.00847838185 3.27310924
238 779 2.54364806 0.00847882685 3.27310924
238 779 2.54421291 0.00848070971 3.27310924
237 775 2.52886969 0.00842956564 3.27004219
237 775 2.53303866 0.00844346218 3.27004219
237 775 2.53292951 0.00844309835 3.27004219
237 775 2.53317038 0.00844390126 3.27004219
237 775 2.53312371 0.00844374571 3.27004219
237 775 2.53311526 0.00844371755 3.27004219
237 775 2.53306061 0.00844353537 3.27004219
237 775 2.53317565 0.00844391882 3.27004219
237 775 2.53303341 0.0084434447 3.27004219
237 775 2.5330604 0.00844353465 3.27004219
236 771 2.51671073 0.00838903577 3.26694915
236 768 2.52101832 0.00840339439 3.25423729
236 768 2.52096207 0.00840320689 3.25423729
236 768 2.52090644 0.00840302148 3.25423729
236 763 2.52107548 0.00840358493 3.23305085
236 763 2.52089729 0.00840299095 3.23305085
236 763 2.52091869 0.00840306231 3.23305085
236 763 2.52151802 0.00840506007 3.23305085
236 763 2.52107187 0.0084035729 3.23305085
236 763 2.52097853 0.00840326175 3.23305085
235 759 2.5053448 0.00835114933 3.22978723
235 759 2.50524837 0.0083508279 3.22978723
235 756 2.50920306 0.00836401021 3.21702128
235 756 2.50908984 0.00836363279 3.21702128
235 756 2.50890278 0.00836300927 3.21702128
235 756 2.50887492 0.0083629164 3.21702128
235 756 2.50887231 0.00836290771 3.21702128
235 756 2.50909023 0.00836363411 3.21702128
235 756 2.50900728 0.00836335762 3.21702128
235 756 2.50901386 0.00836337954 3.21702128
234 752 2.49295845 0.00830986151 3.21367521
234 752 2.49511812 0.00831706041 3.21367521
234 752 2.49515508 0.00831718361 3.21367521
234 752 2.49505831 0.00831686102 3.21367521
233 746 2.48285143 0.00827617145 3.20171674
233 746 2.48273111 0.00827577036 3.20171674
233 746 2.48293676 0.00827645585 3.20171674
233 746 2.48280366 0.00827601221 3.20171674
233 746 2.48284118 0.00827613727 3.20171674
233 746 2.48275358 0.00827584525 3.20171674
232 742 2.46941109 0.0082313703 3.19827586
232 742 2.46913813 0.00823046043 3.19827586
232 742 2.46915007 0.00823050023 3.19827586
232 742 2.4692471 0.00823082366 3.19827586
232 742 2.4692368 0.00823078935 3.19827586
232 742 2.46940161 0.00823133871 3.19827586
232 742 2.46922952 0.00823076508 3.19827586
232 740 2.46705337 0.00822351122 3.18965517
232 740 2.46689598 0.0082229866 3.18965517
232 740 2.46714059 0.00822380196 3.18965517
231 736 2.44915283 0.00816384277 3.18614719
231 736 2.44869594 0.00816231981 3.18614719
231 736 2.45587017 0.0081862339 3.18614719
231 740 2.46199713 0.00820665709 3.2034632
231 740 2.46164532 0.00820548441 3.2034632
231 740 2.46176458 0.00820588194 3.2034632
231 740 2.46160306 0.00820534353 3.2034632
231 740 2.46158156 0.00820527186 3.2034632
231 740 2.46155397 0.00820517991 3.2034632
231 740 2.46150882 0.0082050294 3.2034632
230 736 2.44463164 0.00814877213 3.2
230 733 2.44576644 0.00815255481 3.18695652
230 733 2.44557973 0.00815193244 3.18695652
230 734 2.44848174 0.00816160579 3.19130435
230 734 2.44854229 0.00816180763 3.19130435
230 734 2.4485579 0.00816185965 3.19130435
230 734 2.44848401 0.00816161336 3.19130435
230 734 2.44843999 0.00816146664 3.19130435
230 734 2.44861172 0.00816203908 3.19130435
230 734 2.44852443 0.00816174812 3.19130435
229 731 2.42972778 0.00809909259 3.19213974
229 730 2.43255474 0.0081085158 3.18777293
229 727 2.43454662 0.0081151554 3.17467249
229 727 2.43451602 0.00811505341 3.17467249
229 727 2.43447913 0.00811493045 3.17467249
229 727 2.43453581 0.00811511937 3.17467249
229 727 2.43471196 0.00811570654 3.17467249
229 727 2.43455759 0.00811519197 3.17467249
229 727 2.43447659 0.00811492198 3.17467249
229 727 2.43454231 0.00811514103 3.17467249
228 721 2.41687673 0.00805625576 3.1622807
228 721 2.41487618 0.00804958728 3.1622807
228 723 2.42012631 0.00806708769 3.17105263
228 723 2.41913451 0.00806378171 3.17105263
228 721 2.41331838 0.00804439461 3.1622807
228 723 2.42786315 0.00809287717 3.17105263
228 723 2.42780169 0.0080926723 3.17105263
228 723 2.42783812 0.00809279373 3.17105263
228 723 2.42765884 0.00809219613 3.17105263
228 723 2.42798187 0.0080932729 3.17105263
227 717 2.41017269 0.00803390896 3.15859031
227 716 2.41235925 0.00804119751 3.15418502
227 716 2.41238691 0.0080412897 3.15418502
227 716 2.41322227 0.00804407424 3.15418502
227 716 2.41326051 0.0080442017 3.15418502
227 716 2.41316623 0.00804388743 3.15418502
227 716 2.41338888 0.00804462959 3.15418502
227 716 2.41321252 0.00804404174 3.15418502
227 716 2.41321501 0.00804405004 3.15418502
227 716 2.41336467 0.00804454889 3.15418502
226 709 2.39792362 0.00799307872 3.13716814
226 709 2.3980375 0.00799345832 3.13716814
226 712 2.397351 0.00799116999 3.15044248
226 712 2.39781933 0.0079927311 3.15044248
226 712 2.39774741 0.00799249138 3.15044248
226 712 2.39770176 0.00799233921 3.15044248
226 712 2.39783038 0.00799276793 3.15044248
226 712 2.39769586 0.00799231955 3.15044248
226 712 2.3975754 0.00799191799 3.15044248
226 712 2.39761816 0.00799206052 3.15044248
225 708 2.3801315 0.00793377167 3.14666667
225 708 2.38006351 0.00793354502 3.14666667
225 708 2.38009769 0.00793365897 3.14666667
225 708 2.38017313 0.00793391044 3.14666667
225 708 2.38016283 0.00793387611 3.14666667
225 705 2.38277937 0.00794259791 3.13333333
225 705 2.38270192 0.00794233972 3.13333333
225 705 2.3827635 0.00794254499 3.13333333
225 705 2.38289712 0.00794299039 3.13333333
225 705 2.38282449 0.00794274831 3.13333333
224 699 2.36474166 0.00788247221 3.12053571
224 701 2.36589604 0.00788632015 3.12946429
224 701 2.36591606 0.00788638688 3.12946429
224 701 2.3653894 0.00788463132 3.12946429
224 701 2.36564415 0.00788548049 3.12946429
224 701 2.36530943 0.00788436477 3.12946429
224 701 2.36557774 0.00788525915 3.12946429
224 701 2.36572495 0.00788574983 3.12946429
224 701 2.36564894 0.00788549647 3.12946429
224 701 2.36557526 0.00788525088 3.12946429
223 697 2.34729685 0.00782432284 3.12556054
223 697 2.34687633 0.00782292109 3.12556054
223 697 2.34705406 0.00782351353 3.12556054
223 697 2.34726684 0.00782422279 3.12556054
223 697 2.34691923 0.00782306411 3.12556054
223 697 2.34726905 0.00782423018 3.12556054
223 698 2.34755255 0.00782517517 3.13004484
223 698 2.3471899 0.00782396634 3.13004484
223 698 2.34712866 0.0078237622 3.13004484
223 698 2.34686772 0.00782289239 3.13004484
222 694 2.32871034 0.00776236781 3.12612613
222 694 2.32839268 0.00776130893 3.12612613
222 694 2.32783292 0.00775944308 3.12612613
222 694 2.32803972 0.00776013241 3.12612613
222 694 2.32800845 0.00776002817 3.12612613
222 697 2.32779883 0.00775932944 3.13963964
222 697 2.32782404 0.00775941346 3.13963964
222 696 2.33575479 0.00778584931 3.13513514
222 696 2.33565906 0.00778553021 3.13513514
222 691 2.33731165 0.00779103885 3.11261261
221 687 2.32043589 0.00773478631 3.10859729
221 687 2.32031604 0.00773438679 3.10859729
221 687 2.32031204 0.00773437347 3.10859729
221 687 2.3203942 0.00773464734 3.10859729
221 687 2.32037938 0.00773459793 3.10859729
221 687 2.32040022 0.0077346674 3.10859729
221 687 2.32038166 0.00773460555 3.10859729
221 687 2.32038464 0.00773461545 3.10859729
221 687 2.32043955 0.00773479851 3.10859729
221 687 2.32043137 0.00773477124 3.10859729
220 681 2.30064275 0.00766880917 3.09545455
220 681 2.30393036 0.00767976786 3.09545455
220 681 2.30391632 0.00767972106 3.09545455
220 681 2.30401979 0.00768006596 3.09545455
220 681 2.30389528 0.00767965093 3.09545455
220 681 2.30378163 0.00767927208 3.09545455
220 681 2.30371943 0.00767906478 3.09545455
220 681 2.30402907 0.00768009691 3.09545455
220 681 2.30383981 0.00767946604 3.09545455
220 681 2.30394663 0.00767982209 3.09545455
219 675 2.28469089 0.00761563628 3.08219178
219 675 2.28434125 0.00761447083 3.08219178
219 675 2.28427954 0.00761426514 3.08219178
219 675 2.28438701 0.00761462336 3.08219178
219 675 2.28444102 0.00761480339 3.08219178
219 675 2.28470657 0.00761568858 3.08219178
219 675 2.28469323 0.0076156441 3.08219178
219 678 2.28644143 0.00762147143 3.09589041
219 678 2.28589225 0.00761964084 3.09589041
219 678 2.28570591 0.00761901969 3.09589041
218 672 2.27002775 0.00756675916 3.08256881
218 672 2.26941209 0.00756470695 3.08256881
218 672 2.27008685 0.00756695617 3.08256881
218 672 2.26998603 0.0075666201 3.08256881
218 672 2.26993146 0.00756643819 3.08256881
218 672 2.26989715 0.00756632383 3.08256881
218 672 2.269919 0.00756639666 3.08256881
218 672 2.26991887 0.00756639622 3.08256881
218 672 2.26985312 0.00756617705 3.08256881
218 672 2.26993651 0.00756645502 3.08256881
217 666 2.2495637 0.00749854568 3.06912442
217 669 2.24966342 0.00749887806 3.08294931
217 669 2.25006535 0.00750021782 3.08294931
217 669 2.24992978 0.00749976594 3.08294931
217 669 2.24960924 0.00749869747 3.08294931
217 669 2.24994449 0.00749981495 3.08294931
217 669 2.24993692 0.00749978973 3.08294931
217 669 2.24948506 0.00749828354 3.08294931
217 669 2.2497178 0.00749905934 3.08294931
217 669 2.2497128 0.00749904268 3.08294931
216 664 2.23317528 0.00744391759 3.07407407
215 659 2.22228035 0.00740760115 3.06511628
215 659 2.22137967 0.00740459891 3.06511628
215 659 2.21898785 0.00739662618 3.06511628
215 659 2.21914621 0.00739715403 3.06511628
215 656 2.23177808 0.00743926027 3.05116279
215 656 2.23178402 0.00743928007 3.05116279
215 657 2.23462223 0.00744874076 3.05581395
215 657 2.23458077 0.00744860258 3.05581395
215 657 2.23439288 0.00744797627 3.05581395
214 650 2.2092661 0.00736422032 3.03738318
214 654 2.21656461 0.00738854871 3.05607477
214 653 2.21692536 0.0073897512 3.05140187
214 653 2.21685715 0.00738952382 3.05140187
214 653 2.21689521 0.00738965069 3.05140187
214 653 2.21684138 0.00738947127 3.05140187
214 653 2.21689044 0.00738963481 3.05140187
214 651 2.21916643 0.00739722143 3.04205607
214 651 2.21905011 0.0073968337 3.04205607
214 651 2.218875 0.00739625001 3.04205607
213 647 2.20128504 0.00733761679 3.03755869
213 647 2.20099625 0.00733665415 3.03755869
213 647 2.20097031 0.00733656772 3.03755869
213 647 2.2008361 0.00733612032 3.03755869
213 647 2.20086584 0.00733621945 3.03755869
213 647 2.20067869 0.00733559565 3.03755869
213 647 2.20058531 0.00733528438 3.03755869
213 647 2.20038002 0.00733460006 3.03755869
213 647 2.20012891 0.00733376304 3.03755869
213 648 2.20190308 0.00733967694 3.04225352
212 645 2.17766535 0.00725888451 3.04245283
212 640 2.17514228 0.00725047426 3.01886792
212 643 2.16839705 0.00722799018 3.03301887
212 643 3.18176596e-11 1.06058865e-13 3.03301887
212 640 0 0 3.01886792
allocating memory...
allocating memory...
allocating memory...
allocating memory...
allocating memory...
allocating memory...
walksat version 35
command line = test -solcnf -cutoff 100000000 -best -seed 1234567 -numsol 10 ./residualformula_seed4.cnf
seed = 1234567
cutoff = 100000000
tries = 10
heuristic = best, noise 50 / 100
tail starts after flip = 900
numatom = 300, numclause = 640, numliterals = 1779
wff read in

    lowest     final       avg     noise     noise     total                 avg        mean        mean
    #unsat    #unsat     noise   std dev     ratio     flips              length       flips       flips
      this      this      this      this      this      this   success   success       until         std
       try       try       try       try       try       try      rate     tries      assign         dev

         0         0      0.00      0.00      0.00       826       100       826      826.00
         0         0      0.00      0.00      0.00       600       100       713      713.00      159.81
         0         0      5.86      3.18      1.84      4720       100      2048     2048.67     2316.20
         0         0      4.58      2.33      1.96      2373       100      2129     2129.75     1898.11
         0         0      3.76      1.18      3.19       991       100      1902     1902.00     1720.89
         0         0      0.00      0.00      0.00       594       100      1684     1684.00     1629.21
         0         0      4.24      2.67      1.59      5248       100      2193     2193.14     2006.62
         0         0      1.44      0.75      1.93      1120       100      2059     2059.00     1896.12
         0         0      0.00      0.00      0.00       668       100      1904     1904.44     1833.26
         0         0      3.51      1.69      2.08      1355       100      1849     1849.50     1737.12

total elapsed seconds = 0.000000
average flips per second = -9223372036854775808
number solutions found = 10
final success rate = 100.000000
average length successful tries = 1849
mean flips until assign = 1849.500000
  variance = 3017596.944444
  standard deviation = 1737.123181
  standard error of mean = 549.326583
mean seconds until assign = 0.000000
  variance = 0.000000
  standard deviation = 0.000000
  standard error of mean = 0.000000
mean restarts until assign = 1.000000
  variance = 0.000000
  standard deviation = 0.000000
  standard error of mean = 0.000000
final noise level statistics
    statistics over all runs:
      overall mean average noise level = 3.899519
      overall mean noise std deviation = 1.965255
      overall ratio mean noise to mean std dev = 1.984231
    statistics on successful runs:
      successful mean average noise level = 3.899519
      successful mean noise std deviation = 1.965255
      successful ratio mean noise to mean std dev = 1.984231
    statistics on nonsuccessful runs:
      nonsuccessful mean average noise level = 0.000000
      nonsuccessful mean noise std deviation = 0.000000
      nonsuccessful ratio mean noise to mean std dev = 0.000000
ASSIGNMENT FOUND
Check and white a solution
time of whitening    freezing probability
8	 	 	 	1
8	 	 	 	1
9	 	 	 	1
9	 	 	 	1
1023	 	 	 	0.163333333
8	 	 	 	1
8	 	 	 	1
8	 	 	 	1
10	 	 	 	1
8	 	 	 	1
