START ALGORITHM:
I am going to build an instance with N: 300 variables and 1245 clauses with a clause density equal to 4.15
START BSP WITH r=0.9:
Decimation scorer: cert
END UNIT PROPAGATION
300 1245 1.92963742 0.00643212475 4.15
300 1245 1.92926338 0.00643087794 4.15
300 1245 1.92935779 0.00643119262 4.15
300 1245 1.9293786 0.00643126199 4.15
300 1245 1.92939489 0.0064313163 4.15
300 1245 1.92938808 0.00643129359 4.15
300 1245 1.9293941 0.00643131367 4.15
300 1245 1.92938282 0.00643127608 4.15
300 1245 1.92939173 0.00643130576 4.15
299 1242 1.92925668 0.00643085561 4.15384615
299 1242 1.92926883 0.00643089609 4.15384615
299 1240 1.92938903 0.00643129677 4.14715719
299 1240 1.92938283 0.0064312761 4.14715719
299 1240 1.92938635 0.00643128785 4.14715719
299 1240 1.92938246 0.00643127488 4.14715719
299 1240 1.92937024 0.00643123415 4.14715719
299 1240 1.92938399 0.00643127998 4.14715719
299 1240 1.92937445 0.00643124817 4.14715719
299 1240 1.92938031 0.00643126768 4.14715719
298 1237 1.92925648 0.00643085493 4.15100671
298 1237 1.92928314 0.00643094381 4.15100671
298 1235 1.92938407 0.00643128023 4.1442953
298 1235 1.92939281 0.00643130936 4.1442953
298 1235 1.92937949 0.00643126496 4.1442953
298 1235 1.92938424 0.0064312808 4.1442953
298 1235 1.92937942 0.00643126472 4.1442953
298 1235 1.92938385 0.00643127952 4.1442953
298 1235 1.92937881 0.00643126268 4.1442953
298 1235 1.92938299 0.00643127664 4.1442953
297 1231 1.92790973 0.00642636575 4.14478114
297 1229 1.92938734 0.00643129112 4.13804714
297 1229 1.92937748 0.00643125826 4.13804714
297 1229 1.92938848 0.00643129495 4.13804714
297 1229 1.92937874 0.00643126245 4.13804714
297 1229 1.92938074 0.00643126913 4.13804714
297 1229 1.92937041 0.0064312347 4.13804714
297 1229 1.92936522 0.0064312174 4.13804714
297 1229 1.92942511 0.00643141703 4.13804714
297 1229 1.9293847 0.00643128234 4.13804714
296 1218 1.925359 0.00641786333 4.11486486
296 1219 1.92652561 0.00642175202 4.11824324
296 1219 1.92650891 0.00642169637 4.11824324
296 1219 1.92657832 0.00642192774 4.11824324
296 1225 1.92792965 0.00642643218 4.13851351
296 1225 1.92790523 0.00642635077 4.13851351
296 1225 1.927884 0.00642628 4.13851351
296 1226 1.92923273 0.00643077577 4.14189189
296 1226 1.92928541 0.00643095136 4.14189189
296 1226 1.92925041 0.00643083469 4.14189189
295 1219 1.92430826 0.00641436088 4.13220339
295 1213 1.92599867 0.00641999558 4.11186441
295 1218 1.92700834 0.00642336113 4.12881356
295 1222 1.92779976 0.0064259992 4.14237288
295 1222 1.92778868 0.00642596228 4.14237288
295 1222 1.92779815 0.00642599383 4.14237288
295 1222 1.9278083 0.00642602767 4.14237288
295 1222 1.92779404 0.00642598014 4.14237288
295 1222 1.92778059 0.00642593529 4.14237288
295 1222 1.9278076 0.00642602533 4.14237288
294 1211 1.92432177 0.00641440591 4.11904762
294 1212 1.92496396 0.00641654653 4.12244898
294 1214 1.92556185 0.00641853951 4.1292517
294 1214 1.92556509 0.00641855029 4.1292517
294 1214 1.92556885 0.00641856284 4.1292517
294 1214 1.92554953 0.00641849845 4.1292517
294 1214 1.92554386 0.00641847953 4.1292517
294 1214 1.92554921 0.00641849737 4.1292517
294 1214 1.92558115 0.00641860382 4.1292517
294 1214 1.92555442 0.00641851475 4.1292517
293 1211 1.91915136 0.0063971712 4.1331058
293 1205 1.91948668 0.00639828894 4.11262799
293 1205 1.91942744 0.00639809147 4.11262799
293 1203 1.92206798 0.00640689327 4.10580205
293 1203 1.92219322 0.00640731073 4.10580205
293 1204 1.92273364 0.00640911214 4.10921502
293 1204 1.92270714 0.00640902379 4.10921502
293 1204 1.92270729 0.0064090243 4.10921502
293 1204 1.92273632 0.00640912108 4.10921502
293 1204 1.92274589 0.00640915298 4.10921502
292 1192 1.91638569 0.00638795231 4.08219178
292 1192 1.91644295 0.00638814316 4.08219178
292 1195 1.91673105 0.00638910348 4.09246575
292 1195 1.91658117 0.0063886039 4.09246575
292 1195 1.91665821 0.0063888607 4.09246575
292 1197 1.9179175 0.00639305835 4.09931507
292 1194 1.91880231 0.00639600771 4.0890411
292 1191 1.91952513 0.00639841709 4.07876712
292 1191 1.91936909 0.00639789696 4.07876712
292 1191 1.91951115 0.00639837049 4.07876712
291 1180 1.91616559 0.00638721862 4.05498282
291 1180 1.91609275 0.00638697582 4.05498282
291 1180 1.91608083 0.00638693609 4.05498282
291 1180 1.91614671 0.00638715571 4.05498282
291 1180 1.91611183 0.00638703944 4.05498282
291 1180 1.91622361 0.00638741202 4.05498282
291 1180 1.91621831 0.00638739437 4.05498282
291 1180 1.91614832 0.00638716108 4.05498282
291 1180 1.91615768 0.00638719228 4.05498282
291 1180 1.91613503 0.00638711677 4.05498282
290 1168 1.90996542 0.00636655138 4.02758621
290 1173 1.91154153 0.0063718051 4.04482759
290 1173 1.911596 0.00637198667 4.04482759
290 1170 1.91230351 0.00637434502 4.03448276
290 1170 1.91224792 0.00637415974 4.03448276
290 1170 1.91226967 0.00637423224 4.03448276
290 1170 1.91226564 0.00637421881 4.03448276
290 1170 1.91228629 0.00637428765 4.03448276
290 1170 1.91233567 0.00637445224 4.03448276
290 1170 1.91229256 0.00637430852 4.03448276
289 1156 1.9044098 0.00634803265 4
289 1156 1.90444103 0.00634813678 4
289 1163 1.90770856 0.00635902855 4.02422145
289 1163 1.90777808 0.00635926026 4.02422145
289 1163 1.90774169 0.00635913896 4.02422145
289 1163 1.9077828 0.00635927599 4.02422145
289 1163 1.90762832 0.00635876107 4.02422145
289 1163 1.90776689 0.00635922296 4.02422145
289 1163 1.90775438 0.00635918125 4.02422145
289 1163 1.9077634 0.00635921133 4.02422145
288 1160 1.90156782 0.0063385594 4.02777778
288 1154 1.90184728 0.00633949093 4.00694444
288 1154 1.90189618 0.00633965392 4.00694444
288 1154 1.9018088 0.00633936268 4.00694444
288 1154 1.90188777 0.00633962589 4.00694444
288 1154 1.90189449 0.00633964829 4.00694444
288 1154 1.90186282 0.00633954272 4.00694444
288 1159 1.90206925 0.00634023084 4.02430556
288 1159 1.90207199 0.00634023996 4.02430556
288 1160 1.90163244 0.00633877481 4.02777778
287 1146 1.89402968 0.00631343227 3.99303136
287 1146 1.89381263 0.00631270876 3.99303136
287 1148 1.8956105 0.00631870166 4
287 1156 1.89681141 0.0063227047 4.02787456
287 1156 1.89681179 0.00632270596 4.02787456
287 1156 1.89680977 0.00632269925 4.02787456
287 1156 1.89680117 0.00632267058 4.02787456
287 1156 1.89681424 0.00632271412 4.02787456
287 1156 1.89666481 0.00632221603 4.02787456
287 1156 1.89672701 0.00632242338 4.02787456
286 1142 1.88932829 0.00629776097 3.99300699
286 1147 1.89003768 0.0063001256 4.01048951
286 1144 1.89090617 0.00630302057 4
286 1144 1.89066294 0.0063022098 4
286 1144 1.89071259 0.00630237531 4
286 1144 1.8908856 0.00630295202 4
286 1144 1.89086003 0.00630286675 4
286 1144 1.89067687 0.00630225624 4
286 1144 1.89090022 0.00630300072 4
286 1144 1.89064442 0.00630214805 4
285 1135 1.8818436 0.00627281198 3.98245614
285 1135 1.88525257 0.00628417523 3.98245614
285 1135 1.88517929 0.00628393096 3.98245614
285 1135 1.88527786 0.00628425953 3.98245614
285 1135 1.88529787 0.00628432622 3.98245614
285 1135 1.8852637 0.00628421232 3.98245614
285 1135 1.885252 0.00628417333 3.98245614
285 1135 1.88522083 0.00628406944 3.98245614
285 1135 1.88519361 0.0062839787 3.98245614
285 1135 1.88521994 0.00628406648 3.98245614
284 1125 1.87516552 0.00625055174 3.96126761
284 1125 1.87530996 0.00625103321 3.96126761
284 1125 1.87510764 0.00625035881 3.96126761
284 1126 1.87860197 0.00626200657 3.96478873
284 1126 1.87855325 0.00626184416 3.96478873
284 1126 1.87851885 0.0062617295 3.96478873
284 1126 1.87855102 0.00626183675 3.96478873
284 1126 1.87855814 0.00626186045 3.96478873
284 1126 1.8786023 0.00626200768 3.96478873
284 1126 1.87854691 0.00626182304 3.96478873
283 1117 1.87049456 0.00623498185 3.94699647
283 1118 1.87181318 0.00623937728 3.95053004
283 1118 1.87197085 0.00623990283 3.95053004
283 1118 1.87189148 0.00623963826 3.95053004
283 1118 1.87187973 0.00623959912 3.95053004
283 1118 1.87202078 0.00624006928 3.95053004
283 1118 1.87189436 0.00623964786 3.95053004
283 1118 1.87186372 0.00623954574 3.95053004
283 1118 1.87176995 0.00623923316 3.95053004
283 1118 1.87159551 0.00623865169 3.95053004
282 1105 1.86453441 0.00621511469 3.91843972
282 1105 1.8644997 0.00621499901 3.91843972
282 1105 1.86454579 0.00621515262 3.91843972
282 1105 1.86447977 0.00621493256 3.91843972
282 1105 1.864715 0.00621571666 3.91843972
282 1105 1.86453538 0.00621511792 3.91843972
282 1105 1.86452409 0.00621508031 3.91843972
282 1105 1.86448667 0.00621495557 3.91843972
282 1105 1.86450457 0.00621501524 3.91843972
282 1105 1.86446128 0.00621487094 3.91843972
281 1098 1.85521166 0.00618403887 3.90747331
281 1098 1.85512171 0.00618373904 3.90747331
281 1098 1.85505298 0.00618350993 3.90747331
281 1096 1.85582486 0.00618608288 3.90035587
281 1096 1.8557074 0.00618569135 3.90035587
281 1096 1.85558647 0.00618528823 3.90035587
281 1096 1.85576844 0.00618589481 3.90035587
281 1096 1.85661402 0.0061887134 3.90035587
281 1096 1.8566068 0.00618868932 3.90035587
281 1096 1.85660752 0.00618869173 3.90035587
280 1087 1.84790919 0.00615969729 3.88214286
280 1087 1.84799963 0.00615999875 3.88214286
280 1087 1.84801836 0.0061600612 3.88214286
280 1087 1.84801018 0.00616003394 3.88214286
280 1087 1.84808797 0.00616029325 3.88214286
280 1087 1.84783236 0.00615944119 3.88214286
280 1087 1.84793689 0.00615978963 3.88214286
280 1090 1.84572217 0.00615240724 3.89285714
280 1087 1.8481562 0.00616052065 3.88214286
280 1087 1.84803536 0.00616011785 3.88214286
279 1077 1.83820138 0.00612733793 3.86021505
279 1080 1.8391849 0.00613061635 3.87096774
279 1080 1.83889078 0.00612963594 3.87096774
279 1081 1.83946166 0.00613153886 3.87455197
279 1081 1.83951515 0.00613171716 3.87455197
279 1081 1.8393781 0.00613126032 3.87455197
279 1081 1.83924857 0.00613082856 3.87455197
279 1081 1.83961644 0.00613205478 3.87455197
279 1081 1.83942403 0.00613141343 3.87455197
279 1081 1.83954204 0.00613180681 3.87455197
278 1075 1.82778517 0.00609261724 3.86690647
278 1073 1.82879979 0.0060959993 3.85971223
278 1074 1.82952453 0.00609841509 3.86330935
278 1074 1.82954378 0.00609847928 3.86330935
278 1074 1.82940572 0.00609801908 3.86330935
278 1074 1.82940635 0.00609802117 3.86330935
278 1074 1.82941337 0.00609804458 3.86330935
278 1074 1.82948133 0.00609827109 3.86330935
278 1074 1.82943889 0.00609812963 3.86330935
278 1074 1.8297224 0.00609907466 3.86330935
277 1067 1.82144917 0.00607149724 3.85198556
277 1067 1.82116209 0.00607054029 3.85198556
277 1067 1.82122438 0.00607074793 3.85198556
277 1067 1.82120853 0.00607069509 3.85198556
277 1067 1.82112515 0.00607041717 3.85198556
277 1067 1.82114968 0.00607049893 3.85198556
277 1067 1.82115021 0.00607050069 3.85198556
277 1067 1.82120268 0.0060706756 3.85198556
277 1067 1.8212373 0.006070791 3.85198556
277 1067 1.8213257 0.00607108566 3.85198556
276 1060 1.80773886 0.00602579618 3.84057971
276 1064 1.80994093 0.00603313645 3.85507246
276 1064 1.81034101 0.00603447003 3.85507246
276 1059 1.81115677 0.00603718925 3.83695652
276 1059 1.81093176 0.00603643919 3.83695652
276 1057 1.81184854 0.00603949512 3.82971014
276 1057 1.81183458 0.00603944861 3.82971014
276 1057 1.81195758 0.0060398586 3.82971014
276 1057 1.8118416 0.00603947201 3.82971014
276 1057 1.81185201 0.00603950669 3.82971014
275 1051 1.79837147 0.00599457157 3.82181818
275 1054 1.80101527 0.00600338424 3.83272727
275 1054 1.80092253 0.0060030751 3.83272727
275 1049 1.80181408 0.00600604693 3.81454545
275 1049 1.80191577 0.0060063859 3.81454545
275 1049 1.80176677 0.00600588922 3.81454545
275 1049 1.80169623 0.00600565409 3.81454545
275 1049 1.80175385 0.00600584615 3.81454545
275 1049 1.80209811 0.00600699371 3.81454545
275 1049 1.80209061 0.00600696869 3.81454545
274 1046 1.79108988 0.0059702996 3.81751825
274 1038 1.7896955 0.00596565167 3.78832117
274 1038 1.78974516 0.00596581721 3.78832117
274 1043 1.79145408 0.0059715136 3.80656934
274 1043 1.79137472 0.00597124908 3.80656934
274 1043 1.79133672 0.00597112238 3.80656934
274 1043 1.79132224 0.00597107414 3.80656934
274 1043 1.79131467 0.00597104891 3.80656934
274 1043 1.79132027 0.00597106757 3.80656934
274 1043 1.7913458 0.00597115266 3.80656934
273 1037 1.7803982 0.00593466066 3.7985348
273 1037 1.78050138 0.00593500459 3.7985348
273 1037 1.78050446 0.00593501488 3.7985348
273 1035 1.78154167 0.00593847222 3.79120879
273 1035 1.78151937 0.00593839789 3.79120879
273 1035 1.78144477 0.00593814923 3.79120879
273 1035 1.78151699 0.00593838996 3.79120879
273 1035 1.78156562 0.00593855208 3.79120879
273 1035 1.78162024 0.00593873413 3.79120879
273 1035 1.78153307 0.00593844356 3.79120879
272 1026 1.7687819 0.00589593967 3.77205882
272 1028 1.76687675 0.00588958915 3.77941176
272 1028 1.76814074 0.00589380246 3.77941176
272 1026 1.77601151 0.00592003835 3.77205882
272 1026 1.77599 0.00591996665 3.77205882
272 1026 1.77601314 0.0059200438 3.77205882
272 1030 1.77654009 0.0059218003 3.78676471
272 1030 1.77649932 0.0059216644 3.78676471
272 1030 1.77662321 0.00592207736 3.78676471
272 1027 1.77722101 0.00592407004 3.77573529
271 1021 1.76497354 0.00588324515 3.76752768
271 1021 1.76490353 0.00588301178 3.76752768
271 1019 1.76758323 0.00589194409 3.7601476
271 1019 1.76749444 0.00589164814 3.7601476
271 1019 1.76755786 0.00589185952 3.7601476
271 1019 1.76748539 0.00589161795 3.7601476
271 1019 1.76745407 0.00589151357 3.7601476
271 1019 1.76767115 0.00589223718 3.7601476
271 1019 1.76763833 0.00589212776 3.7601476
271 1019 1.76761279 0.00589204263 3.7601476
270 1010 1.75359077 0.00584530257 3.74074074
270 1013 1.75512998 0.00585043328 3.75185185
270 1013 1.7577953 0.00585931768 3.75185185
270 1011 1.75757464 0.00585858213 3.74444444
270 1011 1.75768009 0.00585893362 3.74444444
270 1011 1.75753861 0.00585846204 3.74444444
270 1011 1.75744838 0.00585816128 3.74444444
270 1011 1.7575051 0.00585835033 3.74444444
270 1011 1.75763133 0.0058587711 3.74444444
270 1011 1.75778907 0.00585929689 3.74444444
269 1005 1.74815808 0.0058271936 3.73605948
269 1005 1.74825194 0.00582750646 3.73605948
269 1005 1.74805354 0.00582684514 3.73605948
269 1005 1.74811537 0.00582705123 3.73605948
269 1005 1.74812712 0.00582709039 3.73605948
269 1005 1.74815049 0.0058271683 3.73605948
269 1005 1.74809681 0.00582698937 3.73605948
269 1005 1.74816294 0.00582720979 3.73605948
269 1005 1.7481788 0.00582726267 3.73605948
269 1005 1.74820172 0.00582733908 3.73605948
268 999 1.73624247 0.0057874749 3.72761194
268 999 1.73628617 0.00578762057 3.72761194
268 999 1.7363671 0.00578789033 3.72761194
268 999 1.73642107 0.00578807022 3.72761194
268 996 1.73679869 0.00578932896 3.71641791
268 996 1.73663839 0.00578879463 3.71641791
268 996 1.73654577 0.00578848589 3.71641791
268 996 1.73673402 0.00578911339 3.71641791
268 996 1.73672613 0.00578908711 3.71641791
268 996 1.73663569 0.00578878564 3.71641791
267 990 1.7247387 0.00574912899 3.70786517
267 990 1.72493761 0.00574979204 3.70786517
267 990 1.72459807 0.00574866022 3.70786517
267 990 1.7247793 0.00574926432 3.70786517
267 990 1.72486906 0.00574956352 3.70786517
267 990 1.72461406 0.00574871353 3.70786517
267 990 1.72466005 0.00574886682 3.70786517
267 990 1.7249047 0.00574968232 3.70786517
267 990 1.72519986 0.00575066621 3.70786517
267 989 1.72641287 0.00575470956 3.70411985
266 980 1.71286439 0.00570954797 3.68421053
266 980 1.71272455 0.00570908185 3.68421053
266 980 1.71281188 0.00570937295 3.68421053
266 980 1.71255618 0.00570852061 3.68421053
266 980 1.71270862 0.00570902874 3.68421053
266 980 1.71296149 0.00570987164 3.68421053
266 980 1.71274148 0.00570913828 3.68421053
266 983 1.71345519 0.00571151732 3.69548872
266 983 1.71339236 0.00571130787 3.69548872
266 986 1.71880102 0.00572933673 3.70676692
265 977 1.7107588 0.00570252933 3.68679245
265 977 1.71074183 0.00570247275 3.68679245
265 977 1.71061892 0.00570206307 3.68679245
265 977 1.71071188 0.00570237292 3.68679245
265 977 1.71124037 0.00570413457 3.68679245
265 977 1.71102522 0.00570341741 3.68679245
265 977 1.71081468 0.00570271561 3.68679245
265 977 1.71058783 0.00570195943 3.68679245
265 977 1.71060767 0.00570202556 3.68679245
265 977 1.71055687 0.00570185625 3.68679245
264 968 1.69740977 0.00565803256 3.66666667
264 971 1.69999705 0.00566665682 3.6780303
264 971 1.69971453 0.00566571511 3.6780303
264 971 1.70030836 0.00566769453 3.6780303
264 968 1.70030851 0.00566769503 3.66666667
264 968 1.70055334 0.00566851112 3.66666667
264 968 1.70020777 0.00566735925 3.66666667
264 968 1.7001363 0.005667121 3.66666667
264 968 1.70021545 0.00566738484 3.66666667
264 968 1.70032012 0.00566773373 3.66666667
263 959 1.6794051 0.005598017 3.64638783
263 962 1.68960115 0.00563200383 3.65779468
263 962 1.68962412 0.00563208041 3.65779468
263 962 1.68940255 0.00563134183 3.65779468
263 962 1.68942053 0.00563140175 3.65779468
263 962 1.68946621 0.00563155404 3.65779468
263 962 1.68939673 0.00563132242 3.65779468
263 962 1.68966445 0.00563221483 3.65779468
263 962 1.68957349 0.00563191165 3.65779468
263 962 1.6896413 0.00563213766 3.65779468
262 954 1.6717499 0.00557249966 3.64122137
262 953 1.67656525 0.00558855083 3.63740458
262 955 1.67556409 0.00558521362 3.64503817
262 955 1.67544487 0.00558481625 3.64503817
262 955 1.67551685 0.00558505616 3.64503817
262 955 1.67559053 0.00558530175 3.64503817
262 955 1.67551862 0.00558506207 3.64503817
262 955 1.67552139 0.00558507129 3.64503817
262 952 1.67872758 0.00559575861 3.63358779
262 955 1.67778138 0.00559260459 3.64503817
261 946 1.66829433 0.00556098112 3.62452107
261 946 1.66816169 0.00556053895 3.62452107
261 946 1.66847668 0.00556158895 3.62452107
261 946 1.66834326 0.00556114419 3.62452107
261 946 1.66843402 0.00556144674 3.62452107
261 946 1.6682493 0.00556083101 3.62452107
261 946 1.66856061 0.00556186868 3.62452107
261 946 1.66832914 0.00556109713 3.62452107
261 946 1.66848769 0.00556162565 3.62452107
261 946 1.66830379 0.00556101264 3.62452107
260 942 1.65566755 0.00551889183 3.62307692
260 942 1.65558887 0.00551862958 3.62307692
259 935 1.65110015 0.00550366716 3.61003861
259 935 1.65102174 0.00550340582 3.61003861
259 935 1.65124425 0.0055041475 3.61003861
259 935 1.65134055 0.00550446851 3.61003861
259 935 1.65098418 0.00550328061 3.61003861
259 935 1.65136032 0.0055045344 3.61003861
259 935 1.65103842 0.0055034614 3.61003861
259 935 1.65121016 0.00550403386 3.61003861
258 928 1.63732144 0.00545773814 3.59689922
258 928 1.63743181 0.00545810604 3.59689922
258 928 1.63746278 0.00545820925 3.59689922
258 928 1.63738139 0.00545793797 3.59689922
258 928 1.63749238 0.00545830792 3.59689922
258 928 1.6372064 0.00545735468 3.59689922
258 928 1.63716344 0.00545721147 3.59689922
258 928 1.63711353 0.0054570451 3.59689922
258 928 1.63736841 0.0054578947 3.59689922
258 928 1.63749003 0.00545830009 3.59689922
257 925 1.62150282 0.0054050094 3.59922179
257 925 1.62157737 0.00540525788 3.59922179
257 925 1.62203819 0.00540679396 3.59922179
257 920 1.62113321 0.00540377736 3.57976654
257 919 1.6222278 0.005407426 3.57587549
257 919 1.62209823 0.00540699411 3.57587549
257 919 1.62230632 0.00540768775 3.57587549
257 919 1.62207169 0.00540690565 3.57587549
257 925 1.62167159 0.00540557195 3.59922179
257 925 1.62197803 0.00540659345 3.59922179
256 916 1.60949306 0.00536497686 3.578125
256 916 1.60971072 0.0053657024 3.578125
256 916 1.60993476 0.00536644918 3.578125
256 916 1.6092938 0.00536431265 3.578125
256 916 1.60933285 0.00536444284 3.578125
256 916 1.6094129 0.00536470965 3.578125
256 916 1.60930628 0.00536435425 3.578125
256 916 1.60916658 0.0053638886 3.578125
256 916 1.60967454 0.00536558181 3.578125
256 916 1.60932869 0.00536442896 3.578125
255 914 1.59500613 0.00531668709 3.58431373
255 914 1.59502245 0.0053167415 3.58431373
255 911 1.59331827 0.00531106089 3.57254902
255 914 1.594909 0.00531636333 3.58431373
255 914 1.59482003 0.00531606677 3.58431373
255 914 1.59533724 0.0053177908 3.58431373
255 914 1.5949338 0.00531644601 3.58431373
255 914 1.5950047 0.00531668232 3.58431373
255 914 1.59482746 0.00531609155 3.58431373
255 914 1.59483738 0.00531612459 3.58431373
254 908 1.57939894 0.00526466312 3.57480315
254 909 1.57972147 0.00526573824 3.57874016
254 905 1.5778744 0.00525958132 3.56299213
254 902 1.58178544 0.00527261813 3.5511811
254 902 1.5816663 0.005272221 3.5511811
254 902 1.58142459 0.00527141531 3.5511811
254 902 1.5816416 0.00527213868 3.5511811
254 902 1.58140438 0.00527134793 3.5511811
254 903 1.58084879 0.00526949598 3.55511811
254 903 1.58102986 0.00527009954 3.55511811
253 900 1.56722705 0.00522409018 3.55731225
253 900 1.56718521 0.00522395071 3.55731225
253 895 1.57260293 0.00524200977 3.53754941
253 895 1.57268929 0.00524229763 3.53754941
253 895 1.57278983 0.00524263278 3.53754941
253 895 1.57276609 0.00524255364 3.53754941
253 898 1.57290926 0.00524303086 3.54940711
253 898 1.57299815 0.00524332717 3.54940711
253 898 1.57334521 0.00524448404 3.54940711
253 898 1.57305725 0.00524352418 3.54940711
252 889 1.55409135 0.00518030449 3.52777778
252 892 1.55626617 0.00518755389 3.53968254
252 892 1.55989518 0.0051996506 3.53968254
252 892 1.56034389 0.00520114632 3.53968254
252 892 1.56009676 0.00520032254 3.53968254
252 892 1.55986486 0.00519954954 3.53968254
252 892 1.55998944 0.0051999648 3.53968254
252 892 1.56007983 0.0052002661 3.53968254
252 892 1.55968507 0.00519895022 3.53968254
252 892 1.55995061 0.00519983538 3.53968254
251 884 1.54441697 0.00514805656 3.52191235
251 884 1.54469757 0.0051489919 3.52191235
251 884 1.5447641 0.00514921365 3.52191235
251 884 1.54482613 0.00514942044 3.52191235
251 884 1.54460538 0.00514868459 3.52191235
251 884 1.54503464 0.00515011547 3.52191235
251 884 1.54494149 0.00514980497 3.52191235
251 884 1.54465921 0.00514886404 3.52191235
251 884 1.54490501 0.00514968336 3.52191235
251 884 1.54492278 0.00514974258 3.52191235
250 880 1.52854173 0.00509513911 3.52
250 878 1.53153731 0.00510512437 3.512
250 878 1.53147081 0.0051049027 3.512
250 878 1.53137318 0.00510457725 3.512
250 878 1.53130048 0.00510433493 3.512
250 878 1.53146188 0.00510487292 3.512
250 878 1.5317866 0.00510595534 3.512
250 878 1.53145626 0.00510485419 3.512
250 878 1.5317304 0.005105768 3.512
250 878 1.53148972 0.00510496573 3.512
249 871 1.51362127 0.00504540422 3.49799197
249 874 1.51502751 0.0050500917 3.51004016
249 874 1.5154688 0.00505156267 3.51004016
249 874 1.51473987 0.00504913292 3.51004016
249 874 1.51525558 0.00505085195 3.51004016
249 874 1.51528139 0.00505093798 3.51004016
249 874 1.51492416 0.00504974719 3.51004016
249 874 1.51522672 0.00505075574 3.51004016
249 874 1.51524814 0.00505082712 3.51004016
249 874 1.51609462 0.00505364873 3.51004016
248 866 1.49753963 0.00499179877 3.49193548
248 866 1.49790231 0.00499300771 3.49193548
248 870 1.49978498 0.00499928326 3.50806452
248 870 1.50006353 0.00500021178 3.50806452
248 870 1.50011847 0.00500039488 3.50806452
248 870 1.49986324 0.00499954413 3.50806452
248 870 1.49992438 0.00499974792 3.50806452
248 870 1.5000577 0.00500019234 3.50806452
248 870 1.50007364 0.00500024546 3.50806452
248 870 1.50012887 0.00500042955 3.50806452
247 862 1.48219028 0.00494063426 3.48987854
247 862 1.47147943 0.00490493142 3.48987854
247 864 1.48320473 0.00494401578 3.49797571
247 864 1.48333663 0.00494445542 3.49797571
247 864 1.48301319 0.00494337731 3.49797571
247 864 1.4832115 0.00494403833 3.49797571
247 864 1.48298678 0.00494328928 3.49797571
247 862 1.48203317 0.00494011056 3.48987854
247 862 1.48190543 0.00493968476 3.48987854
247 862 1.48201934 0.00494006446 3.48987854
246 853 1.46566195 0.00488553982 3.46747967
246 858 1.46807379 0.0048935793 3.48780488
246 858 1.46825427 0.00489418089 3.48780488
246 858 1.46772676 0.00489242255 3.48780488
246 858 1.4681304 0.004893768 3.48780488
246 858 1.46793861 0.00489312868 3.48780488
246 858 1.46808481 0.00489361602 3.48780488
246 858 1.46789272 0.00489297575 3.48780488
246 858 1.46810506 0.00489368353 3.48780488
246 858 1.46790831 0.0048930277 3.48780488
245 853 1.44635496 0.00482118319 3.48163265
245 851 1.45206353 0.00484021177 3.47346939
245 850 1.44516993 0.00481723312 3.46938776
244 843 1.43877997 0.00479593322 3.45491803
244 844 1.43699756 0.00478999186 3.45901639
244 844 1.43747044 0.00479156812 3.45901639
244 846 1.43647208 0.00478824027 3.46721311
244 846 1.43601637 0.00478672122 3.46721311
244 846 1.43663838 0.0047887946 3.46721311
244 846 1.43637081 0.00478790269 3.46721311
243 836 1.41960079 0.00473200262 3.44032922
243 836 1.41952635 0.00473175452 3.44032922
243 836 1.41990582 0.00473301939 3.44032922
243 836 1.41946218 0.00473154061 3.44032922
243 836 1.41935014 0.00473116714 3.44032922
243 838 1.42420451 0.00474734837 3.44855967
243 838 1.42405832 0.00474686108 3.44855967
243 838 1.42444708 0.00474815692 3.44855967
243 838 1.42425234 0.0047475078 3.44855967
243 838 1.42414485 0.0047471495 3.44855967
242 829 1.40786938 0.00469289793 3.42561983
242 829 1.40794588 0.00469315294 3.42561983
242 829 1.40789925 0.00469299749 3.42561983
242 829 1.40785048 0.00469283493 3.42561983
242 829 1.40823865 0.00469412884 3.42561983
242 828 1.4085384 0.00469512798 3.4214876
242 828 1.4086516 0.00469550535 3.4214876
242 829 1.40821555 0.00469405182 3.42561983
242 829 1.40797985 0.00469326616 3.42561983
242 828 1.40861036 0.00469536787 3.4214876
241 821 1.38982663 0.00463275542 3.406639
241 819 1.39213722 0.00464045741 3.39834025
241 819 1.39347835 0.00464492783 3.39834025
241 819 1.39345423 0.00464484744 3.39834025
241 819 1.393705 0.00464568334 3.39834025
241 819 1.39325747 0.00464419157 3.39834025
241 819 1.39335271 0.00464450904 3.39834025
241 819 1.39340604 0.0046446868 3.39834025
241 819 1.39318519 0.00464395062 3.39834025
241 819 1.39353626 0.00464512087 3.39834025
240 815 1.37592353 0.00458641178 3.39583333
240 815 1.37553757 0.00458512525 3.39583333
240 810 1.37642096 0.00458806986 3.375
240 810 1.37587456 0.00458624855 3.375
240 810 1.37662023 0.00458873409 3.375
240 810 1.37677667 0.00458925556 3.375
240 810 1.37616714 0.00458722381 3.375
240 810 1.37602343 0.00458674478 3.375
240 810 1.37638364 0.00458794547 3.375
240 810 1.37628969 0.0045876323 3.375
239 808 1.355443 0.00451814332 3.38075314
239 807 1.35918781 0.00453062605 3.37656904
239 801 1.36045984 0.00453486614 3.35146444
239 801 1.36058869 0.00453529564 3.35146444
239 801 1.36122221 0.00453740737 3.35146444
239 801 1.36091217 0.0045363739 3.35146444
239 801 1.36071113 0.00453570377 3.35146444
239 801 1.36104007 0.00453680024 3.35146444
239 801 1.36106424 0.00453688079 3.35146444
239 801 1.36108254 0.00453694179 3.35146444
238 792 1.34427468 0.00448091561 3.32773109
238 792 1.3442624 0.00448087466 3.32773109
238 792 1.34409601 0.00448032005 3.32773109
238 792 1.34432521 0.00448108403 3.32773109
238 792 1.34454054 0.00448180178 3.32773109
238 794 1.34072293 0.00446907643 3.33613445
238 799 1.35365509 0.00451218363 3.35714286
238 799 1.35332629 0.00451108763 3.35714286
238 799 1.35360937 0.00451203124 3.35714286
238 799 1.35333316 0.00451111053 3.35714286
237 795 1.33581649 0.00445272162 3.35443038
237 795 1.33605059 0.00445350198 3.35443038
237 795 1.33581715 0.00445272383 3.35443038
237 795 1.33582551 0.00445275171 3.35443038
237 790 1.33607999 0.00445359997 3.33333333
237 790 1.33728362 0.00445761207 3.33333333
237 790 1.33751748 0.0044583916 3.33333333
237 790 1.33777955 0.00445926518 3.33333333
237 790 1.33735838 0.00445786125 3.33333333
237 790 1.33742127 0.0044580709 3.33333333
236 781 1.32038728 0.00440129093 3.30932203
236 781 1.32010481 0.00440034938 3.30932203
236 781 1.32049069 0.00440163564 3.30932203
236 781 1.32032974 0.00440109913 3.30932203
236 781 1.32072963 0.00440243209 3.30932203
236 781 1.32020745 0.00440069151 3.30932203
236 781 1.32055229 0.00440184095 3.30932203
236 787 1.32120504 0.00440401681 3.33474576
236 787 1.32140553 0.00440468508 3.33474576
236 787 1.32099419 0.00440331398 3.33474576
235 783 1.30484791 0.00434949303 3.33191489
235 783 1.30453552 0.00434845174 3.33191489
235 783 1.30507475 0.00435024918 3.33191489
235 777 1.30401124 0.00434670414 3.30638298
235 777 1.30419528 0.00434731758 3.30638298
235 777 1.30409466 0.0043469822 3.30638298
235 778 1.3047742 0.00434924735 3.3106383
235 778 1.30436103 0.00434787011 3.3106383
235 778 1.30490083 0.00434966944 3.3106383
235 778 1.30462515 0.0043487505 3.3106383
234 771 1.28397557 0.00427991855 3.29487179
234 772 1.28858765 0.00429529215 3.2991453
234 777 1.28627593 0.00428758645 3.32051282
234 772 1.28911002 0.00429703338 3.2991453
234 772 1.28888313 0.0042962771 3.2991453
234 772 1.28945662 0.00429818872 3.2991453
234 772 1.2891378 0.004297126 3.2991453
234 776 1.28946341 0.00429821137 3.31623932
234 776 1.28952407 0.00429841358 3.31623932
234 776 1.28970071 0.00429900236 3.31623932
233 770 1.2703512 0.004234504 3.30472103
233 770 1.26968793 0.0042322931 3.30472103
233 772 1.27396353 0.00424654511 3.31330472
233 772 1.27426271 0.00424754237 3.31330472
233 772 1.27369078 0.00424563593 3.31330472
233 772 1.27384381 0.00424614603 3.31330472
233 772 1.27355197 0.00424517324 3.31330472
233 772 1.27339723 0.00424465742 3.31330472
233 772 1.27344826 0.00424482754 3.31330472
233 772 1.27412315 0.00424707716 3.31330472
232 763 1.25806717 0.00419355724 3.2887931
232 763 1.25801702 0.00419339007 3.2887931
232 763 1.25823069 0.00419410231 3.2887931
232 763 1.25855167 0.00419517223 3.2887931
232 763 1.25846453 0.00419488176 3.2887931
232 763 1.25846146 0.00419487153 3.2887931
232 763 1.25814963 0.00419383211 3.2887931
232 763 1.25820833 0.00419402775 3.2887931
232 763 1.25836414 0.00419454714 3.2887931
232 763 1.25864642 0.00419548806 3.2887931
231 761 1.23971107 0.00413237025 3.29437229
231 761 1.23961411 0.00413204702 3.29437229
231 761 1.23916714 0.00413055712 3.29437229
231 756 1.24157802 0.00413859341 3.27272727
231 757 1.24077974 0.00413593247 3.27705628
231 756 1.23903885 0.00413012949 3.27272727
231 756 1.23932811 0.00413109371 3.27272727
231 758 1.24017938 0.00413393128 3.28138528
231 758 1.23981153 0.00413270508 3.28138528
231 755 1.24056168 0.00413520561 3.26839827
230 750 1.22655893 0.00408852977 3.26086957
230 750 1.22723383 0.00409077944 3.26086957
230 754 1.21857606 0.00406192019 3.27826087
230 752 1.2219642 0.004073214 3.26956522
230 752 1.22611828 0.00408706094 3.26956522
230 752 1.22655315 0.0040885105 3.26956522
230 749 1.22230635 0.00407435452 3.25652174
230 749 1.22232115 0.00407440382 3.25652174
230 745 1.21139729 0.00403799097 3.23913043
230 749 1.21885314 0.00406284381 3.25652174
229 744 1.20469314 0.0040156438 3.2489083
229 746 1.20933848 0.00403112827 3.25764192
229 746 1.20933093 0.00403110309 3.25764192
229 746 1.20926237 0.00403087457 3.25764192
229 745 1.19923303 0.00399744344 3.25327511
229 747 1.20571085 0.00401903618 3.26200873
229 746 1.20907406 0.00403024688 3.25764192
229 741 1.21519839 0.00405066131 3.23580786
229 741 1.21520979 0.00405069931 3.23580786
229 741 1.21524354 0.0040508118 3.23580786
228 737 1.20232069 0.00400773565 3.23245614
228 737 1.20198103 0.00400660344 3.23245614
228 737 1.20210956 0.00400703185 3.23245614
228 741 1.20154562 0.00400515205 3.25
228 741 1.20159221 0.00400530737 3.25
228 743 1.19925634 0.00399752112 3.25877193
228 743 1.19882345 0.00399607817 3.25877193
228 743 1.19934706 0.00399782354 3.25877193
228 743 1.19908054 0.00399693515 3.25877193
228 740 1.19364153 0.0039788051 3.24561404
227 734 1.18602879 0.00395342931 3.23348018
227 732 1.18890961 0.00396303205 3.2246696
227 732 1.18835551 0.00396118503 3.2246696
227 732 1.18860607 0.00396202023 3.2246696
227 732 1.18873744 0.00396245813 3.2246696
227 732 1.1884921 0.00396164032 3.2246696
227 732 1.18861568 0.00396205226 3.2246696
227 729 1.18903777 0.00396345925 3.21145374
227 730 1.18071217 0.00393570724 3.21585903
227 730 1.18061241 0.00393537469 3.21585903
226 727 1.17647262 0.00392157539 3.21681416
226 727 1.17641541 0.00392138472 3.21681416
226 727 1.17630301 0.00392101002 3.21681416
226 727 1.1763939 0.00392131299 3.21681416
226 727 1.17643782 0.00392145941 3.21681416
226 727 1.17655432 0.00392184773 3.21681416
226 727 1.17654229 0.00392180763 3.21681416
226 727 1.1762948 0.00392098266 3.21681416
226 727 1.17649314 0.00392164382 3.21681416
226 727 1.17632585 0.00392108617 3.21681416
225 721 1.15936995 0.00386456651 3.20444444
225 725 1.15906638 0.00386355461 3.22222222
225 725 1.16049037 0.00386830124 3.22222222
225 725 1.16038038 0.00386793461 3.22222222
225 725 1.16012483 0.00386708277 3.22222222
225 725 1.16047057 0.00386823524 3.22222222
225 725 1.16033286 0.00386777621 3.22222222
225 725 1.16017782 0.00386725941 3.22222222
225 725 1.16028081 0.00386760268 3.22222222
225 725 1.1605088 0.00386836266 3.22222222
224 719 1.14409293 0.0038136431 3.20982143
224 719 1.14440438 0.00381468126 3.20982143
224 719 1.14548668 0.00381828893 3.20982143
224 719 1.14547753 0.00381825842 3.20982143
224 719 1.14573521 0.00381911737 3.20982143
224 719 1.14575089 0.00381916964 3.20982143
224 719 1.14559939 0.00381866463 3.20982143
224 719 1.14534829 0.00381782763 3.20982143
224 719 1.14540375 0.0038180125 3.20982143
224 719 1.14517603 0.00381725342 3.20982143
223 713 1.12943795 0.00376479315 3.19730942
223 715 1.1303908 0.00376796935 3.20627803
223 713 1.12963656 0.0037654552 3.19730942
223 713 1.12974207 0.00376580689 3.19730942
223 715 1.13047804 0.00376826013 3.20627803
223 715 1.13049622 0.00376832073 3.20627803
223 715 1.13013699 0.00376712331 3.20627803
223 715 1.13027215 0.00376757384 3.20627803
223 715 1.13008723 0.00376695745 3.20627803
223 715 1.13090648 0.00376968827 3.20627803
222 711 1.11589946 0.00371966486 3.2027027
222 709 1.11663074 0.00372210248 3.19369369
222 709 1.11687552 0.0037229184 3.19369369
222 707 1.11614359 0.00372047865 3.18468468
222 707 1.11604775 0.00372015917 3.18468468
222 711 1.11646574 0.00372155246 3.2027027
222 711 1.1161965 0.003720655 3.2027027
222 709 1.10857671 0.00369525571 3.19369369
222 709 1.11679561 0.00372265204 3.19369369
222 709 1.11687033 0.00372290109 3.19369369
221 705 1.10239268 0.00367464227 3.19004525
221 705 1.10233573 0.00367445242 3.19004525
221 705 1.10229167 0.00367430557 3.19004525
221 705 1.10268905 0.00367563018 3.19004525
221 705 1.10280259 0.00367600865 3.19004525
221 705 1.10304518 0.00367681727 3.19004525
221 705 1.10283603 0.00367612009 3.19004525
221 705 1.10262267 0.00367540889 3.19004525
221 705 1.10272922 0.00367576407 3.19004525
221 705 1.10272585 0.00367575283 3.19004525
220 701 1.08711422 0.00362371407 3.18636364
220 701 1.08860029 0.00362866765 3.18636364
220 701 1.088791 0.00362930332 3.18636364
220 701 1.08857144 0.00362857147 3.18636364
220 701 1.08866245 0.00362887484 3.18636364
220 701 1.08844432 0.00362814775 3.18636364
220 699 1.08822993 0.00362743309 3.17727273
220 699 1.0875265 0.00362508832 3.17727273
220 699 1.08770335 0.00362567782 3.17727273
220 699 1.08771242 0.00362570805 3.17727273
219 695 1.07390465 0.00357968216 3.17351598
219 695 1.07410953 0.00358036508 3.17351598
219 695 1.07389295 0.00357964315 3.17351598
219 695 1.07396338 0.00357987794 3.17351598
219 695 1.07406756 0.0035802252 3.17351598
219 695 1.07387741 0.00357959135 3.17351598
219 695 1.07393404 0.00357978012 3.17351598
219 695 1.07414741 0.00358049136 3.17351598
219 695 1.07413015 0.00358043383 3.17351598
219 692 1.08050461 0.00360168202 3.15981735
218 690 1.06888876 0.00356296254 3.16513761
218 690 1.06895888 0.00356319628 3.16513761
218 690 1.06899703 0.00356332343 3.16513761
218 690 1.05794285 0.00352647617 3.16513761
218 690 1.06865576 0.00356218585 3.16513761
218 690 1.06881342 0.00356271141 3.16513761
218 689 1.06722543 0.00355741811 3.16055046
218 689 1.0673227 0.00355774234 3.16055046
218 690 1.05936399 0.0035312133 3.16513761
218 690 1.05930341 0.00353101138 3.16513761
217 684 1.05439525 0.00351465082 3.15207373
217 682 1.05436275 0.00351454248 3.14285714
217 684 1.04619957 0.00348733189 3.15207373
217 686 1.04160751 0.00347202504 3.16129032
217 686 1.04181254 0.00347270848 3.16129032
217 688 1.02929583 0.0034309861 3.17050691
217 686 1.04084281 0.00346947602 3.16129032
217 682 1.04975556 0.00349918519 3.14285714
217 684 1.05080597 0.00350268656 3.15207373
217 683 1.05247547 0.00350825156 3.14746544
216 677 1.04145898 0.00347152993 3.13425926
216 674 1.02947565 0.00343158548 3.12037037
216 672 1.02869735 0.00342899118 3.11111111
215 668 1.02872861 0.00342909538 3.10697674
215 667 1.02152613 0.00340508709 3.10232558
215 666 1.01739793 0.00339132643 3.09767442
215 673 1.0179541 0.00339318034 3.13023256
214 664 1.00937981 0.00336459938 3.10280374
214 666 1.00737428 0.00335791427 3.11214953
214 668 1.01366611 0.00337888703 3.12149533
212 656 0.998268999 0.00332756333 3.09433962
212 657 0.99402153 0.0033134051 3.0990566
212 659 0.995623557 0.00331874519 3.10849057
212 659 0.995673561 0.00331891187 3.10849057
212 655 0.993906643 0.00331302214 3.08962264
212 656 0.997623119 0.0033254104 3.09433962
212 656 0.997582074 0.00332527358 3.09433962
211 649 0.99196528 0.00330655093 3.07582938
211 651 0.999516533 0.00333172178 3.08530806
211 653 0.989901346 0.00329967115 3.09478673
210 647 0.988492111 0.0032949737 3.08095238
210 643 0.984093305 0.00328031102 3.06190476
210 645 0.984123207 0.00328041069 3.07142857
210 652 0.981928248 0.00327309416 3.1047619
210 655 0.980780637 0.00326926879 3.11904762
210 652 0.980170555 0.00326723518 3.1047619
209 644 0.978360063 0.00326120021 3.08133971
208 638 0.968074607 0.00322691536 3.06730769
208 635 0.962458275 0.00320819425 3.05288462
208 637 0.958435637 0.00319478546 3.0625
207 631 0.948956278 0.00316318759 3.04830918
207 634 0.956234569 0.00318744856 3.06280193
207 631 0.956837302 0.00318945767 3.04830918
207 633 0.956994247 0.00318998082 3.05797101
206 627 0.953066826 0.00317688942 3.04368932
206 627 0.964491623 0.00321497208 3.04368932
206 624 0.959627045 0.00319875682 3.02912621
206 627 0.966197652 0.00322065884 3.04368932
206 627 0.966095629 0.00322031876 3.04368932
206 627 0.966064213 0.00322021404 3.04368932
205 621 0.95196708 0.0031732236 3.02926829
205 621 0.951715106 0.00317238369 3.02926829
205 622 0.953370531 0.00317790177 3.03414634
205 622 0.953136748 0.00317712249 3.03414634
205 622 0.953616446 0.00317872149 3.03414634
205 622 0.953423907 0.00317807969 3.03414634
205 621 0.95630011 0.00318766703 3.02926829
205 621 0.956265854 0.00318755285 3.02926829
205 621 0.956160668 0.00318720223 3.02926829
205 621 0.956150513 0.00318716838 3.02926829
204 614 0.94463451 0.0031487817 3.00980392
204 614 0.944872135 0.00314957378 3.00980392
204 614 0.944882069 0.0031496069 3.00980392
204 614 0.944790175 0.00314930058 3.00980392
204 615 0.946975537 0.00315658512 3.01470588
203 606 0.929834746 0.00309944915 2.98522167
203 609 0.930710898 0.00310236966 3
202 603 0.929251903 0.00309750634 2.98514851
202 603 0.929347752 0.00309782584 2.98514851
202 603 0.929165413 0.00309721804 2.98514851
201 598 0.91844429 0.00306148097 2.97512438
201 600 0.921969445 0.00307323148 2.98507463
201 604 0.924198708 0.00308066236 3.00497512
201 603 0.921212601 0.00307070867 3
200 597 0.916062476 0.00305354159 2.985
199 591 0.907042653 0.00302347551 2.96984925
199 591 0.906918241 0.0030230608 2.96984925
199 592 0.910904571 0.00303634857 2.97487437
199 592 0.910850134 0.00303616711 2.97487437
199 592 0.902159559 0.00300719853 2.97487437
198 586 0.902083682 0.00300694561 2.95959596
198 582 0.898838906 0.00299612969 2.93939394
198 585 0.899275933 0.00299758644 2.95454545
198 585 0.8991555 0.002997185 2.95454545
198 587 0.897769524 0.00299256508 2.96464646
198 592 0.893060074 0.00297686691 2.98989899
198 588 0.885108217 0.00295036072 2.96969697
198 585 0.885060014 0.00295020005 2.95454545
198 585 0.885065022 0.00295021674 2.95454545
197 582 0.885075439 0.00295025146 2.95431472
196 578 0.884995584 0.00294998528 2.94897959
195 570 0.879734598 0.00293244866 2.92307692
195 570 0.879691414 0.00293230471 2.92307692
195 571 0.875834608 0.00291944869 2.92820513
195 572 0.866064543 0.00288688181 2.93333333
195 574 0.867378264 0.00289126088 2.94358974
194 568 0.861906427 0.00287302142 2.92783505
193 562 0.860518121 0.00286839374 2.9119171
193 562 0.86048715 0.0028682905 2.9119171
193 565 0.866034439 0.00288678146 2.92746114
192 556 0.850735208 0.00283578403 2.89583333
192 559 0.862002809 0.0028733427 2.91145833
192 559 0.865281187 0.00288427062 2.91145833
192 559 0.865569223 0.00288523074 2.91145833
192 559 0.866720854 0.00288906951 2.91145833
192 560 0.868039819 0.00289346606 2.91666667
192 560 0.868166055 0.00289388685 2.91666667
192 560 0.868325388 0.00289441796 2.91666667
192 560 0.868226144 0.00289408715 2.91666667
192 557 0.863668318 0.00287889439 2.90104167
191 554 0.862353467 0.00287451156 2.90052356
191 554 0.862461943 0.00287487314 2.90052356
191 554 0.862189813 0.00287396604 2.90052356
191 554 0.862278366 0.00287426122 2.90052356
191 554 0.862278956 0.00287426319 2.90052356
191 554 0.862363007 0.00287454336 2.90052356
191 554 0.862216782 0.00287405594 2.90052356
191 554 0.862510033 0.00287503344 2.90052356
191 554 0.86236741 0.00287455803 2.90052356
191 554 0.86240149 0.00287467163 2.90052356
190 551 0.849197735 0.00283065912 2.9
190 551 0.849211677 0.00283070559 2.9
190 551 0.849082655 0.00283027552 2.9
190 547 0.854541104 0.00284847035 2.87894737
190 547 0.85486534 0.00284955113 2.87894737
190 547 0.854730751 0.0028491025 2.87894737
190 547 0.85492983 0.0028497661 2.87894737
190 547 0.854493492 0.00284831164 2.87894737
190 547 0.854650817 0.00284883606 2.87894737
190 547 0.854810109 0.00284936703 2.87894737
189 541 0.844606014 0.00281535338 2.86243386
189 541 0.844104545 0.00281368182 2.86243386
189 541 0.844071973 0.00281357324 2.86243386
189 541 0.844649611 0.0028154987 2.86243386
189 541 0.844841626 0.00281613875 2.86243386
189 541 0.844584776 0.00281528259 2.86243386
189 541 0.844705028 0.00281568343 2.86243386
189 541 0.844811144 0.00281603715 2.86243386
189 541 0.844660775 0.00281553592 2.86243386
189 541 0.844559336 0.00281519779 2.86243386
187 535 0.825531748 0.00275177249 2.86096257
187 530 0.823440406 0.00274480135 2.8342246
187 535 0.833624265 0.00277874755 2.86096257
187 535 0.833470125 0.00277823375 2.86096257
187 535 0.833327568 0.00277775856 2.86096257
187 535 0.833394808 0.00277798269 2.86096257
187 535 0.833316896 0.00277772299 2.86096257
187 535 0.833563848 0.00277854616 2.86096257
187 535 0.833462055 0.00277820685 2.86096257
187 535 0.833470275 0.00277823425 2.86096257
186 526 0.819191573 0.00273063858 2.82795699
186 529 0.823726588 0.00274575529 2.84408602
186 529 0.823496193 0.00274498731 2.84408602
186 529 0.823822266 0.00274607422 2.84408602
186 529 0.823477783 0.00274492594 2.84408602
186 529 0.823408804 0.00274469601 2.84408602
186 529 0.823612406 0.00274537469 2.84408602
186 529 0.823659169 0.00274553056 2.84408602
186 529 0.823829256 0.00274609752 2.84408602
186 529 0.823676543 0.00274558848 2.84408602
185 525 0.807542478 0.00269180826 2.83783784
185 521 0.808236185 0.00269412062 2.81621622
185 525 0.809050537 0.00269683512 2.83783784
184 519 0.799851665 0.00266617222 2.82065217
184 520 0.804518844 0.00268172948 2.82608696
184 520 0.804688121 0.00268229374 2.82608696
184 520 0.804581597 0.00268193866 2.82608696
184 520 0.804547085 0.00268182362 2.82608696
184 520 0.804545495 0.00268181832 2.82608696
184 520 0.804311671 0.0026810389 2.82608696
183 514 0.7969063 0.00265635433 2.80874317
183 514 0.796659515 0.00265553172 2.80874317
183 516 0.795253589 0.0026508453 2.81967213
183 514 0.796688233 0.00265562744 2.80874317
183 514 0.796529646 0.00265509882 2.80874317
183 514 0.796906274 0.00265635425 2.80874317
183 514 0.79677531 0.0026559177 2.80874317
183 514 0.796586601 0.00265528867 2.80874317
183 514 0.797212628 0.00265737543 2.80874317
183 514 0.79669403 0.00265564677 2.80874317
182 508 0.788763722 0.00262921241 2.79120879
182 507 0.790542497 0.00263514166 2.78571429
182 507 0.790805329 0.00263601776 2.78571429
182 507 0.790255644 0.00263418548 2.78571429
182 507 0.790445859 0.00263481953 2.78571429
182 507 0.790383777 0.00263461259 2.78571429
182 507 0.790322722 0.00263440907 2.78571429
182 507 0.790518945 0.00263506315 2.78571429
182 507 0.79031715 0.0026343905 2.78571429
182 507 0.790263867 0.00263421289 2.78571429
181 497 0.77493387 0.0025831129 2.74585635
181 502 0.778671684 0.00259557228 2.77348066
181 502 0.773628388 0.00257876129 2.77348066
180 499 0.773679573 0.00257893191 2.77222222
180 499 0.773627662 0.00257875887 2.77222222
180 502 0.765065361 0.00255021787 2.78888889
180 502 0.765097786 0.00255032595 2.78888889
179 496 0.758613381 0.00252871127 2.77094972
179 496 0.758550416 0.00252850139 2.77094972
179 500 0.75657602 0.00252192007 2.79329609
178 497 0.754247506 0.00251415835 2.79213483
178 497 0.75441224 0.00251470747 2.79213483
178 497 0.754334235 0.00251444745 2.79213483
178 496 0.752096231 0.00250698744 2.78651685
177 489 0.75215858 0.00250719527 2.76271186
177 489 0.752109495 0.00250703165 2.76271186
177 485 0.74875218 0.0024958406 2.74011299
176 481 0.748075569 0.00249358523 2.73295455
176 479 0.748971206 0.00249657069 2.72159091
176 481 0.747972776 0.00249324259 2.73295455
175 475 0.745222755 0.00248407585 2.71428571
175 475 0.745177808 0.00248392603 2.71428571
175 475 0.745672123 0.00248557374 2.71428571
175 475 0.745450787 0.00248483596 2.71428571
175 475 0.745269329 0.0024842311 2.71428571
175 475 0.745425078 0.00248475026 2.71428571
175 475 0.745160808 0.00248386936 2.71428571
175 475 0.745357612 0.00248452537 2.71428571
175 475 0.745466266 0.00248488755 2.71428571
175 475 0.745357477 0.00248452492 2.71428571
174 473 0.73576917 0.0024525639 2.7183908
174 473 0.735515067 0.00245171689 2.7183908
174 473 0.735435503 0.00245145168 2.7183908
174 467 0.726930946 0.00242310315 2.68390805
174 467 0.734802019 0.00244934006 2.68390805
174 467 0.735033665 0.00245011222 2.68390805
174 467 0.73503172 0.00245010573 2.68390805
174 467 0.735087344 0.00245029115 2.68390805
174 467 0.73513968 0.0024504656 2.68390805
174 467 0.735050701 0.002450169 2.68390805
173 465 0.725326173 0.00241775391 2.68786127
173 465 0.725719089 0.00241906363 2.68786127
173 462 0.727459794 0.00242486598 2.67052023
173 462 0.727437186 0.00242479062 2.67052023
173 462 0.727868519 0.0024262284 2.67052023
173 462 0.727507741 0.0024250258 2.67052023
173 462 0.727384049 0.0024246135 2.67052023
173 462 0.727402924 0.00242467641 2.67052023
173 462 0.727458587 0.00242486196 2.67052023
173 462 0.727629135 0.00242543045 2.67052023
172 458 0.715668999 0.00238556333 2.6627907
172 458 0.715602063 0.00238534021 2.6627907
172 458 0.715707657 0.00238569219 2.6627907
172 458 0.715562731 0.0023852091 2.6627907
172 458 0.715729718 0.00238576573 2.6627907
172 453 0.716075226 0.00238691742 2.63372093
172 460 0.717968893 0.00239322964 2.6744186
172 460 0.718055985 0.00239351995 2.6744186
172 460 0.717997806 0.00239332602 2.6744186
172 460 0.717871738 0.00239290579 2.6744186
171 456 0.706559045 0.00235519682 2.66666667
171 456 0.70638003 0.0023546001 2.66666667
171 453 0.707740794 0.00235913598 2.64912281
171 453 0.707523533 0.00235841178 2.64912281
171 453 0.707397964 0.00235799321 2.64912281
171 453 0.707864495 0.00235954832 2.64912281
171 453 0.707914634 0.00235971545 2.64912281
171 453 0.708009861 0.00236003287 2.64912281
171 453 0.707820686 0.00235940229 2.64912281
171 453 0.708435205 0.00236145068 2.64912281
170 449 0.697623749 0.0023254125 2.64117647
170 449 0.697880256 0.00232626752 2.64117647
170 449 0.699232321 0.0023307744 2.64117647
170 449 0.699821081 0.00233273694 2.64117647
SP does not find any fixed points -> SP does not converge.
I am sorry I quit :(
