START ALGORITHM:
I am going to build an instance with N: 300 variables and 1245 clauses with a clause density equal to 4.15
START BSP WITH r=0.9:
Decimation scorer: gamma:0.01
END UNIT PROPAGATION
300 1245 3.03196936 0.0101065645 4.15
300 1245 3.03197028 0.0101065676 4.15
300 1245 3.03227207 0.0101075736 4.15
300 1245 3.03279499 0.0101093166 4.15
300 1245 3.03323081 0.0101107694 4.15
300 1245 3.03359722 0.0101119907 4.15
300 1245 3.03374881 0.010112496 4.15
300 1245 3.0337396 0.0101124653 4.15
300 1245 3.03364592 0.0101121531 4.15
299 1232 3.02996589 0.0100998863 4.12040134
299 1232 3.02988035 0.0100996012 4.12040134
299 1232 3.02982951 0.0100994317 4.12040134
299 1232 3.02983063 0.0100994354 4.12040134
299 1232 3.02985464 0.0100995155 4.12040134
299 1232 3.02988054 0.0100996018 4.12040134
299 1232 3.0298986 0.010099662 4.12040134
299 1232 3.02990034 0.0100996678 4.12040134
299 1232 3.02988889 0.0100996296 4.12040134
299 1232 3.02986917 0.0100995639 4.12040134
298 1223 3.02542881 0.0100847627 4.10402685
298 1223 3.02545373 0.0100848458 4.10402685
298 1223 3.02543185 0.0100847728 4.10402685
298 1223 3.02540166 0.0100846722 4.10402685
298 1223 3.02537096 0.0100845699 4.10402685
298 1223 3.02535056 0.0100845019 4.10402685
298 1223 3.0253382 0.0100844607 4.10402685
298 1223 3.02533689 0.0100844563 4.10402685
298 1223 3.02534318 0.0100844773 4.10402685
298 1223 3.02535488 0.0100845163 4.10402685
297 1208 3.02020809 0.0100673603 4.06734007
297 1208 3.02022821 0.0100674274 4.06734007
297 1208 3.02019043 0.0100673014 4.06734007
297 1208 3.02012467 0.0100670822 4.06734007
297 1208 3.0201695 0.0100672317 4.06734007
297 1208 3.02007475 0.0100669158 4.06734007
297 1208 3.02001003 0.0100667001 4.06734007
297 1208 3.020066 0.0100668867 4.06734007
297 1214 3.01949028 0.0100649676 4.08754209
297 1208 3.02001502 0.0100667167 4.06734007
296 1199 3.01460081 0.0100486694 4.05067568
296 1199 3.01461008 0.0100487003 4.05067568
296 1199 3.01466586 0.0100488862 4.05067568
296 1199 3.01465014 0.0100488338 4.05067568
296 1199 3.0146244 0.010048748 4.05067568
296 1199 3.01457174 0.0100485725 4.05067568
296 1199 3.01452891 0.0100484297 4.05067568
296 1199 3.01450781 0.0100483594 4.05067568
296 1199 3.01450978 0.0100483659 4.05067568
296 1199 3.01453211 0.0100484404 4.05067568
295 1190 3.00731846 0.0100243949 4.03389831
295 1190 3.00725349 0.0100241783 4.03389831
295 1190 3.00726826 0.0100242275 4.03389831
295 1190 3.00722731 0.010024091 4.03389831
295 1193 3.01020747 0.0100340249 4.0440678
295 1190 3.00724936 0.0100241645 4.03389831
295 1190 3.00721253 0.0100240418 4.03389831
295 1190 3.00719681 0.0100239894 4.03389831
295 1190 3.00719682 0.0100239894 4.03389831
295 1190 3.00720562 0.0100240187 4.03389831
294 1184 3.00313785 0.0100104595 4.02721088
294 1184 3.00315783 0.0100105261 4.02721088
294 1184 3.00316295 0.0100105432 4.02721088
294 1184 3.00314215 0.0100104738 4.02721088
294 1184 3.00316884 0.0100105628 4.02721088
294 1184 3.00318108 0.0100106036 4.02721088
294 1184 3.00318779 0.010010626 4.02721088
294 1184 3.00319286 0.0100106429 4.02721088
294 1184 3.00319872 0.0100106624 4.02721088
294 1184 3.00320368 0.0100106789 4.02721088
293 1176 2.99547048 0.00998490161 4.01365188
293 1179 2.99638257 0.0099879419 4.02389078
293 1177 2.99657848 0.00998859492 4.01706485
293 1180 2.99937673 0.00999792244 4.02730375
293 1177 2.99660227 0.00998867425 4.01706485
293 1177 2.99657286 0.00998857621 4.01706485
293 1177 2.99655878 0.00998852927 4.01706485
293 1177 2.99655976 0.00998853253 4.01706485
293 1177 2.99656412 0.00998854706 4.01706485
293 1177 2.99656408 0.00998854693 4.01706485
292 1171 2.99251876 0.00997506255 4.01027397
292 1171 2.99260741 0.00997535803 4.01027397
292 1171 2.99261154 0.00997537179 4.01027397
292 1171 2.99263044 0.00997543479 4.01027397
292 1171 2.9925683 0.00997522765 4.01027397
292 1171 2.99251123 0.00997503744 4.01027397
292 1171 2.99249363 0.00997497875 4.01027397
292 1171 2.99242066 0.00997473553 4.01027397
292 1171 2.9923915 0.00997463833 4.01027397
292 1171 2.99249764 0.00997499213 4.01027397
291 1161 2.98450077 0.0099483359 3.98969072
291 1163 2.98150237 0.00993834124 3.99656357
291 1159 2.98284557 0.00994281855 3.98281787
291 1161 2.98442735 0.00994809118 3.98969072
291 1161 2.98442214 0.0099480738 3.98969072
291 1161 2.98440923 0.00994803076 3.98969072
291 1161 2.98442315 0.00994807718 3.98969072
291 1161 2.98444047 0.0099481349 3.98969072
291 1161 2.98444898 0.00994816328 3.98969072
291 1161 2.98444954 0.00994816514 3.98969072
290 1153 2.97922162 0.00993073875 3.97586207
290 1153 2.97927969 0.00993093231 3.97586207
290 1153 2.97931731 0.00993105771 3.97586207
290 1153 2.97930207 0.00993100689 3.97586207
290 1153 2.97923557 0.00993078522 3.97586207
290 1152 2.97651663 0.00992172211 3.97241379
290 1153 2.97373956 0.00991246519 3.97586207
290 1153 2.97686126 0.00992287086 3.97586207
290 1150 2.97424981 0.00991416605 3.96551724
290 1150 2.97429074 0.00991430247 3.96551724
289 1144 2.97091293 0.00990304311 3.95847751
289 1144 2.97092502 0.00990308339 3.95847751
289 1144 2.97091909 0.00990306362 3.95847751
289 1144 2.97090764 0.00990302547 3.95847751
289 1144 2.97089463 0.00990298209 3.95847751
289 1144 2.97089321 0.00990297735 3.95847751
289 1144 2.97090223 0.00990300745 3.95847751
289 1144 2.97091148 0.00990303826 3.95847751
289 1144 2.97091518 0.00990305061 3.95847751
289 1144 2.97091455 0.00990304849 3.95847751
288 1136 2.96602024 0.00988673414 3.94444444
288 1136 2.9660543 0.00988684765 3.94444444
288 1136 2.96608047 0.00988693491 3.94444444
288 1136 2.96604281 0.00988680937 3.94444444
288 1136 2.96599296 0.0098866432 3.94444444
288 1137 2.96409373 0.00988031242 3.94791667
288 1136 2.96583513 0.00988611709 3.94444444
288 1136 2.96589683 0.00988632277 3.94444444
288 1136 2.96596661 0.00988655537 3.94444444
288 1136 2.9660298 0.00988676602 3.94444444
287 1129 2.95939915 0.00986466385 3.93379791
287 1129 2.95940265 0.00986467551 3.93379791
287 1129 2.95942202 0.00986474008 3.93379791
287 1129 2.95941654 0.00986472179 3.93379791
287 1129 2.95941379 0.00986471263 3.93379791
287 1129 2.95939757 0.00986465856 3.93379791
287 1129 2.95938014 0.00986460046 3.93379791
287 1129 2.95936802 0.00986456005 3.93379791
287 1129 2.95937379 0.0098645793 3.93379791
287 1129 2.95939154 0.00986463847 3.93379791
286 1121 2.95215776 0.00984052585 3.91958042
286 1121 2.95219324 0.00984064413 3.91958042
286 1121 2.95208914 0.00984029714 3.91958042
286 1124 2.95179117 0.00983930391 3.93006993
286 1124 2.95177742 0.00983925806 3.93006993
286 1121 2.95194578 0.00983981927 3.91958042
286 1121 2.9520708 0.00984023598 3.91958042
286 1124 2.95182949 0.00983943164 3.93006993
286 1124 2.95184844 0.00983949481 3.93006993
286 1124 2.9518372 0.00983945732 3.93006993
285 1116 2.94465003 0.00981550011 3.91578947
285 1116 2.94470511 0.00981568372 3.91578947
285 1116 2.94430681 0.00981435605 3.91578947
285 1116 2.94454707 0.0098151569 3.91578947
285 1113 2.94383027 0.00981276758 3.90526316
285 1116 2.94403576 0.00981345252 3.91578947
285 1116 2.94411267 0.00981370889 3.91578947
285 1116 2.94417131 0.00981390435 3.91578947
285 1116 2.94421048 0.00981403494 3.91578947
285 1116 2.94421531 0.00981405105 3.91578947
284 1108 2.93716583 0.00979055278 3.90140845
284 1108 2.93718065 0.00979060217 3.90140845
284 1108 2.93720897 0.00979069657 3.90140845
284 1107 2.93718106 0.00979060352 3.89788732
284 1108 2.93708231 0.00979027438 3.90140845
284 1107 2.93579314 0.00978597713 3.89788732
284 1108 2.93696918 0.00978989728 3.90140845
284 1108 2.93701603 0.00979005342 3.90140845
284 1106 2.93623241 0.00978744135 3.8943662
284 1108 2.93716384 0.00979054613 3.90140845
283 1099 2.93058831 0.00976862771 3.88339223
283 1099 2.93053877 0.00976846256 3.88339223
283 1099 2.93054287 0.00976847623 3.88339223
283 1099 2.93049998 0.00976833327 3.88339223
283 1099 2.93050714 0.00976835715 3.88339223
283 1099 2.93043044 0.00976810147 3.88339223
283 1099 2.93038749 0.0097679583 3.88339223
283 1099 2.93043542 0.00976811806 3.88339223
283 1099 2.93047314 0.00976824379 3.88339223
283 1099 2.9305023 0.00976834101 3.88339223
282 1090 2.92297608 0.0097432536 3.86524823
282 1090 2.92304801 0.00974349337 3.86524823
282 1090 2.92303558 0.00974345194 3.86524823
282 1089 2.92260713 0.00974202376 3.86170213
282 1090 2.92292456 0.00974308188 3.86524823
282 1090 2.92305062 0.00974350208 3.86524823
282 1090 2.92306201 0.00974354003 3.86524823
282 1090 2.92307781 0.00974359269 3.86524823
282 1090 2.92306415 0.00974354716 3.86524823
282 1090 2.92305342 0.00974351139 3.86524823
281 1081 2.91531619 0.00971772063 3.84697509
281 1081 2.91531582 0.00971771939 3.84697509
281 1081 2.91524046 0.0097174682 3.84697509
281 1081 2.91518441 0.00971728136 3.84697509
281 1081 2.91523721 0.00971745735 3.84697509
281 1081 2.91533113 0.00971777042 3.84697509
281 1081 2.91536465 0.00971788218 3.84697509
281 1081 2.9153424 0.00971780799 3.84697509
281 1081 2.91531742 0.00971772474 3.84697509
281 1081 2.91530568 0.00971768561 3.84697509
280 1071 2.90784039 0.00969280129 3.825
280 1071 2.90784116 0.00969280385 3.825
280 1076 2.90742567 0.00969141891 3.84285714
280 1073 2.90644705 0.00968815684 3.83214286
280 1077 2.90987788 0.00969959294 3.84642857
280 1076 2.90994393 0.00969981309 3.84285714
280 1077 2.90994982 0.00969983273 3.84642857
280 1077 2.91004838 0.00970016128 3.84642857
280 1077 2.91007363 0.00970024543 3.84642857
280 1077 2.9100748 0.00970024933 3.84642857
279 1068 2.902628 0.00967542666 3.82795699
279 1068 2.90266617 0.0096755539 3.82795699
279 1067 2.90312113 0.00967707042 3.82437276
279 1068 2.90261632 0.00967538773 3.82795699
279 1068 2.9026069 0.00967535634 3.82795699
279 1067 2.9030879 0.00967695968 3.82437276
279 1067 2.90311006 0.00967703354 3.82437276
279 1067 2.9031404 0.00967713467 3.82437276
279 1067 2.90315338 0.00967717795 3.82437276
279 1067 2.90314517 0.00967715058 3.82437276
278 1058 2.89587922 0.00965293073 3.8057554
278 1058 2.895877 0.00965292333 3.8057554
278 1058 2.89583616 0.00965278721 3.8057554
278 1058 2.89589582 0.00965298606 3.8057554
278 1058 2.8959481 0.00965316033 3.8057554
278 1058 2.89593216 0.00965310718 3.8057554
278 1058 2.89591599 0.00965305329 3.8057554
278 1058 2.89590413 0.00965301377 3.8057554
278 1058 2.89589687 0.00965298955 3.8057554
278 1058 2.89590496 0.00965301653 3.8057554
277 1049 2.88823555 0.00962745183 3.78700361
277 1049 2.88814853 0.00962716178 3.78700361
277 1051 2.88785798 0.00962619326 3.79422383
277 1049 2.887846 0.00962615333 3.78700361
277 1051 2.88759437 0.00962531457 3.79422383
277 1051 2.88788109 0.00962627029 3.79422383
277 1051 2.88789313 0.00962631044 3.79422383
277 1051 2.88787376 0.00962624586 3.79422383
277 1051 2.88786459 0.00962621529 3.79422383
277 1051 2.88785818 0.00962619393 3.79422383
276 1042 2.88054364 0.00960181214 3.77536232
276 1042 2.88047881 0.00960159602 3.77536232
276 1042 2.88046395 0.0096015465 3.77536232
276 1042 2.88049399 0.00960164663 3.77536232
276 1042 2.88051087 0.00960170291 3.77536232
276 1042 2.8804995 0.00960166499 3.77536232
276 1042 2.88049193 0.00960163977 3.77536232
276 1042 2.88048762 0.00960162539 3.77536232
276 1042 2.88048718 0.00960162392 3.77536232
276 1042 2.88049246 0.00960164154 3.77536232
275 1032 2.87250139 0.00957500464 3.75272727
275 1032 2.8724388 0.00957479599 3.75272727
275 1032 2.87238325 0.00957461085 3.75272727
275 1032 2.87255609 0.00957518696 3.75272727
275 1032 2.87261873 0.00957539578 3.75272727
275 1032 2.87256835 0.00957522784 3.75272727
275 1032 2.87252623 0.00957508742 3.75272727
275 1032 2.87250475 0.00957501584 3.75272727
275 1032 2.87251306 0.00957504353 3.75272727
275 1032 2.87253797 0.00957512656 3.75272727
274 1026 2.86301297 0.00954337656 3.74452555
274 1022 2.8625454 0.00954181799 3.72992701
274 1026 2.86556728 0.00955189092 3.74452555
274 1026 2.86559143 0.00955197144 3.74452555
274 1026 2.86560957 0.00955203191 3.74452555
274 1026 2.86560176 0.00955200587 3.74452555
274 1026 2.86559285 0.00955197616 3.74452555
274 1026 2.86558883 0.00955196277 3.74452555
274 1026 2.8655882 0.00955196065 3.74452555
274 1026 2.86559216 0.00955197385 3.74452555
273 1016 2.85763458 0.00952544859 3.72161172
273 1016 2.85755021 0.00952516737 3.72161172
273 1020 2.85714817 0.00952382724 3.73626374
273 1016 2.85769528 0.00952565092 3.72161172
273 1016 2.85769023 0.0095256341 3.72161172
273 1016 2.85763465 0.00952544885 3.72161172
273 1016 2.85760213 0.00952534042 3.72161172
273 1016 2.85758819 0.00952529398 3.72161172
273 1016 2.85759985 0.00952533284 3.72161172
273 1016 2.85762407 0.00952541355 3.72161172
272 1010 2.84945738 0.00949819126 3.71323529
272 1010 2.84954289 0.00949847631 3.71323529
272 1010 2.84948835 0.0094982945 3.71323529
272 1010 2.8494331 0.00949811033 3.71323529
272 1010 2.84946282 0.00949820939 3.71323529
272 1010 2.84951353 0.00949837844 3.71323529
272 1010 2.84956662 0.00949855541 3.71323529
272 1010 2.84957005 0.00949856685 3.71323529
272 1010 2.84954594 0.00949848646 3.71323529
272 1010 2.84949832 0.00949832772 3.71323529
271 1002 2.83990247 0.00946634158 3.69741697
271 1001 2.84001317 0.00946671057 3.69372694
271 999 2.83862332 0.00946207774 3.68634686
271 1001 2.83987799 0.00946625996 3.69372694
271 1001 2.83987118 0.00946623726 3.69372694
271 1001 2.83992363 0.00946641209 3.69372694
271 1001 2.83997719 0.00946659064 3.69372694
271 1001 2.84002413 0.0094667471 3.69372694
271 1001 2.84003517 0.0094667839 3.69372694
271 1001 2.84001829 0.00946672765 3.69372694
270 990 2.83119499 0.00943731665 3.66666667
270 990 2.83124753 0.00943749177 3.66666667
270 990 2.83124462 0.00943748206 3.66666667
270 990 2.83126447 0.00943754822 3.66666667
270 990 2.83128482 0.00943761605 3.66666667
270 990 2.83128779 0.00943762598 3.66666667
270 990 2.83127795 0.00943759315 3.66666667
270 990 2.8312711 0.00943757032 3.66666667
270 990 2.83127148 0.00943757158 3.66666667
270 990 2.83127314 0.00943757715 3.66666667
269 982 2.82174569 0.00940581897 3.65055762
269 982 2.82168332 0.00940561106 3.65055762
269 982 2.82171266 0.00940570888 3.65055762
269 982 2.82172496 0.00940574987 3.65055762
269 982 2.82172283 0.00940574276 3.65055762
269 982 2.82171903 0.0094057301 3.65055762
269 982 2.82171764 0.00940572546 3.65055762
269 982 2.82171768 0.00940572558 3.65055762
269 982 2.82171797 0.00940572656 3.65055762
269 982 2.82171855 0.00940572851 3.65055762
268 973 2.81244539 0.00937481797 3.63059701
268 973 2.8123291 0.00937443033 3.63059701
268 974 2.8107396 0.009369132 3.63432836
268 975 2.80906957 0.00936356523 3.6380597
268 980 2.81254624 0.00937515415 3.65671642
268 979 2.81011841 0.00936706135 3.65298507
268 983 2.81362153 0.00937873842 3.66791045
267 972 2.8052912 0.00935097067 3.64044944
267 972 2.80522207 0.00935074024 3.64044944
267 972 2.80526108 0.00935087026 3.64044944
266 961 2.79653679 0.00932178932 3.61278195
266 961 2.79647634 0.00932158782 3.61278195
266 961 2.79652908 0.0093217636 3.61278195
266 961 2.79654463 0.00932181545 3.61278195
266 961 2.79654263 0.00932180875 3.61278195
266 961 2.79653547 0.00932178489 3.61278195
266 961 2.79653297 0.00932177656 3.61278195
266 961 2.79653381 0.00932177936 3.61278195
266 961 2.79653514 0.00932178379 3.61278195
266 961 2.79653599 0.00932178664 3.61278195
265 953 2.78700186 0.00929000621 3.59622642
265 953 2.78685813 0.0092895271 3.59622642
265 955 2.78662723 0.00928875742 3.60377358
265 955 2.78664985 0.00928883283 3.60377358
265 955 2.78666876 0.00928889587 3.60377358
265 955 2.78668944 0.00928896479 3.60377358
265 955 2.78667528 0.00928891759 3.60377358
265 955 2.78666002 0.00928886674 3.60377358
265 955 2.78666037 0.0092888679 3.60377358
265 955 2.78666551 0.00928888502 3.60377358
264 947 2.77728286 0.00925760953 3.58712121
264 947 2.7771826 0.00925727534 3.58712121
264 947 2.77717423 0.00925724743 3.58712121
264 947 2.77722782 0.00925742608 3.58712121
264 947 2.77728685 0.00925762283 3.58712121
264 947 2.77730635 0.00925768784 3.58712121
264 947 2.77730004 0.00925766679 3.58712121
264 947 2.77727277 0.00925757591 3.58712121
264 947 2.77723942 0.00925746474 3.58712121
264 947 2.77722981 0.00925743269 3.58712121
263 938 2.76829751 0.00922765835 3.56653992
263 938 2.76830045 0.00922766815 3.56653992
263 938 2.76823082 0.00922743608 3.56653992
263 938 2.76824511 0.0092274837 3.56653992
263 938 2.7683184 0.00922772799 3.56653992
263 938 2.768363 0.00922787666 3.56653992
263 938 2.76836524 0.00922788414 3.56653992
263 938 2.76835119 0.00922783732 3.56653992
263 938 2.76833657 0.00922778857 3.56653992
263 938 2.76832623 0.00922775411 3.56653992
262 929 2.75837349 0.00919457832 3.54580153
262 929 2.75821664 0.00919405546 3.54580153
262 929 2.75804558 0.00919348527 3.54580153
262 929 2.75819941 0.00919399804 3.54580153
262 929 2.7584515 0.00919483833 3.54580153
262 929 2.75852668 0.00919508895 3.54580153
262 929 2.75847781 0.00919492605 3.54580153
262 929 2.75841716 0.00919472388 3.54580153
262 929 2.7583777 0.00919459235 3.54580153
262 929 2.75836168 0.00919453894 3.54580153
261 920 2.74696465 0.00915654884 3.52490421
261 924 2.74753739 0.00915845797 3.54022989
261 924 2.75031593 0.00916771976 3.54022989
261 924 2.74986873 0.00916622911 3.54022989
261 924 2.74982221 0.00916607404 3.54022989
261 924 2.74983146 0.00916610487 3.54022989
261 924 2.74985304 0.00916617682 3.54022989
261 924 2.74984874 0.00916616247 3.54022989
261 924 2.749842 0.00916613999 3.54022989
261 924 2.74984053 0.00916613511 3.54022989
260 915 2.74064558 0.00913548526 3.51923077
260 915 2.74062338 0.00913541126 3.51923077
260 915 2.74064879 0.00913549597 3.51923077
260 915 2.7406596 0.00913553198 3.51923077
260 915 2.74065591 0.00913551969 3.51923077
260 915 2.74065198 0.00913550659 3.51923077
260 915 2.74065013 0.00913550044 3.51923077
260 915 2.74065009 0.00913550031 3.51923077
260 915 2.74065056 0.00913550188 3.51923077
260 915 2.74065118 0.00913550393 3.51923077
259 906 2.72906392 0.00909687973 3.4980695
259 904 2.72590821 0.00908636071 3.49034749
259 903 2.72965701 0.00909885669 3.48648649
259 906 2.72892454 0.00909641513 3.4980695
259 906 2.72901694 0.00909672315 3.4980695
259 906 2.72906937 0.0090968979 3.4980695
259 906 2.72907079 0.00909690263 3.4980695
259 906 2.7290594 0.00909686466 3.4980695
259 906 2.72904964 0.00909683213 3.4980695
259 906 2.7290422 0.00909680732 3.4980695
258 895 2.72102677 0.00907008922 3.46899225
258 895 2.72097827 0.00906992757 3.46899225
258 895 2.72094447 0.0090698149 3.46899225
258 895 2.72103839 0.00907012795 3.46899225
258 895 2.7209957 0.00906998566 3.46899225
258 895 2.72098498 0.00906994995 3.46899225
258 895 2.72098992 0.00906996641 3.46899225
258 895 2.72099556 0.00906998519 3.46899225
258 895 2.72099538 0.00906998461 3.46899225
258 895 2.7209935 0.00906997833 3.46899225
257 884 2.70861814 0.00902872712 3.43968872
257 882 2.70816663 0.0090272221 3.43190661
257 884 2.70863781 0.00902879271 3.43968872
257 884 2.7087476 0.00902915867 3.43968872
257 884 2.70871943 0.00902906476 3.43968872
257 884 2.70865026 0.0090288342 3.43968872
257 884 2.70861504 0.00902871681 3.43968872
257 884 2.70860187 0.00902867289 3.43968872
257 884 2.70860313 0.0090286771 3.43968872
257 884 2.70861365 0.00902871218 3.43968872
256 871 2.69589677 0.00898632257 3.40234375
256 871 2.69602021 0.00898673405 3.40234375
256 871 2.69587735 0.00898625784 3.40234375
256 871 2.69588795 0.00898629315 3.40234375
256 871 2.69594747 0.00898649156 3.40234375
256 871 2.69596487 0.00898654957 3.40234375
256 871 2.69595999 0.00898653329 3.40234375
256 871 2.69595318 0.0089865106 3.40234375
256 871 2.69594752 0.00898649174 3.40234375
256 871 2.69594421 0.00898648071 3.40234375
255 863 2.68175517 0.00893918389 3.38431373
255 863 2.68152574 0.00893841914 3.38431373
255 867 2.68068547 0.00893561824 3.4
255 863 2.68158896 0.00893862986 3.38431373
255 863 2.68214446 0.00894048153 3.38431373
255 863 2.6820842 0.00894028067 3.38431373
255 863 2.68177157 0.00893923856 3.38431373
255 863 2.68164756 0.00893882519 3.38431373
255 863 2.68159918 0.00893866392 3.38431373
255 863 2.68166687 0.00893888956 3.38431373
254 859 2.66662142 0.00888873807 3.38188976
254 859 2.66644246 0.00888814153 3.38188976
254 854 2.66650341 0.00888834469 3.36220472
253 849 2.65903391 0.00886344635 3.35573123
253 852 2.66273698 0.00887578993 3.36758893
253 858 2.67017121 0.0089005707 3.39130435
253 859 2.67315929 0.00891053097 3.39525692
252 846 2.66160727 0.00887202424 3.35714286
252 846 2.66133959 0.00887113196 3.35714286
252 848 2.6615768 0.00887192267 3.36507937
251 835 2.64978866 0.00883262885 3.32669323
251 835 2.6497164 0.00883238799 3.32669323
251 835 2.64973306 0.00883244354 3.32669323
251 835 2.64985135 0.00883283783 3.32669323
251 835 2.64994323 0.0088331441 3.32669323
251 835 2.64996654 0.00883322179 3.32669323
251 835 2.64994837 0.00883316125 3.32669323
251 835 2.64992281 0.00883307604 3.32669323
251 835 2.6499052 0.00883301735 3.32669323
251 835 2.64989843 0.00883299476 3.32669323
250 831 2.63711233 0.00879037444 3.324
250 831 2.63713862 0.00879046207 3.324
250 831 2.63707281 0.0087902427 3.324
250 831 2.63710218 0.00879034061 3.324
250 831 2.63703827 0.00879012756 3.324
250 831 2.63705088 0.00879016958 3.324
250 831 2.63718374 0.00879061247 3.324
250 831 2.63716199 0.00879053998 3.324
250 831 2.63715591 0.0087905197 3.324
250 831 2.63716211 0.00879054037 3.324
249 824 2.62251939 0.00874173129 3.30923695
248 819 2.61831838 0.00872772793 3.30241935
248 819 2.6176123 0.00872537434 3.30241935
248 815 2.61465389 0.00871551298 3.28629032
248 824 2.61794976 0.00872649922 3.32258065
248 828 2.61634428 0.00872114762 3.33870968
248 823 2.61313476 0.00871044918 3.31854839
248 823 2.61300494 0.00871001645 3.31854839
248 823 2.61309124 0.00871030413 3.31854839
248 823 2.61306145 0.00871020482 3.31854839
247 818 2.608994 0.00869664667 3.31174089
247 818 2.60892906 0.00869643019 3.31174089
247 818 2.60896001 0.00869653335 3.31174089
247 818 2.60898543 0.0086966181 3.31174089
247 818 2.60899461 0.00869664871 3.31174089
247 818 2.6089922 0.00869664065 3.31174089
247 818 2.60898654 0.00869662181 3.31174089
247 818 2.6089816 0.00869660533 3.31174089
247 818 2.60897899 0.00869659663 3.31174089
247 818 2.60897851 0.00869659503 3.31174089
246 805 2.59766091 0.00865886971 3.27235772
246 805 2.59750692 0.00865835639 3.27235772
246 814 2.59769257 0.00865897522 3.30894309
246 814 2.59761786 0.00865872621 3.30894309
246 814 2.59770639 0.00865902131 3.30894309
246 814 2.59777498 0.00865924992 3.30894309
246 814 2.59777873 0.00865926244 3.30894309
246 814 2.59775909 0.00865919697 3.30894309
246 814 2.59774244 0.00865914146 3.30894309
246 814 2.59773367 0.00865911224 3.30894309
245 801 2.58624096 0.00862080321 3.26938776
245 801 2.58620847 0.0086206949 3.26938776
245 801 2.5861782 0.00862059399 3.26938776
245 801 2.58626996 0.00862089985 3.26938776
245 801 2.58631566 0.0086210522 3.26938776
245 801 2.5863132 0.00862104399 3.26938776
245 801 2.58630172 0.00862100572 3.26938776
245 801 2.58629356 0.00862097854 3.26938776
245 801 2.58629098 0.00862096994 3.26938776
245 801 2.58629205 0.00862097349 3.26938776
244 795 2.57489048 0.00858296827 3.25819672
244 795 2.57476496 0.00858254988 3.25819672
244 795 2.57473398 0.00858244659 3.25819672
244 795 2.57479545 0.0085826515 3.25819672
244 795 2.57480727 0.00858269091 3.25819672
244 795 2.5747995 0.008582665 3.25819672
244 795 2.57479364 0.00858264546 3.25819672
244 795 2.57479266 0.00858264219 3.25819672
244 795 2.57479389 0.00858264629 3.25819672
244 795 2.57479469 0.00858264896 3.25819672
243 791 2.56251636 0.00854172121 3.25514403
243 792 2.56710318 0.00855701058 3.25925926
243 791 2.56251979 0.00854173263 3.25514403
243 792 2.56711355 0.00855704515 3.25925926
243 792 2.56712051 0.00855706835 3.25925926
243 792 2.56710593 0.00855701978 3.25925926
243 792 2.56709801 0.00855699337 3.25925926
243 792 2.56709647 0.00855698825 3.25925926
243 792 2.56709802 0.00855699341 3.25925926
243 792 2.56709915 0.00855699718 3.25925926
242 788 2.55492026 0.00851640087 3.25619835
242 788 2.55487914 0.00851626379 3.25619835
242 788 2.55481179 0.00851603929 3.25619835
242 788 2.55488137 0.00851627123 3.25619835
242 788 2.5549382 0.00851646067 3.25619835
242 788 2.55494317 0.00851647724 3.25619835
242 788 2.55493169 0.00851643896 3.25619835
242 788 2.55492195 0.00851640649 3.25619835
242 788 2.5549183 0.00851639434 3.25619835
242 788 2.55491919 0.00851639731 3.25619835
241 784 2.54169582 0.00847231939 3.25311203
240 778 2.53048889 0.00843496296 3.24166667
240 778 2.53001588 0.00843338626 3.24166667
240 778 2.5300867 0.00843362232 3.24166667
240 778 2.5302121 0.00843404032 3.24166667
240 778 2.53017573 0.0084339191 3.24166667
240 778 2.53015516 0.00843385053 3.24166667
240 778 2.53015004 0.00843383346 3.24166667
240 778 2.53015481 0.00843384938 3.24166667
240 778 2.53015846 0.00843386154 3.24166667
239 771 2.51558218 0.00838527394 3.22594142
239 771 2.51556691 0.00838522303 3.22594142
239 771 2.51560081 0.00838533602 3.22594142
239 771 2.51579241 0.00838597469 3.22594142
239 771 2.51574482 0.00838581608 3.22594142
239 771 2.51573352 0.0083857784 3.22594142
239 771 2.51575733 0.00838585776 3.22594142
239 771 2.51569479 0.00838564932 3.22594142
239 771 2.51571183 0.0083857061 3.22594142
239 771 2.51576309 0.00838587697 3.22594142
238 765 2.50014767 0.00833382556 3.21428571
238 765 2.49992749 0.00833309165 3.21428571
238 765 2.49998091 0.0083332697 3.21428571
238 767 2.5032322 0.00834410734 3.22268908
238 767 2.50314326 0.00834381085 3.22268908
238 767 2.50307758 0.00834359192 3.22268908
238 767 2.50305938 0.00834353126 3.22268908
238 767 2.50305976 0.00834353252 3.22268908
238 767 2.50306917 0.00834356389 3.22268908
238 767 2.50307562 0.00834358539 3.22268908
237 761 2.48761411 0.00829204703 3.21097046
237 761 2.48747309 0.00829157695 3.21097046
237 761 2.49059424 0.00830198079 3.21097046
237 759 2.48534489 0.00828448295 3.20253165
237 761 2.49078171 0.00830260569 3.21097046
237 761 2.49067188 0.00830223959 3.21097046
237 761 2.49055109 0.00830183698 3.21097046
237 761 2.49053102 0.00830177007 3.21097046
237 761 2.49053688 0.00830178959 3.21097046
237 765 2.49532522 0.00831775074 3.2278481
236 759 2.48328953 0.00827763178 3.21610169
236 755 2.47513529 0.00825045098 3.19915254
236 759 2.48333216 0.00827777388 3.21610169
236 759 2.48348258 0.00827827528 3.21610169
236 759 2.48350382 0.00827834606 3.21610169
236 759 2.4834545 0.00827818165 3.21610169
236 759 2.4834219 0.008278073 3.21610169
236 759 2.48341208 0.00827804027 3.21610169
236 759 2.48341568 0.00827805228 3.21610169
236 759 2.48342219 0.00827807398 3.21610169
235 753 2.46775677 0.00822585589 3.20425532
235 753 2.46761704 0.00822539014 3.20425532
235 753 2.46765586 0.00822551954 3.20425532
235 753 2.4676974 0.00822565799 3.20425532
235 753 2.46767765 0.00822559218 3.20425532
235 753 2.46766371 0.00822554569 3.20425532
235 753 2.4676616 0.00822553865 3.20425532
235 753 2.46766362 0.00822554539 3.20425532
235 753 2.46766565 0.00822555216 3.20425532
235 753 2.46766624 0.00822555413 3.20425532
234 749 2.45127407 0.00817091357 3.2008547
234 749 2.45072261 0.00816907538 3.2008547
234 749 2.45140528 0.00817135094 3.2008547
234 749 2.4517663 0.00817255432 3.2008547
234 749 2.45127816 0.0081709272 3.2008547
234 749 2.45097699 0.0081699233 3.2008547
234 749 2.45119635 0.00817065452 3.2008547
234 749 2.45077353 0.0081692451 3.2008547
234 749 2.45137857 0.00817126191 3.2008547
234 749 2.4517451 0.00817248366 3.2008547
233 743 2.43377506 0.00811258353 3.1888412
233 742 2.43322869 0.00811076229 3.18454936
233 743 2.43312871 0.00811042902 3.1888412
233 743 2.43328261 0.00811094203 3.1888412
233 743 2.43301088 0.00811003625 3.1888412
233 743 2.43150238 0.00810500795 3.1888412
233 743 2.43089436 0.00810298119 3.1888412
233 743 2.431214 0.00810404665 3.1888412
233 743 2.4313139 0.00810437966 3.1888412
233 743 2.43126955 0.00810423182 3.1888412
232 737 2.41351157 0.00804503857 3.17672414
232 736 2.41288828 0.00804296092 3.17241379
232 737 2.41338547 0.00804461824 3.17672414
232 737 2.41344479 0.00804481598 3.17672414
232 737 2.41348864 0.00804496212 3.17672414
232 737 2.41348934 0.00804496446 3.17672414
232 737 2.41348976 0.00804496587 3.17672414
232 737 2.41348885 0.00804496284 3.17672414
232 737 2.41348864 0.00804496214 3.17672414
232 737 2.4134886 0.00804496201 3.17672414
231 730 2.39623614 0.00798745379 3.16017316
231 734 2.40944821 0.00803149404 3.17748918
231 730 2.396284 0.00798761335 3.16017316
231 730 2.3963128 0.00798770932 3.16017316
231 730 2.39632087 0.00798773625 3.16017316
231 730 2.39632127 0.00798773755 3.16017316
231 730 2.3963229 0.00798774301 3.16017316
231 730 2.39632426 0.00798774753 3.16017316
231 730 2.39632568 0.00798775227 3.16017316
231 730 2.39632607 0.00798775356 3.16017316
230 727 2.39632623 0.0079877541 3.16086957
230 727 2.39622898 0.00798742994 3.16086957
230 727 2.39625203 0.00798750677 3.16086957
230 727 2.39627436 0.00798758119 3.16086957
230 727 2.39634272 0.00798780908 3.16086957
230 727 2.39629875 0.00798766251 3.16086957
230 727 2.3963461 0.00798782034 3.16086957
230 727 2.39629574 0.00798765246 3.16086957
230 727 2.39634357 0.00798781188 3.16086957
230 727 2.39629508 0.00798765025 3.16086957
229 726 2.3761998 0.007920666 3.17030568
229 723 2.37673415 0.00792244718 3.15720524
229 725 2.36520184 0.00788400613 3.16593886
229 721 2.36630934 0.00788769781 3.14847162
229 721 2.37343791 0.00791145971 3.14847162
229 721 2.37349289 0.00791164296 3.14847162
229 721 2.37321657 0.00791072188 3.14847162
229 721 2.37283426 0.00790944754 3.14847162
229 721 2.37244568 0.00790815226 3.14847162
229 721 2.37212146 0.00790707153 3.14847162
228 718 2.37199127 0.00790663757 3.14912281
228 718 2.37173797 0.00790579322 3.14912281
228 718 2.37155486 0.00790518288 3.14912281
228 715 2.35303423 0.00784344744 3.13596491
228 715 2.35271908 0.00784239694 3.13596491
228 715 2.3514238 0.00783807933 3.13596491
228 715 2.35158285 0.00783860951 3.13596491
228 715 2.35168033 0.00783893444 3.13596491
228 715 2.35172713 0.00783909045 3.13596491
228 715 2.35174603 0.00783915342 3.13596491
227 712 2.35174938 0.00783916462 3.13656388
227 712 2.35174074 0.00783913579 3.13656388
227 712 2.35174013 0.00783913375 3.13656388
227 712 2.35173715 0.00783912382 3.13656388
227 712 2.35173628 0.00783912093 3.13656388
227 712 2.35173606 0.0078391202 3.13656388
227 712 2.35173604 0.00783912013 3.13656388
227 712 2.35173605 0.00783912016 3.13656388
227 712 2.35173606 0.00783912019 3.13656388
227 712 2.35173606 0.0078391202 3.13656388
226 706 2.33456139 0.00778187131 3.12389381
226 706 2.33459056 0.00778196854 3.12389381
226 706 2.33474701 0.00778249003 3.12389381
226 706 2.33465779 0.00778219264 3.12389381
226 706 2.33473707 0.00778245689 3.12389381
226 706 2.33465025 0.00778216751 3.12389381
226 706 2.3347343 0.00778244768 3.12389381
226 706 2.33464981 0.00778216603 3.12389381
226 706 2.33473422 0.00778244741 3.12389381
226 706 2.33464981 0.00778216603 3.12389381
225 701 2.31624045 0.0077208015 3.11555556
224 696 2.30315381 0.00767717935 3.10714286
224 696 2.31591727 0.00771972423 3.10714286
224 696 2.30157179 0.00767190596 3.10714286
224 696 2.3089221 0.00769640699 3.10714286
224 697 2.30838942 0.00769463139 3.11160714
224 699 2.31691296 0.00772304321 3.12053571
224 699 2.31596331 0.00771987771 3.12053571
224 699 2.31591809 0.00771972698 3.12053571
224 699 2.31615032 0.00772050108 3.12053571
223 693 2.29800605 0.00766002018 3.10762332
223 693 2.29735506 0.0076578502 3.10762332
223 693 2.29696671 0.00765655572 3.10762332
223 693 2.29691164 0.00765637214 3.10762332
223 693 2.29690746 0.00765635819 3.10762332
223 693 2.29691275 0.00765637585 3.10762332
223 693 2.29691982 0.00765639941 3.10762332
223 693 2.29692634 0.00765642113 3.10762332
223 693 2.29693157 0.00765643857 3.10762332
223 693 2.29699087 0.00765663624 3.10762332
222 686 2.28556314 0.00761854381 3.09009009
222 686 2.28560572 0.00761868575 3.09009009
222 686 2.28559275 0.0076186425 3.09009009
222 686 2.28560909 0.00761869697 3.09009009
222 686 2.28558935 0.00761863116 3.09009009
222 686 2.285606 0.00761868666 3.09009009
222 686 2.28558975 0.0076186325 3.09009009
222 686 2.28560685 0.0076186895 3.09009009
222 686 2.2855908 0.00761863602 3.09009009
222 686 2.28560772 0.00761869241 3.09009009
221 681 2.26848414 0.00756161381 3.08144796
221 681 2.26846723 0.00756155744 3.08144796
221 681 2.26845702 0.00756152341 3.08144796
221 681 2.26846341 0.00756154471 3.08144796
221 681 2.26846235 0.00756154117 3.08144796
221 681 2.26846259 0.00756154197 3.08144796
221 681 2.26846184 0.00756153948 3.08144796
221 681 2.26846143 0.00756153811 3.08144796
221 681 2.26846089 0.00756153631 3.08144796
221 681 2.2684605 0.00756153499 3.08144796
220 678 2.26846033 0.00756153442 3.08181818
220 678 2.26837928 0.00756126425 3.08181818
220 678 2.26833623 0.00756112078 3.08181818
220 678 2.26840496 0.00756134986 3.08181818
220 678 2.26838651 0.00756128837 3.08181818
220 678 2.26844202 0.00756147339 3.08181818
220 678 2.26846315 0.00756154384 3.08181818
220 678 2.26847232 0.00756157439 3.08181818
220 678 2.26847802 0.00756159342 3.08181818
220 678 2.26848189 0.00756160632 3.08181818
219 670 2.24782472 0.00749274906 3.05936073
219 670 2.24781877 0.00749272922 3.05936073
219 672 2.24605308 0.0074868436 3.06849315
218 666 2.24045211 0.00746817369 3.05504587
218 666 2.23970056 0.00746566855 3.05504587
218 666 2.23961572 0.00746538575 3.05504587
218 666 2.23954972 0.00746516572 3.05504587
218 666 2.23949809 0.00746499363 3.05504587
218 666 2.23945541 0.00746485137 3.05504587
218 666 2.23941806 0.00746472685 3.05504587
217 661 2.2215879 0.00740529301 3.04608295
217 661 2.22155254 0.00740517514 3.04608295
217 661 2.22155656 0.00740518853 3.04608295
217 661 2.22153815 0.00740512716 3.04608295
217 661 2.22152346 0.0074050782 3.04608295
217 661 2.22150894 0.00740502979 3.04608295
217 661 2.22149486 0.00740498285 3.04608295
217 661 2.22148038 0.0074049346 3.04608295
217 661 2.22146594 0.00740488648 3.04608295
217 661 2.22145148 0.00740483827 3.04608295
216 658 2.22144423 0.0074048141 3.0462963
216 658 2.22126215 0.00740420715 3.0462963
216 658 2.22113012 0.00740376707 3.0462963
216 658 2.2209593 0.00740319766 3.0462963
216 658 2.22072563 0.00740241877 3.0462963
216 658 2.22037681 0.00740125603 3.0462963
216 658 2.21980233 0.00739934109 3.0462963
216 658 2.21874077 0.00739580255 3.0462963
216 658 2.21647153 0.00738823844 3.0462963
216 658 2.21054614 0.00736848713 3.0462963
215 650 2.18005882 0.00726686273 3.02325581
215 653 -5.66213743e-15 -1.88737914e-17 3.0372093
215 653 0 0 3.0372093
allocating memory...
allocating memory...
allocating memory...
allocating memory...
allocating memory...
allocating memory...
walksat version 35
command line = test -solcnf -cutoff 100000000 -best -seed 1234567 -numsol 10 ./residualformula_seed4.cnf
seed = 1234567
cutoff = 100000000
tries = 10
heuristic = best, noise 50 / 100
tail starts after flip = 900
numatom = 300, numclause = 653, numliterals = 1817
wff read in

    lowest     final       avg     noise     noise     total                 avg        mean        mean
    #unsat    #unsat     noise   std dev     ratio     flips              length       flips       flips
      this      this      this      this      this      this   success   success       until         std
       try       try       try       try       try       try      rate     tries      assign         dev

         0         0      3.72      1.94      1.91      1457       100      1457     1457.00
         0         0      0.00      0.00      0.00       518       100       987      987.50      663.97
         0         0      0.00      0.00      0.00       424       100       799      799.67      571.20
         0         0      2.98      1.73      1.72      2741       100      1285     1285.00     1076.90
         0         0      5.18      2.64      1.96      1556       100      1339     1339.20      940.46
         0         0      6.07      2.47      2.45      1860       100      1426     1426.00      867.63
         0         0      7.07      4.45      1.59      1735       100      1470     1470.14      800.60
         0         0      0.00      0.00      0.00       837       100      1391     1391.00      774.27
         0         0      5.25      1.90      2.76      1562       100      1410     1410.00      726.51
         0         0      0.00      0.00      0.00       406       100      1309     1309.60      754.96

total elapsed seconds = 0.000000
average flips per second = -9223372036854775808
number solutions found = 10
final success rate = 100.000000
average length successful tries = 1309
mean flips until assign = 1309.600000
  variance = 569968.711111
  standard deviation = 754.962722
  standard error of mean = 238.740175
mean seconds until assign = 0.000000
  variance = 0.000000
  standard deviation = 0.000000
  standard error of mean = 0.000000
mean restarts until assign = 1.000000
  variance = 0.000000
  standard deviation = 0.000000
  standard error of mean = 0.000000
final noise level statistics
    statistics over all runs:
      overall mean average noise level = 5.043332
      overall mean noise std deviation = 2.522530
      overall ratio mean noise to mean std dev = 1.999314
    statistics on successful runs:
      successful mean average noise level = 5.043332
      successful mean noise std deviation = 2.522530
      successful ratio mean noise to mean std dev = 1.999314
    statistics on nonsuccessful runs:
      nonsuccessful mean average noise level = 0.000000
      nonsuccessful mean noise std deviation = 0.000000
      nonsuccessful ratio mean noise to mean std dev = 0.000000
ASSIGNMENT FOUND
Check and white a solution
time of whitening    freezing probability
8	 	 	 	1
7	 	 	 	1
9	 	 	 	1
7	 	 	 	1
7	 	 	 	1
1023	 	 	 	0.196666667
7	 	 	 	1
8	 	 	 	1
8	 	 	 	1
7	 	 	 	1
