START ALGORITHM:
I am going to build an instance with N: 300 variables and 1245 clauses with a clause density equal to 4.15
START BSP WITH r=0.9:
Decimation scorer: cert
END UNIT PROPAGATION
300 1245 1.13586159 0.0037862053 4.15
300 1245 1.13496997 0.00378323322 4.15
300 1245 1.13528043 0.00378426809 4.15
300 1245 1.13570646 0.0037856882 4.15
300 1245 1.13576566 0.00378588553 4.15
300 1245 1.13524118 0.00378413725 4.15
300 1245 1.13471671 0.00378238903 4.15
300 1245 1.13529344 0.00378431147 4.15
300 1245 1.13525323 0.00378417742 4.15
299 1233 1.11569435 0.00371898117 4.12374582
299 1233 1.115143 0.00371714332 4.12374582
299 1237 1.11605101 0.00372017004 4.13712375
299 1242 1.12772794 0.00375909315 4.15384615
299 1238 1.13522616 0.0037840872 4.14046823
299 1238 1.13493503 0.00378311677 4.14046823
299 1238 1.13532307 0.00378441023 4.14046823
299 1238 1.13523525 0.00378411751 4.14046823
299 1238 1.13507171 0.00378357235 4.14046823
299 1238 1.13542137 0.00378473789 4.14046823
298 1228 1.13086244 0.00376954148 4.12080537
298 1228 1.1305978 0.00376865932 4.12080537
298 1228 1.13112 0.00377039999 4.12080537
298 1228 1.13134134 0.0037711378 4.12080537
298 1228 1.13062123 0.00376873744 4.12080537
298 1228 1.13546571 0.00378488569 4.12080537
298 1228 1.13498246 0.00378327486 4.12080537
298 1228 1.13542345 0.00378474485 4.12080537
298 1228 1.13471739 0.00378239131 4.12080537
298 1228 1.13528751 0.00378429171 4.12080537
297 1218 1.10767871 0.00369226235 4.1010101
297 1217 1.11690519 0.0037230173 4.0976431
297 1217 1.11629825 0.00372099415 4.0976431
297 1222 1.12155722 0.00373852405 4.11447811
297 1222 1.12141567 0.00373805224 4.11447811
297 1218 1.13075506 0.00376918355 4.1010101
297 1218 1.13068754 0.00376895848 4.1010101
297 1218 1.13122338 0.00377074461 4.1010101
297 1218 1.13096873 0.00376989576 4.1010101
297 1218 1.13061746 0.00376872485 4.1010101
296 1208 1.10474921 0.00368249736 4.08108108
296 1206 1.11046366 0.00370154553 4.07432432
296 1206 1.11046089 0.0037015363 4.07432432
296 1207 1.11203775 0.0037067925 4.0777027
296 1207 1.11260764 0.00370869213 4.0777027
296 1207 1.11187432 0.00370624772 4.0777027
296 1207 1.11336016 0.00371120053 4.0777027
296 1207 1.11240062 0.00370800208 4.0777027
296 1215 1.12353006 0.0037451002 4.10472973
296 1215 1.12332076 0.00374440254 4.10472973
295 1205 1.09724849 0.00365749497 4.08474576
295 1207 1.10349212 0.00367830707 4.09152542
295 1207 1.10303206 0.00367677353 4.09152542
295 1207 1.1034611 0.00367820368 4.09152542
295 1204 1.10393604 0.00367978681 4.08135593
295 1204 1.10455933 0.00368186442 4.08135593
295 1204 1.10463781 0.00368212603 4.08135593
295 1204 1.10476359 0.00368254531 4.08135593
295 1204 1.10465049 0.00368216829 4.08135593
295 1204 1.10485668 0.00368285561 4.08135593
294 1198 1.09226967 0.00364089889 4.07482993
294 1198 1.09243401 0.00364144669 4.07482993
294 1198 1.09269768 0.00364232561 4.07482993
294 1198 1.09236123 0.0036412041 4.07482993
294 1198 1.09216763 0.00364055876 4.07482993
294 1198 1.09249953 0.00364166509 4.07482993
294 1198 1.09203609 0.0036401203 4.07482993
294 1198 1.09248464 0.00364161545 4.07482993
294 1198 1.09252701 0.0036417567 4.07482993
294 1198 1.09264313 0.00364214376 4.07482993
293 1186 1.07234521 0.00357448402 4.04778157
293 1186 1.07265706 0.00357552354 4.04778157
293 1186 1.07240305 0.00357467683 4.04778157
293 1186 1.07158597 0.00357195322 4.04778157
293 1186 1.07260331 0.00357534437 4.04778157
293 1186 1.07157349 0.00357191164 4.04778157
293 1186 1.07196808 0.00357322693 4.04778157
293 1186 1.07299201 0.00357664004 4.04778157
293 1190 1.07357725 0.00357859083 4.06143345
293 1190 1.07397254 0.00357990846 4.06143345
292 1181 1.03755857 0.00345852856 4.04452055
292 1181 1.03051624 0.00343505412 4.04452055
292 1178 1.04440697 0.00348135656 4.03424658
292 1178 1.04447891 0.00348159638 4.03424658
292 1183 1.05187726 0.00350625755 4.05136986
292 1183 1.05157692 0.00350525641 4.05136986
292 1183 1.05161783 0.00350539277 4.05136986
292 1183 1.05145688 0.00350485626 4.05136986
292 1183 1.051604 0.00350534667 4.05136986
292 1183 1.05223838 0.00350746127 4.05136986
291 1176 1.02697823 0.00342326076 4.04123711
291 1176 1.02634979 0.00342116596 4.04123711
291 1173 1.02624254 0.00342080848 4.03092784
291 1173 1.02648139 0.00342160464 4.03092784
291 1173 1.02586656 0.00341955522 4.03092784
291 1173 1.0278795 0.003426265 4.03092784
291 1176 1.02671277 0.00342237589 4.04123711
291 1176 1.02658421 0.00342194735 4.04123711
291 1176 1.02562226 0.00341874085 4.04123711
291 1176 1.02639404 0.00342131345 4.04123711
290 1165 0.994812529 0.00331604176 4.01724138
290 1165 0.994263819 0.00331421273 4.01724138
290 1164 1.00558764 0.00335195881 4.0137931
290 1164 1.00602851 0.00335342837 4.0137931
290 1164 1.00539159 0.00335130528 4.0137931
290 1164 1.00572421 0.00335241403 4.0137931
290 1164 1.00584952 0.00335283175 4.0137931
290 1164 1.00458853 0.00334862843 4.0137931
290 1159 1.00858882 0.00336196274 3.99655172
290 1159 1.00778027 0.00335926756 3.99655172
289 1150 0.979609586 0.00326536529 3.97923875
289 1150 0.979945321 0.0032664844 3.97923875
289 1150 0.983938797 0.00327979599 3.97923875
289 1150 0.98380288 0.00327934293 3.97923875
289 1150 0.98390871 0.0032796957 3.97923875
289 1150 0.984130899 0.00328043633 3.97923875
289 1150 0.984541458 0.00328180486 3.97923875
289 1150 0.983997424 0.00327999141 3.97923875
289 1150 0.984135435 0.00328045145 3.97923875
289 1150 0.982555627 0.00327518542 3.97923875
288 1143 0.960932659 0.00320310886 3.96875
288 1143 0.961820905 0.00320606968 3.96875
288 1143 0.960795411 0.00320265137 3.96875
288 1143 0.960839766 0.00320279922 3.96875
288 1143 0.960486617 0.00320162206 3.96875
288 1143 0.96185677 0.00320618923 3.96875
288 1143 0.962029964 0.00320676655 3.96875
288 1143 0.961763683 0.00320587894 3.96875
288 1143 0.961272368 0.00320424123 3.96875
288 1143 0.961157268 0.00320385756 3.96875
287 1132 0.931738095 0.00310579365 3.94425087
287 1132 0.931062979 0.00310354326 3.94425087
287 1134 0.935701289 0.0031190043 3.95121951
287 1134 0.936082236 0.00312027412 3.95121951
287 1139 0.928290762 0.00309430254 3.96864111
287 1139 0.927913176 0.00309304392 3.96864111
287 1139 0.928204473 0.00309401491 3.96864111
287 1139 0.927418127 0.00309139376 3.96864111
287 1139 0.927524054 0.00309174685 3.96864111
287 1139 0.928204092 0.00309401364 3.96864111
286 1130 0.914413757 0.00304804586 3.95104895
286 1132 0.934935967 0.00311645322 3.95804196
286 1132 0.934545575 0.00311515192 3.95804196
286 1132 0.935534789 0.0031184493 3.95804196
286 1130 0.935013237 0.00311671079 3.95104895
286 1130 0.935437216 0.00311812405 3.95104895
286 1130 0.934320026 0.00311440009 3.95104895
286 1131 0.936501242 0.00312167081 3.95454545
286 1131 0.936661852 0.00312220617 3.95454545
286 1131 0.93634733 0.00312115777 3.95454545
285 1122 0.908941539 0.00302980513 3.93684211
285 1122 0.909052717 0.00303017572 3.93684211
285 1122 0.909729638 0.00303243213 3.93684211
285 1121 0.912121138 0.00304040379 3.93333333
285 1121 0.911966295 0.00303988765 3.93333333
285 1124 0.916528469 0.0030550949 3.94385965
285 1124 0.916578897 0.00305526299 3.94385965
285 1123 0.925732991 0.00308577664 3.94035088
285 1123 0.925464659 0.0030848822 3.94035088
285 1128 0.924959173 0.00308319724 3.95789474
284 1118 0.900749288 0.00300249763 3.93661972
284 1119 0.90566382 0.0030188794 3.94014085
284 1119 0.904679191 0.0030155973 3.94014085
284 1119 0.904787793 0.00301595931 3.94014085
284 1119 0.905503787 0.00301834596 3.94014085
284 1119 0.905805714 0.00301935238 3.94014085
284 1119 0.905055249 0.00301685083 3.94014085
284 1119 0.904829028 0.00301609676 3.94014085
284 1118 0.908522655 0.00302840885 3.93661972
284 1114 0.916596842 0.00305532281 3.92253521
283 1105 0.900603062 0.00300201021 3.90459364
283 1105 0.9009116 0.00300303867 3.90459364
283 1105 0.90265726 0.00300885753 3.90459364
283 1105 0.904340614 0.00301446871 3.90459364
283 1105 0.905918629 0.00301972876 3.90459364
283 1105 0.911644888 0.00303881629 3.90459364
283 1104 1.00777182 0.0033592394 3.90106007
283 1100 1.0038181 0.00334606033 3.8869258
283 1103 1.03587687 0.00345292288 3.8975265
283 1105 1.03165549 0.00343885164 3.90459364
282 1098 1.02688045 0.00342293482 3.89361702
282 1103 1.03561587 0.00345205289 3.91134752
282 1102 1.03696341 0.0034565447 3.90780142
282 1108 1.03252866 0.00344176221 3.92907801
282 1109 1.02993956 0.00343313187 3.93262411
282 1110 1.0292826 0.00343094199 3.93617021
282 1103 1.03347095 0.00344490317 3.91134752
282 1105 1.03557462 0.00345191541 3.91843972
281 1098 1.0334504 0.00344483466 3.90747331
281 1095 1.02753797 0.00342512657 3.89679715
280 1086 1.02397292 0.00341324308 3.87857143
280 1089 1.03014724 0.00343382414 3.88928571
280 1088 1.03305328 0.00344351092 3.88571429
280 1087 1.030109 0.00343369667 3.88214286
280 1092 1.03030973 0.00343436578 3.9
280 1090 1.03384027 0.00344613423 3.89285714
280 1086 1.0366751 0.00345558366 3.87857143
280 1084 1.03951559 0.00346505196 3.87142857
280 1084 1.03962591 0.00346541968 3.87142857
280 1081 1.04215375 0.00347384582 3.86071429
279 1075 1.03865843 0.00346219477 3.85304659
279 1075 1.0384623 0.00346154101 3.85304659
279 1075 1.03841525 0.00346138418 3.85304659
279 1075 1.03838647 0.00346128822 3.85304659
279 1075 1.03859127 0.00346197089 3.85304659
279 1075 1.03853018 0.00346176728 3.85304659
279 1074 1.04106461 0.00347021537 3.84946237
279 1074 1.04098976 0.00346996587 3.84946237
279 1074 1.04107425 0.00347024751 3.84946237
279 1074 1.04111165 0.00347037218 3.84946237
278 1066 1.03761686 0.00345872285 3.83453237
278 1066 1.03769236 0.00345897452 3.83453237
278 1068 1.0376737 0.00345891232 3.84172662
278 1068 1.03770276 0.0034590092 3.84172662
278 1067 1.03784389 0.00345947962 3.8381295
278 1067 1.03783009 0.00345943363 3.8381295
278 1067 1.03778517 0.00345928391 3.8381295
278 1067 1.03799539 0.00345998462 3.8381295
278 1067 1.03794693 0.0034598231 3.8381295
278 1067 1.03789082 0.00345963606 3.8381295
277 1058 1.03223631 0.00344078771 3.81949458
277 1058 1.03440984 0.0034480328 3.81949458
277 1058 1.03431594 0.0034477198 3.81949458
277 1058 1.03431352 0.00344771173 3.81949458
277 1061 1.03446149 0.00344820498 3.83032491
277 1061 1.03455393 0.0034485131 3.83032491
277 1061 1.03461087 0.0034487029 3.83032491
277 1061 1.03454822 0.00344849408 3.83032491
277 1061 1.03456342 0.00344854473 3.83032491
277 1061 1.03465695 0.00344885649 3.83032491
276 1053 1.03134139 0.00343780462 3.81521739
276 1053 1.03131931 0.00343773105 3.81521739
276 1053 1.03138128 0.00343793759 3.81521739
276 1053 1.03134615 0.0034378205 3.81521739
276 1053 1.03120362 0.00343734541 3.81521739
276 1053 1.03120263 0.00343734209 3.81521739
276 1053 1.03131246 0.00343770819 3.81521739
276 1053 1.0312649 0.00343754968 3.81521739
276 1053 1.03142406 0.00343808019 3.81521739
276 1053 1.03134294 0.00343780978 3.81521739
275 1048 1.02474736 0.00341582452 3.81090909
275 1047 1.02814656 0.00342715521 3.80727273
275 1047 1.02816642 0.00342722139 3.80727273
275 1047 1.02815597 0.00342718657 3.80727273
275 1047 1.02815763 0.0034271921 3.80727273
275 1047 1.02819719 0.00342732397 3.80727273
275 1047 1.0281695 0.00342723167 3.80727273
275 1047 1.02824036 0.00342746787 3.80727273
275 1047 1.02824511 0.00342748372 3.80727273
275 1047 1.02824802 0.00342749341 3.80727273
274 1041 1.02350399 0.00341167998 3.79927007
274 1041 1.02361427 0.00341204756 3.79927007
274 1041 1.02348186 0.00341160619 3.79927007
274 1041 1.02342867 0.00341142891 3.79927007
274 1041 1.02324387 0.0034108129 3.79927007
274 1041 1.02367134 0.0034122378 3.79927007
274 1038 1.02496385 0.00341654615 3.78832117
274 1038 1.02498156 0.00341660519 3.78832117
274 1038 1.02493301 0.00341644337 3.78832117
274 1038 1.02493721 0.00341645738 3.78832117
273 1032 1.01913941 0.00339713135 3.78021978
273 1027 1.02128311 0.00340427702 3.76190476
273 1027 1.0212407 0.00340413566 3.76190476
273 1027 1.02111199 0.00340370662 3.76190476
273 1027 1.02110658 0.00340368859 3.76190476
273 1027 1.02126556 0.00340421854 3.76190476
273 1027 1.02132054 0.00340440181 3.76190476
273 1027 1.02124318 0.00340414392 3.76190476
273 1027 1.02129856 0.00340432854 3.76190476
273 1027 1.02109378 0.00340364595 3.76190476
272 1020 1.01573403 0.00338578012 3.75
272 1018 1.01456848 0.00338189493 3.74264706
272 1018 1.01446423 0.00338154742 3.74264706
272 1018 1.01460276 0.00338200921 3.74264706
272 1020 1.01589882 0.0033863294 3.75
272 1020 1.01574452 0.00338581506 3.75
272 1020 1.0158962 0.00338632068 3.75
272 1020 1.01582522 0.00338608405 3.75
272 1020 1.01571803 0.00338572678 3.75
272 1020 1.01582658 0.0033860886 3.75
271 1015 1.01009273 0.00336697576 3.74538745
271 1010 1.01007474 0.00336691579 3.72693727
271 1015 1.01000671 0.00336668904 3.74538745
271 1010 1.01001901 0.00336673003 3.72693727
271 1013 1.01029039 0.00336763463 3.73800738
271 1014 1.01127475 0.00337091583 3.74169742
271 1014 1.01148908 0.00337163025 3.74169742
271 1014 1.01139609 0.00337132031 3.74169742
271 1014 1.01146378 0.00337154594 3.74169742
271 1014 1.01139526 0.00337131754 3.74169742
270 1006 1.00533765 0.00335112549 3.72592593
270 1009 1.00724051 0.00335746836 3.73703704
270 1009 1.00716865 0.00335722883 3.73703704
270 1009 1.00716166 0.00335720552 3.73703704
270 1009 1.00728217 0.00335760722 3.73703704
270 1009 1.00734949 0.00335783163 3.73703704
270 1009 1.00727884 0.00335759612 3.73703704
270 1009 1.0073345 0.00335778167 3.73703704
270 1009 1.00730623 0.00335768745 3.73703704
270 1009 1.00724529 0.00335748429 3.73703704
269 1005 1.0027097 0.00334236568 3.73605948
269 1002 1.00240744 0.00334135814 3.72490706
269 1002 1.00227172 0.00334090573 3.72490706
269 1000 1.00342855 0.00334476182 3.71747212
269 1000 1.00133833 0.00333779443 3.71747212
269 1000 1.00360645 0.00334535484 3.71747212
269 1000 1.00350118 0.00334500394 3.71747212
269 1000 1.00353546 0.00334511819 3.71747212
269 1000 1.00355863 0.00334519543 3.71747212
269 998 1.00516434 0.0033505478 3.71003717
268 990 0.998309804 0.00332769935 3.69402985
268 993 1.00109063 0.00333696878 3.70522388
268 993 1.00104719 0.00333682398 3.70522388
268 993 1.00119407 0.00333731358 3.70522388
268 993 1.00107539 0.00333691796 3.70522388
268 993 1.00110945 0.00333703149 3.70522388
268 993 1.00105845 0.0033368615 3.70522388
268 993 1.00112906 0.00333709685 3.70522388
268 993 1.00119151 0.00333730502 3.70522388
268 993 1.0011126 0.003337042 3.70522388
267 989 0.996137686 0.00332045895 3.70411985
267 983 0.99639119 0.00332130397 3.68164794
267 983 0.996240283 0.00332080094 3.68164794
267 983 0.996152283 0.00332050761 3.68164794
267 983 0.996191775 0.00332063925 3.68164794
267 983 0.996223278 0.00332074426 3.68164794
267 983 0.996285899 0.003320953 3.68164794
267 983 0.996276739 0.00332092246 3.68164794
267 983 0.99616702 0.00332055673 3.68164794
267 983 0.996232281 0.00332077427 3.68164794
266 973 0.989168189 0.0032972273 3.65789474
266 975 0.990432355 0.00330144118 3.66541353
266 975 0.990328132 0.00330109377 3.66541353
266 977 0.990124416 0.00330041472 3.67293233
266 977 0.990500674 0.00330166891 3.67293233
266 976 0.991985019 0.00330661673 3.66917293
266 976 0.991808147 0.00330602716 3.66917293
266 976 0.991958369 0.0033065279 3.66917293
266 976 0.991880859 0.00330626953 3.66917293
266 976 0.991940457 0.00330646819 3.66917293
265 968 0.985667755 0.00328555918 3.65283019
265 968 0.986162331 0.00328720777 3.65283019
265 968 0.986116058 0.00328705353 3.65283019
265 970 0.986548214 0.00328849405 3.66037736
265 970 0.986611875 0.00328870625 3.66037736
265 970 0.986638257 0.00328879419 3.66037736
265 970 0.986627063 0.00328875688 3.66037736
265 970 0.986598797 0.00328866266 3.66037736
265 970 0.986621056 0.00328873685 3.66037736
265 970 0.986625404 0.00328875135 3.66037736
264 964 0.980810817 0.00326936939 3.65151515
264 966 0.983216562 0.00327738854 3.65909091
264 966 0.983106989 0.0032770233 3.65909091
264 966 0.983123366 0.00327707789 3.65909091
264 966 0.983226912 0.00327742304 3.65909091
264 967 0.982682295 0.00327560765 3.66287879
264 967 0.982725334 0.00327575111 3.66287879
264 967 0.982800673 0.00327600224 3.66287879
264 967 0.982779245 0.00327593082 3.66287879
264 963 0.983772975 0.00327924325 3.64772727
263 957 0.97877297 0.00326257657 3.63878327
263 957 0.978870084 0.00326290028 3.63878327
263 957 0.97883893 0.00326279643 3.63878327
263 956 0.978647065 0.00326215688 3.63498099
263 956 0.978614363 0.00326204788 3.63498099
263 956 0.978712104 0.00326237368 3.63498099
263 957 0.978889205 0.00326296402 3.63878327
263 957 0.978805432 0.00326268477 3.63878327
263 957 0.978719372 0.00326239791 3.63878327
263 957 0.978753212 0.00326251071 3.63878327
262 956 0.973122303 0.00324374101 3.64885496
262 956 0.973138547 0.00324379516 3.64885496
262 956 0.973080248 0.00324360083 3.64885496
262 949 0.973050338 0.00324350113 3.6221374
262 949 0.973096128 0.00324365376 3.6221374
262 949 0.972967653 0.00324322551 3.6221374
262 950 0.974153168 0.00324717723 3.6259542
262 950 0.974141642 0.00324713881 3.6259542
262 949 0.973915224 0.00324638408 3.6221374
262 949 0.973801648 0.00324600549 3.6221374
261 944 0.966633122 0.00322211041 3.61685824
261 944 0.966850142 0.00322283381 3.61685824
261 944 0.966551549 0.0032218385 3.61685824
261 944 0.9667571 0.00322252367 3.61685824
261 943 0.968004693 0.00322668231 3.61302682
261 943 0.968140777 0.00322713592 3.61302682
261 943 0.967904157 0.00322634719 3.61302682
261 939 0.970314052 0.00323438017 3.59770115
261 940 0.970887467 0.00323629156 3.60153257
261 940 0.970851187 0.00323617062 3.60153257
260 933 0.966515957 0.00322171986 3.58846154
260 933 0.96655605 0.0032218535 3.58846154
260 935 0.964503507 0.00321501169 3.59615385
260 935 0.964508247 0.00321502749 3.59615385
260 935 0.964492243 0.00321497414 3.59615385
260 935 0.964453008 0.00321484336 3.59615385
260 940 0.967367453 0.00322455818 3.61538462
260 940 0.967355801 0.00322451934 3.61538462
260 940 0.967372513 0.00322457504 3.61538462
260 940 0.96710579 0.00322368597 3.61538462
259 932 0.963238571 0.00321079524 3.5984556
259 932 0.963223105 0.00321074368 3.5984556
259 932 0.963192301 0.003210641 3.5984556
259 932 0.963165532 0.00321055177 3.5984556
259 932 0.963232921 0.0032107764 3.5984556
259 932 0.963142626 0.00321047542 3.5984556
259 931 0.965578052 0.00321859351 3.59459459
259 931 0.965761378 0.00321920459 3.59459459
259 931 0.965608048 0.00321869349 3.59459459
259 931 0.965742421 0.0032191414 3.59459459
258 923 0.961567482 0.00320522494 3.57751938
258 923 0.961630764 0.00320543588 3.57751938
258 923 0.961493316 0.00320497772 3.57751938
258 924 0.96298419 0.0032099473 3.58139535
258 924 0.963062019 0.00321020673 3.58139535
258 924 0.963039949 0.00321013316 3.58139535
258 924 0.962988091 0.0032099603 3.58139535
258 923 0.963163486 0.00321054495 3.57751938
258 923 0.963120245 0.00321040082 3.57751938
258 923 0.963128451 0.00321042817 3.57751938
257 917 0.957331596 0.00319110532 3.56809339
257 922 0.957992746 0.00319330915 3.58754864
257 922 0.957889997 0.00319296666 3.58754864
257 915 0.958947236 0.00319649079 3.56031128
257 915 0.958942612 0.00319647537 3.56031128
257 915 0.958919177 0.00319639726 3.56031128
257 915 0.958892679 0.00319630893 3.56031128
257 915 0.958952241 0.00319650747 3.56031128
257 915 0.958894174 0.00319631391 3.56031128
257 915 0.958872721 0.0031962424 3.56031128
256 908 0.954831612 0.00318277204 3.546875
256 908 0.954825085 0.00318275028 3.546875
256 908 0.954796521 0.00318265507 3.546875
256 908 0.954799654 0.00318266551 3.546875
256 908 0.954634594 0.00318211531 3.546875
256 908 0.954885116 0.00318295039 3.546875
256 908 0.95472425 0.00318241417 3.546875
256 908 0.954745328 0.00318248443 3.546875
256 908 0.954774272 0.00318258091 3.546875
256 908 0.954789106 0.00318263035 3.546875
255 902 0.946571361 0.00315523787 3.5372549
255 900 0.950087895 0.00316695965 3.52941176
255 900 0.950063054 0.00316687685 3.52941176
255 900 0.95015988 0.0031671996 3.52941176
255 900 0.950065999 0.00316688666 3.52941176
255 900 0.950115849 0.00316705283 3.52941176
255 900 0.950065817 0.00316688606 3.52941176
255 900 0.950134246 0.00316711415 3.52941176
255 900 0.95005974 0.0031668658 3.52941176
255 900 0.950077141 0.0031669238 3.52941176
254 895 0.943801681 0.0031460056 3.52362205
254 895 0.943695477 0.00314565159 3.52362205
254 895 0.943660606 0.00314553535 3.52362205
254 895 0.943737164 0.00314579055 3.52362205
254 895 0.943536701 0.00314512234 3.52362205
254 895 0.943790328 0.00314596776 3.52362205
254 895 0.943865626 0.00314621875 3.52362205
254 895 0.943757957 0.00314585986 3.52362205
254 895 0.943854084 0.00314618028 3.52362205
254 895 0.943901689 0.00314633896 3.52362205
253 894 0.938909157 0.00312969719 3.53359684
253 894 0.939032396 0.00313010799 3.53359684
253 894 0.938796318 0.00312932106 3.53359684
253 894 0.939008899 0.00313002966 3.53359684
253 893 0.93951474 0.0031317158 3.52964427
253 893 0.939485462 0.00313161821 3.52964427
253 893 0.939506874 0.00313168958 3.52964427
253 893 0.939498344 0.00313166115 3.52964427
253 893 0.939499603 0.00313166534 3.52964427
253 893 0.939412 0.00313137333 3.52964427
252 888 0.931096577 0.00310365526 3.52380952
252 883 0.931612305 0.00310537435 3.50396825
252 886 0.931997488 0.00310665829 3.51587302
252 886 0.931824808 0.00310608269 3.51587302
252 886 0.932140923 0.00310713641 3.51587302
252 886 0.931863127 0.00310621042 3.51587302
252 886 0.931695777 0.00310565259 3.51587302
252 886 0.931992353 0.00310664118 3.51587302
252 886 0.93247423 0.00310824743 3.51587302
252 886 0.932382646 0.00310794215 3.51587302
251 880 0.924469467 0.00308156489 3.5059761
251 876 0.924717817 0.00308239272 3.49003984
251 876 0.924336657 0.00308112219 3.49003984
251 876 0.924495432 0.00308165144 3.49003984
251 876 0.923520604 0.00307840201 3.49003984
251 876 0.92372159 0.00307907197 3.49003984
251 878 0.924544079 0.0030818136 3.49800797
251 878 0.924516707 0.00308172236 3.49800797
251 878 0.9245255 0.00308175167 3.49800797
251 878 0.92456538 0.0030818846 3.49800797
250 875 0.915953813 0.00305317938 3.5
250 872 0.916577863 0.00305525954 3.488
250 871 0.91504191 0.0030501397 3.484
250 871 0.915043061 0.00305014354 3.484
250 875 0.920647653 0.00306882551 3.5
250 875 0.920750527 0.00306916842 3.5
250 875 0.920683528 0.00306894509 3.5
250 875 0.920642964 0.00306880988 3.5
250 876 0.922037203 0.00307345734 3.504
250 876 0.922074845 0.00307358282 3.504
249 869 0.916777547 0.00305592516 3.48995984
249 869 0.916541224 0.00305513741 3.48995984
249 869 0.916800027 0.00305600009 3.48995984
249 869 0.916698176 0.00305566059 3.48995984
249 869 0.916795763 0.00305598588 3.48995984
249 869 0.916691374 0.00305563791 3.48995984
248 863 0.912515183 0.00304171728 3.47983871
248 863 0.912386746 0.00304128915 3.47983871
248 863 0.91240281 0.0030413427 3.47983871
248 863 0.912476156 0.00304158719 3.47983871
247 858 0.903367708 0.00301122569 3.47368421
247 858 0.903381485 0.00301127162 3.47368421
247 858 0.904744956 0.00301581652 3.47368421
247 858 0.904492391 0.00301497464 3.47368421
247 858 0.904869033 0.00301623011 3.47368421
247 856 0.905982859 0.00301994286 3.46558704
247 856 0.905920849 0.00301973616 3.46558704
247 856 0.905778057 0.00301926019 3.46558704
247 856 0.906045013 0.00302015004 3.46558704
247 856 0.906007197 0.00302002399 3.46558704
246 847 0.898369589 0.0029945653 3.44308943
246 847 0.89849391 0.0029949797 3.44308943
246 849 0.899998098 0.00299999366 3.45121951
246 849 0.900337954 0.00300112651 3.45121951
246 849 0.900247482 0.00300082494 3.45121951
246 849 0.900242608 0.00300080869 3.45121951
246 849 0.900150423 0.00300050141 3.45121951
246 849 0.900042959 0.0030001432 3.45121951
246 849 0.900075097 0.00300025032 3.45121951
246 849 0.900154244 0.00300051415 3.45121951
245 845 0.891533895 0.00297177965 3.44897959
245 845 0.891141121 0.0029704704 3.44897959
245 844 0.891811371 0.00297270457 3.44489796
245 840 0.893094497 0.00297698166 3.42857143
245 840 0.892899353 0.00297633118 3.42857143
245 840 0.89307924 0.0029769308 3.42857143
245 843 0.894739807 0.00298246602 3.44081633
245 843 0.894841141 0.0029828038 3.44081633
245 843 0.894421516 0.00298140505 3.44081633
245 843 0.894662947 0.00298220982 3.44081633
244 840 0.885816972 0.00295272324 3.44262295
244 840 0.885666777 0.00295222259 3.44262295
244 838 0.887967621 0.00295989207 3.43442623
244 838 0.88788261 0.0029596087 3.43442623
244 838 0.887845552 0.00295948517 3.43442623
244 838 0.887632881 0.00295877627 3.43442623
244 838 0.887943481 0.0029598116 3.43442623
244 834 0.887295582 0.00295765194 3.41803279
244 834 0.887243793 0.00295747931 3.41803279
244 834 0.887285584 0.00295761861 3.41803279
243 827 0.878734095 0.00292911365 3.40329218
243 824 0.880298671 0.0029343289 3.3909465
243 824 0.884370947 0.00294790316 3.3909465
243 824 0.884170257 0.00294723419 3.3909465
243 824 0.884495275 0.00294831758 3.3909465
243 824 0.883853868 0.00294617956 3.3909465
243 824 0.884224059 0.00294741353 3.3909465
243 824 0.884022434 0.00294674145 3.3909465
243 824 0.884166314 0.00294722105 3.3909465
243 824 0.884442495 0.00294814165 3.3909465
242 817 0.877147692 0.00292382564 3.37603306
242 817 0.877049662 0.00292349887 3.37603306
242 817 0.877308544 0.00292436181 3.37603306
242 817 0.877186868 0.00292395623 3.37603306
242 820 0.876998684 0.00292332895 3.38842975
242 815 0.876997712 0.00292332571 3.3677686
242 820 0.877014428 0.00292338143 3.38842975
242 820 0.877167809 0.0029238927 3.38842975
242 820 0.877231894 0.00292410631 3.38842975
242 820 0.877050634 0.00292350211 3.38842975
241 815 0.869257588 0.00289752529 3.38174274
241 816 0.869400552 0.00289800184 3.38589212
241 817 0.870006745 0.00290002248 3.39004149
241 817 0.869935051 0.0028997835 3.39004149
241 819 0.876073119 0.00292024373 3.39834025
241 819 0.876265999 0.00292088666 3.39834025
241 819 0.8759258 0.00291975267 3.39834025
241 819 0.875713302 0.00291904434 3.39834025
241 819 0.876038781 0.00292012927 3.39834025
240 814 0.870102683 0.00290034228 3.39166667
239 807 0.864472648 0.00288157549 3.37656904
239 807 0.863525334 0.00287841778 3.37656904
239 807 0.863810348 0.00287936783 3.37656904
239 805 0.863511038 0.00287837013 3.36820084
239 807 0.864070834 0.00288023611 3.37656904
239 807 0.864267813 0.00288089271 3.37656904
239 807 0.864211355 0.00288070452 3.37656904
239 807 0.86407239 0.0028802413 3.37656904
239 809 0.859940794 0.00286646931 3.38493724
239 809 0.859969902 0.00286656634 3.38493724
237 798 0.858316149 0.00286105383 3.36708861
237 798 0.858272415 0.00286090805 3.36708861
237 798 0.858222684 0.00286074228 3.36708861
237 798 0.858326752 0.00286108917 3.36708861
237 798 0.858328405 0.00286109468 3.36708861
237 798 0.858029218 0.00286009739 3.36708861
237 798 0.858227883 0.00286075961 3.36708861
237 798 0.858120208 0.00286040069 3.36708861
237 798 0.858580535 0.00286193512 3.36708861
237 798 0.858545147 0.00286181716 3.36708861
236 791 0.851706853 0.00283902284 3.35169492
236 793 0.852399896 0.00284133299 3.36016949
236 793 0.851743512 0.00283914504 3.36016949
236 793 0.85231507 0.00284105023 3.36016949
236 793 0.852453087 0.00284151029 3.36016949
236 793 0.852070702 0.00284023567 3.36016949
236 791 0.852383557 0.00284127852 3.35169492
236 791 0.852407606 0.00284135869 3.35169492
236 791 0.852436538 0.00284145513 3.35169492
236 791 0.852421984 0.00284140661 3.35169492
235 788 0.843392354 0.00281130785 3.35319149
235 785 0.844112862 0.00281370954 3.34042553
235 785 0.844372466 0.00281457489 3.34042553
235 785 0.844408912 0.00281469637 3.34042553
235 785 0.844340702 0.00281446901 3.34042553
235 785 0.844327798 0.00281442599 3.34042553
235 785 0.844170972 0.00281390324 3.34042553
235 785 0.844597673 0.00281532558 3.34042553
235 786 0.84697861 0.00282326203 3.34468085
235 786 0.846838845 0.00282279615 3.34468085
234 783 0.838040264 0.00279346755 3.34615385
234 781 0.839973277 0.00279991092 3.33760684
234 781 0.839838611 0.00279946204 3.33760684
234 781 0.839867294 0.00279955765 3.33760684
234 777 0.840722332 0.00280240777 3.32051282
234 777 0.840519861 0.00280173287 3.32051282
234 777 0.840884337 0.00280294779 3.32051282
234 777 0.840890349 0.00280296783 3.32051282
234 777 0.840777928 0.00280259309 3.32051282
234 777 0.840484334 0.00280161445 3.32051282
233 772 0.834364464 0.00278121488 3.31330472
233 772 0.834208458 0.00278069486 3.31330472
233 772 0.834132047 0.00278044016 3.31330472
233 772 0.834018643 0.00278006214 3.31330472
233 772 0.834124224 0.00278041408 3.31330472
233 772 0.834239868 0.00278079956 3.31330472
233 769 0.833815032 0.00277938344 3.30042918
233 769 0.833735082 0.00277911694 3.30042918
233 769 0.833722947 0.00277907649 3.30042918
233 769 0.833690181 0.00277896727 3.30042918
232 766 0.824992944 0.00274997648 3.30172414
232 764 0.827434379 0.0027581146 3.29310345
232 764 0.827317192 0.00275772397 3.29310345
232 764 0.827390873 0.00275796958 3.29310345
232 764 0.8275305 0.002758435 3.29310345
232 764 0.827293398 0.00275764466 3.29310345
232 764 0.827369571 0.00275789857 3.29310345
232 764 0.827440285 0.00275813428 3.29310345
232 764 0.827241631 0.0027574721 3.29310345
232 764 0.827645945 0.00275881982 3.29310345
231 761 0.818264526 0.00272754842 3.29437229
231 758 0.819455605 0.00273151868 3.28138528
231 758 0.819279629 0.0027309321 3.28138528
231 758 0.817353713 0.00272451238 3.28138528
231 758 0.817417665 0.00272472555 3.28138528
231 760 0.819418393 0.00273139464 3.29004329
231 760 0.819355964 0.00273118655 3.29004329
231 760 0.819492027 0.00273164009 3.29004329
231 757 0.819123018 0.00273041006 3.27705628
231 757 0.819216161 0.00273072054 3.27705628
230 751 0.810891445 0.00270297148 3.26521739
230 751 0.812647768 0.00270882589 3.26521739
230 751 0.814437042 0.00271479014 3.26521739
230 751 0.814378906 0.00271459635 3.26521739
230 751 0.8143176 0.002714392 3.26521739
230 751 0.813938414 0.00271312805 3.26521739
230 751 0.814459421 0.00271486474 3.26521739
230 751 0.814591409 0.0027153047 3.26521739
230 751 0.814185134 0.00271395045 3.26521739
230 751 0.814386548 0.00271462183 3.26521739
229 747 0.806396825 0.00268798942 3.26200873
229 747 0.806325301 0.002687751 3.26200873
229 747 0.806794352 0.00268931451 3.26200873
229 747 0.806346085 0.00268782028 3.26200873
229 747 0.806478649 0.00268826216 3.26200873
229 747 0.806478023 0.00268826008 3.26200873
229 747 0.806355796 0.00268785265 3.26200873
229 747 0.806428055 0.00268809352 3.26200873
229 747 0.806411182 0.00268803727 3.26200873
229 748 0.806554506 0.00268851502 3.26637555
228 742 0.799996429 0.00266665476 3.25438596
228 737 0.800541864 0.00266847288 3.23245614
228 741 0.799316458 0.00266438819 3.25
228 741 0.799535822 0.00266511941 3.25
228 741 0.79946189 0.00266487297 3.25
228 741 0.799290857 0.00266430286 3.25
228 741 0.799439545 0.00266479848 3.25
228 739 0.803624991 0.00267874997 3.24122807
228 739 0.803506306 0.00267835435 3.24122807
228 739 0.803536034 0.00267845345 3.24122807
227 736 0.795133745 0.00265044582 3.24229075
227 736 0.795019693 0.00265006564 3.24229075
227 736 0.795105346 0.00265035115 3.24229075
227 736 0.794934124 0.00264978041 3.24229075
227 735 0.79748787 0.0026582929 3.23788546
227 735 0.796857075 0.00265619025 3.23788546
227 733 0.796968434 0.00265656145 3.22907489
227 733 0.796805862 0.00265601954 3.22907489
227 733 0.796762575 0.00265587525 3.22907489
227 733 0.796920739 0.00265640246 3.22907489
226 727 0.790577823 0.00263525941 3.21681416
226 728 0.791256261 0.00263752087 3.22123894
226 728 0.791328403 0.00263776134 3.22123894
226 730 0.791951708 0.00263983903 3.2300885
226 730 0.791556316 0.00263852105 3.2300885
226 730 0.791742325 0.00263914108 3.2300885
226 730 0.791827682 0.00263942561 3.2300885
226 730 0.791901944 0.00263967315 3.2300885
226 730 0.791817594 0.00263939198 3.2300885
226 730 0.791636779 0.00263878926 3.2300885
225 727 0.784136587 0.00261378862 3.23111111
225 727 0.784100373 0.00261366791 3.23111111
225 721 0.77877889 0.00259592963 3.20444444
225 721 0.777593217 0.00259197739 3.20444444
225 726 0.783731261 0.00261243754 3.22666667
225 726 0.783591034 0.00261197011 3.22666667
225 730 0.788344442 0.00262781481 3.24444444
225 730 0.78838612 0.00262795373 3.24444444
225 730 0.788377437 0.00262792479 3.24444444
225 730 0.788578143 0.00262859381 3.24444444
224 721 0.78346937 0.00261156457 3.21875
224 721 0.783485799 0.00261161933 3.21875
224 722 0.785102799 0.00261700933 3.22321429
224 723 0.788003321 0.00262667774 3.22767857
224 723 0.787945181 0.00262648394 3.22767857
224 723 0.787855166 0.00262618389 3.22767857
224 723 0.787938136 0.00262646045 3.22767857
224 723 0.787905245 0.00262635082 3.22767857
224 722 0.784213417 0.00261404472 3.22321429
224 722 0.784292874 0.00261430958 3.22321429
223 716 0.777930455 0.00259310152 3.21076233
223 716 0.77792052 0.0025930684 3.21076233
223 716 0.777831702 0.00259277234 3.21076233
223 716 0.777761519 0.0025925384 3.21076233
223 716 0.777928951 0.0025930965 3.21076233
223 714 0.778341393 0.00259447131 3.20179372
223 714 0.778354338 0.00259451446 3.20179372
223 714 0.77839859 0.00259466197 3.20179372
223 714 0.778364719 0.00259454906 3.20179372
223 714 0.778356504 0.00259452168 3.20179372
222 709 0.773215761 0.00257738587 3.19369369
222 709 0.772993702 0.00257664567 3.19369369
222 709 0.77294689 0.00257648963 3.19369369
222 709 0.773130288 0.00257710096 3.19369369
222 709 0.772993849 0.00257664616 3.19369369
222 709 0.773039989 0.00257679996 3.19369369
222 709 0.772849668 0.00257616556 3.19369369
222 709 0.773094509 0.0025769817 3.19369369
222 709 0.77302067 0.00257673557 3.19369369
222 709 0.77305029 0.0025768343 3.19369369
221 702 0.764986108 0.00254995369 3.17647059
221 702 0.764928881 0.00254976294 3.17647059
221 702 0.764973062 0.00254991021 3.17647059
221 702 0.764877227 0.00254959076 3.17647059
221 702 0.764923505 0.00254974502 3.17647059
221 703 0.766769777 0.00255589926 3.18099548
221 703 0.76679728 0.00255599093 3.18099548
221 703 0.766654771 0.0025555159 3.18099548
221 703 0.772008586 0.00257336195 3.18099548
221 703 0.772011993 0.00257337331 3.18099548
220 699 0.76526244 0.0025508748 3.17727273
220 699 0.765265786 0.00255088595 3.17727273
220 699 0.765177218 0.00255059073 3.17727273
220 699 0.764875852 0.00254958617 3.17727273
220 699 0.765026778 0.00255008926 3.17727273
220 697 0.765907477 0.00255302492 3.16818182
220 697 0.765725607 0.00255241869 3.16818182
220 697 0.765807255 0.00255269085 3.16818182
220 697 0.765702822 0.00255234274 3.16818182
220 697 0.765842036 0.00255280679 3.16818182
219 693 0.759108791 0.00253036264 3.16438356
219 693 0.759027429 0.00253009143 3.16438356
219 693 0.759006713 0.00253002238 3.16438356
219 693 0.758362698 0.00252787566 3.16438356
219 693 0.758459902 0.00252819967 3.16438356
219 693 0.758513542 0.00252837847 3.16438356
219 693 0.758954112 0.00252984704 3.16438356
219 691 0.759323069 0.0025310769 3.15525114
219 691 0.759391549 0.00253130516 3.15525114
219 691 0.7594486 0.00253149533 3.15525114
218 687 0.752510481 0.00250836827 3.15137615
218 687 0.752575321 0.0025085844 3.15137615
218 687 0.75243873 0.0025081291 3.15137615
218 687 0.752218325 0.00250739442 3.15137615
218 687 0.752702705 0.00250900902 3.15137615
218 687 0.752406251 0.00250802084 3.15137615
218 687 0.752462221 0.0025082074 3.15137615
218 687 0.753151076 0.00251050359 3.15137615
218 687 0.752444896 0.00250814965 3.15137615
218 687 0.753996005 0.00251332002 3.15137615
217 682 0.741838756 0.00247279585 3.14285714
217 682 0.742382579 0.0024746086 3.14285714
217 681 0.74502578 0.00248341927 3.13824885
217 680 0.740410783 0.00246803594 3.13364055
217 680 0.740496856 0.00246832285 3.13364055
217 678 0.74683361 0.00248944537 3.12442396
217 678 0.747021432 0.00249007144 3.12442396
217 678 0.74712078 0.0024904026 3.12442396
217 678 0.746995292 0.00248998431 3.12442396
217 678 0.746787179 0.0024892906 3.12442396
216 675 0.738059838 0.00246019946 3.125
216 675 0.737710576 0.00245903525 3.125
216 674 0.740274171 0.00246758057 3.12037037
216 674 0.740251077 0.00246750359 3.12037037
216 674 0.740047981 0.0024668266 3.12037037
216 674 0.740577678 0.00246859226 3.12037037
216 674 0.740136733 0.00246712244 3.12037037
216 674 0.740548285 0.00246849428 3.12037037
216 674 0.740594247 0.00246864749 3.12037037
216 674 0.74083815 0.0024694605 3.12037037
215 667 0.730780553 0.00243593518 3.10232558
215 670 0.734050021 0.0024468334 3.11627907
215 670 0.734013054 0.00244671018 3.11627907
215 670 0.733650192 0.00244550064 3.11627907
215 670 0.733896108 0.00244632036 3.11627907
215 670 0.733948094 0.00244649365 3.11627907
215 670 0.734054694 0.00244684898 3.11627907
215 670 0.733993571 0.00244664524 3.11627907
215 670 0.734168646 0.00244722882 3.11627907
215 670 0.733945908 0.00244648636 3.11627907
214 663 0.72468241 0.00241560803 3.09813084
214 663 0.724691618 0.00241563873 3.09813084
214 666 0.724139688 0.00241379896 3.11214953
214 666 0.724082024 0.00241360675 3.11214953
214 666 0.72415361 0.00241384537 3.11214953
214 666 0.724421675 0.00241473892 3.11214953
214 666 0.724238289 0.00241412763 3.11214953
214 666 0.724121012 0.00241373671 3.11214953
214 666 0.724199443 0.00241399814 3.11214953
214 661 0.727660223 0.00242553408 3.08878505
213 658 0.717528152 0.00239176051 3.08920188
213 654 0.719963095 0.00239987698 3.07042254
213 654 0.720038548 0.00240012849 3.07042254
213 654 0.719937077 0.00239979026 3.07042254
213 654 0.719487585 0.00239829195 3.07042254
213 653 0.715799931 0.00238599977 3.0657277
213 653 0.715798588 0.00238599529 3.0657277
213 653 0.715587513 0.00238529171 3.0657277
213 653 0.715548818 0.00238516273 3.0657277
213 653 0.715672476 0.00238557492 3.0657277
212 649 0.70280775 0.0023426925 3.06132075
212 648 0.704626165 0.00234875388 3.05660377
212 646 0.712285232 0.00237428411 3.04716981
212 646 0.712410442 0.00237470147 3.04716981
212 646 0.712041304 0.00237347101 3.04716981
212 646 0.71213154 0.0023737718 3.04716981
212 646 0.712113741 0.00237371247 3.04716981
212 646 0.712025481 0.00237341827 3.04716981
212 646 0.712169066 0.00237389689 3.04716981
212 646 0.71210421 0.0023736807 3.04716981
211 641 0.704165345 0.00234721782 3.03791469
211 641 0.704339007 0.00234779669 3.03791469
211 641 0.703074163 0.00234358054 3.03791469
211 641 0.704222015 0.00234740672 3.03791469
211 641 0.704018139 0.00234672713 3.03791469
211 641 0.703926958 0.00234642319 3.03791469
211 641 0.704011341 0.00234670447 3.03791469
211 641 0.702211061 0.00234070354 3.03791469
211 642 0.704145493 0.00234715164 3.04265403
211 642 0.705285002 0.00235095001 3.04265403
210 637 0.702866966 0.00234288989 3.03333333
210 637 0.702142909 0.00234047636 3.03333333
210 637 0.70223279 0.00234077597 3.03333333
210 637 0.703074502 0.00234358167 3.03333333
210 637 0.703028993 0.00234342998 3.03333333
210 637 0.70269698 0.00234232327 3.03333333
210 637 0.702452764 0.00234150921 3.03333333
210 637 0.702577239 0.00234192413 3.03333333
210 637 0.702673571 0.00234224524 3.03333333
210 637 0.702885118 0.00234295039 3.03333333
209 633 0.689621719 0.00229873906 3.02870813
209 632 0.69144446 0.00230481487 3.02392344
209 634 0.693469793 0.00231156598 3.03349282
209 631 0.69349331 0.00231164437 3.01913876
209 631 0.693432287 0.00231144096 3.01913876
209 631 0.693282646 0.00231094215 3.01913876
209 631 0.693219885 0.00231073295 3.01913876
209 631 0.69344133 0.0023114711 3.01913876
209 638 0.692376299 0.002307921 3.05263158
209 638 0.692215894 0.00230738631 3.05263158
208 634 0.680485014 0.00226828338 3.04807692
208 629 0.68535279 0.0022845093 3.02403846
208 629 0.688837323 0.00229612441 3.02403846
208 629 0.689563575 0.00229854525 3.02403846
208 629 0.689296373 0.00229765458 3.02403846
208 629 0.689496567 0.00229832189 3.02403846
208 629 0.68908994 0.00229696647 3.02403846
208 629 0.689325603 0.00229775201 3.02403846
208 629 0.689233595 0.00229744532 3.02403846
208 629 0.689534811 0.00229844937 3.02403846
207 621 0.682276471 0.0022742549 3
207 621 0.681298779 0.00227099593 3
207 621 0.68160814 0.00227202713 3
207 621 0.682508406 0.00227502802 3
207 621 0.682386604 0.00227462201 3
207 621 0.682321852 0.00227440617 3
207 621 0.682408841 0.00227469614 3
207 621 0.681960392 0.00227320131 3
207 621 0.681946583 0.00227315528 3
207 621 0.681969661 0.0022732322 3
206 616 0.671212371 0.00223737457 2.99029126
206 616 0.67182305 0.00223941017 2.99029126
206 616 0.670353804 0.00223451268 2.99029126
206 616 0.671159835 0.00223719945 2.99029126
206 617 0.672212295 0.00224070765 2.99514563
206 617 0.671573975 0.00223857992 2.99514563
206 617 0.67200603 0.0022400201 2.99514563
206 616 0.673151474 0.00224383825 2.99029126
206 616 0.672895917 0.00224298639 2.99029126
206 616 0.673355312 0.00224451771 2.99029126
205 609 0.66134475 0.0022044825 2.97073171
205 612 0.663449472 0.00221149824 2.98536585
205 612 0.663239359 0.00221079786 2.98536585
205 612 0.663395842 0.00221131947 2.98536585
205 612 0.663080397 0.00221026799 2.98536585
205 612 0.663484273 0.00221161424 2.98536585
205 612 0.663514854 0.00221171618 2.98536585
205 612 0.663636763 0.00221212254 2.98536585
205 612 0.663307807 0.00221102602 2.98536585
205 612 0.66319603 0.00221065343 2.98536585
204 608 0.65039117 0.00216797057 2.98039216
204 609 0.653505702 0.00217835234 2.98529412
204 609 0.653642437 0.00217880812 2.98529412
204 609 0.653715757 0.00217905252 2.98529412
204 609 0.653829706 0.00217943235 2.98529412
204 609 0.653733655 0.00217911218 2.98529412
204 609 0.653732329 0.00217910776 2.98529412
204 609 0.653804095 0.00217934698 2.98529412
204 609 0.653722273 0.00217907424 2.98529412
204 609 0.654227644 0.00218075881 2.98529412
203 604 0.643368543 0.00214456181 2.97536946
203 604 0.643140766 0.00214380255 2.97536946
203 604 0.642743588 0.00214247863 2.97536946
203 604 0.64297585 0.00214325283 2.97536946
203 604 0.642810775 0.00214270258 2.97536946
203 604 0.642905677 0.00214301892 2.97536946
203 604 0.642981192 0.00214327064 2.97536946
203 604 0.6438371 0.00214612367 2.97536946
203 604 0.642353185 0.00214117728 2.97536946
203 604 0.643935218 0.00214645073 2.97536946
202 599 0.632905201 0.002109684 2.96534653
202 599 0.632272727 0.00210757576 2.96534653
202 599 0.633009349 0.00211003116 2.96534653
202 599 0.632577743 0.00210859248 2.96534653
202 599 0.632565836 0.00210855279 2.96534653
202 599 0.633028157 0.00211009386 2.96534653
202 599 0.632657546 0.00210885849 2.96534653
202 599 0.632387984 0.00210795995 2.96534653
202 599 0.636441286 0.00212147095 2.96534653
202 599 0.636023883 0.00212007961 2.96534653
201 594 0.626017163 0.00208672388 2.95522388
201 594 0.626168269 0.00208722756 2.95522388
201 594 0.626104361 0.00208701454 2.95522388
201 594 0.62604478 0.00208681593 2.95522388
201 594 0.626010482 0.00208670161 2.95522388
201 594 0.626011471 0.0020867049 2.95522388
201 594 0.626092868 0.00208697623 2.95522388
201 594 0.626177885 0.00208725962 2.95522388
201 594 0.626212998 0.00208737666 2.95522388
201 594 0.625796116 0.00208598705 2.95522388
200 589 0.611099625 0.00203699875 2.945
200 589 0.613629663 0.00204543221 2.945
200 589 0.613868835 0.00204622945 2.945
200 587 0.61470491 0.00204901637 2.935
200 587 0.61432731 0.0020477577 2.935
200 587 0.615195765 0.00205065255 2.935
200 587 0.615204431 0.00205068144 2.935
200 587 0.615278272 0.00205092757 2.935
200 587 0.615015719 0.0020500524 2.935
200 587 0.61510925 0.00205036417 2.935
199 583 0.602235666 0.00200745222 2.92964824
199 583 0.6022859 0.00200761967 2.92964824
199 583 0.602497429 0.00200832476 2.92964824
199 583 0.602423605 0.00200807868 2.92964824
199 582 0.608189156 0.00202729719 2.92462312
199 582 0.608166612 0.00202722204 2.92462312
199 582 0.608564641 0.0020285488 2.92462312
198 575 0.59813938 0.00199379793 2.9040404
198 582 0.604861103 0.00201620368 2.93939394
198 582 0.604649749 0.00201549916 2.93939394
197 578 0.594914415 0.00198304805 2.93401015
197 579 0.604929243 0.00201643081 2.93908629
197 579 0.604893459 0.00201631153 2.93908629
197 579 0.60475973 0.00201586577 2.93908629
196 575 0.601195072 0.00200398357 2.93367347
196 575 0.602318646 0.00200772882 2.93367347
196 575 0.601949995 0.00200649998 2.93367347
196 575 0.601839279 0.00200613093 2.93367347
196 575 0.60044034 0.0020014678 2.93367347
196 575 0.600219916 0.00200073305 2.93367347
195 570 0.589172984 0.00196390995 2.92307692
195 570 0.589064168 0.00196354723 2.92307692
195 571 0.602041131 0.00200680377 2.92820513
195 571 0.601602066 0.00200534022 2.92820513
195 571 0.60151543 0.00200505143 2.92820513
195 571 0.599851019 0.0019995034 2.92820513
195 572 0.594751605 0.00198250535 2.93333333
195 571 0.596905231 0.0019896841 2.92820513
195 571 0.59702594 0.00199008647 2.92820513
195 571 0.596290999 0.00198763666 2.92820513
194 566 0.589323367 0.00196441122 2.91752577
194 566 0.588736463 0.00196245488 2.91752577
194 567 0.596362505 0.00198787502 2.92268041
194 567 0.596073478 0.00198691159 2.92268041
194 567 0.596508871 0.0019883629 2.92268041
194 567 0.596303839 0.00198767946 2.92268041
194 567 0.597417097 0.00199139032 2.92268041
194 567 0.596358146 0.00198786049 2.92268041
194 567 0.597181403 0.00199060468 2.92268041
194 567 0.596040456 0.00198680152 2.92268041
193 563 0.58578409 0.00195261363 2.91709845
193 562 0.589062011 0.00196354004 2.9119171
193 562 0.58950191 0.00196500637 2.9119171
193 562 0.588907603 0.00196302534 2.9119171
193 563 0.595487275 0.00198495758 2.91709845
193 563 0.596205265 0.00198735088 2.91709845
193 563 0.596160472 0.00198720157 2.91709845
193 563 0.595686701 0.00198562234 2.91709845
193 563 0.595752938 0.00198584313 2.91709845
193 563 0.595711046 0.00198570349 2.91709845
192 559 0.587707115 0.00195902372 2.91145833
192 559 0.587927894 0.00195975965 2.91145833
192 559 0.588604641 0.00196201547 2.91145833
192 559 0.58762158 0.0019587386 2.91145833
192 559 0.587859659 0.0019595322 2.91145833
192 559 0.587851765 0.00195950588 2.91145833
192 559 0.588081807 0.00196027269 2.91145833
192 559 0.588484187 0.00196161396 2.91145833
192 559 0.587800054 0.00195933351 2.91145833
192 559 0.58863542 0.00196211807 2.91145833
191 556 0.578958601 0.001929862 2.91099476
191 556 0.579007813 0.00193002604 2.91099476
191 556 0.579037938 0.00193012646 2.91099476
191 556 0.579184524 0.00193061508 2.91099476
191 556 0.578864126 0.00192954709 2.91099476
191 556 0.579116015 0.00193038672 2.91099476
191 556 0.579048914 0.00193016305 2.91099476
191 556 0.579199216 0.00193066405 2.91099476
191 556 0.578903409 0.00192967803 2.91099476
191 556 0.579034202 0.00193011401 2.91099476
190 551 0.56602752 0.0018867584 2.9
190 551 0.566124949 0.00188708316 2.9
190 551 0.569186869 0.00189728956 2.9
190 551 0.568167406 0.00189389135 2.9
190 551 0.568662669 0.00189554223 2.9
190 551 0.567694332 0.00189231444 2.9
190 551 0.568961067 0.00189653689 2.9
190 551 0.569197422 0.00189732474 2.9
190 551 0.569118 0.00189706 2.9
190 551 0.569000513 0.00189666838 2.9
189 544 0.557792611 0.0018593087 2.87830688
189 544 0.558542279 0.0018618076 2.87830688
189 544 0.557849697 0.00185949899 2.87830688
189 544 0.557949406 0.00185983135 2.87830688
189 547 0.557356141 0.0018578538 2.89417989
189 547 0.557692218 0.00185897406 2.89417989
189 544 0.557732902 0.00185910967 2.87830688
189 544 0.5580025 0.00186000833 2.87830688
189 544 0.557946484 0.00185982161 2.87830688
189 544 0.558290785 0.00186096928 2.87830688
188 540 0.5430844 0.00181028133 2.87234043
188 538 0.547960312 0.00182653437 2.86170213
188 538 0.548017107 0.00182672369 2.86170213
188 538 0.547687144 0.00182562381 2.86170213
188 538 0.547804589 0.0018260153 2.86170213
188 540 0.546871933 0.00182290644 2.87234043
188 540 0.547338918 0.00182446306 2.87234043
188 540 0.547455561 0.00182485187 2.87234043
188 538 0.54818145 0.0018272715 2.86170213
188 538 0.547528357 0.00182509452 2.86170213
187 533 0.532671126 0.00177557042 2.85026738
187 535 0.533108602 0.00177702867 2.86096257
187 533 0.536690081 0.00178896694 2.85026738
187 534 0.536663616 0.00178887872 2.85561497
187 534 0.537515797 0.00179171932 2.85561497
187 534 0.537386714 0.00179128905 2.85561497
187 534 0.537301791 0.00179100597 2.85561497
187 534 0.536502645 0.00178834215 2.85561497
187 534 0.536703245 0.00178901082 2.85561497
187 537 0.539331192 0.00179777064 2.87165775
186 530 0.53297328 0.0017765776 2.84946237
186 530 0.533273403 0.00177757801 2.84946237
186 530 0.532339863 0.00177446621 2.84946237
186 530 0.531902762 0.00177300921 2.84946237
186 530 0.532126355 0.00177375452 2.84946237
186 530 0.53088447 0.0017696149 2.84946237
186 530 0.5313376 0.00177112533 2.84946237
186 530 0.53259625 0.00177532083 2.84946237
186 530 0.532399664 0.00177466555 2.84946237
186 530 0.531925834 0.00177308611 2.84946237
185 527 0.517919626 0.00172639875 2.84864865
185 523 0.519341817 0.00173113939 2.82702703
185 523 0.519230995 0.00173076998 2.82702703
185 523 0.519825564 0.00173275188 2.82702703
185 523 0.51918857 0.00173062857 2.82702703
185 523 0.519303915 0.00173101305 2.82702703
185 523 0.519541999 0.00173180666 2.82702703
185 523 0.519688578 0.00173229526 2.82702703
185 523 0.519331669 0.00173110556 2.82702703
185 523 0.519161631 0.00173053877 2.82702703
184 518 0.504685613 0.00168228538 2.81521739
184 520 0.507659885 0.00169219962 2.82608696
184 520 0.508044685 0.00169348228 2.82608696
184 520 0.508091521 0.0016936384 2.82608696
184 516 0.508158369 0.00169386123 2.80434783
184 517 0.506485033 0.00168828344 2.80978261
184 521 0.507286202 0.00169095401 2.83152174
184 521 0.507091698 0.00169030566 2.83152174
184 521 0.5065231 0.00168841033 2.83152174
184 523 0.510979564 0.00170326521 2.8423913
183 517 0.50115939 0.0016705313 2.82513661
183 518 0.501111263 0.00167037088 2.83060109
183 516 0.503655754 0.00167885251 2.81967213
183 515 0.504220298 0.00168073433 2.81420765
183 515 0.504123639 0.00168041213 2.81420765
183 510 0.513529144 0.00171176381 2.78688525
183 510 0.513317677 0.00171105892 2.78688525
183 511 0.522015652 0.00174005217 2.79234973
182 506 0.520000578 0.00173333526 2.78021978
182 506 0.520392466 0.00173464155 2.78021978
181 500 0.51339916 0.00171133053 2.76243094
SP does not find any fixed points -> SP does not converge.
I am sorry I quit :(
