START ALGORITHM:
I am going to build an instance with N: 1000 variables and 4200 clauses with a clause density equal to 4.2
START BSP WITH r=0.9:
Decimation scorer: cert
END UNIT PROPAGATION
1000 4200 4.42337131 0.00442337131 4.2
1000 4200 4.42435921 0.00442435921 4.2
1000 4200 4.42232361 0.00442232361 4.2
1000 4200 4.42319603 0.00442319603 4.2
1000 4200 4.42283886 0.00442283886 4.2
1000 4200 4.42377517 0.00442377517 4.2
1000 4200 4.42310684 0.00442310684 4.2
1000 4200 4.42297555 0.00442297555 4.2
1000 4200 4.42312201 0.00442312201 4.2
999 4198 4.42328227 0.00442328227 4.2022022
999 4198 4.4229063 0.0044229063 4.2022022
999 4198 4.42316246 0.00442316246 4.2022022
999 4198 4.42327599 0.00442327599 4.2022022
999 4198 4.42317956 0.00442317956 4.2022022
999 4198 4.42315012 0.00442315012 4.2022022
999 4198 4.42305765 0.00442305765 4.2022022
999 4198 4.42322787 0.00442322787 4.2022022
999 4198 4.42317426 0.00442317426 4.2022022
999 4198 4.42317819 0.00442317819 4.2022022
998 4194 4.4231662 0.0044231662 4.20240481
998 4194 4.42320746 0.00442320746 4.20240481
998 4194 4.42313319 0.00442313319 4.20240481
998 4194 4.42315294 0.00442315294 4.20240481
998 4194 4.42315717 0.00442315717 4.20240481
998 4194 4.42317905 0.00442317905 4.20240481
998 4194 4.4231656 0.0044231656 4.20240481
998 4194 4.42314888 0.00442314888 4.20240481
998 4194 4.42316058 0.00442316058 4.20240481
998 4194 4.42316322 0.00442316322 4.20240481
997 4187 4.42315461 0.00442315461 4.1995988
997 4187 4.42316744 0.00442316744 4.1995988
997 4187 4.4231611 0.0044231611 4.1995988
997 4187 4.42316377 0.00442316377 4.1995988
997 4187 4.42316164 0.00442316164 4.1995988
997 4187 4.42316114 0.00442316114 4.1995988
997 4187 4.42316176 0.00442316176 4.1995988
997 4187 4.42316095 0.00442316095 4.1995988
997 4187 4.42316179 0.00442316179 4.1995988
997 4187 4.42316111 0.00442316111 4.1995988
996 4179 4.42265746 0.00442265746 4.19578313
996 4179 4.42265787 0.00442265787 4.19578313
996 4179 4.422657 0.004422657 4.19578313
996 4179 4.42265716 0.00442265716 4.19578313
996 4179 4.4226574 0.0044226574 4.19578313
996 4179 4.42265764 0.00442265764 4.19578313
996 4179 4.42265753 0.00442265753 4.19578313
996 4179 4.42265755 0.00442265755 4.19578313
996 4179 4.42265754 0.00442265754 4.19578313
996 4179 4.42265765 0.00442265765 4.19578313
995 4169 4.42171872 0.00442171872 4.18994975
995 4169 4.42171972 0.00442171972 4.18994975
995 4169 4.42171908 0.00442171908 4.18994975
995 4169 4.42171915 0.00442171915 4.18994975
995 4169 4.42171921 0.00442171921 4.18994975
995 4169 4.42171909 0.00442171909 4.18994975
995 4169 4.42171889 0.00442171889 4.18994975
995 4169 4.4217188 0.0044217188 4.18994975
995 4169 4.42171876 0.00442171876 4.18994975
995 4169 4.42171863 0.00442171863 4.18994975
994 4163 4.42058505 0.00442058505 4.18812877
994 4163 4.4205877 0.0044205877 4.18812877
994 4163 4.42058684 0.00442058684 4.18812877
994 4163 4.42058678 0.00442058678 4.18812877
994 4163 4.42058592 0.00442058592 4.18812877
994 4163 4.42058639 0.00442058639 4.18812877
994 4163 4.42058703 0.00442058703 4.18812877
994 4163 4.42058734 0.00442058734 4.18812877
994 4163 4.42058781 0.00442058781 4.18812877
994 4163 4.42058791 0.00442058791 4.18812877
993 4154 4.41859383 0.00441859383 4.18328298
993 4154 4.41858824 0.00441858824 4.18328298
993 4154 4.41859154 0.00441859154 4.18328298
993 4154 4.41859862 0.00441859862 4.18328298
993 4154 4.41861223 0.00441861223 4.18328298
993 4154 4.41862013 0.00441862013 4.18328298
993 4154 4.41862327 0.00441862327 4.18328298
993 4154 4.41862418 0.00441862418 4.18328298
993 4154 4.41862 0.00441862 4.18328298
993 4154 4.4186133 0.0044186133 4.18328298
992 4138 4.41566298 0.00441566298 4.17137097
992 4138 4.4156514 0.0044156514 4.17137097
992 4138 4.41564938 0.00441564938 4.17137097
992 4138 4.41566569 0.00441566569 4.17137097
992 4138 4.41566463 0.00441566463 4.17137097
992 4138 4.41566063 0.00441566063 4.17137097
992 4138 4.4156595 0.0044156595 4.17137097
992 4138 4.41565685 0.00441565685 4.17137097
992 4138 4.41565703 0.00441565703 4.17137097
992 4138 4.4156566 0.0044156566 4.17137097
991 4131 4.41230327 0.00441230327 4.16851665
991 4131 4.41229187 0.00441229187 4.16851665
991 4131 4.41230513 0.00441230513 4.16851665
991 4131 4.41231337 0.00441231337 4.16851665
991 4131 4.41230796 0.00441230796 4.16851665
991 4131 4.41230547 0.00441230547 4.16851665
991 4131 4.41230264 0.00441230264 4.16851665
991 4131 4.41230214 0.00441230214 4.16851665
991 4131 4.41229996 0.00441229996 4.16851665
991 4131 4.41229765 0.00441229765 4.16851665
990 4123 4.40841326 0.00440841326 4.16464646
990 4123 4.40842016 0.00440842016 4.16464646
990 4123 4.40841285 0.00440841285 4.16464646
990 4123 4.40841822 0.00440841822 4.16464646
990 4123 4.40840744 0.00440840744 4.16464646
990 4123 4.40841856 0.00440841856 4.16464646
990 4123 4.40842287 0.00440842287 4.16464646
990 4123 4.40842459 0.00440842459 4.16464646
990 4123 4.40842917 0.00440842917 4.16464646
990 4123 4.40842478 0.00440842478 4.16464646
989 4110 4.40424902 0.00440424902 4.15571284
989 4110 4.40423645 0.00440423645 4.15571284
989 4110 4.40423961 0.00440423961 4.15571284
989 4110 4.40423485 0.00440423485 4.15571284
989 4110 4.40422743 0.00440422743 4.15571284
989 4110 4.40423188 0.00440423188 4.15571284
989 4110 4.40424326 0.00440424326 4.15571284
989 4110 4.40426792 0.00440426792 4.15571284
989 4110 4.4042377 0.0044042377 4.15571284
989 4110 4.40420583 0.00440420583 4.15571284
988 4101 4.39962588 0.00439962588 4.15080972
988 4101 4.39968558 0.00439968558 4.15080972
988 4101 4.39964738 0.00439964738 4.15080972
988 4101 4.39964336 0.00439964336 4.15080972
988 4101 4.39963127 0.00439963127 4.15080972
988 4101 4.39963895 0.00439963895 4.15080972
988 4101 4.3996378 0.0043996378 4.15080972
988 4101 4.39963683 0.00439963683 4.15080972
988 4101 4.39963612 0.00439963612 4.15080972
988 4101 4.39963526 0.00439963526 4.15080972
987 4095 4.39488256 0.00439488256 4.14893617
987 4095 4.39490095 0.00439490095 4.14893617
987 4095 4.39491152 0.00439491152 4.14893617
987 4095 4.39490898 0.00439490898 4.14893617
987 4095 4.39490631 0.00439490631 4.14893617
987 4095 4.39490004 0.00439490004 4.14893617
987 4095 4.39489642 0.00439489642 4.14893617
987 4095 4.3948924 0.0043948924 4.14893617
987 4095 4.39489055 0.00439489055 4.14893617
987 4095 4.39489214 0.00439489214 4.14893617
986 4090 4.38987825 0.00438987825 4.14807302
986 4090 4.38988167 0.00438988167 4.14807302
986 4090 4.38986903 0.00438986903 4.14807302
986 4090 4.38986196 0.00438986196 4.14807302
986 4090 4.38985326 0.00438985326 4.14807302
986 4090 4.38984471 0.00438984471 4.14807302
986 4090 4.38984201 0.00438984201 4.14807302
986 4090 4.38983997 0.00438983997 4.14807302
986 4090 4.38983638 0.00438983638 4.14807302
986 4090 4.38983391 0.00438983391 4.14807302
985 4085 4.38385921 0.00438385921 4.14720812
985 4085 4.38389832 0.00438389832 4.14720812
985 4085 4.3839214 0.0043839214 4.14720812
985 4085 4.38393249 0.00438393249 4.14720812
985 4085 4.38391982 0.00438391982 4.14720812
985 4085 4.38392224 0.00438392224 4.14720812
985 4085 4.38392913 0.00438392913 4.14720812
985 4085 4.38393559 0.00438393559 4.14720812
985 4085 4.38393878 0.00438393878 4.14720812
985 4085 4.3839394 0.0043839394 4.14720812
984 4075 4.37728028 0.00437728028 4.14126016
984 4069 4.37697209 0.00437697209 4.1351626
984 4064 4.3773129 0.0043773129 4.1300813
984 4064 4.37727981 0.00437727981 4.1300813
984 4064 4.37726277 0.00437726277 4.1300813
984 4064 4.37726819 0.00437726819 4.1300813
984 4064 4.37726854 0.00437726854 4.1300813
984 4064 4.37726473 0.00437726473 4.1300813
984 4064 4.37726199 0.00437726199 4.1300813
984 4064 4.37725744 0.00437725744 4.1300813
983 4059 4.37134526 0.00437134526 4.12919634
983 4059 4.37137212 0.00437137212 4.12919634
983 4059 4.37138531 0.00437138531 4.12919634
983 4059 4.37139091 0.00437139091 4.12919634
983 4059 4.37139279 0.00437139279 4.12919634
983 4059 4.37139796 0.00437139796 4.12919634
983 4059 4.37141413 0.00437141413 4.12919634
983 4059 4.37141622 0.00437141622 4.12919634
983 4059 4.37143365 0.00437143365 4.12919634
983 4059 4.37142394 0.00437142394 4.12919634
982 4050 4.36465525 0.00436465525 4.12423625
982 4050 4.36462425 0.00436462425 4.12423625
982 4050 4.36465588 0.00436465588 4.12423625
982 4050 4.36470608 0.00436470608 4.12423625
982 4050 4.36468888 0.00436468888 4.12423625
982 4050 4.36468501 0.00436468501 4.12423625
982 4050 4.36467948 0.00436467948 4.12423625
982 4050 4.36467751 0.00436467751 4.12423625
982 4050 4.36467008 0.00436467008 4.12423625
982 4050 4.36466033 0.00436466033 4.12423625
981 4040 4.35742478 0.00435742478 4.11824669
981 4040 4.35735463 0.00435735463 4.11824669
981 4040 4.35731563 0.00435731563 4.11824669
981 4040 4.35735293 0.00435735293 4.11824669
981 4040 4.35733458 0.00435733458 4.11824669
981 4040 4.35732016 0.00435732016 4.11824669
981 4040 4.35730876 0.00435730876 4.11824669
981 4040 4.35730738 0.00435730738 4.11824669
981 4040 4.35731444 0.00435731444 4.11824669
981 4040 4.3573153 0.0043573153 4.11824669
980 4031 4.34993243 0.00434993243 4.11326531
980 4031 4.34998425 0.00434998425 4.11326531
980 4031 4.35002573 0.00435002573 4.11326531
980 4031 4.35004057 0.00435004057 4.11326531
980 4031 4.35004652 0.00435004652 4.11326531
980 4031 4.35003966 0.00435003966 4.11326531
980 4031 4.3500364 0.0043500364 4.11326531
980 4031 4.35003554 0.00435003554 4.11326531
980 4031 4.35003725 0.00435003725 4.11326531
980 4031 4.35003821 0.00435003821 4.11326531
979 4026 4.34196012 0.00434196012 4.11235955
979 4026 4.34192122 0.00434192122 4.11235955
979 4026 4.34191554 0.00434191554 4.11235955
979 4026 4.34187604 0.00434187604 4.11235955
979 4021 4.34193448 0.00434193448 4.1072523
979 4025 4.34127248 0.00434127248 4.1113381
979 4021 4.3418367 0.0043418367 4.1072523
979 4021 4.34186142 0.00434186142 4.1072523
979 4021 4.3419362 0.0043419362 4.1072523
979 4021 4.34195032 0.00434195032 4.1072523
978 4015 4.33405718 0.00433405718 4.10531697
978 4015 4.3340135 0.0043340135 4.10531697
978 4015 4.33403238 0.00433403238 4.10531697
978 4015 4.33405306 0.00433405306 4.10531697
978 4016 4.33396274 0.00433396274 4.10633947
978 4015 4.33405484 0.00433405484 4.10531697
978 4015 4.334011 0.004334011 4.10531697
978 4015 4.33407096 0.00433407096 4.10531697
978 4015 4.3340642 0.0043340642 4.10531697
978 4015 4.33405114 0.00433405114 4.10531697
977 4010 4.32611948 0.00432611948 4.10440123
977 4010 4.32605747 0.00432605747 4.10440123
977 4010 4.32608654 0.00432608654 4.10440123
977 4010 4.3260439 0.0043260439 4.10440123
977 4010 4.32601786 0.00432601786 4.10440123
977 4010 4.32600447 0.00432600447 4.10440123
977 4010 4.32599437 0.00432599437 4.10440123
977 4010 4.32599644 0.00432599644 4.10440123
977 4010 4.32600106 0.00432600106 4.10440123
977 4010 4.3260004 0.0043260004 4.10440123
976 4004 4.31800173 0.00431800173 4.10245902
976 4004 4.3180524 0.0043180524 4.10245902
976 4004 4.3180574 0.0043180574 4.10245902
976 4004 4.31811398 0.00431811398 4.10245902
976 4004 4.31808215 0.00431808215 4.10245902
976 4004 4.31808022 0.00431808022 4.10245902
976 4004 4.3180887 0.0043180887 4.10245902
976 4004 4.31809217 0.00431809217 4.10245902
976 4004 4.31809246 0.00431809246 4.10245902
976 4004 4.31808852 0.00431808852 4.10245902
975 4001 4.30941914 0.00430941914 4.10358974
975 4001 4.30939702 0.00430939702 4.10358974
975 4001 4.30943807 0.00430943807 4.10358974
975 4001 4.3094555 0.0043094555 4.10358974
975 4001 4.30946694 0.00430946694 4.10358974
975 4001 4.309454 0.004309454 4.10358974
975 4001 4.30945232 0.00430945232 4.10358974
975 4001 4.30945829 0.00430945829 4.10358974
975 4001 4.30945074 0.00430945074 4.10358974
975 4001 4.30944812 0.00430944812 4.10358974
974 3992 4.30060457 0.00430060457 4.09856263
974 3992 4.30057683 0.00430057683 4.09856263
974 3990 4.30042467 0.00430042467 4.09650924
974 3992 4.30063659 0.00430063659 4.09856263
974 3992 4.30050965 0.00430050965 4.09856263
974 3992 4.30067184 0.00430067184 4.09856263
974 3992 4.30066049 0.00430066049 4.09856263
974 3992 4.3005987 0.0043005987 4.09856263
974 3992 4.30064458 0.00430064458 4.09856263
974 3992 4.30066554 0.00430066554 4.09856263
973 3981 4.29183411 0.00429183411 4.09146968
973 3981 4.29175103 0.00429175103 4.09146968
973 3981 4.29177972 0.00429177972 4.09146968
973 3981 4.29178482 0.00429178482 4.09146968
973 3981 4.29178672 0.00429178672 4.09146968
973 3981 4.29179196 0.00429179196 4.09146968
973 3981 4.29180062 0.00429180062 4.09146968
973 3981 4.2917995 0.0042917995 4.09146968
973 3981 4.29180186 0.00429180186 4.09146968
973 3981 4.29179868 0.00429179868 4.09146968
972 3973 4.28191743 0.00428191743 4.08744856
972 3973 4.28192933 0.00428192933 4.08744856
972 3973 4.28192509 0.00428192509 4.08744856
972 3973 4.2819136 0.0042819136 4.08744856
972 3973 4.28190504 0.00428190504 4.08744856
972 3973 4.28189331 0.00428189331 4.08744856
972 3973 4.28189231 0.00428189231 4.08744856
972 3973 4.28188988 0.00428188988 4.08744856
972 3973 4.28189006 0.00428189006 4.08744856
972 3973 4.28189181 0.00428189181 4.08744856
971 3964 4.27195263 0.00427195263 4.08238929
971 3964 4.27191169 0.00427191169 4.08238929
971 3964 4.27196599 0.00427196599 4.08238929
971 3964 4.27198159 0.00427198159 4.08238929
971 3964 4.27199027 0.00427199027 4.08238929
971 3964 4.27198643 0.00427198643 4.08238929
971 3964 4.27198417 0.00427198417 4.08238929
971 3964 4.27198301 0.00427198301 4.08238929
971 3964 4.27198245 0.00427198245 4.08238929
971 3964 4.27198311 0.00427198311 4.08238929
970 3958 4.26044297 0.00426044297 4.08041237
970 3958 4.26040115 0.00426040115 4.08041237
970 3958 4.26037484 0.00426037484 4.08041237
970 3958 4.26036416 0.00426036416 4.08041237
970 3958 4.26047067 0.00426047067 4.08041237
970 3958 4.26048069 0.00426048069 4.08041237
970 3958 4.26035476 0.00426035476 4.08041237
970 3958 4.26044803 0.00426044803 4.08041237
970 3958 4.26054544 0.00426054544 4.08041237
970 3958 4.26048029 0.00426048029 4.08041237
969 3952 4.24854219 0.00424854219 4.07843137
969 3952 4.24863338 0.00424863338 4.07843137
969 3952 4.24858739 0.00424858739 4.07843137
969 3952 4.24842318 0.00424842318 4.07843137
969 3952 4.24869778 0.00424869778 4.07843137
969 3952 4.24857539 0.00424857539 4.07843137
969 3952 4.24842301 0.00424842301 4.07843137
969 3952 4.24834678 0.00424834678 4.07843137
969 3952 4.24861459 0.00424861459 4.07843137
969 3952 4.24845881 0.00424845881 4.07843137
968 3940 4.23633435 0.00423633435 4.07024793
968 3940 4.23632905 0.00423632905 4.07024793
968 3940 4.23621798 0.00423621798 4.07024793
968 3940 4.23630822 0.00423630822 4.07024793
968 3943 4.23530382 0.00423530382 4.07334711
968 3940 4.23631587 0.00423631587 4.07024793
968 3940 4.23652466 0.00423652466 4.07024793
968 3940 4.23628942 0.00423628942 4.07024793
968 3940 4.23623333 0.00423623333 4.07024793
968 3940 4.23633235 0.00423633235 4.07024793
967 3931 4.22427722 0.00422427722 4.06514995
967 3931 4.22407238 0.00422407238 4.06514995
967 3936 4.22432337 0.00422432337 4.07032058
967 3934 4.22252187 0.00422252187 4.06825233
967 3936 4.22676923 0.00422676923 4.07032058
967 3931 4.22767907 0.00422767907 4.06514995
967 3931 4.22779211 0.00422779211 4.06514995
967 3931 4.22779363 0.00422779363 4.06514995
967 3931 4.227849 0.004227849 4.06514995
967 3931 4.22784229 0.00422784229 4.06514995
966 3925 4.21634378 0.00421634378 4.063147
966 3925 4.2162407 0.0042162407 4.063147
966 3925 4.21625684 0.00421625684 4.063147
966 3925 4.21629483 0.00421629483 4.063147
966 3925 4.21631776 0.00421631776 4.063147
966 3925 4.21632092 0.00421632092 4.063147
966 3925 4.21632156 0.00421632156 4.063147
966 3925 4.21631326 0.00421631326 4.063147
966 3925 4.21630872 0.00421630872 4.063147
966 3925 4.21630557 0.00421630557 4.063147
965 3913 4.20446043 0.00420446043 4.05492228
965 3913 4.20434799 0.00420434799 4.05492228
965 3913 4.20448323 0.00420448323 4.05492228
965 3913 4.20439103 0.00420439103 4.05492228
965 3913 4.20445815 0.00420445815 4.05492228
965 3913 4.20447313 0.00420447313 4.05492228
965 3913 4.20448813 0.00420448813 4.05492228
965 3913 4.20448238 0.00420448238 4.05492228
965 3913 4.20443601 0.00420443601 4.05492228
965 3913 4.20432877 0.00420432877 4.05492228
964 3905 4.19251065 0.00419251065 4.05082988
964 3905 4.19229288 0.00419229288 4.05082988
964 3905 4.19236689 0.00419236689 4.05082988
964 3905 4.19227467 0.00419227467 4.05082988
964 3905 4.19226442 0.00419226442 4.05082988
964 3905 4.19228722 0.00419228722 4.05082988
964 3905 4.19227911 0.00419227911 4.05082988
964 3905 4.1922845 0.0041922845 4.05082988
964 3905 4.19228703 0.00419228703 4.05082988
964 3905 4.19228704 0.00419228704 4.05082988
963 3899 4.17981919 0.00417981919 4.04880582
963 3899 4.17989355 0.00417989355 4.04880582
963 3899 4.17979794 0.00417979794 4.04880582
963 3899 4.17996349 0.00417996349 4.04880582
963 3899 4.18001011 0.00418001011 4.04880582
963 3899 4.17998478 0.00417998478 4.04880582
963 3899 4.17997515 0.00417997515 4.04880582
963 3899 4.17997212 0.00417997212 4.04880582
963 3899 4.17995827 0.00417995827 4.04880582
963 3899 4.17994901 0.00417994901 4.04880582
962 3888 4.16636061 0.00416636061 4.04158004
962 3888 4.16625037 0.00416625037 4.04158004
962 3888 4.16630552 0.00416630552 4.04158004
962 3888 4.16640963 0.00416640963 4.04158004
962 3888 4.16640443 0.00416640443 4.04158004
962 3888 4.16641359 0.00416641359 4.04158004
962 3888 4.16642467 0.00416642467 4.04158004
962 3888 4.16642368 0.00416642368 4.04158004
962 3888 4.16641714 0.00416641714 4.04158004
962 3888 4.16642186 0.00416642186 4.04158004
961 3878 4.15283112 0.00415283112 4.03537981
961 3878 4.15271891 0.00415271891 4.03537981
961 3878 4.15280744 0.00415280744 4.03537981
961 3878 4.15289474 0.00415289474 4.03537981
961 3878 4.15293389 0.00415293389 4.03537981
961 3878 4.15293602 0.00415293602 4.03537981
961 3884 4.15265114 0.00415265114 4.04162331
961 3878 4.15268503 0.00415268503 4.03537981
961 3878 4.15247069 0.00415247069 4.03537981
961 3878 4.15252269 0.00415252269 4.03537981
960 3874 4.13906173 0.00413906173 4.03541667
960 3874 4.13913175 0.00413913175 4.03541667
960 3874 4.13917105 0.00413917105 4.03541667
960 3874 4.13919116 0.00413919116 4.03541667
960 3874 4.13916183 0.00413916183 4.03541667
960 3874 4.13915098 0.00413915098 4.03541667
960 3874 4.13912442 0.00413912442 4.03541667
960 3874 4.13911942 0.00413911942 4.03541667
960 3874 4.13911638 0.00413911638 4.03541667
960 3874 4.13912274 0.00413912274 4.03541667
959 3868 4.12482314 0.00412482314 4.03336809
959 3868 4.12475525 0.00412475525 4.03336809
959 3868 4.12475384 0.00412475384 4.03336809
959 3868 4.12479728 0.00412479728 4.03336809
959 3868 4.12486776 0.00412486776 4.03336809
959 3868 4.12487003 0.00412487003 4.03336809
959 3868 4.12488775 0.00412488775 4.03336809
959 3868 4.12487411 0.00412487411 4.03336809
959 3868 4.12486877 0.00412486877 4.03336809
959 3868 4.12486789 0.00412486789 4.03336809
958 3863 4.10990827 0.00410990827 4.03235908
958 3862 4.11052596 0.00411052596 4.03131524
958 3863 4.11279156 0.00411279156 4.03235908
958 3863 4.11288063 0.00411288063 4.03235908
958 3863 4.11291224 0.00411291224 4.03235908
958 3863 4.11284289 0.00411284289 4.03235908
958 3863 4.1128601 0.0041128601 4.03235908
958 3863 4.1128512 0.0041128512 4.03235908
958 3863 4.11283806 0.00411283806 4.03235908
958 3863 4.11283364 0.00411283364 4.03235908
957 3857 4.09881291 0.00409881291 4.03030303
957 3857 4.09876669 0.00409876669 4.03030303
957 3857 4.09879847 0.00409879847 4.03030303
957 3857 4.09881475 0.00409881475 4.03030303
957 3857 4.09884338 0.00409884338 4.03030303
957 3857 4.09887492 0.00409887492 4.03030303
957 3857 4.09888073 0.00409888073 4.03030303
957 3857 4.09888809 0.00409888809 4.03030303
957 3857 4.09888536 0.00409888536 4.03030303
957 3857 4.0988806 0.0040988806 4.03030303
956 3849 4.08374875 0.00408374875 4.02615063
956 3849 4.08359961 0.00408359961 4.02615063
956 3849 4.08385186 0.00408385186 4.02615063
956 3849 4.08373406 0.00408373406 4.02615063
956 3849 4.08367049 0.00408367049 4.02615063
956 3849 4.08361046 0.00408361046 4.02615063
956 3849 4.08369823 0.00408369823 4.02615063
956 3849 4.08363515 0.00408363515 4.02615063
956 3849 4.08359962 0.00408359962 4.02615063
956 3849 4.08369794 0.00408369794 4.02615063
955 3844 4.06781561 0.00406781561 4.02513089
955 3844 4.06441527 0.00406441527 4.02513089
955 3847 4.07080513 0.00407080513 4.02827225
955 3847 4.0707376 0.0040707376 4.02827225
955 3847 4.07071346 0.00407071346 4.02827225
955 3847 4.07077518 0.00407077518 4.02827225
955 3847 4.07079283 0.00407079283 4.02827225
955 3847 4.07081093 0.00407081093 4.02827225
955 3847 4.0708357 0.0040708357 4.02827225
955 3847 4.07082179 0.00407082179 4.02827225
954 3839 4.05596605 0.00405596605 4.02410901
954 3839 4.05581762 0.00405581762 4.02410901
954 3839 4.05606412 0.00405606412 4.02410901
954 3839 4.0560424 0.0040560424 4.02410901
954 3839 4.05598786 0.00405598786 4.02410901
954 3839 4.05622136 0.00405622136 4.02410901
954 3839 4.05615166 0.00405615166 4.02410901
954 3839 4.05616102 0.00405616102 4.02410901
954 3839 4.05584786 0.00405584786 4.02410901
954 3839 4.05582441 0.00405582441 4.02410901
953 3829 4.03987192 0.00403987192 4.01783841
953 3829 4.03988309 0.00403988309 4.01783841
953 3829 4.04019896 0.00404019896 4.01783841
953 3829 4.04009995 0.00404009995 4.01783841
953 3829 4.04009223 0.00404009223 4.01783841
953 3829 4.04010595 0.00404010595 4.01783841
953 3829 4.04012497 0.00404012497 4.01783841
953 3829 4.0401305 0.0040401305 4.01783841
953 3829 4.04011972 0.00404011972 4.01783841
953 3829 4.04011827 0.00404011827 4.01783841
952 3821 4.02325737 0.00402325737 4.01365546
952 3821 4.02317448 0.00402317448 4.01365546
952 3821 4.02328277 0.00402328277 4.01365546
952 3821 4.02308371 0.00402308371 4.01365546
952 3821 4.02293397 0.00402293397 4.01365546
952 3821 4.02298342 0.00402298342 4.01365546
952 3821 4.02299243 0.00402299243 4.01365546
952 3821 4.02300134 0.00402300134 4.01365546
952 3821 4.02300995 0.00402300995 4.01365546
952 3821 4.02301218 0.00402301218 4.01365546
951 3817 4.00601892 0.00400601892 4.01366982
951 3812 4.00437617 0.00400437617 4.0084122
951 3816 4.0068168 0.0040068168 4.0126183
951 3816 4.0069688 0.0040069688 4.0126183
951 3816 4.00684138 0.00400684138 4.0126183
951 3816 4.00689041 0.00400689041 4.0126183
951 3816 4.00691328 0.00400691328 4.0126183
951 3816 4.00690418 0.00400690418 4.0126183
951 3816 4.00672486 0.00400672486 4.0126183
951 3816 4.00681321 0.00400681321 4.0126183
950 3808 3.98990367 0.00398990367 4.00842105
950 3808 3.98955688 0.00398955688 4.00842105
950 3808 3.9895679 0.0039895679 4.00842105
950 3808 3.98948001 0.00398948001 4.00842105
950 3808 3.98953219 0.00398953219 4.00842105
950 3808 3.98961568 0.00398961568 4.00842105
950 3808 3.98957269 0.00398957269 4.00842105
950 3808 3.98955345 0.00398955345 4.00842105
950 3808 3.98955177 0.00398955177 4.00842105
950 3808 3.98954517 0.00398954517 4.00842105
949 3801 3.97253035 0.00397253035 4.0052687
949 3801 3.97299036 0.00397299036 4.0052687
949 3801 3.97287262 0.00397287262 4.0052687
949 3801 3.97253435 0.00397253435 4.0052687
949 3801 3.97280553 0.00397280553 4.0052687
949 3801 3.97274491 0.00397274491 4.0052687
949 3801 3.97254924 0.00397254924 4.0052687
949 3801 3.97284609 0.00397284609 4.0052687
949 3801 3.97275424 0.00397275424 4.0052687
949 3801 3.97278094 0.00397278094 4.0052687
948 3794 3.95550062 0.00395550062 4.0021097
948 3794 3.95528514 0.00395528514 4.0021097
948 3794 3.95538016 0.00395538016 4.0021097
948 3794 3.9553897 0.0039553897 4.0021097
948 3794 3.95535593 0.00395535593 4.0021097
948 3794 3.95532298 0.00395532298 4.0021097
948 3794 3.95529784 0.00395529784 4.0021097
948 3794 3.95529849 0.00395529849 4.0021097
948 3794 3.9553045 0.0039553045 4.0021097
948 3794 3.95530522 0.00395530522 4.0021097
947 3783 3.9375651 0.0039375651 3.99472017
947 3783 3.93775552 0.00393775552 3.99472017
947 3783 3.93798556 0.00393798556 3.99472017
947 3783 3.93808056 0.00393808056 3.99472017
947 3783 3.93809973 0.00393809973 3.99472017
947 3783 3.93809895 0.00393809895 3.99472017
947 3783 3.93775193 0.00393775193 3.99472017
947 3783 3.93768324 0.00393768324 3.99472017
947 3783 3.93772127 0.00393772127 3.99472017
947 3783 3.93775077 0.00393775077 3.99472017
946 3772 3.9199051 0.0039199051 3.98731501
946 3775 3.91929577 0.00391929577 3.99048626
946 3775 3.92068033 0.00392068033 3.99048626
946 3775 3.92065439 0.00392065439 3.99048626
946 3775 3.92073528 0.00392073528 3.99048626
946 3775 3.92049459 0.00392049459 3.99048626
946 3775 3.92078768 0.00392078768 3.99048626
946 3775 3.92052332 0.00392052332 3.99048626
946 3775 3.92083542 0.00392083542 3.99048626
946 3775 3.92053379 0.00392053379 3.99048626
945 3765 3.90308984 0.00390308984 3.98412698
945 3765 3.90290067 0.00390290067 3.98412698
945 3765 3.90291705 0.00390291705 3.98412698
945 3765 3.9029802 0.0039029802 3.98412698
945 3765 3.90296008 0.00390296008 3.98412698
945 3764 3.90318451 0.00390318451 3.98306878
945 3764 3.90321697 0.00390321697 3.98306878
945 3764 3.9032929 0.0039032929 3.98306878
945 3764 3.90317446 0.00390317446 3.98306878
945 3764 3.90317774 0.00390317774 3.98306878
944 3754 3.88565768 0.00388565768 3.97669492
944 3754 3.88566251 0.00388566251 3.97669492
944 3754 3.88597701 0.00388597701 3.97669492
944 3754 3.8860256 0.0038860256 3.97669492
944 3754 3.88605547 0.00388605547 3.97669492
944 3754 3.8860217 0.0038860217 3.97669492
944 3754 3.88600576 0.00388600576 3.97669492
944 3754 3.88600011 0.00388600011 3.97669492
944 3754 3.88599168 0.00388599168 3.97669492
944 3754 3.88599651 0.00388599651 3.97669492
943 3745 3.86751796 0.00386751796 3.97136797
943 3745 3.86753317 0.00386753317 3.97136797
943 3745 3.86747019 0.00386747019 3.97136797
943 3745 3.86737864 0.00386737864 3.97136797
943 3745 3.86745486 0.00386745486 3.97136797
943 3745 3.86755234 0.00386755234 3.97136797
943 3745 3.86757418 0.00386757418 3.97136797
943 3745 3.86758774 0.00386758774 3.97136797
943 3745 3.86757866 0.00386757866 3.97136797
943 3745 3.86756117 0.00386756117 3.97136797
942 3736 3.84846039 0.00384846039 3.96602972
942 3736 3.84807795 0.00384807795 3.96602972
942 3736 3.84821362 0.00384821362 3.96602972
942 3736 3.84809487 0.00384809487 3.96602972
942 3736 3.8483959 0.0038483959 3.96602972
942 3736 3.84806822 0.00384806822 3.96602972
942 3736 3.84813664 0.00384813664 3.96602972
942 3736 3.8482164 0.0038482164 3.96602972
942 3736 3.84815186 0.00384815186 3.96602972
942 3736 3.84808358 0.00384808358 3.96602972
941 3731 3.82881638 0.00382881638 3.96493092
941 3731 3.82881216 0.00382881216 3.96493092
941 3731 3.82879487 0.00382879487 3.96493092
941 3727 3.82829811 0.00382829811 3.96068013
941 3731 3.82882531 0.00382882531 3.96493092
941 3731 3.82882948 0.00382882948 3.96493092
941 3731 3.82878404 0.00382878404 3.96493092
941 3731 3.82876736 0.00382876736 3.96493092
941 3731 3.82873742 0.00382873742 3.96493092
941 3731 3.8286999 0.0038286999 3.96493092
940 3724 3.80897277 0.00380897277 3.96170213
940 3722 3.8095485 0.0038095485 3.95957447
940 3722 3.80918255 0.00380918255 3.95957447
940 3722 3.80933931 0.00380933931 3.95957447
940 3722 3.80920229 0.00380920229 3.95957447
940 3722 3.80926793 0.00380926793 3.95957447
940 3722 3.80921378 0.00380921378 3.95957447
940 3722 3.80918861 0.00380918861 3.95957447
940 3722 3.80915828 0.00380915828 3.95957447
940 3722 3.80914416 0.00380914416 3.95957447
939 3715 3.78931186 0.00378931186 3.95633653
939 3715 3.78935425 0.00378935425 3.95633653
939 3715 3.78956585 0.00378956585 3.95633653
939 3715 3.7892499 0.0037892499 3.95633653
939 3715 3.7888881 0.0037888881 3.95633653
939 3715 3.78953792 0.00378953792 3.95633653
939 3715 3.78909053 0.00378909053 3.95633653
939 3715 3.78948442 0.00378948442 3.95633653
939 3715 3.78997954 0.00378997954 3.95633653
939 3716 3.78927343 0.00378927343 3.95740149
938 3709 3.76978631 0.00376978631 3.95415778
938 3705 3.77002138 0.00377002138 3.94989339
938 3705 3.76993134 0.00376993134 3.94989339
938 3705 3.76987601 0.00376987601 3.94989339
938 3705 3.76984558 0.00376984558 3.94989339
938 3705 3.76991701 0.00376991701 3.94989339
938 3705 3.76992961 0.00376992961 3.94989339
938 3705 3.76992214 0.00376992214 3.94989339
938 3705 3.76993319 0.00376993319 3.94989339
938 3705 3.76992241 0.00376992241 3.94989339
937 3700 3.75032277 0.00375032277 3.94877268
937 3700 3.75032429 0.00375032429 3.94877268
937 3698 3.74988432 0.00374988432 3.94663821
937 3698 3.74980819 0.00374980819 3.94663821
937 3698 3.74983352 0.00374983352 3.94663821
937 3698 3.74987251 0.00374987251 3.94663821
937 3698 3.74991792 0.00374991792 3.94663821
937 3698 3.74989675 0.00374989675 3.94663821
937 3698 3.74989437 0.00374989437 3.94663821
937 3698 3.74988837 0.00374988837 3.94663821
936 3693 3.7302832 0.0037302832 3.94551282
936 3693 3.73031622 0.00373031622 3.94551282
936 3693 3.73043972 0.00373043972 3.94551282
936 3693 3.73060313 0.00373060313 3.94551282
936 3687 3.72965264 0.00372965264 3.93910256
936 3689 3.730198 0.003730198 3.94123932
936 3689 3.73001957 0.00373001957 3.94123932
936 3689 3.73002411 0.00373002411 3.94123932
936 3689 3.7299574 0.0037299574 3.94123932
936 3689 3.72991704 0.00372991704 3.94123932
935 3682 3.7099496 0.0037099496 3.93796791
935 3682 3.71026481 0.00371026481 3.93796791
935 3682 3.71013085 0.00371013085 3.93796791
935 3682 3.71052623 0.00371052623 3.93796791
935 3682 3.71023721 0.00371023721 3.93796791
935 3682 3.71017221 0.00371017221 3.93796791
935 3682 3.71047351 0.00371047351 3.93796791
935 3682 3.71008641 0.00371008641 3.93796791
935 3682 3.71033563 0.00371033563 3.93796791
935 3682 3.7100083 0.0037100083 3.93796791
934 3678 3.68879002 0.00368879002 3.9379015
934 3678 3.68881596 0.00368881596 3.9379015
934 3678 3.68873234 0.00368873234 3.9379015
934 3678 3.68890675 0.00368890675 3.9379015
934 3678 3.68882624 0.00368882624 3.9379015
934 3678 3.6887079 0.0036887079 3.9379015
934 3678 3.68877485 0.00368877485 3.9379015
934 3678 3.68874763 0.00368874763 3.9379015
934 3678 3.68875283 0.00368875283 3.9379015
934 3678 3.68874557 0.00368874557 3.9379015
933 3669 3.66704497 0.00366704497 3.93247588
933 3666 3.66621751 0.00366621751 3.92926045
933 3661 3.66783649 0.00366783649 3.92390139
933 3661 3.66770838 0.00366770838 3.92390139
933 3661 3.66780676 0.00366780676 3.92390139
933 3661 3.66774265 0.00366774265 3.92390139
933 3661 3.66783259 0.00366783259 3.92390139
933 3661 3.66777609 0.00366777609 3.92390139
933 3661 3.66783674 0.00366783674 3.92390139
933 3661 3.66777766 0.00366777766 3.92390139
932 3657 3.6470115 0.0036470115 3.92381974
932 3657 3.64679766 0.00364679766 3.92381974
932 3657 3.64673664 0.00364673664 3.92381974
932 3657 3.64672555 0.00364672555 3.92381974
932 3657 3.6468267 0.0036468267 3.92381974
932 3657 3.64685626 0.00364685626 3.92381974
932 3657 3.64684623 0.00364684623 3.92381974
932 3657 3.64683209 0.00364683209 3.92381974
932 3657 3.64682879 0.00364682879 3.92381974
932 3657 3.64682753 0.00364682753 3.92381974
931 3653 3.62631652 0.00362631652 3.92373792
931 3653 3.62615792 0.00362615792 3.92373792
931 3653 3.62651396 0.00362651396 3.92373792
931 3653 3.62642715 0.00362642715 3.92373792
931 3653 3.62641641 0.00362641641 3.92373792
931 3653 3.62606442 0.00362606442 3.92373792
931 3653 3.62597719 0.00362597719 3.92373792
931 3653 3.62606888 0.00362606888 3.92373792
931 3653 3.62614159 0.00362614159 3.92373792
931 3653 3.62611206 0.00362611206 3.92373792
930 3645 3.60422862 0.00360422862 3.91935484
930 3645 3.60438554 0.00360438554 3.91935484
930 3647 3.60451104 0.00360451104 3.92150538
930 3645 3.60348172 0.00360348172 3.91935484
930 3647 3.60404565 0.00360404565 3.92150538
930 3647 3.60376438 0.00360376438 3.92150538
930 3643 3.60445877 0.00360445877 3.9172043
930 3643 3.60461364 0.00360461364 3.9172043
930 3639 3.60509105 0.00360509105 3.91290323
930 3639 3.60509686 0.00360509686 3.91290323
929 3635 3.5842155 0.0035842155 3.91280947
929 3635 3.58431137 0.00358431137 3.91280947
929 3635 3.58432228 0.00358432228 3.91280947
929 3635 3.58438247 0.00358438247 3.91280947
929 3635 3.58433706 0.00358433706 3.91280947
929 3635 3.58434849 0.00358434849 3.91280947
929 3635 3.58430266 0.00358430266 3.91280947
929 3635 3.58437469 0.00358437469 3.91280947
929 3635 3.58416401 0.00358416401 3.91280947
929 3635 3.58440037 0.00358440037 3.91280947
928 3631 3.56224315 0.00356224315 3.91271552
928 3631 3.5623479 0.0035623479 3.91271552
928 3631 3.56235256 0.00356235256 3.91271552
928 3631 3.56236602 0.00356236602 3.91271552
928 3631 3.56236476 0.00356236476 3.91271552
928 3631 3.56231727 0.00356231727 3.91271552
928 3631 3.5623398 0.0035623398 3.91271552
928 3631 3.56235582 0.00356235582 3.91271552
928 3631 3.56236387 0.00356236387 3.91271552
928 3631 3.56236656 0.00356236656 3.91271552
927 3623 3.53923379 0.00353923379 3.90830636
927 3623 3.53316986 0.00353316986 3.90830636
927 3619 3.54873381 0.00354873381 3.90399137
927 3619 3.54892142 0.00354892142 3.90399137
927 3619 3.54902295 0.00354902295 3.90399137
927 3619 3.54895721 0.00354895721 3.90399137
927 3619 3.54919043 0.00354919043 3.90399137
927 3619 3.54908892 0.00354908892 3.90399137
927 3619 3.54914734 0.00354914734 3.90399137
927 3619 3.54903588 0.00354903588 3.90399137
926 3615 3.52655719 0.00352655719 3.90388769
926 3615 3.52656569 0.00352656569 3.90388769
926 3615 3.52652839 0.00352652839 3.90388769
926 3615 3.52645115 0.00352645115 3.90388769
926 3615 3.52649583 0.00352649583 3.90388769
926 3615 3.52654853 0.00352654853 3.90388769
926 3615 3.52661152 0.00352661152 3.90388769
926 3615 3.52661308 0.00352661308 3.90388769
926 3615 3.52660409 0.00352660409 3.90388769
926 3615 3.52659829 0.00352659829 3.90388769
925 3604 3.50298319 0.00350298319 3.89621622
925 3611 3.50201619 0.00350201619 3.90378378
925 3604 3.50291797 0.00350291797 3.89621622
925 3604 3.50290196 0.00350290196 3.89621622
925 3601 3.50033063 0.00350033063 3.89297297
925 3604 3.50278219 0.00350278219 3.89621622
925 3604 3.50277791 0.00350277791 3.89621622
925 3604 3.50306689 0.00350306689 3.89621622
925 3604 3.50307759 0.00350307759 3.89621622
925 3604 3.50281222 0.00350281222 3.89621622
924 3600 3.48039432 0.00348039432 3.8961039
924 3600 3.48017438 0.00348017438 3.8961039
924 3597 3.48032244 0.00348032244 3.89285714
924 3597 3.48011291 0.00348011291 3.89285714
924 3597 3.48010938 0.00348010938 3.89285714
924 3600 3.48015261 0.00348015261 3.8961039
924 3597 3.48015505 0.00348015505 3.89285714
924 3597 3.48022286 0.00348022286 3.89285714
924 3597 3.4801317 0.0034801317 3.89285714
924 3597 3.48003185 0.00348003185 3.89285714
923 3593 3.45830909 0.00345830909 3.89274106
923 3593 3.45819993 0.00345819993 3.89274106
923 3593 3.45866454 0.00345866454 3.89274106
923 3593 3.4591158 0.0034591158 3.89274106
923 3593 3.45930695 0.00345930695 3.89274106
923 3593 3.45931768 0.00345931768 3.89274106
923 3593 3.45927022 0.00345927022 3.89274106
923 3593 3.45926122 0.00345926122 3.89274106
923 3593 3.45927297 0.00345927297 3.89274106
923 3593 3.45929012 0.00345929012 3.89274106
922 3587 3.43634 0.00343634 3.89045553
921 3584 3.43427839 0.00343427839 3.89142237
921 3584 3.43359254 0.00343359254 3.89142237
921 3584 3.4335915 0.0034335915 3.89142237
921 3584 3.43338159 0.00343338159 3.89142237
921 3584 3.43348392 0.00343348392 3.89142237
921 3584 3.43352555 0.00343352555 3.89142237
921 3584 3.43343512 0.00343343512 3.89142237
921 3584 3.43350921 0.00343350921 3.89142237
921 3584 3.43353201 0.00343353201 3.89142237
920 3577 3.40997845 0.00340997845 3.88804348
920 3577 3.41005578 0.00341005578 3.88804348
920 3574 3.42613654 0.00342613654 3.88478261
920 3574 3.42923085 0.00342923085 3.88478261
920 3578 3.42861506 0.00342861506 3.88913043
920 3574 3.40875679 0.00340875679 3.88478261
920 3571 3.4279277 0.0034279277 3.88152174
920 3575 3.42919701 0.00342919701 3.88586957
920 3577 3.42909477 0.00342909477 3.88804348
920 3575 3.40912543 0.00340912543 3.88586957
919 3571 3.40907252 0.00340907252 3.88574538
919 3571 3.40968956 0.00340968956 3.88574538
919 3571 3.41004226 0.00341004226 3.88574538
919 3572 3.41239601 0.00341239601 3.88683351
919 3572 3.41015294 0.00341015294 3.88683351
919 3569 3.40822152 0.00340822152 3.8835691
919 3574 3.40959976 0.00340959976 3.88900979
919 3566 3.40860706 0.00340860706 3.88030468
919 3568 3.41320187 0.00341320187 3.88248096
918 3564 3.39450669 0.00339450669 3.88235294
917 3556 3.37452676 0.00337452676 3.8778626
917 3556 3.37397222 0.00337397222 3.8778626
917 3556 3.37436603 0.00337436603 3.8778626
917 3556 3.37422116 0.00337422116 3.8778626
917 3556 3.37420419 0.00337420419 3.8778626
917 3556 3.37432913 0.00337432913 3.8778626
917 3556 3.37429077 0.00337429077 3.8778626
917 3556 3.37428451 0.00337428451 3.8778626
917 3556 3.37429869 0.00337429869 3.8778626
917 3556 3.37429453 0.00337429453 3.8778626
916 3550 3.35268258 0.00335268258 3.87554585
916 3550 3.35295123 0.00335295123 3.87554585
916 3550 3.35259353 0.00335259353 3.87554585
916 3550 3.35247668 0.00335247668 3.87554585
916 3550 3.35266251 0.00335266251 3.87554585
916 3550 3.35273794 0.00335273794 3.87554585
916 3550 3.35270018 0.00335270018 3.87554585
916 3550 3.35270186 0.00335270186 3.87554585
916 3550 3.35270563 0.00335270563 3.87554585
916 3550 3.352709 0.003352709 3.87554585
915 3542 3.33100398 0.00333100398 3.87103825
915 3542 3.33087323 0.00333087323 3.87103825
915 3542 3.33069748 0.00333069748 3.87103825
915 3542 3.33074127 0.00333074127 3.87103825
915 3542 3.33075964 0.00333075964 3.87103825
915 3542 3.3307586 0.0033307586 3.87103825
915 3542 3.33074098 0.00333074098 3.87103825
915 3542 3.33072555 0.00333072555 3.87103825
915 3542 3.33071434 0.00333071434 3.87103825
915 3542 3.33070569 0.00333070569 3.87103825
914 3540 3.30712956 0.00330712956 3.87308534
914 3537 3.30151377 0.00330151377 3.86980306
914 3543 3.31652738 0.00331652738 3.87636761
914 3543 3.31653378 0.00331653378 3.87636761
914 3543 3.31645462 0.00331645462 3.87636761
914 3543 3.31651247 0.00331651247 3.87636761
914 3543 3.31649701 0.00331649701 3.87636761
914 3543 3.3165296 0.0033165296 3.87636761
914 3543 3.3165099 0.0033165099 3.87636761
914 3543 3.31651081 0.00331651081 3.87636761
913 3535 3.29388335 0.00329388335 3.87185104
913 3535 3.29374628 0.00329374628 3.87185104
913 3535 3.2940228 0.0032940228 3.87185104
913 3535 3.29417552 0.00329417552 3.87185104
913 3535 3.29420061 0.00329420061 3.87185104
913 3535 3.29419359 0.00329419359 3.87185104
913 3535 3.29418979 0.00329418979 3.87185104
913 3535 3.29418578 0.00329418578 3.87185104
913 3535 3.29418422 0.00329418422 3.87185104
913 3535 3.29418623 0.00329418623 3.87185104
912 3528 3.27049741 0.00327049741 3.86842105
912 3528 3.27038623 0.00327038623 3.86842105
912 3528 3.27051536 0.00327051536 3.86842105
912 3528 3.2705936 0.0032705936 3.86842105
912 3528 3.27057404 0.00327057404 3.86842105
912 3528 3.2705682 0.0032705682 3.86842105
912 3528 3.27055295 0.00327055295 3.86842105
912 3528 3.2705573 0.0032705573 3.86842105
912 3528 3.27055457 0.00327055457 3.86842105
912 3528 3.27054488 0.00327054488 3.86842105
911 3522 3.24640656 0.00324640656 3.86608123
911 3522 3.24224134 0.00324224134 3.86608123
911 3522 3.24600123 0.00324600123 3.86608123
911 3522 3.2461165 0.0032461165 3.86608123
911 3522 3.24635696 0.00324635696 3.86608123
911 3522 3.2462479 0.0032462479 3.86608123
911 3522 3.24656367 0.00324656367 3.86608123
911 3522 3.24634898 0.00324634898 3.86608123
911 3522 3.24630177 0.00324630177 3.86608123
911 3522 3.24610649 0.00324610649 3.86608123
910 3516 3.22202118 0.00322202118 3.86373626
910 3516 3.22231507 0.00322231507 3.86373626
910 3516 3.22187078 0.00322187078 3.86373626
910 3516 3.22103368 0.00322103368 3.86373626
910 3516 3.22220373 0.00322220373 3.86373626
910 3516 3.22185245 0.00322185245 3.86373626
910 3516 3.22162364 0.00322162364 3.86373626
910 3516 3.22164028 0.00322164028 3.86373626
910 3516 3.22102669 0.00322102669 3.86373626
910 3516 3.22194862 0.00322194862 3.86373626
909 3505 3.19563911 0.00319563911 3.85588559
909 3507 3.19583609 0.00319583609 3.85808581
909 3507 3.19707512 0.00319707512 3.85808581
909 3507 3.19625919 0.00319625919 3.85808581
909 3507 3.19698429 0.00319698429 3.85808581
909 3507 3.19674665 0.00319674665 3.85808581
909 3507 3.19687083 0.00319687083 3.85808581
909 3507 3.19667118 0.00319667118 3.85808581
909 3507 3.1954728 0.0031954728 3.85808581
909 3507 3.19709616 0.00319709616 3.85808581
908 3496 3.17011507 0.00317011507 3.85022026
908 3496 3.17138029 0.00317138029 3.85022026
908 3496 3.17086764 0.00317086764 3.85022026
908 3496 3.17144757 0.00317144757 3.85022026
908 3496 3.17097581 0.00317097581 3.85022026
908 3496 3.17105124 0.00317105124 3.85022026
908 3496 3.17043683 0.00317043683 3.85022026
908 3496 3.17097291 0.00317097291 3.85022026
908 3496 3.17088135 0.00317088135 3.85022026
908 3496 3.17112655 0.00317112655 3.85022026
907 3489 3.14516157 0.00314516157 3.84674752
907 3487 3.14286736 0.00314286736 3.84454245
907 3491 3.14561516 0.00314561516 3.84895259
907 3489 3.14635133 0.00314635133 3.84674752
907 3489 3.14564079 0.00314564079 3.84674752
907 3489 3.14605024 0.00314605024 3.84674752
907 3489 3.14566049 0.00314566049 3.84674752
907 3489 3.14557548 0.00314557548 3.84674752
907 3489 3.14564876 0.00314564876 3.84674752
907 3489 3.14535344 0.00314535344 3.84674752
906 3480 3.12013774 0.00312013774 3.8410596
906 3480 3.1208189 0.0031208189 3.8410596
906 3480 3.12031691 0.00312031691 3.8410596
906 3480 3.12045161 0.00312045161 3.8410596
906 3480 3.12058265 0.00312058265 3.8410596
906 3480 3.1204536 0.0031204536 3.8410596
906 3480 3.12061729 0.00312061729 3.8410596
906 3480 3.12046222 0.00312046222 3.8410596
906 3480 3.12061835 0.00312061835 3.8410596
906 3480 3.12045523 0.00312045523 3.8410596
905 3471 3.09422501 0.00309422501 3.83535912
905 3474 3.09369887 0.00309369887 3.83867403
905 3468 3.09256564 0.00309256564 3.8320442
905 3471 3.10640985 0.00310640985 3.83535912
905 3471 3.10618384 0.00310618384 3.83535912
905 3471 3.10592646 0.00310592646 3.83535912
905 3471 3.10592373 0.00310592373 3.83535912
905 3471 3.10617684 0.00310617684 3.83535912
905 3471 3.10561345 0.00310561345 3.83535912
905 3471 3.10569781 0.00310569781 3.83535912
904 3462 3.08076211 0.00308076211 3.82964602
904 3462 3.08146461 0.00308146461 3.82964602
904 3462 3.08127151 0.00308127151 3.82964602
904 3465 3.08086829 0.00308086829 3.8329646
904 3465 3.08044771 0.00308044771 3.8329646
904 3462 3.0809821 0.0030809821 3.82964602
904 3462 3.07963716 0.00307963716 3.82964602
904 3464 3.08019254 0.00308019254 3.83185841
904 3464 3.08067683 0.00308067683 3.83185841
904 3464 3.07985088 0.00307985088 3.83185841
903 3453 3.05564929 0.00305564929 3.82392027
903 3458 3.05530239 0.00305530239 3.82945736
903 3458 3.05502748 0.00305502748 3.82945736
903 3458 3.05509995 0.00305509995 3.82945736
903 3458 3.05403901 0.00305403901 3.82945736
903 3458 3.05617872 0.00305617872 3.82945736
903 3458 3.0545209 0.0030545209 3.82945736
903 3458 3.0546373 0.0030546373 3.82945736
903 3458 3.05410243 0.00305410243 3.82945736
903 3458 3.05384382 0.00305384382 3.82945736
902 3447 3.03009153 0.00303009153 3.82150776
902 3447 3.03049224 0.00303049224 3.82150776
902 3447 3.03028177 0.00303028177 3.82150776
902 3447 3.03018903 0.00303018903 3.82150776
902 3447 3.03035828 0.00303035828 3.82150776
902 3447 3.03036078 0.00303036078 3.82150776
902 3447 3.03035381 0.00303035381 3.82150776
902 3447 3.03035384 0.00303035384 3.82150776
902 3447 3.03058945 0.00303058945 3.82150776
902 3447 3.03000734 0.00303000734 3.82150776
901 3439 3.00406772 0.00300406772 3.81687014
901 3439 3.00392617 0.00300392617 3.81687014
901 3436 3.00290823 0.00300290823 3.81354051
901 3439 3.0038063 0.0030038063 3.81687014
901 3439 3.00347578 0.00300347578 3.81687014
901 3439 3.0035901 0.0030035901 3.81687014
901 3439 3.00338882 0.00300338882 3.81687014
901 3439 3.00336287 0.00300336287 3.81687014
901 3439 3.00337185 0.00300337185 3.81687014
901 3439 3.00339805 0.00300339805 3.81687014
900 3432 2.9770254 0.0029770254 3.81333333
900 3432 2.976941 0.002976941 3.81333333
900 3432 2.97768643 0.00297768643 3.81333333
900 3428 2.97718146 0.00297718146 3.80888889
900 3432 2.97725245 0.00297725245 3.81333333
900 3432 2.97722902 0.00297722902 3.81333333
900 3432 2.97714714 0.00297714714 3.81333333
900 3432 2.97654231 0.00297654231 3.81333333
900 3432 2.9762004 0.0029762004 3.81333333
900 3432 2.97667704 0.00297667704 3.81333333
899 3421 2.95083184 0.00295083184 3.80533927
899 3424 2.9496789 0.0029496789 3.80867631
899 3421 2.95123871 0.00295123871 3.80533927
899 3421 2.95151917 0.00295151917 3.80533927
899 3421 2.95189313 0.00295189313 3.80533927
899 3421 2.95148207 0.00295148207 3.80533927
899 3422 2.94935878 0.00294935878 3.80645161
899 3427 2.94419486 0.00294419486 3.81201335
899 3424 2.95153522 0.00295153522 3.80867631
899 3425 2.95301358 0.00295301358 3.80978865
898 3414 2.92725895 0.00292725895 3.80178174
898 3414 2.92732172 0.00292732172 3.80178174
898 3414 2.92703525 0.00292703525 3.80178174
898 3417 2.92694769 0.00292694769 3.80512249
898 3417 2.92693266 0.00292693266 3.80512249
898 3417 2.92725678 0.00292725678 3.80512249
898 3417 2.92694735 0.00292694735 3.80512249
898 3417 2.92649954 0.00292649954 3.80512249
898 3417 2.92599706 0.00292599706 3.80512249
898 3417 2.92415064 0.00292415064 3.80512249
897 3406 2.90271068 0.00290271068 3.79710145
897 3406 2.90141953 0.00290141953 3.79710145
897 3406 2.90254393 0.00290254393 3.79710145
897 3406 2.90167873 0.00290167873 3.79710145
897 3406 2.90179294 0.00290179294 3.79710145
897 3406 2.90192607 0.00290192607 3.79710145
897 3406 2.90193112 0.00290193112 3.79710145
897 3406 2.90175351 0.00290175351 3.79710145
897 3406 2.90165578 0.00290165578 3.79710145
897 3406 2.90174973 0.00290174973 3.79710145
896 3400 2.87505341 0.00287505341 3.79464286
896 3398 2.86920863 0.00286920863 3.79241071
896 3403 2.87976002 0.00287976002 3.79799107
896 3403 2.87998486 0.00287998486 3.79799107
896 3403 2.87949226 0.00287949226 3.79799107
896 3399 2.88000451 0.00288000451 3.79352679
896 3400 2.88028002 0.00288028002 3.79464286
896 3400 2.88117791 0.00288117791 3.79464286
896 3400 2.88022031 0.00288022031 3.79464286
896 3400 2.88031339 0.00288031339 3.79464286
895 3392 2.85516842 0.00285516842 3.78994413
895 3392 2.85533218 0.00285533218 3.78994413
895 3392 2.85572473 0.00285572473 3.78994413
895 3392 2.85499791 0.00285499791 3.78994413
895 3392 2.85576353 0.00285576353 3.78994413
895 3392 2.85489745 0.00285489745 3.78994413
895 3392 2.85541251 0.00285541251 3.78994413
895 3392 2.85478621 0.00285478621 3.78994413
895 3392 2.85487715 0.00285487715 3.78994413
895 3392 2.85545596 0.00285545596 3.78994413
894 3384 2.82811323 0.00282811323 3.7852349
894 3384 2.82771817 0.00282771817 3.7852349
894 3385 2.8286682 0.0028286682 3.78635347
894 3384 2.82736435 0.00282736435 3.7852349
894 3385 2.82866956 0.00282866956 3.78635347
894 3384 2.83004114 0.00283004114 3.7852349
894 3384 2.82821378 0.00282821378 3.7852349
894 3385 2.82770899 0.00282770899 3.78635347
894 3385 2.82821421 0.00282821421 3.78635347
894 3385 2.82826184 0.00282826184 3.78635347
893 3377 2.80266313 0.00280266313 3.78163494
893 3377 2.80228651 0.00280228651 3.78163494
893 3377 2.80214731 0.00280214731 3.78163494
893 3377 2.8030699 0.0028030699 3.78163494
893 3377 2.80286155 0.00280286155 3.78163494
893 3377 2.80252361 0.00280252361 3.78163494
893 3377 2.80240712 0.00280240712 3.78163494
893 3377 2.80198324 0.00280198324 3.78163494
893 3377 2.80241955 0.00280241955 3.78163494
893 3377 2.80193015 0.00280193015 3.78163494
892 3372 2.77491691 0.00277491691 3.78026906
892 3372 2.76768843 0.00276768843 3.78026906
892 3375 2.77519116 0.00277519116 3.78363229
892 3378 2.77625532 0.00277625532 3.78699552
892 3378 2.77579741 0.00277579741 3.78699552
892 3378 2.77598487 0.00277598487 3.78699552
892 3378 2.77606175 0.00277606175 3.78699552
892 3378 2.77608601 0.00277608601 3.78699552
892 3378 2.77615944 0.00277615944 3.78699552
892 3378 2.77612729 0.00277612729 3.78699552
891 3371 2.75079068 0.00275079068 3.78338945
891 3371 2.75116897 0.00275116897 3.78338945
891 3371 2.75086076 0.00275086076 3.78338945
891 3371 2.75092055 0.00275092055 3.78338945
891 3371 2.75124259 0.00275124259 3.78338945
891 3371 2.75085167 0.00275085167 3.78338945
891 3371 2.75114512 0.00275114512 3.78338945
891 3371 2.75094123 0.00275094123 3.78338945
891 3371 2.75107853 0.00275107853 3.78338945
891 3371 2.75094476 0.00275094476 3.78338945
890 3363 2.72516913 0.00272516913 3.77865169
890 3361 2.72500239 0.00272500239 3.77640449
890 3367 2.72450247 0.00272450247 3.78314607
890 3361 2.72501337 0.00272501337 3.77640449
890 3364 2.72331291 0.00272331291 3.77977528
890 3367 2.72448278 0.00272448278 3.78314607
890 3367 2.72409363 0.00272409363 3.78314607
890 3367 2.72437989 0.00272437989 3.78314607
890 3367 2.724649 0.002724649 3.78314607
890 3367 2.72415241 0.00272415241 3.78314607
889 3357 2.6986594 0.0026986594 3.77615298
889 3357 2.69914809 0.00269914809 3.77615298
889 3357 2.69934741 0.00269934741 3.77615298
889 3357 2.69919093 0.00269919093 3.77615298
889 3357 2.69911177 0.00269911177 3.77615298
889 3357 2.69924155 0.00269924155 3.77615298
889 3359 2.69861535 0.00269861535 3.7784027
889 3359 2.69689769 0.00269689769 3.7784027
889 3359 2.69869986 0.00269869986 3.7784027
889 3357 2.69917638 0.00269917638 3.77615298
888 3350 2.67181452 0.00267181452 3.77252252
888 3351 2.6720999 0.0026720999 3.77364865
888 3354 2.68835511 0.00268835511 3.77702703
887 3348 2.66737389 0.00266737389 3.77452086
887 3349 2.6692275 0.0026692275 3.77564825
887 3349 2.66936674 0.00266936674 3.77564825
887 3346 2.66594894 0.00266594894 3.77226607
887 3347 2.66278788 0.00266278788 3.77339346
887 3347 2.66971341 0.00266971341 3.77339346
887 3347 2.66990177 0.00266990177 3.77339346
886 3345 2.64390991 0.00264390991 3.77539503
886 3345 2.64384031 0.00264384031 3.77539503
886 3345 2.64370099 0.00264370099 3.77539503
886 3345 2.6438639 0.0026438639 3.77539503
886 3345 2.64379409 0.00264379409 3.77539503
886 3345 2.64333435 0.00264333435 3.77539503
886 3345 2.64387701 0.00264387701 3.77539503
886 3339 2.64190709 0.00264190709 3.76862302
886 3345 2.6432158 0.0026432158 3.77539503
886 3345 2.64390716 0.00264390716 3.77539503
885 3341 2.61740726 0.00261740726 3.77514124
885 3337 2.61754271 0.00261754271 3.77062147
885 3337 2.61740355 0.00261740355 3.77062147
885 3337 2.6176075 0.0026176075 3.77062147
885 3337 2.61777233 0.00261777233 3.77062147
885 3337 2.61726798 0.00261726798 3.77062147
885 3337 2.61751876 0.00261751876 3.77062147
885 3337 2.61777499 0.00261777499 3.77062147
885 3337 2.61757675 0.00261757675 3.77062147
885 3337 2.61812255 0.00261812255 3.77062147
884 3329 2.59190056 0.00259190056 3.7658371
884 3330 2.59109237 0.00259109237 3.76696833
884 3329 2.59140599 0.00259140599 3.7658371
884 3329 2.5916181 0.0025916181 3.7658371
884 3329 2.59164962 0.00259164962 3.7658371
884 3333 2.5914152 0.0025914152 3.77036199
884 3333 2.59149779 0.00259149779 3.77036199
884 3329 2.59151041 0.00259151041 3.7658371
884 3329 2.59134127 0.00259134127 3.7658371
884 3329 2.59190419 0.00259190419 3.7658371
883 3325 2.56527725 0.00256527725 3.76557191
883 3325 2.56533517 0.00256533517 3.76557191
883 3325 2.56559538 0.00256559538 3.76557191
883 3321 2.56510401 0.00256510401 3.7610419
883 3321 2.56526922 0.00256526922 3.7610419
883 3321 2.56516429 0.00256516429 3.7610419
883 3321 2.56533101 0.00256533101 3.7610419
883 3325 2.56480766 0.00256480766 3.76557191
883 3325 2.56518571 0.00256518571 3.76557191
883 3321 2.56525733 0.00256525733 3.7610419
882 3317 2.53951969 0.00253951969 3.76077098
882 3317 2.5396478 0.0025396478 3.76077098
882 3317 2.53930828 0.00253930828 3.76077098
882 3317 2.53928978 0.00253928978 3.76077098
882 3317 2.53914353 0.00253914353 3.76077098
882 3317 2.53919172 0.00253919172 3.76077098
882 3317 2.53945796 0.00253945796 3.76077098
882 3317 2.53927843 0.00253927843 3.76077098
882 3317 2.53969877 0.00253969877 3.76077098
882 3317 2.53948606 0.00253948606 3.76077098
881 3309 2.51383416 0.00251383416 3.75595914
881 3309 2.50948697 0.00250948697 3.75595914
881 3305 2.52375719 0.00252375719 3.75141884
880 3301 2.49853154 0.00249853154 3.75113636
880 3301 2.49891183 0.00249891183 3.75113636
880 3301 2.49848137 0.00249848137 3.75113636
880 3301 2.49854811 0.00249854811 3.75113636
880 3301 2.49873994 0.00249873994 3.75113636
880 3301 2.49855137 0.00249855137 3.75113636
880 3301 2.49871999 0.00249871999 3.75113636
879 3293 2.47327812 0.00247327812 3.74630262
879 3293 2.47288386 0.00247288386 3.74630262
879 3294 2.47231088 0.00247231088 3.74744027
879 3296 2.47134651 0.00247134651 3.74971559
879 3294 2.47252788 0.00247252788 3.74744027
879 3288 2.46927485 0.00246927485 3.74061433
879 3294 2.47025137 0.00247025137 3.74744027
879 3294 2.47222893 0.00247222893 3.74744027
879 3294 2.47223716 0.00247223716 3.74744027
879 3294 2.47251971 0.00247251971 3.74744027
878 3286 2.44725638 0.00244725638 3.74259681
878 3289 2.4457192 0.0024457192 3.74601367
878 3289 2.44582746 0.00244582746 3.74601367
878 3289 2.44643718 0.00244643718 3.74601367
878 3289 2.44604752 0.00244604752 3.74601367
878 3289 2.44640655 0.00244640655 3.74601367
878 3289 2.44628235 0.00244628235 3.74601367
878 3289 2.44661335 0.00244661335 3.74601367
878 3288 2.44532994 0.00244532994 3.74487472
878 3291 2.4450552 0.0024450552 3.74829157
877 3284 2.42091904 0.00242091904 3.74458381
877 3284 2.42095531 0.00242095531 3.74458381
877 3284 2.42105935 0.00242105935 3.74458381
877 3284 2.42100801 0.00242100801 3.74458381
877 3284 2.42083507 0.00242083507 3.74458381
877 3284 2.42076757 0.00242076757 3.74458381
877 3284 2.42064974 0.00242064974 3.74458381
877 3284 2.41910449 0.00241910449 3.74458381
877 3281 2.42162938 0.00242162938 3.74116306
877 3281 2.42129462 0.00242129462 3.74116306
876 3276 2.39547424 0.00239547424 3.73972603
876 3276 2.39495455 0.00239495455 3.73972603
876 3276 2.39661434 0.00239661434 3.73972603
876 3276 2.39592896 0.00239592896 3.73972603
876 3276 2.39563675 0.00239563675 3.73972603
876 3276 2.39562158 0.00239562158 3.73972603
876 3276 2.395948 0.002395948 3.73972603
876 3276 2.39620407 0.00239620407 3.73972603
876 3276 2.39620309 0.00239620309 3.73972603
876 3276 2.39585242 0.00239585242 3.73972603
875 3271 2.36957986 0.00236957986 3.73828571
875 3269 2.36990955 0.00236990955 3.736
875 3269 2.35995733 0.00235995733 3.736
875 3267 2.37015288 0.00237015288 3.73371429
875 3265 2.35905366 0.00235905366 3.73142857
875 3268 2.37129378 0.00237129378 3.73485714
875 3266 2.37175522 0.00237175522 3.73257143
875 3268 2.37827396 0.00237827396 3.73485714
875 3271 2.38421821 0.00238421821 3.73828571
875 3271 2.3840054 0.0023840054 3.73828571
874 3264 2.35934337 0.00235934337 3.73455378
874 3269 2.35244704 0.00235244704 3.7402746
874 3270 2.35647927 0.00235647927 3.74141876
874 3266 2.3590859 0.0023590859 3.73684211
874 3264 2.34692074 0.00234692074 3.73455378
874 3263 2.35863887 0.00235863887 3.73340961
874 3264 2.35957666 0.00235957666 3.73455378
874 3264 2.35952317 0.00235952317 3.73455378
874 3264 2.35979246 0.00235979246 3.73455378
874 3263 2.35874382 0.00235874382 3.73340961
873 3256 2.33470227 0.00233470227 3.72966781
873 3255 2.33140757 0.00233140757 3.72852234
873 3259 2.33410677 0.00233410677 3.73310424
873 3259 2.3346196 0.0023346196 3.73310424
873 3259 2.33402407 0.00233402407 3.73310424
873 3259 2.33396803 0.00233396803 3.73310424
873 3259 2.33407401 0.00233407401 3.73310424
873 3259 2.33407708 0.00233407708 3.73310424
873 3259 2.33403311 0.00233403311 3.73310424
873 3259 2.33405623 0.00233405623 3.73310424
872 3251 2.30949574 0.00230949574 3.72821101
872 3251 2.309539 0.002309539 3.72821101
872 3251 2.30859581 0.00230859581 3.72821101
872 3251 2.30889622 0.00230889622 3.72821101
872 3251 2.30902995 0.00230902995 3.72821101
872 3248 2.31068993 0.00231068993 3.72477064
872 3248 2.31003348 0.00231003348 3.72477064
872 3248 2.31043254 0.00231043254 3.72477064
872 3250 2.30915658 0.00230915658 3.72706422
872 3252 2.30451731 0.00230451731 3.7293578
871 3243 2.28531016 0.00228531016 3.72330654
871 3243 2.28558282 0.00228558282 3.72330654
871 3243 2.2858216 0.0022858216 3.72330654
871 3243 2.2856258 0.0022856258 3.72330654
871 3243 2.28557704 0.00228557704 3.72330654
871 3243 2.28554489 0.00228554489 3.72330654
871 3243 2.28556121 0.00228556121 3.72330654
871 3243 2.28586132 0.00228586132 3.72330654
871 3243 2.28563029 0.00228563029 3.72330654
871 3243 2.28562078 0.00228562078 3.72330654
870 3235 2.25955155 0.00225955155 3.7183908
870 3240 2.2597617 0.0022597617 3.72413793
869 3233 2.25266857 0.00225266857 3.72036824
869 3229 2.25339038 0.00225339038 3.71576525
869 3233 2.25220932 0.00225220932 3.72036824
869 3230 2.25007386 0.00225007386 3.716916
869 3233 2.24574989 0.00224574989 3.72036824
869 3230 2.25219128 0.00225219128 3.716916
869 3229 2.253564 0.002253564 3.71576525
869 3233 2.25391495 0.00225391495 3.72036824
868 3225 2.23002757 0.00223002757 3.71543779
868 3225 2.22818205 0.00222818205 3.71543779
868 3225 2.22888066 0.00222888066 3.71543779
868 3225 2.22962223 0.00222962223 3.71543779
868 3225 2.22929194 0.00222929194 3.71543779
868 3225 2.22906634 0.00222906634 3.71543779
868 3225 2.22954126 0.00222954126 3.71543779
868 3225 2.2300941 0.0022300941 3.71543779
868 3225 2.22869157 0.00222869157 3.71543779
868 3225 2.22886554 0.00222886554 3.71543779
867 3221 2.20377686 0.00220377686 3.71510957
867 3221 2.20416347 0.00220416347 3.71510957
867 3221 2.20462819 0.00220462819 3.71510957
867 3221 2.2042824 0.0022042824 3.71510957
867 3221 2.20403553 0.00220403553 3.71510957
867 3221 2.2040157 0.0022040157 3.71510957
867 3221 2.20401121 0.00220401121 3.71510957
867 3221 2.20383817 0.00220383817 3.71510957
867 3221 2.2038212 0.0022038212 3.71510957
867 3221 2.20362368 0.00220362368 3.71510957
866 3212 2.17855549 0.00217855549 3.70900693
866 3216 2.17901638 0.00217901638 3.71362587
866 3216 2.17921877 0.00217921877 3.71362587
866 3216 2.17922255 0.00217922255 3.71362587
866 3216 2.17821774 0.00217821774 3.71362587
866 3216 2.17843817 0.00217843817 3.71362587
866 3211 2.17977205 0.00217977205 3.70785219
866 3211 2.17948008 0.00217948008 3.70785219
866 3211 2.17947811 0.00217947811 3.70785219
866 3211 2.17942304 0.00217942304 3.70785219
865 3208 2.15502122 0.00215502122 3.70867052
865 3202 2.15171382 0.00215171382 3.7017341
865 3208 2.16144801 0.00216144801 3.70867052
865 3206 2.16687439 0.00216687439 3.70635838
865 3208 2.17020036 0.00217020036 3.70867052
865 3207 2.16748009 0.00216748009 3.70751445
865 3207 2.15214972 0.00215214972 3.70751445
865 3204 2.1727038 0.0021727038 3.70404624
865 3208 2.17218246 0.00217218246 3.70867052
865 3210 2.17122696 0.00217122696 3.71098266
864 3203 2.15249504 0.00215249504 3.70717593
864 3202 2.15388221 0.00215388221 3.70601852
864 3202 2.15245521 0.00215245521 3.70601852
864 3203 2.15457969 0.00215457969 3.70717593
864 3201 2.14748132 0.00214748132 3.70486111
864 3207 2.14437582 0.00214437582 3.71180556
864 3203 2.14038162 0.00214038162 3.70717593
864 3198 2.13811828 0.00213811828 3.70138889
864 3204 2.16189309 0.00216189309 3.70833333
864 3204 2.15421535 0.00215421535 3.70833333
863 3196 2.14105398 0.00214105398 3.70336037
863 3199 2.13627525 0.00213627525 3.70683662
863 3193 2.14145088 0.00214145088 3.69988413
863 3191 2.13771541 0.00213771541 3.69756663
862 3184 2.11937782 0.00211937782 3.6937355
862 3186 2.10771187 0.00210771187 3.69605568
862 3184 2.11951562 0.00211951562 3.6937355
862 3184 2.1197212 0.0021197212 3.6937355
862 3184 2.11993818 0.00211993818 3.6937355
862 3188 2.11920351 0.00211920351 3.69837587
861 3179 2.09714359 0.00209714359 3.69221835
861 3179 2.09720849 0.00209720849 3.69221835
861 3179 2.09730176 0.00209730176 3.69221835
861 3179 2.09728474 0.00209728474 3.69221835
861 3179 2.09782213 0.00209782213 3.69221835
861 3179 2.09749043 0.00209749043 3.69221835
861 3179 2.09727057 0.00209727057 3.69221835
861 3179 2.09732887 0.00209732887 3.69221835
861 3179 2.09702496 0.00209702496 3.69221835
861 3179 2.09716948 0.00209716948 3.69221835
860 3168 2.07336577 0.00207336577 3.68372093
860 3173 2.06818914 0.00206818914 3.68953488
860 3167 2.071184 0.002071184 3.68255814
860 3168 2.06692656 0.00206692656 3.68372093
860 3166 2.05854481 0.00205854481 3.68139535
860 3167 2.08013363 0.00208013363 3.68255814
860 3167 2.07987396 0.00207987396 3.68255814
860 3167 2.08005019 0.00208005019 3.68255814
860 3167 2.08080839 0.00208080839 3.68255814
860 3167 2.07929989 0.00207929989 3.68255814
859 3161 2.05686382 0.00205686382 3.6798603
859 3163 2.04292402 0.00204292402 3.68218859
859 3166 2.0575808 0.0020575808 3.68568102
859 3165 2.06232258 0.00206232258 3.68451688
859 3161 2.06641479 0.00206641479 3.6798603
859 3163 2.07500941 0.00207500941 3.68218859
859 3163 2.08146333 0.00208146333 3.68218859
859 3166 2.07736494 0.00207736494 3.68568102
859 3164 2.07760845 0.00207760845 3.68335274
859 3164 2.08869068 0.00208869068 3.68335274
858 3156 2.07044628 0.00207044628 3.67832168
858 3156 2.07010951 0.00207010951 3.67832168
858 3156 2.05435049 0.00205435049 3.67832168
858 3156 2.07018509 0.00207018509 3.67832168
858 3156 2.0697636 0.0020697636 3.67832168
858 3156 2.07041075 0.00207041075 3.67832168
858 3157 2.05191157 0.00205191157 3.67948718
858 3156 2.07018233 0.00207018233 3.67832168
858 3156 2.06985146 0.00206985146 3.67832168
858 3156 2.07002569 0.00207002569 3.67832168
857 3149 2.04989257 0.00204989257 3.67444574
857 3149 2.05000069 0.00205000069 3.67444574
857 3149 2.05289356 0.00205289356 3.67444574
857 3149 2.0519983 0.0020519983 3.67444574
857 3148 2.05091173 0.00205091173 3.67327888
857 3146 2.05119942 0.00205119942 3.67094516
857 3149 2.05074457 0.00205074457 3.67444574
857 3148 2.0331121 0.0020331121 3.67327888
857 3149 2.05317849 0.00205317849 3.67444574
857 3147 2.0455181 0.0020455181 3.67211202
856 3139 2.03779672 0.00203779672 3.66705607
856 3139 2.03844599 0.00203844599 3.66705607
856 3143 2.02981764 0.00202981764 3.67172897
856 3144 2.03697996 0.00203697996 3.6728972
856 3142 2.02816455 0.00202816455 3.67056075
856 3135 2.03389053 0.00203389053 3.66238318
856 3142 2.03260247 0.00203260247 3.67056075
856 3144 2.04091828 0.00204091828 3.6728972
856 3141 2.03015148 0.00203015148 3.66939252
856 3139 2.03007205 0.00203007205 3.66705607
855 3133 2.02637742 0.00202637742 3.66432749
854 3128 2.00824105 0.00200824105 3.66276347
854 3124 2.00094379 0.00200094379 3.65807963
853 3120 1.98994408 0.00198994408 3.65767878
853 3120 1.97593046 0.00197593046 3.65767878
853 3119 1.98929907 0.00198929907 3.65650645
853 3122 1.97714806 0.00197714806 3.66002345
853 3115 1.97641418 0.00197641418 3.65181712
853 3119 1.99190616 0.00199190616 3.65650645
853 3122 1.99268935 0.00199268935 3.66002345
852 3111 1.97489355 0.00197489355 3.65140845
852 3112 1.97064151 0.00197064151 3.65258216
852 3113 1.96829734 0.00196829734 3.65375587
852 3111 1.96974249 0.00196974249 3.65140845
852 3114 1.97421728 0.00197421728 3.65492958
852 3114 1.97014359 0.00197014359 3.65492958
852 3112 1.97328407 0.00197328407 3.65258216
852 3112 1.97189883 0.00197189883 3.65258216
852 3109 1.97676039 0.00197676039 3.64906103
852 3110 1.9727214 0.0019727214 3.65023474
851 3102 1.9585028 0.0019585028 3.64512338
851 3102 1.95854412 0.00195854412 3.64512338
851 3102 1.95851335 0.00195851335 3.64512338
851 3102 1.95845349 0.00195845349 3.64512338
851 3102 1.95855376 0.00195855376 3.64512338
851 3103 1.95383828 0.00195383828 3.64629847
851 3102 1.95797131 0.00195797131 3.64512338
851 3100 1.96357732 0.00196357732 3.64277321
851 3100 1.96421829 0.00196421829 3.64277321
851 3100 1.96368168 0.00196368168 3.64277321
850 3092 1.94392482 0.00194392482 3.63764706
849 3083 1.93621836 0.00193621836 3.63133098
849 3083 1.935713 0.001935713 3.63133098
849 3083 1.93582762 0.00193582762 3.63133098
849 3083 1.93532719 0.00193532719 3.63133098
849 3083 1.935491 0.001935491 3.63133098
849 3083 1.93559616 0.00193559616 3.63133098
849 3083 1.93559185 0.00193559185 3.63133098
849 3083 1.9356934 0.0019356934 3.63133098
849 3083 1.93567393 0.00193567393 3.63133098
848 3074 1.91656315 0.00191656315 3.625
848 3074 1.91679358 0.00191679358 3.625
848 3074 1.91688246 0.00191688246 3.625
848 3074 1.91666665 0.00191666665 3.625
848 3074 1.91663121 0.00191663121 3.625
848 3074 1.91674025 0.00191674025 3.625
848 3074 1.91671824 0.00191671824 3.625
848 3074 1.91671772 0.00191671772 3.625
848 3074 1.91674048 0.00191674048 3.625
848 3074 1.91674275 0.00191674275 3.625
847 3070 1.897026 0.001897026 3.62455726
847 3070 1.89707544 0.00189707544 3.62455726
847 3070 1.89671877 0.00189671877 3.62455726
847 3070 1.8967807 0.0018967807 3.62455726
847 3066 1.89668926 0.00189668926 3.61983471
847 3065 1.89591961 0.00189591961 3.61865407
847 3066 1.8942552 0.0018942552 3.61983471
847 3066 1.89660883 0.00189660883 3.61983471
847 3066 1.8967873 0.0018967873 3.61983471
847 3066 1.89650705 0.00189650705 3.61983471
846 3062 1.87747031 0.00187747031 3.61938534
846 3062 1.87707093 0.00187707093 3.61938534
846 3057 1.87783881 0.00187783881 3.61347518
846 3058 1.87441464 0.00187441464 3.61465721
846 3060 1.86822057 0.00186822057 3.61702128
846 3060 1.87227123 0.00187227123 3.61702128
846 3060 1.87643976 0.00187643976 3.61702128
846 3058 1.87085553 0.00187085553 3.61465721
846 3057 1.87804665 0.00187804665 3.61347518
846 3057 1.87814385 0.00187814385 3.61347518
845 3053 1.86017628 0.00186017628 3.61301775
845 3051 1.85944348 0.00185944348 3.61065089
845 3058 1.85740299 0.00185740299 3.61893491
845 3053 1.85938151 0.00185938151 3.61301775
845 3056 1.85948037 0.00185948037 3.61656805
845 3056 1.859428 0.001859428 3.61656805
845 3054 1.85396641 0.00185396641 3.61420118
845 3054 1.85630151 0.00185630151 3.61420118
845 3056 1.85943546 0.00185943546 3.61656805
845 3056 1.85933822 0.00185933822 3.61656805
844 3047 1.84278497 0.00184278497 3.61018957
844 3047 1.84223233 0.00184223233 3.61018957
844 3047 1.84246018 0.00184246018 3.61018957
844 3050 1.84161811 0.00184161811 3.61374408
844 3051 1.8416108 0.0018416108 3.61492891
844 3053 1.8403009 0.0018403009 3.61729858
844 3054 1.82626272 0.00182626272 3.61848341
844 3049 1.8411101 0.0018411101 3.61255924
844 3051 1.83240396 0.00183240396 3.61492891
844 3051 1.82444947 0.00182444947 3.61492891
843 3040 1.82474028 0.00182474028 3.60616845
843 3040 1.80941229 0.00180941229 3.60616845
843 3043 1.83495108 0.00183495108 3.60972716
843 3043 1.83526167 0.00183526167 3.60972716
843 3048 1.82816268 0.00182816268 3.61565836
843 3047 1.8332699 0.0018332699 3.61447212
843 3044 1.83561554 0.00183561554 3.6109134
843 3042 1.82204044 0.00182204044 3.60854093
843 3039 1.82724227 0.00182724227 3.60498221
843 3040 1.83398917 0.00183398917 3.60616845
842 3034 1.82145631 0.00182145631 3.60332542
842 3036 1.80834357 0.00180834357 3.60570071
842 3036 1.84560961 0.00184560961 3.60570071
842 3040 1.85161385 0.00185161385 3.61045131
842 3039 1.84695225 0.00184695225 3.60926366
842 3039 1.8427981 0.0018427981 3.60926366
842 3039 1.85018324 0.00185018324 3.60926366
842 3041 1.85232891 0.00185232891 3.61163895
842 3039 1.85545461 0.00185545461 3.60926366
842 3038 1.85463365 0.00185463365 3.60807601
841 3032 1.84538543 0.00184538543 3.60523187
841 3030 1.84462079 0.00184462079 3.60285375
841 3028 1.84349424 0.00184349424 3.60047562
841 3032 1.8427084 0.0018427084 3.60523187
841 3033 1.84005901 0.00184005901 3.60642093
841 3033 1.83719832 0.00183719832 3.60642093
840 3024 1.83541847 0.00183541847 3.6
840 3026 1.82886181 0.00182886181 3.60238095
840 3028 1.83281528 0.00183281528 3.6047619
840 3024 1.85304725 0.00185304725 3.6
839 3015 1.84797424 0.00184797424 3.59356377
839 3016 1.85994359 0.00185994359 3.59475566
839 3013 1.87153939 0.00187153939 3.59117998
839 3015 1.866685 0.001866685 3.59356377
839 3015 1.86714221 0.00186714221 3.59356377
839 3011 1.8634288 0.0018634288 3.58879619
839 3015 1.86555288 0.00186555288 3.59356377
839 3012 1.86934475 0.00186934475 3.58998808
839 3012 1.8626532 0.0018626532 3.58998808
839 3018 1.86942435 0.00186942435 3.59713945
838 3007 1.8618692 0.0018618692 3.58830549
837 2999 1.85347626 0.00185347626 3.58303465
836 2993 1.84713349 0.00184713349 3.58014354
836 2996 1.84633005 0.00184633005 3.58373206
836 2999 1.85181195 0.00185181195 3.58732057
836 2997 1.85252419 0.00185252419 3.58492823
836 2990 1.84685265 0.00184685265 3.57655502
836 2994 1.8588912 0.0018588912 3.58133971
836 2994 1.85567694 0.00185567694 3.58133971
836 2997 1.85981085 0.00185981085 3.58492823
835 2992 1.85365504 0.00185365504 3.58323353
835 2991 1.87555934 0.00187555934 3.58203593
835 2995 1.87558526 0.00187558526 3.58682635
835 2993 1.87135717 0.00187135717 3.58443114
835 2998 1.8758024 0.0018758024 3.59041916
835 2991 1.87003412 0.00187003412 3.58203593
835 2996 1.87180691 0.00187180691 3.58802395
835 2992 1.87081665 0.00187081665 3.58323353
835 2993 1.87150785 0.00187150785 3.58443114
835 2998 1.87266317 0.00187266317 3.59041916
834 2988 1.86989796 0.00186989796 3.58273381
834 2984 1.8661599 0.0018661599 3.57793765
834 2989 1.8635754 0.0018635754 3.58393285
834 2991 1.87061028 0.00187061028 3.58633094
834 2993 1.87869493 0.00187869493 3.58872902
834 2997 1.88229577 0.00188229577 3.59352518
833 2992 1.87547427 0.00187547427 3.59183673
832 2987 1.86854311 0.00186854311 3.59014423
832 2990 1.86899862 0.00186899862 3.59375
832 2993 1.86440734 0.00186440734 3.59735577
831 2985 1.86218545 0.00186218545 3.59205776
830 2981 1.85617266 0.00185617266 3.59156627
829 2973 1.84912548 0.00184912548 3.58624849
829 2977 1.84282113 0.00184282113 3.59107358
829 2974 1.84755769 0.00184755769 3.58745476
829 2975 1.84849036 0.00184849036 3.58866104
829 2976 1.84490178 0.00184490178 3.58986731
829 2980 1.8450199 0.0018450199 3.5946924
829 2979 1.84492118 0.00184492118 3.59348613
829 2976 1.84746924 0.00184746924 3.58986731
828 2969 1.84210258 0.00184210258 3.58574879
828 2971 1.8353937 0.0018353937 3.58816425
828 2971 1.84474885 0.00184474885 3.58816425
828 2969 1.84608994 0.00184608994 3.58574879
828 2969 1.84786134 0.00184786134 3.58574879
828 2973 1.84412811 0.00184412811 3.59057971
828 2974 1.84238851 0.00184238851 3.59178744
828 2972 1.84613222 0.00184613222 3.58937198
827 2965 1.84255203 0.00184255203 3.58524788
827 2965 1.85889508 0.00185889508 3.58524788
826 2956 1.85236931 0.00185236931 3.57869249
826 2958 1.84786388 0.00184786388 3.5811138
825 2951 1.84573165 0.00184573165 3.5769697
825 2953 1.8387756 0.0018387756 3.57939394
825 2952 1.84627126 0.00184627126 3.57818182
825 2953 1.84186469 0.00184186469 3.57939394
825 2952 1.84286703 0.00184286703 3.57818182
825 2951 1.84821399 0.00184821399 3.5769697
824 2947 1.84135356 0.00184135356 3.57645631
824 2948 1.83531948 0.00183531948 3.5776699
823 2940 1.83479095 0.00183479095 3.57229648
823 2943 1.82866284 0.00182866284 3.57594168
823 2941 1.83092568 0.00183092568 3.57351154
823 2941 1.82934201 0.00182934201 3.57351154
823 2939 1.84066083 0.00184066083 3.57108141
823 2942 1.83668659 0.00183668659 3.57472661
822 2932 1.83539038 0.00183539038 3.56690998
821 2923 1.828503 0.001828503 3.56029233
821 2918 1.84381072 0.00184381072 3.55420219
821 2922 1.84215898 0.00184215898 3.5590743
820 2915 1.84173632 0.00184173632 3.55487805
820 2915 1.8348961 0.0018348961 3.55487805
820 2915 1.83931131 0.00183931131 3.55487805
819 2909 1.83437205 0.00183437205 3.55189255
817 2891 1.82695458 0.00182695458 3.53855569
816 2887 1.82622486 0.00182622486 3.5379902
816 2883 1.81993356 0.00181993356 3.53308824
816 2889 1.8202558 0.0018202558 3.54044118
816 2888 1.81995813 0.00181995813 3.53921569
816 2885 1.82438004 0.00182438004 3.53553922
815 2881 1.81991503 0.00181991503 3.53496933
814 2876 1.81269909 0.00181269909 3.53316953
813 2868 1.80569203 0.00180569203 3.52767528
812 2860 1.7983831 0.0017983831 3.52216749
812 2863 1.79286082 0.00179286082 3.52586207
812 2864 1.79273861 0.00179273861 3.5270936
811 2855 1.79120281 0.00179120281 3.52034525
811 2855 1.79302126 0.00179302126 3.52034525
811 2847 1.80553983 0.00180553983 3.51048089
811 2846 1.80385449 0.00180385449 3.50924784
810 2843 1.79895766 0.00179895766 3.50987654
810 2836 1.79188611 0.00179188611 3.50123457
810 2839 1.80582945 0.00180582945 3.50493827
810 2841 1.80164246 0.00180164246 3.50740741
810 2839 1.81765275 0.00181765275 3.50493827
810 2848 1.81747773 0.00181747773 3.51604938
810 2846 1.8140115 0.0018140115 3.51358025
810 2854 1.82351461 0.00182351461 3.52345679
810 2849 1.82377274 0.00182377274 3.51728395
809 2843 1.8192522 0.0018192522 3.51421508
808 2839 1.81378544 0.00181378544 3.51361386
808 2837 1.80799566 0.00180799566 3.51113861
808 2839 1.81330466 0.00181330466 3.51361386
808 2838 1.81168321 0.00181168321 3.51237624
808 2837 1.81213308 0.00181213308 3.51113861
808 2845 1.80862605 0.00180862605 3.5210396
808 2841 1.8092589 0.0018092589 3.51608911
808 2841 1.81465853 0.00181465853 3.51608911
808 2841 1.81862905 0.00181862905 3.51608911
807 2835 1.81320068 0.00181320068 3.51301115
806 2827 1.80716977 0.00180716977 3.50744417
806 2830 1.80863539 0.00180863539 3.51116625
806 2833 1.80200648 0.00180200648 3.51488834
806 2833 1.80499889 0.00180499889 3.51488834
806 2829 1.80817646 0.00180817646 3.50992556
806 2830 1.80794599 0.00180794599 3.51116625
806 2827 1.80529142 0.00180529142 3.50744417
805 2822 1.80245612 0.00180245612 3.50559006
805 2822 1.8008758 0.0018008758 3.50559006
805 2826 1.80132092 0.00180132092 3.51055901
804 2817 1.79591135 0.00179591135 3.50373134
804 2813 1.7943468 0.0017943468 3.49875622
804 2818 1.79563873 0.00179563873 3.50497512
804 2815 1.80014166 0.00180014166 3.50124378
803 2805 1.79345116 0.00179345116 3.49315068
803 2810 1.78661996 0.00178661996 3.49937733
802 2802 1.78676458 0.00178676458 3.49376559
802 2802 1.78721284 0.00178721284 3.49376559
802 2800 1.78881312 0.00178881312 3.49127182
801 2796 1.78189065 0.00178189065 3.4906367
800 2787 1.77405507 0.00177405507 3.48375
800 2787 1.77407348 0.00177407348 3.48375
800 2793 1.77414918 0.00177414918 3.49125
799 2785 1.77401819 0.00177401819 3.48560701
799 2785 1.77390133 0.00177390133 3.48560701
799 2785 1.77396768 0.00177396768 3.48560701
799 2785 1.774076 0.001774076 3.48560701
799 2785 1.77402556 0.00177402556 3.48560701
799 2785 1.7740226 0.0017740226 3.48560701
799 2785 1.77396094 0.00177396094 3.48560701
798 2776 1.76624836 0.00176624836 3.47869674
798 2776 1.76633064 0.00176633064 3.47869674
798 2776 1.76631738 0.00176631738 3.47869674
798 2776 1.76621612 0.00176621612 3.47869674
798 2780 1.76596797 0.00176596797 3.48370927
798 2776 1.76634385 0.00176634385 3.47869674
798 2780 1.76598853 0.00176598853 3.48370927
798 2780 1.76627798 0.00176627798 3.48370927
798 2776 1.76638142 0.00176638142 3.47869674
798 2776 1.76613881 0.00176613881 3.47869674
797 2771 1.75818537 0.00175818537 3.47678795
797 2771 1.75827427 0.00175827427 3.47678795
797 2771 1.7582809 0.0017582809 3.47678795
797 2771 1.7581723 0.0017581723 3.47678795
797 2771 1.75833186 0.00175833186 3.47678795
797 2771 1.75832824 0.00175832824 3.47678795
797 2771 1.7582047 0.0017582047 3.47678795
797 2771 1.75814381 0.00175814381 3.47678795
797 2771 1.75844566 0.00175844566 3.47678795
797 2771 1.75827064 0.00175827064 3.47678795
796 2766 1.75028429 0.00175028429 3.47487437
796 2765 1.75030233 0.00175030233 3.47361809
796 2765 1.75018287 0.00175018287 3.47361809
796 2765 1.75020393 0.00175020393 3.47361809
796 2765 1.75031086 0.00175031086 3.47361809
796 2765 1.75021108 0.00175021108 3.47361809
796 2765 1.75015818 0.00175015818 3.47361809
796 2765 1.75021509 0.00175021509 3.47361809
796 2765 1.75023126 0.00175023126 3.47361809
796 2765 1.75038928 0.00175038928 3.47361809
795 2760 1.74236728 0.00174236728 3.47169811
795 2760 1.74232881 0.00174232881 3.47169811
795 2760 1.74219671 0.00174219671 3.47169811
795 2760 1.74216722 0.00174216722 3.47169811
795 2760 1.74245208 0.00174245208 3.47169811
795 2760 1.74277772 0.00174277772 3.47169811
795 2760 1.74254048 0.00174254048 3.47169811
795 2760 1.74265918 0.00174265918 3.47169811
795 2760 1.74247736 0.00174247736 3.47169811
795 2760 1.74266597 0.00174266597 3.47169811
794 2755 1.73456963 0.00173456963 3.4697733
794 2755 1.73462543 0.00173462543 3.4697733
794 2755 1.73429127 0.00173429127 3.4697733
794 2754 1.73403165 0.00173403165 3.46851385
794 2753 1.73660167 0.00173660167 3.46725441
794 2751 1.731589 0.001731589 3.46473552
794 2751 1.73806933 0.00173806933 3.46473552
794 2745 1.74020008 0.00174020008 3.45717884
794 2749 1.74097807 0.00174097807 3.46221662
793 2740 1.73579006 0.00173579006 3.45523329
792 2736 1.73282196 0.00173282196 3.45454545
791 2732 1.72737931 0.00172737931 3.45385588
791 2732 1.72709444 0.00172709444 3.45385588
791 2732 1.72716271 0.00172716271 3.45385588
791 2732 1.72706826 0.00172706826 3.45385588
791 2732 1.72745116 0.00172745116 3.45385588
791 2732 1.72735205 0.00172735205 3.45385588
791 2732 1.72724687 0.00172724687 3.45385588
791 2732 1.72723306 0.00172723306 3.45385588
791 2732 1.72727823 0.00172727823 3.45385588
790 2725 1.72017074 0.00172017074 3.44936709
790 2725 1.72005541 0.00172005541 3.44936709
790 2725 1.71989636 0.00171989636 3.44936709
790 2725 1.72010112 0.00172010112 3.44936709
790 2725 1.72039669 0.00172039669 3.44936709
790 2725 1.71991144 0.00171991144 3.44936709
790 2725 1.72005533 0.00172005533 3.44936709
790 2725 1.71993473 0.00171993473 3.44936709
790 2725 1.71965283 0.00171965283 3.44936709
790 2725 1.72010791 0.00172010791 3.44936709
789 2720 1.71299654 0.00171299654 3.44740177
789 2720 1.71299697 0.00171299697 3.44740177
789 2720 1.71293765 0.00171293765 3.44740177
789 2720 1.71318755 0.00171318755 3.44740177
789 2720 1.71320264 0.00171320264 3.44740177
789 2720 1.71289258 0.00171289258 3.44740177
789 2720 1.71296379 0.00171296379 3.44740177
789 2720 1.71271615 0.00171271615 3.44740177
789 2720 1.71318345 0.00171318345 3.44740177
789 2720 1.71270872 0.00171270872 3.44740177
788 2711 1.70529549 0.00170529549 3.44035533
788 2711 1.70561857 0.00170561857 3.44035533
788 2711 1.70534764 0.00170534764 3.44035533
788 2711 1.70557291 0.00170557291 3.44035533
788 2711 1.70582128 0.00170582128 3.44035533
788 2711 1.70590196 0.00170590196 3.44035533
788 2711 1.70544412 0.00170544412 3.44035533
788 2711 1.70596774 0.00170596774 3.44035533
788 2711 1.70591738 0.00170591738 3.44035533
788 2711 1.70564313 0.00170564313 3.44035533
787 2702 1.69841981 0.00169841981 3.43329098
787 2705 1.69833978 0.00169833978 3.43710292
787 2705 1.69807909 0.00169807909 3.43710292
787 2708 1.69858725 0.00169858725 3.44091487
787 2708 1.69640462 0.00169640462 3.44091487
787 2706 1.69931073 0.00169931073 3.43837357
787 2707 1.70446527 0.00170446527 3.43964422
787 2711 1.70451007 0.00170451007 3.44472681
786 2706 1.69939362 0.00169939362 3.44274809
786 2711 1.6978703 0.0016978703 3.44910941
785 2704 1.69457716 0.00169457716 3.44458599
785 2703 1.69819827 0.00169819827 3.4433121
785 2702 1.70077486 0.00170077486 3.44203822
784 2692 1.69612349 0.00169612349 3.43367347
784 2694 1.68889494 0.00168889494 3.43622449
784 2692 1.6961037 0.0016961037 3.43367347
784 2692 1.69677665 0.00169677665 3.43367347
784 2690 1.69388745 0.00169388745 3.43112245
SP does not find any fixed points -> SP does not converge.
I am sorry I quit :(
