START ALGORITHM:
I am going to build an instance with N: 1000 variables and 4200 clauses with a clause density equal to 4.2
START BSP WITH r=0.9:
Decimation scorer: pol
END UNIT PROPAGATION
1000 4200 2.87550251 0.00287550251 4.2
1000 4200 2.87492149 0.00287492149 4.2
1000 4200 2.87494502 0.00287494502 4.2
1000 4200 2.87554317 0.00287554317 4.2
1000 4200 2.87570922 0.00287570922 4.2
1000 4200 2.87540296 0.00287540296 4.2
1000 4200 2.87542742 0.00287542742 4.2
1000 4200 2.87562968 0.00287562968 4.2
1000 4200 2.87576164 0.00287576164 4.2
999 4191 2.8703018 0.0028703018 4.1951952
999 4191 2.87011426 0.00287011426 4.1951952
999 4191 2.8701797 0.0028701797 4.1951952
999 4191 2.87012239 0.00287012239 4.1951952
999 4191 2.87023268 0.00287023268 4.1951952
999 4191 2.87022312 0.00287022312 4.1951952
999 4191 2.87021116 0.00287021116 4.1951952
999 4191 2.87019683 0.00287019683 4.1951952
999 4191 2.87018082 0.00287018082 4.1951952
999 4191 2.87018412 0.00287018412 4.1951952
998 4183 2.86436444 0.00286436444 4.19138277
998 4183 2.86439663 0.00286439663 4.19138277
998 4183 2.86445781 0.00286445781 4.19138277
998 4183 2.86449636 0.00286449636 4.19138277
998 4183 2.86449699 0.00286449699 4.19138277
998 4183 2.8644421 0.0028644421 4.19138277
998 4183 2.86437635 0.00286437635 4.19138277
998 4183 2.86432726 0.00286432726 4.19138277
998 4183 2.86432743 0.00286432743 4.19138277
998 4183 2.86432906 0.00286432906 4.19138277
997 4173 2.85286146 0.00285286146 4.18555667
997 4169 2.85223204 0.00285223204 4.18154463
997 4167 2.8490527 0.0028490527 4.17953862
997 4167 2.84924753 0.00284924753 4.17953862
997 4167 2.84917158 0.00284917158 4.17953862
997 4167 2.8491675 0.0028491675 4.17953862
997 4167 2.84913169 0.00284913169 4.17953862
997 4167 2.84914636 0.00284914636 4.17953862
997 4167 2.8491319 0.0028491319 4.17953862
997 4167 2.84913189 0.00284913189 4.17953862
996 4159 2.84333076 0.00284333076 4.17570281
996 4159 2.8433513 0.0028433513 4.17570281
996 4159 2.84336078 0.00284336078 4.17570281
996 4159 2.84336593 0.00284336593 4.17570281
996 4159 2.84336875 0.00284336875 4.17570281
996 4159 2.84337108 0.00284337108 4.17570281
996 4159 2.84336804 0.00284336804 4.17570281
996 4159 2.84337385 0.00284337385 4.17570281
996 4159 2.8433783 0.0028433783 4.17570281
996 4159 2.84337953 0.00284337953 4.17570281
995 4148 2.83831527 0.00283831527 4.16884422
995 4148 2.83829094 0.00283829094 4.16884422
995 4148 2.8382068 0.0028382068 4.16884422
995 4148 2.83821794 0.00283821794 4.16884422
995 4148 2.83821927 0.00283821927 4.16884422
995 4148 2.83823262 0.00283823262 4.16884422
995 4148 2.83822652 0.00283822652 4.16884422
995 4148 2.83822736 0.00283822736 4.16884422
995 4148 2.83821747 0.00283821747 4.16884422
995 4148 2.83822188 0.00283822188 4.16884422
994 4132 2.83066909 0.00283066909 4.15694165
994 4132 2.83068672 0.00283068672 4.15694165
994 4132 2.83082557 0.00283082557 4.15694165
994 4132 2.83094918 0.00283094918 4.15694165
994 4132 2.83107305 0.00283107305 4.15694165
994 4132 2.83113541 0.00283113541 4.15694165
994 4132 2.83114263 0.00283114263 4.15694165
994 4132 2.83117473 0.00283117473 4.15694165
994 4132 2.83120466 0.00283120466 4.15694165
994 4132 2.83123632 0.00283123632 4.15694165
993 4124 2.8184567 0.0028184567 4.1530715
993 4124 2.81815869 0.00281815869 4.1530715
993 4124 2.81814105 0.00281814105 4.1530715
993 4124 2.81806844 0.00281806844 4.1530715
993 4124 2.81800885 0.00281800885 4.1530715
993 4124 2.81801912 0.00281801912 4.1530715
993 4124 2.81802273 0.00281802273 4.1530715
993 4124 2.81801293 0.00281801293 4.1530715
993 4124 2.81801247 0.00281801247 4.1530715
993 4124 2.81801153 0.00281801153 4.1530715
992 4109 2.81038375 0.00281038375 4.1421371
992 4109 2.810325 0.002810325 4.1421371
992 4109 2.81035955 0.00281035955 4.1421371
992 4109 2.81035358 0.00281035358 4.1421371
992 4109 2.81030284 0.00281030284 4.1421371
992 4109 2.81031809 0.00281031809 4.1421371
992 4109 2.81025798 0.00281025798 4.1421371
992 4109 2.81027759 0.00281027759 4.1421371
992 4109 2.81030667 0.00281030667 4.1421371
992 4109 2.81035583 0.00281035583 4.1421371
991 4101 2.80353514 0.00280353514 4.1382442
991 4097 2.79825832 0.00279825832 4.13420787
991 4104 2.80016108 0.00280016108 4.14127144
991 4104 2.80021087 0.00280021087 4.14127144
991 4104 2.8001911 0.0028001911 4.14127144
991 4104 2.80019216 0.00280019216 4.14127144
991 4104 2.80021326 0.00280021326 4.14127144
991 4104 2.80023084 0.00280023084 4.14127144
991 4104 2.80024247 0.00280024247 4.14127144
991 4104 2.80024822 0.00280024822 4.14127144
990 4089 2.79253047 0.00279253047 4.13030303
990 4089 2.79251433 0.00279251433 4.13030303
990 4089 2.79250817 0.00279250817 4.13030303
990 4089 2.79250609 0.00279250609 4.13030303
990 4089 2.79249692 0.00279249692 4.13030303
990 4089 2.79247841 0.00279247841 4.13030303
990 4089 2.7924693 0.0027924693 4.13030303
990 4089 2.79246744 0.00279246744 4.13030303
990 4089 2.79246017 0.00279246017 4.13030303
990 4089 2.79245913 0.00279245913 4.13030303
989 4083 2.78725879 0.00278725879 4.12841254
989 4083 2.78720574 0.00278720574 4.12841254
989 4083 2.78717532 0.00278717532 4.12841254
989 4083 2.78709294 0.00278709294 4.12841254
989 4083 2.78705521 0.00278705521 4.12841254
989 4083 2.78703728 0.00278703728 4.12841254
989 4083 2.78701693 0.00278701693 4.12841254
989 4083 2.78702646 0.00278702646 4.12841254
989 4083 2.78702207 0.00278702207 4.12841254
989 4083 2.78702765 0.00278702765 4.12841254
988 4073 2.77486161 0.00277486161 4.12246964
988 4073 2.7752478 0.0027752478 4.12246964
988 4073 2.77527845 0.00277527845 4.12246964
988 4073 2.77504432 0.00277504432 4.12246964
988 4073 2.77496743 0.00277496743 4.12246964
988 4073 2.77496345 0.00277496345 4.12246964
988 4073 2.77495809 0.00277495809 4.12246964
988 4073 2.77497858 0.00277497858 4.12246964
988 4073 2.77493464 0.00277493464 4.12246964
988 4073 2.77491372 0.00277491372 4.12246964
987 4067 2.75883454 0.00275883454 4.12056738
987 4067 2.75887564 0.00275887564 4.12056738
987 4067 2.75897596 0.00275897596 4.12056738
987 4067 2.75904569 0.00275904569 4.12056738
987 4067 2.75908912 0.00275908912 4.12056738
987 4067 2.7591408 0.0027591408 4.12056738
987 4067 2.75915031 0.00275915031 4.12056738
987 4067 2.75914967 0.00275914967 4.12056738
987 4067 2.75914753 0.00275914753 4.12056738
987 4067 2.75914563 0.00275914563 4.12056738
986 4055 2.75011229 0.00275011229 4.11257606
986 4055 2.74992326 0.00274992326 4.11257606
986 4055 2.74995758 0.00274995758 4.11257606
986 4055 2.75016336 0.00275016336 4.11257606
986 4055 2.75032415 0.00275032415 4.11257606
986 4055 2.75040582 0.00275040582 4.11257606
986 4055 2.75040675 0.00275040675 4.11257606
986 4055 2.75037228 0.00275037228 4.11257606
986 4055 2.75034397 0.00275034397 4.11257606
986 4055 2.75032826 0.00275032826 4.11257606
985 4045 2.7371901 0.0027371901 4.10659898
985 4045 2.736703 0.002736703 4.10659898
985 4045 2.73689189 0.00273689189 4.10659898
985 4045 2.73690007 0.00273690007 4.10659898
985 4045 2.7368826 0.0027368826 4.10659898
985 4045 2.73700018 0.00273700018 4.10659898
985 4045 2.73697212 0.00273697212 4.10659898
985 4045 2.7369163 0.0027369163 4.10659898
985 4045 2.73695656 0.00273695656 4.10659898
985 4045 2.73693855 0.00273693855 4.10659898
984 4037 2.72630673 0.00272630673 4.10264228
984 4037 2.72640895 0.00272640895 4.10264228
984 4037 2.72664891 0.00272664891 4.10264228
984 4037 2.72665237 0.00272665237 4.10264228
984 4037 2.72653513 0.00272653513 4.10264228
984 4037 2.7265942 0.0027265942 4.10264228
984 4037 2.72659499 0.00272659499 4.10264228
984 4037 2.72662537 0.00272662537 4.10264228
984 4037 2.72662978 0.00272662978 4.10264228
984 4037 2.72662761 0.00272662761 4.10264228
983 4030 2.70308987 0.00270308987 4.09969481
983 4030 2.70215872 0.00270215872 4.09969481
983 4030 2.70301205 0.00270301205 4.09969481
983 4030 2.70271701 0.00270271701 4.09969481
983 4030 2.70263332 0.00270263332 4.09969481
983 4030 2.70271704 0.00270271704 4.09969481
983 4030 2.70266955 0.00270266955 4.09969481
983 4030 2.7027832 0.0027027832 4.09969481
983 4030 2.70280972 0.00270280972 4.09969481
983 4030 2.70279059 0.00270279059 4.09969481
982 4022 2.69088532 0.00269088532 4.09572301
982 4022 2.69093768 0.00269093768 4.09572301
982 4022 2.69069242 0.00269069242 4.09572301
982 4022 2.69080188 0.00269080188 4.09572301
982 4022 2.6908234 0.0026908234 4.09572301
982 4022 2.6908293 0.0026908293 4.09572301
982 4022 2.6908163 0.0026908163 4.09572301
982 4022 2.69080508 0.00269080508 4.09572301
982 4022 2.69079398 0.00269079398 4.09572301
982 4022 2.6907866 0.0026907866 4.09572301
981 4013 2.68505137 0.00268505137 4.09072375
981 4013 2.68516772 0.00268516772 4.09072375
981 4013 2.68506936 0.00268506936 4.09072375
981 4013 2.6850219 0.0026850219 4.09072375
981 4013 2.68487827 0.00268487827 4.09072375
981 4013 2.68497277 0.00268497277 4.09072375
981 4013 2.68487476 0.00268487476 4.09072375
981 4013 2.68497693 0.00268497693 4.09072375
981 4013 2.684846 0.002684846 4.09072375
981 4013 2.68496618 0.00268496618 4.09072375
980 4002 2.66576567 0.00266576567 4.08367347
980 4001 2.66750121 0.00266750121 4.08265306
980 4002 2.66593753 0.00266593753 4.08367347
980 4002 2.66544146 0.00266544146 4.08367347
980 4002 2.66544073 0.00266544073 4.08367347
980 4002 2.6656307 0.0026656307 4.08367347
980 4002 2.66566276 0.00266566276 4.08367347
980 4002 2.66560488 0.00266560488 4.08367347
980 4002 2.66582544 0.00266582544 4.08367347
980 4002 2.66569406 0.00266569406 4.08367347
979 3998 2.65265671 0.00265265671 4.08375894
979 3990 2.64723197 0.00264723197 4.07558733
979 3990 2.64715211 0.00264715211 4.07558733
979 3990 2.64733566 0.00264733566 4.07558733
979 3990 2.65341127 0.00265341127 4.07558733
979 3990 2.65323705 0.00265323705 4.07558733
979 3990 2.65356162 0.00265356162 4.07558733
979 3990 2.65338117 0.00265338117 4.07558733
979 3990 2.65357902 0.00265357902 4.07558733
979 3990 2.65334117 0.00265334117 4.07558733
978 3978 2.63528542 0.00263528542 4.06748466
978 3978 2.63525163 0.00263525163 4.06748466
978 3986 2.6406484 0.0026406484 4.07566462
978 3978 2.63510759 0.00263510759 4.06748466
978 3978 2.63539639 0.00263539639 4.06748466
978 3978 2.63508356 0.00263508356 4.06748466
978 3978 2.63509379 0.00263509379 4.06748466
978 3978 2.63516072 0.00263516072 4.06748466
978 3983 2.63160261 0.00263160261 4.07259714
978 3978 2.63485124 0.00263485124 4.06748466
977 3972 2.61401568 0.00261401568 4.06550665
977 3974 2.62220496 0.00262220496 4.06755374
977 3980 2.61361965 0.00261361965 4.07369498
977 3980 2.61367638 0.00261367638 4.07369498
977 3980 2.61385876 0.00261385876 4.07369498
977 3980 2.61341005 0.00261341005 4.07369498
977 3980 2.61346975 0.00261346975 4.07369498
977 3980 2.61360924 0.00261360924 4.07369498
977 3980 2.61381189 0.00261381189 4.07369498
977 3980 2.61385804 0.00261385804 4.07369498
976 3968 2.60173291 0.00260173291 4.06557377
976 3968 2.60134174 0.00260134174 4.06557377
976 3968 2.60137713 0.00260137713 4.06557377
976 3968 2.6014184 0.0026014184 4.06557377
976 3968 2.60136921 0.00260136921 4.06557377
976 3968 2.60137608 0.00260137608 4.06557377
976 3968 2.60151974 0.00260151974 4.06557377
976 3968 2.60112025 0.00260112025 4.06557377
976 3968 2.60119181 0.00260119181 4.06557377
976 3968 2.6015191 0.0026015191 4.06557377
975 3957 2.58231784 0.00258231784 4.05846154
975 3957 2.58335227 0.00258335227 4.05846154
975 3957 2.58219133 0.00258219133 4.05846154
975 3957 2.58218187 0.00258218187 4.05846154
975 3957 2.58235001 0.00258235001 4.05846154
975 3957 2.58246021 0.00258246021 4.05846154
975 3957 2.58250719 0.00258250719 4.05846154
975 3957 2.5825266 0.0025825266 4.05846154
975 3957 2.58257386 0.00258257386 4.05846154
975 3957 2.58256121 0.00258256121 4.05846154
974 3947 2.56815377 0.00256815377 4.0523614
974 3947 2.55369192 0.00255369192 4.0523614
974 3948 2.56115686 0.00256115686 4.05338809
974 3948 2.56105083 0.00256105083 4.05338809
974 3948 2.56142292 0.00256142292 4.05338809
974 3948 2.56074396 0.00256074396 4.05338809
974 3948 2.56146984 0.00256146984 4.05338809
974 3948 2.56127132 0.00256127132 4.05338809
974 3948 2.56139733 0.00256139733 4.05338809
974 3948 2.5613998 0.0025613998 4.05338809
973 3940 2.53997106 0.00253997106 4.04933196
973 3940 2.53927273 0.00253927273 4.04933196
973 3940 2.53972957 0.00253972957 4.04933196
973 3940 2.53957063 0.00253957063 4.04933196
973 3940 2.53942031 0.00253942031 4.04933196
973 3940 2.53892752 0.00253892752 4.04933196
973 3940 2.53946731 0.00253946731 4.04933196
973 3940 2.53874645 0.00253874645 4.04933196
973 3940 2.53919064 0.00253919064 4.04933196
973 3940 2.53956392 0.00253956392 4.04933196
972 3933 2.52045863 0.00252045863 4.0462963
972 3933 2.52139856 0.00252139856 4.0462963
972 3933 2.52057043 0.00252057043 4.0462963
972 3933 2.52061606 0.00252061606 4.0462963
972 3933 2.52068632 0.00252068632 4.0462963
972 3933 2.52057872 0.00252057872 4.0462963
972 3933 2.5205823 0.0025205823 4.0462963
972 3933 2.52075514 0.00252075514 4.0462963
972 3933 2.52068046 0.00252068046 4.0462963
972 3933 2.52064458 0.00252064458 4.0462963
971 3928 2.5106859 0.0025106859 4.04531411
971 3928 2.51077698 0.00251077698 4.04531411
971 3928 2.51054208 0.00251054208 4.04531411
971 3928 2.51065388 0.00251065388 4.04531411
971 3928 2.51065605 0.00251065605 4.04531411
971 3928 2.51082725 0.00251082725 4.04531411
971 3928 2.51091205 0.00251091205 4.04531411
971 3928 2.51099342 0.00251099342 4.04531411
971 3928 2.51102649 0.00251102649 4.04531411
971 3928 2.51108784 0.00251108784 4.04531411
970 3917 2.49215766 0.00249215766 4.03814433
970 3917 2.49152778 0.00249152778 4.03814433
970 3917 2.4917609 0.0024917609 4.03814433
970 3917 2.49196071 0.00249196071 4.03814433
970 3917 2.49173153 0.00249173153 4.03814433
970 3917 2.49182696 0.00249182696 4.03814433
970 3917 2.49179752 0.00249179752 4.03814433
970 3917 2.49178876 0.00249178876 4.03814433
970 3917 2.49183478 0.00249183478 4.03814433
970 3917 2.49181849 0.00249181849 4.03814433
969 3903 2.48489235 0.00248489235 4.02786378
969 3903 2.48489014 0.00248489014 4.02786378
969 3909 2.47109961 0.00247109961 4.03405573
969 3903 2.48520962 0.00248520962 4.02786378
969 3903 2.48466087 0.00248466087 4.02786378
969 3903 2.48514534 0.00248514534 4.02786378
969 3906 2.48355075 0.00248355075 4.03095975
969 3906 2.48316364 0.00248316364 4.03095975
969 3906 2.48356719 0.00248356719 4.03095975
969 3906 2.48361845 0.00248361845 4.03095975
968 3895 2.46450485 0.00246450485 4.02376033
968 3895 2.46408707 0.00246408707 4.02376033
968 3895 2.46369548 0.00246369548 4.02376033
968 3895 2.46413135 0.00246413135 4.02376033
968 3895 2.46415447 0.00246415447 4.02376033
968 3895 2.46369191 0.00246369191 4.02376033
968 3895 2.46366799 0.00246366799 4.02376033
968 3895 2.46373303 0.00246373303 4.02376033
968 3895 2.46383037 0.00246383037 4.02376033
968 3895 2.46384886 0.00246384886 4.02376033
967 3886 2.44269588 0.00244269588 4.01861427
967 3885 2.42717877 0.00242717877 4.01758014
967 3886 2.44380983 0.00244380983 4.01861427
967 3886 2.44381588 0.00244381588 4.01861427
967 3886 2.4432602 0.0024432602 4.01861427
967 3886 2.44264505 0.00244264505 4.01861427
967 3886 2.44211972 0.00244211972 4.01861427
967 3890 2.450544 0.002450544 4.02275078
967 3887 2.42935451 0.00242935451 4.0196484
967 3887 2.43039889 0.00243039889 4.0196484
966 3880 2.41926746 0.00241926746 4.01656315
966 3880 2.41936226 0.00241936226 4.01656315
966 3886 2.43392115 0.00243392115 4.02277433
966 3880 2.41977204 0.00241977204 4.01656315
966 3890 2.41076716 0.00241076716 4.02691511
966 3883 2.41570932 0.00241570932 4.01966874
966 3883 2.42802441 0.00242802441 4.01966874
966 3879 2.42402153 0.00242402153 4.01552795
966 3877 2.42215645 0.00242215645 4.01345756
966 3879 2.43034618 0.00243034618 4.01552795
965 3872 2.4138587 0.0024138587 4.01243523
965 3872 2.41389575 0.00241389575 4.01243523
965 3872 2.41381868 0.00241381868 4.01243523
965 3872 2.41359779 0.00241359779 4.01243523
965 3872 2.41349378 0.00241349378 4.01243523
965 3872 2.41343569 0.00241343569 4.01243523
965 3872 2.41344389 0.00241344389 4.01243523
965 3872 2.41341787 0.00241341787 4.01243523
965 3872 2.4133799 0.0024133799 4.01243523
965 3872 2.41336066 0.00241336066 4.01243523
964 3868 2.40022738 0.00240022738 4.01244813
964 3861 2.38558334 0.00238558334 4.00518672
964 3868 2.4006959 0.0024006959 4.01244813
964 3866 2.38817991 0.00238817991 4.01037344
964 3864 2.38341669 0.00238341669 4.00829876
964 3869 2.38502337 0.00238502337 4.01348548
964 3867 2.39471511 0.00239471511 4.01141079
964 3865 2.39642951 0.00239642951 4.0093361
964 3863 2.4022722 0.0024022722 4.00726141
964 3856 2.39075565 0.00239075565 4
963 3852 2.38305403 0.00238305403 4
963 3856 2.38146428 0.00238146428 4.00415369
963 3860 2.39349591 0.00239349591 4.00830737
963 3856 2.41292861 0.00241292861 4.00415369
963 3856 2.41448598 0.00241448598 4.00415369
963 3857 2.41078089 0.00241078089 4.00519211
963 3856 2.64054139 0.00264054139 4.00415369
963 3854 2.63668834 0.00263668834 4.00207684
963 3855 2.63665567 0.00263665567 4.00311526
963 3852 2.63945791 0.00263945791 4
962 3837 2.63741392 0.00263741392 3.98856549
962 3841 2.63588442 0.00263588442 3.99272349
962 3841 2.64107796 0.00264107796 3.99272349
962 3844 2.64044502 0.00264044502 3.995842
962 3846 2.64264946 0.00264264946 3.997921
962 3847 2.6410844 0.0026410844 3.9989605
962 3845 2.64003671 0.00264003671 3.9968815
962 3848 2.64157505 0.00264157505 4
962 3847 2.64252314 0.00264252314 3.9989605
962 3848 2.64346439 0.00264346439 4
961 3841 2.64052378 0.00264052378 3.99687825
961 3841 2.6410356 0.0026410356 3.99687825
960 3833 2.63952669 0.00263952669 3.99270833
960 3834 2.63837649 0.00263837649 3.99375
960 3836 2.65138607 0.00265138607 3.99583333
960 3837 2.65080782 0.00265080782 3.996875
960 3841 2.65217658 0.00265217658 4.00104167
960 3842 2.64788253 0.00264788253 4.00208333
960 3836 2.64889992 0.00264889992 3.99583333
960 3840 2.65033068 0.00265033068 4
959 3830 2.6480367 0.0026480367 3.99374348
959 3830 2.64728729 0.00264728729 3.99374348
959 3824 2.64356666 0.00264356666 3.98748697
959 3830 2.64679253 0.00264679253 3.99374348
959 3824 2.64511788 0.00264511788 3.98748697
959 3829 2.66715714 0.00266715714 3.99270073
959 3836 2.66584839 0.00266584839 4
959 3833 2.68433538 0.00268433538 3.99687174
959 3836 2.69086676 0.00269086676 4
959 3838 2.71656988 0.00271656988 4.00208551
958 3831 2.71309995 0.00271309995 3.99895616
958 3838 2.71319472 0.00271319472 4.00626305
958 3834 2.71239182 0.00271239182 4.00208768
958 3833 2.74011928 0.00274011928 4.00104384
958 3830 2.74009915 0.00274009915 3.99791232
958 3834 2.7557253 0.0027557253 4.00208768
958 3838 2.75806321 0.00275806321 4.00626305
958 3839 2.7553199 0.0027553199 4.00730689
958 3838 2.75809634 0.00275809634 4.00626305
958 3838 2.75812109 0.00275812109 4.00626305
957 3831 2.75799274 0.00275799274 4.0031348
957 3831 2.75802592 0.00275802592 4.0031348
957 3831 2.75800972 0.00275800972 4.0031348
957 3831 2.7579788 0.0027579788 4.0031348
957 3830 2.75517471 0.00275517471 4.00208986
957 3831 2.75804857 0.00275804857 4.0031348
957 3831 2.7580675 0.0027580675 4.0031348
957 3831 2.75806816 0.00275806816 4.0031348
957 3831 2.75803029 0.00275803029 4.0031348
957 3831 2.75803431 0.00275803431 4.0031348
956 3823 2.75510387 0.00275510387 3.99895397
956 3823 2.7551157 0.0027551157 3.99895397
956 3823 2.75511885 0.00275511885 3.99895397
956 3823 2.75510724 0.00275510724 3.99895397
956 3823 2.75513077 0.00275513077 3.99895397
956 3823 2.75513056 0.00275513056 3.99895397
956 3823 2.75512737 0.00275512737 3.99895397
956 3823 2.75513322 0.00275513322 3.99895397
956 3823 2.75513156 0.00275513156 3.99895397
956 3823 2.75512878 0.00275512878 3.99895397
955 3816 2.75281021 0.00275281021 3.99581152
955 3816 2.75284736 0.00275284736 3.99581152
955 3816 2.75283757 0.00275283757 3.99581152
955 3816 2.7528312 0.0027528312 3.99581152
955 3816 2.7528293 0.0027528293 3.99581152
955 3816 2.75282599 0.00275282599 3.99581152
955 3816 2.75282796 0.00275282796 3.99581152
955 3816 2.75282841 0.00275282841 3.99581152
955 3816 2.7528289 0.0027528289 3.99581152
955 3816 2.75282824 0.00275282824 3.99581152
954 3805 2.75202753 0.00275202753 3.9884696
954 3805 2.75199239 0.00275199239 3.9884696
954 3805 2.75202549 0.00275202549 3.9884696
954 3805 2.7520014 0.0027520014 3.9884696
954 3805 2.75207007 0.00275207007 3.9884696
954 3805 2.75202952 0.00275202952 3.9884696
954 3805 2.7520212 0.0027520212 3.9884696
954 3805 2.75203282 0.00275203282 3.9884696
954 3805 2.75201559 0.00275201559 3.9884696
954 3805 2.7520446 0.0027520446 3.9884696
953 3796 2.747807 0.002747807 3.98321091
953 3796 2.74781578 0.00274781578 3.98321091
953 3796 2.74780992 0.00274780992 3.98321091
953 3796 2.74709417 0.00274709417 3.98321091
953 3801 2.74532163 0.00274532163 3.9884575
953 3803 2.74166934 0.00274166934 3.99055614
952 3794 2.73724893 0.00273724893 3.98529412
952 3794 2.73725826 0.00273725826 3.98529412
952 3794 2.73719574 0.00273719574 3.98529412
952 3794 2.73718582 0.00273718582 3.98529412
951 3783 2.7364891 0.0027364891 3.97791798
951 3783 2.73655228 0.00273655228 3.97791798
951 3783 2.73651078 0.00273651078 3.97791798
951 3783 2.73649117 0.00273649117 3.97791798
951 3783 2.73651941 0.00273651941 3.97791798
951 3783 2.73652118 0.00273652118 3.97791798
951 3783 2.7365715 0.0027365715 3.97791798
951 3783 2.7365639 0.0027365639 3.97791798
951 3786 2.73455298 0.00273455298 3.98107256
951 3783 2.73652857 0.00273652857 3.97791798
950 3775 2.73381612 0.00273381612 3.97368421
950 3775 2.73382675 0.00273382675 3.97368421
950 3775 2.73383567 0.00273383567 3.97368421
950 3775 2.73386901 0.00273386901 3.97368421
950 3775 2.73389459 0.00273389459 3.97368421
950 3775 2.73390659 0.00273390659 3.97368421
950 3775 2.73391031 0.00273391031 3.97368421
950 3775 2.73390526 0.00273390526 3.97368421
950 3775 2.73389993 0.00273389993 3.97368421
950 3775 2.73390172 0.00273390172 3.97368421
949 3768 2.73065962 0.00273065962 3.97049526
949 3768 2.73067017 0.00273067017 3.97049526
949 3767 2.73238321 0.00273238321 3.96944152
949 3768 2.73068955 0.00273068955 3.97049526
949 3768 2.73068417 0.00273068417 3.97049526
949 3768 2.73069092 0.00273069092 3.97049526
949 3768 2.73068291 0.00273068291 3.97049526
949 3768 2.7307003 0.0027307003 3.97049526
949 3767 2.73239709 0.00273239709 3.96944152
949 3768 2.73068396 0.00273068396 3.97049526
948 3760 2.7292034 0.0027292034 3.96624473
948 3760 2.729227 0.002729227 3.96624473
948 3760 2.72920302 0.00272920302 3.96624473
948 3760 2.72917356 0.00272917356 3.96624473
948 3760 2.72918272 0.00272918272 3.96624473
948 3760 2.7291957 0.0027291957 3.96624473
948 3760 2.72924208 0.00272924208 3.96624473
948 3760 2.7292712 0.0027292712 3.96624473
948 3760 2.72925735 0.00272925735 3.96624473
948 3760 2.72925093 0.00272925093 3.96624473
947 3751 2.72522892 0.00272522892 3.96092925
947 3751 2.72521632 0.00272521632 3.96092925
947 3751 2.72522633 0.00272522633 3.96092925
947 3751 2.72521266 0.00272521266 3.96092925
947 3751 2.72524627 0.00272524627 3.96092925
947 3751 2.72524916 0.00272524916 3.96092925
947 3751 2.72524543 0.00272524543 3.96092925
947 3751 2.72523936 0.00272523936 3.96092925
947 3751 2.72524394 0.00272524394 3.96092925
947 3751 2.72525432 0.00272525432 3.96092925
946 3737 2.72064452 0.00272064452 3.95031712
946 3737 2.72057873 0.00272057873 3.95031712
946 3737 2.72056288 0.00272056288 3.95031712
946 3737 2.72058388 0.00272058388 3.95031712
946 3737 2.72058342 0.00272058342 3.95031712
946 3737 2.72058783 0.00272058783 3.95031712
946 3737 2.72057275 0.00272057275 3.95031712
946 3737 2.72057778 0.00272057778 3.95031712
946 3737 2.72057621 0.00272057621 3.95031712
946 3737 2.72056927 0.00272056927 3.95031712
945 3729 2.71684379 0.00271684379 3.94603175
945 3729 2.71690652 0.00271690652 3.94603175
945 3729 2.71684887 0.00271684887 3.94603175
945 3729 2.71685466 0.00271685466 3.94603175
945 3729 2.71685714 0.00271685714 3.94603175
945 3729 2.71685869 0.00271685869 3.94603175
945 3729 2.71685408 0.00271685408 3.94603175
945 3729 2.71685265 0.00271685265 3.94603175
945 3729 2.71685457 0.00271685457 3.94603175
945 3729 2.71685167 0.00271685167 3.94603175
944 3719 2.70973679 0.00270973679 3.93961864
944 3722 2.71384028 0.00271384028 3.94279661
944 3719 2.70973094 0.00270973094 3.93961864
944 3722 2.71391287 0.00271391287 3.94279661
944 3722 2.71390979 0.00271390979 3.94279661
944 3722 2.71389433 0.00271389433 3.94279661
944 3722 2.71389263 0.00271389263 3.94279661
944 3722 2.71389571 0.00271389571 3.94279661
944 3722 2.71389075 0.00271389075 3.94279661
944 3722 2.71389238 0.00271389238 3.94279661
943 3712 2.70685495 0.00270685495 3.93637328
943 3712 2.70689212 0.00270689212 3.93637328
943 3712 2.70687021 0.00270687021 3.93637328
943 3712 2.70688649 0.00270688649 3.93637328
943 3712 2.70686668 0.00270686668 3.93637328
943 3712 2.70686303 0.00270686303 3.93637328
943 3712 2.70686741 0.00270686741 3.93637328
943 3712 2.70686876 0.00270686876 3.93637328
943 3712 2.70686996 0.00270686996 3.93637328
943 3712 2.70687117 0.00270687117 3.93637328
942 3708 2.70335938 0.00270335938 3.93630573
942 3708 2.70337722 0.00270337722 3.93630573
942 3708 2.7033155 0.0027033155 3.93630573
942 3708 2.70336344 0.00270336344 3.93630573
942 3708 2.70336231 0.00270336231 3.93630573
942 3708 2.70332258 0.00270332258 3.93630573
942 3708 2.70336987 0.00270336987 3.93630573
942 3708 2.70336113 0.00270336113 3.93630573
942 3708 2.7033354 0.0027033354 3.93630573
942 3708 2.703371 0.002703371 3.93630573
941 3701 2.70303475 0.00270303475 3.93304995
941 3701 2.70303941 0.00270303941 3.93304995
941 3701 2.7030606 0.0027030606 3.93304995
941 3701 2.70306723 0.00270306723 3.93304995
941 3701 2.7030572 0.0027030572 3.93304995
941 3701 2.70305702 0.00270305702 3.93304995
941 3701 2.70306178 0.00270306178 3.93304995
941 3701 2.70306535 0.00270306535 3.93304995
941 3701 2.70306666 0.00270306666 3.93304995
941 3701 2.70306658 0.00270306658 3.93304995
940 3691 2.69938589 0.00269938589 3.92659574
940 3691 2.69937032 0.00269937032 3.92659574
940 3691 2.69937208 0.00269937208 3.92659574
940 3691 2.69937139 0.00269937139 3.92659574
940 3691 2.69938421 0.00269938421 3.92659574
940 3691 2.69936156 0.00269936156 3.92659574
940 3691 2.69935725 0.00269935725 3.92659574
940 3691 2.69936431 0.00269936431 3.92659574
940 3691 2.69935899 0.00269935899 3.92659574
940 3691 2.69935796 0.00269935796 3.92659574
939 3681 2.69487904 0.00269487904 3.9201278
939 3683 2.69391274 0.00269391274 3.92225772
939 3683 2.69493314 0.00269493314 3.92225772
939 3683 2.6948546 0.0026948546 3.92225772
939 3683 2.69477345 0.00269477345 3.92225772
939 3683 2.69467857 0.00269467857 3.92225772
939 3683 2.69465019 0.00269465019 3.92225772
939 3683 2.69464943 0.00269464943 3.92225772
939 3683 2.69464605 0.00269464605 3.92225772
939 3683 2.69463178 0.00269463178 3.92225772
938 3676 2.6864265 0.0026864265 3.91897655
938 3680 2.68951702 0.00268951702 3.92324094
938 3680 2.68372485 0.00268372485 3.92324094
938 3680 2.68405746 0.00268405746 3.92324094
938 3683 2.68675054 0.00268675054 3.92643923
938 3680 2.68365153 0.00268365153 3.92324094
938 3681 2.68419504 0.00268419504 3.92430704
938 3687 2.68560568 0.00268560568 3.93070362
938 3683 2.68358145 0.00268358145 3.92643923
938 3682 2.68525098 0.00268525098 3.92537313
937 3673 2.68138698 0.00268138698 3.91995731
937 3673 2.6814036 0.0026814036 3.91995731
937 3673 2.68140005 0.00268140005 3.91995731
937 3673 2.68139533 0.00268139533 3.91995731
937 3673 2.68142092 0.00268142092 3.91995731
937 3673 2.68139955 0.00268139955 3.91995731
937 3673 2.68139258 0.00268139258 3.91995731
937 3673 2.68139498 0.00268139498 3.91995731
937 3673 2.68140335 0.00268140335 3.91995731
937 3673 2.68140552 0.00268140552 3.91995731
936 3666 2.68113838 0.00268113838 3.91666667
936 3666 2.68114475 0.00268114475 3.91666667
936 3666 2.68116336 0.00268116336 3.91666667
936 3666 2.68115229 0.00268115229 3.91666667
936 3666 2.6811553 0.0026811553 3.91666667
936 3666 2.68115815 0.00268115815 3.91666667
936 3666 2.68116104 0.00268116104 3.91666667
936 3666 2.68115683 0.00268115683 3.91666667
936 3666 2.6811615 0.0026811615 3.91666667
936 3666 2.68116741 0.00268116741 3.91666667
935 3662 2.67795636 0.00267795636 3.91657754
935 3662 2.67798854 0.00267798854 3.91657754
935 3662 2.67794421 0.00267794421 3.91657754
935 3662 2.67796355 0.00267796355 3.91657754
935 3662 2.67794568 0.00267794568 3.91657754
935 3662 2.67793581 0.00267793581 3.91657754
935 3662 2.67795795 0.00267795795 3.91657754
935 3662 2.67798665 0.00267798665 3.91657754
935 3662 2.67799543 0.00267799543 3.91657754
935 3662 2.67797766 0.00267797766 3.91657754
934 3653 2.67182172 0.00267182172 3.9111349
934 3653 2.67168475 0.00267168475 3.9111349
934 3653 2.67181209 0.00267181209 3.9111349
934 3653 2.67177556 0.00267177556 3.9111349
934 3653 2.67187114 0.00267187114 3.9111349
934 3653 2.67180133 0.00267180133 3.9111349
934 3653 2.67185026 0.00267185026 3.9111349
934 3653 2.67182517 0.00267182517 3.9111349
934 3653 2.67187576 0.00267187576 3.9111349
934 3653 2.67185075 0.00267185075 3.9111349
933 3644 2.66778172 0.00266778172 3.9056806
933 3644 2.66779267 0.00266779267 3.9056806
933 3645 2.66644003 0.00266644003 3.90675241
933 3646 2.66656056 0.00266656056 3.90782422
933 3645 2.66652247 0.00266652247 3.90675241
933 3645 2.66646602 0.00266646602 3.90675241
933 3646 2.66642999 0.00266642999 3.90782422
933 3645 2.66641664 0.00266641664 3.90675241
933 3645 2.66642196 0.00266642196 3.90675241
933 3645 2.6664439 0.0026664439 3.90675241
932 3638 2.6614654 0.0026614654 3.90343348
932 3638 2.66148649 0.00266148649 3.90343348
932 3638 2.66149957 0.00266149957 3.90343348
932 3638 2.66150653 0.00266150653 3.90343348
932 3638 2.66151772 0.00266151772 3.90343348
932 3638 2.6615378 0.0026615378 3.90343348
932 3638 2.66152215 0.00266152215 3.90343348
932 3638 2.6615296 0.0026615296 3.90343348
932 3638 2.66153274 0.00266153274 3.90343348
932 3638 2.66151666 0.00266151666 3.90343348
931 3629 2.65771751 0.00265771751 3.89795918
931 3629 2.65768903 0.00265768903 3.89795918
931 3629 2.65768512 0.00265768512 3.89795918
931 3629 2.65770338 0.00265770338 3.89795918
931 3629 2.65766419 0.00265766419 3.89795918
931 3629 2.65769167 0.00265769167 3.89795918
931 3629 2.65768742 0.00265768742 3.89795918
931 3629 2.65763527 0.00265763527 3.89795918
931 3629 2.65770953 0.00265770953 3.89795918
931 3629 2.65771892 0.00265771892 3.89795918
930 3624 2.65735137 0.00265735137 3.89677419
930 3624 2.65731994 0.00265731994 3.89677419
930 3624 2.65734788 0.00265734788 3.89677419
930 3617 2.65304249 0.00265304249 3.88924731
930 3624 2.65734868 0.00265734868 3.89677419
930 3624 2.65733206 0.00265733206 3.89677419
930 3624 2.65734052 0.00265734052 3.89677419
930 3624 2.65732966 0.00265732966 3.89677419
930 3624 2.65734076 0.00265734076 3.89677419
930 3624 2.65735111 0.00265735111 3.89677419
929 3618 2.65622158 0.00265622158 3.89451023
929 3612 2.65269263 0.00265269263 3.88805167
929 3612 2.65269738 0.00265269738 3.88805167
929 3618 2.65624543 0.00265624543 3.89451023
929 3618 2.65621647 0.00265621647 3.89451023
929 3618 2.6562305 0.0026562305 3.89451023
929 3612 2.65273299 0.00265273299 3.88805167
929 3618 2.65622761 0.00265622761 3.89451023
929 3618 2.65619909 0.00265619909 3.89451023
929 3618 2.65621315 0.00265621315 3.89451023
928 3606 2.65158785 0.00265158785 3.88577586
928 3606 2.65159547 0.00265159547 3.88577586
928 3606 2.65158402 0.00265158402 3.88577586
928 3606 2.65159781 0.00265159781 3.88577586
928 3606 2.65160354 0.00265160354 3.88577586
928 3606 2.65158668 0.00265158668 3.88577586
928 3606 2.65160523 0.00265160523 3.88577586
928 3606 2.65159432 0.00265159432 3.88577586
928 3606 2.65160056 0.00265160056 3.88577586
928 3606 2.65159953 0.00265159953 3.88577586
927 3596 2.64954875 0.00264954875 3.87918015
927 3596 2.64954873 0.00264954873 3.87918015
927 3596 2.64953098 0.00264953098 3.87918015
927 3596 2.6495403 0.0026495403 3.87918015
927 3596 2.6495324 0.0026495324 3.87918015
927 3596 2.64953348 0.00264953348 3.87918015
927 3596 2.64953953 0.00264953953 3.87918015
927 3596 2.64953369 0.00264953369 3.87918015
927 3596 2.64954334 0.00264954334 3.87918015
927 3596 2.64953571 0.00264953571 3.87918015
926 3592 2.64846621 0.00264846621 3.87904968
926 3588 2.64599567 0.00264599567 3.87473002
926 3594 2.64803579 0.00264803579 3.8812095
926 3594 2.64804589 0.00264804589 3.8812095
926 3594 2.64804655 0.00264804655 3.8812095
926 3594 2.64803145 0.00264803145 3.8812095
926 3594 2.64804697 0.00264804697 3.8812095
926 3594 2.64804514 0.00264804514 3.8812095
926 3594 2.6480552 0.0026480552 3.8812095
926 3594 2.64806833 0.00264806833 3.8812095
925 3584 2.64601754 0.00264601754 3.87459459
925 3584 2.64316244 0.00264316244 3.87459459
925 3584 2.64315752 0.00264315752 3.87459459
925 3584 2.64318179 0.00264318179 3.87459459
925 3584 2.64320447 0.00264320447 3.87459459
925 3584 2.64318687 0.00264318687 3.87459459
925 3584 2.64318322 0.00264318322 3.87459459
925 3584 2.64317878 0.00264317878 3.87459459
925 3584 2.64318025 0.00264318025 3.87459459
925 3584 2.6459736 0.0026459736 3.87459459
924 3574 2.64117798 0.00264117798 3.86796537
924 3575 2.63574678 0.00263574678 3.86904762
924 3574 2.64119428 0.00264119428 3.86796537
924 3574 2.6411843 0.0026411843 3.86796537
924 3574 2.64117813 0.00264117813 3.86796537
924 3574 2.64115984 0.00264115984 3.86796537
924 3574 2.64116964 0.00264116964 3.86796537
924 3574 2.64118603 0.00264118603 3.86796537
924 3574 2.6411786 0.0026411786 3.86796537
924 3574 2.64117588 0.00264117588 3.86796537
923 3565 2.63564495 0.00263564495 3.8624052
923 3565 2.63565133 0.00263565133 3.8624052
923 3565 2.63566287 0.00263566287 3.8624052
923 3565 2.63564539 0.00263564539 3.8624052
923 3565 2.63564753 0.00263564753 3.8624052
923 3565 2.63564198 0.00263564198 3.8624052
923 3565 2.63563741 0.00263563741 3.8624052
923 3565 2.6356466 0.0026356466 3.8624052
923 3565 2.63563441 0.00263563441 3.8624052
923 3565 2.63564096 0.00263564096 3.8624052
922 3558 2.63387255 0.00263387255 3.85900217
922 3558 2.63383223 0.00263383223 3.85900217
922 3558 2.63388419 0.00263388419 3.85900217
922 3556 2.62779608 0.00262779608 3.85683297
922 3558 2.63376211 0.00263376211 3.85900217
922 3558 2.63387704 0.00263387704 3.85900217
922 3558 2.63388904 0.00263388904 3.85900217
922 3558 2.63384191 0.00263384191 3.85900217
922 3558 2.63383493 0.00263383493 3.85900217
922 3558 2.63386248 0.00263386248 3.85900217
921 3549 2.62615312 0.00262615312 3.8534202
921 3549 2.62613669 0.00262613669 3.8534202
921 3548 2.62856134 0.00262856134 3.85233442
921 3548 2.62592547 0.00262592547 3.85233442
921 3549 2.62615613 0.00262615613 3.8534202
921 3549 2.62582104 0.00262582104 3.8534202
921 3551 2.62566551 0.00262566551 3.85559175
921 3544 2.62160839 0.00262160839 3.84799131
921 3545 2.62215916 0.00262215916 3.84907709
921 3549 2.62614928 0.00262614928 3.8534202
920 3539 2.62136346 0.00262136346 3.84673913
920 3539 2.62141253 0.00262141253 3.84673913
920 3539 2.62137849 0.00262137849 3.84673913
920 3539 2.62131377 0.00262131377 3.84673913
920 3539 2.62132491 0.00262132491 3.84673913
920 3539 2.62129088 0.00262129088 3.84673913
920 3539 2.62134729 0.00262134729 3.84673913
920 3539 2.6212752 0.0026212752 3.84673913
920 3539 2.62135159 0.00262135159 3.84673913
920 3539 2.62128328 0.00262128328 3.84673913
919 3532 2.61960865 0.00261960865 3.84330794
919 3531 2.61349498 0.00261349498 3.8422198
919 3531 2.6134855 0.0026134855 3.8422198
919 3531 2.61343282 0.00261343282 3.8422198
919 3531 2.61344475 0.00261344475 3.8422198
919 3531 2.61344044 0.00261344044 3.8422198
919 3531 2.61342423 0.00261342423 3.8422198
919 3531 2.61343156 0.00261343156 3.8422198
919 3531 2.6134286 0.0026134286 3.8422198
919 3531 2.61342646 0.00261342646 3.8422198
918 3524 2.6116412 0.0026116412 3.83877996
918 3524 2.61164441 0.00261164441 3.83877996
918 3524 2.61164515 0.00261164515 3.83877996
918 3524 2.61164715 0.00261164715 3.83877996
918 3524 2.61164361 0.00261164361 3.83877996
918 3524 2.61164036 0.00261164036 3.83877996
918 3524 2.61164094 0.00261164094 3.83877996
918 3524 2.61163986 0.00261163986 3.83877996
918 3524 2.61164083 0.00261164083 3.83877996
918 3524 2.61164277 0.00261164277 3.83877996
917 3520 2.61018818 0.00261018818 3.83860414
917 3520 2.61018594 0.00261018594 3.83860414
917 3520 2.61018428 0.00261018428 3.83860414
917 3520 2.61018399 0.00261018399 3.83860414
917 3520 2.61018349 0.00261018349 3.83860414
917 3520 2.6101833 0.0026101833 3.83860414
917 3520 2.61018334 0.00261018334 3.83860414
917 3520 2.61018297 0.00261018297 3.83860414
917 3520 2.61018326 0.00261018326 3.83860414
917 3520 2.61018335 0.00261018335 3.83860414
916 3507 2.60979475 0.00260979475 3.82860262
916 3507 2.60979544 0.00260979544 3.82860262
916 3507 2.6097836 0.0026097836 3.82860262
916 3507 2.60977495 0.00260977495 3.82860262
916 3507 2.60977397 0.00260977397 3.82860262
916 3507 2.60977476 0.00260977476 3.82860262
916 3507 2.60978078 0.00260978078 3.82860262
916 3507 2.60979161 0.00260979161 3.82860262
916 3507 2.60981007 0.00260981007 3.82860262
916 3507 2.60981917 0.00260981917 3.82860262
915 3498 2.60528186 0.00260528186 3.82295082
915 3498 2.60529616 0.00260529616 3.82295082
915 3498 2.6053088 0.0026053088 3.82295082
915 3498 2.60530222 0.00260530222 3.82295082
915 3498 2.60527263 0.00260527263 3.82295082
915 3498 2.60526351 0.00260526351 3.82295082
915 3498 2.60526509 0.00260526509 3.82295082
915 3498 2.60526912 0.00260526912 3.82295082
915 3498 2.60526803 0.00260526803 3.82295082
915 3498 2.60526797 0.00260526797 3.82295082
914 3488 2.60159214 0.00260159214 3.81619256
914 3488 2.60157899 0.00260157899 3.81619256
914 3488 2.60157847 0.00260157847 3.81619256
914 3488 2.60157948 0.00260157948 3.81619256
914 3488 2.60158031 0.00260158031 3.81619256
914 3488 2.60157722 0.00260157722 3.81619256
914 3488 2.6015815 0.0026015815 3.81619256
914 3488 2.60158362 0.00260158362 3.81619256
914 3488 2.60157939 0.00260157939 3.81619256
914 3488 2.60158138 0.00260158138 3.81619256
913 3480 2.60047388 0.00260047388 3.81161008
913 3480 2.60046177 0.00260046177 3.81161008
913 3480 2.60046829 0.00260046829 3.81161008
913 3480 2.60046487 0.00260046487 3.81161008
913 3480 2.60047352 0.00260047352 3.81161008
913 3480 2.6004837 0.0026004837 3.81161008
913 3480 2.60047781 0.00260047781 3.81161008
913 3480 2.60046861 0.00260046861 3.81161008
913 3480 2.60047103 0.00260047103 3.81161008
913 3480 2.60046893 0.00260046893 3.81161008
912 3473 2.5975331 0.0025975331 3.80811404
912 3473 2.59754315 0.00259754315 3.80811404
912 3473 2.59762638 0.00259762638 3.80811404
912 3473 2.59760695 0.00259760695 3.80811404
912 3473 2.59761878 0.00259761878 3.80811404
912 3473 2.59763456 0.00259763456 3.80811404
912 3473 2.59762719 0.00259762719 3.80811404
912 3473 2.59763094 0.00259763094 3.80811404
912 3473 2.59763097 0.00259763097 3.80811404
912 3473 2.59763071 0.00259763071 3.80811404
911 3468 2.5898225 0.0025898225 3.80680571
911 3469 2.58891629 0.00258891629 3.8079034
911 3471 2.58491333 0.00258491333 3.81009879
911 3471 2.5849635 0.0025849635 3.81009879
911 3471 2.58494164 0.00258494164 3.81009879
911 3471 2.58493207 0.00258493207 3.81009879
911 3471 2.58495925 0.00258495925 3.81009879
911 3471 2.58492641 0.00258492641 3.81009879
911 3471 2.58492522 0.00258492522 3.81009879
911 3471 2.58493864 0.00258493864 3.81009879
910 3464 2.58202122 0.00258202122 3.80659341
910 3464 2.58201118 0.00258201118 3.80659341
910 3464 2.58203615 0.00258203615 3.80659341
910 3464 2.58202987 0.00258202987 3.80659341
910 3464 2.5820467 0.0025820467 3.80659341
910 3464 2.58206219 0.00258206219 3.80659341
910 3464 2.58206992 0.00258206992 3.80659341
910 3464 2.58207005 0.00258207005 3.80659341
910 3464 2.58207851 0.00258207851 3.80659341
910 3464 2.58208252 0.00258208252 3.80659341
909 3455 2.5763022 0.0025763022 3.80088009
909 3455 2.5762036 0.0025762036 3.80088009
909 3460 2.57469324 0.00257469324 3.80638064
909 3460 2.57614465 0.00257614465 3.80638064
909 3460 2.57866792 0.00257866792 3.80638064
908 3457 2.57547536 0.00257547536 3.80726872
908 3462 2.57607915 0.00257607915 3.81277533
908 3461 2.57784597 0.00257784597 3.81167401
908 3466 2.57503788 0.00257503788 3.81718062
908 3468 2.57104125 0.00257104125 3.81938326
907 3457 2.57068004 0.00257068004 3.81146637
907 3457 2.57072802 0.00257072802 3.81146637
907 3457 2.57070051 0.00257070051 3.81146637
907 3458 2.57395781 0.00257395781 3.81256891
907 3457 2.57071623 0.00257071623 3.81146637
907 3457 2.57071824 0.00257071824 3.81146637
907 3460 2.5699807 0.0025699807 3.81477398
907 3460 2.56997932 0.00256997932 3.81477398
907 3460 2.56999583 0.00256999583 3.81477398
907 3460 2.57000694 0.00257000694 3.81477398
906 3449 2.56963256 0.00256963256 3.80684327
906 3449 2.56963232 0.00256963232 3.80684327
906 3449 2.56967134 0.00256967134 3.80684327
906 3449 2.56966562 0.00256966562 3.80684327
906 3449 2.56965287 0.00256965287 3.80684327
906 3449 2.56965371 0.00256965371 3.80684327
906 3449 2.56964579 0.00256964579 3.80684327
906 3449 2.56965596 0.00256965596 3.80684327
906 3449 2.56966111 0.00256966111 3.80684327
906 3449 2.56964883 0.00256964883 3.80684327
905 3439 2.5659653 0.0025659653 3.8
905 3439 2.56593777 0.00256593777 3.8
905 3439 2.56595377 0.00256595377 3.8
905 3439 2.56594739 0.00256594739 3.8
905 3439 2.56594852 0.00256594852 3.8
905 3439 2.5659487 0.0025659487 3.8
905 3439 2.56595149 0.00256595149 3.8
905 3439 2.56595088 0.00256595088 3.8
905 3439 2.56594361 0.00256594361 3.8
905 3439 2.56595201 0.00256595201 3.8
904 3430 2.56501618 0.00256501618 3.79424779
904 3430 2.56502924 0.00256502924 3.79424779
904 3430 2.56505082 0.00256505082 3.79424779
904 3430 2.56504045 0.00256504045 3.79424779
904 3430 2.56505614 0.00256505614 3.79424779
904 3430 2.56507698 0.00256507698 3.79424779
904 3430 2.5650749 0.0025650749 3.79424779
904 3430 2.56507857 0.00256507857 3.79424779
904 3430 2.5650901 0.0025650901 3.79424779
904 3430 2.56508701 0.00256508701 3.79424779
903 3421 2.55938639 0.00255938639 3.78848283
903 3421 2.55933544 0.00255933544 3.78848283
903 3425 2.56055652 0.00256055652 3.79291251
903 3426 2.56192344 0.00256192344 3.79401993
903 3430 2.55882075 0.00255882075 3.79844961
903 3431 2.561081 0.002561081 3.79955703
903 3425 2.56058047 0.00256058047 3.79291251
903 3425 2.56056715 0.00256056715 3.79291251
903 3425 2.56056287 0.00256056287 3.79291251
903 3425 2.56057865 0.00256057865 3.79291251
902 3421 2.55794893 0.00255794893 3.79268293
902 3416 2.55502221 0.00255502221 3.78713969
902 3421 2.55795181 0.00255795181 3.79268293
902 3421 2.55796457 0.00255796457 3.79268293
902 3421 2.55797477 0.00255797477 3.79268293
902 3421 2.55797241 0.00255797241 3.79268293
902 3421 2.55800008 0.00255800008 3.79268293
902 3421 2.55800578 0.00255800578 3.79268293
902 3421 2.55800713 0.00255800713 3.79268293
902 3421 2.55801368 0.00255801368 3.79268293
901 3412 2.55251283 0.00255251283 3.78690344
901 3412 2.55251876 0.00255251876 3.78690344
901 3415 2.55200209 0.00255200209 3.79023307
901 3412 2.55240838 0.00255240838 3.78690344
901 3415 2.54737153 0.00254737153 3.79023307
901 3410 2.5489555 0.0025489555 3.78468368
901 3415 2.55192527 0.00255192527 3.79023307
901 3412 2.55235538 0.00255235538 3.78690344
901 3415 2.55188785 0.00255188785 3.79023307
901 3415 2.55186716 0.00255186716 3.79023307
900 3406 2.54655662 0.00254655662 3.78444444
900 3406 2.5465769 0.0025465769 3.78444444
900 3406 2.5465766 0.0025465766 3.78444444
900 3406 2.54655848 0.00254655848 3.78444444
900 3406 2.54649809 0.00254649809 3.78444444
900 3406 2.54653979 0.00254653979 3.78444444
900 3406 2.54646716 0.00254646716 3.78444444
900 3406 2.54653228 0.00254653228 3.78444444
900 3406 2.54645723 0.00254645723 3.78444444
900 3406 2.54647015 0.00254647015 3.78444444
899 3400 2.54411141 0.00254411141 3.78197998
899 3398 2.54176393 0.00254176393 3.77975528
899 3396 2.53953993 0.00253953993 3.77753059
899 3397 2.54061097 0.00254061097 3.77864294
899 3398 2.53607225 0.00253607225 3.77975528
899 3398 2.53608923 0.00253608923 3.77975528
899 3392 2.53034001 0.00253034001 3.7730812
899 3389 2.53432151 0.00253432151 3.76974416
899 3391 2.52987495 0.00252987495 3.77196885
899 3392 2.532827 0.002532827 3.7730812
898 3383 2.52904504 0.00252904504 3.76726058
898 3383 2.52900731 0.00252900731 3.76726058
898 3383 2.52901129 0.00252901129 3.76726058
898 3383 2.52899205 0.00252899205 3.76726058
898 3383 2.5290083 0.0025290083 3.76726058
898 3383 2.52903512 0.00252903512 3.76726058
898 3383 2.52902168 0.00252902168 3.76726058
898 3383 2.5289925 0.0025289925 3.76726058
898 3383 2.52899674 0.00252899674 3.76726058
898 3383 2.5290281 0.0025290281 3.76726058
897 3373 2.5286762 0.0025286762 3.76031215
897 3373 2.52869324 0.00252869324 3.76031215
897 3379 2.52751426 0.00252751426 3.76700111
897 3379 2.52749107 0.00252749107 3.76700111
897 3379 2.52748976 0.00252748976 3.76700111
897 3373 2.5287081 0.0025287081 3.76031215
897 3373 2.52871434 0.00252871434 3.76031215
897 3373 2.52870897 0.00252870897 3.76031215
897 3373 2.5286937 0.0025286937 3.76031215
897 3373 2.52868113 0.00252868113 3.76031215
896 3369 2.52720057 0.00252720057 3.76004464
896 3369 2.52717587 0.00252717587 3.76004464
896 3369 2.52716545 0.00252716545 3.76004464
896 3369 2.52718441 0.00252718441 3.76004464
896 3369 2.52722464 0.00252722464 3.76004464
896 3369 2.52722881 0.00252722881 3.76004464
896 3369 2.52720601 0.00252720601 3.76004464
896 3369 2.52717011 0.00252717011 3.76004464
896 3369 2.52716337 0.00252716337 3.76004464
896 3369 2.52718423 0.00252718423 3.76004464
895 3363 2.52501829 0.00252501829 3.7575419
895 3363 2.52500766 0.00252500766 3.7575419
895 3363 2.52500224 0.00252500224 3.7575419
895 3363 2.52500114 0.00252500114 3.7575419
895 3366 2.52396208 0.00252396208 3.76089385
895 3363 2.52502683 0.00252502683 3.7575419
895 3363 2.52498331 0.00252498331 3.7575419
895 3363 2.52498558 0.00252498558 3.7575419
895 3363 2.52500535 0.00252500535 3.7575419
895 3363 2.52500117 0.00252500117 3.7575419
894 3360 2.52178372 0.00252178372 3.75838926
894 3360 2.5217609 0.0025217609 3.75838926
894 3360 2.52179393 0.00252179393 3.75838926
894 3360 2.52176735 0.00252176735 3.75838926
894 3360 2.5217772 0.0025217772 3.75838926
894 3360 2.52177553 0.00252177553 3.75838926
894 3360 2.52178414 0.00252178414 3.75838926
894 3360 2.52176914 0.00252176914 3.75838926
894 3360 2.52174518 0.00252174518 3.75838926
894 3360 2.52172458 0.00252172458 3.75838926
893 3355 2.51597793 0.00251597793 3.75699888
893 3355 2.5177088 0.0025177088 3.75699888
893 3356 2.51838133 0.00251838133 3.7581187
893 3355 2.51777118 0.00251777118 3.75699888
893 3355 2.51773101 0.00251773101 3.75699888
893 3355 2.51773395 0.00251773395 3.75699888
893 3355 2.51773173 0.00251773173 3.75699888
893 3355 2.51765445 0.00251765445 3.75699888
893 3355 2.51769807 0.00251769807 3.75699888
893 3355 2.51766281 0.00251766281 3.75699888
892 3351 2.51481903 0.00251481903 3.75672646
892 3351 2.51490293 0.00251490293 3.75672646
892 3351 2.51484689 0.00251484689 3.75672646
892 3350 2.51214127 0.00251214127 3.75560538
892 3349 2.5123602 0.0025123602 3.7544843
892 3351 2.51481847 0.00251481847 3.75672646
892 3350 2.51211833 0.00251211833 3.75560538
892 3350 2.51215111 0.00251215111 3.75560538
892 3350 2.51215744 0.00251215744 3.75560538
892 3350 2.51199913 0.00251199913 3.75560538
891 3346 2.50926042 0.00250926042 3.75533109
891 3346 2.50927581 0.00250927581 3.75533109
891 3346 2.5092137 0.0025092137 3.75533109
891 3346 2.50924037 0.00250924037 3.75533109
891 3346 2.50922914 0.00250922914 3.75533109
891 3346 2.50932889 0.00250932889 3.75533109
891 3346 2.50929997 0.00250929997 3.75533109
891 3346 2.50934238 0.00250934238 3.75533109
891 3346 2.50936599 0.00250936599 3.75533109
891 3346 2.50937896 0.00250937896 3.75533109
890 3337 2.5021993 0.0025021993 3.7494382
890 3337 2.50219343 0.00250219343 3.7494382
890 3339 2.50303826 0.00250303826 3.75168539
890 3339 2.50309546 0.00250309546 3.75168539
890 3339 2.50291554 0.00250291554 3.75168539
890 3339 2.50298522 0.00250298522 3.75168539
890 3339 2.50295027 0.00250295027 3.75168539
890 3339 2.50306279 0.00250306279 3.75168539
890 3339 2.50309084 0.00250309084 3.75168539
890 3339 2.50302225 0.00250302225 3.75168539
889 3330 2.49594594 0.00249594594 3.74578178
889 3330 2.49599798 0.00249599798 3.74578178
889 3330 2.49594934 0.00249594934 3.74578178
889 3330 2.49590842 0.00249590842 3.74578178
889 3330 2.49594891 0.00249594891 3.74578178
889 3330 2.49598706 0.00249598706 3.74578178
889 3330 2.49599269 0.00249599269 3.74578178
889 3330 2.49592452 0.00249592452 3.74578178
889 3330 2.49590553 0.00249590553 3.74578178
889 3330 2.49594137 0.00249594137 3.74578178
888 3322 2.49354657 0.00249354657 3.74099099
888 3322 2.49357233 0.00249357233 3.74099099
888 3322 2.49354194 0.00249354194 3.74099099
888 3322 2.49355299 0.00249355299 3.74099099
888 3322 2.49357752 0.00249357752 3.74099099
888 3322 2.49355225 0.00249355225 3.74099099
888 3322 2.49362435 0.00249362435 3.74099099
888 3322 2.49361073 0.00249361073 3.74099099
888 3322 2.49365611 0.00249365611 3.74099099
888 3322 2.49365034 0.00249365034 3.74099099
887 3313 2.48706572 0.00248706572 3.73506201
887 3313 2.48708159 0.00248708159 3.73506201
887 3319 2.48603105 0.00248603105 3.74182638
887 3313 2.48685629 0.00248685629 3.73506201
887 3313 2.4868155 0.0024868155 3.73506201
887 3313 2.4870803 0.0024870803 3.73506201
887 3313 2.48694579 0.00248694579 3.73506201
887 3313 2.48706875 0.00248706875 3.73506201
887 3313 2.4869693 0.0024869693 3.73506201
887 3313 2.48692499 0.00248692499 3.73506201
886 3310 2.47944454 0.00247944454 3.73589165
886 3310 2.47943956 0.00247943956 3.73589165
886 3310 2.4794587 0.0024794587 3.73589165
886 3310 2.47946548 0.00247946548 3.73589165
886 3310 2.47948455 0.00247948455 3.73589165
886 3310 2.47944428 0.00247944428 3.73589165
886 3310 2.47949397 0.00247949397 3.73589165
886 3310 2.47947871 0.00247947871 3.73589165
886 3310 2.47951099 0.00247951099 3.73589165
886 3310 2.47947555 0.00247947555 3.73589165
885 3303 2.47646675 0.00247646675 3.73220339
885 3303 2.47650873 0.00247650873 3.73220339
885 3303 2.47648629 0.00247648629 3.73220339
885 3303 2.47658982 0.00247658982 3.73220339
885 3303 2.47662541 0.00247662541 3.73220339
885 3303 2.47654651 0.00247654651 3.73220339
885 3303 2.47658096 0.00247658096 3.73220339
885 3303 2.47646405 0.00247646405 3.73220339
885 3304 2.47051317 0.00247051317 3.73333333
885 3299 2.47455248 0.00247455248 3.72768362
884 3293 2.46587488 0.00246587488 3.72511312
884 3299 2.46500549 0.00246500549 3.73190045
884 3293 2.46595202 0.00246595202 3.72511312
884 3297 2.4664881 0.0024664881 3.72963801
884 3291 2.46725094 0.00246725094 3.72285068
884 3296 2.46252477 0.00246252477 3.72850679
884 3293 2.46593989 0.00246593989 3.72511312
884 3293 2.46591153 0.00246591153 3.72511312
884 3293 2.46595457 0.00246595457 3.72511312
884 3293 2.46593814 0.00246593814 3.72511312
883 3288 2.46031325 0.00246031325 3.72366931
883 3288 2.4602786 0.0024602786 3.72366931
883 3288 2.46034732 0.00246034732 3.72366931
883 3288 2.46027385 0.00246027385 3.72366931
883 3288 2.46031652 0.00246031652 3.72366931
883 3288 2.46030413 0.00246030413 3.72366931
883 3288 2.46032911 0.00246032911 3.72366931
883 3288 2.46030897 0.00246030897 3.72366931
883 3288 2.46027658 0.00246027658 3.72366931
883 3288 2.46032766 0.00246032766 3.72366931
882 3282 2.45729551 0.00245729551 3.72108844
882 3282 2.45730647 0.00245730647 3.72108844
882 3282 2.45728079 0.00245728079 3.72108844
882 3282 2.45732795 0.00245732795 3.72108844
882 3282 2.45733889 0.00245733889 3.72108844
882 3282 2.45729522 0.00245729522 3.72108844
882 3282 2.45729203 0.00245729203 3.72108844
882 3282 2.45726817 0.00245726817 3.72108844
882 3282 2.45729928 0.00245729928 3.72108844
882 3282 2.45728305 0.00245728305 3.72108844
881 3274 2.4533688 0.0024533688 3.71623156
881 3276 2.45218955 0.00245218955 3.7185017
881 3275 2.45076803 0.00245076803 3.71736663
881 3272 2.45401119 0.00245401119 3.71396141
881 3278 2.45309093 0.00245309093 3.72077185
881 3278 2.45313052 0.00245313052 3.72077185
881 3273 2.45663691 0.00245663691 3.71509648
881 3278 2.45305483 0.00245305483 3.72077185
881 3278 2.45308932 0.00245308932 3.72077185
881 3272 2.45400383 0.00245400383 3.71396141
880 3267 2.44848983 0.00244848983 3.7125
880 3267 2.44852088 0.00244852088 3.7125
880 3267 2.44840723 0.00244840723 3.7125
880 3267 2.44857204 0.00244857204 3.7125
880 3267 2.44847157 0.00244847157 3.7125
880 3267 2.44857539 0.00244857539 3.7125
880 3267 2.44846953 0.00244846953 3.7125
880 3267 2.44847907 0.00244847907 3.7125
880 3267 2.44852329 0.00244852329 3.7125
880 3267 2.44848706 0.00244848706 3.7125
879 3261 2.44556866 0.00244556866 3.70989761
879 3261 2.44549672 0.00244549672 3.70989761
879 3261 2.44551901 0.00244551901 3.70989761
879 3261 2.44548651 0.00244548651 3.70989761
879 3261 2.44555854 0.00244555854 3.70989761
879 3261 2.4454704 0.0024454704 3.70989761
879 3261 2.44556141 0.00244556141 3.70989761
879 3261 2.44551744 0.00244551744 3.70989761
879 3261 2.4455231 0.0024455231 3.70989761
879 3261 2.44553419 0.00244553419 3.70989761
878 3254 2.44373915 0.00244373915 3.70615034
878 3253 2.44427116 0.00244427116 3.70501139
878 3253 2.44424565 0.00244424565 3.70501139
878 3253 2.44425833 0.00244425833 3.70501139
878 3253 2.44427829 0.00244427829 3.70501139
878 3253 2.44427206 0.00244427206 3.70501139
878 3253 2.44426865 0.00244426865 3.70501139
878 3253 2.44426393 0.00244426393 3.70501139
878 3253 2.44426654 0.00244426654 3.70501139
878 3253 2.44426625 0.00244426625 3.70501139
877 3246 2.44250648 0.00244250648 3.70125428
877 3246 2.44249795 0.00244249795 3.70125428
877 3246 2.44249826 0.00244249826 3.70125428
877 3246 2.44254247 0.00244254247 3.70125428
877 3244 2.44313149 0.00244313149 3.69897377
877 3244 2.44314667 0.00244314667 3.69897377
877 3246 2.44251497 0.00244251497 3.70125428
877 3246 2.44249264 0.00244249264 3.70125428
877 3246 2.44250005 0.00244250005 3.70125428
877 3246 2.44250435 0.00244250435 3.70125428
876 3237 2.44137998 0.00244137998 3.69520548
876 3237 2.44141001 0.00244141001 3.69520548
876 3237 2.44139484 0.00244139484 3.69520548
876 3237 2.44141453 0.00244141453 3.69520548
876 3237 2.44143237 0.00244143237 3.69520548
876 3237 2.44142273 0.00244142273 3.69520548
876 3237 2.44142907 0.00244142907 3.69520548
876 3237 2.4414271 0.0024414271 3.69520548
876 3237 2.441419 0.002441419 3.69520548
876 3237 2.44141861 0.00244141861 3.69520548
875 3231 2.43624755 0.00243624755 3.69257143
875 3231 2.43621535 0.00243621535 3.69257143
875 3231 2.4361878 0.0024361878 3.69257143
875 3231 2.4361877 0.0024361877 3.69257143
875 3231 2.43621546 0.00243621546 3.69257143
875 3231 2.43620869 0.00243620869 3.69257143
875 3231 2.43620548 0.00243620548 3.69257143
875 3231 2.43620009 0.00243620009 3.69257143
875 3231 2.43623144 0.00243623144 3.69257143
875 3231 2.43620132 0.00243620132 3.69257143
874 3224 2.43289144 0.00243289144 3.68878719
874 3224 2.43291025 0.00243291025 3.68878719
874 3224 2.43291318 0.00243291318 3.68878719
874 3224 2.43290253 0.00243290253 3.68878719
874 3224 2.43290408 0.00243290408 3.68878719
874 3224 2.43291044 0.00243291044 3.68878719
874 3224 2.43290974 0.00243290974 3.68878719
874 3224 2.43290887 0.00243290887 3.68878719
874 3224 2.43290931 0.00243290931 3.68878719
874 3224 2.43290811 0.00243290811 3.68878719
873 3214 2.43280837 0.00243280837 3.68155785
873 3214 2.43280798 0.00243280798 3.68155785
873 3214 2.43280558 0.00243280558 3.68155785
873 3214 2.43280444 0.00243280444 3.68155785
873 3214 2.43280739 0.00243280739 3.68155785
873 3214 2.43280843 0.00243280843 3.68155785
873 3214 2.43280629 0.00243280629 3.68155785
873 3214 2.43280505 0.00243280505 3.68155785
873 3214 2.43280656 0.00243280656 3.68155785
873 3214 2.43280804 0.00243280804 3.68155785
872 3201 2.43270853 0.00243270853 3.67087156
872 3201 2.43271068 0.00243271068 3.67087156
872 3201 2.43270883 0.00243270883 3.67087156
872 3201 2.43271003 0.00243271003 3.67087156
872 3201 2.43270948 0.00243270948 3.67087156
872 3201 2.43270902 0.00243270902 3.67087156
872 3201 2.4327107 0.0024327107 3.67087156
872 3201 2.43270836 0.00243270836 3.67087156
872 3201 2.43271082 0.00243271082 3.67087156
872 3201 2.43270854 0.00243270854 3.67087156
871 3193 2.4324934 0.0024324934 3.66590126
871 3193 2.43257889 0.00243257889 3.66590126
871 3193 2.43249587 0.00243249587 3.66590126
871 3193 2.43255867 0.00243255867 3.66590126
871 3193 2.43249086 0.00243249086 3.66590126
871 3193 2.43259648 0.00243259648 3.66590126
871 3193 2.43251943 0.00243251943 3.66590126
871 3193 2.43266142 0.00243266142 3.66590126
871 3193 2.43248255 0.00243248255 3.66590126
871 3193 2.43268029 0.00243268029 3.66590126
870 3190 2.42887366 0.00242887366 3.66666667
870 3190 2.42893559 0.00242893559 3.66666667
870 3189 2.42222886 0.00242222886 3.66551724
870 3190 2.42891373 0.00242891373 3.66666667
870 3190 2.42904111 0.00242904111 3.66666667
870 3190 2.42883816 0.00242883816 3.66666667
870 3190 2.42865372 0.00242865372 3.66666667
870 3190 2.42852189 0.00242852189 3.66666667
870 3190 2.4284635 0.0024284635 3.66666667
870 3190 2.42951444 0.00242951444 3.66666667
869 3186 2.41809013 0.00241809013 3.66628308
869 3186 2.4188493 0.0024188493 3.66628308
869 3186 2.41803626 0.00241803626 3.66628308
869 3186 2.4183789 0.0024183789 3.66628308
869 3186 2.4181283 0.0024181283 3.66628308
869 3186 2.41907426 0.00241907426 3.66628308
869 3186 2.41942695 0.00241942695 3.66628308
869 3186 2.41876051 0.00241876051 3.66628308
869 3186 2.41927447 0.00241927447 3.66628308
869 3186 2.41828186 0.00241828186 3.66628308
868 3177 2.41907252 0.00241907252 3.66013825
868 3177 2.41852439 0.00241852439 3.66013825
868 3179 2.41120261 0.00241120261 3.6624424
868 3177 2.41893764 0.00241893764 3.66013825
868 3177 2.41803706 0.00241803706 3.66013825
868 3177 2.41859352 0.00241859352 3.66013825
868 3177 2.4177095 0.0024177095 3.66013825
868 3177 2.41826526 0.00241826526 3.66013825
868 3177 2.41900914 0.00241900914 3.66013825
868 3179 2.41112614 0.00241112614 3.6624424
867 3170 2.41202696 0.00241202696 3.65628604
867 3170 2.41088046 0.00241088046 3.65628604
867 3170 2.41112649 0.00241112649 3.65628604
867 3170 2.41198917 0.00241198917 3.65628604
867 3170 2.41069453 0.00241069453 3.65628604
867 3170 2.41123855 0.00241123855 3.65628604
867 3170 2.41188719 0.00241188719 3.65628604
867 3170 2.41102773 0.00241102773 3.65628604
867 3170 2.41150524 0.00241150524 3.65628604
867 3170 2.41166642 0.00241166642 3.65628604
866 3163 2.41163314 0.00241163314 3.65242494
866 3163 2.41144089 0.00241144089 3.65242494
866 3164 2.40803048 0.00240803048 3.65357968
866 3163 2.41065059 0.00241065059 3.65242494
866 3163 2.41067351 0.00241067351 3.65242494
866 3163 2.41075723 0.00241075723 3.65242494
866 3163 2.41213213 0.00241213213 3.65242494
866 3163 2.41076683 0.00241076683 3.65242494
866 3163 2.41175648 0.00241175648 3.65242494
866 3163 2.41122522 0.00241122522 3.65242494
865 3157 2.40668279 0.00240668279 3.64971098
865 3157 2.40802784 0.00240802784 3.64971098
865 3157 2.40675102 0.00240675102 3.64971098
865 3157 2.40800901 0.00240800901 3.64971098
865 3157 2.40690598 0.00240690598 3.64971098
865 3157 2.40774858 0.00240774858 3.64971098
865 3157 2.40712729 0.00240712729 3.64971098
865 3157 2.40758056 0.00240758056 3.64971098
865 3157 2.40740185 0.00240740185 3.64971098
865 3157 2.40727411 0.00240727411 3.64971098
864 3154 2.39859304 0.00239859304 3.65046296
864 3152 2.39892596 0.00239892596 3.64814815
864 3155 2.39674768 0.00239674768 3.65162037
864 3154 2.39546477 0.00239546477 3.65046296
864 3154 2.40186441 0.00240186441 3.65046296
864 3156 2.39438029 0.00239438029 3.65277778
864 3154 2.39494244 0.00239494244 3.65046296
864 3154 2.39554527 0.00239554527 3.65046296
864 3154 2.39506101 0.00239506101 3.65046296
864 3154 2.39424342 0.00239424342 3.65046296
863 3147 2.3955543 0.0023955543 3.64658169
863 3147 2.39410562 0.00239410562 3.64658169
863 3147 2.39407769 0.00239407769 3.64658169
863 3147 2.39409314 0.00239409314 3.64658169
863 3147 2.39555358 0.00239555358 3.64658169
863 3147 2.39425356 0.00239425356 3.64658169
863 3147 2.39508177 0.00239508177 3.64658169
863 3147 2.39524526 0.00239524526 3.64658169
863 3147 2.39474224 0.00239474224 3.64658169
863 3147 2.39459248 0.00239459248 3.64658169
862 3141 2.39134271 0.00239134271 3.64385151
862 3141 2.39143114 0.00239143114 3.64385151
862 3141 2.39142207 0.00239142207 3.64385151
862 3141 2.39136734 0.00239136734 3.64385151
862 3141 2.39126056 0.00239126056 3.64385151
862 3141 2.39111959 0.00239111959 3.64385151
862 3141 2.39095578 0.00239095578 3.64385151
862 3141 2.39081688 0.00239081688 3.64385151
862 3141 2.39069987 0.00239069987 3.64385151
862 3141 2.39062962 0.00239062962 3.64385151
861 3135 2.37970412 0.00237970412 3.64111498
861 3138 2.38840182 0.00238840182 3.6445993
861 3139 2.38418894 0.00238418894 3.64576074
861 3139 2.38430881 0.00238430881 3.64576074
861 3139 2.38434819 0.00238434819 3.64576074
861 3139 2.38442672 0.00238442672 3.64576074
861 3139 2.38446396 0.00238446396 3.64576074
861 3139 2.38446612 0.00238446612 3.64576074
861 3139 2.3844091 0.0023844091 3.64576074
861 3139 2.38432062 0.00238432062 3.64576074
860 3133 2.37378262 0.00237378262 3.64302326
860 3133 2.37416545 0.00237416545 3.64302326
860 3133 2.38052328 0.00238052328 3.64302326
860 3133 2.3740964 0.0023740964 3.64302326
860 3133 2.3739134 0.0023739134 3.64302326
860 3133 2.37387114 0.00237387114 3.64302326
860 3133 2.37411109 0.00237411109 3.64302326
860 3133 2.37372573 0.00237372573 3.64302326
860 3133 2.37420833 0.00237420833 3.64302326
860 3133 2.37373926 0.00237373926 3.64302326
859 3127 2.36988314 0.00236988314 3.64027939
859 3127 2.3702815 0.0023702815 3.64027939
859 3127 2.36973963 0.00236973963 3.64027939
859 3127 2.37031313 0.00237031313 3.64027939
859 3127 2.37026709 0.00237026709 3.64027939
859 3127 2.36987379 0.00236987379 3.64027939
859 3127 2.37020485 0.00237020485 3.64027939
859 3127 2.37015333 0.00237015333 3.64027939
859 3127 2.37006964 0.00237006964 3.64027939
859 3127 2.37025988 0.00237025988 3.64027939
858 3117 2.36654958 0.00236654958 3.63286713
858 3120 2.36354316 0.00236354316 3.63636364
858 3125 2.35983082 0.00235983082 3.64219114
857 3117 2.35866639 0.00235866639 3.63710618
857 3116 2.35703859 0.00235703859 3.63593932
857 3116 2.35703694 0.00235703694 3.63593932
857 3117 2.35351933 0.00235351933 3.63710618
857 3116 2.35726824 0.00235726824 3.63593932
857 3116 2.35695375 0.00235695375 3.63593932
857 3116 2.35701817 0.00235701817 3.63593932
856 3110 2.35346526 0.00235346526 3.63317757
856 3110 2.35309701 0.00235309701 3.63317757
856 3110 2.35341096 0.00235341096 3.63317757
856 3110 2.35319926 0.00235319926 3.63317757
856 3110 2.35318545 0.00235318545 3.63317757
856 3110 2.35343686 0.00235343686 3.63317757
856 3110 2.3530577 0.0023530577 3.63317757
856 3110 2.35351849 0.00235351849 3.63317757
856 3110 2.35300674 0.00235300674 3.63317757
856 3110 2.35341947 0.00235341947 3.63317757
855 3100 2.34999934 0.00234999934 3.62573099
855 3100 2.34949225 0.00234949225 3.62573099
855 3100 2.34992933 0.00234992933 3.62573099
855 3100 2.3496436 0.0023496436 3.62573099
855 3100 2.34978737 0.00234978737 3.62573099
855 3100 2.34986078 0.00234986078 3.62573099
855 3100 2.34953301 0.00234953301 3.62573099
855 3100 2.34996967 0.00234996967 3.62573099
855 3100 2.34950262 0.00234950262 3.62573099
855 3100 2.34998181 0.00234998181 3.62573099
854 3094 2.34709075 0.00234709075 3.62295082
854 3094 2.34657815 0.00234657815 3.62295082
854 3094 2.34646587 0.00234646587 3.62295082
854 3094 2.34733798 0.00234733798 3.62295082
854 3094 2.34632443 0.00234632443 3.62295082
854 3094 2.34648723 0.00234648723 3.62295082
854 3094 2.34623897 0.00234623897 3.62295082
854 3094 2.34620329 0.00234620329 3.62295082
854 3094 2.34631469 0.00234631469 3.62295082
854 3094 2.34591134 0.00234591134 3.62295082
853 3087 2.33825848 0.00233825848 3.61899179
853 3087 2.33800499 0.00233800499 3.61899179
853 3086 2.33855469 0.00233855469 3.61781946
853 3090 2.33141868 0.00233141868 3.62250879
853 3089 2.33751759 0.00233751759 3.62133646
853 3091 2.33263131 0.00233263131 3.62368113
853 3087 2.33421563 0.00233421563 3.61899179
853 3090 2.33169086 0.00233169086 3.62250879
853 3090 2.32989389 0.00232989389 3.62250879
853 3090 2.33058181 0.00233058181 3.62250879
852 3081 2.32956918 0.00232956918 3.61619718
852 3081 2.33003238 0.00233003238 3.61619718
852 3081 2.33174494 0.00233174494 3.61619718
852 3081 2.33139074 0.00233139074 3.61619718
852 3081 2.32956711 0.00232956711 3.61619718
852 3081 2.33141613 0.00233141613 3.61619718
852 3081 2.33158958 0.00233158958 3.61619718
852 3081 2.3296364 0.0023296364 3.61619718
852 3081 2.32971977 0.00232971977 3.61619718
852 3081 2.33043745 0.00233043745 3.61619718
851 3073 2.32926176 0.00232926176 3.61104583
851 3073 2.32556743 0.00232556743 3.61104583
851 3074 2.32517888 0.00232517888 3.61222092
851 3074 2.32581835 0.00232581835 3.61222092
851 3074 2.32506059 0.00232506059 3.61222092
851 3074 2.32580763 0.00232580763 3.61222092
851 3074 2.32490075 0.00232490075 3.61222092
851 3074 2.32403535 0.00232403535 3.61222092
851 3074 2.32470679 0.00232470679 3.61222092
851 3074 2.32403102 0.00232403102 3.61222092
850 3065 2.32533453 0.00232533453 3.60588235
850 3065 2.32375678 0.00232375678 3.60588235
850 3065 2.3252122 0.0023252122 3.60588235
850 3065 2.3256744 0.0023256744 3.60588235
850 3065 2.32350753 0.00232350753 3.60588235
850 3065 2.3239211 0.0023239211 3.60588235
850 3065 2.32355027 0.00232355027 3.60588235
850 3065 2.32592994 0.00232592994 3.60588235
850 3065 2.32552188 0.00232552188 3.60588235
850 3065 2.32610261 0.00232610261 3.60588235
849 3058 2.31445415 0.00231445415 3.60188457
849 3058 2.31548595 0.00231548595 3.60188457
849 3058 2.31672345 0.00231672345 3.60188457
849 3058 2.31618653 0.00231618653 3.60188457
849 3058 2.31425718 0.00231425718 3.60188457
849 3058 2.31674695 0.00231674695 3.60188457
849 3058 2.31621526 0.00231621526 3.60188457
849 3058 2.31690144 0.00231690144 3.60188457
849 3058 2.31625434 0.00231625434 3.60188457
849 3058 2.31426518 0.00231426518 3.60188457
848 3052 2.31438334 0.00231438334 3.5990566
848 3052 2.31417551 0.00231417551 3.5990566
848 3052 2.31380834 0.00231380834 3.5990566
848 3052 2.31445099 0.00231445099 3.5990566
848 3052 2.31410043 0.00231410043 3.5990566
848 3052 2.3134726 0.0023134726 3.5990566
848 3052 2.31171602 0.00231171602 3.5990566
848 3052 2.31169047 0.00231169047 3.5990566
848 3052 2.31257253 0.00231257253 3.5990566
848 3052 2.31370194 0.00231370194 3.5990566
847 3048 2.31132943 0.00231132943 3.59858323
847 3045 2.30853876 0.00230853876 3.59504132
847 3045 2.30832714 0.00230832714 3.59504132
847 3045 2.30808666 0.00230808666 3.59504132
847 3045 2.30787275 0.00230787275 3.59504132
847 3045 2.30766888 0.00230766888 3.59504132
847 3045 2.30749294 0.00230749294 3.59504132
847 3045 2.30734535 0.00230734535 3.59504132
847 3045 2.30723247 0.00230723247 3.59504132
847 3045 2.30715324 0.00230715324 3.59504132
846 3041 2.3074831 0.0023074831 3.59456265
846 3041 2.30675837 0.00230675837 3.59456265
846 3041 2.30648176 0.00230648176 3.59456265
846 3041 2.3084771 0.0023084771 3.59456265
846 3041 2.30874052 0.00230874052 3.59456265
846 3041 2.3083783 0.0023083783 3.59456265
846 3041 2.30693143 0.00230693143 3.59456265
846 3041 2.30758458 0.00230758458 3.59456265
846 3041 2.30855044 0.00230855044 3.59456265
846 3041 2.30701485 0.00230701485 3.59456265
845 3033 2.29791097 0.00229791097 3.58934911
845 3033 2.29824334 0.00229824334 3.58934911
845 3033 2.29671071 0.00229671071 3.58934911
845 3033 2.29745313 0.00229745313 3.58934911
845 3033 2.29727901 0.00229727901 3.58934911
845 3033 2.29711873 0.00229711873 3.58934911
845 3033 2.29700281 0.00229700281 3.58934911
845 3033 2.29691035 0.00229691035 3.58934911
845 3033 2.29761956 0.00229761956 3.58934911
845 3034 2.30382788 0.00230382788 3.59053254
844 3026 2.29455956 0.00229455956 3.58530806
844 3026 2.29318942 0.00229318942 3.58530806
844 3026 2.29402403 0.00229402403 3.58530806
844 3026 2.29494809 0.00229494809 3.58530806
844 3026 2.29480362 0.00229480362 3.58530806
844 3026 2.29464936 0.00229464936 3.58530806
844 3026 2.2944554 0.0022944554 3.58530806
844 3026 2.29431802 0.00229431802 3.58530806
844 3026 2.29427511 0.00229427511 3.58530806
844 3026 2.29574249 0.00229574249 3.58530806
843 3020 2.29439315 0.00229439315 3.58244365
843 3022 2.28377252 0.00228377252 3.58481613
842 3014 2.27871367 0.00227871367 3.57957245
842 3014 2.27675473 0.00227675473 3.57957245
842 3014 2.27820739 0.00227820739 3.57957245
842 3014 2.27800534 0.00227800534 3.57957245
842 3014 2.27779704 0.00227779704 3.57957245
842 3014 2.27760953 0.00227760953 3.57957245
842 3014 2.27740157 0.00227740157 3.57957245
842 3014 2.27722838 0.00227722838 3.57957245
841 3008 2.27770737 0.00227770737 3.57669441
841 3008 2.27629717 0.00227629717 3.57669441
841 3008 2.27596225 0.00227596225 3.57669441
841 3008 2.27795101 0.00227795101 3.57669441
841 3008 2.27613431 0.00227613431 3.57669441
841 3008 2.2763005 0.0022763005 3.57669441
841 3008 2.27684422 0.00227684422 3.57669441
841 3008 2.27781183 0.00227781183 3.57669441
SP does not find any fixed points -> SP does not converge.
I am sorry I quit :(
