START ALGORITHM:
I am going to build an instance with N: 300 variables and 1245 clauses with a clause density equal to 4.15
START BSP WITH r=0.9:
Decimation scorer: cert
END UNIT PROPAGATION
300 1245 1.92963742 0.00643212475 4.15
300 1245 1.92951253 0.00643170843 4.15
300 1245 1.92951158 0.00643170528 4.15
300 1245 1.92937684 0.00643125612 4.15
300 1245 1.92939893 0.00643132978 4.15
300 1245 1.92938624 0.00643128746 4.15
300 1245 1.92939203 0.00643130676 4.15
300 1245 1.92940157 0.00643133855 4.15
300 1245 1.92939792 0.00643132641 4.15
299 1237 1.92714713 0.00642382376 4.13712375
299 1237 1.9271305 0.00642376833 4.13712375
299 1240 1.92938304 0.0064312768 4.14715719
299 1240 1.92934726 0.00643115752 4.14715719
299 1240 1.92938527 0.00643128423 4.14715719
299 1240 1.92940353 0.00643134511 4.14715719
299 1240 1.92941009 0.00643136696 4.14715719
299 1240 1.92937001 0.00643123335 4.14715719
299 1240 1.92937349 0.00643124496 4.14715719
299 1240 1.92934825 0.00643116084 4.14715719
298 1236 1.92791541 0.00642638471 4.14765101
298 1236 1.92789938 0.00642633127 4.14765101
298 1237 1.92925418 0.00643084725 4.15100671
298 1237 1.92925664 0.00643085546 4.15100671
298 1235 1.92940164 0.00643133881 4.1442953
298 1235 1.92938951 0.00643129838 4.1442953
298 1235 1.92940501 0.00643135004 4.1442953
298 1235 1.92937572 0.00643125239 4.1442953
298 1235 1.92936493 0.00643121643 4.1442953
298 1235 1.92938766 0.00643129222 4.1442953
297 1225 1.92653772 0.00642179241 4.12457912
297 1232 1.9292612 0.00643087067 4.14814815
297 1232 1.92926733 0.0064308911 4.14814815
297 1232 1.92927157 0.00643090523 4.14814815
297 1232 1.92926984 0.00643089948 4.14814815
297 1232 1.92925089 0.00643083632 4.14814815
297 1232 1.92926097 0.00643086991 4.14814815
297 1232 1.92926226 0.00643087421 4.14814815
297 1232 1.9293129 0.00643104299 4.14814815
297 1232 1.92928822 0.00643096073 4.14814815
296 1225 1.92432128 0.00641440428 4.13851351
296 1219 1.92605656 0.00642018853 4.11824324
296 1219 1.92601958 0.00642006526 4.11824324
296 1219 1.9260735 0.00642024501 4.11824324
296 1224 1.92702741 0.00642342469 4.13513514
296 1224 1.92704065 0.00642346884 4.13513514
296 1224 1.92699266 0.00642330888 4.13513514
296 1226 1.92925084 0.00643083615 4.14189189
296 1226 1.92929158 0.00643097192 4.14189189
296 1226 1.9292893 0.00643096434 4.14189189
295 1217 1.92305411 0.00641018037 4.12542373
295 1216 1.92528198 0.00641760661 4.1220339
295 1216 1.92645286 0.00642150954 4.1220339
295 1222 1.92780081 0.0064260027 4.14237288
295 1222 1.92780444 0.0064260148 4.14237288
295 1222 1.92779186 0.00642597288 4.14237288
295 1222 1.92778917 0.00642596389 4.14237288
295 1222 1.92778133 0.00642593777 4.14237288
295 1222 1.92782252 0.00642607505 4.14237288
295 1222 1.92778113 0.00642593711 4.14237288
294 1212 1.92382244 0.00641274148 4.12244898
294 1209 1.92453746 0.00641512486 4.1122449
294 1212 1.92494027 0.00641646756 4.12244898
294 1212 1.92494047 0.00641646822 4.12244898
294 1212 1.9249283 0.00641642766 4.12244898
294 1212 1.92498402 0.00641661341 4.12244898
294 1212 1.92492312 0.00641641041 4.12244898
294 1214 1.92556024 0.00641853412 4.1292517
294 1214 1.92558108 0.00641860359 4.1292517
294 1214 1.9255407 0.006418469 4.1292517
293 1202 1.91918302 0.00639727675 4.10238908
293 1202 1.91913168 0.00639710559 4.10238908
293 1202 1.91917414 0.00639724712 4.10238908
293 1203 1.92211611 0.00640705369 4.10580205
293 1203 1.9221191 0.00640706365 4.10580205
293 1204 1.92273981 0.00640913271 4.10921502
293 1204 1.9227024 0.00640900802 4.10921502
293 1204 1.92271181 0.00640903938 4.10921502
293 1204 1.92271502 0.00640905007 4.10921502
293 1204 1.92272221 0.00640907403 4.10921502
292 1196 1.91589933 0.0063863311 4.09589041
292 1196 1.91592562 0.00638641872 4.09589041
292 1201 1.9163727 0.00638790901 4.1130137
292 1201 1.91632273 0.00638774243 4.1130137
292 1201 1.91622355 0.00638741183 4.1130137
292 1195 1.91670728 0.00638902426 4.09246575
292 1197 1.91781537 0.00639271789 4.09931507
292 1191 1.91948979 0.0063982993 4.07876712
292 1191 1.91951535 0.00639838451 4.07876712
292 1191 1.91963653 0.00639878843 4.07876712
291 1180 1.91610417 0.00638701389 4.05498282
291 1180 1.91616025 0.00638720083 4.05498282
291 1180 1.91618018 0.00638726728 4.05498282
291 1180 1.91614394 0.00638714647 4.05498282
291 1180 1.91610473 0.00638701575 4.05498282
291 1180 1.91612451 0.00638708169 4.05498282
291 1180 1.91610153 0.0063870051 4.05498282
291 1180 1.91614989 0.00638716632 4.05498282
291 1180 1.91615964 0.0063871988 4.05498282
291 1180 1.91609255 0.00638697518 4.05498282
290 1177 1.90973204 0.00636577348 4.05862069
290 1171 1.91016407 0.00636721356 4.03793103
290 1171 1.91020272 0.00636734238 4.03793103
290 1173 1.91151205 0.00637170684 4.04482759
290 1173 1.91158235 0.00637194116 4.04482759
290 1170 1.91231357 0.00637437856 4.03448276
290 1170 1.91230771 0.00637435903 4.03448276
290 1170 1.91231225 0.00637437418 4.03448276
290 1170 1.91231858 0.00637439528 4.03448276
290 1170 1.91227654 0.00637425513 4.03448276
289 1161 1.90368998 0.00634563326 4.01730104
289 1161 1.90348935 0.0063449645 4.01730104
289 1163 1.90771395 0.00635904651 4.02422145
289 1163 1.90783585 0.00635945283 4.02422145
289 1163 1.90754708 0.00635849026 4.02422145
289 1163 1.90750808 0.00635836026 4.02422145
289 1163 1.90751878 0.00635839594 4.02422145
289 1163 1.90779079 0.00635930265 4.02422145
289 1163 1.90779195 0.00635930649 4.02422145
289 1163 1.90757083 0.00635856944 4.02422145
288 1149 1.90015948 0.00633386494 3.98958333
288 1154 1.90189121 0.00633963738 4.00694444
288 1154 1.90180666 0.00633935552 4.00694444
288 1154 1.9018406 0.00633946866 4.00694444
288 1154 1.90182165 0.00633940549 4.00694444
288 1154 1.90186834 0.00633956114 4.00694444
288 1154 1.9018766 0.00633958866 4.00694444
288 1159 1.90204408 0.00634014693 4.02430556
288 1159 1.90211013 0.00634036711 4.02430556
288 1154 1.90187494 0.00633958315 4.00694444
287 1145 1.89346337 0.00631154458 3.98954704
287 1145 1.89339414 0.0063113138 3.98954704
287 1140 1.89428317 0.00631427723 3.97212544
287 1150 1.89621652 0.00632072172 4.00696864
287 1150 1.89629337 0.0063209779 4.00696864
287 1156 1.89681414 0.00632271382 4.02787456
287 1156 1.89678682 0.00632262272 4.02787456
287 1156 1.89680512 0.00632268372 4.02787456
287 1156 1.89678478 0.00632261595 4.02787456
287 1156 1.89685367 0.00632284558 4.02787456
286 1147 1.88841644 0.00629472145 4.01048951
286 1147 1.88839679 0.00629465598 4.01048951
286 1147 1.88995945 0.00629986484 4.01048951
286 1147 1.89004439 0.00630014797 4.01048951
286 1147 1.89001657 0.00630005522 4.01048951
286 1144 1.89077121 0.00630257071 4
286 1144 1.89080897 0.00630269656 4
286 1144 1.89067387 0.00630224623 4
286 1144 1.89068158 0.00630227192 4
286 1144 1.89066846 0.00630222819 4
285 1138 1.87956578 0.00626521927 3.99298246
285 1135 1.88522271 0.00628407571 3.98245614
285 1135 1.88511085 0.00628370282 3.98245614
285 1135 1.88525645 0.00628418817 3.98245614
285 1135 1.88529434 0.00628431447 3.98245614
285 1135 1.88527336 0.00628424453 3.98245614
285 1135 1.88523164 0.00628410546 3.98245614
285 1135 1.8851856 0.006283952 3.98245614
285 1135 1.88515448 0.00628384828 3.98245614
285 1135 1.88535598 0.00628451993 3.98245614
284 1128 1.87424635 0.00624748783 3.97183099
284 1128 1.87448939 0.00624829798 3.97183099
284 1128 1.87426792 0.00624755975 3.97183099
284 1127 1.87847948 0.00626159828 3.96830986
284 1126 1.87853314 0.00626177714 3.96478873
284 1126 1.87858582 0.00626195272 3.96478873
284 1126 1.87868412 0.0062622804 3.96478873
284 1126 1.87855261 0.00626184203 3.96478873
284 1126 1.87858347 0.00626194491 3.96478873
284 1126 1.87852005 0.0062617335 3.96478873
283 1116 1.86855225 0.0062285075 3.9434629
283 1118 1.87182411 0.00623941369 3.95053004
283 1118 1.87176252 0.00623920842 3.95053004
283 1118 1.87195235 0.00623984118 3.95053004
283 1118 1.87196558 0.00623988527 3.95053004
283 1118 1.87174253 0.00623914177 3.95053004
283 1118 1.87189579 0.00623965264 3.95053004
283 1118 1.87188735 0.00623962449 3.95053004
283 1118 1.87176992 0.00623923306 3.95053004
283 1118 1.871754 0.00623917999 3.95053004
282 1109 1.86386697 0.00621288991 3.93262411
282 1105 1.86461518 0.00621538394 3.91843972
282 1105 1.8644746 0.00621491533 3.91843972
282 1105 1.86439279 0.00621464264 3.91843972
282 1105 1.86457395 0.00621524649 3.91843972
282 1105 1.86441651 0.0062147217 3.91843972
282 1105 1.86438521 0.00621461738 3.91843972
282 1105 1.8644102 0.00621470066 3.91843972
282 1105 1.86446678 0.00621488927 3.91843972
282 1105 1.86436133 0.00621453777 3.91843972
281 1095 1.85463447 0.00618211491 3.89679715
281 1095 1.85435216 0.00618117385 3.89679715
281 1095 1.85453761 0.00618179203 3.89679715
281 1098 1.8550394 0.00618346468 3.90747331
281 1098 1.8551786 0.00618392866 3.90747331
281 1098 1.85493196 0.00618310653 3.90747331
281 1098 1.85504984 0.00618349948 3.90747331
281 1096 1.85566627 0.00618555424 3.90035587
281 1096 1.85660829 0.0061886943 3.90035587
281 1096 1.85661338 0.00618871127 3.90035587
280 1089 1.84743064 0.00615810214 3.88928571
280 1089 1.84736336 0.00615787787 3.88928571
280 1089 1.84741748 0.00615805826 3.88928571
280 1089 1.84761431 0.00615871438 3.88928571
280 1089 1.84756156 0.00615853852 3.88928571
280 1089 1.84755434 0.00615851446 3.88928571
280 1089 1.84751811 0.00615839368 3.88928571
280 1087 1.84804461 0.0061601487 3.88214286
280 1090 1.84594843 0.00615316144 3.89285714
280 1090 1.84605691 0.00615352304 3.89285714
279 1081 1.8341576 0.00611385867 3.87455197
279 1083 1.83755553 0.00612518511 3.88172043
279 1083 1.83727648 0.00612425493 3.88172043
279 1081 1.83947163 0.00613157209 3.87455197
279 1081 1.83951516 0.00613171721 3.87455197
279 1081 1.83943869 0.00613146229 3.87455197
279 1081 1.83947972 0.00613159908 3.87455197
279 1081 1.83943727 0.00613145756 3.87455197
279 1081 1.83953214 0.0061317738 3.87455197
279 1081 1.83949719 0.00613165731 3.87455197
278 1078 1.82747569 0.00609158562 3.87769784
278 1073 1.82875976 0.00609586585 3.85971223
278 1072 1.82987288 0.00609957628 3.85611511
278 1072 1.82968227 0.0060989409 3.85611511
278 1072 1.82960538 0.0060986846 3.85611511
278 1072 1.829557 0.00609852334 3.85611511
278 1072 1.8296834 0.00609894467 3.85611511
278 1072 1.82959315 0.00609864384 3.85611511
278 1072 1.82971152 0.00609903841 3.85611511
278 1072 1.82967339 0.0060989113 3.85611511
277 1065 1.82134718 0.00607115726 3.84476534
277 1065 1.8210496 0.00607016534 3.84476534
277 1065 1.82126454 0.00607088181 3.84476534
277 1065 1.82132373 0.00607107908 3.84476534
277 1065 1.82113301 0.00607044336 3.84476534
277 1067 1.82129886 0.0060709962 3.85198556
277 1067 1.82115534 0.0060705178 3.85198556
277 1067 1.82121628 0.00607072093 3.85198556
277 1067 1.82118307 0.00607061024 3.85198556
277 1067 1.8211755 0.00607058501 3.85198556
276 1058 1.80793348 0.00602644494 3.83333333
276 1061 1.808364 0.00602788001 3.8442029
276 1061 1.80819675 0.0060273225 3.8442029
276 1061 1.80999446 0.00603331487 3.8442029
276 1061 1.80982696 0.00603275653 3.8442029
276 1059 1.8110046 0.00603668201 3.83695652
276 1059 1.81098719 0.00603662397 3.83695652
276 1059 1.81088213 0.00603627377 3.83695652
276 1059 1.81106163 0.00603687211 3.83695652
276 1059 1.81088865 0.0060362955 3.83695652
275 1053 1.79711295 0.00599037651 3.82909091
275 1053 1.79842953 0.00599476509 3.82909091
275 1053 1.79836228 0.00599454093 3.82909091
275 1053 1.80041435 0.00600138116 3.82909091
275 1050 1.80124382 0.00600414605 3.81818182
275 1050 1.80126894 0.0060042298 3.81818182
275 1050 1.80097907 0.00600326357 3.81818182
275 1050 1.80097685 0.00600325617 3.81818182
275 1049 1.80185871 0.0060061957 3.81454545
275 1049 1.80186964 0.00600623214 3.81454545
274 1043 1.79129706 0.00597099019 3.80656934
274 1043 1.79107647 0.00597025489 3.80656934
274 1043 1.79129115 0.00597097051 3.80656934
274 1043 1.79106547 0.00597021823 3.80656934
274 1043 1.7910837 0.00597027899 3.80656934
274 1041 1.79193355 0.00597311184 3.79927007
274 1041 1.79181663 0.00597272212 3.79927007
274 1041 1.79190737 0.00597302456 3.79927007
274 1041 1.79193665 0.00597312217 3.79927007
274 1041 1.79175793 0.00597252644 3.79927007
273 1035 1.7792838 0.00593094598 3.79120879
273 1035 1.77951034 0.00593170114 3.79120879
273 1035 1.7787077 0.00592902568 3.79120879
273 1035 1.78115842 0.00593719474 3.79120879
273 1035 1.78128021 0.00593760072 3.79120879
273 1035 1.78123244 0.00593744148 3.79120879
273 1035 1.78110403 0.00593701344 3.79120879
273 1038 1.78095854 0.00593652847 3.8021978
273 1038 1.78092615 0.00593642051 3.8021978
273 1035 1.78110012 0.0059370004 3.79120879
272 1029 1.76885765 0.00589619218 3.78308824
272 1029 1.76815281 0.0058938427 3.78308824
272 1029 1.76797448 0.00589324827 3.78308824
272 1026 1.76951634 0.00589838779 3.77205882
272 1026 1.76974025 0.00589913416 3.77205882
272 1026 1.76952266 0.00589840887 3.77205882
272 1028 1.76690492 0.00588968305 3.77941176
272 1028 1.76684639 0.00588948797 3.77941176
272 1028 1.76689465 0.00588964882 3.77941176
272 1025 1.76803893 0.00589346309 3.76838235
271 1018 1.75506913 0.00585023044 3.75645756
271 1018 1.75474095 0.0058491365 3.75645756
271 1022 1.75730228 0.00585767428 3.77121771
271 1022 1.75732743 0.00585775809 3.77121771
271 1022 1.75739315 0.00585797718 3.77121771
271 1022 1.75739996 0.00585799986 3.77121771
271 1022 1.75735286 0.00585784287 3.77121771
271 1022 1.75719522 0.0058573174 3.77121771
271 1018 1.7586685 0.00586222833 3.75645756
271 1018 1.75875507 0.00586251689 3.75645756
270 1009 1.7445957 0.00581531901 3.73703704
270 1012 1.74595832 0.00581986107 3.74814815
270 1011 1.74815744 0.00582719147 3.74444444
270 1011 1.74805642 0.00582685474 3.74444444
270 1011 1.74825337 0.00582751124 3.74444444
270 1011 1.74821542 0.00582738473 3.74444444
270 1011 1.74839901 0.00582799671 3.74444444
270 1011 1.74831557 0.00582771856 3.74444444
270 1011 1.74815402 0.00582718007 3.74444444
270 1011 1.74820671 0.00582735571 3.74444444
269 1005 1.73921191 0.00579737302 3.73605948
269 1005 1.73903075 0.00579676917 3.73605948
269 1005 1.7390966 0.00579698866 3.73605948
269 1005 1.73963892 0.00579879641 3.73605948
269 1005 1.73924819 0.00579749398 3.73605948
269 1005 1.73917412 0.00579724707 3.73605948
269 1005 1.73924056 0.00579746853 3.73605948
269 1005 1.73921254 0.00579737513 3.73605948
269 1005 1.7374521 0.00579150699 3.73605948
269 1005 1.73763641 0.00579212136 3.73605948
268 998 1.72717365 0.00575724549 3.7238806
268 998 1.72728424 0.00575761414 3.7238806
268 998 1.72745407 0.00575818022 3.7238806
268 998 1.72756897 0.00575856324 3.7238806
268 992 1.73405987 0.00578019956 3.70149254
268 992 1.73416539 0.0057805513 3.70149254
268 992 1.73422549 0.00578075164 3.70149254
268 992 1.73414906 0.00578049687 3.70149254
268 992 1.7340379 0.00578012633 3.70149254
268 992 1.73402452 0.00578008173 3.70149254
267 986 1.72210416 0.0057403472 3.6928839
267 986 1.72206501 0.00574021669 3.6928839
267 986 1.72224336 0.00574081119 3.6928839
267 986 1.72204365 0.00574014551 3.6928839
267 986 1.72227642 0.0057409214 3.6928839
267 986 1.72202012 0.00574006708 3.6928839
267 986 1.72197753 0.0057399251 3.6928839
267 986 1.72228584 0.00574095281 3.6928839
267 986 1.72242139 0.00574140462 3.6928839
267 989 1.72634825 0.00575449416 3.70411985
266 982 1.71051988 0.00570173294 3.69172932
266 982 1.71045737 0.00570152456 3.69172932
266 982 1.71036347 0.00570121156 3.69172932
266 982 1.71041569 0.00570138562 3.69172932
266 982 1.71034296 0.00570114319 3.69172932
266 982 1.71038726 0.00570129088 3.69172932
266 985 1.70466305 0.00568221018 3.70300752
266 983 1.71353326 0.00571177754 3.69548872
266 983 1.7133962 0.00571132067 3.69548872
266 984 1.72094657 0.00573648858 3.69924812
265 975 1.71026665 0.00570088884 3.67924528
265 975 1.7102446 0.00570081535 3.67924528
265 975 1.71036706 0.00570122353 3.67924528
265 975 1.71004363 0.00570014542 3.67924528
265 975 1.71050867 0.00570169556 3.67924528
265 975 1.71013617 0.00570045389 3.67924528
265 975 1.71001809 0.00570006031 3.67924528
265 975 1.70999694 0.00569998981 3.67924528
265 975 1.71017472 0.00570058242 3.67924528
265 975 1.71057903 0.00570193011 3.67924528
264 968 1.69570932 0.0056523644 3.66666667
264 968 1.69520741 0.00565069136 3.66666667
264 971 1.69285214 0.00564284048 3.6780303
264 971 1.69257302 0.00564191007 3.6780303
264 973 1.68987566 0.00563291888 3.68560606
264 973 1.68985165 0.00563283882 3.68560606
264 973 1.69004345 0.00563347815 3.68560606
264 973 1.68964 0.00563213335 3.68560606
264 973 1.68977903 0.00563259676 3.68560606
264 973 1.69002594 0.00563341979 3.68560606
263 968 1.67133306 0.00557111021 3.68060837
263 964 1.68333877 0.00561112925 3.66539924
263 964 1.68320421 0.00561068069 3.66539924
263 964 1.68323036 0.00561076786 3.66539924
263 964 1.68861251 0.00562870836 3.66539924
263 964 1.68864643 0.00562882145 3.66539924
263 964 1.68855524 0.00562851745 3.66539924
263 964 1.68871376 0.00562904588 3.66539924
263 964 1.68859207 0.00562864024 3.66539924
263 964 1.68881696 0.00562938986 3.66539924
262 959 1.67089931 0.00556966435 3.66030534
262 959 1.6782584 0.00559419467 3.66030534
262 957 1.67820089 0.00559400297 3.65267176
262 957 1.67821335 0.0055940445 3.65267176
262 957 1.67831005 0.00559436682 3.65267176
262 957 1.67792688 0.0055930896 3.65267176
262 957 1.67831228 0.00559437426 3.65267176
262 957 1.67839317 0.00559464389 3.65267176
262 957 1.67798568 0.00559328558 3.65267176
262 957 1.67799738 0.0055933246 3.65267176
261 949 1.66800699 0.00556002331 3.63601533
261 949 1.66806353 0.00556021178 3.63601533
261 949 1.66810763 0.00556035877 3.63601533
261 952 1.6678445 0.00555948166 3.64750958
261 952 1.66777952 0.00555926507 3.64750958
261 952 1.66818657 0.00556062189 3.64750958
261 952 1.66807016 0.00556023388 3.64750958
261 952 1.6680282 0.005560094 3.64750958
261 952 1.66788125 0.00555960416 3.64750958
261 952 1.66799086 0.00555996954 3.64750958
260 944 1.65779842 0.00552599475 3.63076923
260 944 1.65786708 0.00552622359 3.63076923
260 944 1.65799261 0.00552664203 3.63076923
260 944 1.65783701 0.00552612336 3.63076923
260 944 1.65787381 0.00552624605 3.63076923
260 944 1.65816094 0.00552720314 3.63076923
260 943 1.66098812 0.00553662707 3.62692308
260 943 1.66128465 0.00553761549 3.62692308
260 943 1.66113563 0.00553711877 3.62692308
260 943 1.66111648 0.00553705495 3.62692308
259 935 1.65106329 0.00550354431 3.61003861
259 935 1.65118724 0.00550395746 3.61003861
259 935 1.65115494 0.00550384981 3.61003861
259 935 1.65108583 0.00550361943 3.61003861
259 935 1.65137736 0.00550459119 3.61003861
259 935 1.65099243 0.00550330812 3.61003861
259 935 1.65099891 0.00550332969 3.61003861
259 935 1.65099028 0.00550330094 3.61003861
259 935 1.65103254 0.00550344179 3.61003861
259 935 1.65092402 0.00550308007 3.61003861
258 930 1.63442616 0.00544808721 3.60465116
258 930 1.63427657 0.00544758856 3.60465116
258 930 1.63425751 0.00544752504 3.60465116
258 932 1.63671084 0.0054557028 3.6124031
258 932 1.63652769 0.00545509231 3.6124031
258 932 1.63646946 0.0054548982 3.6124031
258 932 1.63642758 0.00545475859 3.6124031
258 932 1.63700033 0.00545666775 3.6124031
258 928 1.63741429 0.00545804764 3.59689922
258 928 1.63762543 0.00545875143 3.59689922
257 926 1.62247435 0.00540824783 3.60311284
257 926 1.62233894 0.00540779648 3.60311284
257 926 1.6224906 0.00540830199 3.60311284
257 926 1.62272846 0.00540909486 3.60311284
257 926 1.62282305 0.00540941018 3.60311284
257 926 1.62243027 0.00540810091 3.60311284
257 926 1.62265756 0.00540885853 3.60311284
257 919 1.62221861 0.00540739538 3.57587549
257 919 1.62227112 0.0054075704 3.57587549
257 925 1.62155005 0.00540516682 3.59922179
256 917 1.6062337 0.00535411235 3.58203125
256 917 1.60626734 0.00535422446 3.58203125
256 919 1.60613357 0.00535377857 3.58984375
256 919 1.60611829 0.00535372765 3.58984375
256 919 1.60620778 0.00535402592 3.58984375
256 919 1.60634571 0.00535448571 3.58984375
256 919 1.60573124 0.00535243747 3.58984375
256 919 1.60611462 0.00535371539 3.58984375
256 919 1.60623996 0.00535413319 3.58984375
256 919 1.60620875 0.00535402916 3.58984375
255 914 1.59070151 0.00530233838 3.58431373
255 911 1.59082552 0.00530275174 3.57254902
255 911 1.59092965 0.00530309884 3.57254902
255 908 1.59140126 0.00530467088 3.56078431
255 908 1.59122638 0.00530408793 3.56078431
255 908 1.5911902 0.00530396733 3.56078431
255 908 1.59134365 0.00530447884 3.56078431
255 908 1.59115126 0.00530383753 3.56078431
255 908 1.59145737 0.00530485791 3.56078431
255 908 1.59123096 0.00530410319 3.56078431
254 902 1.57314436 0.00524381455 3.5511811
254 900 1.57582266 0.0052527422 3.54330709
254 902 1.57768154 0.00525893846 3.5511811
254 900 1.57803602 0.00526012005 3.54330709
254 900 1.57806353 0.00526021177 3.54330709
254 900 1.57826002 0.00526086673 3.54330709
254 900 1.57830162 0.00526100539 3.54330709
254 900 1.57798998 0.0052599666 3.54330709
254 900 1.57829711 0.00526099035 3.54330709
254 900 1.57805164 0.00526017213 3.54330709
253 896 1.55956098 0.00519853659 3.54150198
252 890 1.54185969 0.0051395323 3.53174603
252 893 1.54789409 0.00515964698 3.54365079
252 893 1.54805416 0.00516018055 3.54365079
252 897 1.55273421 0.00517578069 3.55952381
252 897 1.55310976 0.00517703252 3.55952381
252 897 1.5530357 0.00517678567 3.55952381
252 897 1.55317653 0.0051772551 3.55952381
252 897 1.55298906 0.00517663021 3.55952381
252 897 1.55284818 0.00517616061 3.55952381
251 889 1.53858956 0.00512863187 3.54183267
251 889 1.53832247 0.00512774156 3.54183267
251 889 1.53844841 0.00512816138 3.54183267
251 889 1.53843002 0.00512810006 3.54183267
251 889 1.53861195 0.0051287065 3.54183267
251 889 1.53846641 0.00512822136 3.54183267
251 889 1.53820865 0.00512736216 3.54183267
251 889 1.53848256 0.00512827521 3.54183267
251 889 1.53839906 0.00512799688 3.54183267
251 889 1.53838369 0.00512794563 3.54183267
250 883 1.52101303 0.00507004343 3.532
250 883 1.5246037 0.00508201233 3.532
250 883 1.52478581 0.00508261937 3.532
250 883 1.52462803 0.00508209343 3.532
250 883 1.52475955 0.00508253184 3.532
250 883 1.52458163 0.00508193876 3.532
250 883 1.52457391 0.00508191302 3.532
250 883 1.52503386 0.00508344619 3.532
250 883 1.52462095 0.00508206982 3.532
250 883 1.52474904 0.00508249679 3.532
249 878 1.50701899 0.00502339664 3.52610442
249 878 1.50692387 0.00502307958 3.52610442
249 877 1.50650957 0.00502169855 3.52208835
249 873 1.50683885 0.00502279617 3.5060241
249 873 1.50701252 0.00502337508 3.5060241
249 873 1.50710365 0.00502367882 3.5060241
249 879 1.50964851 0.0050321617 3.53012048
249 879 1.5095429 0.00503180965 3.53012048
249 879 1.50932398 0.00503107992 3.53012048
249 874 1.5153021 0.00505100699 3.51004016
248 865 1.49691683 0.00498972276 3.48790323
248 865 1.4968749 0.00498958299 3.48790323
248 867 1.49745069 0.00499150231 3.49596774
247 862 1.49270403 0.00497568011 3.48987854
247 862 1.49296979 0.00497656598 3.48987854
247 862 1.49254803 0.00497516009 3.48987854
247 862 1.49259294 0.00497530979 3.48987854
247 862 1.49258148 0.00497527159 3.48987854
247 862 1.49268376 0.00497561255 3.48987854
247 862 1.49283925 0.00497613082 3.48987854
246 853 1.4745031 0.00491501032 3.46747967
246 853 1.47464255 0.00491547518 3.46747967
246 853 1.47467801 0.00491559338 3.46747967
246 853 1.47471613 0.00491572043 3.46747967
246 856 1.47560613 0.00491868711 3.4796748
246 856 1.4754604 0.00491820134 3.4796748
246 856 1.47516521 0.00491721737 3.4796748
246 858 1.47768886 0.00492562954 3.48780488
246 858 1.47749614 0.00492498713 3.48780488
246 858 1.47714352 0.00492381172 3.48780488
245 849 1.45968533 0.00486561776 3.46530612
245 852 1.46137083 0.00487123609 3.47755102
245 852 1.46150507 0.00487168357 3.47755102
245 852 1.46155784 0.00487185946 3.47755102
245 852 1.46131502 0.00487105007 3.47755102
245 852 1.4611222 0.00487040734 3.47755102
245 852 1.46100152 0.00487000508 3.47755102
245 852 1.46111191 0.00487037303 3.47755102
245 852 1.46163583 0.00487211943 3.47755102
245 852 1.46146062 0.00487153539 3.47755102
244 849 1.43875044 0.00479583481 3.4795082
244 843 1.44463003 0.00481543342 3.45491803
244 843 1.44549157 0.00481830524 3.45491803
244 843 1.44520192 0.00481733973 3.45491803
244 843 1.44530172 0.0048176724 3.45491803
244 843 1.44511096 0.00481703654 3.45491803
244 843 1.44548798 0.00481829326 3.45491803
244 843 1.44518502 0.00481728339 3.45491803
244 843 1.44521643 0.00481738811 3.45491803
244 843 1.44545374 0.00481817913 3.45491803
243 834 1.42674834 0.00475582779 3.43209877
243 834 1.42668121 0.00475560403 3.43209877
243 834 1.42742374 0.00475807913 3.43209877
243 834 1.42671463 0.00475571544 3.43209877
243 834 1.42713267 0.00475710891 3.43209877
243 837 1.42907631 0.00476358769 3.44444444
243 837 1.42868413 0.00476228044 3.44444444
243 837 1.42937103 0.0047645701 3.44444444
243 837 1.42911768 0.0047637256 3.44444444
243 837 1.42900815 0.00476336049 3.44444444
242 828 1.41015049 0.00470050165 3.4214876
242 828 1.41001105 0.00470003684 3.4214876
242 828 1.41057687 0.00470192291 3.4214876
242 828 1.41004823 0.00470016077 3.4214876
242 833 1.41032457 0.00470108189 3.44214876
242 830 1.41323852 0.00471079508 3.42975207
242 830 1.41359969 0.00471199898 3.42975207
242 830 1.413158 0.00471052667 3.42975207
242 830 1.41302509 0.00471008364 3.42975207
242 832 1.41227005 0.00470756685 3.43801653
241 830 1.39315631 0.00464385438 3.4439834
241 830 1.39237871 0.00464126236 3.4439834
241 823 1.39546596 0.00465155321 3.41493776
241 823 1.39556085 0.00465186951 3.41493776
241 823 1.39552628 0.00465175425 3.41493776
241 823 1.39520482 0.00465068272 3.41493776
241 823 1.39528372 0.00465094573 3.41493776
241 821 1.3951628 0.00465054266 3.406639
241 821 1.3955433 0.00465181102 3.406639
241 821 1.3949536 0.00464984533 3.406639
240 812 1.37900983 0.00459669944 3.38333333
240 812 1.37888031 0.0045962677 3.38333333
240 812 1.37904915 0.00459683051 3.38333333
240 812 1.3785183 0.00459506101 3.38333333
240 812 1.3786537 0.00459551232 3.38333333
240 812 1.37903528 0.00459678428 3.38333333
240 812 1.37924448 0.0045974816 3.38333333
240 812 1.37948234 0.00459827446 3.38333333
240 812 1.37871393 0.0045957131 3.38333333
240 812 1.37898917 0.00459663056 3.38333333
239 807 1.35907913 0.00453026378 3.37656904
239 809 1.35965409 0.0045321803 3.38493724
239 804 1.36494568 0.00454981893 3.36401674
239 804 1.36573469 0.00455244897 3.36401674
239 804 1.3652235 0.004550745 3.36401674
239 804 1.36503628 0.00455012093 3.36401674
239 804 1.36534631 0.00455115437 3.36401674
239 804 1.36553003 0.00455176678 3.36401674
239 804 1.36559597 0.00455198658 3.36401674
239 804 1.3650888 0.004550296 3.36401674
238 799 1.35350294 0.00451167646 3.35714286
238 799 1.35357489 0.00451191631 3.35714286
238 799 1.35342789 0.0045114263 3.35714286
238 799 1.35365047 0.00451216823 3.35714286
238 799 1.35352152 0.00451173841 3.35714286
238 799 1.35349681 0.00451165604 3.35714286
238 799 1.35335666 0.00451118886 3.35714286
238 799 1.353475 0.00451158333 3.35714286
238 799 1.35345345 0.00451151149 3.35714286
238 799 1.35383454 0.0045127818 3.35714286
237 796 1.33537581 0.00445125269 3.35864979
237 793 1.33415928 0.00444719762 3.34599156
237 794 1.33461724 0.00444872415 3.35021097
237 794 1.33504865 0.00445016215 3.35021097
237 794 1.33478523 0.00444928409 3.35021097
237 790 1.33750743 0.0044583581 3.33333333
237 790 1.33700948 0.00445669826 3.33333333
237 790 1.3376234 0.00445874467 3.33333333
237 790 1.33762727 0.00445875756 3.33333333
237 790 1.33767371 0.00445891235 3.33333333
236 785 1.31975306 0.00439917686 3.32627119
236 785 1.31941745 0.00439805817 3.32627119
236 784 1.3195688 0.00439856268 3.3220339
236 784 1.31972912 0.00439909708 3.3220339
236 784 1.31989687 0.00439965623 3.3220339
236 784 1.31994391 0.00439981303 3.3220339
236 784 1.32001533 0.0044000511 3.3220339
236 787 1.32096759 0.00440322529 3.33474576
236 787 1.32093236 0.00440310786 3.33474576
236 787 1.32124773 0.00440415911 3.33474576
235 782 1.30445278 0.00434817593 3.32765957
235 782 1.30469 0.00434896666 3.32765957
235 782 1.30448556 0.00434828518 3.32765957
235 783 1.30489192 0.00434963974 3.33191489
235 783 1.30508985 0.00435029949 3.33191489
235 783 1.30483313 0.00434944378 3.33191489
235 778 1.30476744 0.00434922481 3.3106383
235 778 1.30496678 0.00434988928 3.3106383
235 778 1.30435366 0.00434784553 3.3106383
235 781 1.3024553 0.00434151765 3.32340426
234 775 1.28260258 0.00427534194 3.31196581
234 777 1.28606604 0.00428688679 3.32051282
234 777 1.28650176 0.00428833919 3.32051282
234 777 1.28641713 0.00428805711 3.32051282
234 777 1.28604939 0.00428683131 3.32051282
234 777 1.28628647 0.00428762156 3.32051282
234 777 1.28651513 0.00428838376 3.32051282
234 781 1.28702372 0.00429007908 3.33760684
234 781 1.2870333 0.00429011101 3.33760684
234 781 1.28646084 0.00428820279 3.33760684
233 775 1.26803863 0.00422679542 3.32618026
233 775 1.26758497 0.00422528324 3.32618026
233 772 1.27091943 0.00423639811 3.31330472
233 772 1.27064268 0.00423547559 3.31330472
233 772 1.27027964 0.00423426547 3.31330472
233 772 1.27079481 0.00423598271 3.31330472
233 772 1.27109996 0.00423699986 3.31330472
233 772 1.27090369 0.00423634563 3.31330472
233 772 1.27125061 0.00423750204 3.31330472
233 772 1.27059207 0.00423530689 3.31330472
232 767 1.25407643 0.00418025478 3.30603448
232 767 1.25399225 0.00417997416 3.30603448
232 765 1.25361218 0.00417870726 3.29741379
232 763 1.25885422 0.00419618073 3.2887931
232 763 1.25812178 0.00419373928 3.2887931
232 763 1.25868417 0.00419561391 3.2887931
232 763 1.25797095 0.00419323649 3.2887931
232 763 1.25806693 0.00419355644 3.2887931
232 763 1.25850219 0.00419500729 3.2887931
232 763 1.25869382 0.00419564608 3.2887931
231 759 1.23585221 0.00411950738 3.28571429
231 759 1.23623311 0.00412077704 3.28571429
231 759 1.23537948 0.0041179316 3.28571429
231 758 1.24186781 0.00413955938 3.28138528
231 758 1.24214694 0.00414048978 3.28138528
231 758 1.24284037 0.00414280123 3.28138528
231 758 1.24255985 0.00414186618 3.28138528
231 758 1.24272997 0.00414243323 3.28138528
231 758 1.24258919 0.00414196397 3.28138528
231 758 1.24253892 0.00414179641 3.28138528
230 751 1.22549721 0.0040849907 3.26521739
230 751 1.22517713 0.00408392378 3.26521739
230 751 1.22598162 0.00408660541 3.26521739
230 751 1.22568197 0.00408560656 3.26521739
230 751 1.22574091 0.00408580302 3.26521739
230 751 1.22567125 0.00408557082 3.26521739
230 751 1.22591185 0.00408637282 3.26521739
230 751 1.22554529 0.00408515096 3.26521739
230 753 1.22412351 0.0040804117 3.27391304
230 751 1.2231493 0.00407716434 3.26521739
229 747 1.20229327 0.00400764423 3.26200873
229 745 1.20582976 0.00401943254 3.25327511
229 745 1.20630949 0.00402103162 3.25327511
229 745 1.20630567 0.00402101889 3.25327511
229 745 1.20651087 0.00402170289 3.25327511
229 746 1.20766499 0.00402554997 3.25764192
229 746 1.20773744 0.00402579145 3.25764192
229 746 1.20779701 0.00402599002 3.25764192
229 746 1.20804254 0.00402680848 3.25764192
229 746 1.20781414 0.00402604714 3.25764192
228 739 1.1943538 0.00398117934 3.24122807
228 739 1.1942875 0.00398095833 3.24122807
228 737 1.18549355 0.00395164515 3.23245614
228 737 1.18364576 0.00394548588 3.23245614
228 737 1.1837129 0.00394570968 3.23245614
228 740 1.17787601 0.00392625335 3.24561404
228 740 1.17774135 0.00392580451 3.24561404
228 740 1.17803653 0.00392678845 3.24561404
228 740 1.1778814 0.00392627134 3.24561404
228 741 1.19209496 0.00397364988 3.25
227 732 1.1866863 0.003955621 3.2246696
227 735 1.18217892 0.00394059642 3.23788546
227 735 1.18250177 0.00394167257 3.23788546
227 735 1.18242869 0.00394142898 3.23788546
227 735 1.18231613 0.00394105378 3.23788546
227 735 1.18204933 0.00394016444 3.23788546
227 735 1.18217755 0.00394059182 3.23788546
227 733 1.18420697 0.00394735656 3.22907489
227 733 1.18389063 0.00394630211 3.22907489
227 733 1.18397588 0.00394658626 3.22907489
226 731 1.16692517 0.00388975057 3.23451327
226 731 1.16688683 0.00388962278 3.23451327
226 731 1.16754442 0.00389181472 3.23451327
226 727 1.16784178 0.00389280593 3.21681416
226 727 1.16765718 0.00389219061 3.21681416
226 727 1.16759805 0.0038919935 3.21681416
226 727 1.16780239 0.00389267464 3.21681416
226 727 1.16786281 0.00389287602 3.21681416
226 727 1.16745196 0.00389150655 3.21681416
226 727 1.16767227 0.00389224089 3.21681416
225 721 1.15037297 0.00383457658 3.20444444
225 723 1.15024206 0.00383414022 3.21333333
225 721 1.16049603 0.0038683201 3.20444444
225 721 1.16047362 0.00386824541 3.20444444
225 721 1.16044687 0.00386815622 3.20444444
225 721 1.16019996 0.00386733322 3.20444444
225 721 1.16029277 0.00386764255 3.20444444
225 721 1.16029212 0.00386764039 3.20444444
225 721 1.16035341 0.00386784471 3.20444444
225 721 1.16028396 0.00386761318 3.20444444
224 715 1.14356148 0.00381187161 3.19196429
224 715 1.14372253 0.00381240842 3.19196429
224 719 1.14542363 0.00381807877 3.20982143
224 721 1.14389548 0.00381298493 3.21875
224 721 1.14487842 0.0038162614 3.21875
224 721 1.14469495 0.00381564985 3.21875
224 721 1.14468721 0.00381562405 3.21875
224 721 1.14491703 0.0038163901 3.21875
224 721 1.14504592 0.00381681975 3.21875
224 721 1.14479512 0.00381598373 3.21875
223 717 1.12910192 0.00376367307 3.21524664
223 717 1.12730389 0.00375767963 3.21524664
223 717 1.12723634 0.00375745446 3.21524664
223 717 1.12725433 0.00375751444 3.21524664
223 715 1.12455987 0.0037485329 3.20627803
223 716 1.11906905 0.00373023017 3.21076233
223 716 1.1192648 0.00373088266 3.21076233
223 716 1.1192706 0.003730902 3.21076233
223 719 1.11942354 0.00373141182 3.22421525
223 719 1.11927513 0.00373091711 3.22421525
222 715 1.11130344 0.00370434478 3.22072072
221 707 1.10228278 0.00367427592 3.19909502
221 707 1.10213087 0.00367376956 3.19909502
221 704 1.09480932 0.0036493644 3.18552036
221 704 1.09491464 0.00364971548 3.18552036
220 698 1.09170446 0.00363901488 3.17272727
220 698 1.09167267 0.00363890891 3.17272727
220 702 1.08141512 0.00360471706 3.19090909
220 704 1.08084752 0.00360282507 3.2
220 704 1.07204119 0.00357347065 3.2
219 700 1.06746979 0.00355823264 3.19634703
219 701 1.05338579 0.00351128597 3.20091324
219 700 1.05384711 0.0035128237 3.19634703
219 697 1.05630431 0.00352101437 3.1826484
219 697 1.06015392 0.00353384641 3.1826484
219 693 1.06744354 0.00355814512 3.16438356
219 693 1.06725292 0.00355750972 3.16438356
219 693 1.06727262 0.00355757539 3.16438356
219 693 1.06726157 0.00355753857 3.16438356
219 694 1.06116652 0.00353722173 3.16894977
218 687 1.05213652 0.00350712174 3.15137615
218 690 1.06021409 0.00353404696 3.16513761
218 687 1.05535285 0.00351784282 3.15137615
218 687 1.05517501 0.00351725004 3.15137615
218 687 1.05522193 0.00351740643 3.15137615
218 687 1.05534092 0.00351780308 3.15137615
218 689 1.05561709 0.00351872364 3.16055046
218 689 1.05470192 0.00351567307 3.16055046
218 689 1.05072212 0.00350240705 3.16055046
218 689 1.05466044 0.00351553481 3.16055046
217 681 1.04111665 0.00347038885 3.13824885
217 680 1.02941017 0.00343136723 3.13364055
217 677 1.0224039 0.00340801301 3.11981567
217 677 1.02239705 0.00340799015 3.11981567
217 677 1.01644172 0.00338813905 3.11981567
216 671 1.01015043 0.00336716809 3.10648148
216 671 1.01010702 0.00336702339 3.10648148
216 675 0.998755359 0.00332918453 3.125
216 675 1.00603482 0.00335344939 3.125
216 680 1.01387359 0.00337957864 3.14814815
215 672 1.01361115 0.00337870384 3.1255814
215 672 1.01324825 0.00337749416 3.1255814
215 672 1.01350124 0.00337833746 3.1255814
215 671 1.02087616 0.00340292054 3.12093023
215 671 1.02697727 0.00342325755 3.12093023
215 671 1.02694988 0.00342316627 3.12093023
215 671 1.02029271 0.00340097569 3.12093023
215 671 1.02036509 0.00340121697 3.12093023
215 672 1.01133598 0.00337111994 3.1255814
215 673 1.01862598 0.00339541995 3.13023256
214 668 1.01087322 0.0033695774 3.12149533
214 669 1.01200526 0.00337335088 3.12616822
214 671 1.02154803 0.0034051601 3.13551402
214 671 1.02149988 0.00340499962 3.13551402
214 671 1.0215866 0.00340528865 3.13551402
214 671 1.02160298 0.00340534326 3.13551402
214 667 1.01703186 0.0033901062 3.11682243
214 663 1.01777136 0.00339257121 3.09813084
214 661 1.01452809 0.00338176031 3.08878505
213 656 1.0109324 0.00336977467 3.07981221
212 655 0.996805182 0.00332268394 3.08962264
212 655 0.997341375 0.00332447125 3.08962264
212 655 0.996490459 0.00332163486 3.08962264
212 654 1.00465019 0.00334883396 3.08490566
212 654 1.00480149 0.0033493383 3.08490566
211 648 0.993689876 0.00331229959 3.07109005
211 648 0.993836544 0.00331278848 3.07109005
211 648 0.994252152 0.00331417384 3.07109005
210 646 0.988475125 0.00329491708 3.07619048
210 646 0.988132715 0.00329377572 3.07619048
209 644 0.970215986 0.00323405329 3.08133971
209 642 0.979151084 0.00326383695 3.07177033
209 642 0.97904656 0.00326348853 3.07177033
209 642 0.979034885 0.00326344962 3.07177033
209 642 0.979034561 0.00326344854 3.07177033
209 642 0.980562366 0.00326854122 3.07177033
209 642 0.980373604 0.00326791201 3.07177033
209 642 0.979864104 0.00326621368 3.07177033
209 641 0.974663828 0.00324887943 3.06698565
209 641 0.974403687 0.00324801229 3.06698565
208 635 0.96413557 0.00321378523 3.05288462
208 635 0.963931176 0.00321310392 3.05288462
208 635 0.96411311 0.00321371037 3.05288462
208 635 0.963923742 0.00321307914 3.05288462
208 634 0.960304291 0.0032010143 3.04807692
208 634 0.960213914 0.00320071305 3.04807692
208 637 0.964592848 0.00321530949 3.0625
208 637 0.964461987 0.00321487329 3.0625
208 637 0.964605442 0.00321535147 3.0625
208 637 0.964667828 0.00321555943 3.0625
207 635 0.949433024 0.00316477675 3.06763285
207 631 0.956204325 0.00318734775 3.04830918
207 631 0.956373835 0.00318791278 3.04830918
207 631 0.956282538 0.00318760846 3.04830918
207 631 0.9563571 0.003187857 3.04830918
207 629 0.963548053 0.00321182684 3.03864734
207 630 0.965453526 0.00321817842 3.04347826
207 630 0.97029828 0.0032343276 3.04347826
207 630 0.970263448 0.00323421149 3.04347826
207 633 0.970146586 0.00323382195 3.05797101
206 631 0.955913958 0.00318637986 3.0631068
206 631 0.955870312 0.00318623437 3.0631068
206 626 0.957414016 0.00319138005 3.03883495
206 626 0.957453207 0.00319151069 3.03883495
206 626 0.957303198 0.00319101066 3.03883495
206 626 0.957399016 0.00319133005 3.03883495
206 626 0.959405202 0.00319801734 3.03883495
206 626 0.959198507 0.00319732836 3.03883495
206 627 0.960410503 0.00320136834 3.04368932
206 627 0.960461205 0.00320153735 3.04368932
205 620 0.949443979 0.00316481326 3.02439024
205 620 0.949596241 0.0031653208 3.02439024
205 620 0.94945338 0.0031648446 3.02439024
205 620 0.949463128 0.00316487709 3.02439024
205 621 0.953993652 0.00317997884 3.02926829
205 621 0.953953604 0.00317984535 3.02926829
205 621 0.953909182 0.00317969727 3.02926829
205 621 0.954204334 0.00318068111 3.02926829
205 621 0.953937426 0.00317979142 3.02926829
205 621 0.954027865 0.00318009288 3.02926829
204 616 0.941857942 0.00313952647 3.01960784
204 616 0.940954482 0.00313651494 3.01960784
204 617 0.937823153 0.00312607718 3.0245098
204 614 0.93086989 0.00310289963 3.00980392
203 610 0.928571961 0.00309523987 3.00492611
203 610 0.928492367 0.00309497456 3.00492611
203 610 0.928575805 0.00309525268 3.00492611
203 612 0.92844988 0.00309483293 3.01477833
203 612 0.928249215 0.00309416405 3.01477833
203 612 0.928475088 0.00309491696 3.01477833
202 606 0.917722806 0.00305907602 3
202 606 0.917574391 0.0030585813 3
202 605 0.923119451 0.00307706484 2.9950495
202 605 0.922565205 0.00307521735 2.9950495
202 605 0.922862296 0.00307620765 2.9950495
201 602 0.913407438 0.00304469146 2.99502488
201 602 0.913434013 0.00304478004 2.99502488
201 602 0.913429873 0.00304476624 2.99502488
201 602 0.913433252 0.00304477751 2.99502488
201 604 0.913520122 0.00304506707 3.00497512
200 597 0.913388169 0.00304462723 2.985
200 597 0.9046835 0.00301561167 2.985
200 597 0.904614645 0.00301538215 2.985
200 594 0.894325018 0.00298108339 2.97
200 594 0.894725711 0.00298241904 2.97
200 594 0.894503876 0.00298167959 2.97
200 594 0.89449287 0.0029816429 2.97
200 595 0.894491959 0.00298163986 2.975
200 595 0.894364353 0.00298121451 2.975
200 595 0.894673388 0.00298224463 2.975
198 583 0.882444124 0.00294148041 2.94444444
198 581 0.873206271 0.00291068757 2.93434343
198 583 0.882502947 0.00294167649 2.94444444
198 583 0.882643902 0.00294214634 2.94444444
198 583 0.886389577 0.00295463192 2.94444444
198 581 0.882419079 0.00294139693 2.93434343
197 579 0.876906051 0.00292302017 2.93908629
197 579 0.876984091 0.0029232803 2.93908629
196 573 0.870584102 0.00290194701 2.92346939
196 572 0.870648154 0.00290216051 2.91836735
195 568 0.870455193 0.00290151731 2.91282051
195 570 0.874507886 0.00291502629 2.92307692
195 570 0.874450199 0.002914834 2.92307692
195 570 0.874564782 0.00291521594 2.92307692
195 570 0.874641968 0.00291547323 2.92307692
195 570 0.874295694 0.00291431898 2.92307692
195 570 0.874548568 0.00291516189 2.92307692
195 570 0.874723684 0.00291574561 2.92307692
195 570 0.874577991 0.00291525997 2.92307692
195 570 0.874701573 0.00291567191 2.92307692
194 565 0.865135039 0.00288378346 2.91237113
194 565 0.865226284 0.00288408761 2.91237113
194 564 0.863627782 0.00287875927 2.90721649
194 567 0.873331421 0.00291110474 2.92268041
194 567 0.872880116 0.00290960039 2.92268041
194 567 0.87316713 0.0029105571 2.92268041
194 567 0.87313234 0.00291044113 2.92268041
194 567 0.872862158 0.00290954053 2.92268041
194 567 0.872918845 0.00290972948 2.92268041
194 567 0.873357219 0.00291119073 2.92268041
193 561 0.873310702 0.00291103567 2.90673575
193 561 0.873243339 0.00291081113 2.90673575
193 562 0.868448362 0.00289482787 2.9119171
193 562 0.862911479 0.0028763716 2.9119171
193 559 0.864527102 0.00288175701 2.89637306
193 559 0.864355509 0.00288118503 2.89637306
193 559 0.864630061 0.0028821002 2.89637306
193 559 0.864506353 0.00288168784 2.89637306
193 559 0.858681881 0.00286227294 2.89637306
193 564 0.856993059 0.00285664353 2.92227979
192 560 0.839447001 0.00279815667 2.91666667
192 556 0.85565562 0.0028521854 2.89583333
192 556 0.860026753 0.00286675584 2.89583333
192 556 0.860100286 0.00286700095 2.89583333
192 556 0.860197055 0.00286732352 2.89583333
192 560 0.868110219 0.00289370073 2.91666667
192 560 0.868052724 0.00289350908 2.91666667
192 559 0.864223571 0.00288074524 2.91145833
192 559 0.864183004 0.00288061001 2.91145833
191 553 0.860228501 0.00286742834 2.89528796
190 549 0.843145369 0.00281048456 2.88947368
190 547 0.854362158 0.00284787386 2.87894737
190 547 0.854937527 0.00284979176 2.87894737
190 547 0.854580756 0.00284860252 2.87894737
190 547 0.854601856 0.00284867285 2.87894737
190 547 0.854585652 0.00284861884 2.87894737
190 547 0.854715179 0.0028490506 2.87894737
190 547 0.85465586 0.00284885287 2.87894737
190 547 0.854724988 0.00284908329 2.87894737
190 547 0.854762614 0.00284920871 2.87894737
189 542 0.835273489 0.00278424496 2.86772487
189 539 0.837714445 0.00279238148 2.85185185
189 543 0.83853634 0.00279512113 2.87301587
189 543 0.83901196 0.00279670653 2.87301587
188 537 0.829051987 0.00276350662 2.85638298
188 537 0.828913429 0.00276304476 2.85638298
188 537 0.830101244 0.00276700415 2.85638298
188 537 0.830124589 0.00276708196 2.85638298
188 537 0.829942533 0.00276647511 2.85638298
188 537 0.829946295 0.00276648765 2.85638298
187 531 0.820947307 0.00273649102 2.83957219
187 531 0.820816132 0.00273605377 2.83957219
187 531 0.820559565 0.00273519855 2.83957219
187 531 0.820537368 0.00273512456 2.83957219
187 532 0.811676476 0.00270558825 2.84491979
187 532 0.810620106 0.00270206702 2.84491979
186 526 0.803477164 0.00267825721 2.82795699
186 526 0.803934999 0.00267978333 2.82795699
186 526 0.803660764 0.00267886921 2.82795699
186 526 0.803542313 0.00267847438 2.82795699
185 522 0.794039032 0.00264679677 2.82162162
185 523 0.803376556 0.00267792185 2.82702703
185 523 0.803790661 0.0026793022 2.82702703
185 524 0.802023922 0.00267341307 2.83243243
185 524 0.802292844 0.00267430948 2.83243243
185 527 0.796146409 0.00265382136 2.84864865
184 519 0.791959719 0.00263986573 2.82065217
184 521 0.789821502 0.00263273834 2.83152174
183 512 0.785053234 0.00261684411 2.79781421
183 513 0.790281151 0.0026342705 2.80327869
182 509 0.7747562 0.00258252067 2.7967033
182 507 0.782965482 0.00260988494 2.78571429
182 507 0.783224058 0.00261074686 2.78571429
181 500 0.777877799 0.002592926 2.76243094
181 500 0.777737896 0.00259245965 2.76243094
181 496 0.76380295 0.00254600983 2.74033149
181 496 0.762888031 0.0025429601 2.74033149
181 496 0.763106564 0.00254368855 2.74033149
181 497 0.753328927 0.00251109642 2.74585635
181 499 0.754634678 0.00251544893 2.75690608
180 493 0.752185587 0.00250728529 2.73888889
SP does not find any fixed points -> SP does not converge.
I am sorry I quit :(
