START ALGORITHM:
I am going to build an instance with N: 300 variables and 1200 clauses with a clause density equal to 4
START DYNAMIC-I BSP WITH r=0.9:
Decimation scorer: cert
END UNIT PROPAGATION
300 1200 4.34883019 0.0144961006 4
300 1200 4.34853373 0.0144951124 4
300 1200 4.34868383 0.0144956128 4
300 1200 4.34871431 0.0144957144 4
300 1200 4.34870423 0.0144956808 4
300 1200 4.34869558 0.0144956519 4
300 1200 4.34868421 0.014495614 4
300 1200 4.34868663 0.0144956221 4
300 1200 4.34869389 0.0144956463 4
299 1198 4.34868645 0.0144956215 4.00668896
299 1192 4.34868861 0.0144956287 3.98662207
299 1192 4.34869148 0.0144956383 3.98662207
299 1192 4.34869049 0.014495635 3.98662207
299 1192 4.34868937 0.0144956312 3.98662207
299 1192 4.34868939 0.0144956313 3.98662207
299 1192 4.34868963 0.0144956321 3.98662207
299 1192 4.34868976 0.0144956325 3.98662207
299 1192 4.34868975 0.0144956325 3.98662207
299 1192 4.34868965 0.0144956322 3.98662207
298 1190 4.34868968 0.0144956323 3.99328859
298 1190 4.34872989 0.0144957663 3.99328859
298 1190 4.34877774 0.0144959258 3.99328859
298 1190 4.34878657 0.0144959552 3.99328859
298 1190 4.34878683 0.0144959561 3.99328859
298 1190 4.34878971 0.0144959657 3.99328859
298 1190 4.34878978 0.0144959659 3.99328859
298 1190 4.34878953 0.0144959651 3.99328859
298 1190 4.34878916 0.0144959639 3.99328859
298 1190 4.3487892 0.014495964 3.99328859
297 1185 4.33960177 0.0144653392 3.98989899
297 1185 4.33953787 0.0144651262 3.98989899
297 1185 4.33957368 0.0144652456 3.98989899
297 1185 4.33958172 0.0144652724 3.98989899
297 1185 4.33957879 0.0144652626 3.98989899
297 1185 4.33957953 0.0144652651 3.98989899
297 1185 4.33958055 0.0144652685 3.98989899
297 1185 4.33958005 0.0144652668 3.98989899
297 1185 4.33958034 0.0144652678 3.98989899
297 1185 4.33958051 0.0144652684 3.98989899
296 1180 4.32885681 0.0144295227 3.98648649
296 1180 4.3288032 0.014429344 3.98648649
296 1180 4.32884099 0.01442947 3.98648649
296 1180 4.3288344 0.014429448 3.98648649
296 1180 4.32882814 0.0144294271 3.98648649
296 1180 4.32882962 0.0144294321 3.98648649
296 1180 4.3288306 0.0144294353 3.98648649
296 1180 4.32882977 0.0144294326 3.98648649
296 1180 4.32882969 0.0144294323 3.98648649
296 1180 4.32882967 0.0144294322 3.98648649
295 1168 4.31790878 0.0143930293 3.95932203
295 1168 4.31779516 0.0143926505 3.95932203
295 1168 4.31795863 0.0143931954 3.95932203
295 1168 4.31798717 0.0143932906 3.95932203
295 1168 4.31796931 0.014393231 3.95932203
295 1168 4.31801092 0.0143933697 3.95932203
295 1168 4.3180093 0.0143933643 3.95932203
295 1168 4.31802021 0.0143934007 3.95932203
295 1168 4.3180189 0.0143933963 3.95932203
295 1168 4.31801668 0.0143933889 3.95932203
294 1157 4.30589262 0.0143529754 3.93537415
294 1166 4.30584745 0.0143528248 3.96598639
294 1166 4.3059048 0.014353016 3.96598639
294 1166 4.30581933 0.0143527311 3.96598639
294 1166 4.30589199 0.0143529733 3.96598639
294 1166 4.30590576 0.0143530192 3.96598639
294 1166 4.30590754 0.0143530251 3.96598639
294 1166 4.30591276 0.0143530425 3.96598639
294 1166 4.3059063 0.014353021 3.96598639
294 1166 4.3059077 0.0143530257 3.96598639
293 1155 4.29381701 0.0143127234 3.94197952
293 1155 4.29390842 0.0143130281 3.94197952
293 1155 4.29388214 0.0143129405 3.94197952
293 1155 4.2939615 0.014313205 3.94197952
293 1155 4.29397568 0.0143132523 3.94197952
293 1155 4.29398432 0.0143132811 3.94197952
293 1155 4.29398563 0.0143132854 3.94197952
293 1155 4.29398699 0.01431329 3.94197952
293 1155 4.29398585 0.0143132862 3.94197952
293 1155 4.29398637 0.0143132879 3.94197952
292 1148 4.27999034 0.0142666345 3.93150685
292 1148 4.27966316 0.0142655439 3.93150685
292 1148 4.279698 0.01426566 3.93150685
292 1148 4.27978716 0.0142659572 3.93150685
292 1148 4.27960077 0.0142653359 3.93150685
292 1148 4.2796646 0.0142655487 3.93150685
292 1148 4.27984426 0.0142661475 3.93150685
292 1148 4.27970598 0.0142656866 3.93150685
292 1148 4.27979128 0.0142659709 3.93150685
292 1148 4.27970222 0.0142656741 3.93150685
291 1138 4.26434867 0.0142144956 3.91065292
291 1138 4.26442858 0.0142147619 3.91065292
291 1138 4.26437058 0.0142145686 3.91065292
291 1138 4.26445632 0.0142148544 3.91065292
291 1138 4.2645053 0.0142150177 3.91065292
291 1138 4.26450556 0.0142150185 3.91065292
291 1138 4.26439904 0.0142146635 3.91065292
291 1138 4.26445094 0.0142148365 3.91065292
291 1138 4.2644591 0.0142148637 3.91065292
291 1138 4.26445744 0.0142148581 3.91065292
290 1128 4.24963277 0.0141654426 3.88965517
290 1128 4.24954649 0.014165155 3.88965517
290 1128 4.24956036 0.0141652012 3.88965517
290 1128 4.24956201 0.0141652067 3.88965517
290 1128 4.24954373 0.0141651458 3.88965517
290 1128 4.24954833 0.0141651611 3.88965517
290 1128 4.24955256 0.0141651752 3.88965517
290 1128 4.24955155 0.0141651718 3.88965517
290 1128 4.24955136 0.0141651712 3.88965517
290 1128 4.24955198 0.0141651733 3.88965517
289 1121 4.23415596 0.0141138532 3.87889273
289 1121 4.23401052 0.0141133684 3.87889273
289 1121 4.23425642 0.0141141881 3.87889273
289 1121 4.23404422 0.0141134807 3.87889273
289 1121 4.23415533 0.0141138511 3.87889273
289 1121 4.23426292 0.0141142097 3.87889273
289 1121 4.23404045 0.0141134682 3.87889273
289 1121 4.23415855 0.0141138618 3.87889273
289 1121 4.23426121 0.014114204 3.87889273
289 1121 4.23404001 0.0141134667 3.87889273
288 1112 4.21644596 0.0140548199 3.86111111
288 1112 4.21618475 0.0140539492 3.86111111
288 1112 4.21637957 0.0140545986 3.86111111
288 1112 4.21652644 0.0140550881 3.86111111
288 1112 4.21635037 0.0140545012 3.86111111
288 1112 4.21627237 0.0140542412 3.86111111
288 1112 4.21619297 0.0140539766 3.86111111
288 1112 4.21616947 0.0140538982 3.86111111
288 1112 4.21617338 0.0140539113 3.86111111
288 1112 4.21617087 0.0140539029 3.86111111
287 1104 4.19594901 0.0139864967 3.8466899
287 1099 4.2044772 0.014014924 3.82926829
287 1099 4.20492895 0.0140164298 3.82926829
287 1099 4.20499403 0.0140166468 3.82926829
287 1099 4.20502619 0.014016754 3.82926829
287 1099 4.20507338 0.0140169113 3.82926829
287 1099 4.2050661 0.014016887 3.82926829
287 1099 4.20506638 0.0140168879 3.82926829
287 1099 4.20506904 0.0140168968 3.82926829
287 1099 4.20506882 0.0140168961 3.82926829
286 1092 4.19107707 0.0139702569 3.81818182
286 1092 4.19058631 0.013968621 3.81818182
286 1092 4.19086675 0.0139695558 3.81818182
286 1092 4.1906689 0.0139688963 3.81818182
286 1092 4.19077433 0.0139692478 3.81818182
286 1092 4.19087653 0.0139695884 3.81818182
286 1092 4.19066465 0.0139688822 3.81818182
286 1092 4.19077511 0.0139692504 3.81818182
286 1092 4.19087445 0.0139695815 3.81818182
286 1092 4.19066429 0.013968881 3.81818182
285 1083 4.17348735 0.0139116245 3.8
285 1083 4.17336319 0.0139112106 3.8
285 1083 4.17343824 0.0139114608 3.8
285 1083 4.17343971 0.0139114657 3.8
285 1083 4.17344558 0.0139114853 3.8
285 1083 4.17345135 0.0139115045 3.8
285 1083 4.17345119 0.013911504 3.8
285 1083 4.17345209 0.013911507 3.8
285 1083 4.17345199 0.0139115066 3.8
285 1083 4.17345205 0.0139115068 3.8
284 1077 4.15025073 0.0138341691 3.79225352
284 1077 4.15023494 0.0138341165 3.79225352
284 1077 4.15011572 0.0138337191 3.79225352
284 1077 4.15008782 0.0138336261 3.79225352
284 1077 4.15008077 0.0138336026 3.79225352
284 1077 4.15007993 0.0138335998 3.79225352
284 1077 4.15007984 0.0138335995 3.79225352
284 1077 4.15007987 0.0138335996 3.79225352
284 1077 4.15007998 0.0138335999 3.79225352
284 1077 4.15008006 0.0138336002 3.79225352
283 1071 4.13242155 0.0137747385 3.7844523
283 1070 4.13943818 0.0137981273 3.78091873
283 1070 4.1392821 0.013797607 3.78091873
283 1070 4.13933862 0.0137977954 3.78091873
283 1070 4.13946003 0.0137982001 3.78091873
283 1070 4.13928725 0.0137976242 3.78091873
283 1070 4.13936004 0.0137978668 3.78091873
283 1070 4.13945863 0.0137981954 3.78091873
283 1070 4.13928407 0.0137976136 3.78091873
283 1070 4.13936082 0.0137978694 3.78091873
282 1061 4.12286652 0.0137428884 3.76241135
282 1061 4.1229073 0.0137430243 3.76241135
282 1061 4.12295328 0.0137431776 3.76241135
282 1061 4.12297575 0.0137432525 3.76241135
282 1061 4.12300561 0.013743352 3.76241135
282 1061 4.12301767 0.0137433922 3.76241135
282 1061 4.12301984 0.0137433995 3.76241135
282 1061 4.12302106 0.0137434035 3.76241135
282 1061 4.12302111 0.0137434037 3.76241135
282 1061 4.12302109 0.0137434036 3.76241135
281 1054 4.10522861 0.0136840954 3.75088968
281 1054 4.10508554 0.0136836185 3.75088968
281 1054 4.10511358 0.0136837119 3.75088968
281 1054 4.10512362 0.0136837454 3.75088968
281 1054 4.10513236 0.0136837745 3.75088968
281 1054 4.10513327 0.0136837776 3.75088968
281 1054 4.10513301 0.0136837767 3.75088968
281 1054 4.10513287 0.0136837762 3.75088968
281 1054 4.10513285 0.0136837762 3.75088968
281 1054 4.10513285 0.0136837762 3.75088968
280 1046 4.08145678 0.0136048559 3.73571429
280 1046 4.08137355 0.0136045785 3.73571429
280 1046 4.08141877 0.0136047292 3.73571429
280 1046 4.08144001 0.0136048 3.73571429
280 1046 4.08143722 0.0136047907 3.73571429
280 1046 4.08143857 0.0136047952 3.73571429
280 1046 4.0814388 0.013604796 3.73571429
280 1046 4.08143845 0.0136047948 3.73571429
280 1046 4.08143847 0.0136047949 3.73571429
280 1046 4.08143842 0.0136047947 3.73571429
279 1045 4.05806846 0.0135268949 3.74551971
279 1048 4.05883168 0.0135294389 3.7562724
279 1048 4.05888413 0.0135296138 3.7562724
279 1048 4.05889954 0.0135296651 3.7562724
279 1048 4.05890322 0.0135296774 3.7562724
279 1048 4.05890296 0.0135296765 3.7562724
279 1048 4.0589027 0.0135296757 3.7562724
279 1048 4.05890265 0.0135296755 3.7562724
279 1048 4.05890268 0.0135296756 3.7562724
279 1048 4.05890268 0.0135296756 3.7562724
278 1040 4.03698538 0.0134566179 3.74100719
278 1040 4.03694722 0.0134564907 3.74100719
278 1040 4.03699773 0.0134566591 3.74100719
278 1040 4.03693135 0.0134564378 3.74100719
278 1040 4.03694285 0.0134564762 3.74100719
278 1040 4.0369562 0.0134565207 3.74100719
278 1040 4.03695596 0.0134565199 3.74100719
278 1040 4.03695601 0.01345652 3.74100719
278 1040 4.03695581 0.0134565194 3.74100719
278 1040 4.036956 0.01345652 3.74100719
277 1037 4.01298133 0.0133766044 3.74368231
277 1037 4.01292882 0.0133764294 3.74368231
277 1037 4.01298353 0.0133766118 3.74368231
277 1037 4.01296155 0.0133765385 3.74368231
277 1037 4.01297609 0.013376587 3.74368231
277 1037 4.01297491 0.013376583 3.74368231
277 1037 4.01297543 0.0133765848 3.74368231
277 1037 4.01297655 0.0133765885 3.74368231
277 1037 4.012976 0.0133765867 3.74368231
277 1037 4.01297626 0.0133765875 3.74368231
276 1030 3.98807138 0.0132935713 3.73188406
276 1034 3.9926145 0.013308715 3.74637681
276 1028 3.99649408 0.0133216469 3.72463768
276 1030 4.00507772 0.0133502591 3.73188406
276 1028 4.01077965 0.0133692655 3.72463768
276 1028 4.01063166 0.0133687722 3.72463768
276 1028 4.01069613 0.0133689871 3.72463768
276 1028 4.01075069 0.013369169 3.72463768
276 1028 4.0107641 0.0133692137 3.72463768
276 1028 4.01076967 0.0133692322 3.72463768
275 1021 3.99267268 0.0133089089 3.71272727
275 1021 3.99254301 0.0133084767 3.71272727
275 1021 3.99252617 0.0133084206 3.71272727
275 1021 3.99252652 0.0133084217 3.71272727
275 1021 3.99252582 0.0133084194 3.71272727
275 1021 3.99252699 0.0133084233 3.71272727
275 1021 3.99252707 0.0133084236 3.71272727
275 1021 3.9925271 0.0133084237 3.71272727
275 1021 3.99252709 0.0133084236 3.71272727
275 1021 3.99252708 0.0133084236 3.71272727
274 1013 3.97042954 0.0132347651 3.69708029
274 1013 3.97047857 0.0132349286 3.69708029
274 1013 3.97047861 0.0132349287 3.69708029
274 1013 3.97046417 0.0132348806 3.69708029
274 1013 3.97043363 0.0132347788 3.69708029
274 1013 3.9704347 0.0132347823 3.69708029
274 1013 3.97043602 0.0132347867 3.69708029
274 1013 3.97043509 0.0132347836 3.69708029
274 1013 3.97043477 0.0132347826 3.69708029
274 1013 3.97043485 0.0132347828 3.69708029
273 1012 3.9478973 0.0131596577 3.70695971
273 1015 3.94783867 0.0131594622 3.71794872
273 1015 3.94785708 0.0131595236 3.71794872
273 1015 3.94786618 0.0131595539 3.71794872
273 1015 3.94787118 0.0131595706 3.71794872
273 1015 3.94787089 0.0131595696 3.71794872
273 1015 3.94787072 0.0131595691 3.71794872
273 1015 3.94787064 0.0131595688 3.71794872
273 1015 3.94787066 0.0131595689 3.71794872
273 1015 3.94787066 0.0131595689 3.71794872
272 1007 3.92740841 0.0130913614 3.70220588
272 1007 3.92742634 0.0130914211 3.70220588
272 1007 3.92748489 0.0130916163 3.70220588
272 1007 3.92742812 0.0130914271 3.70220588
272 1007 3.92743191 0.0130914397 3.70220588
272 1007 3.92743093 0.0130914364 3.70220588
272 1007 3.92742899 0.01309143 3.70220588
272 1007 3.92742935 0.0130914312 3.70220588
272 1007 3.92742886 0.0130914295 3.70220588
272 1007 3.92742898 0.0130914299 3.70220588
271 1004 3.90387954 0.0130129318 3.70479705
271 1004 3.90391509 0.0130130503 3.70479705
271 1004 3.90405244 0.0130135081 3.70479705
271 1004 3.90410712 0.0130136904 3.70479705
271 1004 3.90399235 0.0130133078 3.70479705
271 1004 3.9040041 0.013013347 3.70479705
271 1004 3.90400882 0.0130133627 3.70479705
271 1004 3.90401394 0.0130133798 3.70479705
271 1004 3.90401396 0.0130133799 3.70479705
271 1004 3.90401294 0.0130133765 3.70479705
270 997 3.88127145 0.0129375715 3.69259259
270 997 3.88124915 0.0129374972 3.69259259
270 997 3.88121023 0.0129373674 3.69259259
270 997 3.88136113 0.0129378704 3.69259259
270 997 3.88121194 0.0129373731 3.69259259
270 997 3.88137601 0.01293792 3.69259259
270 997 3.88121211 0.0129373737 3.69259259
270 997 3.88137831 0.0129379277 3.69259259
270 997 3.88121256 0.0129373752 3.69259259
270 997 3.88137863 0.0129379288 3.69259259
269 992 3.85655818 0.0128551939 3.68773234
269 992 3.85588479 0.0128529493 3.68773234
269 992 3.85650061 0.012855002 3.68773234
269 992 3.85636935 0.0128545645 3.68773234
269 992 3.85630253 0.0128543418 3.68773234
269 992 3.85636103 0.0128545368 3.68773234
269 992 3.85637038 0.0128545679 3.68773234
269 992 3.85635386 0.0128545129 3.68773234
269 992 3.85635937 0.0128545312 3.68773234
269 992 3.85636284 0.0128545428 3.68773234
268 981 3.8316604 0.0127722013 3.66044776
268 981 3.83184776 0.0127728259 3.66044776
268 981 3.83182637 0.0127727546 3.66044776
268 981 3.83185131 0.0127728377 3.66044776
268 981 3.83185851 0.0127728617 3.66044776
268 981 3.83185088 0.0127728363 3.66044776
268 981 3.83185414 0.0127728471 3.66044776
268 981 3.83185266 0.0127728422 3.66044776
268 981 3.83185315 0.0127728438 3.66044776
268 981 3.83185308 0.0127728436 3.66044776
267 974 3.80720739 0.0126906913 3.64794007
267 974 3.80700263 0.0126900088 3.64794007
267 974 3.8071797 0.012690599 3.64794007
267 974 3.8071681 0.0126905603 3.64794007
267 974 3.80718115 0.0126906038 3.64794007
267 974 3.80717246 0.0126905749 3.64794007
267 974 3.80716689 0.0126905563 3.64794007
267 974 3.80716871 0.0126905624 3.64794007
267 974 3.80716731 0.0126905577 3.64794007
267 974 3.80716748 0.0126905583 3.64794007
266 967 3.78191901 0.0126063967 3.63533835
266 967 3.78181439 0.012606048 3.63533835
266 967 3.78182335 0.0126060778 3.63533835
266 967 3.78185102 0.0126061701 3.63533835
266 967 3.7818445 0.0126061483 3.63533835
266 967 3.7818435 0.012606145 3.63533835
266 967 3.78184287 0.0126061429 3.63533835
266 967 3.78184301 0.0126061434 3.63533835
266 967 3.78184302 0.0126061434 3.63533835
266 967 3.78184303 0.0126061434 3.63533835
265 961 3.75564564 0.0125188188 3.62641509
265 961 3.75569797 0.0125189932 3.62641509
265 961 3.75578624 0.0125192875 3.62641509
265 961 3.75572726 0.0125190909 3.62641509
265 961 3.75572584 0.0125190861 3.62641509
265 961 3.75574384 0.0125191461 3.62641509
265 961 3.75574272 0.0125191424 3.62641509
265 961 3.75574319 0.012519144 3.62641509
265 961 3.75574386 0.0125191462 3.62641509
265 961 3.75574381 0.012519146 3.62641509
264 952 3.72579604 0.0124193201 3.60606061
264 952 3.7260531 0.012420177 3.60606061
264 952 3.72579133 0.0124193044 3.60606061
264 952 3.72539153 0.0124179718 3.60606061
264 952 3.72562675 0.0124187558 3.60606061
264 952 3.7259475 0.012419825 3.60606061
264 952 3.72583693 0.0124194564 3.60606061
264 952 3.72598425 0.0124199475 3.60606061
264 952 3.72536476 0.0124178825 3.60606061
264 952 3.72563784 0.0124187928 3.60606061
263 947 3.69422698 0.0123140899 3.60076046
263 946 3.6946871 0.0123156237 3.59695817
263 943 3.69671215 0.0123223738 3.58555133
263 943 3.69657204 0.0123219068 3.58555133
263 943 3.69688845 0.0123229615 3.58555133
263 943 3.6965945 0.0123219817 3.58555133
263 943 3.69676467 0.0123225489 3.58555133
263 943 3.69675875 0.0123225292 3.58555133
263 943 3.69662507 0.0123220836 3.58555133
263 943 3.69652815 0.0123217605 3.58555133
262 935 3.66553973 0.0122184658 3.56870229
262 935 3.66573848 0.0122191283 3.56870229
262 934 3.66630687 0.0122210229 3.5648855
262 934 3.66569594 0.0122189865 3.5648855
262 934 3.66623738 0.0122207913 3.5648855
262 934 3.66616032 0.0122205344 3.5648855
262 934 3.66624271 0.012220809 3.5648855
262 935 3.66559867 0.0122186622 3.56870229
262 935 3.6657547 0.0122191823 3.56870229
262 934 3.6657935 0.0122193117 3.5648855
261 928 3.63584943 0.0121194981 3.55555556
261 928 3.63589225 0.0121196408 3.55555556
261 928 3.63554753 0.0121184918 3.55555556
261 928 3.63559192 0.0121186397 3.55555556
261 928 3.63549947 0.0121183316 3.55555556
261 928 3.635501 0.0121183367 3.55555556
261 928 3.63550831 0.012118361 3.55555556
261 928 3.63550326 0.0121183442 3.55555556
261 928 3.6355046 0.0121183487 3.55555556
261 928 3.63550395 0.0121183465 3.55555556
260 923 3.60618131 0.0120206044 3.55
260 922 3.60572592 0.0120190864 3.54615385
260 923 3.60610013 0.0120203338 3.55
260 923 3.60619452 0.0120206484 3.55
260 922 3.60554381 0.0120184794 3.54615385
260 923 3.60609283 0.0120203094 3.55
260 920 3.60627906 0.0120209302 3.53846154
260 921 3.60625598 0.0120208533 3.54230769
260 926 3.61766028 0.0120588676 3.56153846
260 924 3.62327165 0.0120775722 3.55384615
259 921 3.59529856 0.0119843285 3.55598456
259 921 3.59402573 0.0119800858 3.55598456
259 921 3.59515647 0.0119838549 3.55598456
259 921 3.5949934 0.0119833113 3.55598456
259 921 3.59429695 0.0119809898 3.55598456
259 921 3.59488347 0.0119829449 3.55598456
259 921 3.59495788 0.0119831929 3.55598456
259 921 3.59422339 0.0119807446 3.55598456
259 921 3.59489151 0.0119829717 3.55598456
259 921 3.59496024 0.0119832008 3.55598456
258 912 3.56798675 0.0118932892 3.53488372
258 912 3.56800496 0.0118933499 3.53488372
258 912 3.56797133 0.0118932378 3.53488372
258 912 3.5678496 0.011892832 3.53488372
258 912 3.5678831 0.0118929437 3.53488372
258 912 3.56786931 0.0118928977 3.53488372
258 912 3.56787295 0.0118929098 3.53488372
258 912 3.5678712 0.011892904 3.53488372
258 912 3.5678714 0.0118929047 3.53488372
258 912 3.56787173 0.0118929058 3.53488372
257 907 3.53999391 0.0117999797 3.52918288
257 905 3.53938821 0.0117979607 3.52140078
257 907 3.54014744 0.0118004915 3.52918288
257 905 3.53924252 0.0117974751 3.52140078
257 907 3.54018853 0.0118006284 3.52918288
257 905 3.53926765 0.0117975588 3.52140078
257 907 3.54019048 0.0118006349 3.52918288
257 905 3.53927404 0.0117975801 3.52140078
257 907 3.54018837 0.0118006279 3.52918288
257 905 3.53927501 0.0117975834 3.52140078
256 900 3.51280364 0.0117093455 3.515625
256 900 3.51252366 0.0117084122 3.515625
256 900 3.51267235 0.0117089078 3.515625
256 900 3.51267263 0.0117089088 3.515625
256 900 3.51267289 0.0117089096 3.515625
256 900 3.51266869 0.0117088956 3.515625
256 900 3.51267054 0.0117089018 3.515625
256 900 3.51267049 0.0117089016 3.515625
256 900 3.51267037 0.0117089012 3.515625
256 900 3.51267052 0.0117089017 3.515625
255 894 3.48351856 0.0116117285 3.50588235
255 894 3.48378135 0.0116126045 3.50588235
255 894 3.48379746 0.0116126582 3.50588235
255 894 3.48380497 0.0116126832 3.50588235
255 894 3.48380336 0.0116126779 3.50588235
255 894 3.48380158 0.0116126719 3.50588235
255 894 3.48380301 0.0116126767 3.50588235
255 894 3.48380288 0.0116126763 3.50588235
255 894 3.48380301 0.0116126767 3.50588235
255 894 3.48380291 0.0116126764 3.50588235
254 889 3.45341852 0.0115113951 3.5
254 889 3.45646983 0.0115215661 3.5
254 889 3.45629948 0.0115209983 3.5
254 889 3.45631995 0.0115210665 3.5
254 889 3.45630911 0.0115210304 3.5
254 889 3.45630639 0.0115210213 3.5
254 889 3.4563085 0.0115210283 3.5
254 889 3.45630844 0.0115210281 3.5
254 889 3.45630811 0.011521027 3.5
254 889 3.45630832 0.0115210277 3.5
253 883 3.42816135 0.0114272045 3.49011858
253 883 3.42834445 0.0114278148 3.49011858
253 883 3.42839659 0.0114279886 3.49011858
253 883 3.42841468 0.0114280489 3.49011858
253 883 3.42841428 0.0114280476 3.49011858
253 883 3.42841085 0.0114280362 3.49011858
253 883 3.42841099 0.0114280366 3.49011858
253 883 3.42841093 0.0114280364 3.49011858
253 883 3.42841105 0.0114280368 3.49011858
253 883 3.42841103 0.0114280368 3.49011858
252 871 3.39780955 0.0113260318 3.45634921
252 873 3.39898046 0.0113299349 3.46428571
252 873 3.39926507 0.0113308836 3.46428571
252 873 3.39922789 0.0113307596 3.46428571
252 873 3.39920389 0.0113306796 3.46428571
252 873 3.39920061 0.0113306687 3.46428571
252 873 3.39920254 0.0113306751 3.46428571
252 873 3.39920226 0.0113306742 3.46428571
252 873 3.39920257 0.0113306752 3.46428571
252 873 3.39920248 0.0113306749 3.46428571
251 861 3.36914863 0.0112304954 3.43027888
251 861 3.36915996 0.0112305332 3.43027888
251 861 3.369172 0.0112305733 3.43027888
251 861 3.36917633 0.0112305878 3.43027888
251 861 3.36917538 0.0112305846 3.43027888
251 861 3.36917629 0.0112305876 3.43027888
251 861 3.36917652 0.0112305884 3.43027888
251 861 3.36917637 0.0112305879 3.43027888
251 861 3.36917638 0.0112305879 3.43027888
251 861 3.36917637 0.0112305879 3.43027888
250 853 3.33613663 0.0111204554 3.412
250 853 3.33637035 0.0111212345 3.412
250 853 3.33616858 0.0111205619 3.412
250 853 3.33621132 0.0111207044 3.412
250 853 3.33619318 0.0111206439 3.412
250 853 3.33619763 0.0111206588 3.412
250 853 3.33619699 0.0111206566 3.412
250 853 3.33619721 0.0111206574 3.412
250 853 3.33619706 0.0111206569 3.412
250 853 3.33619709 0.011120657 3.412
249 845 3.30372691 0.011012423 3.3935743
249 845 3.30373097 0.0110124366 3.3935743
249 845 3.30373054 0.0110124351 3.3935743
249 845 3.30345371 0.0110115124 3.3935743
249 845 3.30368295 0.0110122765 3.3935743
249 845 3.3036994 0.0110123313 3.3935743
249 845 3.30344105 0.0110114702 3.3935743
249 845 3.30367966 0.0110122655 3.3935743
249 845 3.30369914 0.0110123305 3.3935743
249 845 3.30344111 0.0110114704 3.3935743
248 838 3.26949935 0.0108983312 3.37903226
248 838 3.26950567 0.0108983522 3.37903226
248 838 3.26940519 0.0108980173 3.37903226
248 838 3.26940105 0.0108980035 3.37903226
248 838 3.26951427 0.0108983809 3.37903226
248 838 3.26954894 0.0108984965 3.37903226
248 838 3.26955397 0.0108985132 3.37903226
248 838 3.26955497 0.0108985166 3.37903226
248 838 3.26955228 0.0108985076 3.37903226
248 838 3.26955257 0.0108985086 3.37903226
247 826 3.23411764 0.0107803921 3.34412955
247 830 3.2402157 0.010800719 3.36032389
247 831 3.25999782 0.0108666594 3.36437247
247 831 3.25979399 0.01086598 3.36437247
247 831 3.25999283 0.0108666428 3.36437247
247 831 3.25991707 0.0108663902 3.36437247
247 831 3.25998696 0.0108666232 3.36437247
247 831 3.26009813 0.0108669938 3.36437247
247 831 3.26000299 0.0108666766 3.36437247
247 831 3.25994091 0.0108664697 3.36437247
246 820 3.22800243 0.0107600081 3.33333333
246 827 3.22819116 0.0107606372 3.36178862
246 827 3.22807641 0.0107602547 3.36178862
246 823 3.22761035 0.0107587012 3.34552846
246 823 3.22741646 0.0107580549 3.34552846
246 823 3.22741179 0.0107580393 3.34552846
246 823 3.22741255 0.0107580418 3.34552846
246 823 3.22741181 0.0107580394 3.34552846
246 823 3.22741162 0.0107580387 3.34552846
246 823 3.22741163 0.0107580388 3.34552846
245 819 3.19769252 0.0106589751 3.34285714
245 820 3.1972922 0.0106576407 3.34693878
245 820 3.19721779 0.0106573926 3.34693878
245 819 3.197602 0.0106586733 3.34285714
245 820 3.19715975 0.0106571992 3.34693878
245 820 3.19711109 0.010657037 3.34693878
245 820 3.19709746 0.0106569915 3.34693878
245 820 3.19707699 0.0106569233 3.34693878
245 820 3.19709106 0.0106569702 3.34693878
245 820 3.1970785 0.0106569283 3.34693878
244 816 3.16716813 0.0105572271 3.3442623
244 816 3.16694387 0.0105564796 3.3442623
244 816 3.16707632 0.0105569211 3.3442623
244 816 3.16696024 0.0105565341 3.3442623
244 816 3.16713642 0.0105571214 3.3442623
244 816 3.16695881 0.0105565294 3.3442623
244 816 3.16713726 0.0105571242 3.3442623
244 816 3.16695811 0.010556527 3.3442623
244 816 3.16713747 0.0105571249 3.3442623
244 816 3.16695807 0.0105565269 3.3442623
243 805 3.13476325 0.0104492108 3.3127572
243 809 3.1354637 0.0104515457 3.32921811
243 806 3.1382874 0.010460958 3.31687243
243 806 3.13822939 0.0104607646 3.31687243
243 806 3.13838837 0.0104612946 3.31687243
243 806 3.13824591 0.0104608197 3.31687243
243 806 3.13840262 0.0104613421 3.31687243
243 806 3.13824695 0.0104608232 3.31687243
243 806 3.1384017 0.010461339 3.31687243
243 806 3.13824697 0.0104608232 3.31687243
242 803 3.10795503 0.0103598501 3.31818182
242 803 3.10790341 0.010359678 3.31818182
242 803 3.1080759 0.010360253 3.31818182
242 803 3.10794126 0.0103598042 3.31818182
242 803 3.10795213 0.0103598404 3.31818182
242 803 3.10795243 0.0103598414 3.31818182
242 803 3.10805842 0.0103601947 3.31818182
242 803 3.10793072 0.0103597691 3.31818182
242 803 3.10794336 0.0103598112 3.31818182
242 803 3.10795088 0.0103598363 3.31818182
241 799 3.07447052 0.0102482351 3.3153527
241 804 3.08001787 0.0102667262 3.33609959
241 804 3.07945506 0.0102648502 3.33609959
241 802 3.07902518 0.0102634173 3.32780083
241 804 3.07990375 0.0102663458 3.33609959
241 804 3.07951965 0.0102650655 3.33609959
241 802 3.07902471 0.0102634157 3.32780083
241 804 3.07991068 0.0102663689 3.33609959
241 804 3.07952012 0.0102650671 3.33609959
241 802 3.07902444 0.0102634148 3.32780083
240 796 3.05252527 0.0101750842 3.31666667
240 796 3.0523902 0.010174634 3.31666667
240 796 3.05252124 0.0101750708 3.31666667
240 796 3.05251003 0.0101750334 3.31666667
240 796 3.05250352 0.0101750117 3.31666667
240 796 3.05250398 0.0101750133 3.31666667
240 796 3.05250452 0.0101750151 3.31666667
240 796 3.05250474 0.0101750158 3.31666667
240 796 3.05250472 0.0101750157 3.31666667
240 796 3.05250469 0.0101750156 3.31666667
239 785 3.02060539 0.0100686846 3.28451883
239 793 3.01869598 0.0100623199 3.31799163
239 793 3.01875149 0.010062505 3.31799163
239 785 3.02050143 0.0100683381 3.28451883
239 793 3.01870452 0.0100623484 3.31799163
239 793 3.01899375 0.0100633125 3.31799163
239 785 3.02047766 0.0100682589 3.28451883
239 793 3.01868283 0.0100622761 3.31799163
239 793 3.01901507 0.0100633836 3.31799163
239 785 3.02047765 0.0100682588 3.28451883
238 782 2.98604547 0.00995348491 3.28571429
238 788 2.98701968 0.00995673227 3.31092437
238 788 2.98725463 0.00995751545 3.31092437
238 788 2.98708122 0.00995693739 3.31092437
238 788 2.9869991 0.00995666368 3.31092437
238 788 2.98704986 0.00995683288 3.31092437
238 788 2.98701856 0.00995672853 3.31092437
238 788 2.98704918 0.00995683059 3.31092437
238 788 2.98701821 0.00995672736 3.31092437
238 788 2.98704943 0.00995683142 3.31092437
237 777 2.95365622 0.00984552072 3.27848101
237 783 2.9527327 0.00984244235 3.30379747
237 777 2.95382999 0.00984609996 3.27848101
237 783 2.95274484 0.00984248281 3.30379747
237 777 2.95367603 0.00984558675 3.27848101
237 783 2.95270623 0.00984235409 3.30379747
237 777 2.95380801 0.00984602669 3.27848101
237 783 2.95274709 0.0098424903 3.30379747
237 777 2.9536766 0.00984558868 3.27848101
237 783 2.95270602 0.0098423534 3.30379747
236 772 2.91987752 0.00973292508 3.27118644
236 772 2.92023048 0.00973410158 3.27118644
236 772 2.92101798 0.00973672659 3.27118644
236 772 2.9211532 0.00973717732 3.27118644
236 772 2.92129022 0.00973763408 3.27118644
236 772 2.91923396 0.00973077986 3.27118644
236 772 2.92076021 0.00973586737 3.27118644
236 772 2.92120122 0.0097373374 3.27118644
236 772 2.92127803 0.00973759344 3.27118644
236 772 2.92133151 0.00973777169 3.27118644
235 764 2.88795384 0.0096265128 3.25106383
235 762 2.88577463 0.00961924876 3.24255319
235 763 2.88506006 0.00961686688 3.24680851
235 765 2.88450161 0.00961500538 3.25531915
235 764 2.8866472 0.00962215732 3.25106383
235 762 2.88575361 0.00961917868 3.24255319
235 764 2.88668655 0.0096222885 3.25106383
235 764 2.88660479 0.00962201596 3.25106383
235 762 2.88576316 0.00961921053 3.24255319
235 764 2.88667975 0.00962226583 3.25106383
234 758 2.85203729 0.00950679098 3.23931624
234 757 2.85189598 0.00950631994 3.23504274
234 758 2.85169883 0.00950566278 3.23931624
234 758 2.85183612 0.0095061204 3.23931624
234 758 2.8517703 0.00950590101 3.23931624
234 757 2.85211512 0.00950705038 3.23504274
234 758 2.85197228 0.00950657425 3.23931624
234 758 2.85180605 0.00950602016 3.23931624
234 758 2.85176486 0.00950588286 3.23931624
234 757 2.85211955 0.00950706515 3.23504274
233 751 2.81715491 0.00939051638 3.22317597
233 751 2.81678963 0.00938929877 3.22317597
233 750 2.81652969 0.0093884323 3.21888412
233 751 2.81670178 0.00938900592 3.22317597
233 750 2.81638563 0.0093879521 3.21888412
233 751 2.81668258 0.00938894192 3.22317597
233 750 2.81636848 0.00938789493 3.21888412
233 751 2.81668788 0.00938895958 3.22317597
233 750 2.81636973 0.0093878991 3.21888412
233 751 2.81668864 0.00938896214 3.22317597
232 744 2.78083403 0.00926944676 3.20689655
232 744 2.78079959 0.00926933195 3.20689655
232 744 2.78075354 0.00926917848 3.20689655
232 744 2.78122874 0.00927076246 3.20689655
232 744 2.78097145 0.00926990482 3.20689655
232 744 2.78074427 0.00926914757 3.20689655
232 744 2.78073082 0.00926910274 3.20689655
232 744 2.78074374 0.00926914578 3.20689655
232 744 2.78111744 0.00927039148 3.20689655
232 744 2.78095268 0.00926984228 3.20689655
231 740 2.74008461 0.00913361537 3.2034632
231 739 2.74057626 0.00913525421 3.1991342
231 740 2.74123443 0.00913744809 3.2034632
231 740 2.74088815 0.00913629384 3.2034632
231 740 2.74091398 0.00913637993 3.2034632
231 740 2.74090104 0.00913633679 3.2034632
231 740 2.74089346 0.00913631153 3.2034632
231 740 2.74089605 0.00913632015 3.2034632
231 740 2.74089559 0.00913631863 3.2034632
231 740 2.74089594 0.0091363198 3.2034632
230 735 2.70128926 0.00900429752 3.19565217
230 735 2.70143668 0.00900478892 3.19565217
230 735 2.70141746 0.00900472486 3.19565217
230 735 2.70147749 0.00900492496 3.19565217
230 735 2.70146996 0.00900489986 3.19565217
230 735 2.70147128 0.00900490427 3.19565217
230 735 2.70146933 0.00900489777 3.19565217
230 735 2.70146972 0.00900489907 3.19565217
230 735 2.70146977 0.00900489922 3.19565217
230 735 2.70146986 0.00900489952 3.19565217
229 731 2.66246667 0.00887488888 3.19213974
229 729 2.67303046 0.00891010152 3.18340611
229 729 2.67349782 0.0089116594 3.18340611
229 729 2.67313144 0.00891043814 3.18340611
229 729 2.67327538 0.00891091793 3.18340611
229 729 2.6732434 0.00891081134 3.18340611
229 729 2.67324595 0.00891081983 3.18340611
229 729 2.67324105 0.00891080349 3.18340611
229 729 2.67324153 0.00891080511 3.18340611
229 729 2.67324161 0.00891080537 3.18340611
228 722 2.63702671 0.00879008902 3.16666667
228 725 2.63560751 0.00878535838 3.17982456
228 722 2.63681007 0.00878936689 3.16666667
228 725 2.63545947 0.00878486489 3.17982456
228 722 2.63675702 0.00878919007 3.16666667
228 725 2.63542844 0.00878476146 3.17982456
228 722 2.63676205 0.00878920683 3.16666667
228 725 2.63542584 0.00878475279 3.17982456
228 722 2.63676172 0.00878920573 3.16666667
228 725 2.63542621 0.00878475403 3.17982456
227 718 2.60042618 0.00866808728 3.16299559
227 718 2.5996801 0.00866560032 3.16299559
227 718 2.60000261 0.00866667538 3.16299559
227 718 2.59984925 0.00866616417 3.16299559
227 718 2.59983342 0.00866611139 3.16299559
227 718 2.60012348 0.00866707826 3.16299559
227 718 2.59996468 0.00866654894 3.16299559
227 718 2.59985017 0.00866616722 3.16299559
227 718 2.59983178 0.00866610593 3.16299559
227 718 2.60012264 0.00866707547 3.16299559
226 709 2.56353948 0.00854513159 3.13716814
226 708 2.56541286 0.00855137621 3.13274336
226 708 2.5654311 0.008551437 3.13274336
226 708 2.56563327 0.00855211089 3.13274336
226 708 2.56521013 0.00855070042 3.13274336
226 714 2.56313421 0.00854378069 3.15929204
226 708 2.56503336 0.00855011122 3.13274336
226 708 2.56549775 0.00855165916 3.13274336
226 708 2.56562035 0.00855206782 3.13274336
226 708 2.56521238 0.00855070794 3.13274336
225 704 2.5311754 0.00843725135 3.12888889
225 701 2.53027585 0.00843425283 3.11555556
225 707 2.53175813 0.00843919377 3.14222222
225 707 2.53331397 0.0084443799 3.14222222
225 704 2.53242899 0.00844142997 3.12888889
225 710 2.5332985 0.00844432834 3.15555556
225 707 2.5332864 0.00844428801 3.14222222
225 707 2.53291406 0.00844304686 3.14222222
225 710 2.53355014 0.00844516712 3.15555556
225 710 2.53351179 0.00844503929 3.15555556
224 703 2.50010968 0.00833369893 3.13839286
224 703 2.49999081 0.00833330269 3.13839286
224 700 2.50009342 0.00833364475 3.125
224 703 2.49995078 0.00833316926 3.13839286
224 700 2.50001982 0.0083333994 3.125
224 703 2.49993513 0.00833311711 3.13839286
224 700 2.50000941 0.0083333647 3.125
224 703 2.49993832 0.00833312775 3.13839286
224 700 2.50000957 0.00833336523 3.125
224 703 2.49994011 0.00833313371 3.13839286
223 693 2.46688923 0.00822296411 3.10762332
223 699 2.46443951 0.00821479837 3.13452915
223 693 2.4665865 0.00822195499 3.10762332
223 693 2.46646561 0.00822155202 3.10762332
223 699 2.46435173 0.00821450577 3.13452915
223 693 2.46646302 0.00822154341 3.10762332
223 693 2.46657659 0.00822192195 3.10762332
223 693 2.46655452 0.0082218484 3.10762332
223 693 2.46655655 0.00822185515 3.10762332
223 693 2.46655675 0.00822185583 3.10762332
222 689 2.43023689 0.00810078963 3.1036036
222 689 2.4296921 0.00809897366 3.1036036
222 689 2.43055228 0.00810184094 3.1036036
222 689 2.42955434 0.00809851446 3.1036036
222 689 2.42951293 0.00809837644 3.1036036
222 690 2.43081021 0.0081027007 3.10810811
222 690 2.43065137 0.00810217125 3.10810811
222 690 2.43107988 0.0081035996 3.10810811
222 689 2.42978724 0.0080992908 3.1036036
222 689 2.43059626 0.00810198755 3.1036036
221 685 2.39675763 0.00798919209 3.09954751
221 685 2.39662061 0.00798873538 3.09954751
221 685 2.39662027 0.00798873425 3.09954751
221 685 2.39678009 0.00798926696 3.09954751
221 685 2.39673731 0.00798912437 3.09954751
221 685 2.39661434 0.00798871446 3.09954751
221 685 2.39681606 0.00798938686 3.09954751
221 685 2.39662015 0.00798873382 3.09954751
221 685 2.39677179 0.00798923931 3.09954751
221 685 2.39673955 0.00798913182 3.09954751
220 681 2.36194236 0.00787314119 3.09545455
220 676 2.37970923 0.00793236409 3.07272727
220 676 2.37967062 0.00793223539 3.07272727
220 676 2.37963015 0.00793210051 3.07272727
220 676 2.37961506 0.0079320502 3.07272727
220 676 2.37961507 0.00793205024 3.07272727
220 676 2.37961782 0.00793205941 3.07272727
220 676 2.37961708 0.00793205692 3.07272727
220 676 2.3796174 0.00793205799 3.07272727
220 676 2.3796174 0.007932058 3.07272727
219 672 2.34836763 0.00782789211 3.06849315
219 672 2.3483949 0.007827983 3.06849315
219 672 2.34809953 0.00782699843 3.06849315
219 672 2.34852311 0.00782841037 3.06849315
219 672 2.34828982 0.00782763274 3.06849315
219 672 2.3482552 0.00782751733 3.06849315
219 672 2.3482621 0.00782754034 3.06849315
219 672 2.34825194 0.00782750646 3.06849315
219 672 2.34824995 0.00782749983 3.06849315
219 672 2.34825034 0.00782750115 3.06849315
218 666 2.30820594 0.00769401979 3.05504587
218 663 2.3319096 0.007773032 3.0412844
218 663 2.33183989 0.00777279963 3.0412844
218 663 2.33178933 0.00777263111 3.0412844
218 663 2.33174924 0.00777249747 3.0412844
218 663 2.33176454 0.00777254846 3.0412844
218 663 2.33176304 0.00777254347 3.0412844
218 663 2.33176209 0.00777254031 3.0412844
218 663 2.3317617 0.007772539 3.0412844
218 663 2.33176174 0.00777253914 3.0412844
217 659 2.29782861 0.00765942868 3.03686636
217 659 2.29789953 0.00765966509 3.03686636
217 659 2.29769592 0.00765898642 3.03686636
217 659 2.29782704 0.00765942345 3.03686636
217 659 2.29771312 0.00765904373 3.03686636
217 659 2.29782949 0.00765943162 3.03686636
217 659 2.29766474 0.00765888247 3.03686636
217 659 2.29769663 0.00765898877 3.03686636
217 659 2.29781826 0.00765939421 3.03686636
217 659 2.2976633 0.00765887766 3.03686636
216 657 2.25908879 0.00753029596 3.04166667
216 657 2.25994642 0.00753315475 3.04166667
216 657 2.25987107 0.00753290356 3.04166667
216 656 2.26016553 0.00753388509 3.03703704
216 656 2.26013007 0.00753376691 3.03703704
216 657 2.25995796 0.00753319319 3.04166667
216 657 2.25994091 0.00753313637 3.04166667
216 657 2.25987172 0.00753290572 3.04166667
216 657 2.25975883 0.00753252942 3.04166667
216 657 2.25983449 0.00753278164 3.04166667
215 652 2.23134631 0.00743782104 3.03255814
215 652 2.23093191 0.0074364397 3.03255814
215 652 2.2312067 0.00743735567 3.03255814
215 652 2.23127601 0.00743758669 3.03255814
215 652 2.23126193 0.00743753975 3.03255814
215 652 2.2312641 0.007437547 3.03255814
215 652 2.23125883 0.00743752942 3.03255814
215 652 2.23125768 0.00743752561 3.03255814
215 652 2.23125711 0.0074375237 3.03255814
215 652 2.23125727 0.00743752422 3.03255814
214 648 2.19927537 0.00733091791 3.02803738
214 648 2.19962412 0.00733208041 3.02803738
214 648 2.19936548 0.00733121826 3.02803738
214 648 2.19956655 0.00733188851 3.02803738
214 648 2.19958222 0.00733194075 3.02803738
214 648 2.19936399 0.00733121329 3.02803738
214 648 2.19954596 0.00733181986 3.02803738
214 648 2.19975249 0.0073325083 3.02803738
214 648 2.19922566 0.00733075219 3.02803738
214 648 2.19970976 0.00733236587 3.02803738
213 638 2.16438441 0.0072146147 2.99530516
213 638 2.16389273 0.00721297577 2.99530516
213 636 2.16669846 0.00722232821 2.98591549
213 636 2.16624826 0.00722082754 2.98591549
213 636 2.16631801 0.00722106002 2.98591549
213 636 2.16599436 0.00721998119 2.98591549
213 636 2.16630462 0.00722101542 2.98591549
213 636 2.1659987 0.00721999566 2.98591549
213 636 2.16630766 0.00722102552 2.98591549
213 636 2.16599995 0.00721999984 2.98591549
212 634 2.13525852 0.00711752842 2.99056604
212 634 2.13572277 0.00711907591 2.99056604
212 634 2.13530411 0.00711768036 2.99056604
212 632 2.15569587 0.0071856529 2.98113208
212 632 2.15644922 0.00718816406 2.98113208
212 632 2.15629744 0.00718765814 2.98113208
212 632 2.15564208 0.0071854736 2.98113208
212 632 2.15641416 0.0071880472 2.98113208
212 632 2.15644121 0.00718813737 2.98113208
212 632 2.15649524 0.00718831748 2.98113208
211 628 2.12919098 0.00709730327 2.97630332
211 627 2.12967283 0.00709890942 2.97156398
211 627 2.13073996 0.00710246654 2.97156398
211 627 2.13070892 0.00710236308 2.97156398
211 627 2.13070792 0.00710235973 2.97156398
211 627 2.13071188 0.00710237293 2.97156398
211 627 2.1307135 0.00710237832 2.97156398
211 627 2.13071392 0.00710237972 2.97156398
211 627 2.1307139 0.00710237966 2.97156398
211 627 2.13071386 0.00710237952 2.97156398
210 623 2.10378111 0.00701260369 2.96666667
210 623 2.10371166 0.0070123722 2.96666667
210 623 2.10349274 0.00701164247 2.96666667
210 623 2.10344885 0.00701149618 2.96666667
210 623 2.10396186 0.00701320621 2.96666667
210 623 2.10349726 0.00701165753 2.96666667
210 623 2.10397072 0.00701323574 2.96666667
210 623 2.10349751 0.00701165836 2.96666667
210 623 2.10397014 0.00701323381 2.96666667
210 623 2.10349792 0.00701165974 2.96666667
209 620 2.07353659 0.00691178865 2.96650718
209 621 2.07267613 0.00690892045 2.97129187
209 621 2.07237926 0.00690793088 2.97129187
209 621 2.07234029 0.00690780096 2.97129187
209 621 2.07232734 0.00690775779 2.97129187
209 621 2.07277908 0.00690926362 2.97129187
209 621 2.07236737 0.00690789123 2.97129187
209 621 2.07278174 0.00690927246 2.97129187
209 621 2.07236655 0.00690788851 2.97129187
209 621 2.07278036 0.00690926788 2.97129187
208 618 2.04204212 0.00680680707 2.97115385
208 615 2.04127027 0.00680423425 2.95673077
208 615 2.06088491 0.00686961638 2.95673077
208 615 2.06104248 0.00687014162 2.95673077
208 615 2.06108918 0.00687029726 2.95673077
208 615 2.06110229 0.00687034095 2.95673077
208 615 2.06110349 0.00687034495 2.95673077
208 615 2.06110299 0.0068703433 2.95673077
208 615 2.06110268 0.00687034226 2.95673077
208 615 2.06110257 0.0068703419 2.95673077
207 613 2.03318618 0.00677728728 2.96135266
207 613 2.03313005 0.00677710017 2.96135266
207 613 2.0332112 0.00677737068 2.96135266
207 613 2.03306979 0.00677689928 2.96135266
207 613 2.03320277 0.00677734257 2.96135266
207 613 2.03306826 0.00677689419 2.96135266
207 613 2.03320051 0.00677733504 2.96135266
207 613 2.03306635 0.00677688783 2.96135266
207 613 2.0332003 0.00677733432 2.96135266
207 613 2.03306619 0.0067768873 2.96135266
206 609 2.00198857 0.00667329525 2.95631068
206 609 2.02155605 0.00673852017 2.95631068
206 609 2.02366192 0.00674553973 2.95631068
206 607 2.03760901 0.00679203002 2.94660194
206 605 2.0485693 0.00682856432 2.9368932
206 606 2.06002407 0.00686674691 2.94174757
206 607 2.06097245 0.00686990817 2.94660194
206 606 2.06177668 0.00687258893 2.94174757
206 609 2.06368306 0.00687894353 2.95631068
206 608 2.06377598 0.00687925327 2.95145631
205 601 2.05493757 0.0068497919 2.93170732
205 601 2.05472939 0.00684909795 2.93170732
205 601 2.05491159 0.00684970531 2.93170732
205 601 2.05479198 0.00684930661 2.93170732
205 601 2.0549163 0.006849721 2.93170732
205 601 2.05478873 0.00684929577 2.93170732
205 601 2.05491758 0.00684972527 2.93170732
205 601 2.05478939 0.00684929797 2.93170732
205 601 2.05491809 0.00684972697 2.93170732
205 601 2.05478957 0.00684929857 2.93170732
204 599 2.03211491 0.00677371638 2.93627451
204 599 2.03251338 0.0067750446 2.93627451
204 595 2.03194488 0.00677314959 2.91666667
204 599 2.0321013 0.006773671 2.93627451
204 595 2.03194374 0.00677314581 2.91666667
204 599 2.03208504 0.00677361679 2.93627451
204 595 2.03194317 0.00677314389 2.91666667
204 599 2.03208651 0.00677362169 2.93627451
204 595 2.03194293 0.0067731431 2.91666667
204 599 2.032087 0.00677362335 2.93627451
203 593 2.00945143 0.00669817143 2.92118227
203 593 2.00975582 0.00669918605 2.92118227
203 593 2.00972939 0.00669909797 2.92118227
203 593 2.00975959 0.00669919862 2.92118227
203 593 2.00976366 0.0066992122 2.92118227
203 593 2.00976064 0.00669920212 2.92118227
203 593 2.00975966 0.00669919886 2.92118227
203 593 2.00975954 0.00669919847 2.92118227
203 593 2.00975966 0.00669919886 2.92118227
203 593 2.00975972 0.00669919906 2.92118227
202 589 1.98653706 0.00662179021 2.91584158
202 589 1.98624399 0.00662081329 2.91584158
202 589 1.98640042 0.00662133472 2.91584158
202 589 1.98634886 0.00662116288 2.91584158
202 589 1.98636372 0.0066212124 2.91584158
202 589 1.98635753 0.00662119177 2.91584158
202 589 1.98635823 0.00662119409 2.91584158
202 589 1.98635888 0.00662119627 2.91584158
202 589 1.98635879 0.00662119598 2.91584158
202 589 1.98635898 0.00662119659 2.91584158
201 584 1.96296846 0.0065432282 2.90547264
201 584 1.96297043 0.00654323478 2.90547264
201 586 1.96260044 0.00654200147 2.91542289
201 586 1.96237534 0.00654125114 2.91542289
201 586 1.96243146 0.00654143819 2.91542289
201 586 1.96242874 0.00654142912 2.91542289
201 586 1.96242752 0.00654142506 2.91542289
201 586 1.96242441 0.00654141469 2.91542289
201 586 1.96242435 0.0065414145 2.91542289
201 586 1.96242431 0.00654141438 2.91542289
200 580 1.93983274 0.00646610913 2.9
200 580 1.94005139 0.00646683797 2.9
200 580 1.94012941 0.00646709802 2.9
200 580 1.93998769 0.00646662562 2.9
200 580 1.93990343 0.00646634478 2.9
200 580 1.93999032 0.00646663441 2.9
200 580 1.94012627 0.00646708758 2.9
200 580 1.93998978 0.00646663261 2.9
200 580 1.9399035 0.006466345 2.9
200 580 1.93999077 0.00646663591 2.9
199 575 1.91609515 0.00638698384 2.88944724
199 574 1.91611021 0.00638703404 2.88442211
199 575 1.91609971 0.00638699902 2.88944724
199 575 1.91610602 0.00638702008 2.88944724
199 575 1.91610823 0.00638702742 2.88944724
199 575 1.91611126 0.00638703753 2.88944724
199 575 1.91611189 0.00638703962 2.88944724
199 575 1.91611189 0.00638703963 2.88944724
199 575 1.91611161 0.00638703869 2.88944724
199 575 1.91611146 0.0063870382 2.88944724
198 569 1.89280462 0.00630934873 2.87373737
198 569 1.89279926 0.00630933086 2.87373737
198 569 1.89287491 0.00630958302 2.87373737
198 569 1.89287614 0.00630958712 2.87373737
198 569 1.89288043 0.00630960142 2.87373737
198 569 1.89288027 0.00630960091 2.87373737
198 569 1.89288072 0.0063096024 2.87373737
198 569 1.89288082 0.00630960272 2.87373737
198 569 1.8928809 0.00630960302 2.87373737
198 569 1.89288095 0.00630960315 2.87373737
197 564 1.8694071 0.006231357 2.86294416
197 564 1.86943246 0.00623144153 2.86294416
197 564 1.86942687 0.0062314229 2.86294416
197 564 1.86946762 0.00623155875 2.86294416
197 564 1.86946847 0.00623156157 2.86294416
197 564 1.86946473 0.00623154911 2.86294416
197 564 1.86946726 0.00623155752 2.86294416
197 564 1.86946754 0.00623155846 2.86294416
197 564 1.86946716 0.00623155719 2.86294416
197 564 1.86946732 0.00623155772 2.86294416
196 558 1.84596302 0.00615321006 2.84693878
196 558 1.84566768 0.00615222558 2.84693878
196 558 1.84562277 0.00615207591 2.84693878
196 558 1.84562808 0.00615209358 2.84693878
196 558 1.84563422 0.00615211408 2.84693878
196 558 1.84563881 0.00615212935 2.84693878
196 558 1.84564063 0.00615213544 2.84693878
196 558 1.84564131 0.00615213769 2.84693878
196 558 1.84564154 0.00615213847 2.84693878
196 558 1.84564161 0.00615213872 2.84693878
195 554 1.82023576 0.00606745254 2.84102564
195 553 1.81952051 0.00606506837 2.83589744
195 555 1.81971559 0.00606571865 2.84615385
195 554 1.8204389 0.00606812966 2.84102564
195 555 1.81966985 0.00606556616 2.84615385
195 554 1.82037719 0.00606792397 2.84102564
195 553 1.81952417 0.00606508058 2.83589744
195 555 1.81971383 0.00606571277 2.84615385
195 554 1.820448 0.00606816001 2.84102564
195 555 1.81966626 0.0060655542 2.84615385
194 549 1.79672223 0.0059890741 2.82989691
194 550 1.81467038 0.00604890125 2.83505155
194 551 1.81512005 0.00605040015 2.84020619
194 551 1.81501746 0.00605005819 2.84020619
194 551 1.81501648 0.00605005494 2.84020619
194 551 1.81502631 0.0060500877 2.84020619
194 551 1.81503095 0.00605010315 2.84020619
194 551 1.81503123 0.00605010409 2.84020619
194 551 1.8150312 0.006050104 2.84020619
194 551 1.81503115 0.00605010384 2.84020619
193 545 1.79360561 0.00597868538 2.8238342
193 545 1.79378294 0.00597927647 2.8238342
193 545 1.79362195 0.00597873983 2.8238342
193 545 1.7935724 0.00597857466 2.8238342
193 545 1.79354216 0.00597847386 2.8238342
193 545 1.79353962 0.00597846539 2.8238342
193 545 1.79353845 0.00597846148 2.8238342
193 545 1.7935385 0.00597846168 2.8238342
193 545 1.79353861 0.00597846203 2.8238342
193 545 1.79353865 0.00597846218 2.8238342
192 540 1.7712719 0.00590423968 2.8125
192 541 1.77171958 0.00590573195 2.81770833
192 541 1.77161945 0.00590539815 2.81770833
192 541 1.77187316 0.00590624386 2.81770833
192 541 1.77166026 0.00590553421 2.81770833
192 541 1.77174078 0.0059058026 2.81770833
192 541 1.77161641 0.00590538803 2.81770833
192 541 1.77188751 0.0059062917 2.81770833
192 541 1.77165287 0.00590550955 2.81770833
192 541 1.77174082 0.00590580274 2.81770833
191 536 1.74994787 0.00583315958 2.80628272
191 536 1.75015869 0.00583386229 2.80628272
191 536 1.75003128 0.0058334376 2.80628272
191 536 1.75020997 0.00583403322 2.80628272
191 536 1.75030964 0.00583436546 2.80628272
191 536 1.75035646 0.00583452153 2.80628272
191 536 1.75050749 0.00583502496 2.80628272
191 536 1.7501559 0.00583385299 2.80628272
191 536 1.75030542 0.00583435139 2.80628272
191 536 1.75035794 0.00583452645 2.80628272
190 531 1.72936457 0.00576454858 2.79473684
190 531 1.72938829 0.00576462765 2.79473684
190 531 1.72940221 0.00576467404 2.79473684
190 531 1.72940472 0.00576468238 2.79473684
190 531 1.72941283 0.00576470945 2.79473684
190 531 1.7294138 0.00576471266 2.79473684
190 531 1.72941417 0.00576471389 2.79473684
190 531 1.7294141 0.00576471366 2.79473684
190 531 1.72941411 0.0057647137 2.79473684
190 531 1.72941414 0.00576471381 2.79473684
189 526 1.70523745 0.00568412484 2.78306878
189 526 1.70521822 0.00568406074 2.78306878
189 526 1.70524425 0.00568414749 2.78306878
189 526 1.70525527 0.00568418423 2.78306878
189 526 1.70526037 0.00568420124 2.78306878
189 526 1.70526019 0.00568420063 2.78306878
189 526 1.70525995 0.00568419984 2.78306878
189 526 1.70525987 0.00568419956 2.78306878
189 526 1.70525984 0.00568419948 2.78306878
189 526 1.70525985 0.00568419949 2.78306878
188 523 1.68062136 0.0056020712 2.78191489
188 523 1.68028788 0.00560095961 2.78191489
188 523 1.68055434 0.00560184779 2.78191489
188 523 1.68032412 0.00560108041 2.78191489
188 523 1.680419 0.00560139666 2.78191489
188 523 1.68054836 0.00560182787 2.78191489
188 523 1.68032694 0.00560108979 2.78191489
188 523 1.68041888 0.00560139625 2.78191489
188 523 1.68054833 0.00560182778 2.78191489
188 523 1.68032694 0.00560108979 2.78191489
187 518 1.65304637 0.00551015455 2.77005348
187 518 1.67549431 0.00558498103 2.77005348
187 518 1.6753601 0.00558453368 2.77005348
187 518 1.67539313 0.00558464376 2.77005348
187 518 1.67537558 0.00558458527 2.77005348
187 518 1.67537664 0.00558458879 2.77005348
187 518 1.6753752 0.00558458401 2.77005348
187 518 1.6753749 0.00558458301 2.77005348
187 518 1.67537457 0.00558458189 2.77005348
187 518 1.67537445 0.0055845815 2.77005348
186 513 1.65163392 0.00550544639 2.75806452
186 513 1.6717158 0.00557238599 2.75806452
186 513 1.67141995 0.00557139985 2.75806452
186 513 1.67138565 0.00557128552 2.75806452
186 513 1.67136664 0.00557122212 2.75806452
186 513 1.67136354 0.0055712118 2.75806452
186 513 1.67136276 0.0055712092 2.75806452
186 513 1.67136253 0.00557120843 2.75806452
186 513 1.67136259 0.00557120863 2.75806452
186 513 1.6713626 0.00557120865 2.75806452
185 508 1.64960946 0.00549869821 2.74594595
185 508 1.64964239 0.00549880797 2.74594595
185 508 1.64967405 0.0054989135 2.74594595
185 508 1.64965539 0.0054988513 2.74594595
185 508 1.64966268 0.00549887561 2.74594595
185 508 1.64966146 0.00549887154 2.74594595
185 508 1.64966257 0.00549887525 2.74594595
185 508 1.64966245 0.00549887482 2.74594595
185 508 1.64966266 0.00549887555 2.74594595
185 508 1.6496627 0.00549887568 2.74594595
184 503 1.62538595 0.00541795318 2.73369565
184 503 1.62549489 0.00541831629 2.73369565
184 503 1.6254338 0.00541811266 2.73369565
184 503 1.62570153 0.0054190051 2.73369565
184 503 1.62552502 0.00541841673 2.73369565
184 503 1.62536664 0.00541788881 2.73369565
184 503 1.62571016 0.00541903388 2.73369565
184 503 1.62554272 0.00541847573 2.73369565
184 503 1.62536754 0.00541789179 2.73369565
184 503 1.62571053 0.00541903509 2.73369565
183 500 1.5976964 0.00532565466 2.73224044
183 500 1.59770249 0.00532567497 2.73224044
183 500 1.5973985 0.00532466168 2.73224044
183 498 1.59703983 0.0053234661 2.72131148
183 498 1.59742931 0.00532476437 2.72131148
183 498 1.59710628 0.00532368761 2.72131148
183 498 1.59714126 0.0053238042 2.72131148
183 498 1.59715704 0.00532385681 2.72131148
183 498 1.59747008 0.00532490025 2.72131148
183 498 1.59709179 0.0053236393 2.72131148
182 496 1.56891865 0.00522972885 2.72527473
182 496 1.56889484 0.00522964946 2.72527473
182 496 1.5689479 0.00522982632 2.72527473
182 493 1.56775179 0.0052258393 2.70879121
182 492 1.57737163 0.00525790544 2.7032967
182 493 1.57760408 0.00525868027 2.70879121
182 493 1.57736238 0.0052578746 2.70879121
182 493 1.57740167 0.00525800556 2.70879121
182 493 1.57738647 0.00525795489 2.70879121
182 493 1.57738651 0.00525795505 2.70879121
181 488 1.55556394 0.00518521313 2.6961326
181 488 1.55569061 0.00518563536 2.6961326
181 488 1.55558447 0.00518528156 2.6961326
181 488 1.55587941 0.00518626469 2.6961326
181 488 1.55551745 0.00518505815 2.6961326
181 488 1.55557387 0.00518524624 2.6961326
181 488 1.55591586 0.00518638619 2.6961326
181 488 1.55551919 0.00518506398 2.6961326
181 488 1.55557407 0.00518524691 2.6961326
181 488 1.55591708 0.00518639026 2.6961326
180 486 1.52778765 0.00509262549 2.7
180 486 1.52772101 0.00509240337 2.7
180 486 1.52736318 0.00509121059 2.7
180 490 1.53621358 0.00512071193 2.72222222
180 490 1.53610156 0.00512033854 2.72222222
180 490 1.53609318 0.0051203106 2.72222222
180 490 1.53608529 0.00512028431 2.72222222
180 490 1.53608016 0.0051202672 2.72222222
180 490 1.53607937 0.00512026458 2.72222222
180 490 1.53607835 0.00512026117 2.72222222
179 485 1.51388625 0.0050462875 2.70949721
179 485 1.51392774 0.0050464258 2.70949721
179 485 1.51399207 0.00504664025 2.70949721
179 485 1.51391166 0.00504637219 2.70949721
179 485 1.5139249 0.00504641632 2.70949721
179 485 1.51391788 0.00504639293 2.70949721
179 485 1.51393519 0.00504645064 2.70949721
179 485 1.5139173 0.005046391 2.70949721
179 485 1.51393439 0.00504644796 2.70949721
179 485 1.51391741 0.00504639138 2.70949721
178 483 1.4859035 0.00495301166 2.71348315
178 482 1.48608728 0.00495362425 2.70786517
178 482 1.48608246 0.00495360821 2.70786517
178 483 1.48579424 0.00495264745 2.71348315
178 482 1.48594875 0.0049531625 2.70786517
178 482 1.48636897 0.00495456325 2.70786517
178 483 1.48578943 0.00495263145 2.71348315
178 482 1.48586876 0.00495289587 2.70786517
178 483 1.48577533 0.00495258442 2.71348315
178 482 1.48599075 0.00495330249 2.70786517
177 476 1.45961112 0.00486537039 2.68926554
177 476 1.45948762 0.00486495873 2.68926554
177 476 1.45840606 0.00486135353 2.68926554
177 475 1.48516726 0.00495055755 2.68361582
177 475 1.48550766 0.0049516922 2.68361582
177 475 1.48547709 0.0049515903 2.68361582
177 475 1.48549558 0.00495165195 2.68361582
177 475 1.485494 0.00495164668 2.68361582
177 475 1.48549254 0.00495164181 2.68361582
177 475 1.48549214 0.00495164045 2.68361582
176 470 1.46098105 0.00486993682 2.67045455
176 470 1.46101372 0.00487004573 2.67045455
176 470 1.46118081 0.00487060269 2.67045455
176 470 1.46093139 0.00486977129 2.67045455
176 470 1.46120919 0.00487069729 2.67045455
176 470 1.4609351 0.00486978365 2.67045455
176 470 1.46120889 0.0048706963 2.67045455
176 470 1.46093492 0.00486978306 2.67045455
176 470 1.46120907 0.00487069688 2.67045455
176 470 1.46093493 0.00486978309 2.67045455
175 468 1.43367448 0.00477891494 2.67428571
175 467 1.43412127 0.00478040425 2.66857143
175 466 1.43611335 0.00478704449 2.66285714
175 466 1.43613758 0.00478712528 2.66285714
175 466 1.43613358 0.00478711193 2.66285714
175 466 1.43608635 0.00478695449 2.66285714
175 466 1.43606552 0.00478688508 2.66285714
175 466 1.43605915 0.00478686384 2.66285714
175 466 1.43605809 0.00478686029 2.66285714
175 466 1.43605772 0.00478685907 2.66285714
174 464 1.41204839 0.00470682798 2.66666667
174 458 1.41029142 0.00470097138 2.63218391
174 464 1.41152811 0.00470509369 2.66666667
174 458 1.41040698 0.00470135661 2.63218391
174 464 1.41176875 0.00470589583 2.66666667
174 458 1.41047478 0.0047015826 2.63218391
174 464 1.41141592 0.00470471974 2.66666667
174 458 1.41040234 0.00470134115 2.63218391
174 464 1.41176591 0.00470588635 2.66666667
174 458 1.41048021 0.00470160071 2.63218391
173 456 1.386837 0.00462278999 2.63583815
173 456 1.38644382 0.0046214794 2.63583815
173 456 1.38658178 0.00462193927 2.63583815
173 456 1.3865116 0.00462170533 2.63583815
173 456 1.38658795 0.00462195983 2.63583815
173 456 1.38650441 0.00462168137 2.63583815
173 456 1.3865854 0.00462195132 2.63583815
173 456 1.3865044 0.00462168133 2.63583815
173 456 1.38658546 0.00462195154 2.63583815
173 456 1.38650441 0.00462168138 2.63583815
172 451 1.35953411 0.00453178036 2.62209302
172 451 1.35961876 0.00453206254 2.62209302
172 451 1.35948652 0.00453162173 2.62209302
172 451 1.35929565 0.0045309855 2.62209302
172 451 1.3592438 0.00453081268 2.62209302
172 451 1.35924417 0.00453081389 2.62209302
172 451 1.3592509 0.00453083633 2.62209302
172 451 1.35925498 0.00453084995 2.62209302
172 451 1.35925602 0.0045308534 2.62209302
172 451 1.35925596 0.00453085319 2.62209302
171 446 1.3316195 0.00443873166 2.60818713
171 446 1.33178568 0.00443928559 2.60818713
171 446 1.331868 0.00443955999 2.60818713
171 446 1.33187089 0.00443956964 2.60818713
171 446 1.33187403 0.00443958011 2.60818713
171 446 1.33187349 0.0044395783 2.60818713
171 446 1.33187358 0.0044395786 2.60818713
171 446 1.3318737 0.004439579 2.60818713
171 446 1.33187397 0.00443957989 2.60818713
171 446 1.33187408 0.00443958027 2.60818713
170 441 1.30565219 0.00435217398 2.59411765
170 441 1.30583321 0.00435277738 2.59411765
170 441 1.30577057 0.00435256858 2.59411765
170 441 1.30577429 0.00435258097 2.59411765
170 441 1.30577641 0.00435258803 2.59411765
170 441 1.3057766 0.00435258868 2.59411765
170 441 1.30577659 0.00435258863 2.59411765
170 441 1.30577659 0.00435258864 2.59411765
170 441 1.3057766 0.00435258865 2.59411765
170 441 1.3057766 0.00435258867 2.59411765
169 438 1.27759472 0.00425864907 2.59171598
169 438 1.27738856 0.00425796188 2.59171598
169 438 1.27732936 0.00425776454 2.59171598
169 438 1.27742554 0.00425808512 2.59171598
169 438 1.27737444 0.00425791479 2.59171598
169 438 1.27741633 0.00425805442 2.59171598
169 438 1.27734514 0.00425781713 2.59171598
169 438 1.27737381 0.00425791271 2.59171598
169 438 1.27736018 0.00425786726 2.59171598
169 438 1.27735745 0.00425785817 2.59171598
168 437 1.24779165 0.0041593055 2.60119048
168 437 1.24808124 0.0041602708 2.60119048
168 437 1.24786049 0.00415953498 2.60119048
168 437 1.24787095 0.00415956982 2.60119048
168 437 1.24787647 0.00415958823 2.60119048
168 437 1.24787724 0.0041595908 2.60119048
168 437 1.24787623 0.00415958742 2.60119048
168 437 1.24787612 0.00415958706 2.60119048
168 437 1.24787623 0.00415958743 2.60119048
168 437 1.24787621 0.00415958737 2.60119048
167 434 1.21526176 0.00405087252 2.5988024
167 428 1.23739754 0.00412465846 2.56287425
167 428 1.23717012 0.00412390039 2.56287425
167 428 1.23674889 0.00412249629 2.56287425
167 428 1.23719375 0.00412397915 2.56287425
167 428 1.2367779 0.00412259299 2.56287425
167 428 1.23719506 0.00412398354 2.56287425
167 428 1.2367758 0.00412258599 2.56287425
167 428 1.2371955 0.00412398501 2.56287425
167 428 1.23677595 0.00412258649 2.56287425
166 425 1.21065038 0.00403550126 2.56024096
166 425 1.20966113 0.00403220376 2.56024096
166 425 1.21039525 0.00403465084 2.56024096
166 425 1.20974858 0.00403249527 2.56024096
166 425 1.21040314 0.00403467714 2.56024096
166 425 1.20975292 0.00403250974 2.56024096
166 425 1.21040232 0.00403467439 2.56024096
166 425 1.20975347 0.00403251156 2.56024096
166 425 1.21040217 0.00403467389 2.56024096
166 425 1.20975359 0.00403251196 2.56024096
165 422 1.18442432 0.00394808108 2.55757576
165 422 1.18380535 0.00394601782 2.55757576
165 422 1.1837269 0.00394575633 2.55757576
165 422 1.18513747 0.00395045824 2.55757576
165 422 1.18395202 0.00394650674 2.55757576
165 422 1.18418315 0.00394727716 2.55757576
165 422 1.18392327 0.00394641089 2.55757576
165 422 1.18369658 0.00394565526 2.55757576
165 422 1.1849855 0.00394995165 2.55757576
165 422 1.18362393 0.00394541312 2.55757576
164 417 1.15506192 0.00385020639 2.54268293
164 419 1.16482922 0.00388276408 2.55487805
164 419 1.16475362 0.00388251206 2.55487805
164 419 1.16493803 0.00388312676 2.55487805
164 419 1.16474398 0.00388247995 2.55487805
164 419 1.16487114 0.0038829038 2.55487805
164 419 1.16472296 0.00388240988 2.55487805
164 419 1.16494465 0.00388314882 2.55487805
164 419 1.16473977 0.00388246589 2.55487805
164 419 1.16487056 0.00388290188 2.55487805
163 416 1.13916185 0.00379720616 2.55214724
163 416 1.13894579 0.00379648598 2.55214724
163 416 1.13919456 0.0037973152 2.55214724
163 416 1.13908432 0.00379694774 2.55214724
163 416 1.13909254 0.00379697512 2.55214724
163 416 1.13908882 0.00379696274 2.55214724
163 416 1.13908361 0.00379694537 2.55214724
163 416 1.13908251 0.00379694169 2.55214724
163 416 1.13908132 0.00379693774 2.55214724
163 416 1.13908098 0.00379693659 2.55214724
162 412 1.11146866 0.00370489554 2.54320988
162 413 1.11256898 0.00370856327 2.54938272
162 412 1.11123519 0.00370411731 2.54320988
162 412 1.11145908 0.00370486361 2.54320988
162 413 1.11245577 0.00370818591 2.54938272
162 412 1.11114308 0.00370381027 2.54320988
162 412 1.11146433 0.00370488111 2.54320988
162 413 1.11246488 0.00370821628 2.54938272
162 412 1.11114586 0.00370381952 2.54320988
162 412 1.11146459 0.00370488197 2.54320988
161 409 1.08438191 0.00361460638 2.54037267
161 410 1.08296903 0.00360989675 2.54658385
161 409 1.08429703 0.00361432342 2.54037267
161 410 1.08273453 0.00360911511 2.54658385
161 410 1.08267403 0.00360891342 2.54658385
161 409 1.08419606 0.00361398685 2.54037267
161 410 1.08274369 0.00360914564 2.54658385
161 410 1.08254934 0.00360849781 2.54658385
161 409 1.08421637 0.00361405456 2.54037267
161 410 1.08287412 0.00360958039 2.54658385
160 407 1.0546389 0.003515463 2.54375
160 407 1.05374099 0.00351246995 2.54375
160 405 1.07956562 0.00359855208 2.53125
160 405 1.07866653 0.00359555508 2.53125
160 405 1.07946996 0.00359823321 2.53125
160 405 1.07877537 0.00359591791 2.53125
160 405 1.07947369 0.00359824564 2.53125
160 405 1.07875816 0.00359586053 2.53125
160 405 1.07946967 0.00359823225 2.53125
160 405 1.07875731 0.0035958577 2.53125
159 401 1.0504931 0.00350164368 2.52201258
159 401 1.05048878 0.00350162928 2.52201258
159 401 1.04962917 0.00349876389 2.52201258
159 401 1.05064133 0.00350213777 2.52201258
159 401 1.05036876 0.00350122921 2.52201258
159 401 1.04961096 0.0034987032 2.52201258
159 401 1.0505438 0.00350181268 2.52201258
159 401 1.04996502 0.00349988339 2.52201258
159 401 1.05074185 0.00350247282 2.52201258
159 401 1.0503654 0.003501218 2.52201258
158 398 1.01790606 0.00339302021 2.51898734
158 398 1.02265019 0.00340883397 2.51898734
158 398 1.020576 0.00340191999 2.51898734
158 398 1.02062302 0.00340207674 2.51898734
158 398 1.02191786 0.00340639287 2.51898734
158 398 1.02143031 0.00340476771 2.51898734
158 398 1.02064184 0.00340213945 2.51898734
158 398 1.02068103 0.0034022701 2.51898734
158 398 1.02192423 0.00340641411 2.51898734
158 398 1.02143032 0.00340476774 2.51898734
157 395 0.988824623 0.00329608208 2.51592357
157 395 0.988975391 0.00329658464 2.51592357
157 395 0.9897364 0.00329912133 2.51592357
157 395 0.989811338 0.00329937113 2.51592357
157 395 0.989811969 0.00329937323 2.51592357
157 395 0.989813972 0.00329937991 2.51592357
157 395 0.989816245 0.00329938748 2.51592357
157 395 0.989817359 0.0032993912 2.51592357
157 395 0.98981784 0.0032993928 2.51592357
157 395 0.989818044 0.00329939348 2.51592357
156 394 0.956575156 0.00318858385 2.52564103
156 394 0.956714746 0.00318904915 2.52564103
156 395 0.964942503 0.00321647501 2.53205128
156 395 0.970187823 0.00323395941 2.53205128
156 398 0.995561986 0.00331853995 2.55128205
156 395 1.01156737 0.00337189123 2.53205128
156 388 1.02645173 0.00342150576 2.48717949
156 386 1.04587843 0.00348626142 2.47435897
156 389 1.06176386 0.00353921286 2.49358974
156 394 1.07662015 0.00358873383 2.52564103
155 389 1.06224545 0.00354081816 2.50967742
155 388 1.06596658 0.00355322193 2.50322581
155 388 1.06553687 0.00355178955 2.50322581
155 388 1.06568147 0.00355227156 2.50322581
155 388 1.06635303 0.0035545101 2.50322581
155 388 1.06601543 0.00355338477 2.50322581
155 388 1.06609938 0.0035536646 2.50322581
155 388 1.06606487 0.00355354957 2.50322581
155 388 1.06607416 0.00355358054 2.50322581
155 388 1.06607057 0.00355356858 2.50322581
154 380 1.04534058 0.00348446859 2.46753247
154 380 1.0451678 0.00348389265 2.46753247
154 384 1.04436589 0.00348121964 2.49350649
154 380 1.04505147 0.00348350488 2.46753247
154 384 1.04440673 0.00348135577 2.49350649
154 380 1.04502933 0.0034834311 2.46753247
154 384 1.04440881 0.0034813627 2.49350649
154 380 1.04502975 0.00348343249 2.46753247
154 384 1.04441034 0.0034813678 2.49350649
154 380 1.04502956 0.00348343187 2.46753247
153 377 1.0236449 0.00341214966 2.46405229
153 377 1.02424667 0.00341415556 2.46405229
153 377 1.02416067 0.00341386889 2.46405229
153 377 1.02418053 0.0034139351 2.46405229
153 377 1.02419951 0.00341399838 2.46405229
153 377 1.02419546 0.00341398488 2.46405229
153 377 1.02419667 0.00341398889 2.46405229
153 377 1.02419649 0.0034139883 2.46405229
153 377 1.02419666 0.00341398886 2.46405229
153 377 1.02419671 0.00341398903 2.46405229
152 372 1.00112623 0.00333708742 2.44736842
152 375 0.999973782 0.00333324594 2.46710526
152 372 1.00112765 0.00333709218 2.44736842
152 372 1.00081595 0.00333605317 2.44736842
152 372 1.00080543 0.0033360181 2.44736842
152 372 1.00078966 0.00333596554 2.44736842
152 372 1.00079009 0.00333596695 2.44736842
152 372 1.00079026 0.00333596752 2.44736842
152 372 1.00079068 0.00333596893 2.44736842
152 372 1.00079093 0.00333596976 2.44736842
151 370 0.978456017 0.00326152006 2.45033113
151 370 0.979337465 0.00326445822 2.45033113
151 370 0.979206611 0.00326402204 2.45033113
151 370 0.979163865 0.00326387955 2.45033113
151 370 0.979154034 0.00326384678 2.45033113
151 370 0.979151165 0.00326383722 2.45033113
151 370 0.979151325 0.00326383775 2.45033113
151 370 0.979151455 0.00326383818 2.45033113
151 370 0.979151437 0.00326383812 2.45033113
151 370 0.979151387 0.00326383796 2.45033113
150 368 0.957750203 0.00319250068 2.45333333
150 368 0.957906945 0.00319302315 2.45333333
150 368 0.957868164 0.00319289388 2.45333333
150 368 0.957773458 0.00319257819 2.45333333
150 368 0.957767642 0.00319255881 2.45333333
150 368 0.957759954 0.00319253318 2.45333333
150 368 0.957759817 0.00319253272 2.45333333
150 368 0.957759813 0.00319253271 2.45333333
150 368 0.95775995 0.00319253317 2.45333333
150 368 0.95775994 0.00319253313 2.45333333
149 365 0.934930952 0.00311643651 2.44966443
149 360 0.955927632 0.00318642544 2.41610738
149 358 0.977219257 0.00325739752 2.40268456
149 358 0.977108143 0.00325702714 2.40268456
149 361 0.976158881 0.00325386294 2.42281879
149 358 0.977370963 0.00325790321 2.40268456
149 358 0.977058336 0.00325686112 2.40268456
149 361 0.976173647 0.00325391216 2.42281879
149 358 0.977370199 0.00325790066 2.40268456
149 358 0.977058145 0.00325686048 2.40268456
148 356 0.955631274 0.00318543758 2.40540541
148 356 0.95563031 0.00318543437 2.40540541
148 356 0.955367849 0.0031845595 2.40540541
148 356 0.955508874 0.00318502958 2.40540541
148 356 0.955449172 0.00318483057 2.40540541
148 356 0.955452851 0.00318484284 2.40540541
148 356 0.955450461 0.00318483487 2.40540541
148 356 0.955450944 0.00318483648 2.40540541
148 356 0.955451018 0.00318483673 2.40540541
148 356 0.955451206 0.00318483735 2.40540541
147 354 0.933393553 0.00311131184 2.40816327
147 353 0.93413526 0.0031137842 2.40136054
147 353 0.933810598 0.00311270199 2.40136054
147 353 0.933586942 0.00311195647 2.40136054
147 353 0.93380151 0.0031126717 2.40136054
147 353 0.933750257 0.00311250086 2.40136054
147 353 0.933402237 0.00311134079 2.40136054
147 353 0.933677966 0.00311225989 2.40136054
147 353 0.933606323 0.00311202108 2.40136054
147 353 0.933433077 0.00311144359 2.40136054
146 351 0.911720095 0.00303906698 2.40410959
146 351 0.911156482 0.00303718827 2.40410959
146 351 0.911135436 0.00303711812 2.40410959
146 351 0.91228781 0.00304095937 2.40410959
146 351 0.911653089 0.00303884363 2.40410959
146 351 0.912002979 0.00304000993 2.40410959
146 351 0.91162428 0.0030387476 2.40410959
146 351 0.911993564 0.00303997855 2.40410959
146 351 0.911622625 0.00303874208 2.40410959
146 351 0.911994354 0.00303998118 2.40410959
145 346 0.885747648 0.00295249216 2.3862069
145 346 0.885501443 0.00295167148 2.3862069
145 346 0.886128727 0.00295376242 2.3862069
145 346 0.885394118 0.00295131373 2.3862069
145 346 0.885589467 0.00295196489 2.3862069
145 346 0.885389718 0.00295129906 2.3862069
145 346 0.88538537 0.00295128457 2.3862069
145 346 0.885353228 0.00295117743 2.3862069
145 346 0.885400765 0.00295133588 2.3862069
145 346 0.885611208 0.00295203736 2.3862069
144 343 0.859848545 0.00286616182 2.38194444
144 342 0.860041258 0.00286680419 2.375
144 346 0.879767626 0.00293255875 2.40277778
144 346 0.878908264 0.00292969421 2.40277778
144 346 0.87887076 0.0029295692 2.40277778
144 346 0.879084615 0.00293028205 2.40277778
144 346 0.878859544 0.00292953181 2.40277778
144 346 0.878824955 0.00292941652 2.40277778
144 346 0.879050479 0.00293016826 2.40277778
144 346 0.878847784 0.00292949261 2.40277778
143 344 0.857229102 0.00285743034 2.40559441
143 341 0.856413341 0.00285471114 2.38461538
143 344 0.857910304 0.00285970101 2.40559441
143 344 0.857149714 0.00285716571 2.40559441
143 344 0.857418895 0.00285806298 2.40559441
143 344 0.857214509 0.0028573817 2.40559441
143 344 0.857164203 0.00285721401 2.40559441
143 344 0.857219133 0.00285739711 2.40559441
143 344 0.856964184 0.00285654728 2.40559441
143 344 0.8571347 0.00285711567 2.40559441
142 342 0.83522584 0.00278408613 2.4084507
142 342 0.836040201 0.00278680067 2.4084507
142 342 0.835581444 0.00278527148 2.4084507
142 339 0.835617211 0.0027853907 2.38732394
142 339 0.835270846 0.00278423615 2.38732394
142 339 0.83534954 0.00278449847 2.38732394
142 339 0.835289012 0.00278429671 2.38732394
142 339 0.835288152 0.00278429384 2.38732394
142 339 0.835292221 0.0027843074 2.38732394
142 339 0.835293868 0.00278431289 2.38732394
141 337 0.813900369 0.00271300123 2.39007092
141 337 0.820758718 0.00273586239 2.39007092
141 331 0.829301324 0.00276433775 2.34751773
141 331 0.829470272 0.00276490091 2.34751773
141 331 0.829588764 0.00276529588 2.34751773
141 331 0.829535453 0.00276511818 2.34751773
141 331 0.829520966 0.00276506989 2.34751773
141 331 0.829521557 0.00276507186 2.34751773
141 331 0.829522769 0.0027650759 2.34751773
141 331 0.829523645 0.00276507882 2.34751773
140 328 0.809802709 0.00269934236 2.34285714
140 328 0.809821336 0.00269940445 2.34285714
140 329 0.810319038 0.00270106346 2.35
140 329 0.810406436 0.00270135479 2.35
140 329 0.810464 0.00270154667 2.35
140 329 0.810468276 0.00270156092 2.35
140 329 0.810462014 0.00270154005 2.35
140 329 0.810459659 0.0027015322 2.35
140 329 0.810458828 0.00270152943 2.35
140 329 0.810458285 0.00270152762 2.35
139 326 0.791731612 0.00263910537 2.34532374
139 326 0.791165445 0.00263721815 2.34532374
139 326 0.791220748 0.00263740249 2.34532374
139 326 0.791267325 0.00263755775 2.34532374
139 326 0.791269834 0.00263756611 2.34532374
139 326 0.79126966 0.00263756553 2.34532374
139 326 0.791270353 0.00263756784 2.34532374
139 326 0.791271004 0.00263757001 2.34532374
139 326 0.791271416 0.00263757139 2.34532374
139 326 0.791271669 0.00263757223 2.34532374
138 320 0.773905004 0.00257968335 2.31884058
138 320 0.774111006 0.00258037002 2.31884058
138 322 0.773512977 0.00257837659 2.33333333
138 322 0.773304014 0.00257768005 2.33333333
138 322 0.773239526 0.00257746509 2.33333333
138 322 0.773249831 0.00257749944 2.33333333
138 322 0.773252076 0.00257750692 2.33333333
138 322 0.773252728 0.00257750909 2.33333333
138 322 0.773253018 0.00257751006 2.33333333
138 322 0.773253223 0.00257751074 2.33333333
137 316 0.756178062 0.00252059354 2.30656934
137 316 0.756363713 0.00252121238 2.30656934
137 316 0.756632134 0.00252210711 2.30656934
137 316 0.756365231 0.00252121744 2.30656934
137 316 0.756645936 0.00252215312 2.30656934
137 316 0.756381311 0.00252127104 2.30656934
137 316 0.756644714 0.00252214905 2.30656934
137 316 0.756379613 0.00252126538 2.30656934
137 316 0.756643726 0.00252214575 2.30656934
137 316 0.756379642 0.00252126547 2.30656934
136 311 0.738296488 0.00246098829 2.28676471
136 312 0.737608976 0.00245869659 2.29411765
136 316 0.753703437 0.00251234479 2.32352941
136 316 0.753319181 0.00251106394 2.32352941
136 316 0.75331842 0.0025110614 2.32352941
136 316 0.753323608 0.00251107869 2.32352941
136 316 0.753323651 0.00251107884 2.32352941
136 316 0.753322931 0.00251107644 2.32352941
136 316 0.753322391 0.00251107464 2.32352941
136 316 0.75332207 0.00251107357 2.32352941
135 310 0.737054126 0.00245684709 2.2962963
135 310 0.737241594 0.00245747198 2.2962963
135 310 0.737552225 0.00245850742 2.2962963
135 310 0.737232292 0.00245744097 2.2962963
135 310 0.737257753 0.00245752584 2.2962963
135 310 0.737255454 0.00245751818 2.2962963
135 310 0.737254045 0.00245751348 2.2962963
135 310 0.737250811 0.0024575027 2.2962963
135 310 0.73725112 0.00245750373 2.2962963
135 310 0.737251579 0.00245750526 2.2962963
134 306 0.718971239 0.0023965708 2.28358209
134 306 0.717743452 0.00239247817 2.28358209
134 306 0.719235995 0.00239745332 2.28358209
134 306 0.719177847 0.00239725949 2.28358209
134 306 0.719160638 0.00239720213 2.28358209
134 306 0.719165882 0.00239721961 2.28358209
134 306 0.719170391 0.00239723464 2.28358209
134 306 0.71917243 0.00239724143 2.28358209
134 306 0.719173495 0.00239724498 2.28358209
134 306 0.719174137 0.00239724712 2.28358209
133 304 0.697862231 0.00232620744 2.28571429
133 305 0.696579153 0.00232193051 2.29323308
133 304 0.69792001 0.00232640003 2.28571429
133 305 0.696619113 0.00232206371 2.29323308
133 304 0.697755664 0.00232585221 2.28571429
133 305 0.696613704 0.00232204568 2.29323308
133 304 0.697776525 0.00232592175 2.28571429
133 304 0.697262256 0.00232420752 2.28571429
133 305 0.697075642 0.00232358547 2.29323308
133 305 0.696986773 0.00232328924 2.29323308
132 303 0.677234638 0.00225744879 2.29545455
132 303 0.67678535 0.00225595117 2.29545455
132 303 0.676891154 0.00225630385 2.29545455
132 297 0.697381037 0.00232460346 2.25
132 297 0.698684269 0.00232894756 2.25
132 297 0.698437238 0.00232812413 2.25
132 297 0.698383813 0.00232794604 2.25
132 297 0.698390932 0.00232796977 2.25
132 297 0.698382537 0.00232794179 2.25
132 297 0.6983771 0.00232792367 2.25
131 295 0.676341105 0.00225447035 2.2519084
131 296 0.675372675 0.00225124225 2.25954198
131 296 0.675368631 0.00225122877 2.25954198
131 295 0.676494843 0.00225498281 2.2519084
131 295 0.675634503 0.00225211501 2.2519084
131 295 0.675536244 0.00225178748 2.2519084
131 296 0.67614693 0.0022538231 2.25954198
131 296 0.67604145 0.0022534715 2.25954198
131 296 0.6756381 0.002252127 2.25954198
131 296 0.675786835 0.00225262278 2.25954198
130 294 0.654952583 0.00218317528 2.26153846
130 294 0.655070364 0.00218356788 2.26153846
130 294 0.654105459 0.00218035153 2.26153846
130 294 0.654071358 0.00218023786 2.26153846
130 294 0.654080227 0.00218026742 2.26153846
130 294 0.653577766 0.00217859255 2.26153846
130 294 0.654975754 0.00218325251 2.26153846
130 294 0.654019027 0.00218006342 2.26153846
130 294 0.654535963 0.00218178654 2.26153846
130 294 0.654135156 0.00218045052 2.26153846
129 291 0.629393657 0.00209797886 2.25581395
129 291 0.638306132 0.00212768711 2.25581395
129 291 0.65483513 0.00218278377 2.25581395
129 289 0.668034795 0.00222678265 2.24031008
129 290 0.681599299 0.00227199766 2.24806202
129 289 0.694389126 0.00231463042 2.24031008
129 289 0.709292307 0.00236430769 2.24031008
129 289 0.709110289 0.00236370096 2.24031008
129 289 0.708687632 0.00236229211 2.24031008
129 289 0.708840813 0.00236280271 2.24031008
128 287 0.697046848 0.00232348949 2.2421875
128 287 0.697060775 0.00232353592 2.2421875
128 287 0.696999727 0.00232333242 2.2421875
128 287 0.69689391 0.0023229797 2.2421875
128 287 0.696946419 0.00232315473 2.2421875
128 287 0.69689979 0.0023229993 2.2421875
128 287 0.697018023 0.00232339341 2.2421875
128 287 0.696955958 0.00232318653 2.2421875
128 287 0.697019512 0.00232339837 2.2421875
128 287 0.697079646 0.00232359882 2.2421875
127 284 0.683811365 0.00227937122 2.23622047
127 285 0.684399402 0.00228133134 2.24409449
127 282 0.684603057 0.00228201019 2.22047244
127 282 0.684492415 0.00228164138 2.22047244
127 282 0.684258975 0.00228086325 2.22047244
127 282 0.684443859 0.00228147953 2.22047244
127 285 0.684309463 0.00228103154 2.24409449
127 282 0.684691846 0.00228230615 2.22047244
127 282 0.684365899 0.00228121966 2.22047244
127 282 0.684605449 0.00228201816 2.22047244
126 280 0.67222037 0.00224073457 2.22222222
126 280 0.672347957 0.00224115986 2.22222222
126 280 0.672438835 0.00224146278 2.22222222
126 280 0.672180687 0.00224060229 2.22222222
126 280 0.672353493 0.00224117831 2.22222222
126 280 0.672129705 0.00224043235 2.22222222
126 280 0.671971302 0.00223990434 2.22222222
126 280 0.671880796 0.00223960265 2.22222222
126 280 0.672217568 0.00224072523 2.22222222
126 280 0.672220402 0.00224073467 2.22222222
125 277 0.659231758 0.00219743919 2.216
125 277 0.658880326 0.00219626775 2.216
125 277 0.659011235 0.00219670412 2.216
125 277 0.659099455 0.00219699818 2.216
125 277 0.659101451 0.00219700484 2.216
125 277 0.659268769 0.00219756256 2.216
125 277 0.659086915 0.00219695638 2.216
125 277 0.659107385 0.00219702462 2.216
125 277 0.659253246 0.00219751082 2.216
125 277 0.659091445 0.00219697148 2.216
124 273 0.641457529 0.00213819176 2.2016129
124 273 0.641441548 0.00213813849 2.2016129
124 273 0.641654953 0.00213884984 2.2016129
124 273 0.641544987 0.00213848329 2.2016129
124 273 0.641433195 0.00213811065 2.2016129
124 273 0.641610249 0.00213870083 2.2016129
124 273 0.641542198 0.00213847399 2.2016129
124 273 0.641425797 0.00213808599 2.2016129
124 273 0.641612948 0.00213870983 2.2016129
124 273 0.641544161 0.00213848054 2.2016129
123 270 0.62110235 0.00207034117 2.19512195
123 270 0.620857254 0.00206952418 2.19512195
123 270 0.620805017 0.00206935006 2.19512195
123 270 0.621213222 0.00207071074 2.19512195
123 270 0.621267693 0.00207089231 2.19512195
123 270 0.621260944 0.00207086981 2.19512195
123 270 0.621260176 0.00207086725 2.19512195
123 270 0.62125969 0.00207086563 2.19512195
123 270 0.621261604 0.00207087201 2.19512195
123 270 0.621263094 0.00207087698 2.19512195
122 268 0.598363085 0.00199454362 2.19672131
122 269 0.59620725 0.0019873575 2.20491803
122 268 0.598012673 0.00199337558 2.19672131
122 269 0.596748448 0.00198916149 2.20491803
122 268 0.597922232 0.00199307411 2.19672131
122 269 0.596596543 0.00198865514 2.20491803
122 268 0.597905705 0.00199301902 2.19672131
122 269 0.596577366 0.00198859122 2.20491803
122 269 0.59646311 0.00198821037 2.20491803
122 269 0.596284999 0.00198761666 2.20491803
121 267 0.575309319 0.00191769773 2.20661157
121 265 0.593144005 0.00197714668 2.19008264
121 265 0.593272053 0.00197757351 2.19008264
121 265 0.593051248 0.00197683749 2.19008264
121 265 0.593246261 0.00197748754 2.19008264
121 265 0.592953036 0.00197651012 2.19008264
121 265 0.59324938 0.00197749793 2.19008264
121 265 0.592934529 0.00197644843 2.19008264
121 265 0.593247444 0.00197749148 2.19008264
121 265 0.592928924 0.00197642975 2.19008264
120 263 0.572697891 0.00190899297 2.19166667
120 263 0.57307869 0.0019102623 2.19166667
120 261 0.580267431 0.00193422477 2.175
120 261 0.580750488 0.00193583496 2.175
120 261 0.580346324 0.00193448775 2.175
120 261 0.579678304 0.00193226101 2.175
120 261 0.580034821 0.0019334494 2.175
120 261 0.580218662 0.00193406221 2.175
120 261 0.580800653 0.00193600218 2.175
120 261 0.579778972 0.00193259657 2.175
119 259 0.556738459 0.00185579486 2.17647059
119 260 0.557515735 0.00185838578 2.18487395
119 260 0.557940072 0.00185980024 2.18487395
119 260 0.557966904 0.00185988968 2.18487395
119 260 0.557525787 0.00185841929 2.18487395
119 260 0.557953186 0.00185984395 2.18487395
119 260 0.558137199 0.00186045733 2.18487395
119 260 0.558152866 0.00186050955 2.18487395
119 260 0.557539177 0.00185846392 2.18487395
119 260 0.557945032 0.00185981677 2.18487395
118 258 0.53635664 0.00178785547 2.18644068
118 258 0.536132563 0.00178710854 2.18644068
118 258 0.536175736 0.00178725245 2.18644068
118 258 0.536156976 0.00178718992 2.18644068
118 258 0.536181912 0.00178727304 2.18644068
118 258 0.536179987 0.00178726662 2.18644068
118 258 0.536183409 0.00178727803 2.18644068
118 258 0.536183078 0.00178727693 2.18644068
118 258 0.536183639 0.0017872788 2.18644068
118 258 0.536183691 0.00178727897 2.18644068
117 256 0.505422712 0.00168474237 2.18803419
117 251 0.529627078 0.00176542359 2.14529915
117 251 0.529950977 0.00176650326 2.14529915
117 251 0.529890446 0.00176630149 2.14529915
117 251 0.529937924 0.00176645975 2.14529915
117 251 0.530072275 0.00176690758 2.14529915
117 251 0.530072502 0.00176690834 2.14529915
117 251 0.529997547 0.00176665849 2.14529915
117 251 0.530050802 0.00176683601 2.14529915
117 251 0.530028532 0.00176676177 2.14529915
116 249 0.508542534 0.00169514178 2.14655172
116 250 0.50703298 0.00169010993 2.15517241
116 249 0.508356986 0.00169452329 2.14655172
116 250 0.507044457 0.00169014819 2.15517241
116 249 0.508396644 0.00169465548 2.14655172
116 249 0.507697562 0.00169232521 2.14655172
116 250 0.5074567 0.00169152233 2.15517241
116 249 0.508249104 0.00169416368 2.14655172
116 250 0.507620994 0.00169206998 2.15517241
116 249 0.508214172 0.00169404724 2.14655172
115 248 0.48667731 0.0016222577 2.15652174
115 248 0.486757493 0.00162252498 2.15652174
115 248 0.486797901 0.00162265967 2.15652174
115 248 0.486642158 0.00162214053 2.15652174
115 248 0.486818317 0.00162272772 2.15652174
115 248 0.486744741 0.00162248247 2.15652174
115 248 0.486902216 0.00162300739 2.15652174
115 248 0.48680391 0.0016226797 2.15652174
115 248 0.48660782 0.00162202607 2.15652174
115 248 0.486620668 0.00162206889 2.15652174
114 244 0.455804123 0.00151934708 2.14035088
114 240 0.469816796 0.00156605599 2.10526316
114 241 0.485461858 0.00161820619 2.11403509
114 241 0.486729137 0.00162243046 2.11403509
114 241 0.485632272 0.00161877424 2.11403509
114 241 0.487338322 0.00162446107 2.11403509
114 241 0.484885567 0.00161628522 2.11403509
114 241 0.487254785 0.00162418262 2.11403509
114 241 0.485785745 0.00161928582 2.11403509
114 241 0.4866023 0.00162200767 2.11403509
113 239 0.465347046 0.00155115682 2.11504425
113 239 0.465363184 0.00155121061 2.11504425
113 239 0.465327801 0.00155109267 2.11504425
113 240 0.463247857 0.00154415952 2.12389381
113 239 0.465028348 0.00155009449 2.11504425
113 240 0.463145929 0.00154381976 2.12389381
113 239 0.464564168 0.00154854723 2.11504425
113 239 0.465066557 0.00155022186 2.11504425
113 240 0.463615829 0.0015453861 2.12389381
113 239 0.465539864 0.00155179955 2.11504425
112 238 0.444055564 0.00148018521 2.125
112 238 0.444178711 0.0014805957 2.125
112 238 0.443775948 0.00147925316 2.125
112 238 0.444194513 0.00148064838 2.125
112 238 0.443952339 0.00147984113 2.125
112 238 0.443958722 0.00147986241 2.125
112 238 0.4441689 0.001480563 2.125
112 238 0.443884476 0.00147961492 2.125
112 238 0.444411268 0.00148137089 2.125
112 238 0.444031706 0.00148010569 2.125
111 235 0.409564084 0.00136521361 2.11711712
111 236 0.42847867 0.00142826223 2.12612613
111 236 0.428238031 0.0014274601 2.12612613
111 236 0.428491959 0.00142830653 2.12612613
111 236 0.429119448 0.00143039816 2.12612613
111 236 0.429376027 0.00143125342 2.12612613
111 236 0.429054729 0.00143018243 2.12612613
111 236 0.429046891 0.0014301563 2.12612613
111 236 0.429048768 0.00143016256 2.12612613
111 236 0.427966392 0.00142655464 2.12612613
110 234 0.409657489 0.00136552496 2.12727273
110 232 0.412129085 0.00137376362 2.10909091
110 232 0.419604044 0.00139868015 2.10909091
110 232 0.420269411 0.00140089804 2.10909091
110 232 0.419943572 0.00139981191 2.10909091
110 232 0.420236445 0.00140078815 2.10909091
110 232 0.420283334 0.00140094445 2.10909091
110 232 0.420373521 0.00140124507 2.10909091
110 232 0.419723201 0.00139907734 2.10909091
110 232 0.420102792 0.00140034264 2.10909091
109 228 0.398111958 0.00132703986 2.09174312
109 228 0.397781045 0.00132593682 2.09174312
109 230 0.404398054 0.00134799351 2.11009174
109 230 0.405166578 0.00135055526 2.11009174
SP does not find any fixed points -> SP does not converge.
I am sorry I quit :(
