START ALGORITHM:
I am going to build an instance with N: 1000 variables and 4200 clauses with a clause density equal to 4.2
START BSP WITH r=0.9:
Decimation scorer: cert
END UNIT PROPAGATION
1000 4200 7.49334327 0.00749334327 4.2
1000 4200 7.49346363 0.00749346363 4.2
1000 4200 7.49350105 0.00749350105 4.2
1000 4200 7.49367267 0.00749367267 4.2
1000 4200 7.49369799 0.00749369799 4.2
1000 4200 7.49370058 0.00749370058 4.2
1000 4200 7.49363188 0.00749363188 4.2
1000 4200 7.4936382 0.0074936382 4.2
1000 4200 7.49365058 0.00749365058 4.2
999 4194 7.49367275 0.00749367275 4.1981982
999 4194 7.49366168 0.00749366168 4.1981982
999 4194 7.49365986 0.00749365986 4.1981982
999 4194 7.49364729 0.00749364729 4.1981982
999 4194 7.4936562 0.0074936562 4.1981982
999 4194 7.49365225 0.00749365225 4.1981982
999 4194 7.4936551 0.0074936551 4.1981982
999 4194 7.49365299 0.00749365299 4.1981982
999 4194 7.49365346 0.00749365346 4.1981982
999 4194 7.49365349 0.00749365349 4.1981982
998 4189 7.49365339 0.00749365339 4.19739479
998 4189 7.49365325 0.00749365325 4.19739479
998 4189 7.49365395 0.00749365395 4.19739479
998 4189 7.49365343 0.00749365343 4.19739479
998 4189 7.49365348 0.00749365348 4.19739479
998 4189 7.49365335 0.00749365335 4.19739479
998 4189 7.49365351 0.00749365351 4.19739479
998 4189 7.49365354 0.00749365354 4.19739479
998 4189 7.49365351 0.00749365351 4.19739479
998 4189 7.49365344 0.00749365344 4.19739479
997 4182 7.49365349 0.00749365349 4.19458375
997 4182 7.49365345 0.00749365345 4.19458375
997 4182 7.49365348 0.00749365348 4.19458375
997 4182 7.49365348 0.00749365348 4.19458375
997 4182 7.49365347 0.00749365347 4.19458375
997 4182 7.49365346 0.00749365346 4.19458375
997 4182 7.49365345 0.00749365345 4.19458375
997 4182 7.49365343 0.00749365343 4.19458375
997 4182 7.49365343 0.00749365343 4.19458375
997 4182 7.49365343 0.00749365343 4.19458375
996 4172 7.49358993 0.00749358993 4.18875502
996 4172 7.49359029 0.00749359029 4.18875502
996 4172 7.49359034 0.00749359034 4.18875502
996 4172 7.49359009 0.00749359009 4.18875502
996 4172 7.49358948 0.00749358948 4.18875502
996 4172 7.4935892 0.0074935892 4.18875502
996 4172 7.49358887 0.00749358887 4.18875502
996 4172 7.49358871 0.00749358871 4.18875502
996 4172 7.49358885 0.00749358885 4.18875502
996 4172 7.49358888 0.00749358888 4.18875502
995 4165 7.49251339 0.00749251339 4.18592965
995 4165 7.49251383 0.00749251383 4.18592965
995 4165 7.49251361 0.00749251361 4.18592965
995 4165 7.49251357 0.00749251357 4.18592965
995 4165 7.49251313 0.00749251313 4.18592965
995 4165 7.49251324 0.00749251324 4.18592965
995 4165 7.49251359 0.00749251359 4.18592965
995 4165 7.49251368 0.00749251368 4.18592965
995 4165 7.49251363 0.00749251363 4.18592965
995 4165 7.49251366 0.00749251366 4.18592965
994 4160 7.49023636 0.00749023636 4.18511066
994 4160 7.49023708 0.00749023708 4.18511066
994 4160 7.49023609 0.00749023609 4.18511066
994 4160 7.49023635 0.00749023635 4.18511066
994 4160 7.49023833 0.00749023833 4.18511066
994 4160 7.49023988 0.00749023988 4.18511066
994 4160 7.49024568 0.00749024568 4.18511066
994 4160 7.49024526 0.00749024526 4.18511066
994 4160 7.49024612 0.00749024612 4.18511066
994 4160 7.4902449 0.0074902449 4.18511066
993 4150 7.48761266 0.00748761266 4.17925478
993 4150 7.48760479 0.00748760479 4.17925478
993 4150 7.48758655 0.00748758655 4.17925478
993 4150 7.48758818 0.00748758818 4.17925478
993 4150 7.48759103 0.00748759103 4.17925478
993 4150 7.48759389 0.00748759389 4.17925478
993 4150 7.48759624 0.00748759624 4.17925478
993 4150 7.48759748 0.00748759748 4.17925478
993 4150 7.4875977 0.0074875977 4.17925478
993 4150 7.48759753 0.00748759753 4.17925478
992 4145 7.48415665 0.00748415665 4.17842742
992 4145 7.48415708 0.00748415708 4.17842742
992 4145 7.48415751 0.00748415751 4.17842742
992 4145 7.4841569 0.0074841569 4.17842742
992 4145 7.48415903 0.00748415903 4.17842742
992 4145 7.48415705 0.00748415705 4.17842742
992 4145 7.48415549 0.00748415549 4.17842742
992 4145 7.4841541 0.0074841541 4.17842742
992 4145 7.48415398 0.00748415398 4.17842742
992 4145 7.48415414 0.00748415414 4.17842742
991 4134 7.48053476 0.00748053476 4.1715439
991 4134 7.48054936 0.00748054936 4.1715439
991 4134 7.48056823 0.00748056823 4.1715439
991 4134 7.48057195 0.00748057195 4.1715439
991 4134 7.48057434 0.00748057434 4.1715439
991 4134 7.48057651 0.00748057651 4.1715439
991 4134 7.48057745 0.00748057745 4.1715439
991 4134 7.48057713 0.00748057713 4.1715439
991 4134 7.48057731 0.00748057731 4.1715439
991 4134 7.48057789 0.00748057789 4.1715439
990 4132 7.47581487 0.00747581487 4.17373737
990 4132 7.47579917 0.00747579917 4.17373737
990 4132 7.47578082 0.00747578082 4.17373737
990 4132 7.47577592 0.00747577592 4.17373737
990 4132 7.47577262 0.00747577262 4.17373737
990 4132 7.47577216 0.00747577216 4.17373737
990 4132 7.47577239 0.00747577239 4.17373737
990 4132 7.47577239 0.00747577239 4.17373737
990 4132 7.47577214 0.00747577214 4.17373737
990 4132 7.47577211 0.00747577211 4.17373737
989 4124 7.47035774 0.00747035774 4.16986855
989 4127 7.46961819 0.00746961819 4.17290192
989 4121 7.47436182 0.00747436182 4.16683519
989 4121 7.47436346 0.00747436346 4.16683519
989 4121 7.4743644 0.0074743644 4.16683519
989 4121 7.47437003 0.00747437003 4.16683519
989 4121 7.47437655 0.00747437655 4.16683519
989 4121 7.47437899 0.00747437899 4.16683519
989 4121 7.47438083 0.00747438083 4.16683519
989 4121 7.47438131 0.00747438131 4.16683519
988 4119 7.46964898 0.00746964898 4.16902834
988 4119 7.46963726 0.00746963726 4.16902834
988 4119 7.46963229 0.00746963229 4.16902834
988 4119 7.46962475 0.00746962475 4.16902834
988 4119 7.469616 0.007469616 4.16902834
988 4119 7.46961407 0.00746961407 4.16902834
988 4119 7.4696136 0.0074696136 4.16902834
988 4119 7.4696154 0.0074696154 4.16902834
988 4119 7.46961527 0.00746961527 4.16902834
988 4119 7.46961528 0.00746961528 4.16902834
987 4108 7.46365791 0.00746365791 4.1621074
987 4108 7.46364962 0.00746364962 4.1621074
987 4108 7.46365034 0.00746365034 4.1621074
987 4108 7.46363971 0.00746363971 4.1621074
987 4108 7.46363075 0.00746363075 4.1621074
987 4108 7.46362682 0.00746362682 4.1621074
987 4108 7.46363311 0.00746363311 4.1621074
987 4108 7.46363301 0.00746363301 4.1621074
987 4108 7.46363233 0.00746363233 4.1621074
987 4108 7.46363284 0.00746363284 4.1621074
986 4097 7.45711507 0.00745711507 4.15517241
986 4097 7.45714019 0.00745714019 4.15517241
986 4097 7.45717258 0.00745717258 4.15517241
986 4097 7.45716974 0.00745716974 4.15517241
986 4097 7.45717637 0.00745717637 4.15517241
986 4097 7.45718277 0.00745718277 4.15517241
986 4097 7.45718505 0.00745718505 4.15517241
986 4097 7.45718654 0.00745718654 4.15517241
986 4097 7.45718511 0.00745718511 4.15517241
986 4097 7.45718423 0.00745718423 4.15517241
985 4086 7.45007774 0.00745007774 4.14822335
985 4086 7.45005242 0.00745005242 4.14822335
985 4086 7.45003219 0.00745003219 4.14822335
985 4086 7.45000605 0.00745000605 4.14822335
985 4086 7.44999991 0.00744999991 4.14822335
985 4086 7.45002068 0.00745002068 4.14822335
985 4086 7.45003342 0.00745003342 4.14822335
985 4086 7.45003926 0.00745003926 4.14822335
985 4086 7.45004161 0.00745004161 4.14822335
985 4086 7.45004173 0.00745004173 4.14822335
984 4076 7.44229836 0.00744229836 4.14227642
984 4076 7.44227835 0.00744227835 4.14227642
984 4076 7.44226552 0.00744226552 4.14227642
984 4076 7.44225701 0.00744225701 4.14227642
984 4076 7.44224397 0.00744224397 4.14227642
984 4076 7.44223012 0.00744223012 4.14227642
984 4076 7.44221935 0.00744221935 4.14227642
984 4076 7.44221379 0.00744221379 4.14227642
984 4076 7.44221089 0.00744221089 4.14227642
984 4076 7.44220832 0.00744220832 4.14227642
983 4070 7.43431054 0.00743431054 4.14038657
983 4070 7.43441044 0.00743441044 4.14038657
983 4070 7.43436185 0.00743436185 4.14038657
983 4070 7.43437265 0.00743437265 4.14038657
983 4070 7.4343751 0.0074343751 4.14038657
983 4070 7.43438182 0.00743438182 4.14038657
983 4070 7.43438127 0.00743438127 4.14038657
983 4070 7.4343835 0.0074343835 4.14038657
983 4070 7.43438235 0.00743438235 4.14038657
983 4070 7.43438206 0.00743438206 4.14038657
982 4064 7.42637004 0.00742637004 4.13849287
982 4064 7.426401 0.007426401 4.13849287
982 4064 7.42639434 0.00742639434 4.13849287
982 4064 7.42641558 0.00742641558 4.13849287
982 4064 7.42642186 0.00742642186 4.13849287
982 4064 7.426408 0.007426408 4.13849287
982 4064 7.4264033 0.0074264033 4.13849287
982 4064 7.42640838 0.00742640838 4.13849287
982 4064 7.42640872 0.00742640872 4.13849287
982 4064 7.42641046 0.00742641046 4.13849287
981 4053 7.41810882 0.00741810882 4.13149847
981 4053 7.41812534 0.00741812534 4.13149847
981 4053 7.41809824 0.00741809824 4.13149847
981 4053 7.41810119 0.00741810119 4.13149847
981 4053 7.41813285 0.00741813285 4.13149847
981 4053 7.41811954 0.00741811954 4.13149847
981 4053 7.41811585 0.00741811585 4.13149847
981 4053 7.41811666 0.00741811666 4.13149847
981 4053 7.41811834 0.00741811834 4.13149847
981 4053 7.41812015 0.00741812015 4.13149847
980 4048 7.40955087 0.00740955087 4.13061224
980 4048 7.40950027 0.00740950027 4.13061224
980 4048 7.40942725 0.00740942725 4.13061224
980 4048 7.40956697 0.00740956697 4.13061224
980 4048 7.40955585 0.00740955585 4.13061224
980 4048 7.40957922 0.00740957922 4.13061224
980 4048 7.40956334 0.00740956334 4.13061224
980 4048 7.40957449 0.00740957449 4.13061224
980 4048 7.40954984 0.00740954984 4.13061224
980 4048 7.40957094 0.00740957094 4.13061224
979 4036 7.39934687 0.00739934687 4.12257406
979 4036 7.39933147 0.00739933147 4.12257406
979 4036 7.39931038 0.00739931038 4.12257406
979 4036 7.39931469 0.00739931469 4.12257406
979 4036 7.39931243 0.00739931243 4.12257406
979 4036 7.399327 0.007399327 4.12257406
979 4036 7.39933278 0.00739933278 4.12257406
979 4036 7.3993321 0.0073993321 4.12257406
979 4036 7.39933291 0.00739933291 4.12257406
979 4036 7.39933265 0.00739933265 4.12257406
978 4031 7.38838027 0.00738838027 4.12167689
978 4031 7.38836276 0.00738836276 4.12167689
978 4027 7.38822476 0.00738822476 4.11758691
978 4031 7.38832471 0.00738832471 4.12167689
978 4027 7.38821697 0.00738821697 4.11758691
978 4031 7.38835286 0.00738835286 4.12167689
978 4031 7.3883502 0.0073883502 4.12167689
978 4031 7.38833238 0.00738833238 4.12167689
978 4031 7.38832819 0.00738832819 4.12167689
978 4031 7.38832933 0.00738832933 4.12167689
977 4022 7.37768061 0.00737768061 4.11668373
977 4022 7.37769198 0.00737769198 4.11668373
977 4022 7.37769858 0.00737769858 4.11668373
977 4022 7.37766813 0.00737766813 4.11668373
977 4022 7.37770879 0.00737770879 4.11668373
977 4022 7.37762567 0.00737762567 4.11668373
977 4022 7.37769979 0.00737769979 4.11668373
977 4022 7.37767608 0.00737767608 4.11668373
977 4022 7.37772502 0.00737772502 4.11668373
977 4022 7.37762156 0.00737762156 4.11668373
976 4012 7.36644855 0.00736644855 4.11065574
976 4017 7.36645022 0.00736645022 4.11577869
976 4017 7.36642446 0.00736642446 4.11577869
976 4012 7.36641111 0.00736641111 4.11065574
976 4012 7.36649951 0.00736649951 4.11065574
976 4012 7.36635643 0.00736635643 4.11065574
976 4012 7.36643777 0.00736643777 4.11065574
976 4012 7.36648987 0.00736648987 4.11065574
976 4012 7.36637571 0.00736637571 4.11065574
976 4012 7.36643923 0.00736643923 4.11065574
975 4007 7.35525255 0.00735525255 4.10974359
975 4007 7.35520801 0.00735520801 4.10974359
975 4007 7.35524532 0.00735524532 4.10974359
975 4007 7.35524333 0.00735524333 4.10974359
975 4007 7.35533857 0.00735533857 4.10974359
975 4007 7.35528152 0.00735528152 4.10974359
975 4007 7.3552786 0.0073552786 4.10974359
975 4007 7.35529463 0.00735529463 4.10974359
975 4007 7.35526645 0.00735526645 4.10974359
975 4007 7.35532365 0.00735532365 4.10974359
974 3998 7.34399435 0.00734399435 4.10472279
974 4001 7.33935593 0.00733935593 4.10780287
974 3997 7.34953932 0.00734953932 4.1036961
974 4002 7.34962355 0.00734962355 4.10882957
974 4002 7.34964607 0.00734964607 4.10882957
974 4002 7.34961552 0.00734961552 4.10882957
974 4002 7.34961234 0.00734961234 4.10882957
974 4002 7.34960021 0.00734960021 4.10882957
974 4002 7.34960294 0.00734960294 4.10882957
974 4002 7.34960612 0.00734960612 4.10882957
973 3992 7.33856601 0.00733856601 4.10277492
973 3992 7.33857125 0.00733857125 4.10277492
973 3992 7.33860591 0.00733860591 4.10277492
973 3992 7.33860302 0.00733860302 4.10277492
973 3992 7.33860909 0.00733860909 4.10277492
973 3992 7.33861424 0.00733861424 4.10277492
973 3992 7.33861249 0.00733861249 4.10277492
973 3992 7.33861191 0.00733861191 4.10277492
973 3992 7.33861235 0.00733861235 4.10277492
973 3992 7.33861256 0.00733861256 4.10277492
972 3986 7.32671856 0.00732671856 4.10082305
972 3981 7.32596232 0.00732596232 4.09567901
972 3986 7.32676132 0.00732676132 4.10082305
972 3986 7.32664528 0.00732664528 4.10082305
972 3986 7.32666912 0.00732666912 4.10082305
972 3986 7.32666684 0.00732666684 4.10082305
972 3986 7.3266787 0.0073266787 4.10082305
972 3986 7.32667245 0.00732667245 4.10082305
972 3986 7.3266837 0.0073266837 4.10082305
972 3986 7.32668425 0.00732668425 4.10082305
971 3975 7.31529034 0.00731529034 4.09371782
971 3975 7.31535161 0.00731535161 4.09371782
971 3975 7.31532513 0.00731532513 4.09371782
971 3975 7.3153942 0.0073153942 4.09371782
971 3975 7.31541655 0.00731541655 4.09371782
971 3975 7.31540677 0.00731540677 4.09371782
971 3975 7.31541506 0.00731541506 4.09371782
971 3975 7.31540656 0.00731540656 4.09371782
971 3975 7.31539276 0.00731539276 4.09371782
971 3975 7.31538205 0.00731538205 4.09371782
970 3966 7.30356991 0.00730356991 4.08865979
970 3966 7.30346433 0.00730346433 4.08865979
970 3966 7.30348125 0.00730348125 4.08865979
970 3966 7.30343655 0.00730343655 4.08865979
970 3966 7.30340451 0.00730340451 4.08865979
970 3966 7.30340634 0.00730340634 4.08865979
970 3966 7.30340211 0.00730340211 4.08865979
970 3966 7.30339803 0.00730339803 4.08865979
970 3966 7.30339743 0.00730339743 4.08865979
970 3966 7.30339598 0.00730339598 4.08865979
969 3956 7.29094026 0.00729094026 4.08255934
969 3956 7.29105529 0.00729105529 4.08255934
969 3956 7.29106741 0.00729106741 4.08255934
969 3956 7.29104631 0.00729104631 4.08255934
969 3956 7.29106772 0.00729106772 4.08255934
969 3956 7.29106379 0.00729106379 4.08255934
969 3956 7.29106804 0.00729106804 4.08255934
969 3956 7.29107075 0.00729107075 4.08255934
969 3956 7.29107016 0.00729107016 4.08255934
969 3956 7.29106936 0.00729106936 4.08255934
968 3949 7.27805086 0.00727805086 4.07954545
968 3949 7.27807564 0.00727807564 4.07954545
968 3949 7.27798384 0.00727798384 4.07954545
968 3949 7.27794629 0.00727794629 4.07954545
968 3949 7.27782086 0.00727782086 4.07954545
968 3949 7.27780177 0.00727780177 4.07954545
968 3949 7.27776959 0.00727776959 4.07954545
968 3949 7.27776771 0.00727776771 4.07954545
968 3949 7.27775323 0.00727775323 4.07954545
968 3949 7.27774555 0.00727774555 4.07954545
967 3938 7.26312042 0.00726312042 4.07238883
967 3938 7.2632811 0.0072632811 4.07238883
967 3938 7.2633809 0.0072633809 4.07238883
967 3938 7.26337842 0.00726337842 4.07238883
967 3938 7.26336678 0.00726336678 4.07238883
967 3938 7.26337433 0.00726337433 4.07238883
967 3938 7.26337231 0.00726337231 4.07238883
967 3938 7.26338381 0.00726338381 4.07238883
967 3938 7.26338685 0.00726338685 4.07238883
967 3938 7.26338641 0.00726338641 4.07238883
966 3928 7.24817547 0.00724817547 4.06625259
966 3928 7.24819667 0.00724819667 4.06625259
966 3928 7.24812522 0.00724812522 4.06625259
966 3928 7.24814207 0.00724814207 4.06625259
966 3928 7.24815428 0.00724815428 4.06625259
966 3928 7.2481527 0.0072481527 4.06625259
966 3928 7.24815105 0.00724815105 4.06625259
966 3928 7.24814999 0.00724814999 4.06625259
966 3928 7.24814995 0.00724814995 4.06625259
966 3928 7.24814941 0.00724814941 4.06625259
965 3915 7.2325913 0.0072325913 4.05699482
965 3915 7.23268561 0.00723268561 4.05699482
965 3915 7.23261932 0.00723261932 4.05699482
965 3915 7.2326551 0.0072326551 4.05699482
965 3915 7.232666 0.007232666 4.05699482
965 3915 7.23266533 0.00723266533 4.05699482
965 3915 7.23266266 0.00723266266 4.05699482
965 3915 7.23266205 0.00723266205 4.05699482
965 3915 7.2326624 0.0072326624 4.05699482
965 3915 7.23266225 0.00723266225 4.05699482
964 3901 7.21687524 0.00721687524 4.0466805
964 3907 7.2103733 0.0072103733 4.05290456
964 3906 7.22195487 0.00722195487 4.05186722
964 3906 7.22192984 0.00722192984 4.05186722
964 3906 7.2219056 0.0072219056 4.05186722
964 3906 7.22195659 0.00722195659 4.05186722
964 3906 7.22192147 0.00722192147 4.05186722
964 3906 7.22195108 0.00722195108 4.05186722
964 3906 7.22191931 0.00722191931 4.05186722
964 3906 7.22195182 0.00722195182 4.05186722
963 3893 7.20625374 0.00720625374 4.04257529
963 3896 7.1998872 0.0071998872 4.04569055
963 3900 7.20687816 0.00720687816 4.04984424
962 3887 7.20003995 0.00720003995 4.04054054
962 3888 7.2009906 0.0072009906 4.04158004
962 3888 7.20089991 0.00720089991 4.04158004
962 3888 7.20089539 0.00720089539 4.04158004
962 3888 7.2008128 0.0072008128 4.04158004
962 3888 7.20073713 0.00720073713 4.04158004
962 3888 7.20069983 0.00720069983 4.04158004
961 3877 7.18663926 0.00718663926 4.03433923
961 3877 7.18666039 0.00718666039 4.03433923
961 3877 7.18672021 0.00718672021 4.03433923
961 3877 7.18651782 0.00718651782 4.03433923
961 3877 7.1867676 0.0071867676 4.03433923
961 3877 7.187053 0.007187053 4.03433923
961 3877 7.18681362 0.00718681362 4.03433923
961 3877 7.1867448 0.0071867448 4.03433923
961 3877 7.1867862 0.0071867862 4.03433923
961 3877 7.18672348 0.00718672348 4.03433923
960 3872 7.17234484 0.00717234484 4.03333333
960 3872 7.17231895 0.00717231895 4.03333333
960 3872 7.17227438 0.00717227438 4.03333333
960 3872 7.17225191 0.00717225191 4.03333333
960 3872 7.17229616 0.00717229616 4.03333333
960 3872 7.17232411 0.00717232411 4.03333333
960 3872 7.1723254 0.0071723254 4.03333333
960 3872 7.17232681 0.00717232681 4.03333333
960 3872 7.17232199 0.00717232199 4.03333333
960 3872 7.17231885 0.00717231885 4.03333333
959 3865 7.15717246 0.00715717246 4.03023983
959 3865 7.15709235 0.00715709235 4.03023983
959 3865 7.15703064 0.00715703064 4.03023983
959 3865 7.15706465 0.00715706465 4.03023983
959 3865 7.15693446 0.00715693446 4.03023983
959 3865 7.15691609 0.00715691609 4.03023983
959 3865 7.15693753 0.00715693753 4.03023983
959 3865 7.1569523 0.0071569523 4.03023983
959 3865 7.15696303 0.00715696303 4.03023983
959 3865 7.15696228 0.00715696228 4.03023983
958 3856 7.14150928 0.00714150928 4.02505219
958 3856 7.14173255 0.00714173255 4.02505219
958 3856 7.14169368 0.00714169368 4.02505219
958 3856 7.14169136 0.00714169136 4.02505219
958 3856 7.14171038 0.00714171038 4.02505219
958 3856 7.14172082 0.00714172082 4.02505219
958 3856 7.14172661 0.00714172661 4.02505219
958 3856 7.14172875 0.00714172875 4.02505219
958 3856 7.14172765 0.00714172765 4.02505219
958 3856 7.14172818 0.00714172818 4.02505219
957 3849 7.12566799 0.00712566799 4.02194357
957 3849 7.12567615 0.00712567615 4.02194357
957 3849 7.12571242 0.00712571242 4.02194357
957 3849 7.12567471 0.00712567471 4.02194357
957 3849 7.1256695 0.0071256695 4.02194357
957 3849 7.12566867 0.00712566867 4.02194357
957 3849 7.12566168 0.00712566168 4.02194357
957 3849 7.12565595 0.00712565595 4.02194357
957 3849 7.12565595 0.00712565595 4.02194357
957 3849 7.12565653 0.00712565653 4.02194357
956 3844 7.10860245 0.00710860245 4.0209205
956 3838 7.10711866 0.00710711866 4.01464435
956 3840 7.11195006 0.00711195006 4.0167364
956 3840 7.11191328 0.00711191328 4.0167364
956 3840 7.11194436 0.00711194436 4.0167364
956 3840 7.11195065 0.00711195065 4.0167364
956 3840 7.11193284 0.00711193284 4.0167364
956 3840 7.11193193 0.00711193193 4.0167364
956 3840 7.11194436 0.00711194436 4.0167364
956 3840 7.11194891 0.00711194891 4.0167364
955 3833 7.09588693 0.00709588693 4.01361257
955 3833 7.09594161 0.00709594161 4.01361257
955 3833 7.09597177 0.00709597177 4.01361257
955 3833 7.09605255 0.00709605255 4.01361257
955 3833 7.09619254 0.00709619254 4.01361257
955 3833 7.09567699 0.00709567699 4.01361257
955 3833 7.09573861 0.00709573861 4.01361257
955 3833 7.09584333 0.00709584333 4.01361257
955 3833 7.09573603 0.00709573603 4.01361257
955 3833 7.09595289 0.00709595289 4.01361257
954 3826 7.07930298 0.00707930298 4.01048218
954 3826 7.07905838 0.00707905838 4.01048218
954 3826 7.07900496 0.00707900496 4.01048218
954 3826 7.0790475 0.0070790475 4.01048218
954 3826 7.07904071 0.00707904071 4.01048218
954 3826 7.07903858 0.00707903858 4.01048218
954 3826 7.07903884 0.00707903884 4.01048218
954 3826 7.07904268 0.00707904268 4.01048218
954 3826 7.07904474 0.00707904474 4.01048218
954 3826 7.07904471 0.00707904471 4.01048218
953 3818 7.06146433 0.00706146433 4.00629591
953 3820 7.06124077 0.00706124077 4.00839454
953 3819 7.0623872 0.0070623872 4.00734523
953 3819 7.06236766 0.00706236766 4.00734523
953 3819 7.0624872 0.0070624872 4.00734523
953 3819 7.06259809 0.00706259809 4.00734523
953 3819 7.06268865 0.00706268865 4.00734523
953 3819 7.06206059 0.00706206059 4.00734523
953 3819 7.06212888 0.00706212888 4.00734523
953 3819 7.06235852 0.00706235852 4.00734523
952 3812 7.04586213 0.00704586213 4.00420168
952 3812 7.04579133 0.00704579133 4.00420168
952 3812 7.04560391 0.00704560391 4.00420168
952 3812 7.04567816 0.00704567816 4.00420168
952 3812 7.04573207 0.00704573207 4.00420168
952 3812 7.04566781 0.00704566781 4.00420168
952 3812 7.04557711 0.00704557711 4.00420168
952 3812 7.04572553 0.00704572553 4.00420168
952 3812 7.04566068 0.00704566068 4.00420168
952 3812 7.04556052 0.00704556052 4.00420168
951 3807 7.02843554 0.00702843554 4.00315457
951 3803 7.02815754 0.00702815754 3.99894848
951 3807 7.02834703 0.00702834703 4.00315457
951 3806 7.02156115 0.00702156115 4.00210305
951 3807 7.02856893 0.00702856893 4.00315457
951 3807 7.02835362 0.00702835362 4.00315457
951 3807 7.02828712 0.00702828712 4.00315457
951 3807 7.02839449 0.00702839449 4.00315457
951 3807 7.02828529 0.00702828529 4.00315457
951 3807 7.02828483 0.00702828483 4.00315457
950 3801 7.01122348 0.00701122348 4.00105263
950 3801 7.01094114 0.00701094114 4.00105263
950 3798 7.01118529 0.00701118529 3.99789474
950 3798 7.01109048 0.00701109048 3.99789474
950 3798 7.01126289 0.00701126289 3.99789474
950 3798 7.01113145 0.00701113145 3.99789474
950 3798 7.01124687 0.00701124687 3.99789474
950 3798 7.01123099 0.00701123099 3.99789474
950 3798 7.01121256 0.00701121256 3.99789474
950 3798 7.0112339 0.0070112339 3.99789474
949 3792 6.99415395 0.00699415395 3.99578504
949 3792 6.99407949 0.00699407949 3.99578504
949 3792 6.99398566 0.00699398566 3.99578504
949 3792 6.99409338 0.00699409338 3.99578504
949 3792 6.99396962 0.00699396962 3.99578504
949 3792 6.99394794 0.00699394794 3.99578504
949 3792 6.99390754 0.00699390754 3.99578504
949 3792 6.99405908 0.00699405908 3.99578504
949 3792 6.99390349 0.00699390349 3.99578504
949 3792 6.99394716 0.00699394716 3.99578504
948 3786 6.97651471 0.00697651471 3.99367089
948 3787 6.9767584 0.0069767584 3.99472574
948 3786 6.97682192 0.00697682192 3.99367089
948 3787 6.97665591 0.00697665591 3.99472574
948 3787 6.9763735 0.0069763735 3.99472574
948 3787 6.97644407 0.00697644407 3.99472574
948 3787 6.97667088 0.00697667088 3.99472574
948 3787 6.9763155 0.0069763155 3.99472574
948 3787 6.97637527 0.00697637527 3.99472574
948 3788 6.97511585 0.00697511585 3.99578059
947 3781 6.95957285 0.00695957285 3.99260824
947 3781 6.95950147 0.00695950147 3.99260824
947 3781 6.95957437 0.00695957437 3.99260824
947 3781 6.95946737 0.00695946737 3.99260824
947 3781 6.95953921 0.00695953921 3.99260824
947 3781 6.95947823 0.00695947823 3.99260824
947 3781 6.95954476 0.00695954476 3.99260824
947 3781 6.95947247 0.00695947247 3.99260824
947 3781 6.95954506 0.00695954506 3.99260824
947 3781 6.95947513 0.00695947513 3.99260824
946 3778 6.94220058 0.00694220058 3.99365751
946 3773 6.92722258 0.00692722258 3.98837209
946 3779 6.9428449 0.0069428449 3.99471459
946 3770 6.94408417 0.00694408417 3.98520085
946 3773 6.9514772 0.0069514772 3.98837209
946 3772 6.95214671 0.00695214671 3.98731501
946 3772 6.95216058 0.00695216058 3.98731501
946 3772 6.95213605 0.00695213605 3.98731501
946 3772 6.95227966 0.00695227966 3.98731501
946 3772 6.95225817 0.00695225817 3.98731501
945 3767 6.93551605 0.00693551605 3.98624339
945 3767 6.93515228 0.00693515228 3.98624339
945 3767 6.93504179 0.00693504179 3.98624339
945 3767 6.93504126 0.00693504126 3.98624339
945 3767 6.93500354 0.00693500354 3.98624339
945 3767 6.93511312 0.00693511312 3.98624339
945 3767 6.93499983 0.00693499983 3.98624339
945 3767 6.93504119 0.00693504119 3.98624339
945 3767 6.93506021 0.00693506021 3.98624339
945 3767 6.93512382 0.00693512382 3.98624339
944 3761 6.91829562 0.00691829562 3.98411017
944 3758 6.91829711 0.00691829711 3.9809322
944 3758 6.91808533 0.00691808533 3.9809322
944 3761 6.91837207 0.00691837207 3.98411017
944 3761 6.91828543 0.00691828543 3.98411017
944 3761 6.91825305 0.00691825305 3.98411017
944 3761 6.91825799 0.00691825799 3.98411017
944 3761 6.91827822 0.00691827822 3.98411017
944 3761 6.91830194 0.00691830194 3.98411017
944 3761 6.91829354 0.00691829354 3.98411017
943 3752 6.90147864 0.00690147864 3.97879109
943 3759 6.90150372 0.00690150372 3.98621421
943 3752 6.9015582 0.0069015582 3.97879109
943 3752 6.90161554 0.00690161554 3.97879109
943 3752 6.90158613 0.00690158613 3.97879109
943 3752 6.90154576 0.00690154576 3.97879109
943 3752 6.90155001 0.00690155001 3.97879109
943 3752 6.90155816 0.00690155816 3.97879109
943 3752 6.90156134 0.00690156134 3.97879109
943 3752 6.90156143 0.00690156143 3.97879109
942 3750 6.88472383 0.00688472383 3.98089172
942 3750 6.88470556 0.00688470556 3.98089172
942 3750 6.88462975 0.00688462975 3.98089172
942 3750 6.88459759 0.00688459759 3.98089172
942 3750 6.88467112 0.00688467112 3.98089172
942 3750 6.884683 0.006884683 3.98089172
942 3750 6.88467006 0.00688467006 3.98089172
942 3750 6.88466136 0.00688466136 3.98089172
942 3750 6.88465961 0.00688465961 3.98089172
942 3750 6.88465579 0.00688465579 3.98089172
941 3745 6.86758051 0.00686758051 3.97980871
941 3745 6.86762402 0.00686762402 3.97980871
941 3745 6.86744667 0.00686744667 3.97980871
941 3745 6.86761527 0.00686761527 3.97980871
941 3745 6.86748479 0.00686748479 3.97980871
941 3745 6.86741435 0.00686741435 3.97980871
941 3745 6.86738995 0.00686738995 3.97980871
941 3745 6.86739754 0.00686739754 3.97980871
941 3745 6.86740081 0.00686740081 3.97980871
941 3745 6.86739247 0.00686739247 3.97980871
940 3736 6.84975386 0.00684975386 3.97446809
940 3738 6.84998384 0.00684998384 3.97659574
940 3734 6.84977254 0.00684977254 3.97234043
940 3731 6.84995821 0.00684995821 3.96914894
940 3736 6.85010476 0.00685010476 3.97446809
940 3736 6.85009293 0.00685009293 3.97446809
940 3736 6.84998397 0.00684998397 3.97446809
940 3736 6.85000199 0.00685000199 3.97446809
940 3736 6.85001914 0.00685001914 3.97446809
940 3736 6.850021 0.006850021 3.97446809
939 3729 6.83324136 0.00683324136 3.97124601
939 3729 6.83320532 0.00683320532 3.97124601
939 3729 6.83311973 0.00683311973 3.97124601
939 3729 6.83303068 0.00683303068 3.97124601
939 3729 6.8332265 0.0068332265 3.97124601
939 3729 6.83310908 0.00683310908 3.97124601
939 3729 6.83325797 0.00683325797 3.97124601
939 3729 6.83300522 0.00683300522 3.97124601
939 3729 6.83297184 0.00683297184 3.97124601
939 3729 6.83315534 0.00683315534 3.97124601
938 3721 6.81574504 0.00681574504 3.96695096
937 3716 6.8048886 0.0068048886 3.96584845
937 3716 6.80484885 0.00680484885 3.96584845
937 3716 6.80482436 0.00680482436 3.96584845
937 3716 6.80487106 0.00680487106 3.96584845
937 3716 6.80485339 0.00680485339 3.96584845
937 3716 6.80483441 0.00680483441 3.96584845
937 3716 6.80483591 0.00680483591 3.96584845
937 3716 6.80483479 0.00680483479 3.96584845
937 3716 6.80483582 0.00680483582 3.96584845
936 3712 6.78767532 0.00678767532 3.96581197
936 3712 6.78754478 0.00678754478 3.96581197
936 3712 6.78764625 0.00678764625 3.96581197
936 3712 6.78751885 0.00678751885 3.96581197
936 3712 6.78777471 0.00678777471 3.96581197
936 3712 6.78756125 0.00678756125 3.96581197
936 3712 6.78768899 0.00678768899 3.96581197
936 3712 6.78752856 0.00678752856 3.96581197
936 3712 6.78784537 0.00678784537 3.96581197
936 3712 6.78759997 0.00678759997 3.96581197
935 3701 6.7704396 0.0067704396 3.95828877
935 3701 6.77053002 0.00677053002 3.95828877
935 3701 6.77041132 0.00677041132 3.95828877
935 3701 6.7702666 0.0067702666 3.95828877
935 3701 6.77021181 0.00677021181 3.95828877
935 3701 6.77022605 0.00677022605 3.95828877
935 3701 6.77039958 0.00677039958 3.95828877
935 3701 6.77036711 0.00677036711 3.95828877
935 3701 6.77022515 0.00677022515 3.95828877
935 3701 6.77023122 0.00677023122 3.95828877
934 3690 6.75328554 0.00675328554 3.95074946
934 3690 6.75340019 0.00675340019 3.95074946
934 3688 6.75260109 0.00675260109 3.94860814
934 3690 6.75336994 0.00675336994 3.95074946
934 3690 6.75334343 0.00675334343 3.95074946
934 3690 6.75322493 0.00675322493 3.95074946
934 3688 6.7523562 0.0067523562 3.94860814
934 3688 6.75246073 0.00675246073 3.94860814
934 3688 6.75231184 0.00675231184 3.94860814
934 3688 6.75230835 0.00675230835 3.94860814
933 3677 6.73559658 0.00673559658 3.94105038
933 3677 6.73570685 0.00673570685 3.94105038
933 3677 6.73573538 0.00673573538 3.94105038
933 3677 6.73570073 0.00673570073 3.94105038
933 3677 6.7357485 0.0067357485 3.94105038
933 3677 6.73582796 0.00673582796 3.94105038
933 3677 6.73549658 0.00673549658 3.94105038
933 3677 6.73558363 0.00673558363 3.94105038
933 3677 6.73560114 0.00673560114 3.94105038
933 3677 6.73566638 0.00673566638 3.94105038
932 3674 6.71771199 0.00671771199 3.94206009
932 3669 6.70666617 0.00670666617 3.93669528
932 3677 6.71920064 0.00671920064 3.94527897
932 3677 6.71912773 0.00671912773 3.94527897
932 3677 6.71897107 0.00671897107 3.94527897
932 3677 6.72001721 0.00672001721 3.94527897
932 3677 6.72011453 0.00672011453 3.94527897
932 3677 6.7201122 0.0067201122 3.94527897
932 3677 6.72007064 0.00672007064 3.94527897
932 3677 6.72006766 0.00672006766 3.94527897
931 3670 6.70246053 0.00670246053 3.94199785
931 3666 6.70274584 0.00670274584 3.9377014
931 3666 6.7026117 0.0067026117 3.9377014
931 3666 6.70251421 0.00670251421 3.9377014
931 3666 6.70260625 0.00670260625 3.9377014
931 3666 6.70259197 0.00670259197 3.9377014
931 3666 6.70263809 0.00670263809 3.9377014
931 3666 6.70262849 0.00670262849 3.9377014
931 3666 6.70265596 0.00670265596 3.9377014
931 3666 6.70262941 0.00670262941 3.9377014
930 3659 6.68486996 0.00668486996 3.9344086
930 3659 6.68483096 0.00668483096 3.9344086
930 3659 6.68486691 0.00668486691 3.9344086
930 3659 6.6848944 0.0066848944 3.9344086
930 3659 6.68487266 0.00668487266 3.9344086
930 3659 6.68468857 0.00668468857 3.9344086
930 3659 6.68494025 0.00668494025 3.9344086
930 3659 6.68486111 0.00668486111 3.9344086
930 3659 6.68480721 0.00668480721 3.9344086
930 3659 6.68484534 0.00668484534 3.9344086
929 3652 6.66703455 0.00666703455 3.93110872
929 3652 6.66698414 0.00666698414 3.93110872
929 3652 6.66696635 0.00666696635 3.93110872
929 3652 6.66698088 0.00666698088 3.93110872
929 3652 6.66698092 0.00666698092 3.93110872
929 3652 6.66687197 0.00666687197 3.93110872
929 3652 6.66701238 0.00666701238 3.93110872
929 3652 6.66687622 0.00666687622 3.93110872
929 3652 6.66700957 0.00666700957 3.93110872
929 3652 6.66687365 0.00666687365 3.93110872
928 3646 6.64869035 0.00664869035 3.92887931
928 3646 6.64885177 0.00664885177 3.92887931
928 3646 6.64880383 0.00664880383 3.92887931
928 3643 6.64848788 0.00664848788 3.92564655
928 3643 6.64867581 0.00664867581 3.92564655
928 3643 6.64861626 0.00664861626 3.92564655
928 3646 6.64857689 0.00664857689 3.92887931
928 3646 6.64875266 0.00664875266 3.92887931
928 3646 6.64873045 0.00664873045 3.92887931
928 3646 6.64880706 0.00664880706 3.92887931
927 3637 6.63062218 0.00663062218 3.92340885
927 3637 6.63028992 0.00663028992 3.92340885
927 3637 6.63032353 0.00663032353 3.92340885
927 3641 6.62988877 0.00662988877 3.92772384
927 3635 6.62337642 0.00662337642 3.92125135
927 3636 6.6315453 0.0066315453 3.9223301
927 3636 6.63159957 0.00663159957 3.9223301
927 3636 6.63159459 0.00663159459 3.9223301
927 3636 6.63155555 0.00663155555 3.9223301
927 3636 6.63153885 0.00663153885 3.9223301
926 3630 6.6134268 0.0066134268 3.92008639
926 3630 6.61366132 0.00661366132 3.92008639
926 3628 6.61334507 0.00661334507 3.91792657
926 3628 6.61342161 0.00661342161 3.91792657
926 3630 6.61343072 0.00661343072 3.92008639
926 3630 6.61358127 0.00661358127 3.92008639
926 3630 6.61356776 0.00661356776 3.92008639
926 3630 6.61364354 0.00661364354 3.92008639
926 3630 6.61365492 0.00661365492 3.92008639
926 3630 6.61365034 0.00661365034 3.92008639
925 3622 6.59554659 0.00659554659 3.91567568
925 3622 6.59531108 0.00659531108 3.91567568
925 3622 6.59531207 0.00659531207 3.91567568
925 3622 6.59544805 0.00659544805 3.91567568
925 3622 6.59539403 0.00659539403 3.91567568
925 3622 6.59547854 0.00659547854 3.91567568
925 3622 6.59536562 0.00659536562 3.91567568
925 3622 6.59547192 0.00659547192 3.91567568
925 3622 6.59536396 0.00659536396 3.91567568
925 3622 6.59546133 0.00659546133 3.91567568
924 3614 6.5764166 0.0065764166 3.91125541
924 3617 6.5765928 0.0065765928 3.91450216
924 3613 6.57504467 0.00657504467 3.91017316
924 3616 6.58731762 0.00658731762 3.91341991
924 3616 6.58744231 0.00658744231 3.91341991
924 3616 6.58734998 0.00658734998 3.91341991
924 3616 6.58740184 0.00658740184 3.91341991
924 3616 6.58742212 0.00658742212 3.91341991
924 3616 6.58744989 0.00658744989 3.91341991
924 3616 6.58745118 0.00658745118 3.91341991
923 3608 6.56939008 0.00656939008 3.90899242
923 3608 6.56920573 0.00656920573 3.90899242
923 3608 6.56911584 0.00656911584 3.90899242
923 3608 6.56908598 0.00656908598 3.90899242
923 3608 6.5690916 0.0065690916 3.90899242
923 3608 6.56909232 0.00656909232 3.90899242
923 3608 6.56910017 0.00656910017 3.90899242
923 3608 6.56910299 0.00656910299 3.90899242
923 3608 6.56910316 0.00656910316 3.90899242
923 3608 6.5691027 0.0065691027 3.90899242
922 3600 6.5506369 0.0065506369 3.90455531
922 3600 6.55094136 0.00655094136 3.90455531
922 3600 6.55067507 0.00655067507 3.90455531
922 3600 6.55076067 0.00655076067 3.90455531
922 3600 6.55063694 0.00655063694 3.90455531
922 3600 6.55077167 0.00655077167 3.90455531
922 3600 6.55081151 0.00655081151 3.90455531
922 3600 6.55075418 0.00655075418 3.90455531
922 3600 6.55068329 0.00655068329 3.90455531
922 3600 6.55072831 0.00655072831 3.90455531
921 3588 6.53217158 0.00653217158 3.89576547
921 3594 6.53185736 0.00653185736 3.90228013
921 3594 6.53153179 0.00653153179 3.90228013
921 3588 6.53211829 0.00653211829 3.89576547
921 3588 6.53233577 0.00653233577 3.89576547
921 3588 6.53214776 0.00653214776 3.89576547
921 3588 6.53223026 0.00653223026 3.89576547
921 3588 6.53219323 0.00653219323 3.89576547
921 3588 6.53225751 0.00653225751 3.89576547
921 3588 6.53218447 0.00653218447 3.89576547
920 3582 6.51328854 0.00651328854 3.89347826
920 3582 6.51316678 0.00651316678 3.89347826
920 3582 6.51339553 0.00651339553 3.89347826
920 3582 6.51343929 0.00651343929 3.89347826
920 3582 6.51343515 0.00651343515 3.89347826
920 3582 6.51344962 0.00651344962 3.89347826
920 3582 6.51348051 0.00651348051 3.89347826
920 3582 6.51348914 0.00651348914 3.89347826
920 3582 6.51348859 0.00651348859 3.89347826
920 3582 6.51348771 0.00651348771 3.89347826
919 3575 6.49291296 0.00649291296 3.89009793
919 3575 6.49278759 0.00649278759 3.89009793
919 3575 6.48869454 0.00648869454 3.89009793
919 3574 6.49841498 0.00649841498 3.88900979
919 3576 6.49889619 0.00649889619 3.89118607
919 3577 6.49880192 0.00649880192 3.89227421
919 3581 6.49698983 0.00649698983 3.89662677
919 3579 6.49869452 0.00649869452 3.89445049
919 3577 6.49825055 0.00649825055 3.89227421
919 3578 6.49751305 0.00649751305 3.89336235
918 3571 6.48075772 0.00648075772 3.88997821
918 3571 6.48077315 0.00648077315 3.88997821
918 3571 6.48071318 0.00648071318 3.88997821
918 3571 6.4806777 0.0064806777 3.88997821
918 3571 6.48067859 0.00648067859 3.88997821
918 3571 6.48068089 0.00648068089 3.88997821
918 3571 6.48068848 0.00648068848 3.88997821
918 3571 6.48069132 0.00648069132 3.88997821
918 3571 6.48069187 0.00648069187 3.88997821
918 3571 6.480692 0.006480692 3.88997821
917 3563 6.46253748 0.00646253748 3.88549618
917 3563 6.46274461 0.00646274461 3.88549618
917 3563 6.46261793 0.00646261793 3.88549618
917 3563 6.46259451 0.00646259451 3.88549618
917 3559 6.46207171 0.00646207171 3.88113413
917 3563 6.46264847 0.00646264847 3.88549618
917 3563 6.46275801 0.00646275801 3.88549618
917 3563 6.46254467 0.00646254467 3.88549618
917 3563 6.4626505 0.0064626505 3.88549618
917 3563 6.46279732 0.00646279732 3.88549618
916 3551 6.44446682 0.00644446682 3.87663755
916 3551 6.44476933 0.00644476933 3.87663755
916 3551 6.44465952 0.00644465952 3.87663755
916 3551 6.4448199 0.0064448199 3.87663755
916 3551 6.44479642 0.00644479642 3.87663755
916 3551 6.44480321 0.00644480321 3.87663755
916 3551 6.44480278 0.00644480278 3.87663755
916 3551 6.44480227 0.00644480227 3.87663755
916 3551 6.44480409 0.00644480409 3.87663755
916 3551 6.44480287 0.00644480287 3.87663755
915 3542 6.42601117 0.00642601117 3.87103825
915 3543 6.41743877 0.00641743877 3.87213115
915 3546 6.42544236 0.00642544236 3.87540984
915 3546 6.41849268 0.00641849268 3.87540984
915 3545 6.43085433 0.00643085433 3.87431694
915 3541 6.43046011 0.00643046011 3.86994536
915 3540 6.43139251 0.00643139251 3.86885246
915 3540 6.43086742 0.00643086742 3.86885246
914 3534 6.41370091 0.00641370091 3.86652079
914 3533 6.41369566 0.00641369566 3.8654267
913 3527 6.39594268 0.00639594268 3.86308872
913 3527 6.39608869 0.00639608869 3.86308872
913 3527 6.39611056 0.00639611056 3.86308872
913 3527 6.39591088 0.00639591088 3.86308872
913 3527 6.3961387 0.0063961387 3.86308872
913 3527 6.39608478 0.00639608478 3.86308872
913 3527 6.39593275 0.00639593275 3.86308872
913 3527 6.39613967 0.00639613967 3.86308872
913 3527 6.396089 0.006396089 3.86308872
913 3527 6.39592526 0.00639592526 3.86308872
912 3524 6.37649884 0.00637649884 3.86403509
912 3521 6.37640599 0.00637640599 3.86074561
912 3525 6.37264248 0.00637264248 3.86513158
912 3525 6.37724018 0.00637724018 3.86513158
912 3525 6.3771933 0.0063771933 3.86513158
912 3525 6.37720043 0.00637720043 3.86513158
912 3525 6.37716617 0.00637716617 3.86513158
912 3525 6.37712122 0.00637712122 3.86513158
912 3530 6.3753586 0.0063753586 3.87061404
912 3525 6.37696588 0.00637696588 3.86513158
911 3519 6.359827 0.006359827 3.86278814
911 3519 6.35962894 0.00635962894 3.86278814
911 3519 6.3596309 0.0063596309 3.86278814
911 3519 6.35962736 0.00635962736 3.86278814
911 3519 6.3597087 0.0063597087 3.86278814
911 3519 6.35965445 0.00635965445 3.86278814
911 3519 6.35966993 0.00635966993 3.86278814
911 3519 6.35968434 0.00635968434 3.86278814
911 3519 6.35968124 0.00635968124 3.86278814
911 3519 6.35967711 0.00635967711 3.86278814
910 3516 6.34144742 0.00634144742 3.86373626
910 3516 6.34144336 0.00634144336 3.86373626
910 3516 6.34125041 0.00634125041 3.86373626
910 3516 6.34133964 0.00634133964 3.86373626
910 3516 6.3413836 0.0063413836 3.86373626
910 3516 6.34138334 0.00634138334 3.86373626
910 3516 6.34138147 0.00634138147 3.86373626
910 3516 6.34138495 0.00634138495 3.86373626
910 3516 6.341388 0.006341388 3.86373626
910 3516 6.34138755 0.00634138755 3.86373626
909 3509 6.32243864 0.00632243864 3.86028603
909 3509 6.32226075 0.00632226075 3.86028603
909 3509 6.32239598 0.00632239598 3.86028603
909 3509 6.32243449 0.00632243449 3.86028603
909 3509 6.32240507 0.00632240507 3.86028603
909 3509 6.32239288 0.00632239288 3.86028603
909 3509 6.32239751 0.00632239751 3.86028603
909 3509 6.32239268 0.00632239268 3.86028603
909 3509 6.32239178 0.00632239178 3.86028603
909 3509 6.32238962 0.00632238962 3.86028603
908 3500 6.3023264 0.0063023264 3.85462555
908 3500 6.30245157 0.00630245157 3.85462555
908 3500 6.30251725 0.00630251725 3.85462555
908 3500 6.30254859 0.00630254859 3.85462555
908 3500 6.30251516 0.00630251516 3.85462555
908 3500 6.30252685 0.00630252685 3.85462555
908 3500 6.30251976 0.00630251976 3.85462555
908 3500 6.30254498 0.00630254498 3.85462555
908 3500 6.30254831 0.00630254831 3.85462555
908 3500 6.30255272 0.00630255272 3.85462555
907 3487 6.28215969 0.00628215969 3.84454245
907 3494 6.28100838 0.00628100838 3.8522602
907 3487 6.28226318 0.00628226318 3.84454245
907 3487 6.28226842 0.00628226842 3.84454245
907 3487 6.28206714 0.00628206714 3.84454245
907 3487 6.28197358 0.00628197358 3.84454245
907 3487 6.28196631 0.00628196631 3.84454245
907 3487 6.28195771 0.00628195771 3.84454245
907 3487 6.28194409 0.00628194409 3.84454245
907 3487 6.28193583 0.00628193583 3.84454245
906 3481 6.26131872 0.00626131872 3.84216336
906 3481 6.26146058 0.00626146058 3.84216336
906 3481 6.26152711 0.00626152711 3.84216336
906 3481 6.26146361 0.00626146361 3.84216336
906 3481 6.26141622 0.00626141622 3.84216336
906 3481 6.26138035 0.00626138035 3.84216336
906 3481 6.26136661 0.00626136661 3.84216336
906 3481 6.26136012 0.00626136012 3.84216336
906 3481 6.26135876 0.00626135876 3.84216336
906 3481 6.26135867 0.00626135867 3.84216336
905 3471 6.23925725 0.00623925725 3.83535912
905 3471 6.2395486 0.0062395486 3.83535912
905 3471 6.23966424 0.00623966424 3.83535912
905 3471 6.23943343 0.00623943343 3.83535912
905 3471 6.23971244 0.00623971244 3.83535912
905 3471 6.23945983 0.00623945983 3.83535912
905 3471 6.23975182 0.00623975182 3.83535912
905 3471 6.23945093 0.00623945093 3.83535912
905 3471 6.23974969 0.00623974969 3.83535912
905 3471 6.23944719 0.00623944719 3.83535912
904 3467 6.21668401 0.00621668401 3.83517699
904 3465 6.21675114 0.00621675114 3.8329646
904 3465 6.2163699 0.0062163699 3.8329646
904 3469 6.21971092 0.00621971092 3.83738938
904 3469 6.21971966 0.00621971966 3.83738938
904 3469 6.21964084 0.00621964084 3.83738938
904 3469 6.21961325 0.00621961325 3.83738938
904 3469 6.21960977 0.00621960977 3.83738938
904 3469 6.21960734 0.00621960734 3.83738938
904 3469 6.21960545 0.00621960545 3.83738938
903 3459 6.19786222 0.00619786222 3.83056478
903 3459 6.19817072 0.00619817072 3.83056478
903 3459 6.19847234 0.00619847234 3.83056478
903 3459 6.19846165 0.00619846165 3.83056478
903 3459 6.1984134 0.0061984134 3.83056478
903 3459 6.19841818 0.00619841818 3.83056478
903 3459 6.19842639 0.00619842639 3.83056478
903 3459 6.19842327 0.00619842327 3.83056478
903 3459 6.19842125 0.00619842125 3.83056478
903 3459 6.19842384 0.00619842384 3.83056478
902 3455 6.17571135 0.00617571135 3.83037694
902 3455 6.17519275 0.00617519275 3.83037694
902 3455 6.1756029 0.0061756029 3.83037694
902 3455 6.17492085 0.00617492085 3.83037694
902 3455 6.17466239 0.00617466239 3.83037694
902 3455 6.17492838 0.00617492838 3.83037694
902 3455 6.17540871 0.00617540871 3.83037694
902 3455 6.17537891 0.00617537891 3.83037694
902 3455 6.17558993 0.00617558993 3.83037694
902 3455 6.17481197 0.00617481197 3.83037694
901 3441 6.1520516 0.0061520516 3.8190899
901 3446 6.13990544 0.00613990544 3.82463929
901 3436 6.15589989 0.00615589989 3.81354051
901 3438 6.16820202 0.00616820202 3.81576027
901 3438 6.17360365 0.00617360365 3.81576027
901 3438 6.17352349 0.00617352349 3.81576027
901 3441 6.17174416 0.00617174416 3.8190899
901 3445 6.1740978 0.0061740978 3.82352941
901 3445 6.17384104 0.00617384104 3.82352941
901 3445 6.17385782 0.00617385782 3.82352941
900 3435 6.15298778 0.00615298778 3.81666667
900 3432 6.15338955 0.00615338955 3.81333333
900 3432 6.15337155 0.00615337155 3.81333333
900 3432 6.15336105 0.00615336105 3.81333333
900 3432 6.15337494 0.00615337494 3.81333333
900 3432 6.15337371 0.00615337371 3.81333333
900 3432 6.15337263 0.00615337263 3.81333333
900 3432 6.15337079 0.00615337079 3.81333333
900 3432 6.15337187 0.00615337187 3.81333333
900 3432 6.15337376 0.00615337376 3.81333333
899 3422 6.13219236 0.00613219236 3.80645161
899 3422 6.13273813 0.00613273813 3.80645161
899 3422 6.13242341 0.00613242341 3.80645161
899 3422 6.13252253 0.00613252253 3.80645161
899 3422 6.13225093 0.00613225093 3.80645161
899 3422 6.13258019 0.00613258019 3.80645161
899 3422 6.13226442 0.00613226442 3.80645161
899 3422 6.13240326 0.00613240326 3.80645161
899 3422 6.13252981 0.00613252981 3.80645161
899 3422 6.1322323 0.0061322323 3.80645161
898 3414 6.1104693 0.0061104693 3.80178174
897 3410 6.0992852 0.0060992852 3.80156076
897 3410 6.09930577 0.00609930577 3.80156076
897 3414 6.0994221 0.0060994221 3.80602007
897 3414 6.09935162 0.00609935162 3.80602007
897 3414 6.09925792 0.00609925792 3.80602007
897 3414 6.0992232 0.0060992232 3.80602007
897 3414 6.0992179 0.0060992179 3.80602007
897 3414 6.09920678 0.00609920678 3.80602007
897 3414 6.09920233 0.00609920233 3.80602007
896 3404 6.07823822 0.00607823822 3.79910714
896 3404 6.07846383 0.00607846383 3.79910714
896 3404 6.0787977 0.0060787977 3.79910714
896 3404 6.07889601 0.00607889601 3.79910714
896 3404 6.07889857 0.00607889857 3.79910714
896 3404 6.07888998 0.00607888998 3.79910714
896 3404 6.07886227 0.00607886227 3.79910714
896 3404 6.07885897 0.00607885897 3.79910714
896 3404 6.07884364 0.00607884364 3.79910714
896 3404 6.07883288 0.00607883288 3.79910714
895 3395 6.05760227 0.00605760227 3.79329609
895 3394 6.0561331 0.0060561331 3.79217877
895 3395 6.05787488 0.00605787488 3.79329609
895 3398 6.05887458 0.00605887458 3.79664804
895 3398 6.05879868 0.00605879868 3.79664804
895 3398 6.05901017 0.00605901017 3.79664804
895 3398 6.05901637 0.00605901637 3.79664804
895 3398 6.05897965 0.00605897965 3.79664804
895 3398 6.05898524 0.00605898524 3.79664804
895 3398 6.05896592 0.00605896592 3.79664804
894 3385 6.03748128 0.00603748128 3.78635347
894 3385 6.0373526 0.0060373526 3.78635347
894 3385 6.03726401 0.00603726401 3.78635347
894 3385 6.03700788 0.00603700788 3.78635347
894 3385 6.03716779 0.00603716779 3.78635347
894 3385 6.03752217 0.00603752217 3.78635347
894 3385 6.0373124 0.0060373124 3.78635347
894 3385 6.03733075 0.00603733075 3.78635347
894 3385 6.03727666 0.00603727666 3.78635347
894 3385 6.03721159 0.00603721159 3.78635347
893 3380 6.01465973 0.00601465973 3.7849944
893 3378 5.99800583 0.00599800583 3.78275476
893 3386 6.02009988 0.00602009988 3.79171333
893 3386 6.02009256 0.00602009256 3.79171333
893 3386 6.01973622 0.00601973622 3.79171333
893 3386 6.02022476 0.00602022476 3.79171333
893 3386 6.02009832 0.00602009832 3.79171333
893 3386 6.01993663 0.00601993663 3.79171333
893 3386 6.01987179 0.00601987179 3.79171333
893 3386 6.01985954 0.00601985954 3.79171333
892 3378 5.99808399 0.00599808399 3.78699552
892 3378 5.99820901 0.00599820901 3.78699552
892 3378 5.99806738 0.00599806738 3.78699552
892 3378 5.99845177 0.00599845177 3.78699552
892 3378 5.99827939 0.00599827939 3.78699552
892 3378 5.99821723 0.00599821723 3.78699552
892 3378 5.99841357 0.00599841357 3.78699552
892 3378 5.9982859 0.0059982859 3.78699552
892 3378 5.99823461 0.00599823461 3.78699552
892 3378 5.99841242 0.00599841242 3.78699552
891 3374 5.97545396 0.00597545396 3.78675645
891 3365 5.9761262 0.0059761262 3.77665544
891 3365 5.97626562 0.00597626562 3.77665544
891 3365 5.97645198 0.00597645198 3.77665544
891 3365 5.97624277 0.00597624277 3.77665544
891 3374 5.97551267 0.00597551267 3.78675645
891 3374 5.97553331 0.00597553331 3.78675645
891 3374 5.9756124 0.0059756124 3.78675645
891 3374 5.97567425 0.00597567425 3.78675645
891 3374 5.97570796 0.00597570796 3.78675645
890 3361 5.95388162 0.00595388162 3.77640449
890 3361 5.95357718 0.00595357718 3.77640449
890 3361 5.95377531 0.00595377531 3.77640449
890 3367 5.95271096 0.00595271096 3.78314607
890 3361 5.95354693 0.00595354693 3.77640449
890 3361 5.95385103 0.00595385103 3.77640449
890 3361 5.95384762 0.00595384762 3.77640449
890 3361 5.95379099 0.00595379099 3.77640449
890 3361 5.95383394 0.00595383394 3.77640449
890 3361 5.95382935 0.00595382935 3.77640449
889 3354 5.93120389 0.00593120389 3.7727784
889 3358 5.93110181 0.00593110181 3.77727784
889 3364 5.93111921 0.00593111921 3.784027
889 3364 5.93084447 0.00593084447 3.784027
889 3362 5.92989686 0.00592989686 3.78177728
889 3363 5.93096337 0.00593096337 3.78290214
889 3366 5.9304485 0.0059304485 3.78627672
889 3367 5.929504 0.005929504 3.78740157
889 3363 5.93083777 0.00593083777 3.78290214
889 3364 5.9313255 0.0059313255 3.784027
888 3359 5.90929753 0.00590929753 3.78265766
888 3359 5.90926314 0.00590926314 3.78265766
888 3354 5.9090572 0.0059090572 3.77702703
888 3356 5.9087668 0.0059087668 3.77927928
888 3359 5.90927251 0.00590927251 3.78265766
888 3359 5.90902491 0.00590902491 3.78265766
888 3359 5.90914427 0.00590914427 3.78265766
888 3359 5.90904413 0.00590904413 3.78265766
888 3359 5.9090018 0.0059090018 3.78265766
888 3359 5.90897105 0.00590897105 3.78265766
887 3349 5.88773125 0.00588773125 3.77564825
887 3349 5.88807907 0.00588807907 3.77564825
887 3349 5.88792879 0.00588792879 3.77564825
887 3349 5.88801548 0.00588801548 3.77564825
887 3349 5.88803938 0.00588803938 3.77564825
887 3349 5.88802341 0.00588802341 3.77564825
887 3349 5.88803442 0.00588803442 3.77564825
887 3349 5.88802652 0.00588802652 3.77564825
887 3349 5.88802505 0.00588802505 3.77564825
887 3349 5.88802909 0.00588802909 3.77564825
886 3344 5.86656648 0.00586656648 3.77426637
886 3344 5.8666285 0.0058666285 3.77426637
886 3344 5.86695509 0.00586695509 3.77426637
886 3344 5.86665497 0.00586665497 3.77426637
886 3344 5.86643793 0.00586643793 3.77426637
886 3344 5.86641791 0.00586641791 3.77426637
886 3344 5.86643099 0.00586643099 3.77426637
886 3344 5.86642773 0.00586642773 3.77426637
886 3344 5.86642617 0.00586642617 3.77426637
886 3344 5.86642938 0.00586642938 3.77426637
885 3340 5.8434041 0.0058434041 3.7740113
885 3343 5.8351255 0.0058351255 3.77740113
885 3344 5.84760044 0.00584760044 3.77853107
885 3344 5.86259131 0.00586259131 3.77853107
885 3344 5.86432736 0.00586432736 3.77853107
885 3341 5.86794535 0.00586794535 3.77514124
885 3341 5.87026142 0.00587026142 3.77514124
885 3344 5.86615907 0.00586615907 3.77853107
885 3340 5.86942198 0.00586942198 3.7740113
885 3341 5.86992451 0.00586992451 3.77514124
884 3334 5.84956039 0.00584956039 3.77149321
884 3334 5.84940827 0.00584940827 3.77149321
884 3334 5.84970145 0.00584970145 3.77149321
884 3334 5.84943084 0.00584943084 3.77149321
884 3334 5.84956705 0.00584956705 3.77149321
884 3334 5.84953343 0.00584953343 3.77149321
884 3334 5.8493335 0.0058493335 3.77149321
884 3334 5.8494408 0.0058494408 3.77149321
884 3334 5.84942221 0.00584942221 3.77149321
884 3334 5.84939704 0.00584939704 3.77149321
883 3329 5.8279689 0.0058279689 3.77010193
883 3324 5.82768151 0.00582768151 3.76443941
883 3329 5.82794378 0.00582794378 3.77010193
883 3329 5.82798983 0.00582798983 3.77010193
883 3329 5.82794744 0.00582794744 3.77010193
883 3329 5.82790177 0.00582790177 3.77010193
883 3329 5.8281407 0.0058281407 3.77010193
883 3329 5.82832989 0.00582832989 3.77010193
883 3329 5.82833486 0.00582833486 3.77010193
883 3329 5.82836164 0.00582836164 3.77010193
882 3319 5.80758255 0.00580758255 3.76303855
882 3319 5.80748397 0.00580748397 3.76303855
882 3322 5.80650117 0.00580650117 3.76643991
882 3319 5.80722395 0.00580722395 3.76303855
882 3319 5.80735436 0.00580735436 3.76303855
882 3319 5.80750776 0.00580750776 3.76303855
882 3319 5.80745194 0.00580745194 3.76303855
882 3319 5.8074626 0.0058074626 3.76303855
882 3319 5.80749479 0.00580749479 3.76303855
882 3319 5.80744939 0.00580744939 3.76303855
881 3312 5.78607756 0.00578607756 3.75936436
881 3315 5.78572618 0.00578572618 3.76276958
881 3315 5.78564626 0.00578564626 3.76276958
881 3312 5.78647811 0.00578647811 3.75936436
881 3312 5.78626752 0.00578626752 3.75936436
881 3312 5.78625596 0.00578625596 3.75936436
881 3312 5.78626431 0.00578626431 3.75936436
881 3312 5.78628708 0.00578628708 3.75936436
881 3312 5.78627363 0.00578627363 3.75936436
881 3312 5.78626368 0.00578626368 3.75936436
880 3308 5.76470826 0.00576470826 3.75909091
880 3308 5.76435058 0.00576435058 3.75909091
880 3308 5.76456614 0.00576456614 3.75909091
880 3308 5.76438248 0.00576438248 3.75909091
880 3308 5.76471053 0.00576471053 3.75909091
880 3308 5.76441834 0.00576441834 3.75909091
880 3308 5.76464479 0.00576464479 3.75909091
880 3308 5.76436983 0.00576436983 3.75909091
880 3308 5.76463467 0.00576463467 3.75909091
880 3308 5.76437265 0.00576437265 3.75909091
879 3304 5.74208494 0.00574208494 3.75881684
879 3297 5.74229608 0.00574229608 3.75085324
879 3300 5.7414987 0.0057414987 3.75426621
879 3293 5.74512462 0.00574512462 3.74630262
879 3293 5.74496853 0.00574496853 3.74630262
879 3293 5.74522156 0.00574522156 3.74630262
879 3293 5.74511317 0.00574511317 3.74630262
879 3293 5.74505201 0.00574505201 3.74630262
879 3296 5.74440192 0.00574440192 3.74971559
879 3293 5.74489502 0.00574489502 3.74630262
878 3289 5.72400605 0.00572400605 3.74601367
878 3289 5.72366787 0.00572366787 3.74601367
878 3289 5.72404893 0.00572404893 3.74601367
878 3290 5.72108491 0.00572108491 3.74715262
878 3294 5.72188172 0.00572188172 3.75170843
878 3292 5.72053716 0.00572053716 3.74943052
878 3289 5.72403758 0.00572403758 3.74601367
878 3289 5.72383176 0.00572383176 3.74601367
878 3289 5.72416827 0.00572416827 3.74601367
878 3289 5.7239117 0.0057239117 3.74601367
877 3285 5.70305537 0.00570305537 3.74572406
877 3285 5.70299168 0.00570299168 3.74572406
877 3285 5.70325076 0.00570325076 3.74572406
877 3285 5.70307745 0.00570307745 3.74572406
877 3285 5.70296468 0.00570296468 3.74572406
877 3285 5.70270666 0.00570270666 3.74572406
877 3285 5.70351195 0.00570351195 3.74572406
877 3285 5.70313441 0.00570313441 3.74572406
877 3285 5.70291317 0.00570291317 3.74572406
877 3285 5.70265256 0.00570265256 3.74572406
876 3274 5.68056975 0.00568056975 3.73744292
876 3274 5.68069897 0.00568069897 3.73744292
876 3274 5.68058841 0.00568058841 3.73744292
876 3274 5.68039633 0.00568039633 3.73744292
876 3274 5.68130209 0.00568130209 3.73744292
876 3274 5.68070521 0.00568070521 3.73744292
876 3274 5.68058969 0.00568058969 3.73744292
876 3274 5.68071493 0.00568071493 3.73744292
876 3274 5.68077758 0.00568077758 3.73744292
876 3274 5.68090492 0.00568090492 3.73744292
875 3266 5.65783718 0.00565783718 3.73257143
875 3266 5.65782917 0.00565782917 3.73257143
875 3266 5.65784933 0.00565784933 3.73257143
875 3266 5.65757938 0.00565757938 3.73257143
875 3266 5.6577302 0.0056577302 3.73257143
875 3266 5.65772947 0.00565772947 3.73257143
875 3266 5.65780258 0.00565780258 3.73257143
875 3266 5.6577388 0.0056577388 3.73257143
875 3266 5.657684 0.005657684 3.73257143
875 3266 5.65782492 0.00565782492 3.73257143
874 3259 5.63409435 0.00563409435 3.72883295
874 3263 5.63220013 0.00563220013 3.73340961
874 3264 5.63561885 0.00563561885 3.73455378
874 3271 5.63470222 0.00563470222 3.74256293
874 3264 5.63568365 0.00563568365 3.73455378
874 3264 5.63552446 0.00563552446 3.73455378
874 3264 5.63552886 0.00563552886 3.73455378
874 3264 5.63535531 0.00563535531 3.73455378
874 3264 5.63535344 0.00563535344 3.73455378
874 3264 5.63537438 0.00563537438 3.73455378
873 3260 5.6123982 0.0056123982 3.73424971
873 3256 5.61273641 0.00561273641 3.72966781
873 3256 5.61342129 0.00561342129 3.72966781
873 3256 5.61284827 0.00561284827 3.72966781
873 3256 5.6130665 0.0056130665 3.72966781
873 3256 5.61331539 0.00561331539 3.72966781
873 3260 5.61264849 0.00561264849 3.73424971
873 3260 5.61270723 0.00561270723 3.73424971
873 3260 5.61282279 0.00561282279 3.73424971
873 3260 5.61269475 0.00561269475 3.73424971
872 3252 5.59077594 0.00559077594 3.7293578
872 3252 5.5904598 0.0055904598 3.7293578
872 3252 5.59012401 0.00559012401 3.7293578
872 3252 5.5902347 0.0055902347 3.7293578
872 3252 5.59018094 0.00559018094 3.7293578
872 3252 5.59019107 0.00559019107 3.7293578
872 3252 5.59018928 0.00559018928 3.7293578
872 3252 5.5902053 0.0055902053 3.7293578
872 3252 5.59019805 0.00559019805 3.7293578
872 3252 5.59020443 0.00559020443 3.7293578
871 3247 5.56842392 0.00556842392 3.72789897
870 3243 5.56089055 0.00556089055 3.72758621
870 3243 5.56990512 0.00556990512 3.72758621
870 3242 5.57272998 0.00557272998 3.72643678
870 3246 5.57262381 0.00557262381 3.73103448
870 3238 5.56516647 0.00556516647 3.72183908
870 3240 5.56580951 0.00556580951 3.72413793
870 3242 5.57259362 0.00557259362 3.72643678
870 3242 5.57197531 0.00557197531 3.72643678
870 3242 5.57197432 0.00557197432 3.72643678
869 3235 5.55221266 0.00555221266 3.72266974
869 3235 5.55337229 0.00555337229 3.72266974
869 3235 5.55302489 0.00555302489 3.72266974
869 3235 5.55279609 0.00555279609 3.72266974
869 3235 5.55299637 0.00555299637 3.72266974
869 3235 5.5524647 0.0055524647 3.72266974
869 3235 5.55255653 0.00555255653 3.72266974
869 3235 5.55272224 0.00555272224 3.72266974
869 3235 5.55271235 0.00555271235 3.72266974
869 3235 5.55279577 0.00555279577 3.72266974
868 3227 5.53072889 0.00553072889 3.71774194
868 3227 5.53075055 0.00553075055 3.71774194
868 3227 5.53029674 0.00553029674 3.71774194
868 3227 5.53075062 0.00553075062 3.71774194
868 3227 5.53042046 0.00553042046 3.71774194
868 3227 5.53054501 0.00553054501 3.71774194
868 3227 5.53070785 0.00553070785 3.71774194
868 3227 5.53070451 0.00553070451 3.71774194
868 3227 5.53071496 0.00553071496 3.71774194
868 3227 5.53069202 0.00553069202 3.71774194
867 3219 5.50839595 0.00550839595 3.71280277
867 3219 5.50843855 0.00550843855 3.71280277
867 3219 5.50871984 0.00550871984 3.71280277
867 3219 5.5086977 0.0055086977 3.71280277
867 3219 5.50865446 0.00550865446 3.71280277
867 3219 5.50864524 0.00550864524 3.71280277
867 3219 5.50864246 0.00550864246 3.71280277
867 3219 5.50864063 0.00550864063 3.71280277
867 3219 5.50863342 0.00550863342 3.71280277
867 3219 5.50863429 0.00550863429 3.71280277
866 3211 5.48671573 0.00548671573 3.70785219
866 3211 5.48633451 0.00548633451 3.70785219
866 3211 5.48586466 0.00548586466 3.70785219
866 3213 5.48553003 0.00548553003 3.71016166
866 3211 5.48655507 0.00548655507 3.70785219
866 3211 5.48631053 0.00548631053 3.70785219
866 3211 5.48596969 0.00548596969 3.70785219
866 3211 5.48573216 0.00548573216 3.70785219
866 3211 5.48622157 0.00548622157 3.70785219
866 3211 5.48649166 0.00548649166 3.70785219
865 3205 5.46405257 0.00546405257 3.70520231
865 3205 5.46350614 0.00546350614 3.70520231
865 3206 5.46250483 0.00546250483 3.70635838
865 3204 5.46415908 0.00546415908 3.70404624
865 3204 5.46410109 0.00546410109 3.70404624
865 3204 5.46424332 0.00546424332 3.70404624
865 3204 5.46378312 0.00546378312 3.70404624
865 3204 5.46423874 0.00546423874 3.70404624
865 3204 5.46387305 0.00546387305 3.70404624
865 3204 5.4642046 0.0054642046 3.70404624
864 3196 5.44184205 0.00544184205 3.69907407
864 3196 5.44162044 0.00544162044 3.69907407
864 3196 5.44183079 0.00544183079 3.69907407
864 3196 5.44199244 0.00544199244 3.69907407
864 3196 5.44212842 0.00544212842 3.69907407
864 3196 5.44222097 0.00544222097 3.69907407
864 3196 5.44224344 0.00544224344 3.69907407
864 3196 5.44222914 0.00544222914 3.69907407
864 3196 5.44219995 0.00544219995 3.69907407
864 3196 5.44217946 0.00544217946 3.69907407
863 3190 5.41963034 0.00541963034 3.69640788
863 3190 5.41926298 0.00541926298 3.69640788
863 3190 5.41910493 0.00541910493 3.69640788
863 3190 5.4196589 0.0054196589 3.69640788
863 3190 5.41933367 0.00541933367 3.69640788
863 3190 5.41904647 0.00541904647 3.69640788
863 3190 5.41888426 0.00541888426 3.69640788
863 3190 5.41909653 0.00541909653 3.69640788
863 3190 5.41892575 0.00541892575 3.69640788
863 3190 5.41886894 0.00541886894 3.69640788
862 3186 5.39508741 0.00539508741 3.69605568
862 3185 5.39548288 0.00539548288 3.69489559
861 3179 5.37589929 0.00537589929 3.69221835
861 3179 5.37611472 0.00537611472 3.69221835
861 3179 5.37609674 0.00537609674 3.69221835
861 3179 5.37547571 0.00537547571 3.69221835
861 3179 5.37532294 0.00537532294 3.69221835
861 3179 5.37556931 0.00537556931 3.69221835
861 3179 5.37544623 0.00537544623 3.69221835
861 3179 5.37568024 0.00537568024 3.69221835
860 3175 5.35075964 0.00535075964 3.69186047
860 3175 5.35123189 0.00535123189 3.69186047
860 3175 5.35201944 0.00535201944 3.69186047
860 3175 5.3513822 0.0053513822 3.69186047
860 3175 5.35196107 0.00535196107 3.69186047
860 3175 5.35189448 0.00535189448 3.69186047
860 3175 5.35105798 0.00535105798 3.69186047
860 3175 5.35114744 0.00535114744 3.69186047
860 3175 5.35092609 0.00535092609 3.69186047
860 3175 5.35085945 0.00535085945 3.69186047
859 3171 5.32660783 0.00532660783 3.69150175
859 3171 5.32687847 0.00532687847 3.69150175
859 3171 5.32679241 0.00532679241 3.69150175
859 3171 5.32684357 0.00532684357 3.69150175
859 3171 5.32689277 0.00532689277 3.69150175
859 3171 5.32687677 0.00532687677 3.69150175
859 3171 5.32685379 0.00532685379 3.69150175
859 3171 5.32684586 0.00532684586 3.69150175
859 3171 5.32684759 0.00532684759 3.69150175
859 3171 5.32685042 0.00532685042 3.69150175
858 3165 5.30246394 0.00530246394 3.68881119
858 3160 5.30257749 0.00530257749 3.68298368
858 3158 5.31787154 0.00531787154 3.68065268
858 3158 5.31775294 0.00531775294 3.68065268
858 3158 5.31840505 0.00531840505 3.68065268
858 3158 5.31907451 0.00531907451 3.68065268
858 3158 5.31866611 0.00531866611 3.68065268
858 3158 5.31835558 0.00531835558 3.68065268
858 3158 5.31870634 0.00531870634 3.68065268
858 3158 5.31882125 0.00531882125 3.68065268
857 3154 5.29436413 0.00529436413 3.68028005
857 3154 5.2943121 0.0052943121 3.68028005
857 3154 5.29368698 0.00529368698 3.68028005
857 3154 5.2941593 0.0052941593 3.68028005
857 3154 5.29389023 0.00529389023 3.68028005
857 3154 5.29392848 0.00529392848 3.68028005
857 3154 5.29429115 0.00529429115 3.68028005
857 3154 5.29453248 0.00529453248 3.68028005
857 3154 5.29448971 0.00529448971 3.68028005
857 3154 5.29446361 0.00529446361 3.68028005
856 3146 5.27008215 0.00527008215 3.67523364
856 3144 5.25633816 0.00525633816 3.6728972
856 3140 5.27375744 0.00527375744 3.6682243
856 3140 5.27379935 0.00527379935 3.6682243
856 3140 5.27228928 0.00527228928 3.6682243
856 3142 5.27254415 0.00527254415 3.67056075
856 3142 5.27291366 0.00527291366 3.67056075
856 3142 5.27333051 0.00527333051 3.67056075
856 3142 5.27341382 0.00527341382 3.67056075
856 3142 5.27300582 0.00527300582 3.67056075
855 3136 5.24987713 0.00524987713 3.66783626
855 3136 5.25023655 0.00525023655 3.66783626
855 3136 5.24951897 0.00524951897 3.66783626
855 3136 5.25017114 0.00525017114 3.66783626
855 3136 5.25023775 0.00525023775 3.66783626
855 3136 5.25039191 0.00525039191 3.66783626
855 3136 5.25031561 0.00525031561 3.66783626
855 3136 5.25025318 0.00525025318 3.66783626
855 3136 5.25016556 0.00525016556 3.66783626
855 3136 5.25008587 0.00525008587 3.66783626
854 3131 5.22465628 0.00522465628 3.66627635
854 3131 5.22473932 0.00522473932 3.66627635
854 3130 5.22448164 0.00522448164 3.66510539
854 3130 5.2247714 0.0052247714 3.66510539
854 3130 5.22469867 0.00522469867 3.66510539
854 3130 5.22479388 0.00522479388 3.66510539
854 3130 5.22492891 0.00522492891 3.66510539
854 3130 5.22481552 0.00522481552 3.66510539
854 3131 5.22460411 0.00522460411 3.66627635
854 3130 5.22440603 0.00522440603 3.66510539
853 3125 5.19952312 0.00519952312 3.66354045
853 3125 5.19990616 0.00519990616 3.66354045
853 3125 5.19996162 0.00519996162 3.66354045
853 3125 5.19969976 0.00519969976 3.66354045
853 3125 5.19953325 0.00519953325 3.66354045
853 3124 5.19931085 0.00519931085 3.66236811
853 3125 5.19962557 0.00519962557 3.66354045
853 3125 5.19948963 0.00519948963 3.66354045
853 3125 5.19953921 0.00519953921 3.66354045
853 3125 5.19958657 0.00519958657 3.66354045
852 3119 5.17444865 0.00517444865 3.66079812
852 3120 5.17447513 0.00517447513 3.66197183
852 3120 5.1743065 0.0051743065 3.66197183
852 3120 5.17422379 0.00517422379 3.66197183
852 3120 5.17425683 0.00517425683 3.66197183
852 3120 5.17427881 0.00517427881 3.66197183
852 3120 5.17430734 0.00517430734 3.66197183
852 3120 5.17432297 0.00517432297 3.66197183
852 3120 5.17432689 0.00517432689 3.66197183
852 3120 5.17432923 0.00517432923 3.66197183
851 3114 5.14926461 0.00514926461 3.65922444
851 3114 5.1494216 0.0051494216 3.65922444
851 3114 5.1494111 0.0051494111 3.65922444
851 3114 5.14971938 0.00514971938 3.65922444
851 3114 5.14984018 0.00514984018 3.65922444
851 3114 5.14933533 0.00514933533 3.65922444
851 3114 5.14943306 0.00514943306 3.65922444
851 3114 5.14936217 0.00514936217 3.65922444
851 3114 5.14944369 0.00514944369 3.65922444
851 3114 5.14939592 0.00514939592 3.65922444
850 3111 5.12312537 0.00512312537 3.66
850 3102 5.12258875 0.00512258875 3.64941176
850 3105 5.12354431 0.00512354431 3.65294118
850 3103 5.12789381 0.00512789381 3.65058824
850 3109 5.11795013 0.00511795013 3.65764706
850 3103 5.12759255 0.00512759255 3.65058824
850 3103 5.12759035 0.00512759035 3.65058824
850 3103 5.12766959 0.00512766959 3.65058824
850 3103 5.1277147 0.0051277147 3.65058824
850 3103 5.12769663 0.00512769663 3.65058824
849 3097 5.10300706 0.00510300706 3.64782097
849 3097 5.10305507 0.00510305507 3.64782097
849 3097 5.1032049 0.0051032049 3.64782097
849 3097 5.10319767 0.00510319767 3.64782097
849 3097 5.10279132 0.00510279132 3.64782097
849 3097 5.1027823 0.0051027823 3.64782097
849 3097 5.10331711 0.00510331711 3.64782097
849 3097 5.10304064 0.00510304064 3.64782097
849 3097 5.10312177 0.00510312177 3.64782097
849 3097 5.10314139 0.00510314139 3.64782097
848 3092 5.07802432 0.00507802432 3.64622642
848 3089 5.07719797 0.00507719797 3.64268868
848 3092 5.0781436 0.0050781436 3.64622642
848 3092 5.07845165 0.00507845165 3.64622642
848 3092 5.07826292 0.00507826292 3.64622642
848 3092 5.07809869 0.00507809869 3.64622642
848 3092 5.07801837 0.00507801837 3.64622642
848 3092 5.07797272 0.00507797272 3.64622642
848 3092 5.077983 0.005077983 3.64622642
848 3092 5.07799858 0.00507799858 3.64622642
847 3084 5.05320337 0.00505320337 3.64108619
847 3084 5.05336473 0.00505336473 3.64108619
847 3084 5.05313148 0.00505313148 3.64108619
847 3084 5.0531705 0.0050531705 3.64108619
847 3084 5.05333556 0.00505333556 3.64108619
847 3084 5.05308869 0.00505308869 3.64108619
847 3084 5.0532661 0.0050532661 3.64108619
847 3084 5.0530515 0.0050530515 3.64108619
847 3084 5.05314011 0.00505314011 3.64108619
847 3084 5.05332136 0.00505332136 3.64108619
846 3078 5.02787481 0.00502787481 3.63829787
846 3077 5.02765347 0.00502765347 3.63711584
846 3079 5.03788209 0.00503788209 3.63947991
846 3079 5.04846863 0.00504846863 3.63947991
846 3076 5.04350974 0.00504350974 3.63593381
846 3078 5.04765691 0.00504765691 3.63829787
846 3079 5.04308639 0.00504308639 3.63947991
846 3078 5.04879152 0.00504879152 3.63829787
846 3078 5.04884481 0.00504884481 3.63829787
846 3078 5.04904608 0.00504904608 3.63829787
845 3073 5.02388683 0.00502388683 3.63668639
845 3073 5.02417284 0.00502417284 3.63668639
845 3073 5.02413612 0.00502413612 3.63668639
845 3073 5.02423394 0.00502423394 3.63668639
845 3073 5.02419687 0.00502419687 3.63668639
845 3073 5.02412441 0.00502412441 3.63668639
845 3073 5.02404974 0.00502404974 3.63668639
845 3073 5.02402504 0.00502402504 3.63668639
845 3073 5.02402509 0.00502402509 3.63668639
845 3073 5.02403118 0.00502403118 3.63668639
844 3065 4.99897332 0.00499897332 3.63151659
844 3065 4.99919713 0.00499919713 3.63151659
844 3065 4.99852925 0.00499852925 3.63151659
844 3064 4.99781303 0.00499781303 3.63033175
844 3063 4.98511659 0.00498511659 3.62914692
844 3059 4.99769258 0.00499769258 3.62440758
844 3059 4.99750382 0.00499750382 3.62440758
844 3060 4.99635975 0.00499635975 3.62559242
844 3056 5.00536573 0.00500536573 3.62085308
844 3052 5.00951614 0.00500951614 3.61611374
843 3046 4.98835786 0.00498835786 3.61328588
843 3045 4.99136751 0.00499136751 3.61209964
843 3043 4.99113836 0.00499113836 3.60972716
843 3045 4.99116369 0.00499116369 3.61209964
843 3045 4.99124016 0.00499124016 3.61209964
843 3045 4.9914615 0.0049914615 3.61209964
843 3045 4.99180655 0.00499180655 3.61209964
843 3045 4.99206836 0.00499206836 3.61209964
843 3045 4.99216883 0.00499216883 3.61209964
843 3045 4.99212399 0.00499212399 3.61209964
842 3039 4.96984115 0.00496984115 3.60926366
842 3039 4.96910054 0.00496910054 3.60926366
842 3039 4.96890725 0.00496890725 3.60926366
842 3039 4.96904648 0.00496904648 3.60926366
842 3039 4.96952466 0.00496952466 3.60926366
842 3037 4.96785456 0.00496785456 3.60688836
842 3037 4.96772971 0.00496772971 3.60688836
842 3037 4.96837524 0.00496837524 3.60688836
842 3037 4.96863139 0.00496863139 3.60688836
842 3037 4.96882504 0.00496882504 3.60688836
841 3031 4.94666984 0.00494666984 3.60404281
841 3031 4.94622475 0.00494622475 3.60404281
841 3031 4.94614823 0.00494614823 3.60404281
841 3031 4.94510176 0.00494510176 3.60404281
841 3031 4.94609525 0.00494609525 3.60404281
841 3031 4.94523191 0.00494523191 3.60404281
841 3031 4.94598139 0.00494598139 3.60404281
841 3031 4.94570176 0.00494570176 3.60404281
841 3031 4.9456704 0.0049456704 3.60404281
841 3031 4.94579395 0.00494579395 3.60404281
840 3026 4.921714 0.004921714 3.60238095
840 3023 4.92245822 0.00492245822 3.59880952
839 3017 4.91576373 0.00491576373 3.59594756
839 3017 4.91568271 0.00491568271 3.59594756
839 3017 4.91583165 0.00491583165 3.59594756
839 3017 4.91590282 0.00491590282 3.59594756
839 3017 4.91580043 0.00491580043 3.59594756
839 3017 4.9156537 0.0049156537 3.59594756
839 3017 4.9155348 0.0049155348 3.59594756
839 3017 4.9154887 0.0049154887 3.59594756
838 3012 4.89144276 0.00489144276 3.59427208
838 3012 4.89184935 0.00489184935 3.59427208
838 3012 4.89118387 0.00489118387 3.59427208
838 3012 4.89183231 0.00489183231 3.59427208
838 3012 4.89168487 0.00489168487 3.59427208
838 3012 4.89192634 0.00489192634 3.59427208
838 3012 4.89182945 0.00489182945 3.59427208
838 3012 4.89231917 0.00489231917 3.59427208
838 3012 4.89169025 0.00489169025 3.59427208
838 3012 4.89129537 0.00489129537 3.59427208
837 3008 4.86673451 0.00486673451 3.59378734
837 3008 4.86661132 0.00486661132 3.59378734
837 3008 4.8660763 0.0048660763 3.59378734
837 3007 4.86612243 0.00486612243 3.59259259
837 3003 4.85975963 0.00485975963 3.58781362
837 3003 4.86911124 0.00486911124 3.58781362
837 3003 4.86893877 0.00486893877 3.58781362
837 3003 4.86908648 0.00486908648 3.58781362
837 3003 4.8689824 0.0048689824 3.58781362
837 3003 4.86909028 0.00486909028 3.58781362
836 2999 4.84523664 0.00484523664 3.58732057
836 2997 4.84550793 0.00484550793 3.58492823
836 2999 4.84531539 0.00484531539 3.58732057
836 2999 4.84522376 0.00484522376 3.58732057
836 2997 4.84523881 0.00484523881 3.58492823
836 2997 4.84480392 0.00484480392 3.58492823
836 2999 4.84560043 0.00484560043 3.58732057
836 2999 4.84543391 0.00484543391 3.58732057
836 2999 4.84598223 0.00484598223 3.58732057
836 2999 4.84568211 0.00484568211 3.58732057
835 2993 4.82223001 0.00482223001 3.58443114
835 2993 4.82213304 0.00482213304 3.58443114
835 2993 4.8209354 0.0048209354 3.58443114
835 2993 4.82215998 0.00482215998 3.58443114
835 2993 4.82149599 0.00482149599 3.58443114
835 2993 4.82064399 0.00482064399 3.58443114
835 2993 4.82212668 0.00482212668 3.58443114
835 2993 4.82070456 0.00482070456 3.58443114
835 2993 4.82033631 0.00482033631 3.58443114
835 2993 4.82230634 0.00482230634 3.58443114
834 2983 4.79811368 0.00479811368 3.57673861
833 2978 4.79679671 0.00479679671 3.57503001
833 2978 4.79582196 0.00479582196 3.57503001
833 2978 4.79617293 0.00479617293 3.57503001
833 2972 4.79643222 0.00479643222 3.56782713
833 2972 4.79574211 0.00479574211 3.56782713
833 2972 4.7962522 0.0047962522 3.56782713
833 2972 4.7957834 0.0047957834 3.56782713
833 2972 4.79600156 0.00479600156 3.56782713
833 2974 4.7955875 0.0047955875 3.57022809
832 2968 4.77270328 0.00477270328 3.56730769
832 2968 4.77283397 0.00477283397 3.56730769
832 2968 4.77269334 0.00477269334 3.56730769
832 2968 4.77184799 0.00477184799 3.56730769
832 2968 4.7726852 0.0047726852 3.56730769
832 2966 4.77337067 0.00477337067 3.56490385
832 2963 4.76451037 0.00476451037 3.56129808
832 2959 4.77667574 0.00477667574 3.55649038
832 2961 4.77659671 0.00477659671 3.55889423
831 2953 4.75558491 0.00475558491 3.55354994
830 2949 4.7334352 0.0047334352 3.55301205
829 2945 4.71731152 0.00471731152 3.55247286
829 2944 4.72950791 0.00472950791 3.55126659
829 2944 4.75370127 0.00475370127 3.55126659
828 2939 4.73847607 0.00473847607 3.54951691
828 2940 4.73629996 0.00473629996 3.55072464
828 2937 4.74342666 0.00474342666 3.54710145
828 2941 4.74382775 0.00474382775 3.55193237
828 2940 4.75164773 0.00475164773 3.55072464
827 2934 4.7395119 0.0047395119 3.547763
826 2929 4.73926584 0.00473926584 3.54600484
826 2931 4.73685042 0.00473685042 3.54842615
826 2932 4.73847069 0.00473847069 3.5496368
826 2931 4.73914178 0.00473914178 3.54842615
826 2929 4.73940189 0.00473940189 3.54600484
826 2930 4.72922176 0.00472922176 3.5472155
826 2927 4.73566779 0.00473566779 3.54358354
825 2923 4.72013254 0.00472013254 3.5430303
825 2922 4.7150361 0.0047150361 3.54181818
825 2923 4.72026659 0.00472026659 3.5430303
824 2918 4.70043538 0.00470043538 3.54126214
824 2915 4.69961967 0.00469961967 3.53762136
824 2915 4.69976112 0.00469976112 3.53762136
824 2918 4.70037292 0.00470037292 3.54126214
824 2918 4.70074051 0.00470074051 3.54126214
824 2921 4.6900882 0.0046900882 3.54490291
824 2917 4.69494101 0.00469494101 3.54004854
824 2919 4.69313115 0.00469313115 3.54247573
824 2918 4.69997327 0.00469997327 3.54126214
824 2918 4.70016574 0.00470016574 3.54126214
823 2914 4.67881312 0.00467881312 3.54070474
823 2910 4.67913161 0.00467913161 3.53584447
823 2914 4.67970807 0.00467970807 3.54070474
823 2910 4.67897057 0.00467897057 3.53584447
823 2910 4.6794612 0.0046794612 3.53584447
823 2914 4.67952077 0.00467952077 3.54070474
823 2914 4.68000385 0.00468000385 3.54070474
823 2914 4.67957026 0.00467957026 3.54070474
823 2914 4.67966125 0.00467966125 3.54070474
823 2914 4.67971594 0.00467971594 3.54070474
822 2906 4.65860278 0.00465860278 3.53527981
822 2906 4.65849358 0.00465849358 3.53527981
822 2906 4.65841972 0.00465841972 3.53527981
822 2906 4.6584039 0.0046584039 3.53527981
822 2906 4.65798119 0.00465798119 3.53527981
822 2906 4.65782381 0.00465782381 3.53527981
822 2906 4.65829653 0.00465829653 3.53527981
822 2906 4.65777747 0.00465777747 3.53527981
822 2906 4.65820955 0.00465820955 3.53527981
822 2906 4.65817798 0.00465817798 3.53527981
821 2898 4.6362885 0.0046362885 3.52984166
821 2898 4.63663589 0.00463663589 3.52984166
821 2898 4.63697942 0.00463697942 3.52984166
821 2898 4.63688593 0.00463688593 3.52984166
821 2898 4.63671234 0.00463671234 3.52984166
821 2898 4.63656645 0.00463656645 3.52984166
821 2898 4.63644337 0.00463644337 3.52984166
821 2898 4.63656775 0.00463656775 3.52984166
821 2898 4.63657181 0.00463657181 3.52984166
821 2898 4.63647242 0.00463647242 3.52984166
820 2894 4.61449708 0.00461449708 3.52926829
820 2894 4.61553088 0.00461553088 3.52926829
820 2892 4.61476424 0.00461476424 3.52682927
820 2894 4.61445873 0.00461445873 3.52926829
820 2895 4.61716537 0.00461716537 3.5304878
820 2898 4.62061096 0.00462061096 3.53414634
820 2896 4.61933141 0.00461933141 3.53170732
820 2894 4.61925615 0.00461925615 3.52926829
820 2896 4.62186784 0.00462186784 3.53170732
820 2896 4.62176463 0.00462176463 3.53170732
819 2892 4.60154884 0.00460154884 3.53113553
819 2894 4.60082647 0.00460082647 3.53357753
819 2893 4.59028236 0.00459028236 3.53235653
819 2893 4.59398871 0.00459398871 3.53235653
819 2894 4.59930261 0.00459930261 3.53357753
819 2892 4.60218923 0.00460218923 3.53113553
819 2892 4.60210687 0.00460210687 3.53113553
819 2892 4.60197028 0.00460197028 3.53113553
819 2892 4.60208852 0.00460208852 3.53113553
819 2892 4.60168485 0.00460168485 3.53113553
818 2888 4.58136797 0.00458136797 3.53056235
818 2888 4.58145958 0.00458145958 3.53056235
818 2888 4.58150122 0.00458150122 3.53056235
818 2888 4.58191969 0.00458191969 3.53056235
818 2888 4.58096668 0.00458096668 3.53056235
818 2888 4.58080973 0.00458080973 3.53056235
818 2888 4.58116935 0.00458116935 3.53056235
818 2888 4.58088131 0.00458088131 3.53056235
818 2888 4.58079825 0.00458079825 3.53056235
818 2888 4.58074081 0.00458074081 3.53056235
817 2884 4.56007108 0.00456007108 3.52998776
817 2884 4.56026203 0.00456026203 3.52998776
817 2884 4.56111728 0.00456111728 3.52998776
817 2884 4.56102007 0.00456102007 3.52998776
817 2884 4.56009335 0.00456009335 3.52998776
817 2884 4.56054693 0.00456054693 3.52998776
817 2884 4.56054159 0.00456054159 3.52998776
817 2884 4.56105252 0.00456105252 3.52998776
817 2884 4.56060262 0.00456060262 3.52998776
817 2884 4.56059752 0.00456059752 3.52998776
816 2880 4.53904365 0.00453904365 3.52941176
815 2875 4.52003693 0.00452003693 3.52760736
815 2873 4.53132397 0.00453132397 3.52515337
815 2873 4.5313281 0.0045313281 3.52515337
815 2873 4.53109185 0.00453109185 3.52515337
815 2873 4.53124169 0.00453124169 3.52515337
815 2873 4.53095348 0.00453095348 3.52515337
815 2873 4.530964 0.004530964 3.52515337
815 2873 4.53093672 0.00453093672 3.52515337
815 2873 4.53129789 0.00453129789 3.52515337
814 2866 4.51088809 0.00451088809 3.52088452
814 2866 4.50194518 0.00450194518 3.52088452
814 2866 4.51020289 0.00451020289 3.52088452
814 2866 4.51042746 0.00451042746 3.52088452
814 2866 4.50972578 0.00450972578 3.52088452
814 2866 4.50949472 0.00450949472 3.52088452
814 2863 4.51045184 0.00451045184 3.51719902
814 2863 4.50984898 0.00450984898 3.51719902
814 2865 4.50280788 0.00450280788 3.51965602
814 2858 4.49227153 0.00449227153 3.51105651
813 2855 4.49027297 0.00449027297 3.51168512
813 2856 4.48985095 0.00448985095 3.51291513
813 2854 4.5080281 0.0045080281 3.5104551
812 2849 4.48995569 0.00448995569 3.50862069
812 2849 4.48990386 0.00448990386 3.50862069
812 2849 4.48950948 0.00448950948 3.50862069
812 2849 4.48970419 0.00448970419 3.50862069
811 2841 4.46992057 0.00446992057 3.50308261
811 2845 4.46846331 0.00446846331 3.5080148
811 2845 4.46875683 0.00446875683 3.5080148
810 2837 4.44940929 0.00444940929 3.50246914
810 2837 4.44941252 0.00444941252 3.50246914
810 2837 4.44999492 0.00444999492 3.50246914
810 2837 4.45001045 0.00445001045 3.50246914
810 2837 4.44947051 0.00444947051 3.50246914
810 2837 4.44961369 0.00444961369 3.50246914
810 2837 4.44964441 0.00444964441 3.50246914
810 2837 4.44986856 0.00444986856 3.50246914
810 2837 4.44996395 0.00444996395 3.50246914
810 2837 4.4502316 0.0044502316 3.50246914
809 2833 4.42911185 0.00442911185 3.50185414
809 2829 4.4285484 0.0044285484 3.49690977
809 2829 4.42817135 0.00442817135 3.49690977
809 2829 4.42870013 0.00442870013 3.49690977
809 2829 4.42811536 0.00442811536 3.49690977
809 2829 4.42905458 0.00442905458 3.49690977
809 2829 4.42866424 0.00442866424 3.49690977
809 2829 4.42907573 0.00442907573 3.49690977
SP does not find any fixed points -> SP does not converge.
I am sorry I quit :(
