START ALGORITHM:
I am going to build an instance with N: 300 variables and 1245 clauses with a clause density equal to 4.15
START BSP WITH r=0.9:
Decimation scorer: cert
END UNIT PROPAGATION
300 1245 3.03196936 0.0101065645 4.15
300 1245 3.03190736 0.0101063579 4.15
300 1245 3.03267914 0.0101089305 4.15
300 1245 3.0335892 0.010111964 4.15
300 1245 3.03381935 0.0101127312 4.15
300 1245 3.03362768 0.0101120923 4.15
300 1245 3.03343201 0.01011144 4.15
300 1245 3.03335109 0.0101111703 4.15
300 1245 3.03334401 0.0101111467 4.15
299 1237 3.02498452 0.0100832817 4.13712375
299 1237 3.02500951 0.010083365 4.13712375
299 1236 3.02696328 0.0100898776 4.13377926
299 1236 3.02730234 0.0100910078 4.13377926
299 1236 3.02728724 0.0100909575 4.13377926
299 1232 3.02955405 0.0100985135 4.12040134
299 1232 3.02947934 0.0100982645 4.12040134
299 1232 3.02946124 0.0100982041 4.12040134
299 1232 3.02946715 0.0100982238 4.12040134
299 1232 3.02969089 0.0100989696 4.12040134
298 1217 3.02457919 0.0100819306 4.08389262
298 1217 3.02461834 0.0100820611 4.08389262
298 1217 3.02453903 0.0100817968 4.08389262
298 1217 3.02457555 0.0100819185 4.08389262
298 1226 3.02506124 0.0100835375 4.11409396
298 1226 3.02507876 0.0100835959 4.11409396
298 1223 3.02538987 0.0100846329 4.10402685
298 1223 3.02539709 0.010084657 4.10402685
298 1223 3.02540978 0.0100846993 4.10402685
298 1223 3.02535841 0.010084528 4.10402685
297 1218 3.01827352 0.0100609117 4.1010101
297 1215 3.01712859 0.0100570953 4.09090909
297 1215 3.01715197 0.0100571732 4.09090909
297 1215 3.01712513 0.0100570838 4.09090909
297 1215 3.01713577 0.0100571192 4.09090909
297 1215 3.01707054 0.0100569018 4.09090909
297 1215 3.01706572 0.0100568857 4.09090909
297 1215 3.01704794 0.0100568265 4.09090909
297 1215 3.01709181 0.0100569727 4.09090909
297 1215 3.01708006 0.0100569335 4.09090909
296 1209 3.01262529 0.0100420843 4.08445946
296 1210 3.01409937 0.0100469979 4.08783784
296 1210 3.01412685 0.0100470895 4.08783784
296 1210 3.01413476 0.0100471159 4.08783784
296 1210 3.01412659 0.0100470886 4.08783784
296 1210 3.01407221 0.0100469074 4.08783784
296 1210 3.01411109 0.010047037 4.08783784
296 1210 3.01413103 0.0100471034 4.08783784
296 1210 3.01415242 0.0100471747 4.08783784
296 1210 3.01405252 0.0100468417 4.08783784
295 1195 3.00909101 0.0100303034 4.05084746
295 1195 3.00907742 0.0100302581 4.05084746
295 1195 3.00907518 0.0100302506 4.05084746
295 1204 3.00959491 0.010031983 4.08135593
295 1204 3.00963846 0.0100321282 4.08135593
295 1204 3.00958546 0.0100319515 4.08135593
295 1204 3.00954822 0.0100318274 4.08135593
295 1204 3.00956946 0.0100318982 4.08135593
295 1204 3.0095788 0.0100319293 4.08135593
295 1204 3.0095326 0.0100317753 4.08135593
294 1195 2.99996725 0.00999989085 4.06462585
294 1197 3.00113682 0.0100037894 4.07142857
294 1194 3.00096994 0.0100032331 4.06122449
294 1194 3.00067727 0.0100022576 4.06122449
294 1194 3.00076107 0.0100025369 4.06122449
294 1195 3.00419135 0.0100139712 4.06462585
294 1195 3.00419636 0.0100139879 4.06462585
294 1195 3.004195 0.0100139833 4.06462585
294 1195 3.00410944 0.0100136981 4.06462585
294 1195 3.00403284 0.0100134428 4.06462585
293 1191 2.99797067 0.00999323557 4.06484642
293 1191 2.99794734 0.00999315778 4.06484642
293 1191 2.99800131 0.00999333771 4.06484642
293 1191 2.99788474 0.00999294913 4.06484642
293 1191 2.99784458 0.00999281525 4.06484642
293 1191 2.99787507 0.0099929169 4.06484642
293 1191 2.99787802 0.00999292673 4.06484642
293 1191 2.99789786 0.00999299285 4.06484642
293 1191 2.99791881 0.0099930627 4.06484642
293 1191 2.99782756 0.00999275852 4.06484642
292 1184 2.99003704 0.00996679015 4.05479452
292 1184 2.99009092 0.00996696972 4.05479452
292 1184 2.99002298 0.00996674328 4.05479452
292 1184 2.98979746 0.00996599154 4.05479452
292 1184 2.98974552 0.00996581841 4.05479452
292 1184 2.98983193 0.00996610644 4.05479452
292 1184 2.9899985 0.00996666167 4.05479452
292 1184 2.99004831 0.0099668277 4.05479452
292 1184 2.99021953 0.00996739844 4.05479452
292 1184 2.99003791 0.00996679305 4.05479452
291 1176 2.97997937 0.00993326457 4.04123711
291 1175 2.9818079 0.00993935965 4.03780069
291 1176 2.98213891 0.00994046303 4.04123711
291 1175 2.98190147 0.00993967156 4.03780069
291 1174 2.98189081 0.00993963605 4.03436426
291 1174 2.98183791 0.0099394597 4.03436426
291 1173 2.98139433 0.00993798111 4.03092784
291 1173 2.98158306 0.00993861019 4.03092784
291 1174 2.98214996 0.00994049987 4.03436426
291 1174 2.98216889 0.00994056297 4.03436426
290 1168 2.97264203 0.00990880677 4.02758621
290 1165 2.9741678 0.00991389266 4.01724138
290 1165 2.97436912 0.00991456374 4.01724138
290 1165 2.97439732 0.00991465775 4.01724138
290 1165 2.97404319 0.00991347731 4.01724138
290 1166 2.97385668 0.00991285561 4.02068966
290 1161 2.97714989 0.00992383296 4.00344828
290 1161 2.97740778 0.00992469259 4.00344828
290 1161 2.97758904 0.00992529681 4.00344828
290 1161 2.97779076 0.00992596921 4.00344828
289 1153 2.96705976 0.00989019919 3.98961938
289 1151 2.96988475 0.00989961582 3.98269896
289 1151 2.96990384 0.00989967947 3.98269896
289 1151 2.96996942 0.00989989805 3.98269896
289 1152 2.96712717 0.0098904239 3.98615917
289 1152 2.96702469 0.00989008228 3.98615917
289 1152 2.96696437 0.00988988122 3.98615917
289 1152 2.96691678 0.00988972262 3.98615917
289 1151 2.96706262 0.00989020874 3.98269896
289 1150 2.97226237 0.00990754124 3.97923875
288 1140 2.9638498 0.00987949932 3.95833333
288 1142 2.96645047 0.00988816823 3.96527778
288 1142 2.96647231 0.00988824103 3.96527778
288 1142 2.96647332 0.00988824441 3.96527778
288 1142 2.96642938 0.00988809793 3.96527778
288 1142 2.96638786 0.00988795952 3.96527778
288 1142 2.96643572 0.00988811906 3.96527778
288 1142 2.96631255 0.0098877085 3.96527778
288 1142 2.96638282 0.00988794272 3.96527778
288 1142 2.96645846 0.00988819486 3.96527778
287 1137 2.95823332 0.00986077774 3.96167247
287 1137 2.95832059 0.00986106864 3.96167247
287 1134 2.95905134 0.00986350447 3.95121951
287 1134 2.95892655 0.00986308849 3.95121951
287 1134 2.95906277 0.00986354257 3.95121951
287 1134 2.95915925 0.00986386418 3.95121951
287 1134 2.95922152 0.00986407172 3.95121951
287 1134 2.9592319 0.00986410634 3.95121951
287 1134 2.95914778 0.00986382593 3.95121951
287 1134 2.95928113 0.00986427043 3.95121951
286 1129 2.95121473 0.00983738243 3.94755245
286 1129 2.95134454 0.00983781513 3.94755245
286 1129 2.95116096 0.00983720322 3.94755245
286 1126 2.95060135 0.00983533782 3.93706294
286 1126 2.95027394 0.00983424648 3.93706294
286 1126 2.95052809 0.00983509363 3.93706294
286 1125 2.9518222 0.00983940733 3.93356643
286 1125 2.95426592 0.00984755307 3.93356643
286 1125 2.95441733 0.00984805777 3.93356643
286 1125 2.95400741 0.00984669135 3.93356643
285 1120 2.94583368 0.0098194456 3.92982456
285 1120 2.94672328 0.00982241092 3.92982456
285 1120 2.94638128 0.00982127092 3.92982456
285 1120 2.945901 0.00981966999 3.92982456
285 1120 2.94629431 0.00982098105 3.92982456
285 1120 2.94661865 0.00982206216 3.92982456
285 1120 2.94654218 0.00982180728 3.92982456
285 1117 2.94691283 0.00982304277 3.91929825
285 1117 2.94683009 0.00982276696 3.91929825
285 1117 2.94670276 0.00982234255 3.91929825
284 1107 2.93640047 0.00978800158 3.89788732
284 1107 2.9366827 0.00978894232 3.89788732
284 1112 2.93963831 0.00979879437 3.91549296
284 1112 2.93914417 0.00979714725 3.91549296
284 1112 2.93917835 0.00979726117 3.91549296
284 1112 2.93942112 0.0097980704 3.91549296
284 1112 2.93944037 0.00979813455 3.91549296
284 1112 2.93942706 0.00979809019 3.91549296
284 1112 2.93942421 0.0097980807 3.91549296
284 1112 2.93935332 0.00979784441 3.91549296
283 1103 2.93134874 0.00977116246 3.8975265
283 1103 2.93152966 0.00977176554 3.8975265
283 1103 2.93141225 0.00977137418 3.8975265
283 1103 2.93092514 0.00976975045 3.8975265
283 1103 2.93079508 0.00976931694 3.8975265
283 1104 2.93188178 0.00977293926 3.90106007
283 1104 2.93214852 0.00977382842 3.90106007
283 1104 2.93197913 0.00977326378 3.90106007
283 1104 2.93207768 0.00977359228 3.90106007
283 1104 2.93196855 0.0097732285 3.90106007
282 1095 2.92407564 0.00974691879 3.88297872
282 1095 2.92428067 0.00974760223 3.88297872
282 1094 2.92402803 0.00974676011 3.87943262
282 1094 2.92392614 0.00974642046 3.87943262
282 1095 2.92537965 0.00975126551 3.88297872
282 1095 2.92538935 0.00975129783 3.88297872
282 1095 2.92534599 0.00975115331 3.88297872
282 1095 2.9254105 0.00975136833 3.88297872
282 1095 2.92540902 0.00975136339 3.88297872
282 1095 2.92543453 0.00975144842 3.88297872
281 1085 2.91762151 0.00972540504 3.86120996
281 1085 2.91753313 0.00972511042 3.86120996
281 1086 2.9177203 0.00972573433 3.86476868
281 1086 2.91762287 0.00972540956 3.86476868
281 1086 2.91751357 0.00972504523 3.86476868
281 1086 2.9177148 0.00972571602 3.86476868
281 1086 2.9179101 0.009726367 3.86476868
281 1086 2.91779789 0.00972599295 3.86476868
281 1086 2.91774789 0.00972582631 3.86476868
281 1086 2.9178063 0.009726021 3.86476868
280 1077 2.90805257 0.00969350856 3.84642857
280 1077 2.91037828 0.00970126093 3.84642857
280 1077 2.91019246 0.00970064154 3.84642857
280 1077 2.90999214 0.00969997378 3.84642857
280 1077 2.91002437 0.00970008122 3.84642857
280 1077 2.91021244 0.00970070813 3.84642857
280 1076 2.91032437 0.00970108125 3.84285714
280 1076 2.91046802 0.00970156006 3.84285714
280 1076 2.91028521 0.00970095071 3.84285714
280 1076 2.91016128 0.00970053758 3.84285714
279 1068 2.89966181 0.00966553937 3.82795699
279 1066 2.901795 0.00967265 3.82078853
279 1066 2.90182738 0.00967275793 3.82078853
279 1066 2.90167596 0.00967225322 3.82078853
279 1066 2.90163253 0.00967210844 3.82078853
279 1070 2.90189516 0.00967298386 3.83512545
279 1070 2.90180315 0.00967267715 3.83512545
279 1070 2.90175219 0.00967250731 3.83512545
279 1070 2.90177841 0.0096725947 3.83512545
279 1070 2.90170211 0.00967234038 3.83512545
278 1061 2.89333743 0.0096444581 3.81654676
278 1061 2.89333319 0.00964444397 3.81654676
278 1061 2.89323821 0.00964412737 3.81654676
278 1062 2.89337693 0.00964458977 3.82014388
278 1062 2.89313094 0.0096437698 3.82014388
278 1062 2.89304785 0.00964349284 3.82014388
278 1060 2.89454128 0.00964847094 3.81294964
278 1060 2.8945057 0.00964835234 3.81294964
278 1058 2.89464162 0.0096488054 3.8057554
278 1063 2.895358 0.00965119335 3.82374101
277 1054 2.88705999 0.00962353331 3.80505415
277 1054 2.8871668 0.00962388935 3.80505415
277 1053 2.88741758 0.00962472527 3.80144404
277 1053 2.88730783 0.00962435945 3.80144404
277 1053 2.88726201 0.00962420672 3.80144404
277 1055 2.89097026 0.00963656754 3.80866426
277 1055 2.89109941 0.00963699803 3.80866426
277 1055 2.89094887 0.00963649624 3.80866426
277 1055 2.89089394 0.00963631312 3.80866426
277 1055 2.89092931 0.00963643105 3.80866426
276 1046 2.88332402 0.00961108007 3.78985507
276 1046 2.88329494 0.00961098315 3.78985507
276 1046 2.88315012 0.00961050041 3.78985507
276 1046 2.88326402 0.00961088007 3.78985507
276 1046 2.88341105 0.00961137017 3.78985507
276 1046 2.8834498 0.00961149933 3.78985507
276 1046 2.88331691 0.00961105638 3.78985507
276 1046 2.88336422 0.00961121406 3.78985507
276 1046 2.88326657 0.00961088857 3.78985507
276 1046 2.88333568 0.00961111893 3.78985507
275 1040 2.87499755 0.00958332518 3.78181818
275 1040 2.87501261 0.00958337535 3.78181818
275 1040 2.87490558 0.00958301862 3.78181818
275 1040 2.87474221 0.00958247405 3.78181818
275 1040 2.87506635 0.00958355449 3.78181818
275 1040 2.87515438 0.00958384793 3.78181818
275 1040 2.87506399 0.00958354663 3.78181818
275 1040 2.87497954 0.00958326513 3.78181818
275 1040 2.87487173 0.00958290577 3.78181818
275 1040 2.87487472 0.00958291572 3.78181818
274 1030 2.86200833 0.00954002776 3.75912409
274 1030 2.86132673 0.00953775575 3.75912409
274 1034 2.8630085 0.00954336168 3.77372263
274 1029 2.8667632 0.00955587734 3.75547445
274 1029 2.86646968 0.00955489893 3.75547445
274 1029 2.86607272 0.00955357574 3.75547445
274 1029 2.86594749 0.0095531583 3.75547445
274 1028 2.86597222 0.00955324072 3.75182482
274 1028 2.86554209 0.00955180696 3.75182482
274 1028 2.86539995 0.00955133317 3.75182482
273 1018 2.85613045 0.00952043483 3.72893773
273 1018 2.85629511 0.0095209837 3.72893773
273 1019 2.8575784 0.00952526133 3.73260073
273 1019 2.85752803 0.00952509345 3.73260073
273 1019 2.85747447 0.0095249149 3.73260073
273 1019 2.85730679 0.00952435596 3.73260073
273 1019 2.85735229 0.00952450762 3.73260073
273 1019 2.857718 0.00952572668 3.73260073
273 1019 2.85764646 0.00952548822 3.73260073
273 1019 2.85751657 0.00952505522 3.73260073
272 1010 2.8457656 0.00948588534 3.71323529
272 1010 2.84581374 0.0094860458 3.71323529
272 1010 2.8452041 0.00948401367 3.71323529
272 1011 2.84791281 0.00949304269 3.71691176
272 1011 2.84819992 0.00949399972 3.71691176
272 1011 2.84794529 0.00949315098 3.71691176
272 1011 2.84775668 0.00949252226 3.71691176
272 1009 2.84827745 0.00949425817 3.70955882
272 1009 2.84827569 0.00949425229 3.70955882
272 1009 2.84823507 0.00949411691 3.70955882
271 1003 2.83886322 0.0094628774 3.70110701
271 1001 2.83862629 0.00946208763 3.69372694
271 1001 2.83870334 0.00946234447 3.69372694
271 1003 2.84101344 0.00947004481 3.70110701
271 1003 2.84099615 0.00946998718 3.70110701
271 1003 2.84100455 0.00947001517 3.70110701
271 1003 2.84089615 0.00946965383 3.70110701
271 1003 2.84092164 0.00946973879 3.70110701
271 1003 2.84105749 0.00947019164 3.70110701
271 1003 2.84108203 0.00947027342 3.70110701
270 997 2.83183237 0.00943944122 3.69259259
270 997 2.83185151 0.00943950504 3.69259259
270 997 2.83151796 0.00943839319 3.69259259
270 997 2.83147697 0.00943825656 3.69259259
270 997 2.83108037 0.00943693457 3.69259259
270 999 2.83106352 0.00943687841 3.7
270 1001 2.8320522 0.00944017399 3.70740741
270 1001 2.83210273 0.00944034243 3.70740741
270 1001 2.83189198 0.00943963992 3.70740741
270 1001 2.83203328 0.00944011093 3.70740741
269 997 2.82264549 0.00940881829 3.7063197
269 991 2.82638459 0.00942128197 3.68401487
269 990 2.82156088 0.00940520292 3.6802974
268 984 2.81369886 0.0093789962 3.67164179
268 984 2.81360949 0.00937869829 3.67164179
268 984 2.8134698 0.00937823265 3.67164179
268 984 2.81355171 0.0093785057 3.67164179
268 981 2.81432654 0.00938108847 3.66044776
268 981 2.81414508 0.0093804836 3.66044776
268 981 2.81407475 0.00938024917 3.66044776
267 972 2.8023011 0.00934100366 3.64044944
267 977 2.81133733 0.00937112442 3.65917603
267 977 2.81117554 0.00937058512 3.65917603
267 977 2.8112131 0.00937071033 3.65917603
267 978 2.816337 0.00938778999 3.66292135
267 978 2.81630945 0.00938769816 3.66292135
267 978 2.8160616 0.00938687199 3.66292135
267 978 2.81601436 0.00938671453 3.66292135
267 978 2.81592987 0.00938643291 3.66292135
267 980 2.81764808 0.00939216026 3.67041199
266 974 2.8097005 0.00936566834 3.66165414
266 974 2.80941411 0.00936471368 3.66165414
266 974 2.80925885 0.00936419615 3.66165414
266 971 2.8099376 0.00936645865 3.65037594
266 971 2.80954526 0.00936515086 3.65037594
266 971 2.8095431 0.00936514365 3.65037594
266 971 2.80948036 0.00936493454 3.65037594
266 971 2.80947344 0.00936491146 3.65037594
266 971 2.80948077 0.00936493592 3.65037594
266 971 2.80930009 0.00936433365 3.65037594
265 962 2.79811606 0.00932705353 3.63018868
265 962 2.79757386 0.0093252462 3.63018868
265 962 2.79757728 0.00932525759 3.63018868
265 962 2.79802927 0.00932676422 3.63018868
265 965 2.80232208 0.00934107358 3.64150943
265 965 2.80195692 0.00933985639 3.64150943
265 965 2.80172443 0.00933908144 3.64150943
265 965 2.80168929 0.00933896429 3.64150943
265 965 2.8017014 0.00933900467 3.64150943
265 965 2.80156623 0.00933855409 3.64150943
264 956 2.79187296 0.0093062432 3.62121212
264 956 2.79188405 0.00930628016 3.62121212
264 957 2.79134645 0.00930448818 3.625
264 957 2.79257438 0.00930858127 3.625
264 957 2.79257668 0.00930858893 3.625
264 957 2.79250419 0.00930834731 3.625
264 957 2.79246278 0.00930820928 3.625
264 957 2.79242116 0.00930807055 3.625
264 957 2.79250895 0.00930836316 3.625
264 957 2.79248679 0.00930828931 3.625
263 946 2.78179534 0.00927265113 3.59695817
263 946 2.78179567 0.00927265224 3.59695817
263 946 2.78166866 0.00927222888 3.59695817
263 948 2.78329228 0.00927764094 3.60456274
263 948 2.78281365 0.0092760455 3.60456274
263 948 2.78280727 0.00927602423 3.60456274
263 951 2.78268603 0.0092756201 3.61596958
263 951 2.78224548 0.00927415159 3.61596958
263 949 2.78167639 0.00927225464 3.60836502
263 949 2.78190505 0.00927301684 3.60836502
262 942 2.77296746 0.00924322486 3.59541985
262 942 2.77283761 0.00924279202 3.59541985
262 942 2.77299818 0.00924332725 3.59541985
262 947 2.77424187 0.00924747289 3.61450382
262 947 2.7741546 0.00924718199 3.61450382
262 947 2.7741183 0.00924706101 3.61450382
262 947 2.77417271 0.00924724237 3.61450382
262 947 2.77421919 0.00924739729 3.61450382
262 947 2.77413319 0.00924711062 3.61450382
262 947 2.77634633 0.00925448777 3.61450382
261 939 2.76711936 0.00922373119 3.59770115
261 941 2.76721988 0.00922406625 3.60536398
261 941 2.76694309 0.00922314365 3.60536398
261 941 2.7670046 0.00922334866 3.60536398
261 941 2.76720783 0.00922402609 3.60536398
261 941 2.76716338 0.00922387795 3.60536398
261 941 2.76707286 0.00922357621 3.60536398
261 941 2.76722263 0.00922407542 3.60536398
261 941 2.76708953 0.00922363178 3.60536398
261 941 2.76706533 0.00922355111 3.60536398
260 928 2.75370014 0.00917900045 3.56923077
260 933 2.75783685 0.00919278951 3.58846154
260 933 2.75791839 0.00919306131 3.58846154
260 933 2.75817146 0.00919390485 3.58846154
260 933 2.75799906 0.0091933302 3.58846154
260 933 2.75799971 0.00919333236 3.58846154
260 933 2.75800109 0.00919333696 3.58846154
260 933 2.75791928 0.00919306427 3.58846154
260 933 2.757902 0.00919300667 3.58846154
260 930 2.75856397 0.00919521323 3.57692308
259 921 2.74387669 0.00914625563 3.55598456
259 917 2.74518869 0.00915062895 3.54054054
259 917 2.74502776 0.00915009253 3.54054054
259 921 2.74943113 0.00916477044 3.55598456
259 921 2.74906572 0.00916355239 3.55598456
259 921 2.74898917 0.00916329725 3.55598456
259 921 2.74911271 0.00916370903 3.55598456
259 921 2.7494706 0.00916490201 3.55598456
259 921 2.74923194 0.00916410646 3.55598456
259 921 2.74921482 0.00916404938 3.55598456
258 916 2.73872687 0.00912908957 3.5503876
258 916 2.73855597 0.00912851992 3.5503876
258 916 2.73847068 0.00912823561 3.5503876
258 916 2.73850062 0.00912833541 3.5503876
258 916 2.73894202 0.00912980674 3.5503876
258 912 2.73807619 0.00912692064 3.53488372
258 912 2.73806096 0.00912686988 3.53488372
258 912 2.73804054 0.0091268018 3.53488372
258 912 2.73804266 0.00912680886 3.53488372
258 912 2.73800333 0.00912667777 3.53488372
257 908 2.72447569 0.00908158562 3.53307393
257 899 2.72404625 0.00908015415 3.49805447
257 899 2.72487396 0.00908291321 3.49805447
257 903 2.72889975 0.0090963325 3.51361868
257 903 2.72822747 0.00909409156 3.51361868
257 903 2.72809944 0.00909366479 3.51361868
257 903 2.72835512 0.00909451708 3.51361868
257 907 2.731948 0.00910649332 3.52918288
257 907 2.73185839 0.00910619464 3.52918288
257 907 2.73195313 0.00910651042 3.52918288
256 899 2.72267799 0.00907559331 3.51171875
256 899 2.72262933 0.0090754311 3.51171875
256 899 2.72260639 0.00907535462 3.51171875
256 899 2.72258956 0.00907529854 3.51171875
256 899 2.72262011 0.00907540035 3.51171875
256 899 2.72260028 0.00907533427 3.51171875
256 899 2.72252626 0.00907508752 3.51171875
256 899 2.72259202 0.00907530674 3.51171875
256 899 2.72263876 0.00907546252 3.51171875
256 899 2.72244958 0.00907483193 3.51171875
255 896 2.70914902 0.00903049674 3.51372549
255 889 2.71046727 0.00903489089 3.48627451
255 889 2.71048719 0.0090349573 3.48627451
255 889 2.71064663 0.00903548876 3.48627451
255 889 2.71066072 0.00903553572 3.48627451
255 889 2.71057329 0.00903524431 3.48627451
255 889 2.71063139 0.00903543796 3.48627451
255 889 2.71058274 0.00903527579 3.48627451
255 889 2.71054548 0.00903515161 3.48627451
255 889 2.71048018 0.00903493392 3.48627451
254 880 2.69661252 0.00898870839 3.46456693
254 877 2.69439998 0.00898133327 3.45275591
254 877 2.69439343 0.00898131143 3.45275591
254 877 2.69435214 0.00898117379 3.45275591
254 877 2.69440632 0.0089813544 3.45275591
254 877 2.69429442 0.00898098139 3.45275591
254 877 2.69445975 0.00898153249 3.45275591
254 877 2.6945032 0.00898167733 3.45275591
254 877 2.69434693 0.00898115644 3.45275591
254 877 2.69438343 0.00898127809 3.45275591
253 864 2.68180855 0.00893936183 3.41501976
253 864 2.68150753 0.00893835842 3.41501976
253 864 2.68171744 0.00893905813 3.41501976
253 874 2.68255788 0.0089418596 3.45454545
253 874 2.68228079 0.00894093598 3.45454545
253 874 2.68226149 0.00894087162 3.45454545
253 868 2.68870947 0.00896236491 3.43083004
253 870 2.69232674 0.00897442248 3.43873518
253 870 2.69218394 0.00897394647 3.43873518
253 870 2.69214258 0.00897380861 3.43873518
252 861 2.67675688 0.00892252293 3.41666667
252 860 2.67978784 0.00893262613 3.41269841
252 867 2.67945818 0.00893152727 3.44047619
252 867 2.67951396 0.00893171321 3.44047619
252 867 2.67959988 0.00893199961 3.44047619
252 867 2.67955021 0.00893183402 3.44047619
252 867 2.67972414 0.00893241379 3.44047619
252 867 2.67953133 0.00893177111 3.44047619
252 867 2.6796705 0.008932235 3.44047619
252 867 2.67952836 0.00893176121 3.44047619
251 859 2.66589501 0.00888631671 3.42231076
251 854 2.6670271 0.00889009033 3.40239044
251 854 2.66677928 0.00888926428 3.40239044
251 854 2.66726054 0.00889086847 3.40239044
251 854 2.66692612 0.00888975375 3.40239044
251 854 2.66699001 0.00888996671 3.40239044
251 854 2.66691725 0.00888972417 3.40239044
251 863 2.66683057 0.00888943524 3.43824701
251 863 2.66692494 0.00888974981 3.43824701
251 863 2.66675242 0.00888917473 3.43824701
250 857 2.65089555 0.00883631849 3.428
250 854 2.65135933 0.00883786442 3.416
250 856 2.64088474 0.00880294913 3.424
250 856 2.64095607 0.00880318691 3.424
250 856 2.64099156 0.00880330519 3.424
250 850 2.65412461 0.00884708204 3.4
250 850 2.65438045 0.00884793482 3.4
250 850 2.65410804 0.00884702681 3.4
250 850 2.65407856 0.00884692853 3.4
250 844 2.65554009 0.00885180032 3.376
249 839 2.63924782 0.00879749275 3.36947791
249 837 2.63997396 0.00879991319 3.36144578
249 840 2.64064097 0.00880213656 3.37349398
249 840 2.64077386 0.00880257952 3.37349398
249 840 2.64079861 0.00880266202 3.37349398
249 840 2.64086257 0.00880287522 3.37349398
249 840 2.64084869 0.00880282897 3.37349398
249 840 2.64065111 0.00880217035 3.37349398
249 836 2.64211983 0.0088070661 3.35742972
249 836 2.64183655 0.00880612184 3.35742972
248 832 2.62678986 0.00875596621 3.35483871
248 832 2.62697208 0.00875657359 3.35483871
248 829 2.62363745 0.00874545818 3.34274194
248 832 2.62702055 0.00875673517 3.35483871
248 832 2.62697864 0.00875659546 3.35483871
248 832 2.6268572 0.00875619067 3.35483871
248 832 2.62691281 0.00875637603 3.35483871
248 832 2.62682906 0.00875609685 3.35483871
248 832 2.62683302 0.00875611006 3.35483871
248 832 2.62673475 0.00875578251 3.35483871
247 827 2.61065945 0.00870219817 3.34817814
247 828 2.60968247 0.00869894158 3.35222672
247 823 2.61242035 0.00870806783 3.33198381
247 823 2.61218857 0.00870729525 3.33198381
247 823 2.61212015 0.00870706717 3.33198381
247 823 2.61219986 0.00870733286 3.33198381
247 823 2.61231125 0.00870770418 3.33198381
247 828 2.61398557 0.00871328525 3.35222672
247 828 2.61392716 0.00871309053 3.35222672
247 828 2.61402421 0.00871341404 3.35222672
246 821 2.59899422 0.00866331406 3.33739837
246 821 2.59903671 0.00866345571 3.33739837
246 821 2.59915671 0.00866385569 3.33739837
246 821 2.59915682 0.00866385607 3.33739837
246 821 2.59923417 0.0086641139 3.33739837
246 821 2.59916964 0.00866389882 3.33739837
246 821 2.59919773 0.00866399242 3.33739837
246 821 2.5991449 0.00866381634 3.33739837
246 821 2.59909755 0.0086636585 3.33739837
246 821 2.59908272 0.00866360908 3.33739837
245 814 2.58302823 0.00861009411 3.32244898
245 814 2.58207683 0.00860692276 3.32244898
245 814 2.58217331 0.00860724437 3.32244898
245 814 2.58220243 0.00860734144 3.32244898
245 814 2.58216289 0.00860720965 3.32244898
245 817 2.58273914 0.00860913047 3.33469388
245 817 2.58296027 0.00860986757 3.33469388
245 817 2.58281347 0.00860937823 3.33469388
245 817 2.58285023 0.00860950075 3.33469388
245 817 2.58272791 0.00860909304 3.33469388
244 808 2.56764579 0.0085588193 3.31147541
244 808 2.5675897 0.00855863235 3.31147541
244 808 2.56761802 0.00855872674 3.31147541
244 808 2.56775171 0.00855917235 3.31147541
244 808 2.56784405 0.00855948017 3.31147541
244 806 2.56839091 0.00856130304 3.30327869
244 806 2.56830447 0.00856101489 3.30327869
244 806 2.56834922 0.00856116407 3.30327869
244 806 2.56840005 0.0085613335 3.30327869
244 807 2.57756733 0.0085918911 3.30737705
243 800 2.56024932 0.00853416441 3.29218107
243 803 2.56053586 0.00853511953 3.30452675
243 803 2.56068994 0.00853563313 3.30452675
243 802 2.56585164 0.00855283881 3.30041152
242 796 2.56088356 0.00853627853 3.2892562
242 796 2.56099547 0.00853665156 3.2892562
242 798 2.56303576 0.00854345254 3.29752066
242 798 2.56310397 0.00854367991 3.29752066
242 798 2.56313863 0.00854379545 3.29752066
242 798 2.56338442 0.00854461473 3.29752066
241 794 2.54599619 0.00848665398 3.29460581
241 791 2.54788029 0.00849293432 3.28215768
241 786 2.55162035 0.00850540118 3.26141079
241 786 2.55155682 0.00850518941 3.26141079
241 786 2.55163547 0.00850545158 3.26141079
241 786 2.55172066 0.00850573553 3.26141079
241 789 2.55470953 0.00851569842 3.27385892
241 789 2.55467028 0.00851556759 3.27385892
241 791 2.55702072 0.00852340239 3.28215768
241 791 2.5569167 0.00852305565 3.28215768
240 784 2.54028652 0.00846762174 3.26666667
240 783 2.54184121 0.00847280402 3.2625
240 788 2.54340128 0.00847800426 3.28333333
240 788 2.54351003 0.00847836677 3.28333333
240 788 2.54361753 0.0084787251 3.28333333
240 788 2.54357181 0.0084785727 3.28333333
240 785 2.54190016 0.00847300053 3.27083333
240 783 2.54533987 0.00848446624 3.2625
240 781 2.54458909 0.00848196363 3.25416667
240 783 2.54591422 0.00848638075 3.2625
239 779 2.53441142 0.00844803808 3.25941423
239 777 2.53896163 0.00846320543 3.25104603
239 787 2.54664444 0.00848881481 3.29288703
239 787 2.54639765 0.00848799216 3.29288703
239 787 2.54624078 0.00848746926 3.29288703
239 789 2.54664662 0.00848882206 3.30125523
239 789 2.54674547 0.00848915156 3.30125523
239 783 2.54963574 0.00849878579 3.27615063
239 783 2.54980477 0.00849934923 3.27615063
239 783 2.5497643 0.00849921433 3.27615063
238 776 2.53660675 0.00845535582 3.2605042
238 776 2.53676391 0.0084558797 3.2605042
238 776 2.53685221 0.00845617402 3.2605042
238 776 2.53674524 0.00845581746 3.2605042
238 776 2.53676473 0.00845588244 3.2605042
238 776 2.5368192 0.00845606402 3.2605042
238 776 2.53662435 0.00845541451 3.2605042
238 776 2.53666938 0.00845556459 3.2605042
238 777 2.53779338 0.00845931128 3.26470588
238 781 2.54123466 0.00847078219 3.28151261
237 774 2.52596757 0.00841989189 3.26582278
237 775 2.52946882 0.00843156275 3.27004219
237 775 2.52942167 0.00843140557 3.27004219
237 775 2.52956673 0.0084318891 3.27004219
237 775 2.52975124 0.00843250415 3.27004219
237 775 2.52956794 0.00843189312 3.27004219
237 775 2.52963208 0.00843210693 3.27004219
237 775 2.52946098 0.00843153661 3.27004219
237 775 2.52954717 0.00843182389 3.27004219
237 775 2.52955906 0.00843186354 3.27004219
236 769 2.51293138 0.00837643793 3.25847458
236 768 2.51806417 0.00839354725 3.25423729
236 768 2.51811618 0.0083937206 3.25423729
236 768 2.51812681 0.00839375604 3.25423729
236 768 2.51808506 0.00839361688 3.25423729
236 768 2.51807557 0.00839358523 3.25423729
236 768 2.51793008 0.00839310028 3.25423729
236 768 2.51808085 0.00839360283 3.25423729
235 765 2.50857406 0.00836191353 3.25531915
235 765 2.50871511 0.00836238369 3.25531915
234 759 2.49335265 0.00831117551 3.24358974
234 759 2.49302005 0.00831006682 3.24358974
234 753 2.49602855 0.00832009516 3.21794872
234 753 2.4966288 0.00832209599 3.21794872
234 753 2.49651617 0.00832172057 3.21794872
234 753 2.49643617 0.00832145389 3.21794872
234 753 2.49643577 0.00832145256 3.21794872
234 753 2.49650014 0.00832166712 3.21794872
234 753 2.49630048 0.00832100159 3.21794872
234 753 2.49646194 0.00832153979 3.21794872
233 747 2.4808334 0.00826944468 3.20600858
233 746 2.48259242 0.00827530807 3.20171674
233 746 2.48292902 0.00827643006 3.20171674
233 746 2.48291451 0.00827638171 3.20171674
233 746 2.48295761 0.00827652535 3.20171674
233 746 2.48288972 0.00827629905 3.20171674
233 746 2.4827576 0.00827585866 3.20171674
233 746 2.48271111 0.0082757037 3.20171674
233 746 2.48315082 0.00827716938 3.20171674
233 746 2.48295694 0.00827652312 3.20171674
232 739 2.46765273 0.00822550911 3.18534483
232 739 2.46784548 0.0082261516 3.18534483
232 739 2.46765419 0.00822551396 3.18534483
232 739 2.46764147 0.00822547156 3.18534483
232 739 2.46772193 0.00822573978 3.18534483
232 739 2.46783529 0.00822611764 3.18534483
232 739 2.46774017 0.00822580056 3.18534483
232 739 2.46771281 0.00822570937 3.18534483
232 739 2.46783054 0.00822610181 3.18534483
232 739 2.46780909 0.00822603032 3.18534483
231 736 2.44959149 0.00816530496 3.18614719
231 736 2.44946767 0.00816489224 3.18614719
231 733 2.45250905 0.00817503018 3.17316017
231 736 2.45559398 0.00818531326 3.18614719
231 736 2.45547459 0.00818491529 3.18614719
231 736 2.45566138 0.00818553793 3.18614719
231 736 2.4555717 0.00818523901 3.18614719
231 736 2.45569715 0.00818565715 3.18614719
231 736 2.45571814 0.00818572713 3.18614719
231 736 2.45557267 0.00818524225 3.18614719
230 730 2.43804464 0.00812681546 3.17391304
230 732 2.43934589 0.00813115298 3.1826087
230 732 2.44008913 0.00813363042 3.1826087
230 734 2.44895078 0.00816316926 3.19130435
230 734 2.44852791 0.00816175971 3.19130435
230 734 2.44855151 0.00816183838 3.19130435
230 733 2.44710348 0.0081570116 3.18695652
230 733 2.4471079 0.00815702633 3.18695652
230 733 2.44718742 0.00815729139 3.18695652
230 733 2.44708107 0.00815693688 3.18695652
229 729 2.42784525 0.00809281749 3.18340611
229 729 2.43079914 0.0081026638 3.18340611
229 726 2.43188526 0.00810628419 3.17030568
229 726 2.43186204 0.00810620681 3.17030568
229 726 2.43184834 0.00810616113 3.17030568
229 726 2.43180831 0.00810602769 3.17030568
229 726 2.43167365 0.00810557885 3.17030568
229 727 2.43435542 0.00811451806 3.17467249
229 727 2.4341616 0.00811387201 3.17467249
229 727 2.43454815 0.0081151605 3.17467249
228 721 2.41672962 0.00805576539 3.1622807
228 721 2.41488625 0.00804962084 3.1622807
228 723 2.41996471 0.00806654904 3.17105263
228 723 2.4192815 0.00806427167 3.17105263
228 721 2.41335136 0.00804450453 3.1622807
228 723 2.42786376 0.00809287921 3.17105263
228 723 2.42784133 0.00809280442 3.17105263
228 723 2.42787908 0.00809293026 3.17105263
228 723 2.427859 0.00809286332 3.17105263
228 723 2.42783787 0.00809279291 3.17105263
227 717 2.41020774 0.00803402579 3.15859031
227 719 2.41082702 0.00803609005 3.16740088
227 719 2.41154878 0.00803849593 3.16740088
227 716 2.4133917 0.00804463901 3.15418502
227 716 2.41316354 0.00804387846 3.15418502
227 716 2.41304832 0.0080434944 3.15418502
227 716 2.41318837 0.00804396123 3.15418502
227 716 2.41326341 0.00804421137 3.15418502
227 716 2.41316692 0.00804388974 3.15418502
227 716 2.41321335 0.00804404449 3.15418502
226 712 2.39766718 0.00799222394 3.15044248
226 712 2.39763181 0.00799210603 3.15044248
226 712 2.39685505 0.00798951685 3.15044248
226 712 2.39689959 0.00798966529 3.15044248
226 709 2.39815602 0.00799385339 3.13716814
226 709 2.39807422 0.00799358074 3.13716814
226 709 2.39814101 0.00799380337 3.13716814
226 709 2.39811975 0.00799373249 3.13716814
226 709 2.39802962 0.00799343206 3.13716814
226 709 2.39815581 0.00799385269 3.13716814
225 703 2.38050375 0.00793501251 3.12444444
225 703 2.37959808 0.00793199361 3.12444444
225 705 2.38178068 0.00793926893 3.13333333
225 705 2.38090811 0.00793636038 3.13333333
225 705 2.38071279 0.00793570929 3.13333333
225 705 2.38273732 0.00794245775 3.13333333
225 705 2.38279658 0.00794265528 3.13333333
225 705 2.38274878 0.00794249595 3.13333333
225 705 2.38303085 0.00794343615 3.13333333
225 705 2.38299909 0.0079433303 3.13333333
224 699 2.36470241 0.00788234136 3.12053571
224 701 2.3658315 0.00788610501 3.12946429
224 701 2.36607629 0.00788692098 3.12946429
224 701 2.36533038 0.00788443461 3.12946429
224 701 2.36572834 0.00788576112 3.12946429
224 701 2.36534513 0.00788448376 3.12946429
224 701 2.36559767 0.00788532558 3.12946429
224 701 2.36572159 0.00788573862 3.12946429
224 701 2.36564539 0.00788548464 3.12946429
224 701 2.36546029 0.00788486765 3.12946429
223 697 2.34693759 0.00782312531 3.12556054
223 697 2.3465499 0.00782183301 3.12556054
223 697 2.34688794 0.00782295979 3.12556054
223 697 2.34743893 0.00782479643 3.12556054
223 697 2.34719436 0.00782398119 3.12556054
223 697 2.34721211 0.00782404036 3.12556054
223 697 2.34724876 0.00782416254 3.12556054
223 697 2.34713782 0.00782379274 3.12556054
223 697 2.34716283 0.00782387609 3.12556054
223 697 2.34682553 0.00782275177 3.12556054
222 691 2.32848808 0.00776162694 3.11261261
222 691 2.32647687 0.00775492291 3.11261261
222 691 2.32668457 0.00775561524 3.11261261
222 691 2.3267246 0.00775574868 3.11261261
222 691 2.32684333 0.00775614442 3.11261261
222 691 2.32687113 0.00775623709 3.11261261
222 691 2.32682228 0.00775607426 3.11261261
222 691 2.32677538 0.00775591792 3.11261261
222 691 2.32685028 0.0077561676 3.11261261
222 693 2.3305242 0.00776841401 3.12162162
221 685 2.30851065 0.00769503551 3.09954751
221 685 2.30862256 0.00769540854 3.09954751
221 690 2.30945876 0.00769819587 3.12217195
221 690 2.30937967 0.00769793224 3.12217195
221 690 2.30932667 0.00769775556 3.12217195
221 687 2.30894074 0.00769646915 3.10859729
221 687 2.30902554 0.00769675181 3.10859729
221 687 2.30886538 0.00769621792 3.10859729
221 687 2.30918287 0.00769727624 3.10859729
221 687 2.3093427 0.00769780899 3.10859729
220 681 2.29026647 0.00763422155 3.09545455
220 686 2.29572262 0.00765240874 3.11818182
220 683 2.30037402 0.0076679134 3.10454545
220 683 2.30035163 0.00766783876 3.10454545
220 683 2.30047466 0.00766824888 3.10454545
220 683 2.30009915 0.00766699716 3.10454545
220 681 2.28281559 0.0076093853 3.09545455
220 681 2.28281212 0.00760937372 3.09545455
220 681 2.28275452 0.00760918173 3.09545455
220 681 2.28290968 0.00760969892 3.09545455
219 675 2.263185 0.00754394999 3.08219178
219 675 2.26166607 0.0075388869 3.08219178
219 675 2.26076652 0.0075358884 3.08219178
219 675 2.26063587 0.0075354529 3.08219178
219 675 2.26074933 0.00753583109 3.08219178
219 675 2.26084575 0.0075361525 3.08219178
219 675 2.26079053 0.00753596844 3.08219178
219 677 2.28823092 0.00762743641 3.0913242
219 677 2.28541378 0.00761804594 3.0913242
219 677 2.28269765 0.00760899215 3.0913242
218 674 2.26307895 0.0075435965 3.09174312
218 674 2.26321581 0.00754405269 3.09174312
218 674 2.26321786 0.00754405955 3.09174312
218 674 2.26328669 0.00754428896 3.09174312
218 674 2.26333846 0.00754446155 3.09174312
218 674 2.26338829 0.00754462763 3.09174312
218 674 2.26332531 0.0075444177 3.09174312
218 671 2.26188736 0.00753962452 3.07798165
218 671 2.26128697 0.00753762324 3.07798165
218 671 2.26071408 0.0075357136 3.07798165
217 666 2.23901297 0.00746337658 3.06912442
217 668 2.24131914 0.00747106379 3.07834101
217 668 2.24112019 0.00747040065 3.07834101
217 668 2.24097437 0.00746991457 3.07834101
217 668 2.24103023 0.00747010078 3.07834101
217 668 2.24114228 0.00747047427 3.07834101
217 668 2.24105875 0.00747019584 3.07834101
217 668 2.24098664 0.00746995548 3.07834101
217 668 2.24114515 0.00747048384 3.07834101
217 668 2.24130349 0.00747101164 3.07834101
216 663 2.2195314 0.00739843801 3.06944444
216 665 2.22059973 0.0074019991 3.0787037
216 665 2.22061715 0.00740205718 3.0787037
216 665 2.2206019 0.00740200634 3.0787037
216 665 2.22060492 0.00740201641 3.0787037
216 665 2.2206214 0.00740207132 3.0787037
216 665 2.22063603 0.0074021201 3.0787037
216 665 2.22069218 0.00740230726 3.0787037
216 665 2.22065948 0.00740219826 3.0787037
216 665 2.22065505 0.00740218351 3.0787037
215 658 2.18931896 0.00729772988 3.06046512
215 660 2.1974485 0.00732482834 3.06976744
215 657 2.19674548 0.00732248493 3.05581395
215 657 2.19638993 0.00732129977 3.05581395
215 657 2.19607358 0.00732024527 3.05581395
215 657 2.19583957 0.00731946525 3.05581395
215 657 2.19524274 0.0073174758 3.05581395
215 660 2.1979602 0.007326534 3.06976744
215 660 2.19789999 0.00732633329 3.06976744
215 660 2.19768922 0.00732563072 3.06976744
214 654 2.17374718 0.00724582392 3.05607477
214 655 2.17336614 0.00724455379 3.06074766
214 655 2.1706564 0.00723552135 3.06074766
214 655 2.15909346 0.00719697821 3.06074766
214 655 1.07686415e-09 3.58954718e-12 3.06074766
214 653 0 0 3.05140187
allocating memory...
allocating memory...
allocating memory...
allocating memory...
allocating memory...
allocating memory...
walksat version 35
command line = test -solcnf -cutoff 100000000 -best -seed 1234567 -numsol 10 ./residualformula_seed4.cnf
seed = 1234567
cutoff = 100000000
tries = 10
heuristic = best, noise 50 / 100
tail starts after flip = 900
numatom = 300, numclause = 653, numliterals = 1811
wff read in

    lowest     final       avg     noise     noise     total                 avg        mean        mean
    #unsat    #unsat     noise   std dev     ratio     flips              length       flips       flips
      this      this      this      this      this      this   success   success       until         std
       try       try       try       try       try       try      rate     tries      assign         dev

         0         0      0.00      0.00      0.00       799       100       799      799.00
         0         0      4.67      2.80      1.67      2701       100      1750     1750.00     1344.92
         0         0      3.61      2.31      1.56      4772       100      2757     2757.33     1987.10
         0         0      3.06      1.90      1.61      2967       100      2809     2809.75     1625.84
         0         0      3.78      2.02      1.87      1798       100      2607     2607.40     1478.94
         0         0      4.39      2.19      2.01      1158       100      2365     2365.83     1449.11
         0         0      4.58      3.03      1.51      5270       100      2780     2780.71     1718.96
         0         0      2.86      1.84      1.55      2153       100      2702     2702.25     1606.85
         0         0      2.72      1.45      1.88      1166       100      2531     2531.56     1587.91
         0         0      3.90      2.00      1.95      1164       100      2394     2394.80     1558.30

total elapsed seconds = 0.000000
average flips per second = -9223372036854775808
number solutions found = 10
final success rate = 100.000000
average length successful tries = 2394
mean flips until assign = 2394.800000
  variance = 2428303.733333
  standard deviation = 1558.301554
  standard error of mean = 492.778219
mean seconds until assign = 0.000000
  variance = 0.000000
  standard deviation = 0.000000
  standard error of mean = 0.000000
mean restarts until assign = 1.000000
  variance = 0.000000
  standard deviation = 0.000000
  standard error of mean = 0.000000
final noise level statistics
    statistics over all runs:
      overall mean average noise level = 3.730976
      overall mean noise std deviation = 2.168997
      overall ratio mean noise to mean std dev = 1.720139
    statistics on successful runs:
      successful mean average noise level = 3.730976
      successful mean noise std deviation = 2.168997
      successful ratio mean noise to mean std dev = 1.720139
    statistics on nonsuccessful runs:
      nonsuccessful mean average noise level = 0.000000
      nonsuccessful mean noise std deviation = 0.000000
      nonsuccessful ratio mean noise to mean std dev = 0.000000
ASSIGNMENT FOUND
Check and white a solution
time of whitening    freezing probability
8	 	 	 	1
7	 	 	 	1
8	 	 	 	1
1023	 	 	 	0.163333333
7	 	 	 	1
7	 	 	 	1
8	 	 	 	1
8	 	 	 	1
8	 	 	 	1
7	 	 	 	1
