START ALGORITHM:
I am going to build an instance with N: 1000 variables and 4200 clauses with a clause density equal to 4.2
START DYNAMIC-I BSP WITH r=0.9:
Decimation scorer: cert
END UNIT PROPAGATION
1000 4200 1.07176396 0.00107176396 4.2
1000 4200 1.07272089 0.00107272089 4.2
1000 4200 1.0733865 0.0010733865 4.2
1000 4200 1.07298161 0.00107298161 4.2
1000 4200 1.07241339 0.00107241339 4.2
1000 4200 1.07247562 0.00107247562 4.2
1000 4200 1.07274508 0.00107274508 4.2
1000 4200 1.07289907 0.00107289907 4.2
1000 4200 1.07282455 0.00107282455 4.2
999 4192 1.07276794 0.00107276794 4.1961962
999 4192 1.07286208 0.00107286208 4.1961962
999 4192 1.07280403 0.00107280403 4.1961962
999 4192 1.07271409 0.00107271409 4.1961962
999 4192 1.07273396 0.00107273396 4.1961962
999 4192 1.0727863 0.0010727863 4.1961962
999 4192 1.07277655 0.00107277655 4.1961962
999 4192 1.07275188 0.00107275188 4.1961962
999 4192 1.07274816 0.00107274816 4.1961962
999 4192 1.07276207 0.00107276207 4.1961962
998 4184 1.07274999 0.00107274999 4.19238477
998 4184 1.07274988 0.00107274988 4.19238477
998 4184 1.0727617 0.0010727617 4.19238477
998 4184 1.07277105 0.00107277105 4.19238477
998 4184 1.07276443 0.00107276443 4.19238477
998 4184 1.07275448 0.00107275448 4.19238477
998 4184 1.0727545 0.0010727545 4.19238477
998 4184 1.0727618 0.0010727618 4.19238477
998 4184 1.07276532 0.00107276532 4.19238477
998 4184 1.07276195 0.00107276195 4.19238477
997 4176 1.07274709 0.00107274709 4.1885657
997 4176 1.07274667 0.00107274667 4.1885657
997 4176 1.07274481 0.00107274481 4.1885657
997 4176 1.07274775 0.00107274775 4.1885657
997 4176 1.07274538 0.00107274538 4.1885657
997 4176 1.07274575 0.00107274575 4.1885657
997 4176 1.07274538 0.00107274538 4.1885657
997 4176 1.07274523 0.00107274523 4.1885657
997 4176 1.07274543 0.00107274543 4.1885657
997 4176 1.07274505 0.00107274505 4.1885657
996 4166 1.07211647 0.00107211647 4.18273092
996 4166 1.07211664 0.00107211664 4.18273092
996 4166 1.0721166 0.0010721166 4.18273092
996 4166 1.072117 0.001072117 4.18273092
996 4166 1.07211752 0.00107211752 4.18273092
996 4166 1.07211756 0.00107211756 4.18273092
996 4166 1.07211801 0.00107211801 4.18273092
996 4166 1.07211787 0.00107211787 4.18273092
996 4166 1.07211809 0.00107211809 4.18273092
996 4166 1.07211814 0.00107211814 4.18273092
995 4156 1.0714142 0.0010714142 4.17688442
995 4156 1.07141326 0.00107141326 4.17688442
995 4156 1.07141323 0.00107141323 4.17688442
995 4156 1.07141297 0.00107141297 4.17688442
995 4156 1.07141249 0.00107141249 4.17688442
995 4156 1.07141248 0.00107141248 4.17688442
995 4156 1.07141274 0.00107141274 4.17688442
995 4156 1.07141302 0.00107141302 4.17688442
995 4156 1.07141318 0.00107141318 4.17688442
995 4156 1.07141323 0.00107141323 4.17688442
994 4148 1.07054067 0.00107054067 4.17303823
994 4148 1.07054112 0.00107054112 4.17303823
994 4148 1.07054186 0.00107054186 4.17303823
994 4148 1.07054232 0.00107054232 4.17303823
994 4148 1.07054362 0.00107054362 4.17303823
994 4148 1.07054451 0.00107054451 4.17303823
994 4148 1.07054396 0.00107054396 4.17303823
994 4148 1.0705432 0.0010705432 4.17303823
994 4148 1.07054257 0.00107054257 4.17303823
994 4148 1.07054259 0.00107054259 4.17303823
993 4141 1.06928575 0.00106928575 4.17019134
993 4141 1.06928509 0.00106928509 4.17019134
993 4141 1.06928475 0.00106928475 4.17019134
993 4141 1.06928266 0.00106928266 4.17019134
993 4141 1.06928119 0.00106928119 4.17019134
993 4141 1.06928043 0.00106928043 4.17019134
993 4141 1.06928056 0.00106928056 4.17019134
993 4141 1.06928033 0.00106928033 4.17019134
993 4141 1.06928033 0.00106928033 4.17019134
993 4141 1.06928019 0.00106928019 4.17019134
992 4136 1.06786565 0.00106786565 4.16935484
992 4136 1.06786652 0.00106786652 4.16935484
992 4136 1.06786697 0.00106786697 4.16935484
992 4136 1.06786432 0.00106786432 4.16935484
992 4136 1.06786682 0.00106786682 4.16935484
992 4136 1.06787141 0.00106787141 4.16935484
992 4136 1.06787515 0.00106787515 4.16935484
992 4136 1.06787533 0.00106787533 4.16935484
992 4136 1.06787868 0.00106787868 4.16935484
992 4136 1.06787778 0.00106787778 4.16935484
991 4122 1.06581055 0.00106581055 4.15943491
991 4122 1.06580391 0.00106580391 4.15943491
991 4122 1.06579584 0.00106579584 4.15943491
991 4122 1.0657899 0.0010657899 4.15943491
991 4122 1.06578695 0.00106578695 4.15943491
991 4122 1.06578614 0.00106578614 4.15943491
991 4122 1.06578681 0.00106578681 4.15943491
991 4122 1.0657878 0.0010657878 4.15943491
991 4122 1.06578775 0.00106578775 4.15943491
991 4122 1.06578712 0.00106578712 4.15943491
990 4114 1.06311025 0.00106311025 4.15555556
990 4114 1.0631144 0.0010631144 4.15555556
990 4114 1.06311658 0.00106311658 4.15555556
990 4114 1.06311932 0.00106311932 4.15555556
990 4114 1.06312276 0.00106312276 4.15555556
990 4114 1.06312427 0.00106312427 4.15555556
990 4114 1.06312644 0.00106312644 4.15555556
990 4114 1.06312983 0.00106312983 4.15555556
990 4114 1.06313071 0.00106313071 4.15555556
990 4114 1.06313281 0.00106313281 4.15555556
989 4101 1.06037672 0.00106037672 4.14661274
989 4101 1.06037061 0.00106037061 4.14661274
989 4101 1.06036527 0.00106036527 4.14661274
989 4101 1.06036559 0.00106036559 4.14661274
989 4101 1.06036383 0.00106036383 4.14661274
989 4101 1.06035927 0.00106035927 4.14661274
989 4101 1.06035574 0.00106035574 4.14661274
989 4101 1.06035288 0.00106035288 4.14661274
989 4101 1.0603485 0.0010603485 4.14661274
989 4101 1.06034493 0.00106034493 4.14661274
988 4092 1.05741899 0.00105741899 4.1417004
988 4092 1.05742091 0.00105742091 4.1417004
988 4092 1.05742588 0.00105742588 4.1417004
988 4092 1.05743566 0.00105743566 4.1417004
988 4092 1.05743887 0.00105743887 4.1417004
988 4092 1.0574169 0.0010574169 4.1417004
988 4092 1.05743554 0.00105743554 4.1417004
988 4092 1.05742125 0.00105742125 4.1417004
988 4092 1.05742947 0.00105742947 4.1417004
988 4092 1.0574504 0.0010574504 4.1417004
987 4080 1.05440364 0.00105440364 4.1337386
987 4080 1.05439915 0.00105439915 4.1337386
987 4080 1.05442247 0.00105442247 4.1337386
987 4080 1.05439026 0.00105439026 4.1337386
987 4080 1.05438937 0.00105438937 4.1337386
987 4080 1.05440665 0.00105440665 4.1337386
987 4080 1.05441406 0.00105441406 4.1337386
987 4080 1.05441379 0.00105441379 4.1337386
987 4080 1.05441393 0.00105441393 4.1337386
987 4080 1.05441013 0.00105441013 4.1337386
986 4067 1.05136636 0.00105136636 4.12474645
986 4067 1.05136966 0.00105136966 4.12474645
986 4067 1.05138204 0.00105138204 4.12474645
986 4067 1.05138456 0.00105138456 4.12474645
986 4067 1.05138234 0.00105138234 4.12474645
986 4067 1.05138328 0.00105138328 4.12474645
986 4067 1.051386 0.001051386 4.12474645
986 4067 1.05138751 0.00105138751 4.12474645
986 4067 1.05138717 0.00105138717 4.12474645
986 4067 1.05138597 0.00105138597 4.12474645
985 4061 1.04819825 0.00104819825 4.12284264
985 4061 1.04818708 0.00104818708 4.12284264
985 4061 1.04818193 0.00104818193 4.12284264
985 4061 1.04816524 0.00104816524 4.12284264
985 4061 1.04815736 0.00104815736 4.12284264
985 4061 1.04816297 0.00104816297 4.12284264
985 4061 1.04816613 0.00104816613 4.12284264
985 4061 1.04817401 0.00104817401 4.12284264
985 4061 1.04817715 0.00104817715 4.12284264
985 4061 1.04817819 0.00104817819 4.12284264
984 4054 1.04485836 0.00104485836 4.1199187
984 4054 1.04486731 0.00104486731 4.1199187
984 4054 1.04486981 0.00104486981 4.1199187
984 4054 1.0448728 0.0010448728 4.1199187
984 4054 1.0448779 0.0010448779 4.1199187
984 4054 1.04487854 0.00104487854 4.1199187
984 4054 1.04488046 0.00104488046 4.1199187
984 4054 1.04487847 0.00104487847 4.1199187
984 4054 1.0448786 0.0010448786 4.1199187
984 4054 1.04487715 0.00104487715 4.1199187
983 4043 1.04142545 0.00104142545 4.11291963
983 4043 1.04139761 0.00104139761 4.11291963
983 4043 1.04139698 0.00104139698 4.11291963
983 4043 1.041399 0.001041399 4.11291963
983 4043 1.04140301 0.00104140301 4.11291963
983 4043 1.04140153 0.00104140153 4.11291963
983 4043 1.04140229 0.00104140229 4.11291963
983 4043 1.04140428 0.00104140428 4.11291963
983 4043 1.04140438 0.00104140438 4.11291963
983 4043 1.0414048 0.0010414048 4.11291963
982 4037 1.03759857 0.00103759857 4.11099796
982 4037 1.03761195 0.00103761195 4.11099796
982 4037 1.03762277 0.00103762277 4.11099796
982 4037 1.03759575 0.00103759575 4.11099796
982 4037 1.03759509 0.00103759509 4.11099796
982 4037 1.0375932 0.0010375932 4.11099796
982 4037 1.03759131 0.00103759131 4.11099796
982 4037 1.03758138 0.00103758138 4.11099796
982 4037 1.03757521 0.00103757521 4.11099796
982 4037 1.0375723 0.0010375723 4.11099796
981 4026 1.03328313 0.00103328313 4.10397554
981 4026 1.03328502 0.00103328502 4.10397554
981 4026 1.03327614 0.00103327614 4.10397554
981 4026 1.03327334 0.00103327334 4.10397554
981 4026 1.03327396 0.00103327396 4.10397554
981 4026 1.03335895 0.00103335895 4.10397554
981 4026 1.03338364 0.00103338364 4.10397554
981 4026 1.03331661 0.00103331661 4.10397554
981 4026 1.03324296 0.00103324296 4.10397554
981 4026 1.03324386 0.00103324386 4.10397554
980 4013 1.0289945 0.0010289945 4.09489796
980 4017 1.02911752 0.00102911752 4.09897959
980 4017 1.02907557 0.00102907557 4.09897959
980 4017 1.02896201 0.00102896201 4.09897959
980 4017 1.02893713 0.00102893713 4.09897959
980 4017 1.02897119 0.00102897119 4.09897959
980 4017 1.02904781 0.00102904781 4.09897959
980 4017 1.02908815 0.00102908815 4.09897959
980 4017 1.02911005 0.00102911005 4.09897959
980 4017 1.02907426 0.00102907426 4.09897959
979 4004 1.0248215 0.0010248215 4.08988764
979 4004 1.02477595 0.00102477595 4.08988764
979 4004 1.02481348 0.00102481348 4.08988764
979 4004 1.02480832 0.00102480832 4.08988764
979 4004 1.02481196 0.00102481196 4.08988764
979 4004 1.02480473 0.00102480473 4.08988764
979 4004 1.02480025 0.00102480025 4.08988764
979 4004 1.02479292 0.00102479292 4.08988764
979 4004 1.02479214 0.00102479214 4.08988764
979 4004 1.02478676 0.00102478676 4.08988764
978 4000 1.02049003 0.00102049003 4.08997955
978 4000 1.02050197 0.00102050197 4.08997955
978 4000 1.02052734 0.00102052734 4.08997955
978 4000 1.02052138 0.00102052138 4.08997955
978 4000 1.02052039 0.00102052039 4.08997955
978 4000 1.02053119 0.00102053119 4.08997955
978 4000 1.02053834 0.00102053834 4.08997955
978 4000 1.02054419 0.00102054419 4.08997955
978 4000 1.02053848 0.00102053848 4.08997955
978 4000 1.02053633 0.00102053633 4.08997955
977 3988 1.01545932 0.00101545932 4.08188332
977 3988 1.01546834 0.00101546834 4.08188332
977 3988 1.01551411 0.00101551411 4.08188332
977 3988 1.01550309 0.00101550309 4.08188332
977 3988 1.01550318 0.00101550318 4.08188332
977 3988 1.01551213 0.00101551213 4.08188332
977 3988 1.01552704 0.00101552704 4.08188332
977 3988 1.01554115 0.00101554115 4.08188332
977 3988 1.01555149 0.00101555149 4.08188332
977 3988 1.01555856 0.00101555856 4.08188332
976 3983 1.01028311 0.00101028311 4.08094262
976 3983 1.01021667 0.00101021667 4.08094262
976 3983 1.01024306 0.00101024306 4.08094262
976 3983 1.01024826 0.00101024826 4.08094262
976 3983 1.01023355 0.00101023355 4.08094262
976 3983 1.01022084 0.00101022084 4.08094262
976 3983 1.01021185 0.00101021185 4.08094262
976 3983 1.01020287 0.00101020287 4.08094262
976 3983 1.01018901 0.00101018901 4.08094262
976 3983 1.01017823 0.00101017823 4.08094262
975 3972 1.00483699 0.00100483699 4.07384615
975 3972 1.00478523 0.00100478523 4.07384615
975 3972 1.00479174 0.00100479174 4.07384615
975 3972 1.00481398 0.00100481398 4.07384615
975 3972 1.00481838 0.00100481838 4.07384615
975 3972 1.00483136 0.00100483136 4.07384615
975 3972 1.00482734 0.00100482734 4.07384615
975 3972 1.00482836 0.00100482836 4.07384615
975 3972 1.00482889 0.00100482889 4.07384615
975 3972 1.00482843 0.00100482843 4.07384615
974 3959 0.999403448 0.000999403448 4.06468172
974 3959 0.99939954 0.00099939954 4.06468172
974 3959 0.999367693 0.000999367693 4.06468172
974 3959 0.999368034 0.000999368034 4.06468172
974 3959 0.999365078 0.000999365078 4.06468172
974 3959 0.999379427 0.000999379427 4.06468172
974 3959 0.99939613 0.00099939613 4.06468172
974 3959 0.999393568 0.000999393568 4.06468172
974 3959 0.999393674 0.000999393674 4.06468172
974 3959 0.999394014 0.000999394014 4.06468172
973 3956 0.993651804 0.000993651804 4.06577595
973 3956 0.993702686 0.000993702686 4.06577595
973 3956 0.993688328 0.000993688328 4.06577595
973 3956 0.993664051 0.000993664051 4.06577595
973 3956 0.993644337 0.000993644337 4.06577595
973 3956 0.993649681 0.000993649681 4.06577595
973 3956 0.993656498 0.000993656498 4.06577595
973 3956 0.993655462 0.000993655462 4.06577595
973 3956 0.993657101 0.000993657101 4.06577595
973 3956 0.993653552 0.000993653552 4.06577595
972 3947 0.987778174 0.000987778174 4.06069959
972 3947 0.987764186 0.000987764186 4.06069959
972 3947 0.987802211 0.000987802211 4.06069959
972 3947 0.987834559 0.000987834559 4.06069959
972 3947 0.987867812 0.000987867812 4.06069959
972 3947 0.987883512 0.000987883512 4.06069959
972 3947 0.98790149 0.00098790149 4.06069959
972 3947 0.98790706 0.00098790706 4.06069959
972 3947 0.987910674 0.000987910674 4.06069959
972 3947 0.987914426 0.000987914426 4.06069959
971 3940 0.981901459 0.000981901459 4.0576725
971 3940 0.981817112 0.000981817112 4.0576725
971 3940 0.981799568 0.000981799568 4.0576725
971 3940 0.981778561 0.000981778561 4.0576725
971 3940 0.981770305 0.000981770305 4.0576725
971 3940 0.981766179 0.000981766179 4.0576725
971 3940 0.981768833 0.000981768833 4.0576725
971 3940 0.981765404 0.000981765404 4.0576725
971 3940 0.981756636 0.000981756636 4.0576725
971 3940 0.981753385 0.000981753385 4.0576725
970 3935 0.975413169 0.000975413169 4.05670103
970 3935 0.975432829 0.000975432829 4.05670103
970 3935 0.975469612 0.000975469612 4.05670103
970 3935 0.975467036 0.000975467036 4.05670103
970 3935 0.975476701 0.000975476701 4.05670103
970 3935 0.975476089 0.000975476089 4.05670103
970 3935 0.975466678 0.000975466678 4.05670103
970 3935 0.97545561 0.00097545561 4.05670103
970 3935 0.975441903 0.000975441903 4.05670103
970 3935 0.975444119 0.000975444119 4.05670103
969 3927 0.968915475 0.000968915475 4.05263158
969 3927 0.968890261 0.000968890261 4.05263158
969 3927 0.968904488 0.000968904488 4.05263158
969 3927 0.968903996 0.000968903996 4.05263158
969 3927 0.968805199 0.000968805199 4.05263158
969 3927 0.969016378 0.000969016378 4.05263158
969 3927 0.968849336 0.000968849336 4.05263158
969 3927 0.968691289 0.000968691289 4.05263158
969 3927 0.968850758 0.000968850758 4.05263158
969 3927 0.968801337 0.000968801337 4.05263158
968 3917 0.962070028 0.000962070028 4.0464876
968 3917 0.961939138 0.000961939138 4.0464876
968 3917 0.96202384 0.00096202384 4.0464876
968 3922 0.962063614 0.000962063614 4.05165289
968 3917 0.962000489 0.000962000489 4.0464876
968 3922 0.962035595 0.000962035595 4.05165289
968 3917 0.961999116 0.000961999116 4.0464876
968 3917 0.962028653 0.000962028653 4.0464876
968 3922 0.962062275 0.000962062275 4.05165289
968 3917 0.961927214 0.000961927214 4.0464876
967 3912 0.955172962 0.000955172962 4.04550155
967 3912 0.955206176 0.000955206176 4.04550155
967 3912 0.955215695 0.000955215695 4.04550155
967 3912 0.955216888 0.000955216888 4.04550155
967 3912 0.955228523 0.000955228523 4.04550155
967 3912 0.955226144 0.000955226144 4.04550155
967 3912 0.955234834 0.000955234834 4.04550155
967 3912 0.955236301 0.000955236301 4.04550155
967 3912 0.955244219 0.000955244219 4.04550155
967 3912 0.955246325 0.000955246325 4.04550155
966 3902 0.947951649 0.000947951649 4.03933747
966 3902 0.947920313 0.000947920313 4.03933747
966 3902 0.947958823 0.000947958823 4.03933747
966 3902 0.948044639 0.000948044639 4.03933747
966 3902 0.947788034 0.000947788034 4.03933747
966 3902 0.947962856 0.000947962856 4.03933747
966 3902 0.947939136 0.000947939136 4.03933747
966 3902 0.947993375 0.000947993375 4.03933747
966 3902 0.9481034 0.0009481034 4.03933747
966 3902 0.948062643 0.000948062643 4.03933747
965 3897 0.940212288 0.000940212288 4.03834197
965 3897 0.940432043 0.000940432043 4.03834197
965 3897 0.940444904 0.000940444904 4.03834197
965 3897 0.940447602 0.000940447602 4.03834197
965 3897 0.940386976 0.000940386976 4.03834197
965 3897 0.94051081 0.00094051081 4.03834197
965 3897 0.940484315 0.000940484315 4.03834197
965 3897 0.940532259 0.000940532259 4.03834197
965 3897 0.940498265 0.000940498265 4.03834197
965 3897 0.94049193 0.00094049193 4.03834197
964 3889 0.933014475 0.000933014475 4.03423237
964 3889 0.933014606 0.000933014606 4.03423237
964 3889 0.932990835 0.000932990835 4.03423237
964 3889 0.933016687 0.000933016687 4.03423237
964 3889 0.933006438 0.000933006438 4.03423237
964 3889 0.933002299 0.000933002299 4.03423237
964 3889 0.933010072 0.000933010072 4.03423237
964 3889 0.933008852 0.000933008852 4.03423237
964 3889 0.933005398 0.000933005398 4.03423237
964 3889 0.933007577 0.000933007577 4.03423237
963 3882 0.925484151 0.000925484151 4.03115265
963 3882 0.925440606 0.000925440606 4.03115265
963 3882 0.925508939 0.000925508939 4.03115265
963 3882 0.925529398 0.000925529398 4.03115265
963 3882 0.925521185 0.000925521185 4.03115265
963 3882 0.925514934 0.000925514934 4.03115265
963 3882 0.925498663 0.000925498663 4.03115265
963 3882 0.925467693 0.000925467693 4.03115265
963 3882 0.925439123 0.000925439123 4.03115265
963 3882 0.925429588 0.000925429588 4.03115265
962 3875 0.917565035 0.000917565035 4.02806653
962 3879 0.917772011 0.000917772011 4.03222453
962 3879 0.917711569 0.000917711569 4.03222453
962 3879 0.917801651 0.000917801651 4.03222453
962 3879 0.917764 0.000917764 4.03222453
962 3879 0.917753854 0.000917753854 4.03222453
962 3879 0.917759906 0.000917759906 4.03222453
962 3879 0.917761849 0.000917761849 4.03222453
962 3879 0.91776332 0.00091776332 4.03222453
962 3879 0.917768427 0.000917768427 4.03222453
961 3872 0.910258668 0.000910258668 4.02913632
961 3872 0.910269223 0.000910269223 4.02913632
961 3872 0.910285151 0.000910285151 4.02913632
961 3872 0.910300322 0.000910300322 4.02913632
961 3872 0.910305809 0.000910305809 4.02913632
961 3872 0.910287141 0.000910287141 4.02913632
961 3872 0.910268045 0.000910268045 4.02913632
961 3872 0.910264143 0.000910264143 4.02913632
961 3872 0.910262931 0.000910262931 4.02913632
961 3872 0.910267195 0.000910267195 4.02913632
960 3862 0.902205693 0.000902205693 4.02291667
960 3862 0.902277895 0.000902277895 4.02291667
960 3862 0.902212398 0.000902212398 4.02291667
960 3862 0.902224347 0.000902224347 4.02291667
960 3862 0.902166116 0.000902166116 4.02291667
960 3862 0.902209415 0.000902209415 4.02291667
960 3862 0.902156573 0.000902156573 4.02291667
960 3862 0.902247563 0.000902247563 4.02291667
960 3862 0.902318149 0.000902318149 4.02291667
960 3862 0.90229163 0.00090229163 4.02291667
959 3856 0.89327241 0.00089327241 4.02085506
959 3857 0.893512519 0.000893512519 4.02189781
959 3857 0.893530699 0.000893530699 4.02189781
959 3857 0.893521942 0.000893521942 4.02189781
959 3857 0.893458616 0.000893458616 4.02189781
959 3857 0.893454226 0.000893454226 4.02189781
959 3857 0.893447056 0.000893447056 4.02189781
959 3857 0.893457192 0.000893457192 4.02189781
959 3857 0.893444483 0.000893444483 4.02189781
959 3857 0.893438476 0.000893438476 4.02189781
958 3847 0.885377654 0.000885377654 4.01565762
958 3847 0.885444565 0.000885444565 4.01565762
958 3847 0.885373139 0.000885373139 4.01565762
958 3847 0.88538614 0.00088538614 4.01565762
958 3847 0.885431537 0.000885431537 4.01565762
958 3847 0.88545972 0.00088545972 4.01565762
958 3847 0.885479365 0.000885479365 4.01565762
958 3847 0.88550358 0.00088550358 4.01565762
958 3847 0.885511666 0.000885511666 4.01565762
958 3847 0.885511785 0.000885511785 4.01565762
957 3838 0.876756677 0.000876756677 4.01044932
957 3838 0.876629484 0.000876629484 4.01044932
957 3838 0.876574329 0.000876574329 4.01044932
957 3838 0.876532821 0.000876532821 4.01044932
957 3838 0.876545165 0.000876545165 4.01044932
957 3838 0.876602484 0.000876602484 4.01044932
957 3838 0.876632218 0.000876632218 4.01044932
957 3838 0.876664416 0.000876664416 4.01044932
957 3838 0.876675757 0.000876675757 4.01044932
957 3838 0.876648333 0.000876648333 4.01044932
956 3831 0.867818438 0.000867818438 4.00732218
956 3831 0.867878105 0.000867878105 4.00732218
956 3831 0.867747045 0.000867747045 4.00732218
956 3831 0.867813604 0.000867813604 4.00732218
956 3831 0.867888403 0.000867888403 4.00732218
956 3831 0.867948161 0.000867948161 4.00732218
956 3831 0.867955804 0.000867955804 4.00732218
956 3831 0.867975997 0.000867975997 4.00732218
956 3831 0.867973191 0.000867973191 4.00732218
956 3831 0.867977965 0.000867977965 4.00732218
955 3820 0.858950784 0.000858950784 4
955 3820 0.858673251 0.000858673251 4
955 3820 0.858649221 0.000858649221 4
955 3820 0.858867072 0.000858867072 4
955 3820 0.858771616 0.000858771616 4
955 3820 0.858724907 0.000858724907 4
955 3820 0.858843186 0.000858843186 4
955 3820 0.858809604 0.000858809604 4
955 3820 0.85874902 0.00085874902 4
955 3820 0.858884881 0.000858884881 4
954 3806 0.849580961 0.000849580961 3.98951782
954 3806 0.849680462 0.000849680462 3.98951782
954 3806 0.849487956 0.000849487956 3.98951782
954 3806 0.84954603 0.00084954603 3.98951782
954 3806 0.849518448 0.000849518448 3.98951782
954 3806 0.849497075 0.000849497075 3.98951782
954 3806 0.849490417 0.000849490417 3.98951782
954 3806 0.849506042 0.000849506042 3.98951782
954 3806 0.849527646 0.000849527646 3.98951782
954 3806 0.849519355 0.000849519355 3.98951782
953 3798 0.840079139 0.000840079139 3.98530955
953 3798 0.840102015 0.000840102015 3.98530955
953 3798 0.840114302 0.000840114302 3.98530955
953 3798 0.840151062 0.000840151062 3.98530955
953 3798 0.840157565 0.000840157565 3.98530955
953 3798 0.840157068 0.000840157068 3.98530955
953 3798 0.840157896 0.000840157896 3.98530955
953 3798 0.840151735 0.000840151735 3.98530955
953 3798 0.840149318 0.000840149318 3.98530955
953 3798 0.840147113 0.000840147113 3.98530955
952 3790 0.830240245 0.000830240245 3.98109244
952 3793 0.83335415 0.00083335415 3.9842437
952 3793 0.833151478 0.000833151478 3.9842437
952 3793 0.833211056 0.000833211056 3.9842437
952 3793 0.833222957 0.000833222957 3.9842437
952 3793 0.833198156 0.000833198156 3.9842437
952 3793 0.833198589 0.000833198589 3.9842437
952 3793 0.833177974 0.000833177974 3.9842437
952 3793 0.833183929 0.000833183929 3.9842437
952 3793 0.833195075 0.000833195075 3.9842437
951 3785 0.823761752 0.000823761752 3.98002103
951 3785 0.823874788 0.000823874788 3.98002103
951 3785 0.823893088 0.000823893088 3.98002103
951 3785 0.823984006 0.000823984006 3.98002103
951 3785 0.823993158 0.000823993158 3.98002103
951 3785 0.823979827 0.000823979827 3.98002103
951 3785 0.823994991 0.000823994991 3.98002103
951 3785 0.824032638 0.000824032638 3.98002103
951 3785 0.824038999 0.000824038999 3.98002103
951 3785 0.824044653 0.000824044653 3.98002103
950 3776 0.813520206 0.000813520206 3.97473684
950 3776 0.813418656 0.000813418656 3.97473684
950 3776 0.813299637 0.000813299637 3.97473684
950 3776 0.813230346 0.000813230346 3.97473684
950 3776 0.813328221 0.000813328221 3.97473684
950 3776 0.81332946 0.00081332946 3.97473684
950 3776 0.813330894 0.000813330894 3.97473684
950 3776 0.813322926 0.000813322926 3.97473684
950 3776 0.813345754 0.000813345754 3.97473684
950 3776 0.813326384 0.000813326384 3.97473684
949 3768 0.802540718 0.000802540718 3.97049526
949 3767 0.80804722 0.00080804722 3.96944152
949 3767 0.807806057 0.000807806057 3.96944152
949 3767 0.807979945 0.000807979945 3.96944152
949 3767 0.807790543 0.000807790543 3.96944152
949 3767 0.807979519 0.000807979519 3.96944152
949 3767 0.807991638 0.000807991638 3.96944152
949 3767 0.808057433 0.000808057433 3.96944152
949 3767 0.808027181 0.000808027181 3.96944152
949 3767 0.808095172 0.000808095172 3.96944152
948 3758 0.797633712 0.000797633712 3.96413502
948 3758 0.797471992 0.000797471992 3.96413502
948 3758 0.797393507 0.000797393507 3.96413502
948 3758 0.79744326 0.00079744326 3.96413502
948 3758 0.797426263 0.000797426263 3.96413502
948 3758 0.797417423 0.000797417423 3.96413502
948 3758 0.797420101 0.000797420101 3.96413502
948 3758 0.797423705 0.000797423705 3.96413502
948 3758 0.797420894 0.000797420894 3.96413502
948 3758 0.797419677 0.000797419677 3.96413502
947 3753 0.786942131 0.000786942131 3.96304118
947 3753 0.794211618 0.000794211618 3.96304118
947 3753 0.794118229 0.000794118229 3.96304118
947 3753 0.794112997 0.000794112997 3.96304118
947 3753 0.794171041 0.000794171041 3.96304118
947 3753 0.794214217 0.000794214217 3.96304118
947 3753 0.794257069 0.000794257069 3.96304118
947 3753 0.794280395 0.000794280395 3.96304118
947 3753 0.794324424 0.000794324424 3.96304118
947 3753 0.794314424 0.000794314424 3.96304118
946 3744 0.784120379 0.000784120379 3.9577167
946 3744 0.784020006 0.000784020006 3.9577167
946 3744 0.78397395 0.00078397395 3.9577167
946 3744 0.783933691 0.000783933691 3.9577167
946 3744 0.783872338 0.000783872338 3.9577167
946 3744 0.783874766 0.000783874766 3.9577167
946 3744 0.783850562 0.000783850562 3.9577167
946 3744 0.783859756 0.000783859756 3.9577167
946 3744 0.783859854 0.000783859854 3.9577167
946 3744 0.783869114 0.000783869114 3.9577167
945 3735 0.772879169 0.000772879169 3.95238095
945 3735 0.772794651 0.000772794651 3.95238095
945 3737 0.772766982 0.000772766982 3.95449735
945 3733 0.775631842 0.000775631842 3.95026455
945 3733 0.775506097 0.000775506097 3.95026455
945 3733 0.775608931 0.000775608931 3.95026455
945 3733 0.775728739 0.000775728739 3.95026455
945 3733 0.775762517 0.000775762517 3.95026455
945 3733 0.775769116 0.000775769116 3.95026455
945 3733 0.775793375 0.000775793375 3.95026455
944 3724 0.765760839 0.000765760839 3.94491525
944 3724 0.76561024 0.00076561024 3.94491525
944 3724 0.765631473 0.000765631473 3.94491525
944 3724 0.765702396 0.000765702396 3.94491525
944 3724 0.765615811 0.000765615811 3.94491525
944 3724 0.765549574 0.000765549574 3.94491525
944 3724 0.765489902 0.000765489902 3.94491525
944 3724 0.765465454 0.000765465454 3.94491525
944 3724 0.765476537 0.000765476537 3.94491525
944 3724 0.765488887 0.000765488887 3.94491525
943 3716 0.755187323 0.000755187323 3.94061506
943 3719 0.756420355 0.000756420355 3.94379639
943 3713 0.756385218 0.000756385218 3.93743372
943 3713 0.756442451 0.000756442451 3.93743372
943 3713 0.756531269 0.000756531269 3.93743372
943 3713 0.756533144 0.000756533144 3.93743372
943 3719 0.756452224 0.000756452224 3.94379639
943 3713 0.756494041 0.000756494041 3.93743372
943 3714 0.756476316 0.000756476316 3.93849417
943 3719 0.756353211 0.000756353211 3.94379639
942 3705 0.74752872 0.00074752872 3.93312102
942 3705 0.747545487 0.000747545487 3.93312102
942 3705 0.747515639 0.000747515639 3.93312102
942 3705 0.747506402 0.000747506402 3.93312102
942 3705 0.74750882 0.00074750882 3.93312102
942 3705 0.747499382 0.000747499382 3.93312102
942 3705 0.747499027 0.000747499027 3.93312102
942 3705 0.747496302 0.000747496302 3.93312102
942 3705 0.747505711 0.000747505711 3.93312102
942 3705 0.747512618 0.000747512618 3.93312102
941 3696 0.736570824 0.000736570824 3.92773645
941 3696 0.736584928 0.000736584928 3.92773645
941 3696 0.7366006 0.0007366006 3.92773645
941 3696 0.736852477 0.000736852477 3.92773645
941 3696 0.736387743 0.000736387743 3.92773645
941 3696 0.736382898 0.000736382898 3.92773645
941 3696 0.736657335 0.000736657335 3.92773645
941 3696 0.736741063 0.000736741063 3.92773645
941 3696 0.736352915 0.000736352915 3.92773645
941 3696 0.736571017 0.000736571017 3.92773645
940 3684 0.724253259 0.000724253259 3.91914894
940 3684 0.724140738 0.000724140738 3.91914894
940 3684 0.724230511 0.000724230511 3.91914894
940 3684 0.724214939 0.000724214939 3.91914894
940 3684 0.724242732 0.000724242732 3.91914894
940 3684 0.7242635 0.0007242635 3.91914894
940 3684 0.724279422 0.000724279422 3.91914894
940 3684 0.724269717 0.000724269717 3.91914894
940 3684 0.724251255 0.000724251255 3.91914894
940 3684 0.72425355 0.00072425355 3.91914894
939 3675 0.711981692 0.000711981692 3.91373802
939 3682 0.715297088 0.000715297088 3.92119276
939 3682 0.715563325 0.000715563325 3.92119276
939 3682 0.715551004 0.000715551004 3.92119276
939 3682 0.715628918 0.000715628918 3.92119276
939 3682 0.715632202 0.000715632202 3.92119276
939 3682 0.715632944 0.000715632944 3.92119276
939 3682 0.715683555 0.000715683555 3.92119276
939 3682 0.715670871 0.000715670871 3.92119276
939 3682 0.715632053 0.000715632053 3.92119276
938 3670 0.703781251 0.000703781251 3.91257996
938 3670 0.703530653 0.000703530653 3.91257996
938 3670 0.703353927 0.000703353927 3.91257996
938 3670 0.703239002 0.000703239002 3.91257996
938 3670 0.703211829 0.000703211829 3.91257996
938 3670 0.70322832 0.00070322832 3.91257996
938 3670 0.703275588 0.000703275588 3.91257996
938 3670 0.703318918 0.000703318918 3.91257996
938 3670 0.70331043 0.00070331043 3.91257996
938 3670 0.703323415 0.000703323415 3.91257996
937 3663 0.691025127 0.000691025127 3.90928495
937 3663 0.691161726 0.000691161726 3.90928495
937 3663 0.691142833 0.000691142833 3.90928495
937 3663 0.691099778 0.000691099778 3.90928495
937 3663 0.691138616 0.000691138616 3.90928495
937 3663 0.691127498 0.000691127498 3.90928495
937 3663 0.691137571 0.000691137571 3.90928495
937 3663 0.691114841 0.000691114841 3.90928495
937 3663 0.691119358 0.000691119358 3.90928495
937 3663 0.69111829 0.00069111829 3.90928495
936 3655 0.678511291 0.000678511291 3.90491453
936 3655 0.67852976 0.00067852976 3.90491453
936 3655 0.678230129 0.000678230129 3.90491453
936 3655 0.678317133 0.000678317133 3.90491453
936 3655 0.678412427 0.000678412427 3.90491453
936 3655 0.678402637 0.000678402637 3.90491453
936 3655 0.678413917 0.000678413917 3.90491453
936 3655 0.678389883 0.000678389883 3.90491453
936 3655 0.678394806 0.000678394806 3.90491453
936 3655 0.678407927 0.000678407927 3.90491453
935 3648 0.665907809 0.000665907809 3.90160428
935 3651 0.666150459 0.000666150459 3.90481283
935 3651 0.665498457 0.000665498457 3.90481283
935 3648 0.66610865 0.00066610865 3.90160428
935 3648 0.666031217 0.000666031217 3.90160428
935 3648 0.665974596 0.000665974596 3.90160428
935 3648 0.666030073 0.000666030073 3.90160428
935 3648 0.666020498 0.000666020498 3.90160428
935 3648 0.666070028 0.000666070028 3.90160428
935 3648 0.666081335 0.000666081335 3.90160428
934 3644 0.653152901 0.000653152901 3.90149893
934 3644 0.65314812 0.00065314812 3.90149893
934 3644 0.653261302 0.000653261302 3.90149893
934 3644 0.653270448 0.000653270448 3.90149893
934 3639 0.653024733 0.000653024733 3.89614561
934 3644 0.653011208 0.000653011208 3.90149893
934 3638 0.653249883 0.000653249883 3.89507495
934 3640 0.65559042 0.00065559042 3.89721627
934 3640 0.655370723 0.000655370723 3.89721627
934 3640 0.655448677 0.000655448677 3.89721627
933 3633 0.643224262 0.000643224262 3.89389068
933 3633 0.643392313 0.000643392313 3.89389068
933 3633 0.643133189 0.000643133189 3.89389068
933 3633 0.643285811 0.000643285811 3.89389068
933 3633 0.643215162 0.000643215162 3.89389068
933 3633 0.64330026 0.00064330026 3.89389068
933 3633 0.64327528 0.00064327528 3.89389068
933 3633 0.643232411 0.000643232411 3.89389068
933 3633 0.643219052 0.000643219052 3.89389068
933 3633 0.64323815 0.00064323815 3.89389068
932 3629 0.630395984 0.000630395984 3.89377682
932 3624 0.630390671 0.000630390671 3.88841202
932 3629 0.630256287 0.000630256287 3.89377682
932 3624 0.630469888 0.000630469888 3.88841202
932 3629 0.630439482 0.000630439482 3.89377682
932 3629 0.6303695 0.0006303695 3.89377682
932 3624 0.630410906 0.000630410906 3.88841202
932 3624 0.630440503 0.000630440503 3.88841202
932 3629 0.630408741 0.000630408741 3.89377682
932 3624 0.630296282 0.000630296282 3.88841202
931 3620 0.617575618 0.000617575618 3.88829216
931 3620 0.617575264 0.000617575264 3.88829216
931 3620 0.617680373 0.000617680373 3.88829216
931 3620 0.617562211 0.000617562211 3.88829216
931 3620 0.617549158 0.000617549158 3.88829216
931 3620 0.617553551 0.000617553551 3.88829216
931 3620 0.617568089 0.000617568089 3.88829216
931 3620 0.617551898 0.000617551898 3.88829216
931 3620 0.617597879 0.000617597879 3.88829216
931 3620 0.61756732 0.00061756732 3.88829216
930 3614 0.604097784 0.000604097784 3.88602151
930 3609 0.612798514 0.000612798514 3.88064516
930 3609 0.612731748 0.000612731748 3.88064516
930 3609 0.612658614 0.000612658614 3.88064516
930 3609 0.61255242 0.00061255242 3.88064516
930 3609 0.612587929 0.000612587929 3.88064516
930 3609 0.612626023 0.000612626023 3.88064516
930 3609 0.612670491 0.000612670491 3.88064516
930 3609 0.612702389 0.000612702389 3.88064516
930 3609 0.612686097 0.000612686097 3.88064516
929 3605 0.5999189 0.0005999189 3.88051668
929 3605 0.599945852 0.000599945852 3.88051668
929 3605 0.599825378 0.000599825378 3.88051668
929 3605 0.599838921 0.000599838921 3.88051668
929 3605 0.599906839 0.000599906839 3.88051668
929 3605 0.599948063 0.000599948063 3.88051668
929 3605 0.599936753 0.000599936753 3.88051668
929 3605 0.599923708 0.000599923708 3.88051668
929 3605 0.59992278 0.00059992278 3.88051668
929 3605 0.599921342 0.000599921342 3.88051668
928 3598 0.586931157 0.000586931157 3.87715517
928 3598 0.586839935 0.000586839935 3.87715517
928 3595 0.586792965 0.000586792965 3.87392241
928 3598 0.586964638 0.000586964638 3.87715517
928 3598 0.587049071 0.000587049071 3.87715517
928 3598 0.58701027 0.00058701027 3.87715517
928 3598 0.587038811 0.000587038811 3.87715517
928 3598 0.587008632 0.000587008632 3.87715517
928 3598 0.586992205 0.000586992205 3.87715517
928 3598 0.586999588 0.000586999588 3.87715517
927 3591 0.574036129 0.000574036129 3.87378641
927 3591 0.573948014 0.000573948014 3.87378641
927 3591 0.573950782 0.000573950782 3.87378641
927 3591 0.573881256 0.000573881256 3.87378641
927 3591 0.574060906 0.000574060906 3.87378641
927 3591 0.574014348 0.000574014348 3.87378641
927 3591 0.574034361 0.000574034361 3.87378641
927 3591 0.574018898 0.000574018898 3.87378641
927 3591 0.574040148 0.000574040148 3.87378641
927 3591 0.574043689 0.000574043689 3.87378641
926 3584 0.560258169 0.000560258169 3.87041037
926 3584 0.560137278 0.000560137278 3.87041037
926 3584 0.560298287 0.000560298287 3.87041037
926 3584 0.560151644 0.000560151644 3.87041037
926 3584 0.560118632 0.000560118632 3.87041037
926 3584 0.560265218 0.000560265218 3.87041037
926 3584 0.56011765 0.00056011765 3.87041037
926 3584 0.56026453 0.00056026453 3.87041037
926 3584 0.560165204 0.000560165204 3.87041037
926 3584 0.560131096 0.000560131096 3.87041037
925 3575 0.545945086 0.000545945086 3.86486486
925 3577 0.545901784 0.000545901784 3.86702703
925 3575 0.546262169 0.000546262169 3.86486486
925 3575 0.54583936 0.00054583936 3.86486486
925 3577 0.546089415 0.000546089415 3.86702703
925 3575 0.54611961 0.00054611961 3.86486486
925 3577 0.545840824 0.000545840824 3.86702703
925 3575 0.546131444 0.000546131444 3.86486486
925 3575 0.545976244 0.000545976244 3.86486486
925 3577 0.545943178 0.000545943178 3.86702703
924 3568 0.531942422 0.000531942422 3.86147186
924 3568 0.531718725 0.000531718725 3.86147186
924 3566 0.531513707 0.000531513707 3.85930736
924 3569 0.532929297 0.000532929297 3.86255411
924 3569 0.53295646 0.00053295646 3.86255411
924 3569 0.532569049 0.000532569049 3.86255411
924 3569 0.533018442 0.000533018442 3.86255411
924 3569 0.532902992 0.000532902992 3.86255411
924 3569 0.532803775 0.000532803775 3.86255411
924 3569 0.53301548 0.00053301548 3.86255411
923 3560 0.518655433 0.000518655433 3.85698808
923 3562 0.51829618 0.00051829618 3.85915493
923 3560 0.518878059 0.000518878059 3.85698808
923 3560 0.518503138 0.000518503138 3.85698808
923 3562 0.518704972 0.000518704972 3.85915493
923 3560 0.518692793 0.000518692793 3.85698808
923 3562 0.518419478 0.000518419478 3.85915493
923 3560 0.51870572 0.00051870572 3.85698808
923 3560 0.518544325 0.000518544325 3.85698808
923 3562 0.518513306 0.000518513306 3.85915493
922 3553 0.50446341 0.00050446341 3.85357918
922 3553 0.50442949 0.00050442949 3.85357918
922 3553 0.504609078 0.000504609078 3.85357918
922 3553 0.504554559 0.000504554559 3.85357918
922 3553 0.504539241 0.000504539241 3.85357918
922 3553 0.504574864 0.000504574864 3.85357918
922 3553 0.504600358 0.000504600358 3.85357918
922 3553 0.504614065 0.000504614065 3.85357918
922 3553 0.504609467 0.000504609467 3.85357918
922 3553 0.504597427 0.000504597427 3.85357918
921 3549 0.489852706 0.000489852706 3.8534202
921 3546 0.489606713 0.000489606713 3.85016287
921 3545 0.490118892 0.000490118892 3.84907709
921 3550 0.490171571 0.000490171571 3.85450597
921 3550 0.490132809 0.000490132809 3.85450597
921 3550 0.49016998 0.00049016998 3.85450597
921 3550 0.490172025 0.000490172025 3.85450597
921 3550 0.49009827 0.00049009827 3.85450597
921 3550 0.490039178 0.000490039178 3.85450597
921 3550 0.490134992 0.000490134992 3.85450597
920 3545 0.476097277 0.000476097277 3.85326087
920 3545 0.47616097 0.00047616097 3.85326087
920 3545 0.476275082 0.000476275082 3.85326087
920 3545 0.476127191 0.000476127191 3.85326087
920 3545 0.476207983 0.000476207983 3.85326087
920 3545 0.47632001 0.00047632001 3.85326087
920 3545 0.476102397 0.000476102397 3.85326087
920 3545 0.476281008 0.000476281008 3.85326087
920 3545 0.476091492 0.000476091492 3.85326087
920 3545 0.476276009 0.000476276009 3.85326087
919 3538 0.461592855 0.000461592855 3.84983678
919 3539 0.461780367 0.000461780367 3.85092492
919 3534 0.462975539 0.000462975539 3.84548422
919 3534 0.462862279 0.000462862279 3.84548422
919 3534 0.463036512 0.000463036512 3.84548422
919 3534 0.462872218 0.000462872218 3.84548422
919 3534 0.462909838 0.000462909838 3.84548422
919 3534 0.462909457 0.000462909457 3.84548422
919 3534 0.462949812 0.000462949812 3.84548422
919 3534 0.462924969 0.000462924969 3.84548422
918 3529 0.449086157 0.000449086157 3.84422658
918 3529 0.449131771 0.000449131771 3.84422658
918 3529 0.449369933 0.000449369933 3.84422658
918 3529 0.449228451 0.000449228451 3.84422658
918 3529 0.449144294 0.000449144294 3.84422658
918 3529 0.44918842 0.00044918842 3.84422658
918 3529 0.449066386 0.000449066386 3.84422658
918 3529 0.449125094 0.000449125094 3.84422658
918 3529 0.448863268 0.000448863268 3.84422658
918 3529 0.449178586 0.000449178586 3.84422658
917 3522 0.434300198 0.000434300198 3.84078517
917 3523 0.434491554 0.000434491554 3.84187568
917 3523 0.434467835 0.000434467835 3.84187568
917 3523 0.434244331 0.000434244331 3.84187568
917 3523 0.434204834 0.000434204834 3.84187568
917 3522 0.434343116 0.000434343116 3.84078517
917 3523 0.434451424 0.000434451424 3.84187568
917 3523 0.434458381 0.000434458381 3.84187568
917 3523 0.43411602 0.00043411602 3.84187568
917 3523 0.434233689 0.000434233689 3.84187568
916 3516 0.419731529 0.000419731529 3.83842795
916 3516 0.419519534 0.000419519534 3.83842795
916 3517 0.419748447 0.000419748447 3.83951965
916 3517 0.419547143 0.000419547143 3.83951965
916 3517 0.419595113 0.000419595113 3.83951965
916 3517 0.419439165 0.000419439165 3.83951965
916 3517 0.419663338 0.000419663338 3.83951965
916 3517 0.419317192 0.000419317192 3.83951965
916 3517 0.419541969 0.000419541969 3.83951965
916 3517 0.419349634 0.000419349634 3.83951965
915 3511 0.405019944 0.000405019944 3.83715847
915 3511 0.405163534 0.000405163534 3.83715847
915 3510 0.40517576 0.00040517576 3.83606557
915 3510 0.405055923 0.000405055923 3.83606557
915 3510 0.404897369 0.000404897369 3.83606557
915 3510 0.404730962 0.000404730962 3.83606557
915 3510 0.404985423 0.000404985423 3.83606557
915 3510 0.404867579 0.000404867579 3.83606557
915 3510 0.405011758 0.000405011758 3.83606557
915 3510 0.404857802 0.000404857802 3.83606557
914 3504 0.39059114 0.00039059114 3.83369803
914 3504 0.390582985 0.000390582985 3.83369803
914 3504 0.390684662 0.000390684662 3.83369803
914 3504 0.390625154 0.000390625154 3.83369803
914 3504 0.390851256 0.000390851256 3.83369803
914 3504 0.390644405 0.000390644405 3.83369803
914 3504 0.390826034 0.000390826034 3.83369803
914 3504 0.390907329 0.000390907329 3.83369803
914 3504 0.390727692 0.000390727692 3.83369803
914 3504 0.390508075 0.000390508075 3.83369803
913 3497 0.375940038 0.000375940038 3.83023001
913 3497 0.376141496 0.000376141496 3.83023001
913 3497 0.376116823 0.000376116823 3.83023001
913 3497 0.376004746 0.000376004746 3.83023001
913 3497 0.375931158 0.000375931158 3.83023001
913 3497 0.375885944 0.000375885944 3.83023001
913 3497 0.375923221 0.000375923221 3.83023001
913 3497 0.37593197 0.00037593197 3.83023001
913 3497 0.37594382 0.00037594382 3.83023001
913 3497 0.375958397 0.000375958397 3.83023001
912 3489 0.36087158 0.00036087158 3.82565789
912 3490 0.365779448 0.000365779448 3.82675439
912 3487 0.367386072 0.000367386072 3.82346491
912 3481 0.36774386 0.00036774386 3.81688596
912 3480 0.367160907 0.000367160907 3.81578947
912 3480 0.368083747 0.000368083747 3.81578947
912 3480 0.36799674 0.00036799674 3.81578947
912 3480 0.367998632 0.000367998632 3.81578947
912 3480 0.367783627 0.000367783627 3.81578947
912 3480 0.368052935 0.000368052935 3.81578947
911 3474 0.353189388 0.000353189388 3.81339188
911 3473 0.353399662 0.000353399662 3.81229418
911 3474 0.35361196 0.00035361196 3.81339188
911 3474 0.353751584 0.000353751584 3.81339188
911 3473 0.353469935 0.000353469935 3.81229418
911 3474 0.353405347 0.000353405347 3.81339188
911 3474 0.353530257 0.000353530257 3.81339188
911 3474 0.353209007 0.000353209007 3.81339188
911 3474 0.353452698 0.000353452698 3.81339188
911 3473 0.353425799 0.000353425799 3.81229418
910 3468 0.339576096 0.000339576096 3.81098901
910 3468 0.339546851 0.000339546851 3.81098901
910 3468 0.339329826 0.000339329826 3.81098901
910 3468 0.339386289 0.000339386289 3.81098901
910 3468 0.339450364 0.000339450364 3.81098901
910 3468 0.339469629 0.000339469629 3.81098901
910 3468 0.339423046 0.000339423046 3.81098901
910 3468 0.339416831 0.000339416831 3.81098901
910 3468 0.339425056 0.000339425056 3.81098901
910 3468 0.33938417 0.00033938417 3.81098901
909 3461 0.324513221 0.000324513221 3.80748075
909 3461 0.324462987 0.000324462987 3.80748075
909 3461 0.324665831 0.000324665831 3.80748075
909 3461 0.324666151 0.000324666151 3.80748075
909 3461 0.32448758 0.00032448758 3.80748075
909 3461 0.324440195 0.000324440195 3.80748075
909 3461 0.324465165 0.000324465165 3.80748075
909 3461 0.324495329 0.000324495329 3.80748075
909 3461 0.324505634 0.000324505634 3.80748075
909 3461 0.324504566 0.000324504566 3.80748075
908 3450 0.308933174 0.000308933174 3.79955947
908 3450 0.308965962 0.000308965962 3.79955947
908 3454 0.308720789 0.000308720789 3.80396476
908 3454 0.309113015 0.000309113015 3.80396476
908 3454 0.309200143 0.000309200143 3.80396476
908 3454 0.308946386 0.000308946386 3.80396476
908 3454 0.308982165 0.000308982165 3.80396476
908 3454 0.30893068 0.00030893068 3.80396476
908 3454 0.308923506 0.000308923506 3.80396476
908 3454 0.308977545 0.000308977545 3.80396476
907 3443 0.293555733 0.000293555733 3.79603087
907 3443 0.293609212 0.000293609212 3.79603087
907 3443 0.293695895 0.000293695895 3.79603087
907 3443 0.29389048 0.00029389048 3.79603087
907 3443 0.293153938 0.000293153938 3.79603087
907 3445 0.293365524 0.000293365524 3.79823594
907 3445 0.293375413 0.000293375413 3.79823594
907 3445 0.293582803 0.000293582803 3.79823594
907 3445 0.293445288 0.000293445288 3.79823594
907 3445 0.293352263 0.000293352263 3.79823594
906 3434 0.277769396 0.000277769396 3.79028698
906 3434 0.277924079 0.000277924079 3.79028698
906 3434 0.278213684 0.000278213684 3.79028698
906 3434 0.278047069 0.000278047069 3.79028698
906 3434 0.277971027 0.000277971027 3.79028698
906 3434 0.277843077 0.000277843077 3.79028698
906 3434 0.277839436 0.000277839436 3.79028698
906 3434 0.277434377 0.000277434377 3.79028698
906 3434 0.277278091 0.000277278091 3.79028698
906 3434 0.278561838 0.000278561838 3.79028698
905 3427 0.262735434 0.000262735434 3.78674033
905 3427 0.262392354 0.000262392354 3.78674033
905 3427 0.262012958 0.000262012958 3.78674033
905 3424 0.261869647 0.000261869647 3.78342541
905 3424 0.261997705 0.000261997705 3.78342541
905 3424 0.262161355 0.000262161355 3.78342541
905 3424 0.262045225 0.000262045225 3.78342541
905 3424 0.261597363 0.000261597363 3.78342541
905 3424 0.261834873 0.000261834873 3.78342541
905 3424 0.261918816 0.000261918816 3.78342541
904 3415 0.246075306 0.000246075306 3.77765487
904 3415 0.245843989 0.000245843989 3.77765487
904 3415 0.245933284 0.000245933284 3.77765487
904 3415 0.246161405 0.000246161405 3.77765487
904 3415 0.246077756 0.000246077756 3.77765487
904 3415 0.245932693 0.000245932693 3.77765487
904 3415 0.245874719 0.000245874719 3.77765487
904 3415 0.245871177 0.000245871177 3.77765487
904 3415 0.245883076 0.000245883076 3.77765487
904 3415 0.245904232 0.000245904232 3.77765487
903 3404 0.229600565 0.000229600565 3.7696567
903 3404 0.229597333 0.000229597333 3.7696567
903 3404 0.229328277 0.000229328277 3.7696567
903 3404 0.229723436 0.000229723436 3.7696567
903 3404 0.229983407 0.000229983407 3.7696567
903 3404 0.229713359 0.000229713359 3.7696567
903 3404 0.229916947 0.000229916947 3.7696567
903 3404 0.229417571 0.000229417571 3.7696567
903 3404 0.229955174 0.000229955174 3.7696567
903 3404 0.229434366 0.000229434366 3.7696567
902 3395 0.212330009 0.000212330009 3.76385809
902 3396 0.212823621 0.000212823621 3.76496674
902 3396 0.212265968 0.000212265968 3.76496674
902 3396 0.212528003 0.000212528003 3.76496674
902 3396 0.212907992 0.000212907992 3.76496674
902 3396 0.212613617 0.000212613617 3.76496674
902 3396 0.212758807 0.000212758807 3.76496674
902 3396 0.212734297 0.000212734297 3.76496674
902 3396 0.212850599 0.000212850599 3.76496674
902 3396 0.212859699 0.000212859699 3.76496674
901 3387 0.196321419 0.000196321419 3.75915649
901 3387 0.196301519 0.000196301519 3.75915649
901 3387 0.195895805 0.000195895805 3.75915649
901 3387 0.196365777 0.000196365777 3.75915649
901 3387 0.196080141 0.000196080141 3.75915649
901 3387 0.19629834 0.00019629834 3.75915649
901 3387 0.196151741 0.000196151741 3.75915649
901 3387 0.196235044 0.000196235044 3.75915649
901 3387 0.196201294 0.000196201294 3.75915649
901 3387 0.196166326 0.000196166326 3.75915649
900 3382 0.178819285 0.000178819285 3.75777778
900 3378 0.179063937 0.000179063937 3.75333333
900 3378 0.181329609 0.000181329609 3.75333333
900 3378 0.180920058 0.000180920058 3.75333333
900 3381 0.181151183 0.000181151183 3.75666667
900 3378 0.180984452 0.000180984452 3.75333333
900 3378 0.181188757 0.000181188757 3.75333333
900 3378 0.181142432 0.000181142432 3.75333333
900 3378 0.181063658 0.000181063658 3.75333333
900 3378 0.181040739 0.000181040739 3.75333333
899 3374 0.165007733 0.000165007733 3.75305895
899 3374 0.165110693 0.000165110693 3.75305895
899 3374 0.165123393 0.000165123393 3.75305895
899 3374 0.164806713 0.000164806713 3.75305895
899 3374 0.165043005 0.000165043005 3.75305895
899 3374 0.164958872 0.000164958872 3.75305895
899 3374 0.164962029 0.000164962029 3.75305895
899 3374 0.165303308 0.000165303308 3.75305895
899 3374 0.164799092 0.000164799092 3.75305895
899 3374 0.165056836 0.000165056836 3.75305895
898 3369 0.148805019 0.000148805019 3.75167038
898 3369 0.148126276 0.000148126276 3.75167038
898 3365 0.148307314 0.000148307314 3.74721604
898 3365 0.148414704 0.000148414704 3.74721604
898 3365 0.148481215 0.000148481215 3.74721604
898 3365 0.148408738 0.000148408738 3.74721604
898 3365 0.148392388 0.000148392388 3.74721604
898 3365 0.148449804 0.000148449804 3.74721604
898 3365 0.148430617 0.000148430617 3.74721604
898 3365 0.148451262 0.000148451262 3.74721604
897 3360 0.131522143 0.000131522143 3.7458194
897 3360 0.131343332 0.000131343332 3.7458194
897 3360 0.131567115 0.000131567115 3.7458194
897 3360 0.131748766 0.000131748766 3.7458194
897 3360 0.131711762 0.000131711762 3.7458194
897 3360 0.131722536 0.000131722536 3.7458194
897 3360 0.131739819 0.000131739819 3.7458194
897 3360 0.131709528 0.000131709528 3.7458194
897 3360 0.131712796 0.000131712796 3.7458194
897 3360 0.131706789 0.000131706789 3.7458194
896 3351 0.114124935 0.000114124935 3.73995536
896 3351 0.114118799 0.000114118799 3.73995536
896 3351 0.114077471 0.000114077471 3.73995536
896 3351 0.113956066 0.000113956066 3.73995536
896 3351 0.114016693 0.000114016693 3.73995536
896 3351 0.114013197 0.000114013197 3.73995536
896 3351 0.113992011 0.000113992011 3.73995536
896 3351 0.113982927 0.000113982927 3.73995536
896 3351 0.113987891 0.000113987891 3.73995536
896 3351 0.113994856 0.000113994856 3.73995536
895 3343 0.0962223205 9.62223205e-05 3.73519553
895 3343 0.0961111392 9.61111392e-05 3.73519553
895 3343 0.0960690871 9.60690871e-05 3.73519553
895 3343 0.0960990882 9.60990882e-05 3.73519553
895 3343 0.0961015391 9.61015391e-05 3.73519553
895 3343 0.0960691575 9.60691575e-05 3.73519553
895 3343 0.0960787106 9.60787106e-05 3.73519553
895 3343 0.0960866628 9.60866628e-05 3.73519553
895 3343 0.0960831337 9.60831337e-05 3.73519553
895 3343 0.0960824005 9.60824005e-05 3.73519553
894 3340 0.0784603384 7.84603384e-05 3.7360179
894 3341 0.083970003 8.3970003e-05 3.73713647
894 3341 0.0841872459 8.41872459e-05 3.73713647
894 3341 0.0839875627 8.39875627e-05 3.73713647
894 3341 0.0840380723 8.40380723e-05 3.73713647
894 3341 0.0839829852 8.39829852e-05 3.73713647
894 3341 0.0839779011 8.39779011e-05 3.73713647
894 3341 0.0842695951 8.42695951e-05 3.73713647
894 3342 0.0842311325 8.42311325e-05 3.73825503
894 3342 0.0840021841 8.40021841e-05 3.73825503
893 3333 0.0667123412 6.67123412e-05 3.73236282
893 3333 0.0668700843 6.68700843e-05 3.73236282
893 3333 0.066846657 6.6846657e-05 3.73236282
893 3337 0.0668054449 6.68054449e-05 3.73684211
893 3341 0.068042828 6.8042828e-05 3.74132139
893 3343 0.069415339 6.9415339e-05 3.74356103
893 3338 0.0701894104 7.01894104e-05 3.73796193
893 3335 0.0706472875 7.06472875e-05 3.73460246
893 3335 0.0702177373 7.02177373e-05 3.73460246
893 3338 0.0698698074 6.98698074e-05 3.73796193
892 3330 0.0548093911 5.48093911e-05 3.73318386
892 3330 0.0550940473 5.50940473e-05 3.73318386
892 3327 0.0550471329 5.50471329e-05 3.72982063
892 3330 0.0553060673 5.53060673e-05 3.73318386
892 3330 0.0550559913 5.50559913e-05 3.73318386
892 3330 0.0548910571 5.48910571e-05 3.73318386
892 3330 0.0544658953 5.44658953e-05 3.73318386
892 3327 0.0550084981 5.50084981e-05 3.72982063
892 3330 0.0552876244 5.52876244e-05 3.73318386
892 3330 0.0549001241 5.49001241e-05 3.73318386
891 3322 0.0394236219 3.94236219e-05 3.72839506
891 3322 0.0399637184 3.99637184e-05 3.72839506
891 3322 0.0392511929 3.92511929e-05 3.72839506
891 3322 0.0396677906 3.96677906e-05 3.72839506
891 3322 0.0393777329 3.93777329e-05 3.72839506
891 3322 0.0392286769 3.92286769e-05 3.72839506
891 3322 0.0397500548 3.97500548e-05 3.72839506
891 3322 0.0396323378 3.96323378e-05 3.72839506
891 3322 0.0394780781 3.94780781e-05 3.72839506
891 3322 0.0392543727 3.92543727e-05 3.72839506
890 3318 0.0232223528 2.32223528e-05 3.72808989
890 3318 0.023556584 2.3556584e-05 3.72808989
890 3318 0.0235195042 2.35195042e-05 3.72808989
890 3318 0.0230945955 2.30945955e-05 3.72808989
890 3318 0.0230712158 2.30712158e-05 3.72808989
890 3318 0.0234746728 2.34746728e-05 3.72808989
890 3318 0.02352764 2.352764e-05 3.72808989
890 3318 0.0235566962 2.35566962e-05 3.72808989
890 3318 0.0235749001 2.35749001e-05 3.72808989
890 3318 0.0234302427 2.34302427e-05 3.72808989
889 3311 0.00674855009 6.74855009e-06 3.72440945
889 3311 0.00655908255 6.55908255e-06 3.72440945
889 3311 0.00654643633 6.54643633e-06 3.72440945
889 3309 0.00640643635 6.40643635e-06 3.72215973
889 3309 0.00693724609 6.93724609e-06 3.72215973
889 3306 0.00665057597 6.65057597e-06 3.71878515
889 3306 0.00671410477 6.71410477e-06 3.71878515
889 3306 0.00645568439 6.45568439e-06 3.71878515
889 3306 0.00701460814 7.01460814e-06 3.71878515
889 3309 0.00642006042 6.42006042e-06 3.72215973
888 3300 -0.00974686625 -9.74686625e-06 3.71621622
888 3300 -0.0105274011 -1.05274011e-05 3.71621622
888 3302 -0.0098354403 -9.8354403e-06 3.71846847
888 3300 -0.0100298776 -1.00298776e-05 3.71621622
888 3303 -0.00992071161 -9.92071161e-06 3.71959459
888 3302 -0.00998615816 -9.98615816e-06 3.71846847
888 3302 -0.0100006024 -1.00006024e-05 3.71846847
888 3297 -0.00976116876 -9.76116876e-06 3.71283784
888 3297 -0.00973025599 -9.73025599e-06 3.71283784
888 3297 -0.00993424855 -9.93424855e-06 3.71283784
887 3293 -0.0269594804 -2.69594804e-05 3.71251409
887 3293 -0.0270732961 -2.70732961e-05 3.71251409
887 3294 -0.0263075188 -2.63075188e-05 3.71364149
887 3294 -0.0268958257 -2.68958257e-05 3.71364149
887 3293 -0.0266222553 -2.66222553e-05 3.71251409
887 3291 -0.0270414854 -2.70414854e-05 3.7102593
887 3293 -0.0266571016 -2.66571016e-05 3.71251409
887 3291 -0.0265890591 -2.65890591e-05 3.7102593
887 3293 -0.0268227408 -2.68227408e-05 3.71251409
887 3294 -0.0266663576 -2.66663576e-05 3.71364149
886 3283 -0.044003145 -4.4003145e-05 3.70541761
886 3288 -0.0441958533 -4.41958533e-05 3.71106095
886 3287 -0.0379303351 -3.79303351e-05 3.70993228
886 3285 -0.0379859207 -3.79859207e-05 3.70767494
886 3285 -0.0381334914 -3.81334914e-05 3.70767494
886 3284 -0.0375936817 -3.75936817e-05 3.70654628
886 3284 -0.0375019193 -3.75019193e-05 3.70654628
886 3280 -0.0377810031 -3.77810031e-05 3.7020316
886 3285 -0.0379098719 -3.79098719e-05 3.70767494
886 3284 -0.0377197573 -3.77197573e-05 3.70654628
885 3280 -0.0550462971 -5.50462971e-05 3.70621469
885 3280 -0.054816237 -5.4816237e-05 3.70621469
885 3278 -0.0547792856 -5.47792856e-05 3.7039548
885 3273 -0.0545471914 -5.45471914e-05 3.69830508
885 3276 -0.0548739387 -5.48739387e-05 3.70169492
885 3274 -0.0549260789 -5.49260789e-05 3.69943503
885 3268 -0.0547284207 -5.47284207e-05 3.69265537
885 3268 -0.0547875831 -5.47875831e-05 3.69265537
885 3272 -0.0543841667 -5.43841667e-05 3.69717514
885 3273 -0.0543025862 -5.43025862e-05 3.69830508
884 3266 -0.0706246914 -7.06246914e-05 3.69457014
884 3265 -0.0705110496 -7.05110496e-05 3.69343891
884 3265 -0.070806264 -7.0806264e-05 3.69343891
884 3264 -0.070403503 -7.0403503e-05 3.69230769
884 3264 -0.0706666796 -7.06666796e-05 3.69230769
884 3264 -0.0703791331 -7.03791331e-05 3.69230769
884 3264 -0.0705556268 -7.05556268e-05 3.69230769
884 3266 -0.0707901607 -7.07901607e-05 3.69457014
884 3264 -0.0703337058 -7.03337058e-05 3.69230769
884 3264 -0.0710225402 -7.10225402e-05 3.69230769
883 3257 -0.0869299793 -8.69299793e-05 3.68856172
883 3257 -0.0866700681 -8.66700681e-05 3.68856172
883 3257 -0.0872730881 -8.72730881e-05 3.68856172
883 3253 -0.0869230374 -8.69230374e-05 3.68403171
883 3256 -0.0873518592 -8.73518592e-05 3.68742922
883 3253 -0.086760419 -8.6760419e-05 3.68403171
883 3257 -0.0868809848 -8.68809848e-05 3.68856172
883 3257 -0.0869366263 -8.69366263e-05 3.68856172
883 3253 -0.086855795 -8.6855795e-05 3.68403171
883 3256 -0.0873022391 -8.73022391e-05 3.68742922
882 3248 -0.10315254 -0.00010315254 3.68253968
882 3248 -0.103351916 -0.000103351916 3.68253968
882 3248 -0.103190885 -0.000103190885 3.68253968
882 3248 -0.102933764 -0.000102933764 3.68253968
882 3246 -0.103470633 -0.000103470633 3.68027211
882 3248 -0.103029459 -0.000103029459 3.68253968
882 3248 -0.103199902 -0.000103199902 3.68253968
882 3246 -0.103415395 -0.000103415395 3.68027211
882 3248 -0.102995132 -0.000102995132 3.68253968
882 3248 -0.103241874 -0.000103241874 3.68253968
881 3241 -0.1197527 -0.0001197527 3.67877412
881 3241 -0.119388047 -0.000119388047 3.67877412
881 3241 -0.120286532 -0.000120286532 3.67877412
881 3241 -0.119789522 -0.000119789522 3.67877412
881 3241 -0.119701793 -0.000119701793 3.67877412
881 3241 -0.119750494 -0.000119750494 3.67877412
881 3241 -0.120156518 -0.000120156518 3.67877412
881 3241 -0.119978089 -0.000119978089 3.67877412
881 3241 -0.119859656 -0.000119859656 3.67877412
881 3241 -0.119760363 -0.000119760363 3.67877412
880 3234 -0.136529788 -0.000136529788 3.675
880 3234 -0.136660294 -0.000136660294 3.675
880 3234 -0.136435521 -0.000136435521 3.675
880 3234 -0.136204652 -0.000136204652 3.675
880 3234 -0.136648752 -0.000136648752 3.675
880 3234 -0.136434354 -0.000136434354 3.675
880 3234 -0.136911263 -0.000136911263 3.675
880 3234 -0.137081278 -0.000137081278 3.675
880 3234 -0.136803573 -0.000136803573 3.675
880 3234 -0.136710502 -0.000136710502 3.675
879 3228 -0.154166321 -0.000154166321 3.67235495
879 3229 -0.154119982 -0.000154119982 3.67349261
879 3229 -0.154119448 -0.000154119448 3.67349261
879 3229 -0.154276007 -0.000154276007 3.67349261
879 3225 -0.153696819 -0.000153696819 3.66894198
879 3225 -0.153765575 -0.000153765575 3.66894198
879 3225 -0.153871151 -0.000153871151 3.66894198
879 3228 -0.153911898 -0.000153911898 3.67235495
879 3228 -0.154106348 -0.000154106348 3.67235495
879 3230 -0.153881305 -0.000153881305 3.67463026
878 3223 -0.171373618 -0.000171373618 3.67084282
878 3223 -0.171276663 -0.000171276663 3.67084282
878 3219 -0.171277372 -0.000171277372 3.66628702
878 3221 -0.170754888 -0.000170754888 3.66856492
878 3221 -0.170940331 -0.000170940331 3.66856492
878 3221 -0.171230722 -0.000171230722 3.66856492
878 3219 -0.171029875 -0.000171029875 3.66628702
878 3221 -0.170772263 -0.000170772263 3.66856492
878 3221 -0.170991958 -0.000170991958 3.66856492
878 3223 -0.17128938 -0.00017128938 3.67084282
877 3214 -0.188244067 -0.000188244067 3.66476625
877 3216 -0.188361812 -0.000188361812 3.66704675
877 3216 -0.187769 -0.000187769 3.66704675
877 3216 -0.188463019 -0.000188463019 3.66704675
877 3215 -0.187592428 -0.000187592428 3.6659065
877 3212 -0.188019479 -0.000188019479 3.66248575
877 3212 -0.188040941 -0.000188040941 3.66248575
877 3212 -0.188315507 -0.000188315507 3.66248575
877 3215 -0.18751347 -0.00018751347 3.6659065
877 3216 -0.18797476 -0.00018797476 3.66704675
876 3210 -0.204605712 -0.000204605712 3.66438356
876 3210 -0.204791698 -0.000204791698 3.66438356
876 3210 -0.204736776 -0.000204736776 3.66438356
876 3210 -0.204615781 -0.000204615781 3.66438356
876 3210 -0.205195058 -0.000205195058 3.66438356
876 3207 -0.205223353 -0.000205223353 3.6609589
876 3210 -0.204443507 -0.000204443507 3.66438356
876 3207 -0.204825767 -0.000204825767 3.6609589
876 3210 -0.20422316 -0.00020422316 3.66438356
876 3210 -0.204847143 -0.000204847143 3.66438356
875 3201 -0.222419545 -0.000222419545 3.65828571
875 3201 -0.221832713 -0.000221832713 3.65828571
875 3204 -0.222422485 -0.000222422485 3.66171429
875 3201 -0.221922542 -0.000221922542 3.65828571
875 3201 -0.221795129 -0.000221795129 3.65828571
875 3201 -0.222214478 -0.000222214478 3.65828571
875 3201 -0.222336617 -0.000222336617 3.65828571
875 3201 -0.22216687 -0.00022216687 3.65828571
875 3201 -0.221892692 -0.000221892692 3.65828571
875 3201 -0.221902266 -0.000221902266 3.65828571
874 3197 -0.239469161 -0.000239469161 3.65789474
874 3195 -0.239826155 -0.000239826155 3.65560641
874 3195 -0.23965575 -0.00023965575 3.65560641
874 3195 -0.23940815 -0.00023940815 3.65560641
874 3195 -0.239329212 -0.000239329212 3.65560641
874 3195 -0.239675754 -0.000239675754 3.65560641
874 3195 -0.239584874 -0.000239584874 3.65560641
874 3195 -0.239673412 -0.000239673412 3.65560641
874 3195 -0.23958663 -0.00023958663 3.65560641
874 3195 -0.239685194 -0.000239685194 3.65560641
873 3191 -0.257587988 -0.000257587988 3.65521191
873 3191 -0.257378091 -0.000257378091 3.65521191
873 3191 -0.25746916 -0.00025746916 3.65521191
873 3191 -0.257408196 -0.000257408196 3.65521191
873 3191 -0.257559271 -0.000257559271 3.65521191
873 3191 -0.257237615 -0.000257237615 3.65521191
873 3191 -0.257477452 -0.000257477452 3.65521191
873 3191 -0.25768817 -0.00025768817 3.65521191
873 3191 -0.257775583 -0.000257775583 3.65521191
873 3191 -0.257761101 -0.000257761101 3.65521191
872 3186 -0.275603683 -0.000275603683 3.65366972
872 3185 -0.271429058 -0.000271429058 3.65252294
872 3185 -0.27127576 -0.00027127576 3.65252294
872 3185 -0.27119361 -0.00027119361 3.65252294
872 3185 -0.271502987 -0.000271502987 3.65252294
872 3185 -0.271732584 -0.000271732584 3.65252294
872 3185 -0.271673299 -0.000271673299 3.65252294
872 3185 -0.271276668 -0.000271276668 3.65252294
872 3185 -0.271350276 -0.000271350276 3.65252294
872 3185 -0.271219634 -0.000271219634 3.65252294
871 3181 -0.288848452 -0.000288848452 3.652124
871 3181 -0.289043776 -0.000289043776 3.652124
871 3181 -0.289037114 -0.000289037114 3.652124
871 3181 -0.288860038 -0.000288860038 3.652124
871 3181 -0.288207536 -0.000288207536 3.652124
871 3181 -0.288918944 -0.000288918944 3.652124
871 3181 -0.289226393 -0.000289226393 3.652124
871 3181 -0.289186671 -0.000289186671 3.652124
871 3181 -0.289189773 -0.000289189773 3.652124
871 3181 -0.288703459 -0.000288703459 3.652124
870 3175 -0.307296549 -0.000307296549 3.64942529
870 3175 -0.306598387 -0.000306598387 3.64942529
870 3176 -0.30656342 -0.00030656342 3.65057471
870 3174 -0.306743876 -0.000306743876 3.64827586
870 3175 -0.306505513 -0.000306505513 3.64942529
870 3175 -0.307137198 -0.000307137198 3.64942529
870 3175 -0.30695218 -0.00030695218 3.64942529
870 3175 -0.306848627 -0.000306848627 3.64942529
870 3175 -0.306467823 -0.000306467823 3.64942529
870 3174 -0.307209764 -0.000307209764 3.64827586
869 3168 -0.32365134 -0.00032365134 3.64556962
869 3168 -0.323751949 -0.000323751949 3.64556962
869 3168 -0.323636958 -0.000323636958 3.64556962
869 3168 -0.323782318 -0.000323782318 3.64556962
869 3168 -0.323412715 -0.000323412715 3.64556962
869 3168 -0.323696061 -0.000323696061 3.64556962
869 3168 -0.323859339 -0.000323859339 3.64556962
869 3168 -0.323629241 -0.000323629241 3.64556962
869 3168 -0.323821277 -0.000323821277 3.64556962
869 3168 -0.323354394 -0.000323354394 3.64556962
868 3161 -0.340567123 -0.000340567123 3.64170507
868 3162 -0.341170461 -0.000341170461 3.64285714
868 3162 -0.341306436 -0.000341306436 3.64285714
868 3161 -0.340855833 -0.000340855833 3.64170507
868 3162 -0.341108758 -0.000341108758 3.64285714
868 3162 -0.341170333 -0.000341170333 3.64285714
868 3161 -0.340724532 -0.000340724532 3.64170507
868 3162 -0.340955802 -0.000340955802 3.64285714
868 3162 -0.341216068 -0.000341216068 3.64285714
868 3161 -0.340728993 -0.000340728993 3.64170507
867 3155 -0.358302787 -0.000358302787 3.63898501
867 3155 -0.358268675 -0.000358268675 3.63898501
867 3155 -0.358474219 -0.000358474219 3.63898501
867 3155 -0.358508515 -0.000358508515 3.63898501
867 3155 -0.358324975 -0.000358324975 3.63898501
867 3155 -0.358375658 -0.000358375658 3.63898501
867 3155 -0.358580312 -0.000358580312 3.63898501
867 3155 -0.358580832 -0.000358580832 3.63898501
867 3155 -0.358505241 -0.000358505241 3.63898501
867 3155 -0.35858139 -0.00035858139 3.63898501
866 3150 -0.377463594 -0.000377463594 3.63741339
866 3150 -0.377622194 -0.000377622194 3.63741339
866 3151 -0.377127647 -0.000377127647 3.63856813
866 3146 -0.377211212 -0.000377211212 3.63279446
866 3148 -0.360938605 -0.000360938605 3.63510393
866 3149 -0.360402538 -0.000360402538 3.63625866
866 3151 -0.361016451 -0.000361016451 3.63856813
866 3149 -0.359910807 -0.000359910807 3.63625866
866 3151 -0.360898846 -0.000360898846 3.63856813
866 3149 -0.360303316 -0.000360303316 3.63625866
865 3142 -0.377469675 -0.000377469675 3.63236994
865 3143 -0.377882463 -0.000377882463 3.63352601
865 3142 -0.377481877 -0.000377481877 3.63236994
865 3142 -0.377621589 -0.000377621589 3.63236994
865 3143 -0.378025234 -0.000378025234 3.63352601
865 3142 -0.37755492 -0.00037755492 3.63236994
865 3142 -0.377770572 -0.000377770572 3.63236994
865 3143 -0.378224413 -0.000378224413 3.63352601
865 3142 -0.377745127 -0.000377745127 3.63236994
865 3142 -0.377792707 -0.000377792707 3.63236994
864 3136 -0.395274879 -0.000395274879 3.62962963
864 3136 -0.395628581 -0.000395628581 3.62962963
864 3136 -0.394996589 -0.000394996589 3.62962963
864 3136 -0.394782609 -0.000394782609 3.62962963
864 3136 -0.395168891 -0.000395168891 3.62962963
864 3136 -0.395226673 -0.000395226673 3.62962963
864 3136 -0.395415307 -0.000395415307 3.62962963
864 3136 -0.395420258 -0.000395420258 3.62962963
864 3136 -0.395176479 -0.000395176479 3.62962963
864 3136 -0.395301564 -0.000395301564 3.62962963
863 3129 -0.413921662 -0.000413921662 3.62572422
863 3129 -0.414364808 -0.000414364808 3.62572422
863 3129 -0.41379296 -0.00041379296 3.62572422
863 3129 -0.413728016 -0.000413728016 3.62572422
863 3132 -0.414484276 -0.000414484276 3.62920046
863 3129 -0.405672902 -0.000405672902 3.62572422
863 3129 -0.40558198 -0.00040558198 3.62572422
863 3130 -0.406392021 -0.000406392021 3.62688297
863 3129 -0.405686904 -0.000405686904 3.62572422
863 3129 -0.40560799 -0.00040560799 3.62572422
862 3123 -0.4233118 -0.0004233118 3.62296984
862 3123 -0.423164284 -0.000423164284 3.62296984
862 3123 -0.423039569 -0.000423039569 3.62296984
862 3123 -0.423511184 -0.000423511184 3.62296984
862 3123 -0.423364337 -0.000423364337 3.62296984
862 3123 -0.423205308 -0.000423205308 3.62296984
862 3123 -0.423077247 -0.000423077247 3.62296984
862 3123 -0.423121478 -0.000423121478 3.62296984
862 3123 -0.423146673 -0.000423146673 3.62296984
862 3123 -0.423157477 -0.000423157477 3.62296984
861 3116 -0.44095805 -0.00044095805 3.61904762
861 3116 -0.440965029 -0.000440965029 3.61904762
861 3116 -0.44110311 -0.00044110311 3.61904762
861 3116 -0.441098192 -0.000441098192 3.61904762
861 3116 -0.440919365 -0.000440919365 3.61904762
861 3116 -0.44116853 -0.00044116853 3.61904762
861 3116 -0.440778391 -0.000440778391 3.61904762
861 3116 -0.440787147 -0.000440787147 3.61904762
861 3116 -0.441260303 -0.000441260303 3.61904762
861 3116 -0.440881812 -0.000440881812 3.61904762
860 3111 -0.458887226 -0.000458887226 3.61744186
860 3111 -0.458600539 -0.000458600539 3.61744186
860 3111 -0.459053222 -0.000459053222 3.61744186
860 3111 -0.459135305 -0.000459135305 3.61744186
860 3108 -0.459412682 -0.000459412682 3.61395349
860 3109 -0.456161634 -0.000456161634 3.61511628
860 3109 -0.456353944 -0.000456353944 3.61511628
860 3109 -0.456472989 -0.000456472989 3.61511628
860 3109 -0.456514486 -0.000456514486 3.61511628
860 3109 -0.45633221 -0.00045633221 3.61511628
859 3102 -0.473645594 -0.000473645594 3.61117579
859 3102 -0.473752111 -0.000473752111 3.61117579
859 3102 -0.474027427 -0.000474027427 3.61117579
859 3102 -0.473575253 -0.000473575253 3.61117579
859 3102 -0.473584175 -0.000473584175 3.61117579
859 3102 -0.473955753 -0.000473955753 3.61117579
859 3102 -0.473711347 -0.000473711347 3.61117579
859 3102 -0.473199825 -0.000473199825 3.61117579
859 3102 -0.47337296 -0.00047337296 3.61117579
859 3102 -0.473387556 -0.000473387556 3.61117579
858 3098 -0.492032895 -0.000492032895 3.61072261
858 3097 -0.490794097 -0.000490794097 3.60955711
858 3097 -0.491284815 -0.000491284815 3.60955711
858 3097 -0.491062857 -0.000491062857 3.60955711
858 3097 -0.491222283 -0.000491222283 3.60955711
858 3097 -0.491288623 -0.000491288623 3.60955711
858 3097 -0.490595981 -0.000490595981 3.60955711
858 3097 -0.491251227 -0.000491251227 3.60955711
858 3097 -0.491120186 -0.000491120186 3.60955711
858 3097 -0.491883217 -0.000491883217 3.60955711
857 3090 -0.509228737 -0.000509228737 3.60560093
857 3089 -0.509241509 -0.000509241509 3.60443407
857 3086 -0.499631016 -0.000499631016 3.60093349
857 3086 -0.500014547 -0.000500014547 3.60093349
857 3086 -0.499685387 -0.000499685387 3.60093349
857 3086 -0.50020021 -0.00050020021 3.60093349
857 3088 -0.500629247 -0.000500629247 3.60326721
857 3086 -0.499990942 -0.000499990942 3.60093349
857 3086 -0.499761231 -0.000499761231 3.60093349
857 3086 -0.500351958 -0.000500351958 3.60093349
856 3082 -0.517622392 -0.000517622392 3.60046729
856 3081 -0.516905356 -0.000516905356 3.59929907
856 3081 -0.517019481 -0.000517019481 3.59929907
856 3081 -0.516979343 -0.000516979343 3.59929907
856 3081 -0.517189165 -0.000517189165 3.59929907
856 3081 -0.516979875 -0.000516979875 3.59929907
856 3081 -0.516941507 -0.000516941507 3.59929907
856 3081 -0.517533421 -0.000517533421 3.59929907
856 3081 -0.517299992 -0.000517299992 3.59929907
856 3081 -0.517004665 -0.000517004665 3.59929907
855 3077 -0.534136907 -0.000534136907 3.59883041
855 3074 -0.534600855 -0.000534600855 3.59532164
855 3077 -0.534614892 -0.000534614892 3.59883041
855 3074 -0.534277137 -0.000534277137 3.59532164
855 3074 -0.5346574 -0.0005346574 3.59532164
855 3077 -0.534552025 -0.000534552025 3.59883041
855 3074 -0.534317209 -0.000534317209 3.59532164
855 3077 -0.534173771 -0.000534173771 3.59883041
855 3074 -0.534233195 -0.000534233195 3.59532164
855 3074 -0.535218271 -0.000535218271 3.59532164
854 3070 -0.552366384 -0.000552366384 3.59484778
854 3070 -0.551996416 -0.000551996416 3.59484778
854 3070 -0.55207317 -0.00055207317 3.59484778
854 3070 -0.552080522 -0.000552080522 3.59484778
854 3070 -0.552106302 -0.000552106302 3.59484778
854 3070 -0.552047939 -0.000552047939 3.59484778
854 3070 -0.552060213 -0.000552060213 3.59484778
854 3070 -0.55205286 -0.00055205286 3.59484778
854 3070 -0.552041244 -0.000552041244 3.59484778
854 3070 -0.552033873 -0.000552033873 3.59484778
853 3064 -0.570070576 -0.000570070576 3.59202814
853 3064 -0.569501781 -0.000569501781 3.59202814
853 3064 -0.569702766 -0.000569702766 3.59202814
853 3064 -0.569530307 -0.000569530307 3.59202814
853 3064 -0.569509066 -0.000569509066 3.59202814
853 3064 -0.569428767 -0.000569428767 3.59202814
853 3064 -0.569326942 -0.000569326942 3.59202814
853 3064 -0.569218974 -0.000569218974 3.59202814
853 3064 -0.569172754 -0.000569172754 3.59202814
853 3064 -0.569194494 -0.000569194494 3.59202814
852 3054 -0.58726119 -0.00058726119 3.58450704
852 3054 -0.58792419 -0.00058792419 3.58450704
852 3054 -0.588222466 -0.000588222466 3.58450704
852 3054 -0.58742519 -0.00058742519 3.58450704
852 3054 -0.588203429 -0.000588203429 3.58450704
852 3054 -0.587247094 -0.000587247094 3.58450704
852 3054 -0.587197337 -0.000587197337 3.58450704
852 3054 -0.587771347 -0.000587771347 3.58450704
852 3054 -0.587778719 -0.000587778719 3.58450704
852 3054 -0.587659592 -0.000587659592 3.58450704
851 3047 -0.606663925 -0.000606663925 3.58049354
851 3049 -0.606523247 -0.000606523247 3.58284371
851 3049 -0.606673635 -0.000606673635 3.58284371
851 3049 -0.606665595 -0.000606665595 3.58284371
851 3047 -0.606935025 -0.000606935025 3.58049354
851 3049 -0.607040963 -0.000607040963 3.58284371
851 3049 -0.607057209 -0.000607057209 3.58284371
851 3049 -0.607806332 -0.000607806332 3.58284371
851 3049 -0.607362059 -0.000607362059 3.58284371
851 3047 -0.60758479 -0.00060758479 3.58049354
850 3042 -0.625543533 -0.000625543533 3.57882353
850 3042 -0.625741254 -0.000625741254 3.57882353
850 3042 -0.624223989 -0.000624223989 3.57882353
850 3042 -0.623899402 -0.000623899402 3.57882353
850 3042 -0.625114504 -0.000625114504 3.57882353
850 3042 -0.624980178 -0.000624980178 3.57882353
850 3042 -0.625498448 -0.000625498448 3.57882353
850 3042 -0.624785531 -0.000624785531 3.57882353
850 3042 -0.62496704 -0.00062496704 3.57882353
850 3042 -0.624508569 -0.000624508569 3.57882353
849 3037 -0.643623025 -0.000643623025 3.57714959
849 3036 -0.644295878 -0.000644295878 3.57597173
849 3037 -0.64348241 -0.00064348241 3.57714959
849 3038 -0.639203602 -0.000639203602 3.57832744
849 3038 -0.633384869 -0.000633384869 3.57832744
849 3038 -0.630434418 -0.000630434418 3.57832744
849 3035 -0.625227934 -0.000625227934 3.57479388
849 3034 -0.625277149 -0.000625277149 3.57361602
849 3034 -0.62518774 -0.00062518774 3.57361602
849 3034 -0.625238913 -0.000625238913 3.57361602
848 3030 -0.642368253 -0.000642368253 3.57311321
848 3030 -0.642564637 -0.000642564637 3.57311321
848 3030 -0.643015525 -0.000643015525 3.57311321
848 3028 -0.642751575 -0.000642751575 3.57075472
848 3030 -0.642330563 -0.000642330563 3.57311321
848 3030 -0.642350633 -0.000642350633 3.57311321
848 3030 -0.642701479 -0.000642701479 3.57311321
848 3028 -0.642655745 -0.000642655745 3.57075472
848 3030 -0.642453965 -0.000642453965 3.57311321
848 3030 -0.642437781 -0.000642437781 3.57311321
847 3023 -0.660769216 -0.000660769216 3.5690673
847 3024 -0.660092253 -0.000660092253 3.57024793
847 3024 -0.659862624 -0.000659862624 3.57024793
847 3024 -0.660435712 -0.000660435712 3.57024793
847 3024 -0.66112958 -0.00066112958 3.57024793
847 3023 -0.66103528 -0.00066103528 3.5690673
847 3024 -0.660317053 -0.000660317053 3.57024793
847 3023 -0.660505398 -0.000660505398 3.5690673
847 3024 -0.660291078 -0.000660291078 3.57024793
847 3023 -0.660653774 -0.000660653774 3.5690673
846 3017 -0.678012702 -0.000678012702 3.56619385
846 3014 -0.678934799 -0.000678934799 3.56264775
846 3017 -0.677951762 -0.000677951762 3.56619385
846 3014 -0.678348052 -0.000678348052 3.56264775
846 3017 -0.677483883 -0.000677483883 3.56619385
846 3014 -0.677712483 -0.000677712483 3.56264775
846 3017 -0.676998428 -0.000676998428 3.56619385
846 3014 -0.677412231 -0.000677412231 3.56264775
846 3017 -0.679231944 -0.000679231944 3.56619385
846 3014 -0.680063478 -0.000680063478 3.56264775
845 3007 -0.697573092 -0.000697573092 3.55857988
845 3007 -0.696337866 -0.000696337866 3.55857988
845 3007 -0.696673997 -0.000696673997 3.55857988
845 3007 -0.696952962 -0.000696952962 3.55857988
845 3007 -0.696855734 -0.000696855734 3.55857988
845 3007 -0.696748802 -0.000696748802 3.55857988
845 3007 -0.697410473 -0.000697410473 3.55857988
845 3007 -0.697552535 -0.000697552535 3.55857988
845 3007 -0.697633446 -0.000697633446 3.55857988
845 3007 -0.696601587 -0.000696601587 3.55857988
844 3001 -0.716105141 -0.000716105141 3.5556872
844 3003 -0.714500806 -0.000714500806 3.55805687
844 3003 -0.715782082 -0.000715782082 3.55805687
844 3003 -0.715111223 -0.000715111223 3.55805687
844 3001 -0.715332109 -0.000715332109 3.5556872
844 3001 -0.715212468 -0.000715212468 3.5556872
844 3001 -0.715130181 -0.000715130181 3.5556872
844 3001 -0.7142111 -0.0007142111 3.5556872
844 3001 -0.715316783 -0.000715316783 3.5556872
844 3003 -0.715135557 -0.000715135557 3.55805687
843 2993 -0.733048058 -0.000733048058 3.55041518
843 2993 -0.732906198 -0.000732906198 3.55041518
843 2993 -0.733151198 -0.000733151198 3.55041518
843 2998 -0.733472096 -0.000733472096 3.55634638
843 2993 -0.733010174 -0.000733010174 3.55041518
843 2993 -0.73304601 -0.00073304601 3.55041518
843 2993 -0.732927898 -0.000732927898 3.55041518
843 2993 -0.732408992 -0.000732408992 3.55041518
843 2993 -0.733087742 -0.000733087742 3.55041518
843 2993 -0.732799097 -0.000732799097 3.55041518
842 2988 -0.751270576 -0.000751270576 3.54869359
842 2988 -0.751260934 -0.000751260934 3.54869359
842 2988 -0.751552729 -0.000751552729 3.54869359
842 2988 -0.751597189 -0.000751597189 3.54869359
842 2988 -0.751328788 -0.000751328788 3.54869359
842 2988 -0.751382695 -0.000751382695 3.54869359
842 2988 -0.751227555 -0.000751227555 3.54869359
842 2988 -0.7512779 -0.0007512779 3.54869359
842 2988 -0.75134411 -0.00075134411 3.54869359
842 2988 -0.7514298 -0.0007514298 3.54869359
841 2982 -0.770271899 -0.000770271899 3.54577883
841 2984 -0.770142765 -0.000770142765 3.54815696
841 2982 -0.770484714 -0.000770484714 3.54577883
841 2983 -0.770816387 -0.000770816387 3.5469679
841 2989 -0.770699649 -0.000770699649 3.55410226
841 2988 -0.770918181 -0.000770918181 3.5529132
841 2988 -0.770661117 -0.000770661117 3.5529132
841 2988 -0.771051365 -0.000771051365 3.5529132
841 2989 -0.771227062 -0.000771227062 3.55410226
841 2988 -0.770943238 -0.000770943238 3.5529132
840 2984 -0.788656337 -0.000788656337 3.55238095
840 2984 -0.789089858 -0.000789089858 3.55238095
840 2984 -0.788895533 -0.000788895533 3.55238095
840 2982 -0.789041388 -0.000789041388 3.55
840 2984 -0.788846388 -0.000788846388 3.55238095
840 2982 -0.789177681 -0.000789177681 3.55
840 2984 -0.788503022 -0.000788503022 3.55238095
840 2984 -0.788572872 -0.000788572872 3.55238095
840 2984 -0.78894842 -0.00078894842 3.55238095
840 2984 -0.788891769 -0.000788891769 3.55238095
839 2978 -0.807159426 -0.000807159426 3.54946365
839 2978 -0.807176302 -0.000807176302 3.54946365
839 2978 -0.806500605 -0.000806500605 3.54946365
839 2978 -0.806955752 -0.000806955752 3.54946365
839 2978 -0.806939319 -0.000806939319 3.54946365
839 2978 -0.80665198 -0.00080665198 3.54946365
839 2978 -0.806590504 -0.000806590504 3.54946365
839 2978 -0.807956461 -0.000807956461 3.54946365
839 2978 -0.807204381 -0.000807204381 3.54946365
839 2978 -0.807043408 -0.000807043408 3.54946365
838 2968 -0.825904705 -0.000825904705 3.54176611
838 2968 -0.82624424 -0.00082624424 3.54176611
838 2968 -0.82610367 -0.00082610367 3.54176611
838 2968 -0.825473812 -0.000825473812 3.54176611
838 2968 -0.825757807 -0.000825757807 3.54176611
838 2968 -0.826946556 -0.000826946556 3.54176611
838 2968 -0.825843466 -0.000825843466 3.54176611
838 2968 -0.826594097 -0.000826594097 3.54176611
838 2968 -0.825700236 -0.000825700236 3.54176611
838 2968 -0.82573725 -0.00082573725 3.54176611
837 2960 -0.84614305 -0.00084614305 3.53643967
837 2956 -0.843296166 -0.000843296166 3.53166069
837 2958 -0.843398871 -0.000843398871 3.53405018
837 2957 -0.842584137 -0.000842584137 3.53285544
837 2959 -0.840141719 -0.000840141719 3.53524492
837 2959 -0.840252967 -0.000840252967 3.53524492
837 2959 -0.840310276 -0.000840310276 3.53524492
837 2959 -0.840208919 -0.000840208919 3.53524492
837 2959 -0.839930836 -0.000839930836 3.53524492
837 2959 -0.840164391 -0.000840164391 3.53524492
836 2955 -0.856924218 -0.000856924218 3.534689
836 2955 -0.856539727 -0.000856539727 3.534689
836 2955 -0.856823413 -0.000856823413 3.534689
836 2952 -0.857072363 -0.000857072363 3.53110048
836 2955 -0.856819089 -0.000856819089 3.534689
836 2952 -0.857321001 -0.000857321001 3.53110048
836 2953 -0.856504567 -0.000856504567 3.53229665
836 2953 -0.856522323 -0.000856522323 3.53229665
836 2953 -0.857420684 -0.000857420684 3.53229665
836 2952 -0.856993197 -0.000856993197 3.53110048
835 2948 -0.873548707 -0.000873548707 3.53053892
835 2948 -0.873550475 -0.000873550475 3.53053892
835 2948 -0.872969329 -0.000872969329 3.53053892
835 2948 -0.87265035 -0.00087265035 3.53053892
835 2948 -0.873494141 -0.000873494141 3.53053892
835 2948 -0.873455684 -0.000873455684 3.53053892
835 2948 -0.873047497 -0.000873047497 3.53053892
835 2948 -0.873291958 -0.000873291958 3.53053892
835 2948 -0.87304005 -0.00087304005 3.53053892
835 2948 -0.873300837 -0.000873300837 3.53053892
834 2939 -0.889945774 -0.000889945774 3.52398082
834 2938 -0.889249466 -0.000889249466 3.52278177
834 2937 -0.888517408 -0.000888517408 3.52158273
834 2934 -0.888480838 -0.000888480838 3.51798561
834 2934 -0.88758879 -0.00088758879 3.51798561
834 2935 -0.888085179 -0.000888085179 3.51918465
834 2936 -0.887625172 -0.000887625172 3.52038369
834 2933 -0.88848335 -0.00088848335 3.51678657
834 2934 -0.887847049 -0.000887847049 3.51798561
834 2936 -0.887931874 -0.000887931874 3.52038369
833 2929 -0.904540012 -0.000904540012 3.51620648
833 2928 -0.904182278 -0.000904182278 3.515006
833 2928 -0.904213133 -0.000904213133 3.515006
833 2930 -0.9036067 -0.0009036067 3.51740696
833 2930 -0.903676317 -0.000903676317 3.51740696
833 2927 -0.90456879 -0.00090456879 3.51380552
833 2930 -0.903412759 -0.000903412759 3.51740696
833 2930 -0.904095993 -0.000904095993 3.51740696
833 2928 -0.904178929 -0.000904178929 3.515006
833 2929 -0.90417609 -0.00090417609 3.51620648
832 2922 -0.920539244 -0.000920539244 3.51201923
832 2923 -0.920155271 -0.000920155271 3.51322115
832 2923 -0.920840141 -0.000920840141 3.51322115
832 2923 -0.920128657 -0.000920128657 3.51322115
832 2923 -0.920439034 -0.000920439034 3.51322115
832 2923 -0.920384495 -0.000920384495 3.51322115
832 2923 -0.920423011 -0.000920423011 3.51322115
832 2923 -0.920329817 -0.000920329817 3.51322115
832 2923 -0.920289092 -0.000920289092 3.51322115
832 2923 -0.920343309 -0.000920343309 3.51322115
831 2916 -0.936795516 -0.000936795516 3.50902527
831 2916 -0.936635009 -0.000936635009 3.50902527
831 2916 -0.937087269 -0.000937087269 3.50902527
831 2916 -0.936543213 -0.000936543213 3.50902527
831 2916 -0.936815085 -0.000936815085 3.50902527
831 2916 -0.93682825 -0.00093682825 3.50902527
831 2916 -0.936635526 -0.000936635526 3.50902527
831 2916 -0.937196527 -0.000937196527 3.50902527
831 2916 -0.937564112 -0.000937564112 3.50902527
831 2916 -0.937437041 -0.000937437041 3.50902527
830 2909 -0.955435173 -0.000955435173 3.50481928
830 2909 -0.954665369 -0.000954665369 3.50481928
830 2909 -0.954817649 -0.000954817649 3.50481928
830 2909 -0.954997965 -0.000954997965 3.50481928
830 2909 -0.955042808 -0.000955042808 3.50481928
830 2909 -0.955367437 -0.000955367437 3.50481928
830 2909 -0.955014966 -0.000955014966 3.50481928
830 2909 -0.954709729 -0.000954709729 3.50481928
830 2909 -0.954655986 -0.000954655986 3.50481928
830 2909 -0.954718484 -0.000954718484 3.50481928
829 2902 -0.972873438 -0.000972873438 3.50060314
829 2902 -0.973322979 -0.000973322979 3.50060314
829 2902 -0.97283388 -0.00097283388 3.50060314
829 2902 -0.973223958 -0.000973223958 3.50060314
829 2902 -0.973336952 -0.000973336952 3.50060314
829 2902 -0.973092054 -0.000973092054 3.50060314
829 2902 -0.973175443 -0.000973175443 3.50060314
829 2902 -0.973117338 -0.000973117338 3.50060314
829 2902 -0.973190436 -0.000973190436 3.50060314
829 2902 -0.972816195 -0.000972816195 3.50060314
828 2892 -0.992831963 -0.000992831963 3.49275362
828 2893 -0.993340735 -0.000993340735 3.49396135
828 2896 -0.992134613 -0.000992134613 3.49758454
828 2896 -0.992411933 -0.000992411933 3.49758454
828 2896 -0.992434987 -0.000992434987 3.49758454
828 2896 -0.992776323 -0.000992776323 3.49758454
828 2896 -0.992188224 -0.000992188224 3.49758454
828 2896 -0.991934173 -0.000991934173 3.49758454
828 2896 -0.993326821 -0.000993326821 3.49758454
828 2896 -0.992857664 -0.000992857664 3.49758454
827 2891 -1.01146089 -0.00101146089 3.49576784
827 2891 -1.01163455 -0.00101163455 3.49576784
827 2888 -1.01128919 -0.00101128919 3.49214027
827 2888 -1.01257926 -0.00101257926 3.49214027
827 2888 -1.01225985 -0.00101225985 3.49214027
827 2889 -1.01181208 -0.00101181208 3.49334946
827 2889 -1.01150812 -0.00101150812 3.49334946
827 2886 -1.01155513 -0.00101155513 3.48972189
827 2886 -1.01163312 -0.00101163312 3.48972189
827 2886 -1.01176887 -0.00101176887 3.48972189
826 2879 -1.02975124 -0.00102975124 3.48547215
826 2881 -1.03000899 -0.00103000899 3.48789346
826 2879 -1.02921772 -0.00102921772 3.48547215
826 2882 -1.0278538 -0.0010278538 3.48910412
826 2879 -1.02677815 -0.00102677815 3.48547215
826 2878 -1.02687506 -0.00102687506 3.4842615
826 2879 -1.02668508 -0.00102668508 3.48547215
826 2879 -1.02683031 -0.00102683031 3.48547215
826 2878 -1.02633789 -0.00102633789 3.4842615
826 2878 -1.02677957 -0.00102677957 3.4842615
825 2873 -1.04298529 -0.00104298529 3.48242424
825 2873 -1.04328568 -0.00104328568 3.48242424
825 2873 -1.04353199 -0.00104353199 3.48242424
825 2873 -1.04335884 -0.00104335884 3.48242424
825 2873 -1.04354691 -0.00104354691 3.48242424
825 2873 -1.04338994 -0.00104338994 3.48242424
825 2873 -1.0429857 -0.0010429857 3.48242424
825 2873 -1.04266749 -0.00104266749 3.48242424
825 2873 -1.04434169 -0.00104434169 3.48242424
825 2873 -1.04367451 -0.00104367451 3.48242424
824 2863 -1.06097231 -0.00106097231 3.47451456
824 2863 -1.06036419 -0.00106036419 3.47451456
824 2863 -1.06067376 -0.00106067376 3.47451456
824 2863 -1.06053087 -0.00106053087 3.47451456
824 2863 -1.06062664 -0.00106062664 3.47451456
824 2863 -1.06056613 -0.00106056613 3.47451456
824 2863 -1.06067224 -0.00106067224 3.47451456
824 2863 -1.06065079 -0.00106065079 3.47451456
824 2863 -1.06063829 -0.00106063829 3.47451456
824 2863 -1.06066285 -0.00106066285 3.47451456
823 2856 -1.07886452 -0.00107886452 3.47023086
823 2856 -1.07926933 -0.00107926933 3.47023086
823 2855 -1.07936638 -0.00107936638 3.4690158
823 2855 -1.07933961 -0.00107933961 3.4690158
823 2853 -1.07986095 -0.00107986095 3.46658566
823 2858 -1.07975525 -0.00107975525 3.472661
823 2853 -1.0801083 -0.0010801083 3.46658566
823 2855 -1.07951251 -0.00107951251 3.4690158
823 2855 -1.07936833 -0.00107936833 3.4690158
823 2855 -1.07932898 -0.00107932898 3.4690158
822 2850 -1.09744455 -0.00109744455 3.46715328
822 2851 -1.09749574 -0.00109749574 3.46836983
822 2850 -1.09746967 -0.00109746967 3.46715328
822 2850 -1.09752495 -0.00109752495 3.46715328
822 2849 -1.09740939 -0.00109740939 3.46593674
822 2850 -1.09668657 -0.00109668657 3.46715328
822 2850 -1.09721845 -0.00109721845 3.46715328
822 2849 -1.09752172 -0.00109752172 3.46593674
822 2849 -1.09701002 -0.00109701002 3.46593674
822 2850 -1.09753966 -0.00109753966 3.46715328
821 2843 -1.11542665 -0.00111542665 3.46285018
821 2844 -1.11494723 -0.00111494723 3.46406821
821 2844 -1.11510928 -0.00111510928 3.46406821
821 2844 -1.11474297 -0.00111474297 3.46406821
821 2844 -1.11520093 -0.00111520093 3.46406821
821 2844 -1.11452606 -0.00111452606 3.46406821
821 2844 -1.1148883 -0.0011148883 3.46406821
821 2840 -1.11460327 -0.00111460327 3.4591961
821 2842 -1.11500786 -0.00111500786 3.46163216
821 2841 -1.10848262 -0.00110848262 3.46041413
820 2833 -1.11718519 -0.00111718519 3.45487805
820 2832 -1.11013032 -0.00111013032 3.45365854
820 2833 -1.10528046 -0.00110528046 3.45487805
820 2833 -1.10393888 -0.00110393888 3.45487805
820 2836 -1.10346666 -0.00110346666 3.45853659
820 2836 -1.10336329 -0.00110336329 3.45853659
820 2836 -1.10310128 -0.00110310128 3.45853659
820 2836 -1.10347097 -0.00110347097 3.45853659
820 2836 -1.10232916 -0.00110232916 3.45853659
820 2836 -1.10337023 -0.00110337023 3.45853659
819 2828 -1.12014463 -0.00112014463 3.45299145
819 2830 -1.12078224 -0.00112078224 3.45543346
819 2828 -1.12018937 -0.00112018937 3.45299145
819 2830 -1.12044836 -0.00112044836 3.45543346
819 2828 -1.12058184 -0.00112058184 3.45299145
819 2830 -1.12046163 -0.00112046163 3.45543346
819 2828 -1.1202027 -0.0011202027 3.45299145
819 2830 -1.1205919 -0.0011205919 3.45543346
819 2828 -1.11972958 -0.00111972958 3.45299145
819 2830 -1.11988415 -0.00111988415 3.45543346
818 2822 -1.13609072 -0.00113609072 3.44987775
818 2822 -1.13673255 -0.00113673255 3.44987775
818 2822 -1.13634136 -0.00113634136 3.44987775
818 2822 -1.13688141 -0.00113688141 3.44987775
818 2822 -1.13655915 -0.00113655915 3.44987775
818 2822 -1.13652855 -0.00113652855 3.44987775
818 2822 -1.1359444 -0.0011359444 3.44987775
818 2822 -1.13623076 -0.00113623076 3.44987775
818 2822 -1.1368256 -0.0011368256 3.44987775
818 2822 -1.13696427 -0.00113696427 3.44987775
817 2820 -1.15454903 -0.00115454903 3.45165239
817 2820 -1.15476904 -0.00115476904 3.45165239
817 2820 -1.15355554 -0.00115355554 3.45165239
817 2820 -1.15405325 -0.00115405325 3.45165239
817 2820 -1.15333489 -0.00115333489 3.45165239
817 2820 -1.15406162 -0.00115406162 3.45165239
817 2820 -1.15422162 -0.00115422162 3.45165239
817 2820 -1.1542804 -0.0011542804 3.45165239
817 2820 -1.15419291 -0.00115419291 3.45165239
817 2820 -1.15397239 -0.00115397239 3.45165239
816 2816 -1.17150493 -0.00117150493 3.45098039
816 2816 -1.17162567 -0.00117162567 3.45098039
816 2813 -1.1714565 -0.0011714565 3.44730392
816 2813 -1.17223054 -0.00117223054 3.44730392
816 2816 -1.17131262 -0.00117131262 3.45098039
816 2816 -1.1710958 -0.0011710958 3.45098039
816 2813 -1.17124369 -0.00117124369 3.44730392
816 2816 -1.17162408 -0.00117162408 3.45098039
816 2813 -1.17185731 -0.00117185731 3.44730392
816 2813 -1.17202788 -0.00117202788 3.44730392
815 2809 -1.18933684 -0.00118933684 3.44662577
815 2809 -1.18840977 -0.00118840977 3.44662577
815 2809 -1.18900006 -0.00118900006 3.44662577
815 2809 -1.18940931 -0.00118940931 3.44662577
815 2809 -1.18910041 -0.00118910041 3.44662577
815 2809 -1.18917905 -0.00118917905 3.44662577
815 2809 -1.18894516 -0.00118894516 3.44662577
815 2809 -1.1890677 -0.0011890677 3.44662577
815 2809 -1.18913218 -0.00118913218 3.44662577
815 2809 -1.18846756 -0.00118846756 3.44662577
814 2803 -1.20637272 -0.00120637272 3.44348894
814 2802 -1.20624049 -0.00120624049 3.44226044
814 2802 -1.20673064 -0.00120673064 3.44226044
814 2803 -1.20644893 -0.00120644893 3.44348894
814 2802 -1.20622155 -0.00120622155 3.44226044
814 2802 -1.20684338 -0.00120684338 3.44226044
814 2803 -1.20594171 -0.00120594171 3.44348894
814 2802 -1.20647119 -0.00120647119 3.44226044
814 2802 -1.20656767 -0.00120656767 3.44226044
814 2803 -1.20601914 -0.00120601914 3.44348894
813 2796 -1.22465206 -0.00122465206 3.43911439
813 2796 -1.2241445 -0.0012241445 3.43911439
813 2796 -1.22482333 -0.00122482333 3.43911439
813 2796 -1.22479121 -0.00122479121 3.43911439
813 2796 -1.22532517 -0.00122532517 3.43911439
813 2798 -1.22539474 -0.00122539474 3.44157442
813 2796 -1.22438017 -0.00122438017 3.43911439
813 2796 -1.22391557 -0.00122391557 3.43911439
813 2798 -1.22476412 -0.00122476412 3.44157442
813 2796 -1.22489746 -0.00122489746 3.43911439
812 2790 -1.24315326 -0.00124315326 3.43596059
812 2792 -1.24312611 -0.00124312611 3.43842365
812 2792 -1.24321225 -0.00124321225 3.43842365
812 2790 -1.2426455 -0.0012426455 3.43596059
812 2792 -1.24291405 -0.00124291405 3.43842365
812 2792 -1.24261157 -0.00124261157 3.43842365
812 2792 -1.24281243 -0.00124281243 3.43842365
812 2792 -1.24333372 -0.00124333372 3.43842365
812 2792 -1.24260326 -0.00124260326 3.43842365
812 2790 -1.24304845 -0.00124304845 3.43596059
811 2786 -1.26092178 -0.00126092178 3.4352651
811 2785 -1.26080458 -0.00126080458 3.43403206
811 2785 -1.26102714 -0.00126102714 3.43403206
811 2785 -1.26052496 -0.00126052496 3.43403206
811 2786 -1.26112164 -0.00126112164 3.4352651
811 2786 -1.26091631 -0.00126091631 3.4352651
811 2786 -1.26098821 -0.00126098821 3.4352651
811 2786 -1.26165639 -0.00126165639 3.4352651
811 2786 -1.26054697 -0.00126054697 3.4352651
811 2786 -1.2608988 -0.0012608988 3.4352651
810 2779 -1.27877062 -0.00127877062 3.4308642
810 2779 -1.27798294 -0.00127798294 3.4308642
810 2779 -1.27870071 -0.00127870071 3.4308642
810 2779 -1.27817082 -0.00127817082 3.4308642
810 2779 -1.27839017 -0.00127839017 3.4308642
810 2779 -1.27905338 -0.00127905338 3.4308642
810 2779 -1.27710673 -0.00127710673 3.4308642
810 2779 -1.27930878 -0.00127930878 3.4308642
810 2779 -1.27780016 -0.00127780016 3.4308642
810 2779 -1.27889411 -0.00127889411 3.4308642
809 2774 -1.29765859 -0.00129765859 3.4289246
809 2774 -1.29746386 -0.00129746386 3.4289246
809 2773 -1.29669475 -0.00129669475 3.4276885
809 2773 -1.29647498 -0.00129647498 3.4276885
809 2774 -1.29609999 -0.00129609999 3.4289246
809 2774 -1.29721232 -0.00129721232 3.4289246
809 2773 -1.29594147 -0.00129594147 3.4276885
809 2773 -1.29640596 -0.00129640596 3.4276885
809 2774 -1.29630622 -0.00129630622 3.4289246
809 2774 -1.29711519 -0.00129711519 3.4289246
808 2767 -1.31466409 -0.00131466409 3.42450495
808 2767 -1.31457882 -0.00131457882 3.42450495
808 2767 -1.31458326 -0.00131458326 3.42450495
808 2767 -1.31435914 -0.00131435914 3.42450495
808 2767 -1.31494237 -0.00131494237 3.42450495
808 2767 -1.31444641 -0.00131444641 3.42450495
808 2767 -1.31477346 -0.00131477346 3.42450495
808 2767 -1.31452337 -0.00131452337 3.42450495
808 2767 -1.31504078 -0.00131504078 3.42450495
808 2767 -1.31422568 -0.00131422568 3.42450495
807 2762 -1.33286457 -0.00133286457 3.42255266
807 2763 -1.32141041 -0.00132141041 3.42379182
807 2761 -1.3162736 -0.0013162736 3.42131351
807 2761 -1.31633095 -0.00131633095 3.42131351
807 2762 -1.31634543 -0.00131634543 3.42255266
807 2761 -1.31610775 -0.00131610775 3.42131351
807 2761 -1.31681809 -0.00131681809 3.42131351
807 2762 -1.31606314 -0.00131606314 3.42255266
807 2761 -1.31620428 -0.00131620428 3.42131351
807 2761 -1.3160162 -0.0013160162 3.42131351
806 2757 -1.33429877 -0.00133429877 3.42059553
806 2757 -1.33399495 -0.00133399495 3.42059553
806 2756 -1.33460288 -0.00133460288 3.41935484
806 2757 -1.33382861 -0.00133382861 3.42059553
806 2756 -1.33436808 -0.00133436808 3.41935484
806 2757 -1.33449914 -0.00133449914 3.42059553
806 2757 -1.33420446 -0.00133420446 3.42059553
806 2756 -1.33419943 -0.00133419943 3.41935484
806 2755 -1.33492809 -0.00133492809 3.41811414
806 2757 -1.33376837 -0.00133376837 3.42059553
805 2750 -1.35138046 -0.00135138046 3.41614907
805 2750 -1.35179308 -0.00135179308 3.41614907
805 2750 -1.35131246 -0.00135131246 3.41614907
805 2750 -1.35161308 -0.00135161308 3.41614907
805 2750 -1.35195998 -0.00135195998 3.41614907
805 2750 -1.35185321 -0.00135185321 3.41614907
805 2750 -1.35171807 -0.00135171807 3.41614907
805 2750 -1.3508597 -0.0013508597 3.41614907
805 2750 -1.35183577 -0.00135183577 3.41614907
805 2750 -1.35138349 -0.00135138349 3.41614907
804 2746 -1.36941215 -0.00136941215 3.41542289
804 2746 -1.36956825 -0.00136956825 3.41542289
804 2742 -1.36968261 -0.00136968261 3.41044776
804 2742 -1.36950622 -0.00136950622 3.41044776
804 2746 -1.37032484 -0.00137032484 3.41542289
804 2746 -1.37058827 -0.00137058827 3.41542289
804 2744 -1.37064719 -0.00137064719 3.41293532
804 2742 -1.3689845 -0.0013689845 3.41044776
804 2746 -1.36886236 -0.00136886236 3.41542289
804 2746 -1.36994716 -0.00136994716 3.41542289
803 2741 -1.38850856 -0.00138850856 3.41344956
803 2742 -1.38786864 -0.00138786864 3.41469489
803 2738 -1.38697429 -0.00138697429 3.40971357
803 2737 -1.38768664 -0.00138768664 3.40846824
803 2737 -1.38785385 -0.00138785385 3.40846824
803 2738 -1.38744811 -0.00138744811 3.40971357
803 2739 -1.3869504 -0.0013869504 3.4109589
803 2737 -1.38789348 -0.00138789348 3.40846824
803 2739 -1.38715431 -0.00138715431 3.4109589
803 2739 -1.38699988 -0.00138699988 3.4109589
802 2735 -1.40567782 -0.00140567782 3.41022444
802 2731 -1.40511803 -0.00140511803 3.40523691
802 2731 -1.40602417 -0.00140602417 3.40523691
802 2731 -1.40503183 -0.00140503183 3.40523691
802 2732 -1.40480225 -0.00140480225 3.40648379
802 2734 -1.40671056 -0.00140671056 3.40897756
802 2731 -1.40492409 -0.00140492409 3.40523691
802 2731 -1.40529362 -0.00140529362 3.40523691
802 2735 -1.40511307 -0.00140511307 3.41022444
802 2735 -1.4056703 -0.0014056703 3.41022444
801 2727 -1.42245287 -0.00142245287 3.40449438
801 2727 -1.42305069 -0.00142305069 3.40449438
801 2727 -1.4230885 -0.0014230885 3.40449438
801 2727 -1.42300226 -0.00142300226 3.40449438
801 2727 -1.42297088 -0.00142297088 3.40449438
801 2727 -1.42316979 -0.00142316979 3.40449438
801 2727 -1.42306778 -0.00142306778 3.40449438
801 2727 -1.42329268 -0.00142329268 3.40449438
801 2727 -1.42347076 -0.00142347076 3.40449438
801 2727 -1.42300287 -0.00142300287 3.40449438
800 2723 -1.44119117 -0.00144119117 3.40375
800 2725 -1.44130798 -0.00144130798 3.40625
800 2725 -1.44162826 -0.00144162826 3.40625
800 2723 -1.44189864 -0.00144189864 3.40375
800 2725 -1.44158718 -0.00144158718 3.40625
800 2723 -1.44081157 -0.00144081157 3.40375
800 2725 -1.44048883 -0.00144048883 3.40625
800 2723 -1.44098798 -0.00144098798 3.40375
800 2723 -1.4413619 -0.0014413619 3.40375
800 2725 -1.44165114 -0.00144165114 3.40625
799 2721 -1.45858812 -0.00145858812 3.40550688
799 2721 -1.45910475 -0.00145910475 3.40550688
799 2721 -1.45969093 -0.00145969093 3.40550688
799 2721 -1.45977653 -0.00145977653 3.40550688
799 2721 -1.45886301 -0.00145886301 3.40550688
799 2721 -1.45880337 -0.00145880337 3.40550688
799 2721 -1.45913285 -0.00145913285 3.40550688
799 2721 -1.45991606 -0.00145991606 3.40550688
799 2721 -1.46048291 -0.00146048291 3.40550688
799 2721 -1.45986813 -0.00145986813 3.40550688
798 2711 -1.47812398 -0.00147812398 3.39724311
798 2711 -1.47848268 -0.00147848268 3.39724311
798 2714 -1.47825234 -0.00147825234 3.40100251
798 2712 -1.47824019 -0.00147824019 3.39849624
798 2712 -1.47851202 -0.00147851202 3.39849624
798 2715 -1.47764799 -0.00147764799 3.40225564
798 2714 -1.46728074 -0.00146728074 3.40100251
798 2714 -1.46809958 -0.00146809958 3.40100251
798 2714 -1.46804068 -0.00146804068 3.40100251
798 2714 -1.4690965 -0.0014690965 3.40100251
797 2710 -1.48591609 -0.00148591609 3.40025094
797 2710 -1.48602323 -0.00148602323 3.40025094
797 2710 -1.4861275 -0.0014861275 3.40025094
797 2710 -1.48610945 -0.00148610945 3.40025094
797 2710 -1.48581729 -0.00148581729 3.40025094
797 2710 -1.48562803 -0.00148562803 3.40025094
797 2710 -1.48672265 -0.00148672265 3.40025094
797 2707 -1.48714894 -0.00148714894 3.39648683
797 2707 -1.4868246 -0.0014868246 3.39648683
797 2707 -1.48775522 -0.00148775522 3.39648683
796 2702 -1.50466434 -0.00150466434 3.39447236
796 2701 -1.50715538 -0.00150715538 3.39321608
796 2699 -1.504444 -0.001504444 3.39070352
796 2699 -1.50501378 -0.00150501378 3.39070352
796 2701 -1.50538388 -0.00150538388 3.39321608
796 2699 -1.50534047 -0.00150534047 3.39070352
796 2701 -1.50506914 -0.00150506914 3.39321608
796 2701 -1.50505611 -0.00150505611 3.39321608
796 2701 -1.50560754 -0.00150560754 3.39321608
796 2701 -1.50704441 -0.00150704441 3.39321608
795 2697 -1.52464293 -0.00152464293 3.39245283
795 2697 -1.52495887 -0.00152495887 3.39245283
795 2697 -1.52687859 -0.00152687859 3.39245283
795 2694 -1.52688781 -0.00152688781 3.38867925
795 2692 -1.52329888 -0.00152329888 3.38616352
795 2692 -1.52356492 -0.00152356492 3.38616352
795 2696 -1.52675052 -0.00152675052 3.39119497
SP does not find any fixed points -> SP does not converge.
I am sorry I quit :(
