START ALGORITHM:
I am going to build an instance with N: 300 variables and 1245 clauses with a clause density equal to 4.15
START BSP WITH r=0.9:
Decimation scorer: cert
END UNIT PROPAGATION
300 1245 1.92963742 0.00643212475 4.15
300 1245 1.92951253 0.00643170843 4.15
300 1245 1.92951158 0.00643170528 4.15
300 1245 1.92938471 0.00643128237 4.15
300 1245 1.92937858 0.00643126192 4.15
300 1245 1.92938465 0.00643128217 4.15
300 1245 1.92938936 0.00643129786 4.15
300 1245 1.92941198 0.00643137328 4.15
300 1245 1.92936857 0.00643122857 4.15
299 1237 1.92713813 0.00642379376 4.13712375
299 1237 1.92712379 0.00642374598 4.13712375
299 1240 1.92938534 0.00643128446 4.14715719
299 1240 1.92939396 0.0064313132 4.14715719
299 1240 1.92940635 0.00643135451 4.14715719
299 1240 1.92939948 0.00643133161 4.14715719
299 1240 1.92940544 0.00643135147 4.14715719
299 1240 1.92940449 0.0064313483 4.14715719
299 1240 1.92937693 0.00643125644 4.14715719
299 1240 1.92940069 0.00643133563 4.14715719
298 1236 1.92790022 0.00642633405 4.14765101
298 1236 1.9279033 0.00642634433 4.14765101
298 1237 1.92925313 0.00643084378 4.15100671
298 1237 1.92924994 0.00643083314 4.15100671
298 1235 1.92939367 0.00643131224 4.1442953
298 1235 1.92939356 0.00643131187 4.1442953
298 1235 1.92940423 0.00643134743 4.1442953
298 1235 1.92937556 0.00643125188 4.1442953
298 1235 1.92936711 0.00643122369 4.1442953
298 1235 1.92938845 0.00643129484 4.1442953
297 1225 1.9265375 0.00642179168 4.12457912
297 1232 1.92926001 0.00643086669 4.14814815
297 1232 1.92926818 0.00643089394 4.14814815
297 1232 1.92927223 0.00643090744 4.14814815
297 1232 1.92926905 0.00643089683 4.14814815
297 1232 1.92924988 0.00643083292 4.14814815
297 1232 1.92926086 0.00643086952 4.14814815
297 1232 1.92926287 0.00643087623 4.14814815
297 1232 1.92931335 0.00643104451 4.14814815
297 1232 1.92928769 0.00643095895 4.14814815
296 1225 1.92432034 0.00641440113 4.13851351
296 1219 1.92605769 0.0064201923 4.11824324
296 1219 1.9260198 0.00642006598 4.11824324
296 1219 1.92607283 0.00642024278 4.11824324
296 1224 1.92702667 0.00642342223 4.13513514
296 1224 1.92704086 0.00642346953 4.13513514
296 1224 1.92698434 0.00642328114 4.13513514
296 1226 1.92927721 0.00643092402 4.14189189
296 1226 1.92926242 0.00643087473 4.14189189
296 1226 1.92927116 0.00643090387 4.14189189
295 1217 1.9230898 0.00641029932 4.12542373
295 1216 1.9252869 0.006417623 4.1220339
295 1216 1.92645607 0.00642152023 4.1220339
295 1222 1.92780027 0.0064260009 4.14237288
295 1222 1.92779765 0.00642599218 4.14237288
295 1222 1.92778514 0.00642595048 4.14237288
295 1222 1.92778129 0.00642593764 4.14237288
295 1222 1.92777606 0.00642592021 4.14237288
295 1222 1.92783698 0.00642612327 4.14237288
295 1222 1.92776678 0.00642588928 4.14237288
294 1212 1.92383417 0.00641278057 4.12244898
294 1209 1.92454155 0.0064151385 4.1122449
294 1212 1.92492989 0.00641643295 4.12244898
294 1212 1.92493875 0.00641646249 4.12244898
294 1212 1.92492555 0.0064164185 4.12244898
294 1212 1.92497822 0.00641659407 4.12244898
294 1212 1.92492185 0.00641640617 4.12244898
294 1214 1.92556167 0.00641853892 4.1292517
294 1214 1.92558298 0.00641860992 4.1292517
294 1214 1.9255405 0.00641846835 4.1292517
293 1202 1.91918353 0.00639727842 4.10238908
293 1202 1.91913145 0.00639710482 4.10238908
293 1202 1.91917503 0.0063972501 4.10238908
293 1203 1.92211576 0.00640705255 4.10580205
293 1203 1.92211868 0.00640706225 4.10580205
293 1204 1.92273992 0.00640913308 4.10921502
293 1204 1.92270253 0.00640900844 4.10921502
293 1204 1.92271162 0.00640903873 4.10921502
293 1204 1.92271493 0.00640904978 4.10921502
293 1204 1.9227223 0.00640907434 4.10921502
292 1196 1.91589938 0.00638633128 4.09589041
292 1196 1.91592564 0.00638641881 4.09589041
292 1201 1.91637274 0.00638790915 4.1130137
292 1201 1.91632269 0.00638774229 4.1130137
292 1201 1.91622366 0.0063874122 4.1130137
292 1195 1.91670721 0.00638902403 4.09246575
292 1197 1.9178154 0.00639271801 4.09931507
292 1191 1.91948977 0.00639829923 4.07876712
292 1191 1.91951535 0.00639838451 4.07876712
292 1191 1.91963652 0.00639878839 4.07876712
291 1180 1.91610416 0.00638701386 4.05498282
291 1180 1.91616024 0.0063872008 4.05498282
291 1180 1.91618018 0.00638726726 4.05498282
291 1180 1.91614392 0.00638714641 4.05498282
291 1180 1.91610472 0.00638701573 4.05498282
291 1180 1.91612451 0.00638708171 4.05498282
291 1180 1.91610153 0.00638700511 4.05498282
291 1180 1.9161499 0.00638716632 4.05498282
291 1180 1.91615964 0.0063871988 4.05498282
291 1180 1.91618236 0.00638727452 4.05498282
290 1177 1.90976179 0.00636587263 4.05862069
290 1176 1.90932222 0.0063644074 4.05517241
290 1171 1.91015073 0.00636716909 4.03793103
290 1173 1.9115614 0.00637187135 4.04482759
290 1173 1.91161414 0.00637204715 4.04482759
290 1170 1.91226459 0.0063742153 4.03448276
290 1170 1.91228187 0.00637427289 4.03448276
290 1170 1.91228777 0.00637429258 4.03448276
290 1170 1.91231382 0.0063743794 4.03448276
290 1170 1.9122861 0.006374287 4.03448276
289 1161 1.90368111 0.00634560369 4.01730104
289 1161 1.90347835 0.00634492782 4.01730104
289 1163 1.90772266 0.00635907555 4.02422145
289 1163 1.90784657 0.00635948856 4.02422145
289 1163 1.90754652 0.0063584884 4.02422145
289 1163 1.90750487 0.00635834956 4.02422145
289 1163 1.90752187 0.00635840622 4.02422145
289 1163 1.90779239 0.00635930795 4.02422145
289 1163 1.9077934 0.00635931135 4.02422145
289 1163 1.90757027 0.00635856756 4.02422145
288 1149 1.90016119 0.00633387063 3.98958333
288 1154 1.90188961 0.00633963203 4.00694444
288 1154 1.90183643 0.00633945475 4.00694444
288 1154 1.90187178 0.00633957261 4.00694444
288 1154 1.90182602 0.00633942008 4.00694444
288 1154 1.90186612 0.00633955374 4.00694444
288 1154 1.90187789 0.00633959297 4.00694444
288 1159 1.90204319 0.00634014397 4.02430556
288 1159 1.90211089 0.00634036964 4.02430556
288 1159 1.90205789 0.00634019298 4.02430556
287 1150 1.89252311 0.00630841038 4.00696864
287 1150 1.89247187 0.00630823958 4.00696864
287 1145 1.89453822 0.00631512741 3.98954704
287 1156 1.89677351 0.00632257838 4.02787456
287 1156 1.89675473 0.00632251578 4.02787456
287 1156 1.89680899 0.00632269663 4.02787456
287 1156 1.8967652 0.00632255067 4.02787456
287 1156 1.89680323 0.00632267744 4.02787456
287 1156 1.89679056 0.00632263521 4.02787456
287 1156 1.89687094 0.00632290314 4.02787456
286 1147 1.88840145 0.00629467149 4.01048951
286 1147 1.88840363 0.00629467877 4.01048951
286 1148 1.89017471 0.00630058236 4.01398601
286 1148 1.89021376 0.00630071253 4.01398601
286 1148 1.89014517 0.00630048392 4.01398601
286 1144 1.89082861 0.00630276205 4
286 1144 1.89084346 0.00630281154 4
286 1144 1.89076454 0.00630254847 4
286 1144 1.8908249 0.00630274968 4
286 1144 1.89072686 0.00630242285 4
285 1136 1.87926491 0.00626421638 3.98596491
285 1135 1.8852615 0.00628420498 3.98245614
285 1135 1.88505412 0.00628351375 3.98245614
285 1135 1.88527185 0.00628423949 3.98245614
285 1135 1.88529143 0.00628430475 3.98245614
285 1135 1.88525603 0.00628418678 3.98245614
285 1135 1.88523931 0.00628413102 3.98245614
285 1135 1.88519293 0.00628397643 3.98245614
285 1135 1.88516048 0.00628386826 3.98245614
285 1135 1.88532449 0.00628441497 3.98245614
284 1128 1.8741683 0.00624722766 3.97183099
284 1128 1.87415172 0.00624717241 3.97183099
284 1128 1.87423679 0.00624745596 3.97183099
284 1127 1.87846078 0.00626153592 3.96830986
284 1126 1.87857716 0.00626192386 3.96478873
284 1126 1.87857756 0.00626192521 3.96478873
284 1126 1.87866892 0.00626222973 3.96478873
284 1126 1.87853789 0.00626179297 3.96478873
284 1126 1.87858229 0.00626194097 3.96478873
284 1126 1.87852112 0.00626173707 3.96478873
283 1116 1.86855575 0.00622851918 3.9434629
283 1118 1.87182769 0.00623942565 3.95053004
283 1118 1.87176335 0.00623921118 3.95053004
283 1118 1.87190641 0.00623968804 3.95053004
283 1118 1.87193194 0.00623977313 3.95053004
283 1118 1.87173952 0.00623913175 3.95053004
283 1118 1.87186287 0.0062395429 3.95053004
283 1118 1.8719932 0.00623997732 3.95053004
283 1118 1.87187784 0.00623959279 3.95053004
283 1118 1.87170518 0.00623901726 3.95053004
282 1109 1.86389388 0.00621297958 3.93262411
282 1105 1.86461986 0.00621539955 3.91843972
282 1105 1.86445184 0.00621483948 3.91843972
282 1105 1.86436099 0.00621453662 3.91843972
282 1105 1.86440064 0.00621466882 3.91843972
282 1105 1.86454647 0.00621515491 3.91843972
282 1105 1.86435505 0.00621451684 3.91843972
282 1105 1.86441459 0.00621471528 3.91843972
282 1105 1.8644317 0.00621477235 3.91843972
282 1105 1.86431333 0.00621437775 3.91843972
281 1095 1.85462447 0.00618208156 3.89679715
281 1095 1.85446981 0.00618156603 3.89679715
281 1095 1.85454174 0.00618180581 3.89679715
281 1095 1.85439969 0.00618133229 3.89679715
281 1095 1.85482284 0.00618274278 3.89679715
281 1095 1.85440324 0.00618134412 3.89679715
281 1095 1.85453848 0.00618179495 3.89679715
281 1096 1.85572437 0.00618574789 3.90035587
281 1096 1.8566989 0.00618899632 3.90035587
281 1096 1.85658309 0.0061886103 3.90035587
280 1089 1.8474541 0.00615818034 3.88928571
280 1089 1.84774557 0.00615915188 3.88928571
280 1089 1.84734688 0.00615782294 3.88928571
280 1089 1.84730565 0.00615768552 3.88928571
280 1089 1.84740842 0.00615802807 3.88928571
280 1089 1.84753966 0.00615846552 3.88928571
280 1089 1.84760313 0.0061586771 3.88928571
280 1087 1.84803825 0.00616012749 3.88214286
280 1087 1.84802932 0.00616009775 3.88214286
280 1087 1.84797287 0.00615990957 3.88214286
279 1079 1.83699575 0.00612331916 3.86738351
279 1080 1.83921393 0.0061307131 3.87096774
279 1080 1.83910471 0.00613034904 3.87096774
279 1081 1.83943419 0.00613144728 3.87455197
279 1081 1.83948963 0.0061316321 3.87455197
279 1081 1.83953586 0.00613178618 3.87455197
279 1081 1.83945398 0.00613151328 3.87455197
279 1081 1.83935221 0.00613117405 3.87455197
279 1081 1.83956274 0.0061318758 3.87455197
279 1081 1.83950998 0.00613169994 3.87455197
278 1078 1.82747791 0.00609159303 3.87769784
278 1073 1.82876141 0.00609587135 3.85971223
278 1072 1.82986167 0.00609953889 3.85611511
278 1072 1.82968447 0.00609894824 3.85611511
278 1072 1.82960937 0.00609869789 3.85611511
278 1072 1.82971747 0.00609905822 3.85611511
278 1072 1.82990734 0.00609969112 3.85611511
278 1072 1.82955758 0.00609852526 3.85611511
278 1072 1.82961772 0.00609872574 3.85611511
278 1072 1.82980776 0.00609935922 3.85611511
277 1065 1.82113972 0.00607046574 3.84476534
277 1065 1.82102772 0.00607009241 3.84476534
277 1065 1.82124834 0.00607082781 3.84476534
277 1065 1.82124529 0.00607081762 3.84476534
277 1065 1.82118351 0.00607061169 3.84476534
277 1067 1.82129666 0.00607098887 3.85198556
277 1067 1.8211516 0.00607050532 3.85198556
277 1067 1.8212255 0.00607075168 3.85198556
277 1067 1.82118299 0.00607060998 3.85198556
277 1067 1.82117926 0.00607059754 3.85198556
276 1058 1.80793067 0.00602643557 3.83333333
276 1061 1.80836387 0.00602787955 3.8442029
276 1061 1.80819417 0.0060273139 3.8442029
276 1061 1.80999394 0.00603331312 3.8442029
276 1061 1.80982884 0.00603276281 3.8442029
276 1059 1.81100536 0.00603668452 3.83695652
276 1059 1.81098753 0.00603662509 3.83695652
276 1059 1.81088263 0.00603627544 3.83695652
276 1059 1.81106268 0.00603687561 3.83695652
276 1059 1.81088793 0.0060362931 3.83695652
275 1053 1.79711269 0.00599037563 3.82909091
275 1050 1.79616979 0.00598723262 3.81818182
275 1050 1.79623316 0.00598744388 3.81818182
275 1056 1.7999934 0.005999978 3.84
275 1048 1.7986453 0.00599548433 3.81090909
275 1048 1.79854026 0.0059951342 3.81090909
275 1048 1.79871492 0.00599571641 3.81090909
275 1048 1.7986894 0.00599563134 3.81090909
275 1053 1.80051468 0.00600171559 3.82909091
275 1051 1.79982783 0.00599942611 3.82181818
274 1042 1.79058777 0.00596862589 3.80291971
274 1042 1.7906169 0.005968723 3.80291971
274 1042 1.7905444 0.00596848135 3.80291971
274 1042 1.79061803 0.00596872677 3.80291971
274 1042 1.79051928 0.00596839762 3.80291971
274 1043 1.79134236 0.0059711412 3.80656934
274 1043 1.79126216 0.00597087386 3.80656934
274 1043 1.79150052 0.00597166841 3.80656934
274 1043 1.79130043 0.00597100142 3.80656934
274 1043 1.79133854 0.00597112846 3.80656934
273 1037 1.77874351 0.00592914505 3.7985348
273 1037 1.77805016 0.00592683386 3.7985348
273 1037 1.7801964 0.00593398799 3.7985348
273 1035 1.78177097 0.00593923656 3.79120879
273 1035 1.78156842 0.00593856141 3.79120879
273 1035 1.78170445 0.00593901484 3.79120879
273 1035 1.78173709 0.00593912362 3.79120879
273 1035 1.7816747 0.00593891568 3.79120879
273 1035 1.78167318 0.00593891061 3.79120879
273 1035 1.78170954 0.0059390318 3.79120879
272 1026 1.76846721 0.00589489069 3.77205882
272 1029 1.76898848 0.00589662826 3.78308824
272 1029 1.76922034 0.00589740112 3.78308824
272 1029 1.76811394 0.00589371312 3.78308824
272 1028 1.76842895 0.00589476315 3.77941176
272 1028 1.76836627 0.00589455424 3.77941176
272 1027 1.77728358 0.00592427861 3.77573529
272 1027 1.77726169 0.00592420562 3.77573529
272 1027 1.77707045 0.00592356815 3.77573529
272 1027 1.77727647 0.0059242549 3.77573529
271 1021 1.76408678 0.00588028927 3.76752768
271 1021 1.7640543 0.005880181 3.76752768
271 1019 1.76757691 0.00589192304 3.7601476
271 1019 1.76744971 0.00589149903 3.7601476
271 1019 1.7674749 0.00589158299 3.7601476
271 1019 1.76760108 0.00589200361 3.7601476
271 1019 1.76746084 0.00589153613 3.7601476
271 1019 1.76749441 0.00589164803 3.7601476
271 1019 1.76751837 0.0058917279 3.7601476
271 1019 1.76753536 0.00589178452 3.7601476
270 1012 1.75338887 0.00584462957 3.74814815
270 1013 1.7540845 0.00584694833 3.75185185
270 1013 1.75753827 0.00585846089 3.75185185
270 1013 1.75787199 0.00585957331 3.75185185
270 1013 1.7577818 0.00585927268 3.75185185
270 1013 1.7576409 0.00585880298 3.75185185
270 1013 1.75773418 0.00585911392 3.75185185
270 1013 1.75775592 0.0058591864 3.75185185
270 1013 1.75785946 0.00585953152 3.75185185
270 1013 1.75767803 0.00585892676 3.75185185
269 1005 1.74814866 0.00582716221 3.73605948
269 1005 1.74822673 0.00582742242 3.73605948
269 1005 1.74805984 0.00582686615 3.73605948
269 1005 1.74813557 0.00582711858 3.73605948
269 1005 1.74835541 0.00582785138 3.73605948
269 1005 1.74808414 0.00582694712 3.73605948
269 1005 1.74828497 0.00582761656 3.73605948
269 1005 1.74818738 0.00582729127 3.73605948
269 1005 1.74827676 0.00582758919 3.73605948
269 1005 1.74811377 0.0058270459 3.73605948
268 999 1.73532498 0.00578441661 3.72761194
268 999 1.7352129 0.005784043 3.72761194
268 999 1.73497699 0.00578325663 3.72761194
268 999 1.73501434 0.00578338112 3.72761194
268 999 1.74188157 0.0058062719 3.72761194
268 999 1.74175192 0.00580583973 3.72761194
268 999 1.74166623 0.00580555411 3.72761194
268 999 1.74178588 0.00580595293 3.72761194
268 999 1.74180173 0.00580600578 3.72761194
268 999 1.7420488 0.00580682933 3.72761194
267 993 1.73091436 0.00576971452 3.71910112
267 993 1.73085752 0.00576952508 3.71910112
267 993 1.73074475 0.00576914916 3.71910112
267 993 1.73072112 0.0057690704 3.71910112
267 993 1.7308325 0.00576944166 3.71910112
267 993 1.73086897 0.00576956322 3.71910112
267 993 1.73059133 0.00576863776 3.71910112
267 993 1.73064138 0.00576880461 3.71910112
267 993 1.73110602 0.00577035339 3.71910112
267 993 1.73261755 0.00577539183 3.71910112
266 986 1.71607005 0.00572023349 3.70676692
266 986 1.71595258 0.00571984194 3.70676692
266 986 1.71574257 0.0057191419 3.70676692
266 986 1.71557853 0.0057185951 3.70676692
266 989 1.71000632 0.00570002106 3.71804511
266 989 1.70973338 0.00569911128 3.71804511
266 986 1.71801871 0.00572672904 3.70676692
266 986 1.71783009 0.0057261003 3.70676692
266 987 1.72137835 0.00573792784 3.71052632
266 987 1.72149392 0.00573831305 3.71052632
265 978 1.71013945 0.00570046484 3.69056604
265 978 1.70999327 0.00569997755 3.69056604
265 978 1.71042203 0.00570140678 3.69056604
265 978 1.70983182 0.00569943939 3.69056604
265 978 1.71035081 0.00570116937 3.69056604
265 978 1.71001803 0.00570006009 3.69056604
265 978 1.71029759 0.00570099196 3.69056604
265 978 1.70966813 0.00569889375 3.69056604
265 978 1.71001484 0.00570004948 3.69056604
265 978 1.71042873 0.0057014291 3.69056604
264 971 1.69512325 0.00565041083 3.6780303
264 971 1.69462253 0.00564874176 3.6780303
264 971 1.69479212 0.00564930706 3.6780303
264 971 1.69458948 0.0056486316 3.6780303
264 969 1.69933456 0.00566444853 3.67045455
264 969 1.69943795 0.00566479315 3.67045455
264 969 1.69945646 0.00566485486 3.67045455
264 969 1.69950073 0.00566500244 3.67045455
264 969 1.69954899 0.0056651633 3.67045455
264 969 1.69952628 0.00566508759 3.67045455
263 961 1.6787682 0.005595894 3.6539924
263 960 1.68606397 0.00562021322 3.65019011
263 960 1.68618346 0.00562061154 3.65019011
263 960 1.68613103 0.00562043676 3.65019011
263 962 1.68476752 0.00561589174 3.65779468
263 962 1.68494419 0.00561648064 3.65779468
263 967 1.6816251 0.005605417 3.67680608
263 967 1.6816732 0.00560557734 3.67680608
263 965 1.68698152 0.00562327174 3.66920152
263 965 1.6867124 0.00562237465 3.66920152
262 956 1.66889516 0.00556298387 3.64885496
262 956 1.67695484 0.00558984947 3.64885496
262 956 1.68016256 0.00560054186 3.64885496
262 956 1.68005297 0.00560017658 3.64885496
262 956 1.67978212 0.00559927373 3.64885496
262 956 1.67984168 0.00559947227 3.64885496
262 956 1.68004131 0.00560013771 3.64885496
262 956 1.68023435 0.00560078115 3.64885496
262 956 1.68012525 0.0056004175 3.64885496
262 956 1.68018039 0.0056006013 3.64885496
261 951 1.66989735 0.0055663245 3.64367816
261 951 1.66975793 0.00556585977 3.64367816
261 951 1.66988261 0.00556627536 3.64367816
261 951 1.66985242 0.00556617474 3.64367816
261 951 1.67001625 0.00556672085 3.64367816
261 951 1.66987304 0.00556624347 3.64367816
261 951 1.67009532 0.0055669844 3.64367816
261 951 1.66969109 0.00556563696 3.64367816
261 951 1.66985267 0.00556617555 3.64367816
261 951 1.66985017 0.00556616722 3.64367816
260 944 1.6581656 0.00552721868 3.63076923
260 944 1.65815022 0.00552716741 3.63076923
260 944 1.65815828 0.00552719425 3.63076923
260 944 1.65817305 0.0055272435 3.63076923
260 944 1.65846306 0.00552821021 3.63076923
260 944 1.65815184 0.00552717281 3.63076923
260 942 1.65977924 0.00553259748 3.62307692
260 942 1.65968225 0.00553227416 3.62307692
260 942 1.65957935 0.00553193117 3.62307692
260 942 1.65968571 0.00553228571 3.62307692
259 935 1.651122 0.00550374 3.61003861
259 935 1.65109424 0.00550364746 3.61003861
259 935 1.65129024 0.0055043008 3.61003861
259 935 1.65109084 0.00550363615 3.61003861
259 935 1.65138832 0.00550462772 3.61003861
259 935 1.65101271 0.00550337568 3.61003861
259 935 1.65101203 0.00550337343 3.61003861
259 935 1.65099245 0.00550330816 3.61003861
259 935 1.65102984 0.00550343279 3.61003861
259 935 1.65113589 0.0055037863 3.61003861
258 930 1.63455438 0.00544851462 3.60465116
258 930 1.63424661 0.00544748869 3.60465116
258 930 1.63425704 0.00544752345 3.60465116
258 932 1.63671133 0.00545570444 3.6124031
258 932 1.63676159 0.00545587197 3.6124031
258 932 1.6363506 0.005454502 3.6124031
258 932 1.63636308 0.00545454359 3.6124031
258 932 1.63671697 0.00545572322 3.6124031
258 928 1.63742455 0.00545808185 3.59689922
258 928 1.63759627 0.00545865425 3.59689922
257 926 1.62251253 0.00540837512 3.60311284
257 926 1.62274846 0.00540916153 3.60311284
257 926 1.62259346 0.00540864486 3.60311284
257 926 1.62284239 0.00540947463 3.60311284
257 926 1.6226525 0.00540884167 3.60311284
257 926 1.62245776 0.00540819254 3.60311284
257 926 1.62255157 0.00540850522 3.60311284
257 919 1.62199624 0.00540665415 3.57587549
257 919 1.62182971 0.00540609902 3.57587549
257 925 1.62154364 0.00540514546 3.59922179
256 917 1.60625516 0.00535418386 3.58203125
256 917 1.60608657 0.00535362191 3.58203125
256 923 1.60683475 0.00535611582 3.60546875
256 923 1.60688755 0.00535629182 3.60546875
256 923 1.60716911 0.00535723035 3.60546875
256 923 1.60683821 0.00535612736 3.60546875
256 923 1.60692814 0.00535642712 3.60546875
256 923 1.60694021 0.00535646735 3.60546875
256 923 1.60681949 0.00535606496 3.60546875
256 923 1.60708746 0.0053569582 3.60546875
255 917 1.59148932 0.00530496439 3.59607843
255 914 1.59484202 0.00531614006 3.58431373
255 914 1.59482352 0.0053160784 3.58431373
255 914 1.59491936 0.00531639785 3.58431373
255 914 1.59509758 0.00531699194 3.58431373
255 914 1.59514141 0.00531713803 3.58431373
255 914 1.59494758 0.00531649195 3.58431373
255 914 1.59482157 0.00531607189 3.58431373
255 914 1.59484818 0.0053161606 3.58431373
255 914 1.59496217 0.00531654057 3.58431373
254 910 1.5776757 0.00525891899 3.58267717
254 905 1.57782714 0.00525942379 3.56299213
254 908 1.57918338 0.0052639446 3.57480315
254 908 1.57910224 0.00526367415 3.57480315
254 908 1.57948057 0.00526493525 3.57480315
254 908 1.57969801 0.00526566004 3.57480315
254 908 1.57915923 0.00526386409 3.57480315
254 908 1.5792436 0.00526414533 3.57480315
254 908 1.57917739 0.00526392462 3.57480315
254 908 1.57957029 0.00526523429 3.57480315
253 900 1.56054513 0.00520181711 3.55731225
253 901 1.56148343 0.00520494477 3.56126482
253 903 1.56472473 0.00521574909 3.56916996
253 903 1.56493591 0.00521645304 3.56916996
253 897 1.57027972 0.00523426575 3.54545455
253 897 1.57051532 0.00523505106 3.54545455
253 897 1.57037511 0.00523458368 3.54545455
253 897 1.57038008 0.00523460028 3.54545455
253 897 1.57063767 0.00523545892 3.54545455
253 897 1.57046672 0.00523488908 3.54545455
252 889 1.55563767 0.00518545888 3.52777778
252 889 1.55592375 0.00518641251 3.52777778
252 889 1.55575254 0.00518584181 3.52777778
252 889 1.55598843 0.0051866281 3.52777778
252 889 1.55589226 0.00518630754 3.52777778
252 889 1.55568694 0.00518562314 3.52777778
252 889 1.55590698 0.00518635659 3.52777778
252 889 1.55605656 0.00518685519 3.52777778
252 889 1.55600922 0.00518669741 3.52777778
252 889 1.55582294 0.00518607646 3.52777778
251 879 1.53724274 0.00512414246 3.50199203
251 887 1.54215714 0.0051405238 3.53386454
251 887 1.54208077 0.00514026923 3.53386454
251 887 1.54230951 0.0051410317 3.53386454
251 887 1.54195131 0.00513983771 3.53386454
251 887 1.54206198 0.00514020661 3.53386454
251 887 1.54207161 0.00514023869 3.53386454
251 887 1.54236157 0.00514120525 3.53386454
251 887 1.54227283 0.00514090945 3.53386454
251 887 1.54208819 0.00514029398 3.53386454
250 879 1.52366025 0.00507886751 3.516
250 879 1.51261374 0.00504204581 3.516
250 879 1.51258359 0.00504194529 3.516
250 881 1.52295739 0.00507652464 3.524
250 881 1.52358621 0.00507862071 3.524
250 881 1.52317852 0.00507726173 3.524
250 883 1.52671072 0.00508903574 3.532
250 883 1.52670758 0.00508902527 3.532
250 883 1.52677349 0.00508924497 3.532
250 878 1.53133812 0.00510446039 3.512
249 869 1.51313882 0.00504379605 3.48995984
249 869 1.51307588 0.00504358628 3.48995984
249 868 1.51350559 0.00504501862 3.48594378
249 874 1.51507489 0.00505024963 3.51004016
249 874 1.51523951 0.00505079838 3.51004016
249 874 1.51517776 0.00505059252 3.51004016
249 874 1.51492552 0.00504975175 3.51004016
249 874 1.51504947 0.00505016492 3.51004016
249 874 1.51513298 0.00505044326 3.51004016
249 874 1.51503283 0.00505010943 3.51004016
248 867 1.49735506 0.00499118354 3.49596774
248 867 1.49739988 0.00499133294 3.49596774
248 867 1.49745059 0.00499150197 3.49596774
248 867 1.49723466 0.0049907822 3.49596774
248 868 1.49915301 0.0049971767 3.5
248 868 1.49887556 0.00499625186 3.5
248 868 1.49886873 0.00499622911 3.5
248 870 1.49993536 0.00499978453 3.50806452
248 870 1.50031455 0.00500104851 3.50806452
248 870 1.50011741 0.00500039136 3.50806452
247 865 1.48279122 0.00494263739 3.50202429
247 864 1.48428679 0.00494762263 3.49797571
247 864 1.48445647 0.00494818825 3.49797571
247 864 1.48405842 0.00494686141 3.49797571
247 864 1.48451754 0.00494839181 3.49797571
247 864 1.48440103 0.00494800344 3.49797571
247 864 1.48466034 0.0049488678 3.49797571
247 864 1.4845984 0.00494866134 3.49797571
247 864 1.4843146 0.00494771532 3.49797571
247 864 1.48445419 0.00494818062 3.49797571
246 859 1.46235613 0.00487452044 3.49186992
246 858 1.46800054 0.00489333512 3.48780488
245 849 1.451684 0.00483894666 3.46530612
245 849 1.45171943 0.00483906475 3.46530612
245 849 1.45162442 0.00483874806 3.46530612
245 849 1.45167908 0.00483893026 3.46530612
245 848 1.44820713 0.00482735708 3.46122449
245 848 1.44805837 0.00482686124 3.46122449
245 848 1.44854037 0.0048284679 3.46122449
245 848 1.44838773 0.0048279591 3.46122449
244 838 1.43070463 0.00476901544 3.43442623
244 838 1.43022925 0.00476743084 3.43442623
244 838 1.43030552 0.00476768508 3.43442623
244 838 1.43096264 0.00476987547 3.43442623
244 838 1.43056527 0.0047685509 3.43442623
244 840 1.4338582 0.00477952734 3.44262295
244 840 1.43395368 0.0047798456 3.44262295
244 840 1.43354182 0.00477847275 3.44262295
244 840 1.43384509 0.00477948364 3.44262295
244 840 1.43307924 0.00477693079 3.44262295
243 830 1.41598473 0.00471994908 3.41563786
243 830 1.41581656 0.00471938854 3.41563786
243 830 1.41624297 0.00472080991 3.41563786
243 830 1.41622987 0.00472076623 3.41563786
243 830 1.41588615 0.0047196205 3.41563786
243 834 1.42264233 0.00474214111 3.43209877
243 834 1.42265808 0.00474219361 3.43209877
243 834 1.42264671 0.00474215569 3.43209877
243 834 1.42273035 0.00474243449 3.43209877
243 834 1.42257098 0.00474190326 3.43209877
242 830 1.40365932 0.0046788644 3.42975207
242 830 1.40386682 0.00467955605 3.42975207
242 824 1.40510543 0.00468368478 3.40495868
242 824 1.40531198 0.00468437326 3.40495868
242 824 1.4049715 0.00468323833 3.40495868
242 824 1.40495701 0.00468319002 3.40495868
242 825 1.40453362 0.00468177872 3.40909091
242 829 1.40761403 0.00469204677 3.42561983
242 829 1.40787766 0.00469292554 3.42561983
242 829 1.40855171 0.00469517238 3.42561983
241 820 1.39020463 0.00463401543 3.40248963
241 820 1.38970474 0.00463234914 3.40248963
241 825 1.38992085 0.00463306949 3.42323651
241 825 1.38944689 0.00463148962 3.42323651
241 825 1.38974426 0.00463248087 3.42323651
241 825 1.38964539 0.00463215131 3.42323651
241 825 1.38989978 0.00463299926 3.42323651
241 825 1.38975576 0.00463251919 3.42323651
241 825 1.38992471 0.00463308238 3.42323651
241 825 1.38935858 0.00463119525 3.42323651
240 823 1.36881136 0.00456270454 3.42916667
240 819 1.37018962 0.00456729873 3.4125
240 815 1.37391304 0.00457971012 3.39583333
240 815 1.37385515 0.00457951718 3.39583333
240 810 1.374521 0.00458173668 3.375
240 810 1.37437173 0.0045812391 3.375
240 810 1.37454701 0.00458182338 3.375
240 812 1.37354989 0.00457849962 3.38333333
240 812 1.37333391 0.00457777969 3.38333333
240 812 1.37336682 0.0045778894 3.38333333
239 808 1.36891563 0.00456305209 3.38075314
239 808 1.36909879 0.00456366262 3.38075314
239 808 1.36929111 0.0045643037 3.38075314
239 808 1.36901286 0.0045633762 3.38075314
239 808 1.36899054 0.00456330181 3.38075314
239 808 1.36846494 0.0045615498 3.38075314
239 808 1.36893345 0.00456311151 3.38075314
239 808 1.3689936 0.00456331202 3.38075314
239 808 1.36950904 0.00456503013 3.38075314
239 808 1.36853838 0.00456179459 3.38075314
238 804 1.350991 0.00450330333 3.37815126
238 799 1.35105246 0.0045035082 3.35714286
238 799 1.35119899 0.00450399664 3.35714286
238 799 1.35137244 0.00450457481 3.35714286
238 799 1.3512525 0.004504175 3.35714286
238 799 1.35367643 0.00451225478 3.35714286
238 799 1.35321877 0.00451072924 3.35714286
238 799 1.35354719 0.00451182396 3.35714286
238 799 1.35309438 0.00451031459 3.35714286
238 799 1.3535054 0.00451168468 3.35714286
237 796 1.33561061 0.00445203537 3.35864979
237 795 1.33568014 0.00445226712 3.35443038
237 790 1.33616554 0.00445388515 3.33333333
237 790 1.33600393 0.00445334642 3.33333333
237 790 1.33632414 0.00445441379 3.33333333
237 790 1.3361242 0.00445374733 3.33333333
237 790 1.33637631 0.0044545877 3.33333333
237 790 1.33744035 0.00445813451 3.33333333
237 790 1.33740886 0.00445802953 3.33333333
237 790 1.33771171 0.00445903902 3.33333333
236 786 1.3205845 0.00440194833 3.33050847
236 786 1.32082224 0.0044027408 3.33050847
236 786 1.3205502 0.00440183402 3.33050847
236 784 1.31938506 0.0043979502 3.3220339
236 784 1.3195968 0.00439865602 3.3220339
236 784 1.31967506 0.00439891687 3.3220339
236 785 1.31974333 0.00439914443 3.32627119
236 785 1.31981609 0.00439938698 3.32627119
236 785 1.31950866 0.00439836221 3.32627119
236 787 1.32090998 0.00440303326 3.33474576
235 780 1.30010704 0.00433369012 3.31914894
235 778 1.30483913 0.00434946377 3.3106383
235 778 1.30515269 0.00435050896 3.3106383
235 778 1.30475359 0.00434917862 3.3106383
235 778 1.30457374 0.00434857912 3.3106383
235 778 1.30523738 0.00435079128 3.3106383
235 778 1.30478892 0.00434929639 3.3106383
235 778 1.30463016 0.00434876721 3.3106383
235 778 1.30476843 0.00434922809 3.3106383
235 778 1.30433323 0.00434777742 3.3106383
234 771 1.2834357 0.004278119 3.29487179
234 771 1.28379935 0.00427933118 3.29487179
234 773 1.28856408 0.00429521359 3.3034188
234 773 1.28793233 0.00429310777 3.3034188
234 773 1.28891648 0.00429638828 3.3034188
234 773 1.28839634 0.00429465445 3.3034188
234 773 1.28807994 0.00429359979 3.3034188
234 773 1.28843983 0.00429479943 3.3034188
234 773 1.28800445 0.00429334815 3.3034188
234 773 1.28813895 0.00429379651 3.3034188
233 769 1.27254122 0.00424180407 3.30042918
233 769 1.27258889 0.00424196295 3.30042918
233 769 1.27247759 0.00424159197 3.30042918
233 766 1.27075335 0.00423584451 3.28755365
233 766 1.27050533 0.00423501778 3.28755365
233 766 1.27114826 0.00423716088 3.28755365
233 766 1.2709377 0.00423645899 3.28755365
233 766 1.27088027 0.00423626756 3.28755365
233 766 1.27132676 0.00423775588 3.28755365
233 766 1.27110672 0.00423702238 3.28755365
232 759 1.24937913 0.00416459709 3.27155172
232 759 1.24994591 0.00416648636 3.27155172
232 759 1.24975757 0.00416585857 3.27155172
232 763 1.25815967 0.00419386557 3.2887931
232 763 1.25855275 0.00419517582 3.2887931
232 763 1.25837889 0.00419459631 3.2887931
232 763 1.25821108 0.00419403694 3.2887931
232 763 1.25823291 0.00419410969 3.2887931
232 763 1.25857692 0.00419525641 3.2887931
232 763 1.25743711 0.00419145703 3.2887931
231 756 1.24162748 0.00413875826 3.27272727
231 756 1.24157264 0.00413857546 3.27272727
231 756 1.24173808 0.00413912695 3.27272727
231 756 1.24112105 0.00413707016 3.27272727
231 756 1.2417269 0.00413908968 3.27272727
231 756 1.2414454 0.00413815135 3.27272727
231 756 1.24155225 0.00413850749 3.27272727
231 756 1.24159522 0.00413865074 3.27272727
231 758 1.24268827 0.00414229425 3.28138528
231 758 1.24112747 0.00413709158 3.28138528
230 751 1.22333554 0.00407778514 3.26521739
230 751 1.22555708 0.00408519026 3.26521739
230 751 1.22592884 0.00408642946 3.26521739
230 751 1.22575323 0.00408584411 3.26521739
230 751 1.22537468 0.00408458226 3.26521739
230 752 1.22553062 0.00408510206 3.26956522
230 752 1.22558547 0.00408528491 3.26956522
230 752 1.22548107 0.00408493689 3.26956522
230 752 1.22538396 0.00408461321 3.26956522
230 752 1.22578541 0.00408595136 3.26956522
229 746 1.21082853 0.00403609509 3.25764192
229 746 1.21072276 0.00403574252 3.25764192
229 745 1.20904831 0.00403016104 3.25327511
229 746 1.20513881 0.00401712938 3.25764192
229 746 1.2053596 0.00401786533 3.25764192
229 746 1.20509069 0.00401696897 3.25764192
229 746 1.20524927 0.00401749758 3.25764192
229 746 1.20527938 0.00401759795 3.25764192
229 746 1.2051567 0.00401718898 3.25764192
229 746 1.20542685 0.00401808949 3.25764192
228 738 1.19848059 0.00399493531 3.23684211
228 736 1.19508327 0.00398361091 3.22807018
228 736 1.19501113 0.00398337042 3.22807018
228 736 1.19470067 0.00398233556 3.22807018
228 736 1.19473545 0.00398245151 3.22807018
228 736 1.19512103 0.00398373675 3.22807018
228 736 1.19476907 0.00398256356 3.22807018
228 737 1.19222653 0.00397408844 3.23245614
228 742 1.18622062 0.00395406872 3.25438596
228 742 1.18621023 0.00395403412 3.25438596
227 738 1.16989146 0.00389963819 3.25110132
227 738 1.16999502 0.00389998341 3.25110132
227 735 1.16272935 0.00387576449 3.23788546
227 736 1.16167392 0.0038722464 3.24229075
227 736 1.16175934 0.00387253113 3.24229075
227 736 1.16179294 0.00387264313 3.24229075
227 736 1.1618654 0.00387288466 3.24229075
227 736 1.16872171 0.00389573904 3.24229075
227 735 1.16031321 0.00386771071 3.23788546
227 730 1.1507823 0.00383594099 3.21585903
226 724 1.13450568 0.0037816856 3.20353982
226 726 1.13503205 0.00378344018 3.21238938
226 726 1.14782696 0.00382608987 3.21238938
226 726 1.147811 0.00382603667 3.21238938
226 726 1.14762084 0.00382540281 3.21238938
226 726 1.14778114 0.00382593713 3.21238938
226 727 1.14939828 0.0038313276 3.21681416
226 728 1.15494196 0.00384980653 3.22123894
226 728 1.15484853 0.00384949511 3.22123894
226 728 1.15435728 0.0038478576 3.22123894
225 726 1.13812604 0.00379375348 3.22666667
225 726 1.13808789 0.00379362631 3.22666667
225 722 1.1511707 0.00383723567 3.20888889
225 722 1.15103004 0.00383676681 3.20888889
225 722 1.15644609 0.00385482031 3.20888889
225 722 1.15629364 0.00385431215 3.20888889
225 722 1.15637481 0.00385458269 3.20888889
225 722 1.15634387 0.00385447956 3.20888889
225 722 1.15663305 0.00385544349 3.20888889
225 722 1.15646498 0.00385488327 3.20888889
224 716 1.13876236 0.00379587452 3.19642857
224 717 1.14676611 0.00382255369 3.20089286
224 717 1.1458044 0.00381934801 3.20089286
224 717 1.14648094 0.00382160312 3.20089286
224 717 1.14644606 0.00382148687 3.20089286
224 724 1.13555564 0.00378518547 3.23214286
224 724 1.13519448 0.00378398162 3.23214286
224 724 1.13561022 0.00378536739 3.23214286
224 724 1.13566152 0.00378553839 3.23214286
224 724 1.13571998 0.00378573328 3.23214286
223 715 1.13140293 0.00377134311 3.20627803
223 711 1.13144422 0.00377148072 3.18834081
223 711 1.13071943 0.00376906477 3.18834081
223 713 1.12381627 0.00374605423 3.19730942
223 713 1.12395016 0.00374650053 3.19730942
223 711 1.13099009 0.00376996698 3.18834081
223 711 1.13101531 0.00377005105 3.18834081
223 713 1.12241186 0.00374137287 3.19730942
223 713 1.1223269 0.00374108966 3.19730942
223 713 1.12244458 0.00374148192 3.19730942
222 711 1.10835529 0.00369451763 3.2027027
222 711 1.10810567 0.00369368556 3.2027027
222 711 1.1080995 0.00369366501 3.2027027
222 711 1.10835378 0.00369451259 3.2027027
222 713 1.10587172 0.00368623906 3.21171171
221 705 1.1026481 0.00367549368 3.19004525
221 705 1.10246022 0.00367486742 3.19004525
221 705 1.10282556 0.0036760852 3.19004525
221 705 1.10272769 0.00367575896 3.19004525
221 705 1.10286889 0.00367622963 3.19004525
220 701 1.08702893 0.00362342976 3.18636364
220 699 1.08844579 0.00362815262 3.17727273
220 699 1.08845773 0.00362819243 3.17727273
220 699 1.08875788 0.00362919292 3.17727273
220 699 1.08843013 0.00362810044 3.17727273
220 699 1.08863593 0.00362878642 3.17727273
219 693 1.07414017 0.00358046723 3.16438356
219 693 1.07464638 0.00358215459 3.16438356
219 693 1.07434205 0.00358114017 3.16438356
219 693 1.07446542 0.00358155139 3.16438356
218 688 1.05883358 0.00352944526 3.1559633
218 688 1.05881765 0.00352939217 3.1559633
218 688 1.05880117 0.00352933724 3.1559633
218 688 1.05858956 0.00352863188 3.1559633
218 688 1.05876396 0.00352921321 3.1559633
218 685 1.05829008 0.00352763362 3.14220183
218 685 1.05832764 0.0035277588 3.14220183
218 685 1.05841942 0.00352806474 3.14220183
218 688 1.05876877 0.00352922922 3.1559633
218 689 1.06107322 0.00353691074 3.16055046
217 682 1.04835604 0.00349452014 3.14285714
217 682 1.04836463 0.00349454878 3.14285714
217 682 1.04851903 0.00349506344 3.14285714
217 681 1.03698117 0.0034566039 3.13824885
217 684 1.04869537 0.00349565125 3.15207373
217 684 1.04868472 0.00349561572 3.15207373
217 686 1.0393863 0.00346462099 3.16129032
217 686 1.03926264 0.0034642088 3.16129032
217 688 1.03343899 0.00344479664 3.17050691
217 688 1.03345798 0.00344485992 3.17050691
216 681 1.02669977 0.00342233255 3.15277778
216 679 1.03052515 0.00343508385 3.14351852
216 678 1.03616485 0.00345388282 3.13888889
216 679 1.02808353 0.00342694509 3.14351852
216 679 1.02778304 0.00342594347 3.14351852
216 678 1.02169549 0.00340565165 3.13888889
216 676 1.02119333 0.00340397776 3.12962963
216 676 1.02205173 0.00340683909 3.12962963
216 676 1.01502293 0.00338340978 3.12962963
216 678 1.02598785 0.00341995949 3.13888889
215 670 1.01576064 0.0033858688 3.11627907
215 666 1.00374329 0.00334581096 3.09767442
214 660 0.994675378 0.00331558459 3.08411215
214 663 1.00289922 0.0033429974 3.09813084
214 662 0.992066852 0.00330688951 3.09345794
214 665 0.992037775 0.00330679258 3.10747664
214 667 0.989804504 0.00329934835 3.11682243
214 665 0.989746096 0.00329915365 3.10747664
214 666 1.00465018 0.00334883393 3.11214953
214 663 0.996884072 0.00332294691 3.09813084
213 657 0.982645507 0.00327548502 3.08450704
213 657 0.99080831 0.00330269437 3.08450704
212 655 0.9841089 0.003280363 3.08962264
212 655 0.984104081 0.00328034694 3.08962264
212 653 0.986699816 0.00328899939 3.08018868
212 650 0.981634917 0.00327211639 3.06603774
212 650 0.981693317 0.00327231106 3.06603774
212 650 0.974446531 0.0032481551 3.06603774
212 654 0.979859977 0.00326619992 3.08490566
212 655 0.980635 0.00326878333 3.08962264
211 649 0.974853381 0.00324951127 3.07582938
211 648 0.968115893 0.00322705298 3.07109005
211 648 0.959548178 0.00319849393 3.07109005
211 648 0.958606405 0.00319535468 3.07109005
211 646 0.969232066 0.00323077355 3.06161137
211 646 0.969050363 0.00323016788 3.06161137
211 650 0.975441058 0.00325147019 3.08056872
211 650 0.975177433 0.00325059144 3.08056872
211 650 0.975350292 0.00325116764 3.08056872
211 650 0.975419836 0.00325139945 3.08056872
210 645 0.960398098 0.00320132699 3.07142857
210 644 0.97069183 0.00323563943 3.06666667
210 644 0.970788983 0.00323596328 3.06666667
210 644 0.971231804 0.00323743935 3.06666667
210 644 0.970678756 0.00323559585 3.06666667
210 644 0.979491912 0.00326497304 3.06666667
210 648 0.9900016 0.00330000533 3.08571429
210 648 0.989672794 0.00329890931 3.08571429
210 648 0.989762053 0.00329920684 3.08571429
210 648 0.989937068 0.00329979023 3.08571429
209 643 0.974881189 0.00324960396 3.07655502
209 643 0.974884333 0.00324961444 3.07655502
209 645 0.973404901 0.003244683 3.0861244
209 645 0.973470079 0.00324490026 3.0861244
209 645 0.973866672 0.00324622224 3.0861244
209 645 0.973495572 0.00324498524 3.0861244
209 644 0.978857061 0.00326285687 3.08133971
209 644 0.979095973 0.00326365324 3.08133971
209 644 0.979110808 0.00326370269 3.08133971
209 644 0.978999549 0.00326333183 3.08133971
208 638 0.969073374 0.00323024458 3.06730769
208 638 0.968670147 0.00322890049 3.06730769
208 637 0.969284744 0.00323094915 3.0625
208 637 0.968858513 0.00322952838 3.0625
207 630 0.962158078 0.00320719359 3.04347826
207 630 0.962313068 0.00320771023 3.04347826
207 630 0.966220512 0.00322073504 3.04347826
207 630 0.966296131 0.0032209871 3.04347826
207 630 0.966420951 0.00322140317 3.04347826
207 630 0.966126115 0.00322042038 3.04347826
206 628 0.95177951 0.00317259837 3.04854369
206 621 0.948134219 0.0031604474 3.01456311
206 624 0.957252839 0.0031908428 3.02912621
206 627 0.949646975 0.00316548992 3.04368932
206 628 0.948921622 0.00316307207 3.04854369
206 624 0.950080635 0.00316693545 3.02912621
205 621 0.942179193 0.00314059731 3.02926829
204 618 0.939124841 0.00313041614 3.02941176
204 618 0.93915551 0.00313051837 3.02941176
204 618 0.936482996 0.00312160999 3.02941176
203 612 0.929207434 0.00309735811 3.01477833
203 612 0.921324121 0.0030710804 3.01477833
202 610 0.914891811 0.00304963937 3.01980198
202 610 0.914928281 0.00304976094 3.01980198
202 610 0.914780714 0.00304926905 3.01980198
201 604 0.913589728 0.00304529909 3.00497512
201 604 0.913527367 0.00304509122 3.00497512
201 604 0.913579349 0.0030452645 3.00497512
201 604 0.913644661 0.0030454822 3.00497512
201 606 0.913198212 0.00304399404 3.01492537
200 599 0.913018253 0.00304339418 2.995
200 599 0.91295016 0.0030431672 2.995
200 599 0.912933918 0.00304311306 2.995
200 599 0.912957642 0.00304319214 2.995
200 599 0.913009323 0.00304336441 2.995
200 599 0.912825859 0.00304275286 2.995
200 599 0.913222088 0.00304407363 2.995
200 599 0.911505783 0.00303835261 2.995
200 599 0.911534711 0.00303844904 2.995
199 592 0.906761777 0.00302253926 2.97487437
197 582 0.892520053 0.00297506684 2.95431472
197 582 0.89294092 0.00297646973 2.95431472
197 580 0.886953534 0.00295651178 2.94416244
197 580 0.886962686 0.00295654229 2.94416244
197 582 0.892459045 0.00297486348 2.95431472
197 582 0.892961542 0.00297653847 2.95431472
197 582 0.892844684 0.00297614895 2.95431472
197 582 0.892952527 0.00297650842 2.95431472
197 582 0.892887346 0.00297629115 2.95431472
197 582 0.892848636 0.00297616212 2.95431472
196 577 0.892736557 0.00297578852 2.94387755
196 575 0.884576366 0.00294858789 2.93367347
196 575 0.884381165 0.00294793722 2.93367347
195 572 0.877906172 0.00292635391 2.93333333
195 572 0.877814531 0.00292604844 2.93333333
195 572 0.877905523 0.00292635174 2.93333333
195 572 0.87771185 0.00292570617 2.93333333
195 568 0.869359817 0.00289786606 2.91282051
195 568 0.869288068 0.00289762689 2.91282051
195 567 0.865623046 0.00288541015 2.90769231
194 561 0.859296666 0.00286432222 2.89175258
194 561 0.859170614 0.00286390205 2.89175258
194 561 0.858975804 0.00286325268 2.89175258
194 563 0.866663342 0.00288887781 2.90206186
194 563 0.866326044 0.00288775348 2.90206186
193 556 0.858872581 0.0028629086 2.88082902
193 556 0.858693934 0.00286231311 2.88082902
193 556 0.858806349 0.00286268783 2.88082902
193 556 0.858781545 0.00286260515 2.88082902
193 556 0.858810091 0.0028627003 2.88082902
192 553 0.858704337 0.00286234779 2.88020833
192 553 0.858807917 0.00286269306 2.88020833
192 553 0.859046597 0.00286348866 2.88020833
192 553 0.858597016 0.00286199005 2.88020833
192 553 0.858743759 0.0028624792 2.88020833
192 553 0.858324325 0.00286108108 2.88020833
192 553 0.858615958 0.00286205319 2.88020833
192 553 0.858921635 0.00286307212 2.88020833
192 553 0.858801712 0.00286267237 2.88020833
192 553 0.858871737 0.00286290579 2.88020833
191 545 0.841109648 0.00280369883 2.85340314
191 547 0.847908527 0.00282636176 2.86387435
191 550 0.856125435 0.00285375145 2.87958115
191 550 0.855744025 0.00285248008 2.87958115
191 550 0.85565324 0.00285217747 2.87958115
190 547 0.854634978 0.00284878326 2.87894737
190 547 0.854493935 0.00284831312 2.87894737
190 547 0.854589022 0.00284863007 2.87894737
190 547 0.854987318 0.00284995773 2.87894737
190 547 0.854635152 0.00284878384 2.87894737
189 539 0.837978887 0.00279326296 2.85185185
189 541 0.844865127 0.00281621709 2.86243386
189 541 0.844791109 0.00281597036 2.86243386
189 541 0.844872803 0.00281624268 2.86243386
189 541 0.844273807 0.00281424602 2.86243386
189 541 0.844522096 0.00281507365 2.86243386
189 541 0.844809764 0.00281603255 2.86243386
189 541 0.844514762 0.00281504921 2.86243386
189 541 0.844671727 0.00281557242 2.86243386
189 541 0.84475106 0.00281583687 2.86243386
188 536 0.825767676 0.00275255892 2.85106383
188 533 0.828292266 0.00276097422 2.83510638
188 534 0.831070831 0.0027702361 2.84042553
188 534 0.831055414 0.00277018471 2.84042553
188 537 0.830131124 0.00276710375 2.85638298
188 537 0.830190344 0.00276730115 2.85638298
187 531 0.820786743 0.00273595581 2.83957219
187 531 0.820882834 0.00273627611 2.83957219
187 531 0.820883938 0.00273627979 2.83957219
187 531 0.820946421 0.00273648807 2.83957219
186 526 0.81756875 0.00272522917 2.82795699
186 526 0.817244922 0.00272414974 2.82795699
186 526 0.817235756 0.00272411919 2.82795699
186 526 0.817664309 0.0027255477 2.82795699
186 526 0.817519833 0.00272506611 2.82795699
186 526 0.817558574 0.00272519525 2.82795699
186 526 0.817393815 0.00272464605 2.82795699
186 528 0.816499151 0.00272166384 2.83870968
186 528 0.81616897 0.00272056323 2.83870968
186 531 0.800402148 0.00266800716 2.85483871
185 528 0.792622857 0.00264207619 2.85405405
185 528 0.800787443 0.00266929148 2.85405405
185 528 0.80092359 0.0026697453 2.85405405
185 524 0.798980832 0.00266326944 2.83243243
185 526 0.796371642 0.00265457214 2.84324324
185 524 0.795082504 0.00265027501 2.83243243
185 524 0.794975909 0.0026499197 2.83243243
185 524 0.794799042 0.00264933014 2.83243243
185 522 0.795668646 0.00265222882 2.82162162
185 522 0.796499897 0.00265499966 2.82162162
184 518 0.783467792 0.00261155931 2.81521739
184 515 0.789361871 0.00263120624 2.79891304
184 515 0.78924115 0.00263080383 2.79891304
184 513 0.789853008 0.00263284336 2.78804348
184 513 0.789789253 0.00263263084 2.78804348
184 513 0.789877671 0.00263292557 2.78804348
184 513 0.789766986 0.00263255662 2.78804348
184 513 0.789800217 0.00263266739 2.78804348
184 513 0.790244959 0.00263414986 2.78804348
184 513 0.790048818 0.00263349606 2.78804348
183 506 0.778088726 0.00259362909 2.76502732
183 506 0.777876243 0.00259292081 2.76502732
183 506 0.777793137 0.00259264379 2.76502732
183 509 0.786587071 0.0026219569 2.78142077
183 511 0.790050326 0.00263350109 2.79234973
183 512 0.77922455 0.00259741517 2.79781421
183 512 0.780661061 0.00260220354 2.79781421
183 512 0.776814609 0.00258938203 2.79781421
183 513 0.772588478 0.00257529493 2.80327869
183 518 0.771900948 0.00257300316 2.83060109
182 512 0.773169931 0.0025772331 2.81318681
182 515 0.767307231 0.00255769077 2.82967033
182 512 0.766301664 0.00255433888 2.81318681
181 508 0.766656207 0.00255552069 2.80662983
181 508 0.766712729 0.0025557091 2.80662983
181 506 0.770198155 0.00256732718 2.79558011
180 500 0.768790388 0.00256263463 2.77777778
180 501 0.768115373 0.00256038458 2.78333333
SP does not find any fixed points -> SP does not converge.
I am sorry I quit :(
