START ALGORITHM:
I am going to build an instance with N: 300 variables and 1200 clauses with a clause density equal to 4
START BSP WITH r=0.9:
Decimation scorer: cert
END UNIT PROPAGATION
300 1200 6.09755966 0.0203251989 4
300 1200 6.09736159 0.0203245386 4
300 1200 6.09732813 0.0203244271 4
300 1200 6.09730917 0.0203243639 4
300 1200 6.09730544 0.0203243515 4
300 1200 6.09730437 0.0203243479 4
300 1200 6.09730417 0.0203243472 4
300 1200 6.09730414 0.0203243471 4
300 1200 6.09730414 0.0203243471 4
299 1193 6.0936738 0.020312246 3.98996656
299 1193 6.09365937 0.0203121979 3.98996656
299 1193 6.0936609 0.020312203 3.98996656
299 1193 6.09366103 0.0203122034 3.98996656
299 1193 6.09366109 0.0203122036 3.98996656
299 1193 6.0936611 0.0203122037 3.98996656
299 1193 6.0936611 0.0203122037 3.98996656
299 1193 6.09366111 0.0203122037 3.98996656
299 1193 6.09366111 0.0203122037 3.98996656
299 1193 6.09366111 0.0203122037 3.98996656
298 1189 6.08870578 0.0202956859 3.98993289
298 1189 6.08870754 0.0202956918 3.98993289
298 1189 6.08869947 0.0202956649 3.98993289
298 1189 6.08870435 0.0202956812 3.98993289
298 1189 6.08870607 0.0202956869 3.98993289
298 1189 6.08870687 0.0202956896 3.98993289
298 1189 6.08870722 0.0202956907 3.98993289
298 1189 6.08870737 0.0202956912 3.98993289
298 1189 6.08870746 0.0202956915 3.98993289
298 1189 6.08870751 0.0202956917 3.98993289
297 1181 6.08137951 0.020271265 3.97643098
297 1185 6.08134257 0.0202711419 3.98989899
297 1181 6.08234197 0.0202744732 3.97643098
297 1181 6.08234454 0.0202744818 3.97643098
297 1181 6.08234406 0.0202744802 3.97643098
297 1181 6.082344 0.02027448 3.97643098
297 1181 6.08234406 0.0202744802 3.97643098
297 1181 6.08234409 0.0202744803 3.97643098
297 1181 6.0823441 0.0202744803 3.97643098
297 1181 6.0823441 0.0202744803 3.97643098
296 1177 6.07814173 0.0202604724 3.97635135
296 1177 6.07814782 0.0202604927 3.97635135
296 1177 6.07814849 0.020260495 3.97635135
296 1177 6.07814821 0.020260494 3.97635135
296 1177 6.07814824 0.0202604941 3.97635135
296 1177 6.07814829 0.0202604943 3.97635135
296 1177 6.07814831 0.0202604944 3.97635135
296 1177 6.07814832 0.0202604944 3.97635135
296 1177 6.07814833 0.0202604944 3.97635135
296 1177 6.07814833 0.0202604944 3.97635135
295 1171 6.07145645 0.0202381882 3.96949153
295 1171 6.07143444 0.0202381148 3.96949153
295 1171 6.07141766 0.0202380589 3.96949153
295 1171 6.07143115 0.0202381038 3.96949153
295 1171 6.07143534 0.0202381178 3.96949153
295 1171 6.07143655 0.0202381218 3.96949153
295 1171 6.07143706 0.0202381235 3.96949153
295 1171 6.07143738 0.0202381246 3.96949153
295 1171 6.07143754 0.0202381251 3.96949153
295 1171 6.07143764 0.0202381255 3.96949153
294 1163 6.06245599 0.0202081866 3.95578231
294 1163 6.06245264 0.0202081755 3.95578231
294 1163 6.06247246 0.0202082415 3.95578231
294 1163 6.06247803 0.0202082601 3.95578231
294 1163 6.0624799 0.0202082663 3.95578231
294 1163 6.06248148 0.0202082716 3.95578231
294 1163 6.06248213 0.0202082738 3.95578231
294 1163 6.0624824 0.0202082747 3.95578231
294 1163 6.06248258 0.0202082753 3.95578231
294 1163 6.06248268 0.0202082756 3.95578231
293 1157 6.05191025 0.0201730342 3.94880546
293 1157 6.05190411 0.0201730137 3.94880546
293 1157 6.05190888 0.0201730296 3.94880546
293 1157 6.05190677 0.0201730226 3.94880546
293 1157 6.05190654 0.0201730218 3.94880546
293 1157 6.05190644 0.0201730215 3.94880546
293 1157 6.05190651 0.0201730217 3.94880546
293 1157 6.05190656 0.0201730219 3.94880546
293 1157 6.05190658 0.0201730219 3.94880546
293 1157 6.0519066 0.020173022 3.94880546
292 1145 6.03883859 0.020129462 3.92123288
292 1145 6.03888897 0.0201296299 3.92123288
292 1145 6.03885256 0.0201295085 3.92123288
292 1145 6.03887661 0.0201295887 3.92123288
292 1145 6.03887024 0.0201295675 3.92123288
292 1145 6.03882405 0.0201294135 3.92123288
292 1145 6.03888071 0.0201296024 3.92123288
292 1145 6.03887033 0.0201295678 3.92123288
292 1145 6.03882398 0.0201294133 3.92123288
292 1145 6.03888123 0.0201296041 3.92123288
291 1131 6.02263478 0.0200754493 3.88659794
291 1134 6.02279562 0.0200759854 3.89690722
291 1138 6.02285852 0.0200761951 3.91065292
291 1138 6.02290156 0.0200763385 3.91065292
291 1134 6.02282906 0.0200760969 3.89690722
291 1134 6.02282309 0.020076077 3.89690722
291 1134 6.02282966 0.0200760989 3.89690722
291 1134 6.0228161 0.0200760537 3.89690722
291 1134 6.02282527 0.0200760842 3.89690722
291 1134 6.02281416 0.0200760472 3.89690722
290 1127 6.00693376 0.0200231125 3.8862069
290 1127 6.00692443 0.0200230814 3.8862069
290 1127 6.00688912 0.0200229637 3.8862069
290 1127 6.00689185 0.0200229728 3.8862069
290 1127 6.00689361 0.0200229787 3.8862069
290 1127 6.00689373 0.0200229791 3.8862069
290 1127 6.00689372 0.0200229791 3.8862069
290 1127 6.00689397 0.0200229799 3.8862069
290 1127 6.00689414 0.0200229805 3.8862069
290 1127 6.00689425 0.0200229808 3.8862069
289 1113 5.99064821 0.0199688274 3.85121107
289 1113 5.99071332 0.0199690444 3.85121107
289 1113 5.99068067 0.0199689356 3.85121107
289 1113 5.99071076 0.0199690359 3.85121107
289 1113 5.99071546 0.0199690515 3.85121107
289 1113 5.99072111 0.0199690704 3.85121107
289 1113 5.99072223 0.0199690741 3.85121107
289 1113 5.99072304 0.0199690768 3.85121107
289 1113 5.99072366 0.0199690789 3.85121107
289 1113 5.99072398 0.0199690799 3.85121107
288 1104 5.97370387 0.0199123462 3.83333333
288 1104 5.97359069 0.019911969 3.83333333
288 1104 5.97362555 0.0199120852 3.83333333
288 1104 5.97363182 0.0199121061 3.83333333
288 1104 5.97363393 0.0199121131 3.83333333
288 1104 5.97363478 0.0199121159 3.83333333
288 1104 5.97363515 0.0199121172 3.83333333
288 1104 5.97363532 0.0199121177 3.83333333
288 1104 5.97363539 0.019912118 3.83333333
288 1104 5.97363543 0.0199121181 3.83333333
287 1096 5.95492908 0.0198497636 3.81881533
287 1101 5.94496311 0.0198165437 3.83623693
287 1102 5.96205056 0.0198735019 3.83972125
287 1104 5.96352959 0.019878432 3.8466899
287 1104 5.96355087 0.0198785029 3.8466899
287 1097 5.96370938 0.0198790313 3.82229965
287 1097 5.96372455 0.0198790818 3.82229965
287 1097 5.96372388 0.0198790796 3.82229965
287 1097 5.96372502 0.0198790834 3.82229965
287 1097 5.96372554 0.0198790851 3.82229965
286 1090 5.94752264 0.0198250755 3.81118881
286 1088 5.9463333 0.019821111 3.8041958
286 1090 5.94753831 0.0198251277 3.81118881
286 1090 5.94752698 0.0198250899 3.81118881
286 1090 5.94753466 0.0198251155 3.81118881
286 1090 5.94754754 0.0198251585 3.81118881
286 1090 5.94755218 0.0198251739 3.81118881
286 1090 5.94755511 0.0198251837 3.81118881
286 1090 5.94755546 0.0198251849 3.81118881
286 1090 5.94755594 0.0198251865 3.81118881
285 1081 5.93074825 0.0197691608 3.79298246
285 1081 5.9306181 0.019768727 3.79298246
285 1081 5.93061669 0.0197687223 3.79298246
285 1081 5.9306177 0.0197687257 3.79298246
285 1081 5.93061704 0.0197687235 3.79298246
285 1081 5.93061685 0.0197687228 3.79298246
285 1081 5.93061683 0.0197687228 3.79298246
285 1081 5.93061684 0.0197687228 3.79298246
285 1081 5.93061685 0.0197687228 3.79298246
285 1081 5.93061685 0.0197687228 3.79298246
284 1074 5.91015217 0.0197005072 3.78169014
284 1074 5.91014711 0.0197004904 3.78169014
284 1074 5.91013211 0.0197004404 3.78169014
284 1074 5.91013158 0.0197004386 3.78169014
284 1074 5.91013322 0.0197004441 3.78169014
284 1074 5.91013369 0.0197004456 3.78169014
284 1074 5.9101339 0.0197004463 3.78169014
284 1074 5.910134 0.0197004467 3.78169014
284 1074 5.91013405 0.0197004468 3.78169014
284 1074 5.91013407 0.0197004469 3.78169014
283 1069 5.88856039 0.0196285346 3.77738516
283 1069 5.88865682 0.0196288561 3.77738516
283 1069 5.88866662 0.0196288887 3.77738516
283 1069 5.88867804 0.0196289268 3.77738516
283 1069 5.8886823 0.019628941 3.77738516
283 1069 5.88868372 0.0196289457 3.77738516
283 1069 5.88868447 0.0196289482 3.77738516
283 1069 5.88868483 0.0196289494 3.77738516
283 1069 5.888685 0.01962895 3.77738516
283 1069 5.88868508 0.0196289503 3.77738516
282 1060 5.86633811 0.0195544604 3.75886525
282 1058 5.8668944 0.0195563147 3.75177305
282 1054 5.86750388 0.0195583463 3.73758865
282 1060 5.86628929 0.0195542976 3.75886525
282 1054 5.86750602 0.0195583534 3.73758865
282 1054 5.86740141 0.0195580047 3.73758865
282 1054 5.86741107 0.0195580369 3.73758865
282 1054 5.86741262 0.0195580421 3.73758865
282 1054 5.86741302 0.0195580434 3.73758865
282 1054 5.86741328 0.0195580443 3.73758865
281 1049 5.84638523 0.0194879508 3.73309609
281 1049 5.84643873 0.0194881291 3.73309609
281 1049 5.8464401 0.0194881337 3.73309609
281 1049 5.84644016 0.0194881339 3.73309609
281 1049 5.84644387 0.0194881462 3.73309609
281 1049 5.84644684 0.0194881561 3.73309609
281 1049 5.84644812 0.0194881604 3.73309609
281 1049 5.84644865 0.0194881622 3.73309609
281 1049 5.84644899 0.0194881633 3.73309609
281 1049 5.84644922 0.0194881641 3.73309609
280 1041 5.82393756 0.0194131252 3.71785714
280 1040 5.82369732 0.0194123244 3.71428571
280 1040 5.82371949 0.0194123983 3.71428571
280 1040 5.82374735 0.0194124912 3.71428571
280 1040 5.82374689 0.0194124896 3.71428571
280 1040 5.82374899 0.0194124966 3.71428571
280 1040 5.82375032 0.0194125011 3.71428571
280 1040 5.82375146 0.0194125049 3.71428571
280 1040 5.82375218 0.0194125073 3.71428571
280 1040 5.82375259 0.0194125086 3.71428571
279 1032 5.80134387 0.0193378129 3.69892473
279 1032 5.80134522 0.0193378174 3.69892473
279 1032 5.80141643 0.0193380548 3.69892473
279 1032 5.80144643 0.0193381548 3.69892473
279 1032 5.8014599 0.0193381997 3.69892473
279 1032 5.8014643 0.0193382143 3.69892473
279 1032 5.80146644 0.0193382215 3.69892473
279 1032 5.80146755 0.0193382252 3.69892473
279 1032 5.80146829 0.0193382276 3.69892473
279 1032 5.80146873 0.0193382291 3.69892473
278 1025 5.77591118 0.0192530373 3.68705036
278 1025 5.77571551 0.019252385 3.68705036
278 1025 5.77571019 0.0192523673 3.68705036
278 1025 5.77571932 0.0192523977 3.68705036
278 1025 5.77572923 0.0192524308 3.68705036
278 1025 5.77573445 0.0192524482 3.68705036
278 1025 5.77573666 0.0192524555 3.68705036
278 1025 5.77573835 0.0192524612 3.68705036
278 1025 5.77573938 0.0192524646 3.68705036
278 1025 5.77574002 0.0192524667 3.68705036
277 1017 5.74904531 0.0191634844 3.67148014
277 1017 5.74899308 0.0191633103 3.67148014
277 1017 5.74897657 0.0191632552 3.67148014
277 1017 5.74760489 0.019158683 3.67148014
277 1017 5.74902886 0.0191634295 3.67148014
277 1017 5.74903439 0.019163448 3.67148014
277 1017 5.74899845 0.0191633282 3.67148014
277 1017 5.74900014 0.0191633338 3.67148014
277 1017 5.7490015 0.0191633383 3.67148014
277 1017 5.74900188 0.0191633396 3.67148014
276 1009 5.72205424 0.0190735141 3.6557971
276 1009 5.72207452 0.0190735817 3.6557971
276 1009 5.72208943 0.0190736314 3.6557971
276 1009 5.72210482 0.0190736827 3.6557971
276 1009 5.7221051 0.0190736837 3.6557971
276 1009 5.72210581 0.019073686 3.6557971
276 1009 5.72210631 0.0190736877 3.6557971
276 1009 5.72210658 0.0190736886 3.6557971
276 1009 5.72210673 0.0190736891 3.6557971
276 1009 5.72210681 0.0190736894 3.6557971
275 1002 5.6922643 0.0189742143 3.64363636
275 1002 5.69226325 0.0189742108 3.64363636
275 1002 5.69230835 0.0189743612 3.64363636
275 1002 5.69233411 0.018974447 3.64363636
275 1002 5.69234174 0.0189744725 3.64363636
275 1002 5.69234597 0.0189744866 3.64363636
275 1002 5.69234824 0.0189744941 3.64363636
275 1002 5.69234948 0.0189744983 3.64363636
275 1002 5.69235013 0.0189745004 3.64363636
275 1002 5.69235048 0.0189745016 3.64363636
274 994 5.65747527 0.0188582509 3.62773723
274 995 5.65628058 0.0188542686 3.63138686
274 997 5.65656703 0.0188552234 3.63868613
274 994 5.65731041 0.0188577014 3.62773723
274 994 5.65751296 0.0188583765 3.62773723
274 994 5.65751941 0.018858398 3.62773723
274 994 5.6574436 0.0188581453 3.62773723
274 994 5.65742682 0.0188580894 3.62773723
274 994 5.65750967 0.0188583656 3.62773723
274 994 5.65751758 0.0188583919 3.62773723
273 989 5.62216339 0.0187405446 3.62271062
273 987 5.62192537 0.0187397512 3.61538462
273 990 5.62214252 0.0187404751 3.62637363
273 990 5.62226305 0.0187408768 3.62637363
273 990 5.62228283 0.0187409428 3.62637363
273 990 5.62227496 0.0187409165 3.62637363
273 990 5.62227235 0.0187409078 3.62637363
273 990 5.62227563 0.0187409188 3.62637363
273 990 5.62227502 0.0187409167 3.62637363
273 990 5.62227478 0.0187409159 3.62637363
272 982 5.58839905 0.0186279968 3.61029412
272 979 5.58812151 0.0186270717 3.59926471
272 978 5.5606863 0.018535621 3.59558824
272 984 5.58610552 0.0186203517 3.61764706
272 980 5.59265161 0.018642172 3.60294118
272 980 5.59265801 0.0186421934 3.60294118
272 980 5.59267317 0.0186422439 3.60294118
272 980 5.59267569 0.0186422523 3.60294118
272 980 5.5926772 0.0186422573 3.60294118
272 980 5.59267801 0.01864226 3.60294118
271 973 5.56060052 0.0185353351 3.5904059
271 973 5.56056501 0.0185352167 3.5904059
271 973 5.5605926 0.0185353087 3.5904059
271 973 5.56062035 0.0185354012 3.5904059
271 973 5.56063047 0.0185354349 3.5904059
271 973 5.56063872 0.0185354624 3.5904059
271 973 5.56064344 0.0185354781 3.5904059
271 973 5.56064626 0.0185354875 3.5904059
271 973 5.56064792 0.0185354931 3.5904059
271 973 5.56064888 0.0185354963 3.5904059
270 965 5.52592179 0.0184197393 3.57407407
270 964 5.51472394 0.0183824131 3.57037037
270 965 5.52555364 0.0184185121 3.57407407
270 965 5.52562756 0.0184187585 3.57407407
270 965 5.52567316 0.0184189105 3.57407407
270 965 5.52569551 0.018418985 3.57407407
270 965 5.52571729 0.0184190576 3.57407407
270 965 5.52573223 0.0184191074 3.57407407
270 965 5.52574181 0.0184191394 3.57407407
270 965 5.52574809 0.0184191603 3.57407407
269 956 5.49016888 0.0183005629 3.55390335
269 956 5.49011016 0.0183003672 3.55390335
269 956 5.49010677 0.0183003559 3.55390335
269 956 5.49009995 0.0183003332 3.55390335
269 956 5.49009919 0.0183003306 3.55390335
269 956 5.49009988 0.0183003329 3.55390335
269 956 5.4901005 0.018300335 3.55390335
269 956 5.49010092 0.0183003364 3.55390335
269 956 5.49010117 0.0183003372 3.55390335
269 956 5.49010132 0.0183003377 3.55390335
268 951 5.45137107 0.0181712369 3.54850746
268 951 5.43634441 0.018121148 3.54850746
268 955 5.46268312 0.0182089437 3.56343284
268 953 5.46875112 0.0182291704 3.55597015
268 953 5.46860649 0.0182286883 3.55597015
268 953 5.46858847 0.0182286282 3.55597015
268 953 5.46857622 0.0182285874 3.55597015
268 953 5.4685696 0.0182285653 3.55597015
268 953 5.46856647 0.0182285549 3.55597015
268 953 5.46856492 0.0182285497 3.55597015
267 946 5.43843436 0.0181281145 3.54307116
267 946 5.43831341 0.0181277114 3.54307116
267 946 5.438296 0.0181276533 3.54307116
267 946 5.43834497 0.0181278166 3.54307116
267 946 5.43838029 0.0181279343 3.54307116
267 946 5.43840453 0.0181280151 3.54307116
267 946 5.43842228 0.0181280743 3.54307116
267 946 5.43843482 0.0181281161 3.54307116
267 946 5.43844341 0.0181281447 3.54307116
267 946 5.43844922 0.0181281641 3.54307116
266 937 5.39961196 0.0179987065 3.52255639
266 937 5.3956211 0.0179854037 3.52255639
266 937 5.39949688 0.0179983229 3.52255639
266 937 5.39946315 0.0179982105 3.52255639
266 937 5.39949503 0.0179983168 3.52255639
266 937 5.39952595 0.0179984198 3.52255639
266 937 5.39954789 0.017998493 3.52255639
266 937 5.3995624 0.0179985413 3.52255639
266 937 5.3995716 0.017998572 3.52255639
266 937 5.3995773 0.017998591 3.52255639
265 928 5.36246709 0.0178748903 3.50188679
265 928 5.36252541 0.0178750847 3.50188679
265 928 5.3624768 0.0178749227 3.50188679
265 928 5.36247677 0.0178749226 3.50188679
265 928 5.36247316 0.0178749105 3.50188679
265 928 5.36247367 0.0178749122 3.50188679
265 928 5.36247538 0.0178749179 3.50188679
265 928 5.36247697 0.0178749232 3.50188679
265 928 5.3624783 0.0178749277 3.50188679
265 928 5.36247932 0.0178749311 3.50188679
264 925 5.32450105 0.0177483368 3.50378788
264 919 5.31651402 0.0177217134 3.48106061
264 925 5.33189195 0.0177729732 3.50378788
264 925 5.33181066 0.0177727022 3.50378788
264 925 5.33179006 0.0177726335 3.50378788
264 925 5.33178612 0.0177726204 3.50378788
264 925 5.33178279 0.0177726093 3.50378788
264 925 5.33178073 0.0177726024 3.50378788
264 925 5.33177949 0.0177725983 3.50378788
264 925 5.33177873 0.0177725958 3.50378788
263 916 5.29511689 0.0176503896 3.48288973
263 916 5.29503639 0.0176501213 3.48288973
263 916 5.29509175 0.0176503058 3.48288973
263 916 5.29512848 0.0176504283 3.48288973
263 916 5.29517778 0.0176505926 3.48288973
263 916 5.29521861 0.0176507287 3.48288973
263 916 5.29524897 0.0176508299 3.48288973
263 916 5.29527065 0.0176509022 3.48288973
263 916 5.29528575 0.0176509525 3.48288973
263 916 5.2952961 0.017650987 3.48288973
262 907 5.25530046 0.0175176682 3.46183206
262 906 5.24962775 0.0174987592 3.45801527
262 907 5.25518282 0.0175172761 3.46183206
262 907 5.2550967 0.017516989 3.46183206
262 907 5.25505796 0.0175168599 3.46183206
262 907 5.25504337 0.0175168112 3.46183206
262 907 5.25503827 0.0175167942 3.46183206
262 907 5.25503702 0.0175167901 3.46183206
262 907 5.25503732 0.0175167911 3.46183206
262 907 5.25503813 0.0175167938 3.46183206
261 897 5.21521378 0.0173840459 3.43678161
261 897 5.21495295 0.0173831765 3.43678161
261 897 5.21508102 0.0173836034 3.43678161
261 897 5.21509629 0.0173836543 3.43678161
261 897 5.21513616 0.0173837872 3.43678161
261 897 5.21517276 0.0173839092 3.43678161
261 897 5.21520497 0.0173840166 3.43678161
261 897 5.21523258 0.0173841086 3.43678161
261 897 5.21525593 0.0173841864 3.43678161
261 897 5.21527544 0.0173842515 3.43678161
260 890 5.17468264 0.0172489421 3.42307692
259 886 5.14689422 0.0171563141 3.42084942
259 892 5.14097369 0.017136579 3.44401544
259 886 5.14570178 0.0171523393 3.42084942
259 886 5.14568741 0.0171522914 3.42084942
259 886 5.14537719 0.0171512573 3.42084942
259 886 5.14548377 0.0171516126 3.42084942
259 886 5.14524819 0.0171508273 3.42084942
259 886 5.14538939 0.017151298 3.42084942
259 886 5.14519063 0.0171506354 3.42084942
258 882 5.10370311 0.0170123437 3.41860465
258 882 5.10461782 0.0170153927 3.41860465
257 875 5.06673609 0.0168891203 3.40466926
257 875 5.06512154 0.0168837385 3.40466926
257 875 5.06364626 0.0168788209 3.40466926
257 875 5.06203198 0.0168734399 3.40466926
257 875 5.06007727 0.0168669242 3.40466926
257 875 5.05740433 0.0168580144 3.40466926
257 875 5.05321024 0.0168440341 3.40466926
257 875 5.04672761 0.0168224254 3.40466926
256 869 5.00583235 0.0166861078 3.39453125
256 869 4.98742687 0.0166247562 3.39453125
256 869 4.89157903 0.0163052634 3.39453125
256 869 0 0 3.39453125
allocating memory...
allocating memory...
allocating memory...
allocating memory...
allocating memory...
allocating memory...
allocating memory...
allocating memory...
walksat version 35
command line = test -solcnf -cutoff 100000000 -best -seed 1234567 -numsol 10 ./residualformula_seed4.cnf
seed = 1234567
cutoff = 100000000
tries = 10
heuristic = best, noise 50 / 100
tail starts after flip = 900
numatom = 300, numclause = 869, numliterals = 2525
wff read in

    lowest     final       avg     noise     noise     total                 avg        mean        mean
    #unsat    #unsat     noise   std dev     ratio     flips              length       flips       flips
      this      this      this      this      this      this   success   success       until         std
       try       try       try       try       try       try      rate     tries      assign         dev

         0         0      4.59      2.32      1.98      2414       100      2414     2414.00
         0         0      0.00      0.00      0.00       467       100      1440     1440.50     1376.74
         0         0      5.50      2.78      1.98      6398       100      3093     3093.00     3023.24
         0         0      4.99      2.93      1.70      1464       100      2685     2685.75     2599.37
         0         0      5.28      3.07      1.72      1145       100      2377     2377.60     2354.21
         0         0      6.93      3.09      2.24      3882       100      2628     2628.33     2193.41
         0         0      6.22      2.98      2.09      1540       100      2472     2472.86     2044.12
         0         0      5.18      2.40      2.16      1791       100      2387     2387.62     1907.78
         0         0      2.64      2.26      1.17      7613       100      2968     2968.22     2493.69
         0         0      3.80      2.38      1.60      4245       100      3095     3095.90     2385.49

total elapsed seconds = 0.000000
average flips per second = -9223372036854775808
number solutions found = 10
final success rate = 100.000000
average length successful tries = 3095
mean flips until assign = 3095.900000
  variance = 5690582.322222
  standard deviation = 2385.494146
  standard error of mean = 754.359485
mean seconds until assign = 0.000000
  variance = 0.000000
  standard deviation = 0.000000
  standard error of mean = 0.000000
mean restarts until assign = 1.000000
  variance = 0.000000
  standard deviation = 0.000000
  standard error of mean = 0.000000
final noise level statistics
    statistics over all runs:
      overall mean average noise level = 5.016447
      overall mean noise std deviation = 2.688507
      overall ratio mean noise to mean std dev = 1.865886
    statistics on successful runs:
      successful mean average noise level = 5.016447
      successful mean noise std deviation = 2.688507
      successful ratio mean noise to mean std dev = 1.865886
    statistics on nonsuccessful runs:
      nonsuccessful mean average noise level = 0.000000
      nonsuccessful mean noise std deviation = 0.000000
      nonsuccessful ratio mean noise to mean std dev = 0.000000
ASSIGNMENT FOUND
Check and white a solution
time of whitening    freezing probability
7	 	 	 	1
7	 	 	 	1
1023	 	 	 	0.216666667
6	 	 	 	1
6	 	 	 	1
6	 	 	 	1
1023	 	 	 	0.253333333
7	 	 	 	1
6	 	 	 	1
6	 	 	 	1
