START ALGORITHM:
I am going to build an instance with N: 300 variables and 1200 clauses with a clause density equal to 4
START DYNAMIC-I BSP WITH r=0.9:
Decimation scorer: cert
END UNIT PROPAGATION
300 1200 6.16226307 0.0205408769 4
300 1200 6.16211422 0.0205403807 4
300 1200 6.16195729 0.0205398576 4
300 1200 6.16179157 0.0205393052 4
300 1200 6.16168487 0.0205389496 4
300 1200 6.16164555 0.0205388185 4
300 1200 6.16159678 0.0205386559 4
300 1200 6.16157348 0.0205385783 4
300 1200 6.16155081 0.0205385027 4
299 1196 6.16154475 0.0205384825 4
299 1196 6.1614966 0.020538322 4
299 1196 6.16151246 0.0205383749 4
299 1196 6.16146536 0.0205382179 4
299 1196 6.1614652 0.0205382173 4
299 1196 6.16146987 0.0205382329 4
299 1196 6.16147102 0.0205382367 4
299 1196 6.1614712 0.0205382373 4
299 1196 6.16147266 0.0205382422 4
299 1196 6.16147296 0.0205382432 4
298 1193 6.15153383 0.0205051128 4.0033557
298 1193 6.1515757 0.0205052523 4.0033557
298 1193 6.15156959 0.020505232 4.0033557
298 1193 6.15156308 0.0205052103 4.0033557
298 1193 6.15156134 0.0205052045 4.0033557
298 1193 6.15156093 0.0205052031 4.0033557
298 1193 6.15156089 0.020505203 4.0033557
298 1193 6.15156091 0.020505203 4.0033557
298 1193 6.15156093 0.0205052031 4.0033557
298 1193 6.15156094 0.0205052031 4.0033557
297 1185 6.14068254 0.0204689418 3.98989899
297 1185 6.1407064 0.0204690213 3.98989899
297 1185 6.1407422 0.0204691407 3.98989899
297 1185 6.14074825 0.0204691608 3.98989899
297 1185 6.14074884 0.0204691628 3.98989899
297 1185 6.14074881 0.0204691627 3.98989899
297 1185 6.14074889 0.020469163 3.98989899
297 1185 6.14074893 0.0204691631 3.98989899
297 1185 6.14074895 0.0204691632 3.98989899
297 1185 6.14074896 0.0204691632 3.98989899
296 1175 6.12528579 0.0204176193 3.96959459
296 1175 6.12513728 0.0204171243 3.96959459
296 1175 6.12514144 0.0204171381 3.96959459
296 1175 6.12512528 0.0204170843 3.96959459
296 1175 6.1251333 0.020417111 3.96959459
296 1175 6.1251334 0.0204171113 3.96959459
296 1175 6.12513422 0.0204171141 3.96959459
296 1175 6.12513456 0.0204171152 3.96959459
296 1175 6.12513472 0.0204171157 3.96959459
296 1175 6.12513483 0.0204171161 3.96959459
295 1167 6.10380464 0.0203460155 3.9559322
295 1167 6.10396077 0.0203465359 3.9559322
295 1167 6.10391193 0.0203463731 3.9559322
295 1167 6.10392745 0.0203464248 3.9559322
295 1167 6.10391677 0.0203463892 3.9559322
295 1167 6.1039296 0.020346432 3.9559322
295 1167 6.10391614 0.0203463871 3.9559322
295 1167 6.10392942 0.0203464314 3.9559322
295 1167 6.10391609 0.020346387 3.9559322
295 1167 6.1039294 0.0203464313 3.9559322
294 1162 6.08081921 0.0202693974 3.95238095
294 1162 6.08111177 0.0202703726 3.95238095
294 1162 6.08081003 0.0202693668 3.95238095
294 1162 6.08115948 0.0202705316 3.95238095
294 1162 6.08075775 0.0202691925 3.95238095
294 1162 6.08082494 0.0202694165 3.95238095
294 1162 6.08119424 0.0202706475 3.95238095
294 1162 6.08075456 0.0202691819 3.95238095
294 1162 6.08082693 0.0202694231 3.95238095
294 1162 6.08119621 0.020270654 3.95238095
293 1150 6.05475187 0.0201825062 3.92491468
293 1150 6.05486183 0.0201828728 3.92491468
293 1150 6.05477232 0.0201825744 3.92491468
293 1150 6.05472362 0.0201824121 3.92491468
293 1150 6.05472196 0.0201824065 3.92491468
293 1150 6.05472285 0.0201824095 3.92491468
293 1150 6.05472423 0.0201824141 3.92491468
293 1150 6.0547248 0.020182416 3.92491468
293 1150 6.05472507 0.0201824169 3.92491468
293 1150 6.05472518 0.0201824173 3.92491468
292 1140 6.02533993 0.0200844664 3.90410959
292 1138 6.02611482 0.0200870494 3.89726027
292 1138 6.0262208 0.0200874027 3.89726027
292 1138 6.02620852 0.0200873617 3.89726027
292 1138 6.02620958 0.0200873653 3.89726027
292 1138 6.0262113 0.020087371 3.89726027
292 1138 6.02621121 0.0200873707 3.89726027
292 1138 6.02621128 0.0200873709 3.89726027
292 1138 6.02621131 0.020087371 3.89726027
292 1138 6.02621132 0.0200873711 3.89726027
291 1128 5.99611685 0.0199870562 3.87628866
291 1128 5.99611663 0.0199870554 3.87628866
291 1128 5.99598615 0.0199866205 3.87628866
291 1128 5.99566613 0.0199855538 3.87628866
291 1128 5.99610114 0.0199870038 3.87628866
291 1128 5.99593114 0.0199864371 3.87628866
291 1128 5.99566433 0.0199855478 3.87628866
291 1128 5.99609937 0.0199869979 3.87628866
291 1128 5.9959306 0.0199864353 3.87628866
291 1128 5.99566498 0.0199855499 3.87628866
290 1114 5.96353984 0.0198784661 3.84137931
290 1114 5.96365163 0.0198788388 3.84137931
290 1114 5.96349642 0.0198783214 3.84137931
290 1114 5.96366996 0.0198788999 3.84137931
290 1114 5.96350727 0.0198783576 3.84137931
290 1114 5.96367426 0.0198789142 3.84137931
290 1114 5.96350731 0.0198783577 3.84137931
290 1114 5.96367439 0.0198789146 3.84137931
290 1114 5.96350767 0.0198783589 3.84137931
290 1114 5.96367447 0.0198789149 3.84137931
289 1103 5.9311872 0.019770624 3.816609
289 1106 5.93314116 0.0197771372 3.82698962
289 1105 5.95844466 0.0198614822 3.82352941
289 1105 5.95835168 0.0198611723 3.82352941
289 1105 5.95834781 0.0198611594 3.82352941
289 1105 5.95834886 0.0198611629 3.82352941
289 1105 5.95834812 0.0198611604 3.82352941
289 1105 5.95834759 0.0198611586 3.82352941
289 1105 5.95834723 0.0198611574 3.82352941
289 1105 5.95834701 0.0198611567 3.82352941
288 1094 5.92907703 0.0197635901 3.79861111
288 1094 5.9290755 0.019763585 3.79861111
288 1094 5.92904111 0.0197634704 3.79861111
288 1094 5.92902625 0.0197634208 3.79861111
288 1094 5.9290243 0.0197634143 3.79861111
288 1094 5.92902471 0.0197634157 3.79861111
288 1094 5.92902512 0.0197634171 3.79861111
288 1094 5.92902535 0.0197634178 3.79861111
288 1094 5.92902546 0.0197634182 3.79861111
288 1094 5.92902552 0.0197634184 3.79861111
287 1082 5.89823487 0.0196607829 3.77003484
287 1082 5.89835018 0.0196611673 3.77003484
287 1082 5.89831251 0.0196610417 3.77003484
287 1082 5.8983251 0.0196610837 3.77003484
287 1082 5.8983332 0.0196611107 3.77003484
287 1082 5.89833789 0.0196611263 3.77003484
287 1082 5.89833935 0.0196611312 3.77003484
287 1082 5.89833987 0.0196611329 3.77003484
287 1082 5.89834009 0.0196611336 3.77003484
287 1082 5.89834018 0.0196611339 3.77003484
286 1077 5.86404526 0.0195468175 3.76573427
286 1082 5.86364631 0.0195454877 3.78321678
286 1077 5.86387813 0.0195462604 3.76573427
286 1082 5.86343632 0.0195447877 3.78321678
286 1077 5.86381878 0.0195460626 3.76573427
286 1082 5.86341293 0.0195447098 3.78321678
286 1077 5.86381165 0.0195460388 3.76573427
286 1082 5.86341197 0.0195447066 3.78321678
286 1077 5.86381239 0.0195460413 3.76573427
286 1082 5.86341233 0.0195447078 3.78321678
285 1070 5.83350902 0.0194450301 3.75438596
285 1070 5.83371754 0.0194457251 3.75438596
285 1070 5.8337525 0.0194458417 3.75438596
285 1070 5.83374792 0.0194458264 3.75438596
285 1070 5.83374575 0.0194458192 3.75438596
285 1070 5.83374639 0.0194458213 3.75438596
285 1070 5.83374628 0.0194458209 3.75438596
285 1070 5.83374627 0.0194458209 3.75438596
285 1070 5.83374627 0.0194458209 3.75438596
285 1070 5.83374627 0.0194458209 3.75438596
284 1064 5.79529822 0.0193176607 3.74647887
284 1064 5.79507587 0.0193169196 3.74647887
284 1064 5.79516271 0.019317209 3.74647887
284 1064 5.79509259 0.0193169753 3.74647887
284 1064 5.79547207 0.0193182402 3.74647887
284 1064 5.79526348 0.0193175449 3.74647887
284 1064 5.79517035 0.0193172345 3.74647887
284 1064 5.79509768 0.0193169923 3.74647887
284 1064 5.79547751 0.0193182584 3.74647887
284 1064 5.79526608 0.0193175536 3.74647887
283 1059 5.75171013 0.0191723671 3.74204947
283 1059 5.76011143 0.0192003714 3.74204947
283 1059 5.75996869 0.0191998956 3.74204947
283 1059 5.75995127 0.0191998376 3.74204947
283 1059 5.75994917 0.0191998306 3.74204947
283 1059 5.75994924 0.0191998308 3.74204947
283 1059 5.75994911 0.0191998304 3.74204947
283 1059 5.75994907 0.0191998302 3.74204947
283 1059 5.75994907 0.0191998302 3.74204947
283 1059 5.75994906 0.0191998302 3.74204947
282 1053 5.72057321 0.0190685774 3.73404255
282 1053 5.72039871 0.0190679957 3.73404255
282 1053 5.72052085 0.0190684028 3.73404255
282 1053 5.72084936 0.0190694979 3.73404255
282 1053 5.72061858 0.0190687286 3.73404255
282 1053 5.72055118 0.0190685039 3.73404255
282 1053 5.72086604 0.0190695535 3.73404255
282 1053 5.72062769 0.019068759 3.73404255
282 1053 5.72055522 0.0190685174 3.73404255
282 1053 5.7208683 0.019069561 3.73404255
281 1043 5.67822031 0.018927401 3.71174377
281 1039 5.68145059 0.0189381686 3.6975089
281 1039 5.6812664 0.0189375547 3.6975089
281 1039 5.68123607 0.0189374536 3.6975089
281 1039 5.68122753 0.0189374251 3.6975089
281 1039 5.68122606 0.0189374202 3.6975089
281 1039 5.68122533 0.0189374178 3.6975089
281 1039 5.68122509 0.018937417 3.6975089
281 1039 5.681225 0.0189374167 3.6975089
281 1039 5.68122496 0.0189374165 3.6975089
280 1033 5.64223236 0.0188074412 3.68928571
280 1033 5.64210173 0.0188070058 3.68928571
280 1033 5.64205718 0.0188068573 3.68928571
280 1033 5.6420372 0.0188067907 3.68928571
280 1033 5.64202934 0.0188067645 3.68928571
280 1033 5.64202696 0.0188067565 3.68928571
280 1033 5.64202636 0.0188067545 3.68928571
280 1033 5.64202638 0.0188067546 3.68928571
280 1033 5.6420265 0.018806755 3.68928571
280 1033 5.64202659 0.0188067553 3.68928571
279 1025 5.59914301 0.01866381 3.67383513
279 1025 5.5993881 0.018664627 3.67383513
279 1025 5.59935638 0.0186645213 3.67383513
279 1025 5.59934502 0.0186644834 3.67383513
279 1025 5.59936015 0.0186645338 3.67383513
279 1025 5.59936053 0.0186645351 3.67383513
279 1025 5.59936049 0.018664535 3.67383513
279 1025 5.59936058 0.0186645353 3.67383513
279 1025 5.59936055 0.0186645352 3.67383513
279 1025 5.59936054 0.0186645351 3.67383513
278 1017 5.5547942 0.0185159807 3.65827338
278 1017 5.55477082 0.0185159027 3.65827338
278 1017 5.5548159 0.018516053 3.65827338
278 1017 5.55482011 0.018516067 3.65827338
278 1017 5.55481773 0.0185160591 3.65827338
278 1017 5.55481702 0.0185160567 3.65827338
278 1017 5.55481705 0.0185160568 3.65827338
278 1017 5.55481712 0.0185160571 3.65827338
278 1017 5.55481713 0.0185160571 3.65827338
278 1017 5.55481713 0.0185160571 3.65827338
277 1012 5.51118046 0.0183706015 3.6534296
277 1011 5.52739482 0.0184246494 3.64981949
277 1011 5.5266821 0.0184222737 3.64981949
277 1011 5.52733747 0.0184244582 3.64981949
277 1011 5.52664522 0.0184221507 3.64981949
277 1011 5.52734264 0.0184244755 3.64981949
277 1011 5.52664232 0.0184221411 3.64981949
277 1011 5.52734401 0.01842448 3.64981949
277 1011 5.52664161 0.0184221387 3.64981949
277 1011 5.52734456 0.0184244819 3.64981949
276 1003 5.48686092 0.0182895364 3.63405797
276 1003 5.48695188 0.0182898396 3.63405797
276 1003 5.48696233 0.0182898744 3.63405797
276 1003 5.48696218 0.0182898739 3.63405797
276 1003 5.48696145 0.0182898715 3.63405797
276 1003 5.48696153 0.0182898718 3.63405797
276 1003 5.4869615 0.0182898717 3.63405797
276 1003 5.48696151 0.0182898717 3.63405797
276 1003 5.48696151 0.0182898717 3.63405797
276 1003 5.48696151 0.0182898717 3.63405797
275 999 5.44127073 0.0181375691 3.63272727
275 999 5.44226607 0.0181408869 3.63272727
275 1000 5.45766053 0.0181922018 3.63636364
275 1000 5.45759602 0.0181919867 3.63636364
275 1000 5.45759084 0.0181919695 3.63636364
275 1000 5.45759128 0.0181919709 3.63636364
275 1000 5.45759143 0.0181919714 3.63636364
275 1000 5.45759154 0.0181919718 3.63636364
275 1000 5.45759163 0.0181919721 3.63636364
275 1000 5.45759167 0.0181919722 3.63636364
274 992 5.41568227 0.0180522742 3.62043796
274 995 5.41213192 0.0180404397 3.63138686
274 992 5.41570178 0.0180523393 3.62043796
274 992 5.41584158 0.0180528053 3.62043796
274 992 5.41583954 0.0180527985 3.62043796
274 992 5.41584066 0.0180528022 3.62043796
274 992 5.41584009 0.0180528003 3.62043796
274 992 5.41584 0.0180528 3.62043796
274 992 5.41583988 0.0180527996 3.62043796
274 992 5.41583984 0.0180527995 3.62043796
273 987 5.37308944 0.0179102981 3.61538462
273 990 5.37221264 0.0179073755 3.62637363
273 990 5.37215751 0.0179071917 3.62637363
273 990 5.37215218 0.0179071739 3.62637363
273 990 5.3721526 0.0179071753 3.62637363
273 990 5.37215088 0.0179071696 3.62637363
273 990 5.37215055 0.0179071685 3.62637363
273 990 5.37215032 0.0179071677 3.62637363
273 990 5.37215019 0.0179071673 3.62637363
273 990 5.37215013 0.0179071671 3.62637363
272 982 5.33245276 0.0177748425 3.61029412
272 982 5.33265041 0.0177755014 3.61029412
272 982 5.3326285 0.0177754283 3.61029412
272 982 5.33234136 0.0177744712 3.61029412
272 982 5.33261449 0.0177753816 3.61029412
272 982 5.33235139 0.0177745046 3.61029412
272 982 5.33261693 0.0177753898 3.61029412
272 982 5.33235146 0.0177745049 3.61029412
272 982 5.33261691 0.0177753897 3.61029412
272 982 5.33235155 0.0177745052 3.61029412
271 977 5.28854057 0.0176284686 3.60516605
271 977 5.28837209 0.017627907 3.60516605
271 977 5.28844083 0.0176281361 3.60516605
271 977 5.28838551 0.0176279517 3.60516605
271 977 5.28843611 0.0176281204 3.60516605
271 977 5.28839521 0.017627984 3.60516605
271 977 5.28843994 0.0176281331 3.60516605
271 977 5.28839642 0.0176279881 3.60516605
271 977 5.28844096 0.0176281365 3.60516605
271 977 5.28839684 0.0176279895 3.60516605
270 973 5.24345558 0.0174781853 3.6037037
270 973 5.24341606 0.0174780535 3.6037037
270 973 5.24344494 0.0174781498 3.6037037
270 973 5.24344301 0.0174781434 3.6037037
270 973 5.24344434 0.0174781478 3.6037037
270 973 5.24344502 0.0174781501 3.6037037
270 973 5.24344533 0.0174781511 3.6037037
270 973 5.24344556 0.0174781519 3.6037037
270 973 5.24344568 0.0174781523 3.6037037
270 973 5.24344575 0.0174781525 3.6037037
269 965 5.19974503 0.0173324834 3.58736059
269 965 5.19971903 0.0173323968 3.58736059
269 965 5.1999269 0.0173330897 3.58736059
269 965 5.19975879 0.0173325293 3.58736059
269 965 5.19993263 0.0173331088 3.58736059
269 965 5.19975873 0.0173325291 3.58736059
269 965 5.19993285 0.0173331095 3.58736059
269 965 5.19975873 0.0173325291 3.58736059
269 965 5.19993287 0.0173331096 3.58736059
269 965 5.19975873 0.0173325291 3.58736059
268 959 5.15620742 0.0171873581 3.57835821
268 958 5.15664789 0.0171888263 3.57462687
268 959 5.15612805 0.0171870935 3.57835821
268 958 5.15664687 0.0171888229 3.57462687
268 959 5.15611583 0.0171870528 3.57835821
268 958 5.15664852 0.0171888284 3.57462687
268 959 5.15611522 0.0171870507 3.57835821
268 958 5.15664901 0.01718883 3.57462687
268 959 5.15611506 0.0171870502 3.57835821
268 958 5.15664914 0.0171888305 3.57462687
267 952 5.11296274 0.0170432091 3.56554307
267 952 5.11270967 0.0170423656 3.56554307
267 952 5.11265786 0.0170421929 3.56554307
267 952 5.11308877 0.0170436292 3.56554307
267 952 5.11260219 0.0170420073 3.56554307
267 952 5.1126998 0.0170423327 3.56554307
267 952 5.11271637 0.0170423879 3.56554307
267 952 5.11272642 0.0170424214 3.56554307
267 952 5.11272873 0.0170424291 3.56554307
267 952 5.11272734 0.0170424245 3.56554307
266 945 5.06442484 0.0168814161 3.55263158
266 945 5.06601597 0.0168867199 3.55263158
266 945 5.06604454 0.0168868151 3.55263158
266 945 5.0660865 0.016886955 3.55263158
266 945 5.06609186 0.0168869729 3.55263158
266 945 5.06608922 0.0168869641 3.55263158
266 945 5.06608959 0.0168869653 3.55263158
266 945 5.06608965 0.0168869655 3.55263158
266 945 5.06608963 0.0168869654 3.55263158
266 945 5.06608965 0.0168869655 3.55263158
265 938 5.01809405 0.0167269802 3.53962264
265 938 5.01947944 0.0167315981 3.53962264
265 938 5.01941375 0.0167313792 3.53962264
265 938 5.01945859 0.0167315286 3.53962264
265 938 5.0194648 0.0167315493 3.53962264
265 938 5.01946094 0.0167315365 3.53962264
265 938 5.01946189 0.0167315396 3.53962264
265 938 5.01946204 0.0167315401 3.53962264
265 938 5.01946209 0.0167315403 3.53962264
265 938 5.01946218 0.0167315406 3.53962264
264 931 4.97070911 0.0165690304 3.52651515
264 931 4.97084993 0.0165694998 3.52651515
264 931 4.97087497 0.0165695832 3.52651515
264 931 4.97087765 0.0165695922 3.52651515
264 931 4.97087783 0.0165695928 3.52651515
264 931 4.97087859 0.0165695953 3.52651515
264 931 4.97087887 0.0165695962 3.52651515
264 931 4.97087897 0.0165695966 3.52651515
264 931 4.97087905 0.0165695968 3.52651515
264 931 4.97087909 0.016569597 3.52651515
263 928 4.92063319 0.0164021106 3.52851711
263 928 4.92041902 0.0164013967 3.52851711
263 928 4.92029357 0.0164009786 3.52851711
263 926 4.9567497 0.016522499 3.52091255
263 926 4.95655506 0.0165218502 3.52091255
263 926 4.95673932 0.0165224644 3.52091255
263 926 4.95654583 0.0165218194 3.52091255
263 926 4.95672542 0.0165224181 3.52091255
263 926 4.95654207 0.0165218069 3.52091255
263 926 4.95672239 0.016522408 3.52091255
262 919 4.90815307 0.0163605102 3.50763359
262 923 4.90816767 0.0163605589 3.52290076
262 919 4.9081931 0.0163606437 3.50763359
262 923 4.90816556 0.0163605519 3.52290076
262 919 4.90820498 0.0163606833 3.50763359
262 923 4.90816456 0.0163605485 3.52290076
262 919 4.90820698 0.0163606899 3.50763359
262 923 4.90816425 0.0163605475 3.52290076
262 919 4.90820751 0.0163606917 3.50763359
262 923 4.90816408 0.0163605469 3.52290076
261 916 4.86224525 0.0162074842 3.50957854
261 916 4.86226356 0.0162075452 3.50957854
261 915 4.86964097 0.0162321366 3.50574713
261 915 4.86953393 0.0162317798 3.50574713
261 915 4.86964478 0.0162321493 3.50574713
261 915 4.86953601 0.0162317867 3.50574713
261 915 4.86964318 0.0162321439 3.50574713
261 915 4.86953434 0.0162317811 3.50574713
261 915 4.86964324 0.0162321441 3.50574713
261 915 4.86953433 0.0162317811 3.50574713
260 912 4.82425903 0.0160808634 3.50769231
260 912 4.82411961 0.0160803987 3.50769231
260 912 4.82411854 0.0160803951 3.50769231
260 912 4.82415465 0.0160805155 3.50769231
260 912 4.82415177 0.0160805059 3.50769231
260 912 4.82415008 0.0160805003 3.50769231
260 912 4.82415055 0.0160805018 3.50769231
260 912 4.82415036 0.0160805012 3.50769231
260 912 4.82415031 0.016080501 3.50769231
260 912 4.82415031 0.016080501 3.50769231
259 905 4.78045229 0.015934841 3.49420849
259 905 4.78033802 0.0159344601 3.49420849
259 905 4.78038913 0.0159346304 3.49420849
259 905 4.78039485 0.0159346495 3.49420849
259 905 4.78039 0.0159346333 3.49420849
259 905 4.78039158 0.0159346386 3.49420849
259 905 4.78039162 0.0159346387 3.49420849
259 905 4.78039172 0.0159346391 3.49420849
259 905 4.78039183 0.0159346394 3.49420849
259 905 4.78039187 0.0159346396 3.49420849
258 896 4.7296724 0.0157655747 3.47286822
258 891 4.72980555 0.0157660185 3.45348837
258 887 4.73148808 0.0157716269 3.4379845
258 887 4.73132132 0.0157710711 3.4379845
258 887 4.73134585 0.0157711528 3.4379845
258 887 4.73133855 0.0157711285 3.4379845
258 887 4.7313383 0.0157711277 3.4379845
258 887 4.73133781 0.015771126 3.4379845
258 887 4.73133751 0.015771125 3.4379845
258 887 4.73133738 0.0157711246 3.4379845
257 882 4.68220225 0.0156073408 3.43190661
257 882 4.68215158 0.0156071719 3.43190661
257 887 4.68275155 0.0156091718 3.45136187
257 892 4.68802299 0.0156267433 3.47081712
257 894 4.7112818 0.0157042727 3.47859922
257 894 4.71110618 0.0157036873 3.47859922
257 894 4.71112129 0.0157037376 3.47859922
257 894 4.71113353 0.0157037784 3.47859922
257 894 4.71112885 0.0157037628 3.47859922
257 894 4.71112836 0.0157037612 3.47859922
256 887 4.66740008 0.0155580003 3.46484375
256 887 4.66763458 0.0155587819 3.46484375
256 887 4.66760736 0.0155586912 3.46484375
256 887 4.66762325 0.0155587442 3.46484375
256 887 4.66762685 0.0155587562 3.46484375
256 887 4.66762486 0.0155587495 3.46484375
256 887 4.66762579 0.0155587526 3.46484375
256 887 4.66762588 0.0155587529 3.46484375
256 887 4.66762584 0.0155587528 3.46484375
256 887 4.66762588 0.0155587529 3.46484375
255 881 4.62291621 0.0154097207 3.45490196
255 884 4.62933969 0.0154311323 3.46666667
255 884 4.6421843 0.0154739477 3.46666667
255 884 4.64208601 0.01547362 3.46666667
255 884 4.64205232 0.0154735077 3.46666667
255 884 4.64205057 0.0154735019 3.46666667
255 884 4.64205052 0.0154735017 3.46666667
255 884 4.64205071 0.0154735024 3.46666667
255 884 4.64205101 0.0154735034 3.46666667
255 884 4.64205118 0.0154735039 3.46666667
254 877 4.59639125 0.0153213042 3.45275591
254 877 4.59620103 0.0153206701 3.45275591
254 877 4.59624526 0.0153208175 3.45275591
254 877 4.59628077 0.0153209359 3.45275591
254 877 4.59628116 0.0153209372 3.45275591
254 877 4.59628029 0.0153209343 3.45275591
254 877 4.59628043 0.0153209348 3.45275591
254 877 4.59628028 0.0153209343 3.45275591
254 877 4.59628027 0.0153209342 3.45275591
254 877 4.59628029 0.0153209343 3.45275591
253 870 4.55242424 0.0151747475 3.43873518
253 870 4.55237048 0.0151745683 3.43873518
253 870 4.55247066 0.0151749022 3.43873518
253 870 4.55247659 0.015174922 3.43873518
253 870 4.55247182 0.0151749061 3.43873518
253 870 4.55247328 0.0151749109 3.43873518
253 870 4.55247348 0.0151749116 3.43873518
253 870 4.55247361 0.015174912 3.43873518
253 870 4.55247372 0.0151749124 3.43873518
253 870 4.55247376 0.0151749125 3.43873518
252 861 4.50336994 0.0150112331 3.41666667
252 861 4.50349277 0.0150116426 3.41666667
252 861 4.50337657 0.0150112552 3.41666667
252 861 4.50348586 0.0150116195 3.41666667
252 861 4.50339446 0.0150113149 3.41666667
252 861 4.50348419 0.015011614 3.41666667
252 861 4.50339514 0.0150113171 3.41666667
252 861 4.5034854 0.015011618 3.41666667
252 861 4.50339536 0.0150113179 3.41666667
252 861 4.50348568 0.0150116189 3.41666667
251 858 4.45383258 0.0148461086 3.41832669
251 855 4.45388577 0.0148462859 3.4063745
251 853 4.48243718 0.0149414573 3.39840637
251 856 4.49277927 0.0149759309 3.41035857
251 851 4.49528866 0.0149842955 3.39043825
251 851 4.49538317 0.0149846106 3.39043825
251 851 4.49539771 0.014984659 3.39043825
251 851 4.49539701 0.0149846567 3.39043825
251 851 4.49539738 0.0149846579 3.39043825
251 851 4.49539741 0.014984658 3.39043825
250 848 4.45150287 0.0148383429 3.392
250 848 4.45129914 0.0148376638 3.392
250 848 4.45124438 0.0148374813 3.392
250 848 4.45128256 0.0148376085 3.392
250 848 4.45128289 0.0148376096 3.392
250 848 4.45128237 0.0148376079 3.392
250 848 4.4512825 0.0148376083 3.392
250 848 4.45128221 0.0148376074 3.392
250 848 4.45128223 0.0148376074 3.392
250 848 4.45128224 0.0148376075 3.392
249 841 4.40617457 0.0146872486 3.37751004
249 841 4.40575423 0.0146858474 3.37751004
249 842 4.41486439 0.0147162146 3.3815261
249 843 4.41574412 0.0147191471 3.38554217
249 843 4.41568341 0.0147189447 3.38554217
249 843 4.41566686 0.0147188895 3.38554217
249 843 4.41566009 0.014718867 3.38554217
249 843 4.41565719 0.0147188573 3.38554217
249 843 4.41565579 0.0147188526 3.38554217
249 843 4.41565509 0.0147188503 3.38554217
248 839 4.37300765 0.0145766922 3.38306452
248 839 4.37271301 0.01457571 3.38306452
248 839 4.37273363 0.0145757788 3.38306452
248 839 4.37274069 0.0145758023 3.38306452
248 839 4.37273891 0.0145757964 3.38306452
248 839 4.37274041 0.0145758014 3.38306452
248 839 4.37274111 0.0145758037 3.38306452
248 839 4.3727414 0.0145758047 3.38306452
248 839 4.37274161 0.0145758054 3.38306452
248 839 4.37274174 0.0145758058 3.38306452
247 835 4.32853164 0.0144284388 3.3805668
247 835 4.32879522 0.0144293174 3.3805668
247 835 4.32869082 0.0144289694 3.3805668
247 835 4.32861434 0.0144287145 3.3805668
247 835 4.32866022 0.0144288674 3.3805668
247 835 4.32866666 0.0144288889 3.3805668
247 835 4.32866607 0.0144288869 3.3805668
247 835 4.32866592 0.0144288864 3.3805668
247 835 4.32866565 0.0144288855 3.3805668
247 835 4.32866565 0.0144288855 3.3805668
246 828 4.28399599 0.0142799866 3.36585366
246 829 4.28445443 0.0142815148 3.3699187
246 828 4.2842823 0.014280941 3.36585366
246 829 4.28450533 0.0142816844 3.3699187
246 828 4.28431121 0.0142810374 3.36585366
246 829 4.28451308 0.0142817103 3.3699187
246 828 4.28431218 0.0142810406 3.36585366
246 829 4.28451325 0.0142817108 3.3699187
246 828 4.28431287 0.0142810429 3.36585366
246 829 4.28451343 0.0142817114 3.3699187
245 825 4.24114125 0.0141371375 3.36734694
245 825 4.24136563 0.0141378854 3.36734694
245 825 4.24143878 0.0141381293 3.36734694
245 825 4.24142188 0.0141380729 3.36734694
245 825 4.24141666 0.0141380555 3.36734694
245 825 4.24141744 0.0141380581 3.36734694
245 825 4.24141782 0.0141380594 3.36734694
245 825 4.24141787 0.0141380596 3.36734694
245 825 4.24141798 0.0141380599 3.36734694
245 825 4.24141803 0.0141380601 3.36734694
244 819 4.19316478 0.0139772159 3.35655738
244 817 4.19322606 0.0139774202 3.34836066
244 816 4.19412043 0.0139804014 3.3442623
244 817 4.20049519 0.0140016506 3.34836066
244 818 4.21315738 0.0140438579 3.35245902
244 817 4.22573112 0.0140857704 3.34836066
244 817 4.23759333 0.0141253111 3.34836066
244 822 4.24656247 0.0141552082 3.36885246
244 822 4.24643943 0.0141547981 3.36885246
244 822 4.24635209 0.014154507 3.36885246
243 815 4.20764122 0.0140254707 3.35390947
243 815 4.20797208 0.0140265736 3.35390947
243 815 4.20797257 0.0140265752 3.35390947
243 815 4.20797106 0.0140265702 3.35390947
243 815 4.20797133 0.0140265711 3.35390947
243 815 4.20797255 0.0140265752 3.35390947
243 815 4.20797341 0.014026578 3.35390947
243 815 4.20797399 0.01402658 3.35390947
243 815 4.20797437 0.0140265812 3.35390947
243 815 4.20797462 0.0140265821 3.35390947
242 812 4.16893528 0.0138964509 3.3553719
242 812 4.16847843 0.0138949281 3.3553719
242 812 4.16856967 0.0138952322 3.3553719
242 812 4.16857497 0.0138952499 3.3553719
242 812 4.16858012 0.0138952671 3.3553719
242 812 4.16858208 0.0138952736 3.3553719
242 812 4.16858304 0.0138952768 3.3553719
242 812 4.16858374 0.0138952791 3.3553719
242 812 4.1685842 0.0138952807 3.3553719
242 812 4.1685845 0.0138952817 3.3553719
241 808 4.12602664 0.0137534221 3.3526971
241 805 4.12553962 0.0137517987 3.34024896
241 802 4.12644189 0.0137548063 3.32780083
241 801 4.12726504 0.0137575501 3.32365145
241 801 4.12702514 0.0137567505 3.32365145
241 801 4.12701833 0.0137567278 3.32365145
241 801 4.12703122 0.0137567707 3.32365145
241 801 4.12703115 0.0137567705 3.32365145
241 801 4.12703162 0.0137567721 3.32365145
241 801 4.12703145 0.0137567715 3.32365145
240 794 4.08816381 0.0136272127 3.30833333
240 794 4.08848413 0.0136282804 3.30833333
240 794 4.08849926 0.0136283309 3.30833333
240 794 4.08849893 0.0136283298 3.30833333
240 794 4.08849888 0.0136283296 3.30833333
240 794 4.08850059 0.0136283353 3.30833333
240 794 4.08850179 0.0136283393 3.30833333
240 794 4.08850258 0.0136283419 3.30833333
240 794 4.08850308 0.0136283436 3.30833333
240 794 4.08850339 0.0136283446 3.30833333
239 791 4.0475004 0.013491668 3.30962343
239 791 4.04746304 0.0134915435 3.30962343
239 791 4.04745211 0.013491507 3.30962343
239 791 4.0474427 0.0134914757 3.30962343
239 791 4.04744344 0.0134914781 3.30962343
239 791 4.04744439 0.0134914813 3.30962343
239 791 4.04744491 0.013491483 3.30962343
239 791 4.04744528 0.0134914843 3.30962343
239 791 4.04744552 0.0134914851 3.30962343
239 791 4.04744567 0.0134914856 3.30962343
238 785 4.00532874 0.0133510958 3.29831933
238 785 4.00509466 0.0133503155 3.29831933
238 785 4.00530802 0.0133510267 3.29831933
238 785 4.00535518 0.0133511839 3.29831933
238 785 4.00508496 0.0133502832 3.29831933
238 785 4.00510246 0.0133503415 3.29831933
238 785 4.00531294 0.0133510431 3.29831933
238 785 4.00535771 0.0133511924 3.29831933
238 785 4.00508632 0.0133502877 3.29831933
238 785 4.00510324 0.0133503441 3.29831933
237 781 3.95963921 0.0131987974 3.29535865
237 782 3.96128455 0.0132042818 3.29957806
237 782 3.96111571 0.013203719 3.29957806
237 782 3.96085856 0.0132028619 3.29957806
237 782 3.96087876 0.0132029292 3.29957806
237 782 3.96108861 0.0132036287 3.29957806
237 782 3.96111787 0.0132037262 3.29957806
237 782 3.96086343 0.0132028781 3.29957806
237 782 3.96088105 0.0132029368 3.29957806
237 782 3.96108986 0.0132036329 3.29957806
236 778 3.91584464 0.0130528155 3.29661017
236 778 3.91607179 0.0130535726 3.29661017
236 778 3.91611687 0.0130537229 3.29661017
236 778 3.9159744 0.013053248 3.29661017
236 778 3.91618766 0.0130539589 3.29661017
236 778 3.91625135 0.0130541712 3.29661017
236 778 3.91619012 0.0130539671 3.29661017
236 778 3.91620003 0.0130540001 3.29661017
236 778 3.91619982 0.0130539994 3.29661017
236 778 3.91620048 0.0130540016 3.29661017
235 775 3.86550209 0.012885007 3.29787234
235 775 3.86561799 0.0128853933 3.29787234
235 775 3.8656456 0.0128854853 3.29787234
235 775 3.8656445 0.0128854817 3.29787234
235 775 3.8656442 0.0128854807 3.29787234
235 775 3.86564412 0.0128854804 3.29787234
235 775 3.86564422 0.0128854807 3.29787234
235 775 3.86564427 0.0128854809 3.29787234
235 775 3.86564431 0.012885481 3.29787234
235 775 3.86564433 0.0128854811 3.29787234
234 768 3.81476638 0.0127158879 3.28205128
234 768 3.81634153 0.0127211384 3.28205128
234 768 3.81637899 0.0127212633 3.28205128
234 768 3.81605919 0.0127201973 3.28205128
234 768 3.81604608 0.0127201536 3.28205128
234 768 3.81604281 0.0127201427 3.28205128
234 768 3.81604286 0.0127201429 3.28205128
234 768 3.81604273 0.0127201424 3.28205128
234 768 3.81604275 0.0127201425 3.28205128
234 768 3.81604274 0.0127201425 3.28205128
233 761 3.76587148 0.0125529049 3.26609442
233 753 3.76659509 0.012555317 3.23175966
233 756 3.76588388 0.0125529463 3.24463519
233 756 3.76584122 0.0125528041 3.24463519
233 756 3.76586294 0.0125528765 3.24463519
233 756 3.76585815 0.0125528605 3.24463519
233 756 3.76585835 0.0125528612 3.24463519
233 756 3.76585853 0.0125528618 3.24463519
233 756 3.76585856 0.0125528619 3.24463519
233 756 3.76585859 0.012552862 3.24463519
232 749 3.71546809 0.0123848936 3.22844828
232 749 3.71542639 0.0123847546 3.22844828
232 749 3.71543601 0.0123847867 3.22844828
232 749 3.71543467 0.0123847822 3.22844828
232 749 3.71543473 0.0123847824 3.22844828
232 749 3.71543478 0.0123847826 3.22844828
232 749 3.7154348 0.0123847827 3.22844828
232 749 3.7154348 0.0123847827 3.22844828
232 749 3.7154348 0.0123847827 3.22844828
232 749 3.7154348 0.0123847827 3.22844828
231 741 3.6620817 0.012206939 3.20779221
231 750 3.6770459 0.0122568197 3.24675325
231 749 3.69666407 0.0123222136 3.24242424
231 749 3.6967958 0.0123226527 3.24242424
231 749 3.69677659 0.0123225886 3.24242424
231 749 3.69677837 0.0123225946 3.24242424
231 749 3.69677757 0.0123225919 3.24242424
231 749 3.6967778 0.0123225927 3.24242424
231 749 3.69677783 0.0123225928 3.24242424
231 749 3.69677789 0.012322593 3.24242424
230 742 3.65102626 0.0121700875 3.22608696
230 742 3.65164057 0.0121721352 3.22608696
230 742 3.65148459 0.0121716153 3.22608696
230 742 3.65152377 0.0121717459 3.22608696
230 742 3.651519 0.01217173 3.22608696
230 742 3.65151917 0.0121717306 3.22608696
230 742 3.65151883 0.0121717294 3.22608696
230 742 3.65151881 0.0121717294 3.22608696
230 742 3.65151877 0.0121717292 3.22608696
230 742 3.65151877 0.0121717292 3.22608696
229 735 3.60231384 0.0120077128 3.20960699
229 735 3.60192401 0.0120064134 3.20960699
229 735 3.6017874 0.012005958 3.20960699
229 735 3.60170263 0.0120056754 3.20960699
229 735 3.60171125 0.0120057042 3.20960699
229 735 3.60170949 0.0120056983 3.20960699
229 735 3.60170975 0.0120056992 3.20960699
229 735 3.6017097 0.012005699 3.20960699
229 735 3.60170971 0.012005699 3.20960699
229 735 3.60170972 0.0120056991 3.20960699
228 728 3.55181488 0.0118393829 3.19298246
228 727 3.55213991 0.0118404664 3.18859649
228 727 3.55218883 0.0118406294 3.18859649
228 727 3.55181973 0.0118393991 3.18859649
228 727 3.55185244 0.0118395081 3.18859649
228 727 3.55185075 0.0118395025 3.18859649
228 727 3.55185242 0.0118395081 3.18859649
228 727 3.5518525 0.0118395083 3.18859649
228 727 3.55185256 0.0118395085 3.18859649
228 727 3.55185256 0.0118395085 3.18859649
227 720 3.50479602 0.0116826534 3.17180617
227 715 3.50588403 0.0116862801 3.14977974
227 715 3.50852942 0.0116950981 3.14977974
227 715 3.50898117 0.0116966039 3.14977974
227 715 3.50922753 0.0116974251 3.14977974
227 715 3.50908509 0.0116969503 3.14977974
227 715 3.50910475 0.0116970158 3.14977974
227 715 3.50916929 0.011697231 3.14977974
227 715 3.50907254 0.0116969085 3.14977974
227 715 3.50909682 0.0116969894 3.14977974
226 712 3.46032952 0.0115344317 3.15044248
226 712 3.45923691 0.0115307897 3.15044248
226 712 3.4609477 0.0115364923 3.15044248
226 712 3.45924278 0.0115308093 3.15044248
226 712 3.46087537 0.0115362512 3.15044248
226 712 3.45920837 0.0115306946 3.15044248
226 712 3.46094743 0.0115364914 3.15044248
226 712 3.4592323 0.0115307743 3.15044248
226 712 3.46085744 0.0115361915 3.15044248
226 712 3.4592186 0.0115307287 3.15044248
225 709 3.41184286 0.0113728095 3.15111111
225 709 3.41228009 0.011374267 3.15111111
225 709 3.4121761 0.0113739203 3.15111111
225 709 3.41228696 0.0113742899 3.15111111
225 709 3.41221919 0.011374064 3.15111111
225 709 3.4121886 0.011373962 3.15111111
225 709 3.41228293 0.0113742764 3.15111111
225 709 3.41221913 0.0113740638 3.15111111
225 709 3.41218848 0.0113739616 3.15111111
225 709 3.41228287 0.0113742762 3.15111111
224 697 3.36003716 0.0112001239 3.11160714
224 697 3.36011876 0.0112003959 3.11160714
224 697 3.36015538 0.0112005179 3.11160714
224 697 3.36015623 0.0112005208 3.11160714
224 697 3.36015555 0.0112005185 3.11160714
224 697 3.36015598 0.0112005199 3.11160714
224 697 3.36015615 0.0112005205 3.11160714
224 697 3.36015622 0.0112005207 3.11160714
224 697 3.36015626 0.0112005209 3.11160714
224 697 3.36015628 0.0112005209 3.11160714
223 696 3.31082516 0.0110360839 3.12107623
223 696 3.31036544 0.0110345515 3.12107623
223 696 3.31055574 0.0110351858 3.12107623
223 696 3.31053567 0.0110351189 3.12107623
223 696 3.31052815 0.0110350938 3.12107623
223 696 3.31052861 0.0110350954 3.12107623
223 696 3.31052915 0.0110350972 3.12107623
223 696 3.31052923 0.0110350974 3.12107623
223 696 3.31052926 0.0110350975 3.12107623
223 696 3.31052928 0.0110350976 3.12107623
222 693 3.25894604 0.0108631535 3.12162162
222 693 3.2591372 0.0108637907 3.12162162
222 693 3.25895468 0.0108631823 3.12162162
222 693 3.25914471 0.0108638157 3.12162162
222 693 3.25907717 0.0108635906 3.12162162
222 693 3.2589588 0.010863196 3.12162162
222 693 3.25914357 0.0108638119 3.12162162
222 693 3.25907726 0.0108635909 3.12162162
222 693 3.25895886 0.0108631962 3.12162162
222 693 3.25914358 0.0108638119 3.12162162
221 688 3.2017904 0.0106726347 3.11312217
221 684 3.20344016 0.0106781339 3.09502262
221 684 3.20336504 0.0106778835 3.09502262
221 684 3.20332543 0.0106777514 3.09502262
221 684 3.20331952 0.0106777317 3.09502262
221 684 3.20332059 0.0106777353 3.09502262
221 684 3.20332013 0.0106777338 3.09502262
221 684 3.20332007 0.0106777336 3.09502262
221 684 3.20331996 0.0106777332 3.09502262
221 684 3.20331992 0.0106777331 3.09502262
220 678 3.15406648 0.0105135549 3.08181818
220 686 3.15601881 0.0105200627 3.11818182
220 684 3.16284804 0.0105428268 3.10909091
220 684 3.16267445 0.0105422482 3.10909091
220 684 3.16286592 0.0105428864 3.10909091
220 684 3.16274377 0.0105424792 3.10909091
220 684 3.16268286 0.0105422762 3.10909091
220 684 3.16286381 0.0105428794 3.10909091
220 684 3.16274308 0.0105424769 3.10909091
220 684 3.16268251 0.010542275 3.10909091
219 681 3.11297425 0.0103765808 3.10958904
219 681 3.12848487 0.0104282829 3.10958904
219 680 3.14919152 0.0104973051 3.10502283
219 677 3.16951722 0.0105650574 3.0913242
219 675 3.18603425 0.0106201142 3.08219178
219 678 3.19549173 0.0106516391 3.09589041
219 677 3.21804703 0.0107268234 3.0913242
219 676 3.23910867 0.0107970289 3.08675799
219 676 3.25129875 0.0108376625 3.08675799
219 680 3.25582318 0.0108527439 3.10502283
218 676 3.21860502 0.0107286834 3.10091743
218 675 3.23174206 0.0107724735 3.09633028
218 679 3.25906593 0.0108635531 3.1146789
218 683 3.26280834 0.0108760278 3.13302752
218 687 3.27069591 0.0109023197 3.15137615
218 680 3.27537835 0.0109179278 3.11926606
218 672 3.28180994 0.0109393665 3.08256881
218 670 3.28226848 0.0109408949 3.0733945
218 673 3.28838406 0.0109612802 3.08715596
218 674 3.30173335 0.0110057778 3.09174312
217 670 3.26629308 0.0108876436 3.0875576
217 670 3.26635855 0.0108878618 3.0875576
217 670 3.26654167 0.0108884722 3.0875576
217 670 3.26635263 0.0108878421 3.0875576
217 670 3.26652686 0.0108884229 3.0875576
217 670 3.2663625 0.010887875 3.0875576
217 670 3.26653943 0.0108884648 3.0875576
217 670 3.2663724 0.010887908 3.0875576
217 670 3.26654806 0.0108884935 3.0875576
217 670 3.26637797 0.0108879266 3.0875576
216 662 3.22546068 0.0107515356 3.06481481
216 658 3.22588786 0.0107529595 3.0462963
216 653 3.23236933 0.0107745644 3.02314815
216 655 3.25666209 0.0108555403 3.03240741
216 655 3.25586797 0.0108528932 3.03240741
216 655 3.25544179 0.0108514726 3.03240741
216 655 3.25518161 0.0108506054 3.03240741
216 655 3.25501525 0.0108500508 3.03240741
216 655 3.25490671 0.010849689 3.03240741
216 655 3.25483511 0.0108494504 3.03240741
215 647 3.22559238 0.0107519746 3.00930233
215 647 3.22548422 0.0107516141 3.00930233
215 647 3.22542721 0.010751424 3.00930233
215 647 3.22536501 0.0107512167 3.00930233
215 647 3.2253215 0.0107510717 3.00930233
215 647 3.22528975 0.0107509658 3.00930233
215 647 3.22542226 0.0107514075 3.00930233
215 647 3.22547666 0.0107515889 3.00930233
215 647 3.22551222 0.0107517074 3.00930233
215 647 3.2255457 0.010751819 3.00930233
214 643 3.19150852 0.0106383617 3.0046729
214 640 3.19231016 0.0106410339 2.99065421
214 640 3.19235547 0.0106411849 2.99065421
214 640 3.19233607 0.0106411202 2.99065421
214 640 3.19231532 0.0106410511 2.99065421
214 640 3.19229832 0.0106409944 2.99065421
214 640 3.19228415 0.0106409472 2.99065421
214 640 3.19227228 0.0106409076 2.99065421
214 640 3.19226231 0.0106408744 2.99065421
214 640 3.19225392 0.0106408464 2.99065421
213 636 3.15884875 0.0105294958 2.98591549
213 636 3.15832491 0.0105277497 2.98591549
213 636 3.15819749 0.010527325 2.98591549
213 636 3.15814726 0.0105271575 2.98591549
213 636 3.1581104 0.0105270347 2.98591549
213 636 3.15808534 0.0105269511 2.98591549
213 636 3.15806856 0.0105268952 2.98591549
213 636 3.15805776 0.0105268592 2.98591549
213 636 3.15805112 0.0105268371 2.98591549
213 636 3.15804729 0.0105268243 2.98591549
212 632 3.12439176 0.0104146392 2.98113208
212 633 3.12472374 0.0104157458 2.98584906
212 633 3.12397309 0.0104132436 2.98584906
212 632 3.12531991 0.010417733 2.98113208
212 632 3.1252727 0.0104175757 2.98113208
212 632 3.12525716 0.0104175239 2.98113208
212 632 3.12524355 0.0104174785 2.98113208
212 632 3.12522964 0.0104174321 2.98113208
212 632 3.1252177 0.0104173923 2.98113208
212 632 3.12520737 0.0104173579 2.98113208
211 629 3.09140938 0.0103046979 2.98104265
211 629 3.09121714 0.0103040571 2.98104265
211 629 3.09103633 0.0103034544 2.98104265
211 629 3.09110897 0.0103036966 2.98104265
211 629 3.09094077 0.0103031359 2.98104265
211 629 3.0910351 0.0103034503 2.98104265
211 629 3.09088498 0.0103029499 2.98104265
211 629 3.09099007 0.0103033002 2.98104265
211 629 3.09085109 0.010302837 2.98104265
211 629 3.09096131 0.0103032044 2.98104265
210 624 3.05451219 0.0101817073 2.97142857
210 624 3.05468677 0.0101822892 2.97142857
210 627 3.05456402 0.0101818801 2.98571429
210 624 3.05467114 0.0101822371 2.97142857
210 624 3.0546764 0.0101822547 2.97142857
210 627 3.05442127 0.0101814042 2.98571429
210 624 3.05467339 0.0101822446 2.97142857
210 624 3.05467856 0.0101822619 2.97142857
210 627 3.05431734 0.0101810578 2.98571429
210 624 3.05468258 0.0101822753 2.97142857
209 619 3.019047 0.01006349 2.96172249
209 617 3.02238088 0.0100746029 2.95215311
209 619 3.02406381 0.0100802127 2.96172249
209 619 3.02385986 0.0100795329 2.96172249
209 619 3.02358898 0.0100786299 2.96172249
209 619 3.02329619 0.010077654 2.96172249
209 619 3.0229733 0.0100765777 2.96172249
209 619 3.02260559 0.010075352 2.96172249
209 618 3.0228065 0.0100760217 2.9569378
209 619 3.02197492 0.0100732497 2.96172249
208 615 2.99320387 0.00997734622 2.95673077
208 615 2.99268734 0.00997562446 2.95673077
208 615 2.9918941 0.00997298032 2.95673077
208 615 2.99044506 0.00996815019 2.95673077
208 615 2.98808606 0.00996028686 2.95673077
208 615 2.98315802 0.00994386006 2.95673077
208 613 2.97869893 0.00992899645 2.94711538
208 613 2.96648707 0.00988829022 2.94711538
208 613 2.88808755 0.0096269585 2.94711538
208 615 0 0 2.95673077
allocating memory...
allocating memory...
allocating memory...
allocating memory...
allocating memory...
walksat version 35
command line = test -solcnf -cutoff 100000000 -best -seed 1234567 -numsol 10 ./residualformula_seed1.cnf
seed = 1234567
cutoff = 100000000
tries = 10
heuristic = best, noise 50 / 100
tail starts after flip = 900
numatom = 300, numclause = 615, numliterals = 1704
wff read in

    lowest     final       avg     noise     noise     total                 avg        mean        mean
    #unsat    #unsat     noise   std dev     ratio     flips              length       flips       flips
      this      this      this      this      this      this   success   success       until         std
       try       try       try       try       try       try      rate     tries      assign         dev

         0         0      2.77      1.81      1.53     11677       100     11677    11677.00
         0         0      3.17      2.14      1.48     11550       100     11613    11613.50       89.80
         0         0      2.95      1.98      1.49     18168       100     13798    13798.33     3784.78
         0         0      0.00      0.00      0.00       752       100     10536    10536.75     7218.13
         0         0      4.04      2.39      1.69      3780       100      9185     9185.40     6943.11
         0         0      3.36      2.04      1.65      2521       100      8074     8074.67     6779.95
         0         0      3.54      2.21      1.60      4536       100      7569     7569.14     6332.09
         0         0      3.68      2.51      1.47      3393       100      7047     7047.12     6045.45
         0         0      3.45      2.63      1.31      6456       100      6981     6981.44     5658.43
         0         0      4.49      2.60      1.73      5019       100      6785     6785.20     5370.80

total elapsed seconds = 0.000000
average flips per second = -9223372036854775808
number solutions found = 10
final success rate = 100.000000
average length successful tries = 6785
mean flips until assign = 6785.200000
  variance = 28845449.955556
  standard deviation = 5370.796026
  standard error of mean = 1698.394829
mean seconds until assign = 0.000000
  variance = 0.000000
  standard deviation = 0.000000
  standard error of mean = 0.000000
mean restarts until assign = 1.000000
  variance = 0.000000
  standard deviation = 0.000000
  standard error of mean = 0.000000
final noise level statistics
    statistics over all runs:
      overall mean average noise level = 3.494186
      overall mean noise std deviation = 2.257994
      overall ratio mean noise to mean std dev = 1.547473
    statistics on successful runs:
      successful mean average noise level = 3.494186
      successful mean noise std deviation = 2.257994
      successful ratio mean noise to mean std dev = 1.547473
    statistics on nonsuccessful runs:
      nonsuccessful mean average noise level = 0.000000
      nonsuccessful mean noise std deviation = 0.000000
      nonsuccessful ratio mean noise to mean std dev = 0.000000
ASSIGNMENT FOUND
Check and white a solution
time of whitening    freezing probability
7	 	 	 	1
7	 	 	 	1
7	 	 	 	1
1023	 	 	 	0.176666667
7	 	 	 	1
7	 	 	 	1
10	 	 	 	1
11	 	 	 	1
7	 	 	 	1
11	 	 	 	1
