START ALGORITHM:
I am going to build an instance with N: 300 variables and 1200 clauses with a clause density equal to 4
START BSP WITH r=0.9:
Decimation scorer: gamma:0.01
END UNIT PROPAGATION
300 1200 5.34011925 0.0178003975 4
300 1200 5.33998148 0.0177999383 4
300 1200 5.34001168 0.0178000389 4
300 1200 5.33994116 0.0177998039 4
300 1200 5.33993017 0.0177997672 4
300 1200 5.33992757 0.0177997586 4
300 1200 5.33993009 0.017799767 4
300 1200 5.33993127 0.0177997709 4
300 1200 5.33992844 0.0177997615 4
299 1194 5.33992819 0.0177997606 3.99331104
299 1194 5.33992662 0.0177997554 3.99331104
299 1194 5.33992622 0.0177997541 3.99331104
299 1194 5.33992618 0.0177997539 3.99331104
299 1194 5.3399261 0.0177997537 3.99331104
299 1194 5.33992606 0.0177997535 3.99331104
299 1194 5.33992595 0.0177997532 3.99331104
299 1194 5.33992591 0.017799753 3.99331104
299 1194 5.33992588 0.0177997529 3.99331104
299 1194 5.33992587 0.0177997529 3.99331104
298 1189 5.33992587 0.0177997529 3.98993289
298 1189 5.33992586 0.0177997529 3.98993289
298 1189 5.33992585 0.0177997528 3.98993289
298 1189 5.33992585 0.0177997528 3.98993289
298 1189 5.33992585 0.0177997528 3.98993289
298 1189 5.33992585 0.0177997528 3.98993289
298 1189 5.33992585 0.0177997528 3.98993289
298 1189 5.33992585 0.0177997528 3.98993289
298 1189 5.33992585 0.0177997528 3.98993289
298 1189 5.33992585 0.0177997528 3.98993289
297 1184 5.33992585 0.0177997528 3.98653199
297 1184 5.33992585 0.0177997528 3.98653199
297 1184 5.33992585 0.0177997528 3.98653199
297 1184 5.33992585 0.0177997528 3.98653199
297 1184 5.33992584 0.0177997528 3.98653199
297 1184 5.33992584 0.0177997528 3.98653199
297 1184 5.33992584 0.0177997528 3.98653199
297 1184 5.33992584 0.0177997528 3.98653199
297 1184 5.33992584 0.0177997528 3.98653199
297 1184 5.33992584 0.0177997528 3.98653199
296 1181 5.33992584 0.0177997528 3.98986486
296 1181 5.33993905 0.0177997968 3.98986486
296 1181 5.33993043 0.0177997681 3.98986486
296 1181 5.33992772 0.0177997591 3.98986486
296 1181 5.33993 0.0177997667 3.98986486
296 1181 5.33992943 0.0177997648 3.98986486
296 1181 5.33992897 0.0177997632 3.98986486
296 1181 5.33992877 0.0177997626 3.98986486
296 1181 5.33992886 0.0177997629 3.98986486
296 1181 5.33992885 0.0177997628 3.98986486
295 1175 5.33485184 0.0177828395 3.98305085
295 1175 5.33483993 0.0177827998 3.98305085
295 1175 5.33484585 0.0177828195 3.98305085
295 1175 5.33486881 0.017782896 3.98305085
295 1175 5.33486651 0.0177828884 3.98305085
295 1175 5.33486743 0.0177828914 3.98305085
295 1175 5.33486813 0.0177828938 3.98305085
295 1175 5.33486785 0.0177828928 3.98305085
295 1175 5.33486784 0.0177828928 3.98305085
295 1175 5.33486792 0.0177828931 3.98305085
294 1167 5.32101654 0.0177367218 3.96938776
294 1167 5.32104623 0.0177368208 3.96938776
294 1167 5.32097143 0.0177365714 3.96938776
294 1167 5.32099262 0.0177366421 3.96938776
294 1167 5.32099331 0.0177366444 3.96938776
294 1167 5.32099207 0.0177366402 3.96938776
294 1167 5.32099299 0.0177366433 3.96938776
294 1167 5.32099329 0.0177366443 3.96938776
294 1167 5.32099318 0.0177366439 3.96938776
294 1167 5.32099324 0.0177366441 3.96938776
293 1159 5.30316602 0.0176772201 3.9556314
293 1159 5.3032417 0.0176774723 3.9556314
293 1159 5.30317301 0.0176772434 3.9556314
293 1159 5.30316671 0.0176772224 3.9556314
293 1159 5.30316147 0.0176772049 3.9556314
293 1159 5.30316359 0.017677212 3.9556314
293 1159 5.30316473 0.0176772158 3.9556314
293 1159 5.30316478 0.0176772159 3.9556314
293 1159 5.30316474 0.0176772158 3.9556314
293 1159 5.30316469 0.0176772156 3.9556314
292 1151 5.28490583 0.0176163528 3.94178082
292 1153 5.28479094 0.0176159698 3.94863014
292 1151 5.2848956 0.0176163187 3.94178082
292 1151 5.28480706 0.0176160235 3.94178082
292 1151 5.28471884 0.0176157295 3.94178082
292 1151 5.28473971 0.017615799 3.94178082
292 1151 5.28473851 0.017615795 3.94178082
292 1151 5.28473391 0.0176157797 3.94178082
292 1151 5.28473423 0.0176157808 3.94178082
292 1151 5.28473463 0.0176157821 3.94178082
291 1145 5.26814771 0.0175604924 3.9347079
291 1145 5.26827279 0.0175609093 3.9347079
291 1145 5.268581 0.0175619367 3.9347079
291 1145 5.26847162 0.0175615721 3.9347079
291 1145 5.26846421 0.0175615474 3.9347079
291 1145 5.26848087 0.0175616029 3.9347079
291 1145 5.26847863 0.0175615954 3.9347079
291 1145 5.26847846 0.0175615949 3.9347079
291 1145 5.26847943 0.0175615981 3.9347079
291 1145 5.26847913 0.0175615971 3.9347079
290 1133 5.24840747 0.0174946916 3.90689655
290 1133 5.24826226 0.0174942075 3.90689655
290 1133 5.24816878 0.0174938959 3.90689655
290 1133 5.24818769 0.017493959 3.90689655
290 1133 5.2481852 0.0174939507 3.90689655
290 1133 5.24818526 0.0174939509 3.90689655
290 1133 5.24818503 0.0174939501 3.90689655
290 1133 5.24818499 0.01749395 3.90689655
290 1133 5.24818499 0.01749395 3.90689655
290 1133 5.24818498 0.0174939499 3.90689655
289 1124 5.22835857 0.0174278619 3.88927336
289 1124 5.22843566 0.0174281189 3.88927336
289 1124 5.22858827 0.0174286276 3.88927336
289 1124 5.22840271 0.017428009 3.88927336
289 1124 5.22838097 0.0174279366 3.88927336
289 1124 5.22842186 0.0174280729 3.88927336
289 1124 5.2284221 0.0174280737 3.88927336
289 1124 5.22841479 0.0174280493 3.88927336
289 1124 5.22841547 0.0174280516 3.88927336
289 1124 5.2284159 0.017428053 3.88927336
288 1113 5.20296545 0.0173432182 3.86458333
288 1117 5.20438934 0.0173479645 3.87847222
288 1117 5.20428012 0.0173476004 3.87847222
288 1117 5.20423329 0.0173474443 3.87847222
288 1117 5.20454015 0.0173484672 3.87847222
288 1113 5.20277626 0.0173425875 3.86458333
288 1113 5.20276532 0.0173425511 3.86458333
288 1113 5.20277507 0.0173425836 3.86458333
288 1113 5.2027746 0.017342582 3.86458333
288 1113 5.2027754 0.0173425847 3.86458333
287 1106 5.17883435 0.0172627812 3.85365854
287 1106 5.17898896 0.0172632965 3.85365854
287 1106 5.17904721 0.0172634907 3.85365854
287 1106 5.17907573 0.0172635858 3.85365854
287 1106 5.17907809 0.0172635936 3.85365854
287 1106 5.17907868 0.0172635956 3.85365854
287 1106 5.17907885 0.0172635962 3.85365854
287 1106 5.1790788 0.017263596 3.85365854
287 1106 5.17907885 0.0172635962 3.85365854
287 1106 5.17907885 0.0172635962 3.85365854
286 1095 5.15375168 0.0171791723 3.82867133
286 1095 5.15364738 0.0171788246 3.82867133
286 1095 5.1536742 0.017178914 3.82867133
286 1095 5.1536969 0.0171789897 3.82867133
286 1095 5.15369943 0.0171789981 3.82867133
286 1095 5.15369905 0.0171789968 3.82867133
286 1095 5.15369903 0.0171789968 3.82867133
286 1095 5.15369889 0.0171789963 3.82867133
286 1095 5.15369886 0.0171789962 3.82867133
286 1095 5.15369886 0.0171789962 3.82867133
285 1085 5.12703302 0.0170901101 3.80701754
285 1085 5.12697155 0.0170899052 3.80701754
285 1088 5.13312312 0.0171104104 3.81754386
285 1088 5.13314419 0.0171104806 3.81754386
285 1085 5.12704031 0.0170901344 3.80701754
285 1085 5.1269739 0.017089913 3.80701754
285 1085 5.12699876 0.0170899959 3.80701754
285 1088 5.13318341 0.0171106114 3.81754386
285 1088 5.13314852 0.0171104951 3.81754386
285 1088 5.13320641 0.017110688 3.81754386
284 1078 5.10669444 0.0170223148 3.79577465
284 1078 5.10676238 0.0170225413 3.79577465
284 1078 5.10669022 0.0170223007 3.79577465
284 1078 5.10668387 0.0170222796 3.79577465
284 1078 5.10667525 0.0170222508 3.79577465
284 1078 5.1066742 0.0170222473 3.79577465
284 1078 5.10667346 0.0170222449 3.79577465
284 1078 5.10667342 0.0170222447 3.79577465
284 1078 5.10667342 0.0170222447 3.79577465
284 1078 5.10667341 0.0170222447 3.79577465
283 1070 5.07771435 0.0169257145 3.78091873
283 1073 5.07690657 0.0169230219 3.79151943
283 1070 5.07779505 0.0169259835 3.78091873
283 1070 5.07786847 0.0169262282 3.78091873
283 1070 5.07791006 0.0169263669 3.78091873
283 1070 5.07782539 0.0169260846 3.78091873
283 1070 5.07788587 0.0169262862 3.78091873
283 1070 5.07782733 0.0169260911 3.78091873
283 1070 5.07788447 0.0169262816 3.78091873
283 1070 5.07782771 0.0169260924 3.78091873
282 1065 5.04883283 0.0168294428 3.77659574
282 1065 5.04873989 0.016829133 3.77659574
282 1065 5.04869126 0.0168289709 3.77659574
282 1065 5.04869858 0.0168289953 3.77659574
282 1065 5.04869078 0.0168289693 3.77659574
282 1065 5.04869078 0.0168289693 3.77659574
282 1065 5.04868948 0.0168289649 3.77659574
282 1065 5.04868977 0.0168289659 3.77659574
282 1065 5.04868975 0.0168289658 3.77659574
282 1065 5.04868963 0.0168289654 3.77659574
281 1061 5.02092185 0.0167364062 3.77580071
281 1061 5.02084231 0.016736141 3.77580071
281 1061 5.02082011 0.016736067 3.77580071
281 1061 5.02080294 0.0167360098 3.77580071
281 1061 5.0208926 0.0167363087 3.77580071
281 1061 5.02070951 0.0167356984 3.77580071
281 1061 5.0208572 0.0167361907 3.77580071
281 1061 5.0207119 0.0167357063 3.77580071
281 1061 5.02085595 0.0167361865 3.77580071
281 1061 5.02071169 0.0167357056 3.77580071
280 1049 4.98905339 0.016630178 3.74642857
280 1047 4.98953518 0.0166317839 3.73928571
280 1052 4.98668129 0.016622271 3.75714286
280 1042 4.99513261 0.016650442 3.72142857
280 1043 4.99677023 0.0166559008 3.725
280 1043 4.99688577 0.0166562859 3.725
280 1043 4.996887 0.01665629 3.725
280 1043 4.99687688 0.0166562563 3.725
280 1043 4.99687848 0.0166562616 3.725
280 1043 4.99687861 0.016656262 3.725
279 1038 4.96828849 0.0165609616 3.72043011
279 1038 4.96829305 0.0165609768 3.72043011
279 1038 4.96824146 0.0165608049 3.72043011
279 1038 4.96825253 0.0165608418 3.72043011
279 1038 4.96824955 0.0165608318 3.72043011
279 1038 4.96824729 0.0165608243 3.72043011
279 1038 4.96824708 0.0165608236 3.72043011
279 1038 4.96824696 0.0165608232 3.72043011
279 1038 4.96824694 0.0165608231 3.72043011
279 1038 4.96824694 0.0165608231 3.72043011
278 1028 4.93658531 0.0164552844 3.69784173
278 1028 4.93638062 0.0164546021 3.69784173
278 1028 4.936474 0.0164549133 3.69784173
278 1028 4.93647544 0.0164549181 3.69784173
278 1028 4.93647992 0.0164549331 3.69784173
278 1028 4.93648048 0.0164549349 3.69784173
278 1028 4.93648074 0.0164549358 3.69784173
278 1028 4.93648068 0.0164549356 3.69784173
278 1028 4.93648069 0.0164549356 3.69784173
278 1028 4.93648069 0.0164549356 3.69784173
277 1016 4.90421277 0.0163473759 3.66787004
277 1016 4.90418018 0.0163472673 3.66787004
277 1016 4.90418262 0.0163472754 3.66787004
277 1016 4.90421396 0.0163473799 3.66787004
277 1016 4.90415697 0.0163471899 3.66787004
277 1016 4.90416019 0.0163472006 3.66787004
277 1016 4.90416136 0.0163472045 3.66787004
277 1016 4.90416163 0.0163472054 3.66787004
277 1016 4.90416163 0.0163472054 3.66787004
277 1016 4.90416163 0.0163472054 3.66787004
276 1009 4.87230041 0.0162410014 3.6557971
275 1003 4.87232779 0.0162410926 3.64727273
275 1009 4.87375294 0.0162458431 3.66909091
275 1003 4.87244514 0.0162414838 3.64727273
275 1003 4.87238208 0.0162412736 3.64727273
275 1003 4.87237266 0.0162412422 3.64727273
275 1003 4.87238822 0.0162412941 3.64727273
275 1003 4.87238718 0.0162412906 3.64727273
275 1003 4.87238713 0.0162412904 3.64727273
275 1003 4.8723871 0.0162412903 3.64727273
274 997 4.84334887 0.0161444962 3.63868613
274 997 4.84327856 0.0161442619 3.63868613
274 997 4.84331806 0.0161443935 3.63868613
274 997 4.8433072 0.0161443573 3.63868613
274 997 4.8433057 0.0161443523 3.63868613
274 997 4.84330532 0.0161443511 3.63868613
274 997 4.8433054 0.0161443513 3.63868613
274 997 4.84330539 0.0161443513 3.63868613
274 997 4.8433054 0.0161443513 3.63868613
274 997 4.84330539 0.0161443513 3.63868613
273 993 4.81349387 0.0160449796 3.63736264
273 993 4.81297577 0.0160432526 3.63736264
273 993 4.81337369 0.016044579 3.63736264
273 993 4.81335071 0.0160445024 3.63736264
273 993 4.81336806 0.0160445602 3.63736264
273 993 4.81336891 0.016044563 3.63736264
273 993 4.81336843 0.0160445614 3.63736264
273 993 4.81336876 0.0160445625 3.63736264
273 993 4.81336842 0.0160445614 3.63736264
273 993 4.81336844 0.0160445615 3.63736264
272 987 4.77606751 0.015920225 3.62867647
272 985 4.7739593 0.0159131977 3.62132353
272 983 4.77653535 0.0159217845 3.61397059
272 983 4.7765576 0.0159218587 3.61397059
272 983 4.7765692 0.0159218973 3.61397059
272 983 4.77656319 0.0159218773 3.61397059
272 983 4.7765616 0.015921872 3.61397059
272 983 4.77656134 0.0159218711 3.61397059
272 983 4.77656135 0.0159218712 3.61397059
272 983 4.77656135 0.0159218712 3.61397059
271 979 4.74776823 0.0158258941 3.61254613
271 979 4.74772305 0.0158257435 3.61254613
271 979 4.74769173 0.0158256391 3.61254613
271 979 4.74769152 0.0158256384 3.61254613
271 979 4.74769278 0.0158256426 3.61254613
271 979 4.74769368 0.0158256456 3.61254613
271 979 4.74769343 0.0158256448 3.61254613
271 979 4.74769355 0.0158256452 3.61254613
271 979 4.74769353 0.0158256451 3.61254613
271 979 4.74769354 0.0158256451 3.61254613
270 971 4.7124743 0.0157082477 3.5962963
270 972 4.7021609 0.0156738697 3.6
270 971 4.71259146 0.0157086382 3.5962963
270 971 4.71274295 0.0157091432 3.5962963
270 971 4.71277051 0.015709235 3.5962963
270 971 4.71277591 0.015709253 3.5962963
270 971 4.71277528 0.0157092509 3.5962963
270 971 4.71277557 0.0157092519 3.5962963
270 971 4.71277547 0.0157092516 3.5962963
270 971 4.7127755 0.0157092517 3.5962963
269 964 4.67803786 0.0155934595 3.58364312
269 964 4.67788183 0.0155929394 3.58364312
269 964 4.67770688 0.0155923563 3.58364312
269 964 4.67798646 0.0155932882 3.58364312
269 964 4.67772383 0.0155924128 3.58364312
269 964 4.67798589 0.0155932863 3.58364312
269 964 4.67772519 0.0155924173 3.58364312
269 964 4.67798614 0.0155932871 3.58364312
269 964 4.67772544 0.0155924181 3.58364312
269 964 4.67798621 0.0155932874 3.58364312
268 958 4.64169395 0.0154723132 3.57462687
268 958 4.641647 0.0154721567 3.57462687
268 958 4.64155768 0.0154718589 3.57462687
268 958 4.64168101 0.01547227 3.57462687
268 958 4.64156524 0.0154718841 3.57462687
268 958 4.64168758 0.0154722919 3.57462687
268 958 4.6415665 0.0154718883 3.57462687
268 958 4.64168862 0.0154722954 3.57462687
268 958 4.64156681 0.0154718894 3.57462687
268 958 4.6416888 0.015472296 3.57462687
267 951 4.60277462 0.0153425821 3.56179775
267 953 4.6018787 0.0153395957 3.56928839
267 952 4.60354996 0.0153451665 3.56554307
267 952 4.60348 0.0153449333 3.56554307
267 951 4.60266436 0.0153422145 3.56179775
267 951 4.6027157 0.0153423857 3.56179775
267 952 4.60356744 0.0153452248 3.56554307
267 953 4.6027909 0.0153426363 3.56928839
267 951 4.60271413 0.0153423804 3.56179775
267 951 4.60253197 0.0153417732 3.56179775
266 946 4.56939117 0.0152313039 3.55639098
266 946 4.56936795 0.0152312265 3.55639098
266 946 4.56964952 0.0152321651 3.55639098
266 946 4.56953928 0.0152317976 3.55639098
266 946 4.56953797 0.0152317932 3.55639098
266 946 4.56963787 0.0152321262 3.55639098
266 946 4.56946499 0.01523155 3.55639098
266 946 4.56945754 0.0152315251 3.55639098
266 946 4.56946042 0.0152315347 3.55639098
266 946 4.56945919 0.0152315306 3.55639098
265 939 4.53325158 0.0151108386 3.54339623
265 939 4.53333266 0.0151111089 3.54339623
265 939 4.5333289 0.0151110963 3.54339623
265 939 4.53334762 0.0151111587 3.54339623
265 939 4.53334603 0.0151111534 3.54339623
265 939 4.53334501 0.01511115 3.54339623
265 939 4.53334505 0.0151111502 3.54339623
265 939 4.5333451 0.0151111503 3.54339623
265 939 4.53334511 0.0151111504 3.54339623
265 939 4.53334511 0.0151111504 3.54339623
264 931 4.49431582 0.0149810527 3.52651515
264 931 4.49414249 0.014980475 3.52651515
264 931 4.49414732 0.0149804911 3.52651515
264 931 4.49440668 0.0149813556 3.52651515
264 931 4.49128714 0.0149709571 3.52651515
264 931 4.49411314 0.0149803771 3.52651515
264 931 4.49414083 0.0149804694 3.52651515
264 931 4.4944229 0.0149814097 3.52651515
264 931 4.49426272 0.0149808757 3.52651515
264 931 4.49429884 0.0149809961 3.52651515
263 923 4.45387879 0.0148462626 3.5095057
263 923 4.45371818 0.0148457273 3.5095057
263 927 4.45261214 0.0148420405 3.52471483
263 923 4.4542135 0.0148473783 3.5095057
263 923 4.45376638 0.0148458879 3.5095057
263 923 4.45380431 0.0148460144 3.5095057
263 923 4.45380985 0.0148460328 3.5095057
263 923 4.45380089 0.014846003 3.5095057
263 923 4.45379991 0.0148459997 3.5095057
263 923 4.45379938 0.0148459979 3.5095057
262 919 4.41393935 0.0147131312 3.50763359
262 917 4.4150211 0.014716737 3.5
262 917 4.41458176 0.0147152725 3.5
262 917 4.41463573 0.0147154524 3.5
262 917 4.41465621 0.0147155207 3.5
262 917 4.41464467 0.0147154822 3.5
262 917 4.41464436 0.0147154812 3.5
262 917 4.41464404 0.0147154801 3.5
262 917 4.41464343 0.0147154781 3.5
262 917 4.41464356 0.0147154785 3.5
261 913 4.37406177 0.0145802059 3.49808429
261 913 4.37437401 0.0145812467 3.49808429
261 913 4.37454146 0.0145818049 3.49808429
261 913 4.3744723 0.0145815743 3.49808429
261 913 4.3744849 0.0145816163 3.49808429
261 913 4.3744827 0.014581609 3.49808429
261 913 4.37448398 0.0145816133 3.49808429
261 913 4.37448396 0.0145816132 3.49808429
261 913 4.374484 0.0145816133 3.49808429
261 913 4.37448401 0.0145816134 3.49808429
260 906 4.33423384 0.0144474461 3.48461538
260 903 4.32122732 0.0144040911 3.47307692
260 900 4.3437913 0.0144793043 3.46153846
260 899 4.34889686 0.0144963229 3.45769231
260 901 4.35158772 0.0145052924 3.46538462
260 901 4.35208681 0.014506956 3.46538462
260 900 4.34683834 0.0144894611 3.46153846
260 901 4.3516966 0.0145056553 3.46538462
260 901 4.35167671 0.014505589 3.46538462
260 901 4.35155455 0.0145051818 3.46538462
259 893 4.31617216 0.0143872405 3.44787645
259 893 4.31628265 0.0143876088 3.44787645
259 893 4.31634381 0.0143878127 3.44787645
259 893 4.31636115 0.0143878705 3.44787645
259 893 4.31636158 0.0143878719 3.44787645
259 893 4.31636157 0.0143878719 3.44787645
259 893 4.31636157 0.0143878719 3.44787645
259 893 4.31636158 0.0143878719 3.44787645
259 893 4.31636159 0.014387872 3.44787645
259 893 4.3163616 0.014387872 3.44787645
258 891 4.29056276 0.0143018759 3.45348837
258 891 4.29018778 0.0143006259 3.45348837
258 891 4.29025015 0.0143008338 3.45348837
258 891 4.29025573 0.0143008524 3.45348837
258 891 4.29025107 0.0143008369 3.45348837
258 891 4.29025154 0.0143008385 3.45348837
258 891 4.29025151 0.0143008384 3.45348837
258 891 4.29025124 0.0143008375 3.45348837
258 891 4.29025132 0.0143008377 3.45348837
258 891 4.2902513 0.0143008377 3.45348837
257 887 4.249644 0.01416548 3.45136187
257 887 4.25001226 0.0141667075 3.45136187
257 887 4.24788848 0.0141596283 3.45136187
257 887 4.24992994 0.0141664331 3.45136187
257 887 4.24997999 0.0141666 3.45136187
257 887 4.25003844 0.0141667948 3.45136187
257 887 4.25003067 0.0141667689 3.45136187
257 887 4.25002786 0.0141667595 3.45136187
257 887 4.25002834 0.0141667611 3.45136187
257 887 4.25002832 0.0141667611 3.45136187
256 883 4.20971982 0.0140323994 3.44921875
256 883 4.20993667 0.0140331222 3.44921875
256 883 4.21001183 0.0140333728 3.44921875
256 883 4.20997386 0.0140332462 3.44921875
256 883 4.2099765 0.014033255 3.44921875
256 883 4.20997672 0.0140332557 3.44921875
256 883 4.20997718 0.0140332573 3.44921875
256 883 4.20997715 0.0140332572 3.44921875
256 883 4.20997717 0.0140332572 3.44921875
256 883 4.20997717 0.0140332572 3.44921875
255 877 4.17325153 0.0139108384 3.43921569
255 876 4.16483895 0.0138827965 3.43529412
255 874 4.17088282 0.0139029427 3.42745098
255 874 4.17389633 0.0139129878 3.42745098
255 872 4.1647239 0.013882413 3.41960784
255 872 4.16456941 0.013881898 3.41960784
255 868 4.1623547 0.0138745157 3.40392157
255 872 4.16464108 0.0138821369 3.41960784
255 872 4.16485977 0.0138828659 3.41960784
255 872 4.16475904 0.0138825301 3.41960784
254 864 4.12684944 0.0137561648 3.4015748
254 864 4.12670776 0.0137556925 3.4015748
254 864 4.12692998 0.0137564333 3.4015748
254 864 4.12680357 0.0137560119 3.4015748
254 864 4.12692218 0.0137564073 3.4015748
254 864 4.12680386 0.0137560129 3.4015748
254 864 4.12692188 0.0137564063 3.4015748
254 864 4.1268035 0.0137560117 3.4015748
254 864 4.1269218 0.013756406 3.4015748
254 864 4.12680349 0.0137560116 3.4015748
253 862 4.0983586 0.0136611953 3.40711462
253 862 4.09832003 0.0136610668 3.40711462
253 862 4.09827629 0.013660921 3.40711462
253 862 4.0980998 0.0136603327 3.40711462
253 862 4.09825724 0.0136608575 3.40711462
253 862 4.09807294 0.0136602431 3.40711462
253 862 4.09824516 0.0136608172 3.40711462
253 862 4.09807402 0.0136602467 3.40711462
253 862 4.09824538 0.0136608179 3.40711462
253 862 4.09807387 0.0136602462 3.40711462
252 857 4.05754454 0.0135251485 3.40079365
252 857 4.05726401 0.0135242134 3.40079365
252 857 4.05708528 0.0135236176 3.40079365
252 857 4.05707168 0.0135235723 3.40079365
252 857 4.05705014 0.0135235005 3.40079365
252 857 4.05704974 0.0135234991 3.40079365
252 857 4.05704935 0.0135234978 3.40079365
252 857 4.05704952 0.0135234984 3.40079365
252 857 4.05704947 0.0135234982 3.40079365
252 857 4.05704943 0.0135234981 3.40079365
251 852 4.01467667 0.0133822556 3.39442231
251 852 4.01516575 0.0133838858 3.39442231
251 854 4.01941629 0.0133980543 3.40239044
251 852 4.01505847 0.0133835282 3.39442231
251 852 4.01517188 0.0133839063 3.39442231
251 852 4.01517008 0.0133839003 3.39442231
251 852 4.01517153 0.0133839051 3.39442231
251 852 4.01517102 0.0133839034 3.39442231
251 852 4.01517096 0.0133839032 3.39442231
251 852 4.01517095 0.0133839032 3.39442231
250 849 3.97888302 0.0132629434 3.396
250 849 3.97890653 0.0132630218 3.396
250 849 3.97901033 0.0132633678 3.396
250 849 3.97903599 0.0132634533 3.396
250 849 3.97903059 0.0132634353 3.396
250 849 3.97903126 0.0132634375 3.396
250 849 3.97903097 0.0132634366 3.396
250 849 3.97903101 0.0132634367 3.396
250 849 3.97903104 0.0132634368 3.396
250 849 3.97903104 0.0132634368 3.396
249 844 3.93418698 0.0131139566 3.38955823
249 844 3.93367785 0.0131122595 3.38955823
249 844 3.93378818 0.0131126273 3.38955823
249 844 3.93370774 0.0131123591 3.38955823
249 844 3.93375238 0.0131125079 3.38955823
249 844 3.93370831 0.013112361 3.38955823
249 844 3.93375268 0.0131125089 3.38955823
249 844 3.93370852 0.0131123617 3.38955823
249 844 3.9337527 0.013112509 3.38955823
249 844 3.93370853 0.0131123618 3.38955823
248 836 3.88575398 0.0129525133 3.37096774
248 841 3.86625692 0.0128875231 3.39112903
248 838 3.89929139 0.012997638 3.37903226
248 838 3.89968616 0.0129989539 3.37903226
248 838 3.89961057 0.0129987019 3.37903226
248 838 3.89961218 0.0129987073 3.37903226
248 838 3.89961138 0.0129987046 3.37903226
248 838 3.8996121 0.012998707 3.37903226
248 838 3.89961189 0.0129987063 3.37903226
248 838 3.89961189 0.0129987063 3.37903226
247 833 3.8546842 0.0128489473 3.37246964
247 833 3.85441496 0.0128480499 3.37246964
247 833 3.85445175 0.0128481725 3.37246964
247 833 3.85445311 0.012848177 3.37246964
247 833 3.85445441 0.0128481814 3.37246964
247 833 3.85445452 0.0128481817 3.37246964
247 833 3.85445449 0.0128481816 3.37246964
247 833 3.8544545 0.0128481817 3.37246964
247 833 3.8544545 0.0128481817 3.37246964
247 833 3.8544545 0.0128481817 3.37246964
246 828 3.80176492 0.0126725497 3.36585366
246 827 3.78307522 0.0126102507 3.36178862
246 828 3.80181954 0.0126727318 3.36585366
246 828 3.80170755 0.0126723585 3.36585366
246 828 3.8014196 0.0126713987 3.36585366
246 828 3.80195434 0.0126731811 3.36585366
246 828 3.80138617 0.0126712872 3.36585366
246 828 3.80193069 0.0126731023 3.36585366
246 828 3.80138273 0.0126712758 3.36585366
246 828 3.80193005 0.0126731002 3.36585366
245 822 3.74868406 0.0124956135 3.35510204
245 822 3.74905226 0.0124968409 3.35510204
245 822 3.74902683 0.0124967561 3.35510204
245 822 3.74902576 0.0124967525 3.35510204
245 822 3.74902536 0.0124967512 3.35510204
245 822 3.74902548 0.0124967516 3.35510204
245 822 3.74902557 0.0124967519 3.35510204
245 822 3.74902561 0.012496752 3.35510204
245 822 3.74902561 0.012496752 3.35510204
245 822 3.74902562 0.0124967521 3.35510204
244 814 3.69137077 0.0123045692 3.33606557
244 817 3.68465846 0.0122821949 3.34836066
244 818 3.68093785 0.0122697928 3.35245902
244 819 3.70248689 0.012341623 3.35655738
244 819 3.70245123 0.0123415041 3.35655738
244 819 3.70223179 0.0123407726 3.35655738
244 819 3.70254497 0.0123418166 3.35655738
244 819 3.7022556 0.012340852 3.35655738
244 819 3.70257269 0.012341909 3.35655738
244 819 3.70223258 0.0123407753 3.35655738
243 811 3.65005778 0.0121668593 3.33744856
243 813 3.62271971 0.0120757324 3.34567901
243 810 3.64770292 0.0121590097 3.33333333
243 810 3.64580183 0.0121526728 3.33333333
243 807 3.63500836 0.0121166945 3.32098765
243 809 3.62861981 0.0120953994 3.32921811
243 810 3.6475411 0.0121584703 3.33333333
243 810 3.64751845 0.0121583948 3.33333333
243 810 3.64787578 0.0121595859 3.33333333
243 810 3.64770424 0.0121590141 3.33333333
242 804 3.60502585 0.0120167528 3.32231405
242 805 3.60607491 0.0120202497 3.32644628
242 805 3.60606904 0.0120202301 3.32644628
242 804 3.60501104 0.0120167035 3.32231405
242 804 3.60524825 0.0120174942 3.32231405
242 804 3.60515137 0.0120171712 3.32231405
242 804 3.60516502 0.0120172167 3.32231405
242 804 3.60516376 0.0120172125 3.32231405
242 804 3.60516257 0.0120172086 3.32231405
242 804 3.60516248 0.0120172083 3.32231405
241 799 3.56499875 0.0118833292 3.3153527
241 799 3.56493996 0.0118831332 3.3153527
241 799 3.56508235 0.0118836078 3.3153527
241 799 3.56502192 0.0118834064 3.3153527
241 799 3.56503003 0.0118834334 3.3153527
241 799 3.56503057 0.0118834352 3.3153527
241 799 3.56503054 0.0118834351 3.3153527
241 799 3.56503051 0.011883435 3.3153527
241 799 3.56503051 0.011883435 3.3153527
241 799 3.56503051 0.011883435 3.3153527
240 788 3.51297537 0.0117099179 3.28333333
240 788 3.51295205 0.0117098402 3.28333333
240 788 3.5130017 0.0117100057 3.28333333
240 788 3.51300378 0.0117100126 3.28333333
240 788 3.51300025 0.0117100008 3.28333333
240 788 3.51299896 0.0117099965 3.28333333
240 788 3.51299866 0.0117099955 3.28333333
240 788 3.51299861 0.0117099954 3.28333333
240 788 3.51299862 0.0117099954 3.28333333
240 788 3.51299863 0.0117099954 3.28333333
239 781 3.46269084 0.0115423028 3.26778243
239 778 3.4492942 0.0114976473 3.25523013
239 782 3.45859654 0.0115286551 3.27196653
239 781 3.46313949 0.0115437983 3.26778243
239 781 3.46260155 0.0115420052 3.26778243
239 781 3.46241217 0.0115413739 3.26778243
239 781 3.46237932 0.0115412644 3.26778243
239 781 3.46237206 0.0115412402 3.26778243
239 781 3.46237071 0.0115412357 3.26778243
239 781 3.46237048 0.0115412349 3.26778243
238 771 3.41252448 0.0113750816 3.2394958
238 774 3.41643371 0.0113881124 3.25210084
237 765 3.39861907 0.0113287302 3.2278481
237 765 3.39849203 0.0113283068 3.2278481
237 765 3.39863452 0.0113287817 3.2278481
237 765 3.39818623 0.0113272874 3.2278481
237 765 3.39809771 0.0113269924 3.2278481
237 765 3.39807871 0.011326929 3.2278481
237 765 3.39807513 0.0113269171 3.2278481
237 765 3.3980745 0.011326915 3.2278481
236 756 3.35032214 0.0111677405 3.20338983
236 756 3.35073359 0.011169112 3.20338983
236 756 3.3511346 0.0111704487 3.20338983
236 756 3.35109377 0.0111703126 3.20338983
236 756 3.35103322 0.0111701107 3.20338983
236 756 3.35102873 0.0111700958 3.20338983
236 756 3.35103428 0.0111701143 3.20338983
236 756 3.3510361 0.0111701203 3.20338983
236 756 3.35103603 0.0111701201 3.20338983
236 756 3.35103588 0.0111701196 3.20338983
235 751 3.30764297 0.0110254766 3.19574468
235 751 3.30789278 0.0110263093 3.19574468
235 751 3.30736425 0.0110245475 3.19574468
235 751 3.30707927 0.0110235976 3.19574468
235 751 3.3070786 0.0110235953 3.19574468
235 751 3.3070801 0.0110236003 3.19574468
235 751 3.30708089 0.011023603 3.19574468
235 751 3.30708111 0.0110236037 3.19574468
235 751 3.30708121 0.011023604 3.19574468
235 751 3.30708125 0.0110236042 3.19574468
234 743 3.25782124 0.0108594041 3.17521368
234 744 3.23556704 0.0107852235 3.17948718
234 740 3.24735015 0.0108245005 3.16239316
234 745 3.26557479 0.0108852493 3.18376068
234 741 3.25857244 0.0108619081 3.16666667
234 747 3.26827107 0.0108942369 3.19230769
234 747 3.26881426 0.0108960475 3.19230769
234 747 3.26865479 0.010895516 3.19230769
234 747 3.26869367 0.0108956456 3.19230769
234 747 3.2687402 0.0108958007 3.19230769
233 736 3.22207272 0.0107402424 3.15879828
233 736 3.22160587 0.0107386862 3.15879828
233 736 3.22146519 0.0107382173 3.15879828
233 736 3.22181444 0.0107393815 3.15879828
233 736 3.22147557 0.0107382519 3.15879828
233 736 3.22181037 0.0107393679 3.15879828
233 736 3.22147256 0.0107382419 3.15879828
233 736 3.22180971 0.0107393657 3.15879828
233 736 3.22147242 0.0107382414 3.15879828
233 736 3.2218097 0.0107393657 3.15879828
232 727 3.16324704 0.0105441568 3.13362069
232 733 3.1606594 0.0105355313 3.15948276
232 728 3.14443351 0.010481445 3.13793103
232 733 3.16093089 0.0105364363 3.15948276
232 733 3.16066169 0.010535539 3.15948276
232 733 3.1607279 0.0105357597 3.15948276
232 733 3.16075616 0.0105358539 3.15948276
232 733 3.16068901 0.01053563 3.15948276
232 733 3.16076362 0.0105358787 3.15948276
232 733 3.1608987 0.010536329 3.15948276
231 725 3.11390027 0.0103796676 3.13852814
231 725 3.11407517 0.0103802506 3.13852814
231 725 3.11403475 0.0103801158 3.13852814
231 725 3.11403356 0.0103801119 3.13852814
231 725 3.11403435 0.0103801145 3.13852814
231 725 3.11403427 0.0103801142 3.13852814
231 725 3.11403427 0.0103801142 3.13852814
231 725 3.11403427 0.0103801142 3.13852814
231 725 3.11403427 0.0103801142 3.13852814
231 725 3.11403427 0.0103801142 3.13852814
230 716 3.06174804 0.0102058268 3.11304348
230 716 3.06151082 0.0102050361 3.11304348
230 716 3.06193976 0.0102064659 3.11304348
230 716 3.06194481 0.0102064827 3.11304348
230 716 3.06194012 0.0102064671 3.11304348
230 716 3.0619422 0.010206474 3.11304348
230 716 3.06194192 0.0102064731 3.11304348
230 716 3.06194202 0.0102064734 3.11304348
230 716 3.06194204 0.0102064735 3.11304348
230 716 3.06194205 0.0102064735 3.11304348
229 707 3.00396013 0.0100132004 3.08733624
229 709 3.00441857 0.0100147286 3.09606987
229 715 3.01215258 0.0100405086 3.12227074
229 715 3.01063107 0.0100354369 3.12227074
229 717 3.00051289 0.0100017096 3.13100437
229 718 3.01688159 0.010056272 3.13537118
229 715 3.00659468 0.0100219823 3.12227074
229 721 3.0154518 0.010051506 3.14847162
229 718 3.01670931 0.0100556977 3.13537118
229 718 3.01661969 0.010055399 3.13537118
228 710 2.97212482 0.00990708274 3.11403509
228 710 2.97237745 0.00990792483 3.11403509
228 710 2.97233179 0.00990777262 3.11403509
228 710 2.97220436 0.00990734788 3.11403509
228 710 2.97253566 0.0099084522 3.11403509
228 710 2.9725082 0.00990836066 3.11403509
228 710 2.97221175 0.00990737249 3.11403509
228 710 2.97248777 0.00990829258 3.11403509
228 710 2.97253179 0.00990843931 3.11403509
228 710 2.97220866 0.0099073622 3.11403509
227 702 2.92685705 0.00975619016 3.09251101
227 702 2.92633924 0.00975446415 3.09251101
227 702 2.92675956 0.0097558652 3.09251101
227 702 2.92638054 0.00975460179 3.09251101
227 702 2.92632154 0.00975440514 3.09251101
227 702 2.92632441 0.0097544147 3.09251101
227 702 2.92632569 0.00975441897 3.09251101
227 702 2.92632638 0.00975442127 3.09251101
227 702 2.92632652 0.00975442174 3.09251101
227 702 2.92632654 0.0097544218 3.09251101
226 694 2.87709308 0.00959031027 3.07079646
226 694 2.87762262 0.00959207539 3.07079646
226 694 2.87714448 0.0095904816 3.07079646
226 694 2.87768177 0.00959227258 3.07079646
226 694 2.87714007 0.00959046692 3.07079646
226 694 2.8776805 0.00959226834 3.07079646
226 694 2.87714023 0.00959046745 3.07079646
226 694 2.87768052 0.0095922684 3.07079646
226 694 2.87714023 0.00959046744 3.07079646
226 694 2.87768052 0.00959226839 3.07079646
225 689 2.82370126 0.00941233753 3.06222222
224 682 2.78377369 0.00927924563 3.04464286
224 683 2.7825236 0.00927507866 3.04910714
224 683 2.78222157 0.00927407191 3.04910714
224 683 2.78269179 0.0092756393 3.04910714
224 683 2.78251693 0.00927505643 3.04910714
224 683 2.78238863 0.00927462875 3.04910714
224 683 2.78228354 0.00927427847 3.04910714
224 683 2.78227242 0.00927424139 3.04910714
224 683 2.78227276 0.00927424253 3.04910714
223 675 2.73471647 0.00911572156 3.02690583
223 675 2.73591833 0.00911972777 3.02690583
223 675 2.73579493 0.00911931645 3.02690583
223 675 2.73576136 0.00911920453 3.02690583
223 675 2.73577958 0.00911926528 3.02690583
223 675 2.73577775 0.00911925916 3.02690583
223 675 2.73577772 0.00911925907 3.02690583
223 675 2.73577788 0.0091192596 3.02690583
223 675 2.73577786 0.00911925955 3.02690583
223 675 2.73577787 0.00911925956 3.02690583
222 667 2.67989345 0.00893297816 3.0045045
222 670 2.66365891 0.00887886302 3.01801802
222 670 2.67822447 0.00892741489 3.01801802
222 667 2.67939575 0.00893131915 3.0045045
222 667 2.67921045 0.00893070149 3.0045045
222 667 2.67915984 0.00893053281 3.0045045
222 667 2.6791674 0.00893055799 3.0045045
222 667 2.67916853 0.00893056178 3.0045045
222 667 2.67916825 0.00893056085 3.0045045
222 667 2.67916822 0.00893056072 3.0045045
221 662 2.6331453 0.00877715101 2.99547511
221 662 2.63302842 0.00877676141 2.99547511
221 662 2.63296977 0.00877656591 2.99547511
221 662 2.63306329 0.00877687763 2.99547511
221 662 2.63296927 0.00877656422 2.99547511
221 662 2.63306371 0.00877687904 2.99547511
221 662 2.63296942 0.00877656472 2.99547511
221 662 2.63306371 0.00877687904 2.99547511
221 662 2.63296941 0.00877656472 2.99547511
221 662 2.63306372 0.00877687905 2.99547511
220 654 2.57440383 0.00858134609 2.97272727
219 649 2.54724303 0.00849081011 2.96347032
219 652 2.541647 0.00847215667 2.97716895
219 649 2.54739787 0.00849132624 2.96347032
219 649 2.54697679 0.00848992262 2.96347032
219 649 2.54718707 0.00849062357 2.96347032
219 649 2.54793018 0.00849310059 2.96347032
219 649 2.54737059 0.00849123532 2.96347032
219 649 2.54773883 0.00849246277 2.96347032
219 649 2.54763526 0.00849211752 2.96347032
218 642 2.49697721 0.00832325735 2.94495413
218 642 2.49289271 0.00830964237 2.94495413
218 639 2.50699584 0.0083566528 2.93119266
217 634 2.46767649 0.00822558832 2.92165899
217 634 2.46714119 0.00822380398 2.92165899
217 634 2.46774449 0.00822581496 2.92165899
217 634 2.46717883 0.00822392942 2.92165899
217 634 2.46744057 0.00822480189 2.92165899
217 634 2.46713093 0.00822376976 2.92165899
217 634 2.467781 0.00822593666 2.92165899
216 632 2.42094908 0.00806983026 2.92592593
216 632 2.42047651 0.00806825504 2.92592593
216 632 2.42146594 0.00807155314 2.92592593
216 632 2.4204402 0.008068134 2.92592593
216 632 2.42148031 0.00807160104 2.92592593
216 632 2.42016698 0.00806722326 2.92592593
216 632 2.42034704 0.00806782346 2.92592593
216 632 2.42028258 0.0080676086 2.92592593
216 632 2.42027702 0.00806759006 2.92592593
216 632 2.42033748 0.0080677916 2.92592593
215 625 2.37182126 0.00790607085 2.90697674
215 625 2.37213258 0.00790710859 2.90697674
215 625 2.37204463 0.00790681544 2.90697674
215 625 2.37196431 0.00790654771 2.90697674
215 625 2.37216463 0.00790721543 2.90697674
215 625 2.37181449 0.0079060483 2.90697674
215 625 2.37236948 0.00790789826 2.90697674
215 625 2.37234963 0.00790783212 2.90697674
215 625 2.37205556 0.00790685186 2.90697674
215 625 2.37222777 0.00790742591 2.90697674
214 621 2.32572599 0.00775241998 2.90186916
214 622 2.31077609 0.00770258698 2.90654206
214 626 2.33746485 0.00779154949 2.92523364
214 624 2.31550952 0.00771836508 2.91588785
214 630 2.34097041 0.00780323469 2.94392523
214 630 2.36520338 0.00788401125 2.94392523
214 629 2.36830749 0.00789435831 2.93925234
214 635 2.36327643 0.00787758811 2.96728972
214 632 2.38551607 0.00795172023 2.95327103
214 630 2.36804372 0.00789347907 2.94392523
213 625 2.35798448 0.00785994828 2.9342723
213 621 2.34967302 0.00783224339 2.91549296
213 626 2.34181041 0.00780603469 2.93896714
213 622 2.34158984 0.00780529946 2.92018779
213 619 2.35439069 0.00784796898 2.90610329
212 617 2.34049496 0.00780164986 2.91037736
212 625 2.33879755 0.00779599183 2.94811321
212 620 2.33769214 0.00779230712 2.9245283
212 619 2.34212665 0.00780708885 2.91981132
212 620 2.34456379 0.00781521265 2.9245283
211 615 2.32826877 0.00776089591 2.91469194
211 617 2.29438507 0.00764795022 2.92417062
210 610 2.29451826 0.0076483942 2.9047619
210 611 2.2560663 0.00752022101 2.90952381
210 611 2.26208629 0.00754028762 2.90952381
209 603 2.25613063 0.00752043543 2.88516746
209 605 2.26771513 0.00755905042 2.89473684
208 600 2.25613951 0.00752046503 2.88461538
208 605 2.25051918 0.00750173059 2.90865385
208 603 2.26022655 0.00753408851 2.89903846
207 598 2.23778838 0.0074592946 2.88888889
206 591 2.21326455 0.00737754851 2.86893204
206 591 2.1970691 0.00732356368 2.86893204
205 585 2.19158878 0.00730529593 2.85365854
205 587 2.19086312 0.00730287706 2.86341463
205 584 2.1852682 0.00728422732 2.84878049
205 584 2.18216464 0.00727388213 2.84878049
204 580 2.17907726 0.00726359086 2.84313725
203 574 2.14946209 0.00716487363 2.82758621
203 574 2.14503064 0.00715010214 2.82758621
202 571 2.1450281 0.00715009366 2.82673267
202 571 2.12950797 0.0070983599 2.82673267
201 566 2.11668809 0.00705562698 2.8159204
201 566 2.11715722 0.00705719073 2.8159204
201 566 2.1171302 0.00705710068 2.8159204
201 566 2.11712982 0.0070570994 2.8159204
201 566 2.11713418 0.00705711395 2.8159204
201 566 2.11713616 0.00705712053 2.8159204
201 566 2.11713774 0.00705712581 2.8159204
201 566 2.11713864 0.00705712878 2.8159204
200 562 2.07689438 0.00692298128 2.81
200 562 2.07646968 0.0069215656 2.81
200 560 2.07670799 0.00692235996 2.8
200 560 2.07704303 0.00692347676 2.8
200 562 2.07650705 0.00692169017 2.81
200 562 2.0767247 0.00692241566 2.81
200 562 2.07667225 0.00692224083 2.81
200 562 2.07667274 0.00692224245 2.81
200 562 2.0766718 0.00692223932 2.81
200 562 2.0766718 0.00692223933 2.81
199 556 2.03743707 0.00679145691 2.79396985
199 556 2.03784006 0.00679280021 2.79396985
199 556 2.03749758 0.00679165861 2.79396985
199 556 2.03729081 0.00679096937 2.79396985
199 556 2.03746416 0.00679154719 2.79396985
199 556 2.03745213 0.00679150711 2.79396985
199 556 2.03735713 0.00679119045 2.79396985
199 556 2.03770722 0.0067923574 2.79396985
199 556 2.03736191 0.00679120636 2.79396985
199 556 2.03779184 0.00679263948 2.79396985
198 554 2.00038499 0.00666794995 2.7979798
198 547 1.99170693 0.0066390231 2.76262626
198 551 2.01691033 0.00672303444 2.78282828
198 552 2.02333461 0.00674444869 2.78787879
198 552 2.023387 0.00674462332 2.78787879
198 552 2.02333108 0.00674443695 2.78787879
198 552 2.02331555 0.00674438515 2.78787879
198 552 2.02330824 0.0067443608 2.78787879
198 552 2.02330517 0.00674435058 2.78787879
198 552 2.02330343 0.00674434476 2.78787879
197 548 1.98495197 0.00661650657 2.78172589
197 546 1.98487473 0.0066162491 2.7715736
197 548 1.98466872 0.00661556241 2.78172589
197 548 1.98486997 0.00661623324 2.78172589
197 548 1.98480101 0.00661600335 2.78172589
197 548 1.98480586 0.00661601955 2.78172589
197 548 1.98480279 0.0066160093 2.78172589
197 548 1.9848031 0.00661601034 2.78172589
197 548 1.984803 0.00661600999 2.78172589
197 548 1.98480292 0.00661600972 2.78172589
196 542 1.94739667 0.00649132224 2.76530612
196 542 1.94735991 0.0064911997 2.76530612
196 542 1.94730752 0.00649102506 2.76530612
196 542 1.94732541 0.00649108468 2.76530612
196 542 1.947567 0.00649189001 2.76530612
196 542 1.94735335 0.00649117783 2.76530612
196 542 1.94731403 0.00649104675 2.76530612
196 542 1.9475704 0.00649190133 2.76530612
196 542 1.94735412 0.00649118041 2.76530612
196 542 1.94731413 0.00649104709 2.76530612
195 540 1.91158152 0.00637193841 2.76923077
195 534 1.90527234 0.0063509078 2.73846154
195 538 1.91411238 0.0063803746 2.75897436
195 538 1.92486016 0.00641620053 2.75897436
195 535 1.93600828 0.00645336095 2.74358974
195 540 1.92813829 0.00642712762 2.76923077
195 538 1.91909301 0.00639697672 2.75897436
194 532 1.90792266 0.0063597422 2.74226804
194 532 1.90805191 0.00636017305 2.74226804
194 532 1.90801963 0.00636006544 2.74226804
193 526 1.86957736 0.00623192453 2.7253886
193 527 1.86556013 0.00621853377 2.73056995
192 521 1.84198343 0.00613994476 2.71354167
192 521 1.84201194 0.00614003981 2.71354167
192 521 1.84206118 0.00614020393 2.71354167
192 521 1.84206939 0.00614023132 2.71354167
192 521 1.84207309 0.00614024362 2.71354167
192 521 1.84207482 0.00614024939 2.71354167
192 521 1.84207569 0.00614025231 2.71354167
192 521 1.84207618 0.00614025395 2.71354167
191 518 1.81386324 0.0060462108 2.71204188
191 517 1.81228859 0.00604096196 2.70680628
191 518 1.81379056 0.00604596854 2.71204188
191 518 1.81376242 0.00604587474 2.71204188
191 518 1.81378826 0.00604596085 2.71204188
191 518 1.8138198 0.006046066 2.71204188
191 518 1.81381843 0.00604606144 2.71204188
191 518 1.81382049 0.00604606831 2.71204188
191 518 1.81382069 0.00604606896 2.71204188
191 518 1.81382085 0.00604606949 2.71204188
190 514 1.78505843 0.00595019478 2.70526316
190 514 1.78494383 0.00594981278 2.70526316
190 514 1.78539801 0.0059513267 2.70526316
190 514 1.7853724 0.00595124135 2.70526316
190 514 1.78504805 0.00595016016 2.70526316
190 514 1.78537904 0.00595126347 2.70526316
190 514 1.78507506 0.00595025021 2.70526316
190 514 1.78537998 0.0059512666 2.70526316
190 514 1.78507574 0.00595025247 2.70526316
190 514 1.78538055 0.00595126851 2.70526316
189 508 1.74502961 0.00581676537 2.68783069
189 509 1.74602047 0.00582006822 2.69312169
189 506 1.7382404 0.00579413465 2.67724868
189 509 1.74590646 0.0058196882 2.69312169
189 508 1.74488472 0.0058162824 2.68783069
189 508 1.74489625 0.00581632083 2.68783069
189 508 1.74485849 0.00581619497 2.68783069
189 508 1.74485539 0.00581618462 2.68783069
189 508 1.74485303 0.00581617677 2.68783069
189 508 1.74485251 0.00581617503 2.68783069
188 503 1.70954494 0.00569848313 2.67553191
188 503 1.70921264 0.00569737546 2.67553191
188 503 1.70927479 0.00569758263 2.67553191
188 503 1.709433 0.00569811 2.67553191
188 503 1.70937606 0.00569792021 2.67553191
188 503 1.70937426 0.00569791421 2.67553191
188 503 1.70937727 0.00569792423 2.67553191
188 503 1.70937715 0.00569792384 2.67553191
188 503 1.70937723 0.0056979241 2.67553191
188 503 1.70937724 0.00569792413 2.67553191
187 499 1.66531299 0.0055510433 2.6684492
187 502 1.68742985 0.00562476617 2.68449198
187 501 1.67526529 0.00558421765 2.67914439
187 502 1.68740049 0.0056246683 2.68449198
187 502 1.68747863 0.00562492878 2.68449198
187 502 1.68767144 0.00562557146 2.68449198
187 501 1.6752974 0.00558432465 2.67914439
187 501 1.67528658 0.00558428861 2.67914439
187 501 1.67522985 0.00558409949 2.67914439
187 501 1.67526006 0.0055842002 2.67914439
186 500 1.65661955 0.00552206516 2.68817204
186 500 1.65725887 0.00552419624 2.68817204
186 500 1.65723567 0.0055241189 2.68817204
186 500 1.65719964 0.00552399881 2.68817204
186 500 1.65718367 0.00552394557 2.68817204
186 500 1.657185 0.00552395 2.68817204
186 500 1.65718463 0.00552394878 2.68817204
186 500 1.65718466 0.00552394887 2.68817204
186 500 1.65718466 0.00552394887 2.68817204
186 500 1.65718466 0.00552394886 2.68817204
185 495 1.61639213 0.00538797375 2.67567568
184 492 1.61618624 0.00538728746 2.67391304
184 492 1.61592379 0.00538641264 2.67391304
184 492 1.6162395 0.005387465 2.67391304
184 491 1.60043697 0.00533478989 2.66847826
184 495 1.61063074 0.00536876915 2.69021739
184 492 1.6110176 0.00537005865 2.67391304
184 496 1.62218535 0.00540728449 2.69565217
184 494 1.61499934 0.00538333112 2.68478261
184 495 1.61176864 0.00537256214 2.69021739
183 492 1.58731797 0.00529105991 2.68852459
183 493 1.57112278 0.00523707592 2.69398907
183 494 1.60189356 0.00533964519 2.69945355
183 490 1.59118543 0.00530395142 2.67759563
182 485 1.56377218 0.00521257395 2.66483516
182 484 1.54225407 0.00514084689 2.65934066
182 485 1.5422989 0.00514099634 2.66483516
182 485 1.54918307 0.00516394355 2.66483516
182 483 1.54806171 0.00516020569 2.65384615
182 485 1.53432855 0.00511442849 2.66483516
181 481 1.53433371 0.00511444568 2.65745856
180 478 1.51016746 0.00503389154 2.65555556
179 477 1.49800911 0.0049933637 2.66480447
179 476 1.48697796 0.00495659321 2.65921788
179 481 1.47448425 0.00491494751 2.68715084
179 478 1.4786334 0.004928778 2.67039106
179 476 1.48418171 0.00494727235 2.65921788
179 476 1.46440112 0.00488133705 2.65921788
179 479 1.46806903 0.00489356343 2.67597765
179 483 1.47038038 0.00490126793 2.69832402
178 477 1.46263973 0.00487546576 2.67977528
177 472 1.45376735 0.00484589116 2.66666667
177 469 1.43000268 0.00476667561 2.64971751
176 467 1.43014596 0.00476715321 2.65340909
176 469 1.43254851 0.00477516169 2.66477273
176 467 1.4205586 0.00473519533 2.65340909
176 469 1.42064852 0.00473549508 2.66477273
176 468 1.42423957 0.00474746525 2.65909091
175 465 1.41757676 0.00472525586 2.65714286
175 465 1.41754775 0.00472515916 2.65714286
174 457 1.38848899 0.00462829665 2.62643678
174 461 1.38443333 0.00461477777 2.64942529
173 456 1.37928398 0.00459761328 2.63583815
172 452 1.35390613 0.00451302043 2.62790698
172 450 1.33028416 0.00443428055 2.61627907
171 444 1.32715459 0.00442384862 2.59649123
171 444 1.32713468 0.00442378228 2.59649123
171 444 1.32712354 0.00442374513 2.59649123
171 444 1.32712168 0.00442373892 2.59649123
171 444 1.32712806 0.00442376019 2.59649123
170 440 1.29769817 0.00432566055 2.58823529
169 438 1.29297948 0.00430993161 2.59171598
169 438 1.29297352 0.00430991174 2.59171598
169 438 1.29293974 0.00430979912 2.59171598
169 438 1.29294883 0.00430982942 2.59171598
169 438 1.29295382 0.00430984608 2.59171598
169 438 1.29295623 0.00430985411 2.59171598
169 438 1.29295763 0.00430985876 2.59171598
169 438 1.29295833 0.00430986109 2.59171598
169 438 1.2929587 0.00430986232 2.59171598
168 433 1.26104244 0.00420347479 2.57738095
168 436 1.24263572 0.00414211906 2.5952381
167 431 1.23835164 0.00412783879 2.58083832
166 427 1.23063259 0.00410210862 2.57228916
166 423 1.21190304 0.0040396768 2.54819277
166 426 1.23568572 0.00411895238 2.56626506
165 418 1.21166111 0.00403887038 2.53333333
164 411 1.18542874 0.00395142913 2.50609756
163 409 1.16395907 0.00387986356 2.50920245
163 410 1.14008688 0.00380028959 2.51533742
162 402 1.11583829 0.00371946098 2.48148148
162 404 1.09381381 0.00364604603 2.49382716
161 399 1.09029903 0.00363433009 2.47826087
161 396 1.08599507 0.00361998355 2.45962733
160 390 1.07583811 0.00358612704 2.4375
160 394 1.07977614 0.00359925381 2.4625
160 393 1.08193723 0.00360645742 2.45625
160 396 1.08314302 0.00361047673 2.475
159 389 1.07571652 0.00358572173 2.44654088
159 388 1.05183963 0.00350613209 2.44025157
158 384 1.05189447 0.00350631489 2.43037975
158 388 1.03600677 0.00345335591 2.4556962
158 386 1.03760958 0.00345869861 2.44303797
158 379 1.03979632 0.00346598773 2.39873418
158 382 1.03810949 0.00346036498 2.41772152
157 377 1.03807811 0.00346026036 2.40127389
157 377 1.05255347 0.00350851155 2.40127389
156 372 1.03770823 0.00345902743 2.38461538
155 367 1.03744124 0.00345813748 2.36774194
154 363 1.01859409 0.00339531365 2.35714286
153 358 1.00378258 0.00334594194 2.33986928
153 358 1.00380296 0.00334600985 2.33986928
153 358 1.00376659 0.00334588863 2.33986928
153 358 1.00373452 0.00334578172 2.33986928
153 358 1.00371144 0.0033457048 2.33986928
153 358 1.00369497 0.00334564989 2.33986928
153 358 1.00368379 0.00334561264 2.33986928
153 358 1.00367454 0.00334558182 2.33986928
153 358 1.00366756 0.00334555852 2.33986928
153 358 1.00366233 0.00334554111 2.33986928
152 354 0.983259862 0.00327753287 2.32894737
152 355 0.987316193 0.00329105398 2.33552632
151 353 0.987289475 0.00329096492 2.33774834
150 349 0.973754885 0.00324584962 2.32666667
149 344 0.957109292 0.00319036431 2.30872483
149 344 0.957038786 0.00319012929 2.30872483
149 344 0.957269972 0.00319089991 2.30872483
149 344 0.957150221 0.00319050074 2.30872483
149 344 0.957226688 0.00319075563 2.30872483
149 344 0.957167705 0.00319055902 2.30872483
148 340 0.938503722 0.00312834574 2.2972973
148 336 0.924046651 0.0030801555 2.27027027
148 336 0.92377947 0.0030792649 2.27027027
148 336 0.924015505 0.00308005168 2.27027027
148 336 0.923777492 0.00307925831 2.27027027
148 340 0.938613431 0.00312871144 2.2972973
148 340 0.938441687 0.00312813896 2.2972973
148 340 0.938286225 0.00312762075 2.2972973
148 340 0.938305433 0.00312768478 2.2972973
148 340 0.93827876 0.00312759587 2.2972973
147 332 0.905812878 0.00301937626 2.2585034
147 338 0.930140778 0.00310046926 2.29931973
147 332 0.905860723 0.00301953574 2.2585034
147 332 0.90577513 0.00301925043 2.2585034
147 332 0.90576908 0.00301923027 2.2585034
147 332 0.90610052 0.00302033507 2.2585034
147 332 0.905738773 0.00301912924 2.2585034
147 332 0.90577788 0.0030192596 2.2585034
147 332 0.906099695 0.00302033232 2.2585034
147 332 0.905732628 0.00301910876 2.2585034
146 330 0.897984177 0.00299328059 2.26027397
146 330 0.898416605 0.00299472202 2.26027397
146 330 0.898230713 0.00299410238 2.26027397
146 330 0.898409005 0.00299469668 2.26027397
146 330 0.897850188 0.00299283396 2.26027397
146 330 0.897990984 0.00299330328 2.26027397
146 329 0.872268011 0.00290756004 2.25342466
145 323 0.870847243 0.00290282414 2.22758621
145 328 0.881633301 0.00293877767 2.26206897
145 324 0.851085106 0.00283695035 2.23448276
144 320 0.851334339 0.00283778113 2.22222222
144 320 0.851185244 0.00283728415 2.22222222
144 320 0.851221631 0.00283740544 2.22222222
144 320 0.851185314 0.00283728438 2.22222222
144 320 0.85116668 0.00283722227 2.22222222
144 320 0.851167377 0.00283722459 2.22222222
144 320 0.851165968 0.00283721989 2.22222222
144 320 0.851163495 0.00283721165 2.22222222
144 320 0.851161235 0.00283720412 2.22222222
144 320 0.851160765 0.00283720255 2.22222222
143 318 0.844283405 0.00281427802 2.22377622
143 318 0.8443288 0.00281442933 2.22377622
143 318 0.84420693 0.0028140231 2.22377622
143 318 0.844164233 0.00281388078 2.22377622
143 318 0.84424359 0.0028141453 2.22377622
143 318 0.844164212 0.00281388071 2.22377622
143 318 0.844203389 0.0028140113 2.22377622
143 318 0.844282664 0.00281427555 2.22377622
143 318 0.844176037 0.00281392012 2.22377622
143 318 0.84425292 0.0028141764 2.22377622
142 317 0.834746901 0.00278248967 2.23239437
142 317 0.834796779 0.00278265593 2.23239437
142 317 0.834729239 0.0027824308 2.23239437
142 316 0.834868357 0.00278289452 2.22535211
142 312 0.817680686 0.00272560229 2.1971831
142 312 0.819517065 0.00273172355 2.1971831
142 312 0.819500087 0.00273166696 2.1971831
142 312 0.81947942 0.00273159807 2.1971831
142 312 0.819477744 0.00273159248 2.1971831
142 312 0.819475057 0.00273158352 2.1971831
141 310 0.813511214 0.00271170405 2.19858156
141 310 0.813522792 0.00271174264 2.19858156
141 310 0.813526359 0.00271175453 2.19858156
141 310 0.813387377 0.00271129126 2.19858156
141 310 0.813578463 0.00271192821 2.19858156
141 310 0.813575908 0.00271191969 2.19858156
141 310 0.813513063 0.00271171021 2.19858156
141 310 0.813587289 0.00271195763 2.19858156
141 310 0.813419005 0.00271139668 2.19858156
141 310 0.813606772 0.00271202257 2.19858156
140 309 0.805529637 0.00268509879 2.20714286
140 309 0.805337551 0.0026844585 2.20714286
140 305 0.776612182 0.00258870727 2.17857143
140 303 0.752585092 0.00250861697 2.16428571
140 309 0.779236046 0.00259745349 2.20714286
140 313 0.807939827 0.00269313276 2.23571429
139 305 0.779731578 0.00259910526 2.1942446
139 305 0.780147595 0.00260049198 2.1942446
139 305 0.780057587 0.00260019196 2.1942446
139 305 0.779944823 0.00259981608 2.1942446
138 303 0.775920032 0.00258640011 2.19565217
138 300 0.748399753 0.00249466584 2.17391304
138 303 0.776107663 0.00258702554 2.19565217
138 303 0.776684792 0.00258894931 2.19565217
138 303 0.776015354 0.00258671785 2.19565217
138 300 0.747879049 0.00249293016 2.17391304
138 300 0.747619215 0.00249206405 2.17391304
138 300 0.745393734 0.00248464578 2.17391304
138 300 0.747563642 0.00249187881 2.17391304
138 300 0.747522794 0.00249174265 2.17391304
137 298 0.745201221 0.00248400407 2.17518248
137 298 0.744795119 0.0024826504 2.17518248
137 298 0.74469823 0.00248232743 2.17518248
137 298 0.744592089 0.00248197363 2.17518248
137 298 0.744485985 0.00248161995 2.17518248
137 298 0.744385894 0.00248128631 2.17518248
137 298 0.744289484 0.00248096495 2.17518248
137 298 0.744190206 0.00248063402 2.17518248
137 298 0.744081215 0.00248027072 2.17518248
137 298 0.743954185 0.00247984728 2.17518248
136 294 0.727035019 0.00242345006 2.16176471
136 294 0.726555109 0.00242185036 2.16176471
136 296 0.712600694 0.00237533565 2.17647059
136 293 0.689300569 0.00229766856 2.15441176
136 290 0.688581515 0.00229527172 2.13235294
136 293 1.69227299e-10 5.64090996e-13 2.15441176
136 293 4.85167462e-14 1.61722487e-16 2.15441176
136 293 0 0 2.15441176
allocating memory...
allocating memory...
walksat version 35
command line = test -solcnf -cutoff 100000000 -best -seed 1234567 -numsol 10 ./residualformula_seed2.cnf
seed = 1234567
cutoff = 100000000
tries = 10
heuristic = best, noise 50 / 100
tail starts after flip = 900
numatom = 300, numclause = 293, numliterals = 745
wff read in

    lowest     final       avg     noise     noise     total                 avg        mean        mean
    #unsat    #unsat     noise   std dev     ratio     flips              length       flips       flips
      this      this      this      this      this      this   success   success       until         std
       try       try       try       try       try       try      rate     tries      assign         dev

         0         0      2.21      1.31      1.68      2531       100      2531     2531.00
         0         0      3.67      1.64      2.24      1925       100      2228     2228.00      428.51
         0         0      0.00      0.00      0.00       681       100      1712     1712.33      943.16
         0         0      0.00      0.00      0.00       532       100      1417     1417.25      970.22
         0         0      3.36      1.67      2.01      1412       100      1416     1416.20      840.24
         0         0      0.00      0.00      0.00       604       100      1280     1280.83      821.43
         0         0      0.00      0.00      0.00       758       100      1206     1206.14      775.46
         0         0      0.00      0.00      0.00       349       100      1099     1099.00      779.28
         0         0      2.07      1.29      1.61      1107       100      1099     1099.89      728.95
         0         0      2.36      1.24      1.90      3934       100      1383     1383.30     1129.40

total elapsed seconds = 0.000000
average flips per second = -9223372036854775808
number solutions found = 10
final success rate = 100.000000
average length successful tries = 1383
mean flips until assign = 1383.300000
  variance = 1275545.788889
  standard deviation = 1129.400633
  standard error of mean = 357.147839
mean seconds until assign = 0.000000
  variance = 0.000000
  standard deviation = 0.000000
  standard error of mean = 0.000000
mean restarts until assign = 1.000000
  variance = 0.000000
  standard deviation = 0.000000
  standard error of mean = 0.000000
final noise level statistics
    statistics over all runs:
      overall mean average noise level = 2.735124
      overall mean noise std deviation = 1.429308
      overall ratio mean noise to mean std dev = 1.913599
    statistics on successful runs:
      successful mean average noise level = 2.735124
      successful mean noise std deviation = 1.429308
      successful ratio mean noise to mean std dev = 1.913599
    statistics on nonsuccessful runs:
      nonsuccessful mean average noise level = 0.000000
      nonsuccessful mean noise std deviation = 0.000000
      nonsuccessful ratio mean noise to mean std dev = 0.000000
ASSIGNMENT FOUND
Check and white a solution
time of whitening    freezing probability
1023	 	 	 	0.156666667
9	 	 	 	1
9	 	 	 	1
10	 	 	 	1
1023	 	 	 	0.156666667
1023	 	 	 	0.196666667
9	 	 	 	1
1023	 	 	 	0.156666667
9	 	 	 	1
9	 	 	 	1
