START ALGORITHM:
I am going to build an instance with N: 300 variables and 1245 clauses with a clause density equal to 4.15
START BSP WITH r=0.9:
Decimation scorer: gamma:0.01
END UNIT PROPAGATION
300 1245 2.66679984 0.00888933279 4.15
300 1245 2.66730897 0.00889102989 4.15
300 1245 2.66674425 0.00888914751 4.15
300 1245 2.66735073 0.00889116909 4.15
300 1245 2.66680323 0.0088893441 4.15
300 1245 2.66722392 0.00889074641 4.15
300 1245 2.66697285 0.00888990951 4.15
300 1245 2.66707877 0.00889026256 4.15
300 1245 2.66705577 0.0088901859 4.15
299 1241 2.66715694 0.00889052315 4.15050167
299 1241 2.6670564 0.00889018801 4.15050167
299 1241 2.66702189 0.00889007295 4.15050167
299 1241 2.66705638 0.00889018793 4.15050167
299 1241 2.66704235 0.00889014117 4.15050167
299 1241 2.6670402 0.008890134 4.15050167
299 1241 2.66704101 0.00889013669 4.15050167
299 1241 2.66704164 0.00889013879 4.15050167
299 1241 2.66704271 0.00889014238 4.15050167
299 1241 2.66704174 0.00889013913 4.15050167
298 1232 2.66254993 0.00887516645 4.13422819
298 1232 2.66255734 0.00887519114 4.13422819
298 1232 2.66262172 0.00887540574 4.13422819
298 1232 2.66261084 0.00887536948 4.13422819
298 1232 2.66256541 0.00887521804 4.13422819
298 1232 2.66256549 0.0088752183 4.13422819
298 1232 2.66258155 0.00887527184 4.13422819
298 1232 2.66258341 0.00887527804 4.13422819
298 1232 2.66258057 0.00887526857 4.13422819
298 1232 2.66257875 0.0088752625 4.13422819
297 1222 2.65528553 0.00885095177 4.11447811
297 1222 2.65519687 0.00885065623 4.11447811
297 1222 2.65520227 0.00885067423 4.11447811
297 1222 2.65523372 0.00885077905 4.11447811
297 1222 2.65521502 0.00885071675 4.11447811
297 1222 2.65519269 0.0088506423 4.11447811
297 1222 2.65519317 0.0088506439 4.11447811
297 1222 2.65520062 0.00885066874 4.11447811
297 1222 2.65520329 0.00885067764 4.11447811
297 1222 2.65520373 0.00885067909 4.11447811
296 1219 2.64794375 0.00882647916 4.11824324
296 1219 2.64799731 0.00882665769 4.11824324
296 1219 2.64801566 0.00882671885 4.11824324
296 1219 2.64803471 0.00882678238 4.11824324
296 1219 2.64804597 0.0088268199 4.11824324
296 1219 2.64805474 0.00882684914 4.11824324
296 1219 2.64806174 0.00882687247 4.11824324
296 1219 2.64806465 0.00882688215 4.11824324
296 1219 2.64806588 0.00882688625 4.11824324
296 1219 2.64806678 0.00882688927 4.11824324
295 1211 2.63806683 0.00879355609 4.10508475
295 1211 2.63813341 0.00879377803 4.10508475
295 1211 2.63813734 0.00879379113 4.10508475
295 1211 2.63807332 0.00879357773 4.10508475
295 1211 2.63806106 0.00879353687 4.10508475
295 1211 2.63806167 0.0087935389 4.10508475
295 1211 2.63805786 0.0087935262 4.10508475
295 1211 2.63806637 0.00879355457 4.10508475
295 1211 2.63806673 0.00879355576 4.10508475
295 1211 2.63806044 0.0087935348 4.10508475
294 1205 2.62756989 0.00875856631 4.09863946
294 1200 2.62303513 0.00874345044 4.08163265
294 1205 2.62749974 0.00875833247 4.09863946
294 1205 2.62743626 0.00875812087 4.09863946
294 1205 2.62751467 0.00875838224 4.09863946
294 1205 2.62746563 0.00875821876 4.09863946
294 1205 2.62748458 0.00875828193 4.09863946
294 1205 2.62750081 0.00875833605 4.09863946
294 1205 2.62749074 0.00875830248 4.09863946
294 1205 2.62748958 0.00875829859 4.09863946
293 1194 2.61737433 0.00872458109 4.07508532
293 1194 2.61741955 0.00872473183 4.07508532
293 1194 2.61741034 0.00872470112 4.07508532
293 1194 2.6174105 0.00872470167 4.07508532
293 1194 2.61740899 0.00872469663 4.07508532
293 1194 2.61740601 0.00872468672 4.07508532
293 1194 2.61740802 0.0087246934 4.07508532
293 1194 2.61740759 0.00872469196 4.07508532
293 1194 2.61740646 0.0087246882 4.07508532
293 1194 2.61740729 0.00872469097 4.07508532
292 1189 2.61078612 0.00870262039 4.07191781
292 1189 2.61084887 0.00870282956 4.07191781
292 1189 2.61095072 0.00870316907 4.07191781
292 1189 2.61080843 0.00870269476 4.07191781
292 1189 2.6106913 0.00870230434 4.07191781
292 1189 2.61069526 0.00870231752 4.07191781
292 1189 2.61082339 0.00870274462 4.07191781
292 1189 2.61092533 0.00870308444 4.07191781
292 1189 2.61076905 0.0087025635 4.07191781
292 1189 2.61078144 0.0087026048 4.07191781
291 1177 2.59826679 0.00866088931 4.04467354
291 1177 2.59829753 0.00866099178 4.04467354
291 1177 2.598308 0.00866102666 4.04467354
291 1177 2.59828056 0.00866093522 4.04467354
291 1177 2.5982699 0.00866089966 4.04467354
291 1177 2.59826841 0.00866089471 4.04467354
291 1177 2.59826622 0.00866088741 4.04467354
291 1177 2.59826322 0.00866087741 4.04467354
291 1177 2.59826094 0.00866086981 4.04467354
291 1177 2.5982613 0.008660871 4.04467354
290 1170 2.58542965 0.00861809884 4.03448276
290 1170 2.58545872 0.00861819575 4.03448276
290 1169 2.58498381 0.00861661271 4.03103448
290 1170 2.58494578 0.00861648593 4.03448276
290 1169 2.58501808 0.00861672692 4.03103448
290 1169 2.58511579 0.00861705262 4.03103448
290 1169 2.58518289 0.00861727629 4.03103448
290 1169 2.58505643 0.00861685477 4.03103448
290 1169 2.5852795 0.00861759835 4.03103448
290 1169 2.58522275 0.00861740918 4.03103448
289 1162 2.57249704 0.00857499013 4.02076125
289 1162 2.57243526 0.00857478421 4.02076125
289 1162 2.57255444 0.00857518147 4.02076125
289 1162 2.57235676 0.00857452253 4.02076125
289 1154 2.57258105 0.00857527018 3.99307958
289 1159 2.57255742 0.00857519138 4.01038062
289 1154 2.57252651 0.00857508837 3.99307958
289 1155 2.57235908 0.00857453028 3.99653979
289 1159 2.5726746 0.00857558199 4.01038062
289 1162 2.57210776 0.00857369255 4.02076125
288 1147 2.56046702 0.00853489006 3.98263889
288 1147 2.56047085 0.00853490284 3.98263889
288 1147 2.56048912 0.00853496373 3.98263889
288 1147 2.56041565 0.00853471885 3.98263889
288 1147 2.56039616 0.00853465388 3.98263889
288 1147 2.56040452 0.00853468172 3.98263889
288 1147 2.56040564 0.00853468548 3.98263889
288 1147 2.56040205 0.0085346735 3.98263889
288 1147 2.56039997 0.00853466655 3.98263889
288 1147 2.56039934 0.00853466448 3.98263889
287 1140 2.54832799 0.00849442663 3.97212544
287 1140 2.54841507 0.00849471688 3.97212544
287 1140 2.54806321 0.00849354402 3.97212544
287 1141 2.54762303 0.00849207677 3.97560976
287 1141 2.54755619 0.00849185396 3.97560976
287 1141 2.54771439 0.0084923813 3.97560976
287 1141 2.54757212 0.00849190706 3.97560976
287 1141 2.54763026 0.00849210087 3.97560976
287 1141 2.54758693 0.00849195642 3.97560976
287 1141 2.54755678 0.00849185592 3.97560976
286 1134 2.53579092 0.00845263639 3.96503497
286 1128 2.53490423 0.00844968077 3.94405594
286 1134 2.53580336 0.00845267786 3.96503497
286 1133 2.53587518 0.00845291726 3.96153846
286 1133 2.53578696 0.00845262321 3.96153846
286 1133 2.53591953 0.00845306511 3.96153846
286 1133 2.5360037 0.00845334567 3.96153846
286 1133 2.5358099 0.00845269968 3.96153846
286 1133 2.53577352 0.00845257842 3.96153846
286 1133 2.53582072 0.00845273574 3.96153846
285 1121 2.52362363 0.00841207875 3.93333333
285 1121 2.52372117 0.00841240389 3.93333333
285 1121 2.52374923 0.00841249745 3.93333333
285 1121 2.52382179 0.00841273929 3.93333333
285 1121 2.52380368 0.00841267892 3.93333333
285 1121 2.52380221 0.00841267402 3.93333333
285 1121 2.52380382 0.00841267939 3.93333333
285 1121 2.52380398 0.00841267995 3.93333333
285 1121 2.52380601 0.0084126867 3.93333333
285 1121 2.52380647 0.00841268823 3.93333333
284 1110 2.51089334 0.00836964447 3.9084507
284 1110 2.51069998 0.00836899993 3.9084507
284 1110 2.51080036 0.00836933453 3.9084507
284 1110 2.5108092 0.00836936399 3.9084507
284 1110 2.51079995 0.00836933317 3.9084507
284 1110 2.51079752 0.00836932507 3.9084507
284 1110 2.5107967 0.00836932233 3.9084507
284 1110 2.51079645 0.00836932151 3.9084507
284 1110 2.51079654 0.00836932178 3.9084507
284 1110 2.51079656 0.00836932187 3.9084507
283 1101 2.49863241 0.00832877468 3.89045936
283 1101 2.4985925 0.00832864165 3.89045936
283 1098 2.49685502 0.00832285005 3.87985866
283 1101 2.49861162 0.00832870541 3.89045936
283 1101 2.49856114 0.00832853714 3.89045936
283 1101 2.49855061 0.00832850203 3.89045936
283 1101 2.4985588 0.00832852932 3.89045936
283 1101 2.49855368 0.00832851227 3.89045936
283 1101 2.498555 0.00832851666 3.89045936
283 1101 2.4985554 0.008328518 3.89045936
282 1089 2.4849476 0.00828315866 3.86170213
282 1089 2.48506897 0.00828356324 3.86170213
282 1089 2.48499758 0.00828332526 3.86170213
282 1089 2.48494852 0.00828316174 3.86170213
282 1089 2.48494953 0.00828316512 3.86170213
282 1089 2.4849463 0.00828315434 3.86170213
282 1089 2.48494091 0.00828313637 3.86170213
282 1089 2.48493953 0.00828313176 3.86170213
282 1089 2.48493786 0.0082831262 3.86170213
282 1089 2.4849374 0.00828312468 3.86170213
281 1085 2.47286089 0.00824286962 3.86120996
281 1085 2.4728753 0.00824291768 3.86120996
281 1085 2.47277069 0.00824256896 3.86120996
281 1085 2.47277752 0.00824259173 3.86120996
281 1085 2.47277309 0.00824257695 3.86120996
281 1085 2.47277139 0.00824257129 3.86120996
281 1085 2.47275433 0.00824251444 3.86120996
281 1085 2.472729 0.00824243001 3.86120996
281 1085 2.47272424 0.00824241413 3.86120996
281 1085 2.47272981 0.0082424327 3.86120996
280 1076 2.45733294 0.00819110979 3.84285714
280 1077 2.44992358 0.00816641194 3.84642857
280 1072 2.45778282 0.00819260939 3.82857143
280 1072 2.45784638 0.00819282128 3.82857143
280 1072 2.45773461 0.00819244869 3.82857143
280 1072 2.45774741 0.00819249137 3.82857143
280 1072 2.45776032 0.0081925344 3.82857143
280 1072 2.45775562 0.00819251872 3.82857143
280 1072 2.45774818 0.00819249392 3.82857143
280 1072 2.45775109 0.00819250362 3.82857143
279 1068 2.44603009 0.00815343362 3.82795699
279 1068 2.44586677 0.00815288924 3.82795699
279 1068 2.44590439 0.00815301462 3.82795699
279 1068 2.44601461 0.00815338203 3.82795699
279 1068 2.44609625 0.00815365418 3.82795699
279 1068 2.44610125 0.00815367082 3.82795699
279 1068 2.44609363 0.00815364544 3.82795699
279 1068 2.44608178 0.00815360593 3.82795699
279 1068 2.44607872 0.00815359574 3.82795699
279 1068 2.44608529 0.00815361764 3.82795699
278 1063 2.42878697 0.00809595657 3.82374101
278 1063 2.42874462 0.00809581539 3.82374101
278 1058 2.4280475 0.00809349166 3.8057554
278 1063 2.42844516 0.00809481719 3.82374101
278 1063 2.42861187 0.0080953729 3.82374101
278 1063 2.42857038 0.00809523461 3.82374101
278 1063 2.42852714 0.00809509048 3.82374101
278 1063 2.42859445 0.00809531483 3.82374101
278 1063 2.42861776 0.00809539254 3.82374101
278 1063 2.42862797 0.00809542656 3.82374101
277 1053 2.41178673 0.00803928909 3.80144404
277 1053 2.41200107 0.00804000358 3.80144404
277 1053 2.41154805 0.0080384935 3.80144404
277 1053 2.41146045 0.0080382015 3.80144404
277 1053 2.41161798 0.00803872661 3.80144404
277 1053 2.41168097 0.00803893656 3.80144404
277 1053 2.41170027 0.00803900089 3.80144404
277 1053 2.41166689 0.00803888965 3.80144404
277 1053 2.41166492 0.00803888306 3.80144404
277 1053 2.41166827 0.00803889424 3.80144404
276 1049 2.39361556 0.00797871854 3.80072464
276 1049 2.39404512 0.0079801504 3.80072464
276 1049 2.39386991 0.00797956636 3.80072464
276 1049 2.39385738 0.00797952459 3.80072464
276 1049 2.39389204 0.00797964015 3.80072464
276 1049 2.39391459 0.00797971529 3.80072464
276 1049 2.39391509 0.00797971695 3.80072464
276 1049 2.39391342 0.00797971141 3.80072464
276 1049 2.39391046 0.00797970155 3.80072464
276 1049 2.39390812 0.00797969374 3.80072464
275 1044 2.38257617 0.00794192056 3.79636364
275 1041 2.3728788 0.00790959599 3.78545455
275 1040 2.38628272 0.00795427574 3.78181818
275 1046 2.3830003 0.00794333435 3.80363636
275 1040 2.38617774 0.00795392581 3.78181818
275 1040 2.38630498 0.00795434993 3.78181818
275 1040 2.38617767 0.00795392556 3.78181818
275 1040 2.38618663 0.00795395542 3.78181818
275 1040 2.3861911 0.00795397033 3.78181818
275 1040 2.38620766 0.00795402553 3.78181818
274 1036 2.36934276 0.0078978092 3.7810219
274 1036 2.36959561 0.00789865204 3.7810219
274 1036 2.36935179 0.00789783929 3.7810219
274 1036 2.36934604 0.00789782013 3.7810219
274 1036 2.36940602 0.00789802006 3.7810219
274 1036 2.36940349 0.00789801165 3.7810219
274 1036 2.36939721 0.00789799069 3.7810219
274 1036 2.36940166 0.00789800553 3.7810219
274 1036 2.36940472 0.00789801574 3.7810219
274 1036 2.36940814 0.00789802715 3.7810219
273 1029 2.35231402 0.00784104672 3.76923077
273 1029 2.35250142 0.00784167139 3.76923077
273 1029 2.35041285 0.00783470951 3.76923077
273 1025 2.34373728 0.00781245759 3.75457875
273 1022 2.35285057 0.00784283524 3.74358974
273 1023 2.35077801 0.0078359267 3.74725275
273 1022 2.34737942 0.00782459807 3.74358974
272 1018 2.33872037 0.00779573457 3.74264706
272 1018 2.33862383 0.00779541276 3.74264706
272 1019 2.32617388 0.00775391292 3.74632353
271 1011 2.32516489 0.00775054964 3.73062731
271 1011 2.32497317 0.00774991056 3.73062731
271 1011 2.32516611 0.00775055369 3.73062731
271 1011 2.32522731 0.00775075771 3.73062731
271 1011 2.32528237 0.00775094125 3.73062731
271 1011 2.32532576 0.00775108585 3.73062731
271 1011 2.32532741 0.00775109135 3.73062731
271 1011 2.32532549 0.00775108497 3.73062731
271 1011 2.32532477 0.00775108258 3.73062731
271 1011 2.3253226 0.00775107535 3.73062731
270 1001 2.31063766 0.00770212554 3.70740741
270 1001 2.31028029 0.0077009343 3.70740741
270 1001 2.31039809 0.00770132696 3.70740741
270 1001 2.31041592 0.0077013864 3.70740741
270 1001 2.31039764 0.00770132547 3.70740741
270 1001 2.31038376 0.0077012792 3.70740741
270 1001 2.31038422 0.00770128074 3.70740741
270 1001 2.31038577 0.00770128589 3.70740741
270 1001 2.31038584 0.00770128614 3.70740741
270 1001 2.31038622 0.00770128742 3.70740741
269 995 2.29767027 0.00765890089 3.69888476
269 995 2.29783253 0.00765944177 3.69888476
269 995 2.29797321 0.00765991069 3.69888476
269 995 2.2980285 0.00766009501 3.69888476
269 995 2.29801642 0.00766005474 3.69888476
269 995 2.298002 0.00766000667 3.69888476
269 995 2.29799438 0.00765998127 3.69888476
269 995 2.29799046 0.00765996819 3.69888476
269 995 2.29798892 0.00765996306 3.69888476
269 995 2.29798886 0.00765996286 3.69888476
268 986 2.28026153 0.00760087176 3.67910448
268 986 2.28008143 0.00760027143 3.67910448
268 986 2.27997613 0.00759992044 3.67910448
268 986 2.28006479 0.00760021597 3.67910448
268 986 2.27995295 0.00759984316 3.67910448
268 986 2.28006946 0.00760023152 3.67910448
268 986 2.28014756 0.00760049186 3.67910448
268 986 2.28018107 0.00760060357 3.67910448
268 986 2.28016259 0.00760054197 3.67910448
268 986 2.28016724 0.00760055745 3.67910448
267 978 2.2622876 0.00754095866 3.66292135
267 976 2.26097958 0.00753659861 3.65543071
267 977 2.26476651 0.0075492217 3.65917603
267 977 2.26500652 0.00755002175 3.65917603
267 977 2.26504529 0.00755015097 3.65917603
267 977 2.26502702 0.00755009007 3.65917603
267 977 2.26499842 0.00754999472 3.65917603
267 977 2.26497082 0.00754990274 3.65917603
267 977 2.26495908 0.00754986361 3.65917603
267 977 2.26495617 0.00754985389 3.65917603
266 968 2.24730398 0.00749101328 3.63909774
266 968 2.24691947 0.00748973156 3.63909774
266 968 2.24675005 0.00748916682 3.63909774
266 968 2.24682995 0.00748943316 3.63909774
266 968 2.24663516 0.00748878387 3.63909774
266 968 2.24673766 0.00748912554 3.63909774
266 968 2.24686432 0.00748954772 3.63909774
266 968 2.24667786 0.00748892621 3.63909774
266 968 2.24673003 0.00748910011 3.63909774
266 968 2.24687023 0.00748956742 3.63909774
265 960 2.22770509 0.00742568362 3.62264151
265 960 2.22845027 0.00742816756 3.62264151
265 960 2.22859403 0.00742864677 3.62264151
265 960 2.22844155 0.00742813849 3.62264151
265 960 2.22856697 0.00742855657 3.62264151
265 960 2.22867141 0.00742890471 3.62264151
265 960 2.22871355 0.00742904516 3.62264151
265 960 2.2287149 0.00742904967 3.62264151
265 960 2.22870924 0.00742903079 3.62264151
265 960 2.22870251 0.00742900837 3.62264151
264 953 2.20845995 0.00736153318 3.60984848
263 945 2.19849493 0.00732831643 3.59315589
263 945 2.19863799 0.0073287933 3.59315589
263 945 2.19851642 0.00732838805 3.59315589
263 945 2.19899422 0.00732998072 3.59315589
263 945 2.19829323 0.00732764409 3.59315589
263 945 2.1977528 0.00732584268 3.59315589
263 945 2.19827997 0.00732759989 3.59315589
263 945 2.19799152 0.00732663842 3.59315589
263 945 2.19823962 0.00732746541 3.59315589
262 937 2.17735658 0.00725785526 3.57633588
262 937 2.17826394 0.00726087981 3.57633588
262 937 2.1782194 0.00726073132 3.57633588
262 937 2.17829006 0.00726096686 3.57633588
262 937 2.17828767 0.00726095889 3.57633588
262 937 2.17818317 0.00726061056 3.57633588
262 937 2.17840397 0.00726134657 3.57633588
262 937 2.17835774 0.00726119245 3.57633588
262 937 2.17821619 0.00726072062 3.57633588
262 937 2.17838503 0.00726128344 3.57633588
261 930 2.15657493 0.0071885831 3.56321839
261 930 2.15664194 0.00718880648 3.56321839
261 933 2.1560673 0.00718689101 3.57471264
261 930 2.15615992 0.00718719973 3.56321839
261 930 2.15686802 0.00718956008 3.56321839
261 930 2.15668142 0.00718893806 3.56321839
261 930 2.15645304 0.00718817681 3.56321839
261 930 2.15631785 0.00718772618 3.56321839
261 930 2.15660152 0.00718867173 3.56321839
261 930 2.15632429 0.00718774763 3.56321839
260 926 2.13509552 0.00711698508 3.56153846
260 926 2.13497408 0.00711658026 3.56153846
260 926 2.13516739 0.00711722463 3.56153846
260 926 2.13486736 0.00711622452 3.56153846
260 926 2.13516163 0.00711720543 3.56153846
260 926 2.13515908 0.00711719694 3.56153846
260 926 2.1352674 0.00711755801 3.56153846
260 926 2.13472408 0.00711574694 3.56153846
260 926 2.13485779 0.00711619265 3.56153846
260 926 2.13508558 0.00711695193 3.56153846
259 917 2.11198086 0.00703993618 3.54054054
259 917 2.11228645 0.00704095483 3.54054054
259 917 2.11185718 0.00703952394 3.54054054
259 917 2.11195526 0.00703985087 3.54054054
259 917 2.11216297 0.00704054323 3.54054054
259 917 2.11212207 0.00704040691 3.54054054
259 917 2.11192722 0.00703975739 3.54054054
259 917 2.11197508 0.00703991693 3.54054054
259 917 2.11214991 0.00704049969 3.54054054
259 917 2.11211254 0.00704037515 3.54054054
258 909 2.08782578 0.00695941925 3.52325581
257 897 2.07958243 0.00693194144 3.49027237
257 897 2.07967825 0.00693226084 3.49027237
257 897 2.07974505 0.00693248351 3.49027237
257 897 2.07964487 0.00693214957 3.49027237
257 897 2.07987959 0.00693293197 3.49027237
257 897 2.07985395 0.00693284651 3.49027237
257 897 2.07981554 0.00693271847 3.49027237
257 897 2.07989717 0.00693299057 3.49027237
257 897 2.07980262 0.00693267541 3.49027237
256 892 2.0547059 0.00684901968 3.484375
255 890 2.03689635 0.00678965448 3.49019608
255 893 2.03939531 0.00679798437 3.50196078
255 888 2.04041025 0.0068013675 3.48235294
255 886 2.03083172 0.00676943905 3.4745098
255 891 2.0425658 0.00680855265 3.49411765
255 892 2.04465843 0.00681552809 3.49803922
255 892 2.04436709 0.00681455698 3.49803922
255 892 2.04491538 0.00681638461 3.49803922
255 892 2.04444378 0.00681481259 3.49803922
254 884 2.022935 0.00674311666 3.48031496
254 884 2.02326292 0.00674420974 3.48031496
254 884 2.02343036 0.00674476788 3.48031496
254 884 2.02352745 0.00674509149 3.48031496
254 888 2.02401113 0.00674670376 3.49606299
254 884 2.02361821 0.00674539403 3.48031496
254 884 2.02314928 0.00674383092 3.48031496
254 884 2.02316986 0.00674389952 3.48031496
254 884 2.02353208 0.00674510694 3.48031496
254 884 2.0233036 0.00674434535 3.48031496
253 880 2.00304479 0.00667681596 3.47826087
253 880 2.00245875 0.00667486249 3.47826087
253 880 2.00254898 0.00667516327 3.47826087
253 880 2.00260197 0.00667533992 3.47826087
253 880 2.00259601 0.00667532002 3.47826087
253 880 2.00261251 0.00667537505 3.47826087
253 880 2.00261351 0.00667537837 3.47826087
253 880 2.00261274 0.0066753758 3.47826087
253 880 2.00261247 0.00667537489 3.47826087
253 880 2.0026105 0.00667536834 3.47826087
252 877 1.97968527 0.00659895089 3.48015873
252 877 1.97917612 0.00659725374 3.48015873
252 877 1.97904142 0.00659680473 3.48015873
252 877 1.97912181 0.00659707269 3.48015873
252 877 1.9791537 0.00659717901 3.48015873
252 877 1.97915712 0.00659719038 3.48015873
252 877 1.97914461 0.00659714869 3.48015873
252 877 1.97914281 0.0065971427 3.48015873
252 877 1.97913998 0.00659713326 3.48015873
252 877 1.97914163 0.00659713876 3.48015873
251 870 1.95596377 0.00651987922 3.46613546
250 868 1.9560495 0.00652016499 3.472
250 868 1.95483764 0.00651612546 3.472
250 868 1.95643897 0.00652146324 3.472
250 868 1.95629259 0.00652097529 3.472
250 868 1.95642259 0.00652140863 3.472
250 868 1.95645873 0.00652152909 3.472
250 868 1.95642304 0.00652141015 3.472
250 868 1.95639962 0.00652133205 3.472
250 868 1.95639199 0.00652130663 3.472
249 865 1.93337462 0.00644458207 3.47389558
249 862 1.92005957 0.00640019856 3.46184739
249 865 1.93332377 0.00644441258 3.47389558
249 865 1.93317318 0.0064439106 3.47389558
249 865 1.93307798 0.00644359325 3.47389558
249 865 1.93319293 0.00644397643 3.47389558
249 865 1.9330473 0.00644349098 3.47389558
249 865 1.93322581 0.00644408603 3.47389558
249 865 1.9330496 0.00644349867 3.47389558
249 865 1.93322639 0.00644408795 3.47389558
248 859 1.91103007 0.00637010025 3.46370968
248 859 1.91096712 0.00636989039 3.46370968
248 859 1.91122651 0.00637075504 3.46370968
248 859 1.9110906 0.00637030199 3.46370968
248 859 1.9110527 0.00637017567 3.46370968
248 859 1.91101294 0.00637004314 3.46370968
248 859 1.91099171 0.00636997238 3.46370968
248 859 1.91099059 0.00636996865 3.46370968
248 859 1.91099265 0.0063699755 3.46370968
248 859 1.91099606 0.00636998688 3.46370968
247 851 1.8892092 0.00629736399 3.44534413
247 851 1.88889885 0.00629632949 3.44534413
247 851 1.88888486 0.00629628286 3.44534413
247 851 1.88905641 0.00629685469 3.44534413
247 851 1.8891817 0.00629727232 3.44534413
247 851 1.88920243 0.00629734144 3.44534413
247 851 1.88918946 0.00629729819 3.44534413
247 851 1.88917771 0.00629725904 3.44534413
247 851 1.88917422 0.00629724741 3.44534413
247 851 1.88917589 0.00629725297 3.44534413
246 846 1.8656151 0.00621871701 3.43902439
246 846 1.86545545 0.00621818482 3.43902439
246 846 1.86495694 0.00621652313 3.43902439
246 849 1.86517982 0.00621726606 3.45121951
246 849 1.86525623 0.00621752076 3.45121951
246 849 1.86535677 0.00621785591 3.45121951
246 849 1.86530845 0.00621769484 3.45121951
246 849 1.86533791 0.00621779302 3.45121951
246 849 1.86530547 0.00621768491 3.45121951
246 849 1.86526525 0.00621755085 3.45121951
245 841 1.84359164 0.00614530547 3.43265306
245 841 1.843478 0.00614492668 3.43265306
245 848 1.84523281 0.00615077603 3.46122449
245 848 1.84542691 0.00615142304 3.46122449
245 848 1.84547318 0.00615157726 3.46122449
245 848 1.84546136 0.00615153787 3.46122449
245 848 1.84538668 0.00615128892 3.46122449
245 848 1.84533197 0.00615110658 3.46122449
245 848 1.84530219 0.00615100729 3.46122449
245 848 1.84529296 0.00615097653 3.46122449
244 840 1.82347086 0.0060782362 3.44262295
244 840 1.82357279 0.00607857595 3.44262295
244 840 1.82331989 0.00607773298 3.44262295
244 840 1.82335601 0.00607785336 3.44262295
244 840 1.82340593 0.00607801975 3.44262295
244 840 1.82339163 0.00607797211 3.44262295
244 840 1.82336744 0.00607789147 3.44262295
244 840 1.8233633 0.00607787768 3.44262295
244 840 1.82336832 0.00607789441 3.44262295
244 840 1.82337115 0.00607790384 3.44262295
243 835 1.80037744 0.00600125814 3.43621399
243 833 1.79372088 0.00597906959 3.42798354
243 836 1.80227098 0.00600756993 3.44032922
243 832 1.80128381 0.00600427936 3.42386831
243 832 1.80772378 0.00602574593 3.42386831
243 832 1.80359271 0.0060119757 3.42386831
243 834 1.79304214 0.00597680713 3.43209877
243 833 1.80753043 0.00602510145 3.42798354
243 830 1.80450396 0.00601501319 3.41563786
243 831 1.80584367 0.00601947891 3.41975309
242 827 1.7874359 0.00595811965 3.41735537
242 827 1.78760527 0.00595868422 3.41735537
242 827 1.78768838 0.00595896127 3.41735537
242 827 1.78754218 0.00595847392 3.41735537
242 827 1.78773793 0.00595912642 3.41735537
242 827 1.78767559 0.00595891862 3.41735537
242 827 1.78773034 0.00595910112 3.41735537
242 827 1.7875374 0.005958458 3.41735537
242 827 1.787754 0.00595918001 3.41735537
242 827 1.78762559 0.00595875196 3.41735537
241 822 1.76552077 0.00588506924 3.41078838
241 822 1.76578905 0.00588596351 3.41078838
241 822 1.76594535 0.00588648449 3.41078838
241 822 1.76585025 0.00588616751 3.41078838
241 822 1.76571108 0.0058857036 3.41078838
241 822 1.76561187 0.00588537289 3.41078838
241 822 1.76558566 0.00588528553 3.41078838
241 822 1.76559286 0.00588530952 3.41078838
241 822 1.76560951 0.00588536505 3.41078838
241 822 1.76562487 0.00588541624 3.41078838
240 814 1.74539514 0.00581798381 3.39166667
240 814 1.74537852 0.00581792839 3.39166667
240 814 1.74550597 0.00581835323 3.39166667
240 814 1.74543438 0.00581811459 3.39166667
240 814 1.74544329 0.0058181443 3.39166667
240 814 1.74545273 0.00581817577 3.39166667
240 814 1.74546884 0.00581822948 3.39166667
240 814 1.74548012 0.00581826707 3.39166667
240 814 1.7454853 0.00581828432 3.39166667
240 814 1.74548596 0.00581828654 3.39166667
239 813 1.72598363 0.00575327878 3.40167364
239 813 1.72591534 0.00575305114 3.40167364
239 813 1.72594178 0.00575313927 3.40167364
239 813 1.72587187 0.00575290623 3.40167364
239 813 1.72623002 0.00575410007 3.40167364
239 813 1.72525059 0.0057508353 3.40167364
239 813 1.72545561 0.00575151871 3.40167364
239 813 1.72594304 0.00575314345 3.40167364
239 813 1.72526716 0.00575089053 3.40167364
239 813 1.72544678 0.00575148928 3.40167364
238 809 1.70212166 0.00567373887 3.39915966
237 801 1.68206128 0.00560687092 3.37974684
237 795 1.67727406 0.00559091352 3.35443038
237 796 1.69011773 0.00563372578 3.35864979
237 793 1.67574901 0.00558583004 3.34599156
236 788 1.67202892 0.00557342974 3.33898305
236 788 1.67187361 0.00557291205 3.33898305
236 788 1.67196031 0.00557320105 3.33898305
236 788 1.67196649 0.00557322162 3.33898305
236 788 1.67197242 0.00557324139 3.33898305
235 787 1.65278813 0.00550929377 3.34893617
235 787 1.65214902 0.00550716338 3.34893617
235 787 1.65232952 0.00550776508 3.34893617
235 787 1.65231953 0.00550773176 3.34893617
235 787 1.65186586 0.00550621954 3.34893617
235 787 1.652159 0.00550719668 3.34893617
235 787 1.65226561 0.00550755205 3.34893617
235 787 1.65255914 0.00550853048 3.34893617
235 787 1.652133 0.00550710999 3.34893617
235 787 1.65218537 0.00550728458 3.34893617
234 783 1.62503322 0.00541677739 3.34615385
233 776 1.62148529 0.00540495097 3.3304721
233 772 1.61633246 0.00538777488 3.31330472
233 775 1.61092797 0.00536975989 3.32618026
233 779 1.6197633 0.00539921099 3.34334764
233 776 1.61518033 0.00538393442 3.3304721
233 776 1.61542122 0.0053847374 3.3304721
233 776 1.61539705 0.00538465685 3.3304721
233 776 1.61536288 0.00538454292 3.3304721
233 776 1.61536859 0.00538456196 3.3304721
232 771 1.6006682 0.00533556068 3.32327586
232 771 1.60067404 0.00533558012 3.32327586
232 771 1.60079943 0.00533599809 3.32327586
232 771 1.60066382 0.00533554607 3.32327586
232 771 1.60053336 0.0053351112 3.32327586
232 771 1.6006141 0.00533538032 3.32327586
232 771 1.6006973 0.00533565766 3.32327586
232 771 1.60080443 0.00533601478 3.32327586
232 771 1.60085957 0.00533619855 3.32327586
232 771 1.60073138 0.00533577126 3.32327586
231 766 1.57265096 0.00524216988 3.31601732
230 762 1.56828797 0.00522762656 3.31304348
230 762 1.56846443 0.00522821478 3.31304348
230 762 1.56852651 0.00522842169 3.31304348
230 762 1.56850996 0.00522836655 3.31304348
230 762 1.56852731 0.00522842436 3.31304348
230 762 1.56851802 0.00522839339 3.31304348
230 762 1.56852386 0.00522841286 3.31304348
230 762 1.5685194 0.00522839801 3.31304348
230 762 1.56852017 0.00522840055 3.31304348
229 756 1.54700239 0.00515667463 3.30131004
229 756 1.5471427 0.00515714233 3.30131004
229 756 1.54680278 0.00515600926 3.30131004
229 756 1.54692741 0.00515642471 3.30131004
229 756 1.54678879 0.00515596263 3.30131004
229 756 1.54680751 0.00515602502 3.30131004
229 756 1.54674178 0.00515580592 3.30131004
229 756 1.54681751 0.00515605836 3.30131004
229 756 1.54674606 0.00515582021 3.30131004
229 756 1.54682148 0.00515607159 3.30131004
228 752 1.52040508 0.00506801692 3.29824561
228 752 1.52057728 0.00506859094 3.29824561
228 752 1.5208087 0.00506936232 3.29824561
228 752 1.52069889 0.00506899628 3.29824561
228 752 1.5208068 0.00506935602 3.29824561
228 752 1.5209396 0.00506979868 3.29824561
228 752 1.52058899 0.00506862996 3.29824561
228 752 1.52096979 0.00506989929 3.29824561
228 752 1.52085265 0.00506950885 3.29824561
228 752 1.52050755 0.00506835852 3.29824561
227 746 1.49452738 0.00498175794 3.28634361
227 746 1.49417564 0.00498058548 3.28634361
227 746 1.49430936 0.00498103121 3.28634361
227 746 1.49394537 0.0049798179 3.28634361
227 746 1.49391786 0.00497972619 3.28634361
227 746 1.49474528 0.00498248428 3.28634361
227 746 1.49408121 0.00498027071 3.28634361
227 746 1.49450567 0.00498168556 3.28634361
227 746 1.49385494 0.00497951646 3.28634361
227 746 1.49437745 0.00498125818 3.28634361
226 736 1.46375065 0.00487916883 3.25663717
226 736 1.44438995 0.00481463316 3.25663717
226 732 1.46347451 0.00487824835 3.23893805
226 730 1.46709254 0.00489030846 3.2300885
226 730 1.46175613 0.00487252044 3.2300885
225 722 1.46113669 0.00487045562 3.20888889
225 722 1.45653104 0.00485510346 3.20888889
224 716 1.44161601 0.00480538671 3.19642857
224 716 1.44227412 0.00480758041 3.19642857
224 716 1.44200645 0.00480668817 3.19642857
223 709 1.41421422 0.0047140474 3.1793722
223 709 1.41406287 0.00471354289 3.1793722
223 709 1.41426773 0.00471422578 3.1793722
223 709 1.41426317 0.00471421057 3.1793722
223 709 1.41426633 0.0047142211 3.1793722
223 709 1.41425276 0.00471417588 3.1793722
223 709 1.41424679 0.00471415597 3.1793722
223 709 1.41424437 0.0047141479 3.1793722
223 709 1.41424338 0.00471414461 3.1793722
223 709 1.41424308 0.00471414358 3.1793722
222 705 1.38457745 0.00461525817 3.17567568
222 700 1.38002629 0.00460008763 3.15315315
222 705 1.3847685 0.00461589501 3.17567568
222 705 1.38481233 0.00461604109 3.17567568
222 705 1.38473098 0.00461576992 3.17567568
222 705 1.38477377 0.00461591257 3.17567568
222 705 1.38451187 0.00461503957 3.17567568
222 705 1.38504428 0.00461681428 3.17567568
222 705 1.38490701 0.00461635669 3.17567568
222 705 1.38465912 0.0046155304 3.17567568
221 696 1.35451214 0.00451504048 3.14932127
221 701 1.35651485 0.00452171616 3.1719457
221 701 1.35647695 0.00452158983 3.1719457
221 701 1.35667202 0.00452224008 3.1719457
221 701 1.35626202 0.00452087341 3.1719457
221 701 1.35667501 0.00452225003 3.1719457
221 701 1.35700206 0.0045233402 3.1719457
221 696 1.35396641 0.00451322137 3.14932127
221 696 1.35424633 0.00451415443 3.14932127
221 701 1.3568541 0.004522847 3.1719457
220 692 1.32667721 0.00442225738 3.14545455
220 697 1.32522605 0.00441742018 3.16818182
220 692 1.32691489 0.00442304962 3.14545455
220 692 1.32680453 0.00442268177 3.14545455
220 692 1.32413879 0.00441379596 3.14545455
220 692 1.3264462 0.00442148734 3.14545455
220 692 1.32717271 0.00442390904 3.14545455
220 692 1.32416867 0.00441389557 3.14545455
219 688 1.29728057 0.00432426856 3.14155251
219 688 1.29738822 0.00432462738 3.14155251
218 678 1.26766602 0.0042255534 3.11009174
218 678 1.2676273 0.00422542433 3.11009174
218 683 1.26640104 0.00422133681 3.13302752
218 682 1.26010112 0.00420033706 3.12844037
218 686 1.26551359 0.00421837863 3.14678899
218 684 1.27613962 0.00425379875 3.13761468
218 679 1.28726091 0.00429086969 3.1146789
218 676 1.26640042 0.00422133474 3.10091743
217 672 1.26660249 0.00422200832 3.09677419
217 672 1.2665933 0.00422197766 3.09677419
216 668 1.24159304 0.00413864348 3.09259259
216 667 1.24124671 0.00413748904 3.08796296
216 668 1.24134246 0.00413780819 3.09259259
216 668 1.24164628 0.00413882094 3.09259259
216 668 1.24144235 0.00413814117 3.09259259
216 668 1.24149768 0.00413832559 3.09259259
216 668 1.24144006 0.00413813355 3.09259259
216 668 1.24110198 0.00413700659 3.09259259
216 668 1.24148002 0.00413826674 3.09259259
216 668 1.24159568 0.00413865227 3.09259259
215 660 1.2183703 0.00406123432 3.06976744
214 655 1.21283508 0.00404278359 3.06074766
214 652 1.21075898 0.00403586327 3.04672897
214 652 1.21482286 0.00404940954 3.04672897
214 652 1.21485459 0.00404951532 3.04672897
214 652 1.21482051 0.00404940171 3.04672897
214 652 1.21481112 0.00404937041 3.04672897
214 652 1.21527994 0.00405093312 3.04672897
214 652 1.21486839 0.0040495613 3.04672897
214 652 1.21493195 0.00404977317 3.04672897
213 647 1.19228822 0.00397429407 3.03755869
213 647 1.1925543 0.003975181 3.03755869
213 647 1.19271299 0.00397570998 3.03755869
213 647 1.19238281 0.00397460938 3.03755869
213 647 1.19260023 0.00397533411 3.03755869
213 647 1.1926451 0.00397548368 3.03755869
213 646 1.1896137 0.00396537899 3.03286385
213 647 1.19271329 0.00397571096 3.03755869
213 647 1.1925168 0.00397505601 3.03755869
213 647 1.19284156 0.00397613854 3.03755869
212 641 1.16827894 0.00389426313 3.02358491
212 641 1.16796193 0.00389320642 3.02358491
212 641 1.16813688 0.00389378961 3.02358491
212 641 1.1680595 0.00389353168 3.02358491
212 641 1.1684624 0.00389487467 3.02358491
212 641 1.16815988 0.00389386627 3.02358491
212 641 1.16821472 0.00389404905 3.02358491
212 641 1.16730756 0.00389102521 3.02358491
212 641 1.16833686 0.00389445619 3.02358491
212 641 1.16780131 0.00389267105 3.02358491
211 637 1.1451093 0.003817031 3.01895735
211 637 1.14527944 0.00381759814 3.01895735
211 637 1.1457765 0.003819255 3.01895735
211 637 1.14508631 0.00381695436 3.01895735
211 637 1.14525852 0.00381752839 3.01895735
211 637 1.14560779 0.00381869263 3.01895735
211 637 1.14458122 0.00381527074 3.01895735
211 637 1.14548177 0.00381827257 3.01895735
211 637 1.14529334 0.00381764448 3.01895735
211 637 1.14505227 0.00381684092 3.01895735
210 630 1.11879572 0.00372931908 3
210 627 1.11989781 0.00373299269 2.98571429
210 627 1.11945276 0.00373150919 2.98571429
210 627 1.11976768 0.00373255892 2.98571429
210 630 1.11917114 0.00373057047 3
210 630 1.11872364 0.00372907881 3
210 630 1.11910963 0.00373036544 3
210 630 1.11920493 0.00373068309 3
210 630 1.11892156 0.00372973855 3
210 630 1.11882166 0.00372940552 3
209 620 1.0923534 0.00364117801 2.96650718
209 620 1.09211603 0.00364038676 2.96650718
209 620 1.09257914 0.00364193047 2.96650718
209 620 1.092005 0.00364001668 2.96650718
209 620 1.09264993 0.00364216642 2.96650718
209 620 1.0930081 0.00364336035 2.96650718
209 620 1.09182786 0.00363942621 2.96650718
209 620 1.09231242 0.00364104141 2.96650718
209 620 1.09289686 0.00364298953 2.96650718
209 620 1.09217959 0.00364059865 2.96650718
208 613 1.06428081 0.00354760269 2.94711538
208 613 1.06383137 0.00354610457 2.94711538
208 613 1.06396836 0.00354656121 2.94711538
208 613 1.06375533 0.00354585111 2.94711538
208 613 1.06377532 0.00354591775 2.94711538
208 613 1.06361678 0.00354538925 2.94711538
208 613 1.06347358 0.00354491192 2.94711538
208 613 1.06395485 0.00354651615 2.94711538
208 613 1.06383398 0.00354611326 2.94711538
208 613 1.06388253 0.0035462751 2.94711538
207 611 1.05011646 0.00350038821 2.95169082
207 611 1.04921994 0.00349739981 2.95169082
207 611 1.04957041 0.00349856804 2.95169082
207 611 1.04973714 0.00349912379 2.95169082
207 611 1.04924721 0.00349749069 2.95169082
207 611 1.0496402 0.00349880066 2.95169082
207 611 1.04964775 0.00349882583 2.95169082
207 611 1.0492598 0.00349753266 2.95169082
207 611 1.04933846 0.00349779486 2.95169082
207 611 1.04922587 0.00349741957 2.95169082
206 607 1.0121047 0.00337368233 2.94660194
206 607 1.01380158 0.00337933861 2.94660194
206 605 1.00874815 0.00336249384 2.9368932
206 605 1.00908734 0.00336362448 2.9368932
206 605 1.0087666 0.00336255534 2.9368932
206 605 1.00841227 0.00336137424 2.9368932
206 605 1.00877356 0.00336257852 2.9368932
206 605 1.00876484 0.00336254945 2.9368932
206 605 1.00866812 0.00336222707 2.9368932
206 605 1.00874758 0.00336249192 2.9368932
205 603 0.995558196 0.00331852732 2.94146341
205 603 0.995867912 0.00331955971 2.94146341
205 603 0.995487407 0.00331829136 2.94146341
205 603 0.996099053 0.00332033018 2.94146341
205 603 0.99556726 0.00331855753 2.94146341
205 603 0.995355347 0.00331785116 2.94146341
205 603 0.995696138 0.00331898713 2.94146341
205 603 0.995475902 0.00331825301 2.94146341
205 603 0.99632145 0.0033210715 2.94146341
205 603 0.995282385 0.00331760795 2.94146341
204 601 0.966591015 0.00322197005 2.94607843
204 601 0.965886496 0.00321962165 2.94607843
204 597 0.954045809 0.0031801527 2.92647059
204 592 0.965885208 0.00321961736 2.90196078
204 592 0.966253111 0.0032208437 2.90196078
204 592 0.965607103 0.00321869034 2.90196078
204 592 0.965644731 0.00321881577 2.90196078
204 592 0.966049913 0.00322016638 2.90196078
204 597 0.976584082 0.00325528027 2.92647059
204 592 0.965750783 0.00321916928 2.90196078
203 590 0.953670367 0.00317890122 2.90640394
203 590 0.953711578 0.00317903859 2.90640394
203 590 0.938448652 0.00312816217 2.90640394
203 590 0.954075805 0.00318025268 2.90640394
203 590 0.95358291 0.0031786097 2.90640394
203 590 0.953567815 0.00317855938 2.90640394
203 590 0.937992266 0.00312664089 2.90640394
203 590 0.938430624 0.00312810208 2.90640394
203 590 0.938561636 0.00312853879 2.90640394
203 590 0.938466694 0.00312822231 2.90640394
202 588 0.926847315 0.00308949105 2.91089109
202 588 0.927098024 0.00309032675 2.91089109
202 588 0.927115512 0.00309038504 2.91089109
202 588 0.927180678 0.00309060226 2.91089109
202 588 0.927168498 0.00309056166 2.91089109
202 588 0.927134147 0.00309044716 2.91089109
202 588 0.927046858 0.00309015619 2.91089109
202 588 0.927299518 0.00309099839 2.91089109
202 588 0.927371442 0.00309123814 2.91089109
202 588 0.927073798 0.00309024599 2.91089109
201 585 0.901720623 0.00300573541 2.91044776
201 585 0.901297865 0.00300432622 2.91044776
201 585 0.901881838 0.00300627279 2.91044776
201 585 0.900942736 0.00300314245 2.91044776
201 585 0.901740958 0.00300580319 2.91044776
201 585 0.901879013 0.00300626338 2.91044776
201 585 0.900415776 0.00300138592 2.91044776
201 585 0.900752771 0.00300250924 2.91044776
201 585 0.900970402 0.00300323467 2.91044776
201 585 0.902239257 0.00300746419 2.91044776
200 576 0.86186904 0.0028728968 2.88
200 581 0.86376366 0.0028792122 2.905
200 575 0.861304215 0.00287101405 2.875
200 577 0.857704252 0.00285901417 2.885
200 575 0.846952944 0.00282317648 2.875
200 575 0.862317644 0.00287439215 2.875
200 583 0.859362919 0.00286454306 2.915
200 575 0.862868392 0.00287622797 2.875
200 575 0.862145154 0.00287381718 2.875
200 575 0.86212692 0.0028737564 2.875
199 573 0.83706442 0.00279021473 2.87939698
199 573 0.837352818 0.00279117606 2.87939698
199 573 0.837062601 0.00279020867 2.87939698
199 573 0.836948495 0.00278982832 2.87939698
199 573 0.836777614 0.00278925871 2.87939698
199 567 0.830916283 0.00276972094 2.84924623
199 567 0.830758583 0.00276919528 2.84924623
199 567 0.830861446 0.00276953815 2.84924623
199 567 0.830934865 0.00276978288 2.84924623
199 567 0.830762789 0.0027692093 2.84924623
198 565 0.805726561 0.0026857552 2.85353535
198 565 0.804859243 0.00268286414 2.85353535
198 565 0.805388591 0.00268462864 2.85353535
198 565 0.805799784 0.00268599928 2.85353535
198 565 0.805505341 0.0026850178 2.85353535
198 565 0.805467237 0.00268489079 2.85353535
198 565 0.805699093 0.00268566364 2.85353535
198 565 0.805758083 0.00268586028 2.85353535
198 565 0.805623579 0.00268541193 2.85353535
198 565 0.805671963 0.00268557321 2.85353535
197 562 0.780299711 0.00260099904 2.85279188
197 562 0.773083288 0.00257694429 2.85279188
197 562 0.780007025 0.00260002342 2.85279188
197 562 0.780049793 0.00260016598 2.85279188
197 562 0.779202797 0.00259734266 2.85279188
197 562 0.780103725 0.00260034575 2.85279188
197 562 0.779972146 0.00259990715 2.85279188
197 562 0.779723232 0.00259907744 2.85279188
197 562 0.779725748 0.00259908583 2.85279188
197 562 0.779895804 0.00259965268 2.85279188
196 559 0.748929136 0.00249643045 2.85204082
196 559 0.749975652 0.00249991884 2.85204082
196 559 0.749502104 0.00249834035 2.85204082
196 559 0.749751167 0.00249917056 2.85204082
196 559 0.750105584 0.00250035195 2.85204082
196 559 0.749608731 0.00249869577 2.85204082
196 559 0.749671888 0.00249890629 2.85204082
196 559 0.750079779 0.00250026593 2.85204082
196 559 0.749392618 0.00249797539 2.85204082
196 559 0.749281216 0.00249760405 2.85204082
195 556 0.715921198 0.00238640399 2.85128205
195 555 0.715365148 0.00238455049 2.84615385
195 554 0.714779715 0.00238259905 2.84102564
195 550 0.724014995 0.00241338332 2.82051282
195 551 0.713535406 0.00237845135 2.82564103
194 547 0.695824672 0.00231941557 2.81958763
194 547 0.695664926 0.00231888309 2.81958763
194 547 0.696395924 0.00232131975 2.81958763
194 547 0.696202939 0.00232067646 2.81958763
194 547 0.696275559 0.00232091853 2.81958763
193 541 0.669006617 0.00223002206 2.80310881
193 541 0.66866008 0.00222886693 2.80310881
193 541 0.667975175 0.00222658392 2.80310881
193 541 0.668402654 0.00222800885 2.80310881
193 541 0.66864045 0.0022288015 2.80310881
193 541 0.668718669 0.00222906223 2.80310881
193 541 0.668870819 0.0022295694 2.80310881
193 541 0.66850793 0.00222835977 2.80310881
193 541 0.668348619 0.00222782873 2.80310881
193 541 0.668600807 0.00222866936 2.80310881
192 538 0.639608954 0.00213202985 2.80208333
192 538 0.644293039 0.00214764346 2.80208333
192 541 0.644780959 0.00214926986 2.81770833
192 541 0.645510534 0.00215170178 2.81770833
192 541 0.645283568 0.00215094523 2.81770833
192 541 0.644962657 0.00214987552 2.81770833
192 541 0.645288302 0.00215096101 2.81770833
192 541 0.645115332 0.00215038444 2.81770833
192 541 0.645148002 0.00215049334 2.81770833
192 541 0.644805595 0.00214935198 2.81770833
191 535 0.617299688 0.00205766563 2.80104712
191 535 0.617186094 0.00205728698 2.80104712
191 535 0.617582326 0.00205860775 2.80104712
191 535 0.617512528 0.00205837509 2.80104712
191 535 0.616775275 0.00205591758 2.80104712
191 535 0.617706424 0.00205902141 2.80104712
191 535 0.617370003 0.00205790001 2.80104712
191 535 0.617580023 0.00205860008 2.80104712
191 535 0.617546115 0.00205848705 2.80104712
191 535 0.616895452 0.00205631817 2.80104712
190 532 0.590004398 0.00196668133 2.8
190 530 0.583218886 0.00194406295 2.78947368
190 530 0.583455989 0.0019448533 2.78947368
190 532 0.589949475 0.00196649825 2.8
190 532 0.589700045 0.00196566682 2.8
190 532 0.590711753 0.00196903918 2.8
190 532 0.58998193 0.00196660643 2.8
190 532 0.589444166 0.00196481389 2.8
190 532 0.589116971 0.00196372324 2.8
190 532 0.588857649 0.00196285883 2.8
189 527 0.555879488 0.00185293163 2.78835979
189 527 0.556967421 0.00185655807 2.78835979
189 527 0.556706268 0.00185568756 2.78835979
189 527 0.556984935 0.00185661645 2.78835979
189 527 0.55663047 0.0018554349 2.78835979
189 527 0.556177504 0.00185392501 2.78835979
189 527 0.556026419 0.0018534214 2.78835979
189 527 0.556638979 0.00185546326 2.78835979
189 527 0.556922512 0.00185640837 2.78835979
189 527 0.556262726 0.00185420909 2.78835979
188 521 0.521967503 0.00173989168 2.7712766
188 521 0.517907914 0.00172635971 2.7712766
188 520 0.510778591 0.0017025953 2.76595745
188 518 0.512656693 0.00170885564 2.75531915
188 518 0.513631789 0.00171210596 2.75531915
188 518 0.513225812 0.00171075271 2.75531915
188 518 0.513336413 0.00171112138 2.75531915
188 518 0.51391727 0.00171305757 2.75531915
188 518 0.513629301 0.00171209767 2.75531915
188 518 0.513175135 0.00171058378 2.75531915
187 515 0.488276979 0.00162758993 2.7540107
187 515 0.487960124 0.00162653375 2.7540107
187 515 0.487495681 0.0016249856 2.7540107
187 515 0.48780235 0.00162600783 2.7540107
187 515 0.487979108 0.00162659703 2.7540107
187 515 0.487948152 0.00162649384 2.7540107
187 515 0.488225894 0.00162741965 2.7540107
187 515 0.488197231 0.0016273241 2.7540107
187 515 0.488677619 0.0016289254 2.7540107
187 515 0.488815135 0.00162938378 2.7540107
186 508 0.451997115 0.00150665705 2.7311828
186 508 0.45163072 0.00150543573 2.7311828
186 508 0.451870141 0.0015062338 2.7311828
186 508 0.452891034 0.00150963678 2.7311828
186 508 0.451166896 0.00150388965 2.7311828
186 508 0.45145159 0.00150483863 2.7311828
186 508 0.4521343 0.00150711433 2.7311828
186 508 0.451228778 0.00150409593 2.7311828
186 508 0.451399789 0.00150466596 2.7311828
186 508 0.45170371 0.00150567903 2.7311828
185 503 0.41085892 0.00136952973 2.71891892
185 507 0.420228936 0.00140076312 2.74054054
185 503 0.411894056 0.00137298019 2.71891892
185 503 0.411531818 0.00137177273 2.71891892
185 503 0.410816698 0.00136938899 2.71891892
185 503 0.410857899 0.00136952633 2.71891892
185 503 0.411544311 0.00137181437 2.71891892
185 503 0.41135359 0.00137117863 2.71891892
185 503 0.411234548 0.00137078183 2.71891892
185 503 0.411784103 0.00137261368 2.71891892
184 502 0.385832731 0.0012861091 2.72826087
184 502 0.385386978 0.00128462326 2.72826087
184 502 0.385287101 0.00128429034 2.72826087
184 502 0.385143303 0.00128381101 2.72826087
184 502 0.385579188 0.00128526396 2.72826087
184 502 0.384770211 0.00128256737 2.72826087
184 502 0.385506756 0.00128502252 2.72826087
184 502 0.385660744 0.00128553581 2.72826087
184 502 0.384993344 0.00128331115 2.72826087
184 502 0.385105824 0.00128368608 2.72826087
183 498 0.347771343 0.00115923781 2.72131148
183 498 0.347983905 0.00115994635 2.72131148
183 498 0.348442267 0.00116147422 2.72131148
183 498 0.347548886 0.00115849629 2.72131148
183 498 0.347190434 0.00115730145 2.72131148
183 498 0.347754412 0.00115918137 2.72131148
183 498 0.346911762 0.00115637254 2.72131148
183 498 0.348145788 0.00116048596 2.72131148
183 498 0.347317532 0.00115772511 2.72131148
183 498 0.346862035 0.00115620678 2.72131148
182 494 0.306954798 0.00102318266 2.71428571
182 492 0.301657254 0.00100552418 2.7032967
182 495 0.337842861 0.00112614287 2.71978022
182 492 0.332715807 0.00110905269 2.7032967
182 496 0.347609012 0.00115869671 2.72527473
SP does not find any fixed points -> SP does not converge.
I am sorry I quit :(
