START ALGORITHM:
I am going to build an instance with N: 300 variables and 1245 clauses with a clause density equal to 4.15
START BSP WITH r=0.9:
Decimation scorer: gamma:0.01
END UNIT PROPAGATION
300 1245 1.92963742 0.00643212475 4.15
300 1245 1.92951253 0.00643170843 4.15
300 1245 1.92951207 0.00643170691 4.15
300 1245 1.92936913 0.00643123042 4.15
300 1245 1.92938715 0.0064312905 4.15
300 1245 1.92937951 0.00643126504 4.15
300 1245 1.92938027 0.00643126757 4.15
300 1245 1.92939444 0.0064313148 4.15
300 1245 1.92937281 0.00643124271 4.15
299 1241 1.92791425 0.00642638085 4.15050167
299 1241 1.92791947 0.00642639823 4.15050167
299 1241 1.92790256 0.00642634186 4.15050167
299 1241 1.92789724 0.00642632414 4.15050167
299 1241 1.92790421 0.00642634736 4.15050167
299 1241 1.92790372 0.00642634574 4.15050167
299 1241 1.92790234 0.00642634113 4.15050167
299 1241 1.92790331 0.00642634436 4.15050167
299 1241 1.92790273 0.00642634244 4.15050167
299 1241 1.92790369 0.00642634562 4.15050167
298 1233 1.92567204 0.00641890681 4.13758389
298 1233 1.92567379 0.00641891264 4.13758389
298 1233 1.92567671 0.00641892235 4.13758389
298 1233 1.9256769 0.00641892299 4.13758389
298 1233 1.92567621 0.00641892071 4.13758389
298 1233 1.9256762 0.00641892067 4.13758389
298 1233 1.92567591 0.00641891969 4.13758389
298 1233 1.92567559 0.00641891863 4.13758389
298 1233 1.92567539 0.00641891796 4.13758389
298 1233 1.92567537 0.00641891789 4.13758389
297 1227 1.92567527 0.00641891756 4.13131313
297 1227 1.92567377 0.00641891257 4.13131313
297 1227 1.92568795 0.00641895983 4.13131313
297 1227 1.92568529 0.00641895097 4.13131313
297 1227 1.92567743 0.00641892477 4.13131313
297 1227 1.92567665 0.00641892217 4.13131313
297 1227 1.92568084 0.00641893612 4.13131313
297 1227 1.92568379 0.00641894595 4.13131313
297 1227 1.92568808 0.00641896027 4.13131313
297 1227 1.92569017 0.00641896723 4.13131313
296 1214 1.92233808 0.00640779361 4.10135135
296 1214 1.92232631 0.00640775437 4.10135135
296 1214 1.92232877 0.00640776258 4.10135135
296 1214 1.92232562 0.00640775207 4.10135135
296 1214 1.92232308 0.00640774361 4.10135135
296 1214 1.92232355 0.00640774517 4.10135135
296 1214 1.92232267 0.00640774223 4.10135135
296 1214 1.92232282 0.00640774272 4.10135135
296 1214 1.92232373 0.00640774577 4.10135135
296 1214 1.92232279 0.00640774262 4.10135135
295 1209 1.92232331 0.00640774438 4.09830508
295 1209 1.92231714 0.00640772379 4.09830508
295 1209 1.92231672 0.0064077224 4.09830508
295 1203 1.91892689 0.00639642297 4.0779661
295 1203 1.91893875 0.00639646251 4.0779661
295 1203 1.91894479 0.00639648265 4.0779661
295 1203 1.91892916 0.00639643053 4.0779661
295 1203 1.91894124 0.00639647081 4.0779661
295 1203 1.91893461 0.00639644869 4.0779661
295 1203 1.91893305 0.00639644349 4.0779661
294 1198 1.91893286 0.00639644286 4.07482993
294 1198 1.91893343 0.00639644478 4.07482993
294 1198 1.91894496 0.0063964832 4.07482993
294 1198 1.91895373 0.00639651244 4.07482993
294 1198 1.91895892 0.00639652973 4.07482993
294 1198 1.91896381 0.00639654603 4.07482993
294 1198 1.91896013 0.00639653375 4.07482993
294 1198 1.91896415 0.00639654717 4.07482993
294 1198 1.91895816 0.00639652721 4.07482993
294 1198 1.91895803 0.00639652676 4.07482993
293 1188 1.91509381 0.00638364605 4.05460751
293 1188 1.91507352 0.00638357839 4.05460751
293 1188 1.91508103 0.00638360345 4.05460751
293 1188 1.91507118 0.00638357059 4.05460751
293 1188 1.91506256 0.00638354185 4.05460751
293 1188 1.91506767 0.00638355889 4.05460751
293 1188 1.91507476 0.00638358255 4.05460751
293 1188 1.91508102 0.00638360342 4.05460751
293 1188 1.91508439 0.00638361464 4.05460751
293 1188 1.91508535 0.00638361783 4.05460751
292 1178 1.91229921 0.0063743307 4.03424658
292 1178 1.91229275 0.00637430916 4.03424658
292 1178 1.91229127 0.00637430424 4.03424658
292 1178 1.91229409 0.00637431364 4.03424658
292 1178 1.91229577 0.00637431924 4.03424658
292 1178 1.91229275 0.00637430918 4.03424658
292 1178 1.9122901 0.00637430035 4.03424658
292 1178 1.91228704 0.00637429015 4.03424658
292 1178 1.91228552 0.00637428507 4.03424658
292 1178 1.91228512 0.00637428372 4.03424658
291 1175 1.91228524 0.00637428414 4.03780069
291 1175 1.91229185 0.00637430616 4.03780069
291 1175 1.91229132 0.00637430439 4.03780069
291 1175 1.91228425 0.00637428083 4.03780069
291 1175 1.91229201 0.0063743067 4.03780069
291 1175 1.91231843 0.00637439476 4.03780069
291 1175 1.91233184 0.00637443946 4.03780069
291 1175 1.91234022 0.0063744674 4.03780069
291 1175 1.91234272 0.00637447572 4.03780069
291 1175 1.91234077 0.00637446922 4.03780069
290 1171 1.90661274 0.0063553758 4.03793103
290 1171 1.90660413 0.00635534709 4.03793103
290 1171 1.90659553 0.00635531844 4.03793103
290 1171 1.90658796 0.00635529321 4.03793103
290 1171 1.90658089 0.00635526965 4.03793103
290 1171 1.90656804 0.00635522679 4.03793103
290 1171 1.9065616 0.00635520532 4.03793103
290 1171 1.90655752 0.00635519175 4.03793103
290 1171 1.90655637 0.00635518791 4.03793103
290 1171 1.90655721 0.00635519072 4.03793103
289 1166 1.90655464 0.00635518214 4.03460208
289 1166 1.90655529 0.00635518431 4.03460208
289 1166 1.90655015 0.00635516716 4.03460208
289 1166 1.90654251 0.00635514171 4.03460208
289 1166 1.9065197 0.00635506567 4.03460208
289 1166 1.9065187 0.00635506233 4.03460208
289 1166 1.90650124 0.00635500415 4.03460208
289 1166 1.9064954 0.00635498467 4.03460208
289 1166 1.90649125 0.00635497084 4.03460208
289 1166 1.90649259 0.0063549753 4.03460208
288 1157 1.90068094 0.00633560314 4.01736111
288 1157 1.90071198 0.00633570659 4.01736111
288 1154 1.90048229 0.00633494097 4.00694444
288 1157 1.90071503 0.00633571677 4.01736111
288 1154 1.90045518 0.00633485059 4.00694444
288 1154 1.90047436 0.00633491452 4.00694444
288 1154 1.90044363 0.00633481211 4.00694444
288 1154 1.90046635 0.00633488783 4.00694444
288 1154 1.900451 0.00633483667 4.00694444
288 1154 1.90043938 0.00633479792 4.00694444
287 1145 1.89468842 0.00631562806 3.98954704
287 1145 1.89474925 0.00631583083 3.98954704
287 1145 1.89477195 0.00631590652 3.98954704
287 1145 1.89477639 0.00631592129 3.98954704
287 1145 1.89474892 0.00631582975 3.98954704
287 1145 1.89473299 0.00631577664 3.98954704
287 1145 1.89472961 0.00631576537 3.98954704
287 1145 1.8947309 0.00631576967 3.98954704
287 1145 1.89473541 0.0063157847 3.98954704
287 1145 1.89473915 0.00631579718 3.98954704
286 1142 1.88959682 0.00629865606 3.99300699
286 1142 1.88958779 0.00629862598 3.99300699
286 1142 1.88958593 0.00629861975 3.99300699
286 1142 1.8896033 0.00629867765 3.99300699
286 1142 1.88966195 0.00629887317 3.99300699
286 1142 1.88961918 0.0062987306 3.99300699
286 1142 1.88956258 0.00629854194 3.99300699
286 1142 1.88964281 0.00629880936 3.99300699
286 1142 1.88961159 0.00629870528 3.99300699
286 1142 1.88957539 0.00629858464 3.99300699
285 1133 1.88292562 0.00627641875 3.9754386
285 1133 1.88306453 0.00627688176 3.9754386
285 1133 1.88304045 0.0062768015 3.9754386
285 1133 1.88308405 0.00627694683 3.9754386
285 1133 1.88293425 0.00627644751 3.9754386
285 1133 1.88292928 0.00627643093 3.9754386
285 1133 1.88311701 0.00627705671 3.9754386
285 1133 1.88318348 0.00627727826 3.9754386
285 1133 1.88315635 0.00627718785 3.9754386
285 1133 1.88288587 0.00627628624 3.9754386
284 1124 1.87479869 0.00624932898 3.95774648
284 1124 1.87488047 0.00624960158 3.95774648
284 1124 1.8748136 0.00624937867 3.95774648
284 1124 1.87485711 0.0062495237 3.95774648
284 1124 1.87483774 0.00624945913 3.95774648
284 1124 1.87482905 0.00624943017 3.95774648
284 1124 1.87483324 0.00624944413 3.95774648
284 1124 1.87483495 0.00624944982 3.95774648
284 1124 1.8748361 0.00624945367 3.95774648
284 1124 1.87483737 0.0062494579 3.95774648
283 1111 1.86736712 0.00622455706 3.92579505
283 1117 1.87043172 0.00623477241 3.94699647
283 1113 1.87124237 0.00623747455 3.93286219
283 1117 1.87039519 0.00623465064 3.94699647
283 1117 1.87044007 0.00623480023 3.94699647
283 1117 1.87047509 0.00623491696 3.94699647
283 1117 1.87047637 0.00623492124 3.94699647
283 1117 1.87046079 0.00623486931 3.94699647
283 1117 1.8704608 0.00623486932 3.94699647
283 1117 1.87046486 0.00623488288 3.94699647
282 1104 1.86317602 0.00621058674 3.91489362
282 1104 1.86311747 0.00621039156 3.91489362
282 1104 1.86293265 0.00620977549 3.91489362
282 1104 1.86340689 0.00621135631 3.91489362
282 1104 1.86323952 0.0062107984 3.91489362
282 1104 1.8630413 0.00621013767 3.91489362
282 1104 1.86342667 0.00621142223 3.91489362
282 1104 1.86332933 0.00621109778 3.91489362
282 1104 1.86313522 0.00621045075 3.91489362
282 1104 1.86293813 0.00620979378 3.91489362
281 1095 1.85478663 0.00618262209 3.89679715
281 1095 1.85436578 0.00618121926 3.89679715
281 1095 1.85431709 0.00618105696 3.89679715
281 1095 1.85431855 0.00618106183 3.89679715
281 1095 1.8543582 0.006181194 3.89679715
281 1095 1.85443639 0.00618145463 3.89679715
281 1095 1.85447253 0.00618157511 3.89679715
281 1095 1.85447823 0.00618159412 3.89679715
281 1095 1.85446772 0.00618155906 3.89679715
281 1095 1.85445407 0.00618151356 3.89679715
280 1089 1.84592414 0.00615308046 3.88928571
280 1089 1.84593168 0.00615310561 3.88928571
280 1088 1.84561611 0.00615205369 3.88571429
280 1091 1.84386421 0.00614621402 3.89642857
280 1089 1.84608672 0.00615362241 3.88928571
280 1089 1.84609752 0.00615365838 3.88928571
280 1089 1.84596234 0.00615320781 3.88928571
280 1089 1.84584629 0.00615282097 3.88928571
280 1089 1.84585826 0.00615286087 3.88928571
280 1089 1.84579555 0.00615265183 3.88928571
279 1082 1.83715955 0.00612386516 3.8781362
279 1082 1.83737681 0.00612458938 3.8781362
279 1082 1.8374064 0.00612468801 3.8781362
279 1082 1.8374456 0.00612481867 3.8781362
279 1082 1.83740347 0.00612467824 3.8781362
279 1082 1.83738545 0.00612461817 3.8781362
279 1082 1.83738357 0.00612461189 3.8781362
279 1082 1.83738597 0.00612461992 3.8781362
279 1082 1.83739092 0.0061246364 3.8781362
279 1082 1.83739746 0.00612465819 3.8781362
278 1072 1.82808465 0.00609361549 3.85611511
278 1072 1.82796782 0.00609322607 3.85611511
278 1072 1.82805686 0.00609352285 3.85611511
278 1072 1.8280365 0.00609345499 3.85611511
278 1072 1.82796998 0.00609323326 3.85611511
278 1072 1.82799319 0.00609331063 3.85611511
278 1072 1.82806457 0.00609354856 3.85611511
278 1072 1.82812356 0.00609374519 3.85611511
278 1072 1.8281584 0.00609386135 3.85611511
278 1072 1.82817205 0.00609390684 3.85611511
277 1065 1.81858167 0.00606193891 3.84476534
277 1065 1.81846714 0.00606155713 3.84476534
277 1065 1.81822606 0.00606075353 3.84476534
277 1065 1.81825043 0.00606083478 3.84476534
277 1064 1.81763367 0.00605877891 3.84115523
277 1065 1.81882379 0.00606274595 3.84476534
277 1065 1.81856178 0.00606187261 3.84476534
277 1065 1.81813339 0.00606044463 3.84476534
277 1065 1.81792805 0.00605976018 3.84476534
277 1065 1.81847906 0.00606159688 3.84476534
276 1057 1.80808826 0.00602696088 3.82971014
276 1057 1.80822628 0.00602742092 3.82971014
276 1057 1.8084553 0.00602818433 3.82971014
276 1057 1.80842357 0.00602807857 3.82971014
276 1057 1.80843521 0.00602811738 3.82971014
276 1057 1.80841361 0.00602804537 3.82971014
276 1057 1.80839913 0.00602799709 3.82971014
276 1057 1.80839537 0.00602798458 3.82971014
276 1057 1.80839994 0.00602799979 3.82971014
276 1057 1.80840456 0.0060280152 3.82971014
275 1051 1.79774492 0.00599248305 3.82181818
275 1051 1.79764417 0.00599214724 3.82181818
275 1051 1.7976328 0.00599210933 3.82181818
275 1051 1.7976817 0.00599227235 3.82181818
275 1051 1.79770918 0.00599236395 3.82181818
275 1051 1.79770473 0.00599234909 3.82181818
275 1051 1.79769892 0.00599232973 3.82181818
275 1051 1.79769112 0.00599230373 3.82181818
275 1051 1.79768896 0.00599229654 3.82181818
275 1051 1.79768591 0.00599228636 3.82181818
274 1043 1.79112043 0.00597040144 3.80656934
274 1040 1.7852701 0.00595090033 3.79562044
274 1043 1.79104307 0.00597014358 3.80656934
274 1043 1.79116927 0.00597056424 3.80656934
274 1043 1.79125249 0.00597084163 3.80656934
274 1043 1.79125594 0.00597085313 3.80656934
274 1043 1.79125169 0.00597083896 3.80656934
274 1043 1.79125663 0.00597085545 3.80656934
274 1043 1.79124372 0.00597081241 3.80656934
274 1043 1.79124219 0.00597080731 3.80656934
273 1032 1.77933782 0.00593112607 3.78021978
273 1032 1.77927489 0.0059309163 3.78021978
273 1032 1.77928896 0.00593096321 3.78021978
273 1032 1.77920525 0.00593068417 3.78021978
273 1032 1.77938009 0.00593126697 3.78021978
273 1032 1.77917553 0.00593058511 3.78021978
273 1032 1.77923497 0.00593078325 3.78021978
273 1032 1.77945659 0.00593152196 3.78021978
273 1032 1.77941809 0.00593139364 3.78021978
273 1032 1.77923095 0.00593076985 3.78021978
272 1023 1.76774285 0.00589247615 3.76102941
272 1025 1.76677754 0.00588925847 3.76838235
271 1016 1.76593306 0.00588644352 3.74907749
271 1016 1.7658576 0.00588619199 3.74907749
271 1016 1.76599823 0.00588666075 3.74907749
271 1016 1.76601157 0.00588670523 3.74907749
271 1016 1.76598941 0.00588663137 3.74907749
271 1016 1.76597283 0.00588657611 3.74907749
271 1016 1.76597823 0.0058865941 3.74907749
271 1016 1.76598352 0.00588661174 3.74907749
270 1007 1.754367 0.00584788999 3.72962963
270 1007 1.75434894 0.0058478298 3.72962963
270 1007 1.75429039 0.00584763463 3.72962963
270 1007 1.7542186 0.00584739533 3.72962963
270 1007 1.7543069 0.00584768967 3.72962963
270 1007 1.7542656 0.005847552 3.72962963
270 1007 1.75425019 0.00584750062 3.72962963
270 1007 1.75431419 0.00584771398 3.72962963
270 1007 1.75429735 0.00584765782 3.72962963
270 1007 1.75428543 0.00584761811 3.72962963
269 999 1.74437835 0.00581459451 3.71375465
269 999 1.74437426 0.00581458088 3.71375465
269 1000 1.74384679 0.00581282264 3.71747212
269 1000 1.74393944 0.00581313147 3.71747212
269 1001 1.742156 0.00580718667 3.72118959
269 1001 1.74143683 0.00580478944 3.72118959
269 1001 1.74142535 0.00580475117 3.72118959
269 1004 1.75034977 0.00583449924 3.73234201
269 1006 1.75042631 0.00583475438 3.73977695
269 1006 1.75051696 0.00583505655 3.73977695
268 995 1.73904855 0.00579682848 3.71268657
268 995 1.7388252 0.005796084 3.71268657
268 995 1.73895192 0.00579650639 3.71268657
268 995 1.73904732 0.0057968244 3.71268657
268 995 1.7390444 0.00579681466 3.71268657
268 995 1.7390165 0.00579672168 3.71268657
268 995 1.73900684 0.00579668947 3.71268657
268 995 1.73899528 0.00579665095 3.71268657
268 995 1.73898724 0.00579662414 3.71268657
268 995 1.73898722 0.00579662406 3.71268657
267 986 1.72776623 0.00575922078 3.6928839
267 986 1.72765084 0.00575883615 3.6928839
267 986 1.72762714 0.00575875715 3.6928839
267 986 1.72759837 0.00575866124 3.6928839
267 986 1.7276164 0.00575872134 3.6928839
267 986 1.72762986 0.00575876619 3.6928839
267 986 1.72762997 0.00575876657 3.6928839
267 986 1.72763252 0.00575877506 3.6928839
267 986 1.72763681 0.00575878936 3.6928839
267 986 1.72763622 0.0057587874 3.6928839
266 980 1.7166479 0.00572215968 3.68421053
266 980 1.71670716 0.00572235719 3.68421053
266 980 1.7166878 0.00572229267 3.68421053
266 980 1.71672105 0.00572240352 3.68421053
266 980 1.71672266 0.00572240887 3.68421053
266 980 1.716712 0.00572237335 3.68421053
266 980 1.7167071 0.00572235699 3.68421053
266 980 1.71670114 0.00572233713 3.68421053
266 980 1.71669698 0.00572232326 3.68421053
266 980 1.71669372 0.0057223124 3.68421053
265 973 1.70667727 0.00568892423 3.67169811
265 973 1.70672383 0.00568907944 3.67169811
265 973 1.70665171 0.00568883904 3.67169811
265 973 1.70668853 0.00568896177 3.67169811
265 973 1.70672915 0.00568909718 3.67169811
265 973 1.70669793 0.0056889931 3.67169811
265 973 1.70668331 0.00568894438 3.67169811
265 973 1.7066749 0.00568891634 3.67169811
265 973 1.70668952 0.00568896505 3.67169811
265 973 1.70668955 0.00568896516 3.67169811
264 965 1.69669704 0.00565565679 3.65530303
264 965 1.69663738 0.00565545794 3.65530303
264 965 1.69662458 0.00565541526 3.65530303
264 965 1.69660473 0.00565534912 3.65530303
264 965 1.69657119 0.00565523731 3.65530303
264 965 1.69657375 0.00565524582 3.65530303
264 965 1.69656441 0.0056552147 3.65530303
264 965 1.69656643 0.00565522142 3.65530303
264 965 1.69656358 0.00565521193 3.65530303
264 965 1.69656411 0.00565521369 3.65530303
263 958 1.68262064 0.00560873548 3.64258555
263 958 1.68269842 0.00560899474 3.64258555
263 958 1.68273534 0.00560911781 3.64258555
263 958 1.68270057 0.00560900189 3.64258555
263 958 1.68270607 0.00560902024 3.64258555
263 958 1.68270563 0.00560901877 3.64258555
263 958 1.68269847 0.00560899489 3.64258555
263 958 1.68269948 0.00560899827 3.64258555
263 958 1.68269957 0.00560899856 3.64258555
263 958 1.68269992 0.00560899973 3.64258555
262 955 1.67546905 0.00558489684 3.64503817
262 949 1.66252079 0.00554173596 3.6221374
262 949 1.66827111 0.00556090369 3.6221374
262 954 1.67817668 0.00559392228 3.64122137
262 959 1.672568 0.00557522668 3.66030534
262 959 1.67666827 0.00558889424 3.66030534
261 950 1.6697683 0.00556589435 3.63984674
261 948 1.67130586 0.00557101952 3.63218391
261 952 1.66828819 0.00556096063 3.64750958
261 954 1.66915367 0.00556384556 3.65517241
260 943 1.66106019 0.00553686731 3.62692308
260 943 1.66104078 0.0055368026 3.62692308
260 943 1.66102868 0.00553676225 3.62692308
260 943 1.66104573 0.0055368191 3.62692308
260 943 1.66104529 0.00553681763 3.62692308
260 943 1.66104144 0.00553680481 3.62692308
260 943 1.66103615 0.00553678717 3.62692308
260 943 1.66104225 0.0055368075 3.62692308
260 943 1.66104431 0.00553681436 3.62692308
260 943 1.66104274 0.00553680914 3.62692308
259 935 1.65109257 0.00550364189 3.61003861
259 935 1.65129833 0.00550432775 3.61003861
259 935 1.65133632 0.00550445439 3.61003861
259 935 1.6515083 0.00550502767 3.61003861
259 935 1.65148612 0.00550495373 3.61003861
259 935 1.65131164 0.00550437214 3.61003861
259 935 1.65116322 0.00550387741 3.61003861
259 935 1.65105025 0.00550350083 3.61003861
259 935 1.65100461 0.0055033487 3.61003861
259 935 1.65100562 0.00550335207 3.61003861
258 926 1.63623312 0.0054541104 3.58914729
258 926 1.63602392 0.00545341308 3.58914729
258 926 1.63672272 0.00545574241 3.58914729
258 926 1.6363509 0.00545450299 3.58914729
258 926 1.6364326 0.00545477533 3.58914729
258 926 1.63642633 0.00545475445 3.58914729
258 926 1.6364608 0.00545486935 3.58914729
258 926 1.6364536 0.00545484532 3.58914729
258 926 1.63644175 0.00545480584 3.58914729
258 926 1.63644379 0.00545481263 3.58914729
257 920 1.62075053 0.00540250176 3.57976654
257 920 1.62053076 0.00540176919 3.57976654
257 919 1.62213461 0.00540711535 3.57587549
257 919 1.62229652 0.00540765507 3.57587549
257 920 1.6206635 0.00540221166 3.57976654
257 920 1.62051204 0.0054017068 3.57976654
257 919 1.62219945 0.00540733151 3.57587549
257 919 1.62228013 0.00540760043 3.57587549
257 919 1.62222482 0.00540741606 3.57587549
257 919 1.62230955 0.00540769849 3.57587549
256 913 1.60692214 0.00535640714 3.56640625
256 913 1.60672149 0.00535573832 3.56640625
256 913 1.60686109 0.00535620363 3.56640625
256 913 1.60698541 0.00535661802 3.56640625
256 913 1.60697946 0.00535659821 3.56640625
256 913 1.60694746 0.00535649152 3.56640625
256 913 1.60691771 0.00535639237 3.56640625
256 913 1.60689562 0.00535631872 3.56640625
256 913 1.60688052 0.00535626841 3.56640625
256 913 1.6068734 0.00535624467 3.56640625
255 908 1.59141608 0.00530472028 3.56078431
255 905 1.59088923 0.00530296409 3.54901961
255 906 1.59686278 0.00532287594 3.55294118
255 906 1.60062033 0.00533540109 3.55294118
255 907 1.59949963 0.00533166543 3.55686275
255 907 1.5993781 0.00533126033 3.55686275
255 907 1.59937918 0.00533126394 3.55686275
255 907 1.59940357 0.00533134522 3.55686275
255 907 1.59939835 0.00533132784 3.55686275
255 907 1.59939533 0.00533131776 3.55686275
254 900 1.58696063 0.00528986877 3.54330709
254 900 1.5869387 0.00528979566 3.54330709
254 900 1.58694206 0.00528980686 3.54330709
254 900 1.58708925 0.0052902975 3.54330709
254 900 1.58706974 0.00529023246 3.54330709
254 900 1.5870331 0.00529011035 3.54330709
254 900 1.58702236 0.00529007453 3.54330709
254 900 1.58704578 0.0052901526 3.54330709
254 900 1.58705457 0.00529018192 3.54330709
254 900 1.58704498 0.00529014995 3.54330709
253 891 1.57203371 0.00524011238 3.52173913
253 891 1.57245162 0.00524150541 3.52173913
253 892 1.57114494 0.0052371498 3.5256917
253 891 1.57213042 0.00524043475 3.52173913
253 891 1.57221956 0.00524073186 3.52173913
253 891 1.57187738 0.00523959126 3.52173913
253 891 1.57171096 0.00523903654 3.52173913
253 891 1.57183494 0.00523944981 3.52173913
253 891 1.57180129 0.00523933763 3.52173913
253 891 1.57202523 0.0052400841 3.52173913
252 883 1.55673084 0.00518910282 3.50396825
252 883 1.55722581 0.0051907527 3.50396825
252 883 1.55721773 0.00519072576 3.50396825
252 883 1.55719706 0.00519065685 3.50396825
252 883 1.55708888 0.00519029625 3.50396825
252 883 1.55703327 0.00519011091 3.50396825
252 883 1.55696405 0.00518988016 3.50396825
252 883 1.55696005 0.00518986684 3.50396825
252 883 1.55695144 0.00518983812 3.50396825
252 883 1.55695129 0.00518983762 3.50396825
251 879 1.54130951 0.00513769836 3.50199203
251 879 1.54156676 0.00513855586 3.50199203
251 879 1.54119204 0.00513730681 3.50199203
251 879 1.54133192 0.00513777306 3.50199203
251 879 1.54151547 0.00513838491 3.50199203
251 879 1.54139792 0.00513799308 3.50199203
251 879 1.54135061 0.00513783536 3.50199203
251 879 1.54157727 0.0051385909 3.50199203
251 879 1.54136281 0.00513787602 3.50199203
251 879 1.54134568 0.00513781892 3.50199203
250 872 1.52304072 0.00507680239 3.488
249 867 1.51852789 0.00506175962 3.48192771
249 867 1.51851622 0.00506172073 3.48192771
249 867 1.51854054 0.0050618018 3.48192771
249 867 1.51857883 0.00506192942 3.48192771
249 867 1.51857703 0.00506192344 3.48192771
249 867 1.5185729 0.00506190966 3.48192771
249 867 1.51857293 0.00506190977 3.48192771
249 867 1.51857361 0.00506191204 3.48192771
249 867 1.51857277 0.00506190923 3.48192771
248 858 1.50017822 0.00500059406 3.45967742
248 858 1.50006627 0.00500022092 3.45967742
248 858 1.50004909 0.00500016365 3.45967742
248 858 1.50021121 0.00500070403 3.45967742
248 858 1.50006159 0.00500020529 3.45967742
248 858 1.50014584 0.00500048613 3.45967742
248 858 1.50015879 0.0050005293 3.45967742
248 858 1.5003389 0.00500112967 3.45967742
248 858 1.499929 0.00499976335 3.45967742
248 858 1.49985946 0.00499953154 3.45967742
247 852 1.48505676 0.0049501892 3.44939271
247 852 1.48501897 0.00495006323 3.44939271
247 852 1.48509139 0.00495030462 3.44939271
247 852 1.48505432 0.00495018107 3.44939271
247 852 1.48504903 0.00495016342 3.44939271
247 852 1.48507019 0.00495023396 3.44939271
247 852 1.48507656 0.0049502552 3.44939271
247 852 1.48507638 0.00495025459 3.44939271
247 852 1.48507791 0.00495025969 3.44939271
247 852 1.48507846 0.00495026154 3.44939271
246 849 1.47382389 0.00491274629 3.45121951
246 849 1.47400448 0.00491334826 3.45121951
246 848 1.46746545 0.00489155149 3.44715447
246 850 1.47153588 0.0049051196 3.45528455
246 852 1.47051675 0.00490172251 3.46341463
246 845 1.46239319 0.00487464397 3.43495935
246 852 1.47077566 0.00490258554 3.46341463
246 852 1.47059713 0.00490199042 3.46341463
246 852 1.47064946 0.00490216486 3.46341463
246 852 1.47056987 0.00490189955 3.46341463
245 846 1.45584252 0.0048528084 3.45306122
245 846 1.45617327 0.00485391091 3.45306122
245 846 1.45607918 0.00485359725 3.45306122
245 846 1.45619359 0.00485397863 3.45306122
245 846 1.45610817 0.00485369391 3.45306122
245 843 1.4514999 0.004838333 3.44081633
245 846 1.45596975 0.00485323249 3.45306122
245 846 1.45618617 0.00485395391 3.45306122
245 846 1.45616109 0.0048538703 3.45306122
245 846 1.45611825 0.00485372751 3.45306122
244 837 1.43737179 0.00479123928 3.43032787
244 837 1.43724554 0.00479081848 3.43032787
244 837 1.43721981 0.0047907327 3.43032787
244 837 1.43709416 0.00479031385 3.43032787
244 837 1.43713355 0.00479044518 3.43032787
244 837 1.43716653 0.00479055511 3.43032787
244 837 1.43701902 0.0047900634 3.43032787
244 837 1.43712183 0.00479040609 3.43032787
244 837 1.4371726 0.00479057533 3.43032787
244 837 1.43701805 0.00479006018 3.43032787
243 834 1.42667705 0.00475559015 3.43209877
243 834 1.42712269 0.00475707564 3.43209877
243 834 1.42725406 0.00475751354 3.43209877
243 834 1.42724703 0.00475749012 3.43209877
243 834 1.42715984 0.00475719946 3.43209877
243 834 1.42714984 0.00475716612 3.43209877
243 834 1.42716281 0.00475720936 3.43209877
243 834 1.42716906 0.00475723019 3.43209877
243 834 1.42716879 0.00475722929 3.43209877
243 834 1.42716685 0.00475722283 3.43209877
242 825 1.40864495 0.00469548318 3.40909091
242 826 1.41006464 0.00470021548 3.41322314
242 826 1.40103516 0.00467011721 3.41322314
242 821 1.40398259 0.00467994198 3.39256198
242 827 1.4123015 0.00470767165 3.41735537
242 827 1.4118443 0.00470614768 3.41735537
242 824 1.40591666 0.00468638886 3.40495868
242 827 1.41073674 0.00470245579 3.41735537
242 822 1.40909007 0.00469696688 3.39669421
242 820 1.40572597 0.00468575325 3.38842975
241 811 1.38748485 0.00462494949 3.36514523
241 811 1.38725468 0.00462418227 3.36514523
241 811 1.38809845 0.00462699482 3.36514523
241 811 1.3876121 0.00462537365 3.36514523
241 811 1.38793408 0.00462644693 3.36514523
241 811 1.38767323 0.00462557744 3.36514523
241 811 1.38811663 0.00462705545 3.36514523
241 811 1.3881109 0.00462703634 3.36514523
241 811 1.38783013 0.00462610044 3.36514523
241 811 1.38791559 0.00462638531 3.36514523
240 802 1.3701363 0.00456712099 3.34166667
240 802 1.36997921 0.00456659736 3.34166667
240 802 1.36984547 0.00456615157 3.34166667
240 808 1.37052297 0.00456840992 3.36666667
240 802 1.36981538 0.00456605128 3.34166667
240 802 1.37025083 0.00456750278 3.34166667
240 802 1.36997983 0.00456659943 3.34166667
240 802 1.37044023 0.00456813409 3.34166667
240 802 1.36997679 0.00456658931 3.34166667
240 802 1.37006035 0.00456686783 3.34166667
239 793 1.35278566 0.00450928553 3.31799163
239 793 1.35230695 0.00450768984 3.31799163
239 798 1.35332588 0.00451108628 3.33891213
239 798 1.35324546 0.00451081821 3.33891213
239 798 1.35366388 0.00451221294 3.33891213
239 798 1.35304991 0.00451016638 3.33891213
239 798 1.35302238 0.0045100746 3.33891213
239 798 1.35301767 0.0045100589 3.33891213
239 798 1.3528587 0.004509529 3.33891213
239 798 1.35293994 0.00450979981 3.33891213
238 795 1.33627293 0.00445424308 3.34033613
238 790 1.33632983 0.00445443278 3.31932773
238 787 1.32534921 0.0044178307 3.30672269
238 787 1.33309481 0.00444364938 3.30672269
238 793 1.33487108 0.00444957026 3.33193277
238 798 1.3355414 0.00445180467 3.35294118
238 795 1.33668842 0.00445562805 3.34033613
238 798 1.33334435 0.00444448117 3.35294118
238 793 1.33526978 0.00445089926 3.33193277
238 788 1.331104 0.00443701334 3.31092437
237 784 1.31875024 0.00439583414 3.30801688
237 784 1.31863366 0.00439544552 3.30801688
237 784 1.3186048 0.00439534932 3.30801688
237 784 1.31867777 0.00439559257 3.30801688
237 784 1.31874342 0.00439581139 3.30801688
237 784 1.31873217 0.0043957739 3.30801688
237 784 1.31868065 0.00439560216 3.30801688
237 789 1.31222971 0.00437409904 3.32911392
237 784 1.31869765 0.00439565882 3.30801688
237 784 1.31877866 0.00439592887 3.30801688
236 779 1.30891529 0.00436305095 3.30084746
236 780 1.3032494 0.00434416468 3.30508475
236 780 1.30321264 0.00434404212 3.30508475
236 780 1.30323517 0.00434411724 3.30508475
236 780 1.30314148 0.00434380493 3.30508475
236 780 1.30320701 0.00434402336 3.30508475
236 780 1.30325476 0.00434418253 3.30508475
236 780 1.30320396 0.00434401319 3.30508475
236 780 1.30314329 0.00434381096 3.30508475
236 780 1.30319707 0.00434399024 3.30508475
235 775 1.29327517 0.00431091722 3.29787234
235 775 1.29343512 0.00431145039 3.29787234
235 775 1.28624421 0.00428748069 3.29787234
235 775 1.29315777 0.00431052589 3.29787234
235 775 1.29338609 0.00431128696 3.29787234
235 775 1.29329621 0.00431098737 3.29787234
235 775 1.2933661 0.00431122032 3.29787234
235 775 1.29338965 0.00431129884 3.29787234
235 775 1.29338812 0.00431129373 3.29787234
235 775 1.29338705 0.00431129016 3.29787234
234 770 1.27665357 0.00425551189 3.29059829
234 770 1.27653069 0.00425510231 3.29059829
234 770 1.27628267 0.00425427557 3.29059829
234 770 1.27684424 0.00425614747 3.29059829
234 770 1.27660307 0.00425534355 3.29059829
234 770 1.27637702 0.00425459007 3.29059829
234 770 1.27693463 0.00425644878 3.29059829
234 770 1.27653831 0.0042551277 3.29059829
234 770 1.27643681 0.00425478938 3.29059829
234 770 1.27709579 0.00425698597 3.29059829
233 764 1.25917149 0.00419723831 3.27896996
233 762 1.25855545 0.00419518484 3.27038627
233 763 1.258673 0.00419557668 3.27467811
233 762 1.25155353 0.00417184508 3.27038627
233 766 1.2576789 0.00419226301 3.28755365
233 761 1.25737589 0.00419125297 3.26609442
233 763 1.25577786 0.0041859262 3.27467811
233 764 1.25906705 0.00419689016 3.27896996
233 764 1.25940462 0.0041980154 3.27896996
233 762 1.25173583 0.00417245275 3.27038627
232 757 1.24307498 0.00414358327 3.26293103
232 757 1.24285153 0.00414283843 3.26293103
232 757 1.24327859 0.00414426196 3.26293103
232 757 1.24319447 0.00414398157 3.26293103
232 757 1.24315375 0.00414384582 3.26293103
232 757 1.24317709 0.00414392362 3.26293103
232 757 1.24317845 0.00414392815 3.26293103
232 757 1.24316798 0.00414389328 3.26293103
232 757 1.24316955 0.00414389849 3.26293103
232 757 1.24317637 0.00414392122 3.26293103
231 751 1.22981498 0.00409938328 3.25108225
231 750 1.22314863 0.00407716211 3.24675325
231 752 1.23705867 0.00412352889 3.25541126
231 750 1.23201071 0.00410670238 3.24675325
231 754 1.23453533 0.00411511776 3.26406926
231 750 1.23185077 0.00410616922 3.24675325
231 749 1.23492864 0.0041164288 3.24242424
231 748 1.23328095 0.00411093651 3.23809524
231 750 1.23186677 0.00410622256 3.24675325
231 750 1.23183896 0.00410612986 3.24675325
230 745 1.22368466 0.00407894885 3.23913043
230 744 1.2206261 0.00406875366 3.23478261
230 746 1.2230562 0.00407685402 3.24347826
230 745 1.22367209 0.00407890698 3.23913043
230 745 1.22631952 0.00408773173 3.23913043
230 748 1.21992527 0.00406641755 3.25217391
230 743 1.21694542 0.00405648472 3.23043478
230 745 1.22360923 0.00407869745 3.23913043
230 745 1.22371607 0.00407905355 3.23913043
230 745 1.22369789 0.00407899295 3.23913043
229 739 1.21292501 0.00404308336 3.22707424
229 739 1.21216354 0.00404054512 3.22707424
229 740 1.20854026 0.00402846754 3.23144105
229 737 1.20746828 0.00402489426 3.21834061
229 740 1.20057822 0.0040019274 3.23144105
229 742 1.20446786 0.00401489288 3.24017467
229 743 1.2123101 0.00404103365 3.24454148
229 739 1.20584679 0.00401948931 3.22707424
229 742 1.20431919 0.0040143973 3.24017467
229 739 1.21167574 0.00403891914 3.22707424
228 734 1.19919554 0.00399731846 3.21929825
228 734 1.19919393 0.00399731308 3.21929825
228 734 1.19912491 0.00399708302 3.21929825
228 734 1.19908142 0.00399693806 3.21929825
228 734 1.19929254 0.00399764178 3.21929825
228 734 1.19917767 0.00399725889 3.21929825
228 734 1.19906717 0.00399689056 3.21929825
228 734 1.19934423 0.00399781411 3.21929825
228 734 1.19920098 0.00399733659 3.21929825
228 734 1.19907118 0.00399690394 3.21929825
227 729 1.18870451 0.00396234838 3.21145374
227 729 1.18858132 0.00396193772 3.21145374
227 729 1.18859435 0.00396198117 3.21145374
227 729 1.18837494 0.00396124981 3.21145374
227 729 1.18869502 0.00396231673 3.21145374
227 729 1.18872502 0.00396241672 3.21145374
227 729 1.18876227 0.00396254091 3.21145374
227 729 1.18851543 0.00396171812 3.21145374
227 729 1.18844207 0.00396147358 3.21145374
227 729 1.18860917 0.00396203056 3.21145374
226 723 1.17248757 0.00390829189 3.19911504
226 723 1.17268544 0.00390895145 3.19911504
226 723 1.17298238 0.00390994127 3.19911504
226 723 1.17278351 0.00390927837 3.19911504
226 723 1.17296981 0.00390989938 3.19911504
226 723 1.17282301 0.00390941005 3.19911504
226 723 1.17310701 0.00391035669 3.19911504
226 723 1.17276819 0.00390922732 3.19911504
226 723 1.17297225 0.0039099075 3.19911504
226 723 1.17282414 0.00390941382 3.19911504
225 721 1.1580527 0.00386017565 3.20444444
225 719 1.15415859 0.0038471953 3.19555556
225 721 1.15809514 0.00386031714 3.20444444
225 721 1.1584987 0.00386166233 3.20444444
225 721 1.15792523 0.00385975076 3.20444444
225 721 1.15813972 0.00386046575 3.20444444
225 721 1.15819993 0.00386066644 3.20444444
225 721 1.15779006 0.0038593002 3.20444444
225 721 1.15807285 0.00386024284 3.20444444
225 721 1.15834053 0.00386113509 3.20444444
224 717 1.14059198 0.00380197326 3.20089286
224 715 1.13651595 0.0037883865 3.19196429
224 715 1.14110524 0.00380368414 3.19196429
224 714 1.14754608 0.00382515361 3.1875
224 714 1.14497904 0.00381659681 3.1875
224 712 1.14334506 0.00381115022 3.17857143
223 708 1.1307723 0.003769241 3.17488789
223 708 1.13068159 0.00376893863 3.17488789
223 708 1.1306422 0.00376880734 3.17488789
223 708 1.13070519 0.00376901729 3.17488789
222 703 1.12138592 0.00373795306 3.16666667
222 703 1.12137196 0.00373790655 3.16666667
222 706 1.11800841 0.00372669469 3.18018018
222 709 1.11188337 0.0037062779 3.19369369
221 701 1.10932992 0.0036977664 3.1719457
221 699 1.09514828 0.00365049425 3.16289593
221 700 1.10010167 0.00366700558 3.16742081
221 699 1.09713666 0.00365712221 3.16289593
221 697 1.10632847 0.00368776156 3.15384615
221 697 1.0980296 0.00366009867 3.15384615
220 695 1.09517338 0.00365057794 3.15909091
220 697 1.09428471 0.00364761569 3.16818182
220 696 1.08492682 0.00361642274 3.16363636
220 694 1.09375452 0.00364584841 3.15454545
220 692 1.09011445 0.00363371484 3.14545455
220 698 1.08432068 0.00361440227 3.17272727
220 695 1.08721194 0.00362403981 3.15909091
220 697 1.09212508 0.00364041694 3.16818182
220 697 1.09001846 0.00363339488 3.16818182
220 699 1.09193825 0.00363979418 3.17727273
219 690 1.08212213 0.00360707376 3.15068493
219 691 1.08025878 0.0036008626 3.15525114
219 691 1.07995637 0.00359985458 3.15525114
219 692 1.08700956 0.00362336521 3.15981735
219 692 1.07932956 0.00359776522 3.15981735
219 688 1.06707708 0.00355692361 3.14155251
219 687 1.0608287 0.00353609567 3.1369863
219 686 1.05946769 0.00353155896 3.13242009
219 687 1.05822782 0.00352742608 3.1369863
219 688 1.06700905 0.00355669682 3.14155251
218 681 1.05506844 0.0035168948 3.12385321
218 683 1.06255886 0.00354186288 3.13302752
218 681 1.05503999 0.00351679998 3.12385321
218 681 1.05500553 0.00351668511 3.12385321
218 681 1.05502047 0.00351673491 3.12385321
218 681 1.05513629 0.00351712097 3.12385321
218 681 1.05506929 0.00351689764 3.12385321
218 681 1.05492219 0.00351640729 3.12385321
218 681 1.05515657 0.00351718856 3.12385321
218 681 1.05508135 0.00351693783 3.12385321
217 675 1.04249649 0.00347498829 3.11059908
216 670 1.03216923 0.0034405641 3.10185185
215 666 1.02870648 0.00342902159 3.09767442
214 662 1.02044067 0.00340146889 3.09345794
214 663 1.0192126 0.00339737534 3.09813084
214 663 1.02288768 0.0034096256 3.09813084
214 663 1.02266445 0.00340888151 3.09813084
214 663 1.02293428 0.00340978094 3.09813084
214 661 1.01944204 0.00339814012 3.08878505
214 663 1.0195656 0.00339855199 3.09813084
213 656 1.01172501 0.00337241671 3.07981221
213 656 1.01166979 0.00337223263 3.07981221
213 656 1.01172536 0.00337241785 3.07981221
213 656 1.01171683 0.00337238942 3.07981221
213 656 1.01172048 0.00337240159 3.07981221
213 656 1.0117198 0.00337239932 3.07981221
213 656 1.01170591 0.00337235305 3.07981221
213 656 1.01169622 0.00337232073 3.07981221
213 656 1.01169054 0.00337230181 3.07981221
213 656 1.01168624 0.00337228747 3.07981221
212 651 1.00785289 0.00335950963 3.07075472
212 651 1.00796977 0.00335989924 3.07075472
212 651 1.00822576 0.00336075253 3.07075472
212 651 1.00822034 0.00336073446 3.07075472
212 651 1.00805153 0.00336017176 3.07075472
212 651 1.00802137 0.00336007123 3.07075472
212 651 1.00795687 0.00335985622 3.07075472
212 651 1.00784713 0.00335949044 3.07075472
212 651 1.0078408 0.00335946932 3.07075472
212 651 1.00783517 0.00335945056 3.07075472
211 645 0.997206753 0.00332402251 3.05687204
211 645 0.996755824 0.00332251941 3.05687204
211 645 0.996938617 0.00332312872 3.05687204
211 645 0.996850026 0.00332283342 3.05687204
211 645 0.996938029 0.00332312676 3.05687204
211 645 0.996989995 0.00332329998 3.05687204
211 645 0.996959617 0.00332319872 3.05687204
211 645 0.996938112 0.00332312704 3.05687204
211 645 0.996919007 0.00332306336 3.05687204
211 645 0.996909895 0.00332303298 3.05687204
210 638 0.984075825 0.00328025275 3.03809524
210 638 0.984293077 0.00328097692 3.03809524
210 638 0.98416597 0.00328055323 3.03809524
210 638 0.984215717 0.00328071906 3.03809524
210 638 0.984277272 0.00328092424 3.03809524
210 638 0.984256334 0.00328085445 3.03809524
210 638 0.984245413 0.00328081804 3.03809524
210 638 0.984479806 0.00328159935 3.03809524
210 638 0.984037442 0.00328012481 3.03809524
210 638 0.984462394 0.00328154131 3.03809524
209 633 0.969476936 0.00323158979 3.02870813
209 631 0.966515481 0.00322171827 3.01913876
209 633 0.969542762 0.00323180921 3.02870813
209 632 0.966885404 0.00322295135 3.02392344
209 631 0.962069259 0.00320689753 3.01913876
209 632 0.959486926 0.00319828975 3.02392344
209 632 0.951464293 0.00317154764 3.02392344
209 631 0.959164714 0.00319721571 3.01913876
209 636 0.953653276 0.00317884425 3.0430622
209 631 0.953642049 0.00317880683 3.01913876
208 627 0.950618774 0.00316872925 3.01442308
208 627 0.950536093 0.00316845364 3.01442308
208 627 0.950506951 0.0031683565 3.01442308
208 627 0.950502905 0.00316834302 3.01442308
208 627 0.950498039 0.0031683268 3.01442308
208 627 0.950514187 0.00316838062 3.01442308
208 627 0.950501287 0.00316833762 3.01442308
208 627 0.950507249 0.0031683575 3.01442308
208 627 0.950504923 0.00316834974 3.01442308
208 627 0.950496337 0.00316832112 3.01442308
207 622 0.947573473 0.00315857824 3.00483092
207 622 0.947667559 0.00315889186 3.00483092
207 622 0.947618406 0.00315872802 3.00483092
207 622 0.94770944 0.00315903147 3.00483092
207 622 0.947749201 0.003159164 3.00483092
207 622 0.947775338 0.00315925113 3.00483092
207 622 0.947771441 0.00315923814 3.00483092
207 622 0.94776998 0.00315923327 3.00483092
207 622 0.947758801 0.003159196 3.00483092
207 622 0.947756785 0.00315918928 3.00483092
206 616 0.935884147 0.00311961382 2.99029126
206 615 0.931628542 0.00310542847 2.98543689
206 614 0.927767976 0.00309255992 2.98058252
206 614 0.927840825 0.00309280275 2.98058252
206 614 0.927804465 0.00309268155 2.98058252
206 614 0.927802111 0.0030926737 2.98058252
206 614 0.927800044 0.00309266681 2.98058252
206 614 0.927787999 0.00309262666 2.98058252
206 614 0.927786613 0.00309262204 2.98058252
206 614 0.927822014 0.00309274005 2.98058252
205 609 0.924929256 0.00308309752 2.97073171
205 609 0.924974448 0.00308324816 2.97073171
205 609 0.924796004 0.00308265335 2.97073171
205 609 0.925159032 0.00308386344 2.97073171
205 609 0.924932892 0.00308310964 2.97073171
205 609 0.925073339 0.0030835778 2.97073171
205 609 0.924932528 0.00308310843 2.97073171
205 609 0.925145861 0.00308381954 2.97073171
205 609 0.925007923 0.00308335974 2.97073171
205 609 0.925153111 0.0030838437 2.97073171
204 600 0.91284644 0.00304282147 2.94117647
204 607 0.913555107 0.00304518369 2.9754902
204 603 0.909004448 0.00303001483 2.95588235
204 605 0.916921783 0.00305640594 2.96568627
204 605 0.91046105 0.00303487017 2.96568627
204 602 0.909205184 0.00303068395 2.95098039
203 598 0.90679004 0.00302263347 2.94581281
203 598 0.906847828 0.00302282609 2.94581281
203 598 0.90676204 0.00302254013 2.94581281
203 598 0.906828848 0.00302276283 2.94581281
202 592 0.894741773 0.00298247258 2.93069307
201 588 0.893106632 0.00297702211 2.92537313
201 586 0.894669434 0.00298223145 2.91542289
201 588 0.894010903 0.00298003634 2.92537313
200 582 0.893091306 0.00297697102 2.91
200 582 0.888466976 0.00296155659 2.91
200 581 0.884433198 0.00294811066 2.905
200 581 0.884389255 0.00294796418 2.905
200 581 0.884370268 0.00294790089 2.905
200 581 0.884394256 0.00294798085 2.905
199 576 0.882179009 0.0029405967 2.89447236
199 576 0.882159403 0.00294053134 2.89447236
199 576 0.882128339 0.0029404278 2.89447236
199 576 0.882204829 0.00294068276 2.89447236
199 576 0.882112469 0.0029403749 2.89447236
199 576 0.882111337 0.00294037112 2.89447236
199 576 0.882143574 0.00294047858 2.89447236
199 576 0.882141085 0.00294047028 2.89447236
199 576 0.882125678 0.00294041893 2.89447236
199 576 0.882157487 0.00294052496 2.89447236
198 573 0.882144763 0.00294048254 2.89393939
198 573 0.882237161 0.00294079054 2.89393939
198 572 0.869483748 0.00289827916 2.88888889
197 569 0.86931997 0.00289773323 2.88832487
197 569 0.871572003 0.00290524001 2.88832487
197 568 0.873744465 0.00291248155 2.88324873
197 569 0.871605715 0.00290535238 2.88832487
197 569 0.871603681 0.0029053456 2.88832487
197 569 0.871618275 0.00290539425 2.88832487
197 569 0.871561347 0.00290520449 2.88832487
196 564 0.869345381 0.00289781794 2.87755102
196 564 0.869371524 0.00289790508 2.87755102
196 564 0.869332711 0.0028977757 2.87755102
196 564 0.869350103 0.00289783368 2.87755102
196 564 0.869338915 0.00289779638 2.87755102
196 564 0.869334307 0.00289778102 2.87755102
196 564 0.869357551 0.0028978585 2.87755102
196 564 0.869336293 0.00289778764 2.87755102
196 564 0.869359286 0.00289786429 2.87755102
196 564 0.869345512 0.00289781837 2.87755102
195 561 0.86935529 0.00289785097 2.87692308
195 561 0.869346613 0.00289782204 2.87692308
195 561 0.869273582 0.00289757861 2.87692308
195 561 0.869433096 0.00289811032 2.87692308
195 561 0.869351059 0.00289783686 2.87692308
195 561 0.869271188 0.00289757063 2.87692308
195 561 0.869472807 0.00289824269 2.87692308
195 561 0.869308454 0.00289769485 2.87692308
195 561 0.869299144 0.00289766381 2.87692308
195 561 0.869447593 0.00289815864 2.87692308
194 558 0.868230703 0.00289410234 2.87628866
194 557 0.854237486 0.00284745829 2.87113402
193 551 0.844689667 0.00281563222 2.85492228
193 549 0.841552359 0.00280517453 2.84455959
193 550 0.833809883 0.00277936628 2.84974093
193 543 0.828817737 0.00276272579 2.8134715
193 548 0.835686601 0.002785622 2.83937824
193 547 0.837493862 0.00279164621 2.83419689
193 548 0.834883152 0.00278294384 2.83937824
193 546 0.829908251 0.00276636084 2.82901554
192 541 0.828825971 0.00276275324 2.81770833
192 541 0.828688725 0.00276229575 2.81770833
192 541 0.828780319 0.00276260106 2.81770833
192 541 0.828773727 0.00276257909 2.81770833
192 541 0.828741429 0.00276247143 2.81770833
192 541 0.828754682 0.00276251561 2.81770833
192 541 0.828740741 0.00276246914 2.81770833
192 541 0.82876163 0.00276253877 2.81770833
192 541 0.828723485 0.00276241162 2.81770833
192 541 0.828691905 0.00276230635 2.81770833
191 536 0.826632693 0.00275544231 2.80628272
191 536 0.826542859 0.00275514286 2.80628272
191 536 0.826613417 0.00275537806 2.80628272
191 536 0.82665863 0.00275552877 2.80628272
191 536 0.826475951 0.00275491984 2.80628272
191 536 0.826777965 0.00275592655 2.80628272
191 536 0.826570405 0.00275523468 2.80628272
191 536 0.826520326 0.00275506775 2.80628272
191 536 0.826723229 0.0027557441 2.80628272
191 536 0.826742929 0.00275580976 2.80628272
190 528 0.814123205 0.00271374402 2.77894737
190 533 0.808951826 0.00269650609 2.80526316
190 530 0.806605432 0.00268868477 2.78947368
190 529 0.799968445 0.00266656148 2.78421053
190 532 0.799917025 0.00266639008 2.8
190 536 0.803725415 0.00267908472 2.82105263
189 528 0.798485808 0.00266161936 2.79365079
188 522 0.799136187 0.00266378729 2.77659574
188 522 0.798888573 0.00266296191 2.77659574
188 522 0.798397151 0.00266132384 2.77659574
187 517 0.797100283 0.00265700094 2.76470588
187 517 0.796793512 0.00265597837 2.76470588
187 517 0.796722954 0.00265574318 2.76470588
187 517 0.797156674 0.00265718891 2.76470588
187 517 0.796487728 0.00265495909 2.76470588
187 517 0.797177066 0.00265725689 2.76470588
187 517 0.796689492 0.00265563164 2.76470588
187 517 0.796816066 0.00265605355 2.76470588
187 517 0.797097377 0.00265699126 2.76470588
187 517 0.796489839 0.00265496613 2.76470588
186 514 0.796842337 0.00265614112 2.76344086
186 514 0.796657324 0.00265552441 2.76344086
186 514 0.797210765 0.00265736922 2.76344086
186 514 0.79699995 0.0026566665 2.76344086
186 514 0.796374997 0.00265458332 2.76344086
186 514 0.79740048 0.0026580016 2.76344086
186 514 0.797229865 0.00265743288 2.76344086
186 514 0.796750031 0.00265583344 2.76344086
186 514 0.796789996 0.00265596665 2.76344086
186 514 0.797572847 0.00265857616 2.76344086
185 511 0.797150786 0.00265716929 2.76216216
185 511 0.797715364 0.00265905121 2.76216216
185 511 0.796948366 0.00265649455 2.76216216
SP does not find any fixed points -> SP does not converge.
I am sorry I quit :(
