START ALGORITHM:
I am going to build an instance with N: 300 variables and 1245 clauses with a clause density equal to 4.15
START BSP WITH r=0.9:
Decimation scorer: pol
END UNIT PROPAGATION
300 1245 1.13586159 0.0037862053 4.15
300 1245 1.13496997 0.00378323322 4.15
300 1245 1.13479294 0.00378264314 4.15
300 1245 1.13516416 0.00378388053 4.15
300 1245 1.13535303 0.00378451011 4.15
300 1245 1.13542456 0.00378474854 4.15
300 1245 1.13532965 0.00378443216 4.15
300 1245 1.13534588 0.00378448627 4.15
300 1245 1.13539455 0.00378464849 4.15
299 1239 1.12164265 0.00373880883 4.14381271
299 1239 1.12137938 0.00373793127 4.14381271
299 1239 1.12154405 0.00373848015 4.14381271
299 1239 1.12166452 0.00373888174 4.14381271
299 1239 1.12170694 0.00373902314 4.14381271
299 1239 1.12154595 0.00373848652 4.14381271
299 1239 1.12180003 0.00373933343 4.14381271
299 1239 1.12177253 0.00373924175 4.14381271
299 1239 1.12158181 0.00373860604 4.14381271
299 1239 1.12182888 0.0037394296 4.14381271
298 1231 1.10302086 0.00367673619 4.13087248
298 1231 1.10343828 0.00367812759 4.13087248
298 1231 1.10246799 0.00367489329 4.13087248
298 1231 1.10310318 0.0036770106 4.13087248
298 1231 1.10339699 0.00367798997 4.13087248
298 1231 1.10317529 0.00367725097 4.13087248
298 1231 1.10329736 0.00367765787 4.13087248
298 1231 1.10305897 0.00367686324 4.13087248
298 1231 1.10251222 0.00367504072 4.13087248
298 1231 1.10295423 0.00367651411 4.13087248
297 1221 1.0758686 0.00358622866 4.11111111
297 1220 1.06617207 0.00355390691 4.10774411
297 1218 1.0638771 0.00354625701 4.1010101
297 1218 1.06354801 0.00354516004 4.1010101
297 1218 1.06361091 0.0035453697 4.1010101
297 1218 1.06376324 0.00354587747 4.1010101
297 1218 1.0638526 0.00354617532 4.1010101
297 1218 1.06363043 0.00354543478 4.1010101
297 1218 1.06388678 0.00354628927 4.1010101
297 1218 1.06394748 0.00354649159 4.1010101
296 1210 1.04579134 0.00348597113 4.08783784
296 1210 1.04527678 0.00348425594 4.08783784
296 1210 1.04556241 0.00348520803 4.08783784
296 1210 1.04637644 0.00348792146 4.08783784
296 1210 1.04640592 0.00348801974 4.08783784
296 1210 1.04567878 0.00348559593 4.08783784
296 1210 1.04592707 0.00348642355 4.08783784
296 1210 1.04570398 0.00348567994 4.08783784
296 1210 1.04589644 0.00348632148 4.08783784
296 1210 1.04573032 0.00348576774 4.08783784
295 1201 1.00207045 0.00334023484 4.07118644
295 1202 1.01927456 0.00339758187 4.07457627
295 1202 1.01977362 0.00339924539 4.07457627
295 1202 1.01930112 0.00339767039 4.07457627
295 1202 1.01851186 0.00339503955 4.07457627
295 1202 1.02003349 0.00340011163 4.07457627
295 1201 1.00239867 0.00334132888 4.07118644
295 1201 1.0033819 0.00334460635 4.07118644
295 1201 1.0029366 0.00334312199 4.07118644
295 1201 1.00307577 0.00334358589 4.07118644
294 1193 0.978347486 0.00326115829 4.05782313
294 1192 0.973388296 0.00324462765 4.05442177
294 1192 0.973141425 0.00324380475 4.05442177
294 1192 0.973745456 0.00324581819 4.05442177
294 1193 0.978598893 0.00326199631 4.05782313
294 1193 0.978837826 0.00326279275 4.05782313
294 1193 0.978807035 0.00326269012 4.05782313
294 1192 0.972993542 0.00324331181 4.05442177
294 1192 0.973195658 0.00324398553 4.05442177
294 1192 0.973460888 0.00324486963 4.05442177
293 1184 0.949603104 0.00316534368 4.04095563
293 1184 0.949515302 0.00316505101 4.04095563
293 1184 0.9493837 0.00316461233 4.04095563
293 1180 0.948424811 0.00316141604 4.02730375
293 1184 0.949033056 0.00316344352 4.04095563
293 1184 0.948852901 0.003162843 4.04095563
293 1184 0.949619499 0.00316539833 4.04095563
293 1184 0.949618172 0.00316539391 4.04095563
293 1184 0.949220112 0.00316406704 4.04095563
293 1184 0.949435006 0.00316478335 4.04095563
292 1172 0.925848104 0.00308616035 4.01369863
292 1172 0.925868858 0.00308622953 4.01369863
292 1172 0.925896696 0.00308632232 4.01369863
292 1172 0.925860551 0.00308620184 4.01369863
292 1172 0.925940733 0.00308646911 4.01369863
292 1172 0.925981819 0.00308660606 4.01369863
292 1172 0.925975284 0.00308658428 4.01369863
292 1172 0.925942339 0.00308647446 4.01369863
292 1172 0.925930642 0.00308643547 4.01369863
292 1172 0.92595174 0.0030865058 4.01369863
291 1163 0.921622804 0.00307207601 3.99656357
291 1163 0.921731901 0.00307243967 3.99656357
291 1163 0.920814523 0.00306938174 3.99656357
291 1163 0.920944683 0.00306981561 3.99656357
291 1163 0.921031874 0.00307010625 3.99656357
291 1163 0.921210561 0.00307070187 3.99656357
291 1163 0.921312954 0.00307104318 3.99656357
291 1163 0.921275653 0.00307091884 3.99656357
291 1163 0.92144697 0.0030714899 3.99656357
291 1163 0.921230744 0.00307076915 3.99656357
290 1150 0.878480135 0.00292826712 3.96551724
290 1150 0.879627182 0.00293209061 3.96551724
290 1154 0.89603997 0.0029867999 3.97931034
290 1153 0.878014271 0.00292671424 3.97586207
290 1154 0.896156005 0.00298718668 3.97931034
290 1150 0.885601299 0.00295200433 3.96551724
290 1147 0.881157038 0.00293719013 3.95517241
290 1149 0.883546088 0.00294515363 3.96206897
290 1152 0.884631124 0.00294877041 3.97241379
290 1152 0.868065594 0.00289355198 3.97241379
289 1143 0.854516554 0.00284838851 3.9550173
289 1152 0.869914016 0.00289971339 3.98615917
289 1149 0.853956672 0.00284652224 3.97577855
289 1147 0.864189316 0.00288063105 3.96885813
289 1145 0.860026108 0.00286675369 3.96193772
289 1141 0.867046234 0.00289015411 3.94809689
289 1146 0.877719032 0.00292573011 3.96539792
289 1150 0.883442682 0.00294480894 3.97923875
289 1147 0.873577442 0.00291192481 3.96885813
289 1148 0.889427185 0.00296475728 3.97231834
288 1139 0.870734325 0.00290244775 3.95486111
288 1140 0.8629538 0.00287651267 3.95833333
288 1139 0.99521741 0.00331739137 3.95486111
288 1144 0.989121071 0.00329707024 3.97222222
288 1145 0.986618231 0.00328872744 3.97569444
288 1141 0.994766782 0.00331588927 3.96180556
288 1137 0.995549642 0.00331849881 3.94791667
288 1141 0.995620689 0.00331873563 3.96180556
288 1143 0.991436933 0.00330478978 3.96875
288 1144 0.991176117 0.00330392039 3.97222222
287 1134 0.990908616 0.00330302872 3.95121951
287 1130 0.990960561 0.00330320187 3.93728223
287 1130 0.989311986 0.00329770662 3.93728223
286 1121 0.988453954 0.00329484651 3.91958042
286 1116 0.990908989 0.00330302996 3.9020979
286 1118 1.04535686 0.00348452288 3.90909091
286 1116 1.04568486 0.0034856162 3.9020979
286 1118 1.04583543 0.00348611809 3.90909091
286 1118 1.04568608 0.00348562027 3.90909091
286 1114 1.0435885 0.00347862834 3.8951049
285 1107 1.04287836 0.00347626121 3.88421053
285 1107 1.04262683 0.00347542278 3.88421053
285 1107 1.04267299 0.00347557663 3.88421053
285 1107 1.04261369 0.00347537898 3.88421053
285 1107 1.04267564 0.00347558547 3.88421053
285 1107 1.04269048 0.00347563495 3.88421053
285 1107 1.04277399 0.00347591331 3.88421053
285 1107 1.04277072 0.0034759024 3.88421053
285 1107 1.0427562 0.00347585399 3.88421053
285 1107 1.04274067 0.00347580222 3.88421053
284 1099 1.03931354 0.00346437847 3.86971831
284 1099 1.03933631 0.00346445436 3.86971831
284 1100 1.03634289 0.00345447631 3.87323944
284 1099 1.03928669 0.00346428897 3.86971831
284 1099 1.03918364 0.00346394547 3.86971831
284 1099 1.03921862 0.00346406207 3.86971831
284 1099 1.03924656 0.0034641552 3.86971831
284 1099 1.03936017 0.00346453392 3.86971831
284 1099 1.03946164 0.00346487212 3.86971831
284 1099 1.03947518 0.00346491728 3.86971831
283 1092 1.03310034 0.00344366781 3.85865724
283 1092 1.03321123 0.00344403742 3.85865724
283 1092 1.03332523 0.00344441744 3.85865724
283 1092 1.03334106 0.0034444702 3.85865724
283 1092 1.03322336 0.00344407786 3.85865724
283 1092 1.03310158 0.00344367192 3.85865724
283 1092 1.0331427 0.00344380901 3.85865724
283 1092 1.03324 0.00344413333 3.85865724
283 1092 1.03306367 0.00344354558 3.85865724
283 1092 1.03338401 0.00344461335 3.85865724
282 1086 1.02690525 0.00342301751 3.85106383
282 1086 1.02679347 0.00342264488 3.85106383
282 1086 1.02679653 0.00342265509 3.85106383
282 1086 1.02660509 0.00342201698 3.85106383
282 1086 1.02673348 0.00342244495 3.85106383
282 1086 1.02694008 0.0034231336 3.85106383
282 1086 1.02702931 0.00342343104 3.85106383
282 1086 1.02706725 0.00342355751 3.85106383
282 1086 1.02708187 0.00342360622 3.85106383
282 1086 1.02707822 0.00342359408 3.85106383
281 1076 1.01861598 0.00339538661 3.82918149
281 1082 1.02053728 0.00340179094 3.85053381
281 1078 1.02189112 0.00340630374 3.83629893
281 1078 1.02180318 0.00340601061 3.83629893
281 1078 1.02203669 0.00340678897 3.83629893
281 1078 1.02205421 0.00340684736 3.83629893
281 1078 1.02199492 0.00340664972 3.83629893
281 1078 1.02184671 0.00340615571 3.83629893
281 1078 1.02215158 0.00340717193 3.83629893
281 1078 1.02216843 0.00340722811 3.83629893
280 1072 1.01611001 0.00338703337 3.82857143
280 1072 1.01595956 0.00338653186 3.82857143
280 1072 1.01574383 0.00338581277 3.82857143
280 1072 1.01555817 0.00338519391 3.82857143
280 1072 1.01572356 0.00338574519 3.82857143
280 1072 1.01578821 0.00338596068 3.82857143
280 1072 1.01580853 0.00338602842 3.82857143
280 1072 1.01600855 0.00338669516 3.82857143
280 1072 1.01585434 0.00338618112 3.82857143
280 1072 1.01580474 0.00338601581 3.82857143
279 1066 1.00954005 0.00336513349 3.82078853
279 1066 1.00986038 0.00336620127 3.82078853
279 1064 1.00973353 0.00336577843 3.81362007
279 1066 1.00950227 0.00336500758 3.82078853
279 1064 1.00935526 0.00336451753 3.81362007
279 1062 1.01050107 0.00336833689 3.80645161
279 1062 1.01073999 0.0033691333 3.80645161
279 1062 1.01076023 0.00336920077 3.80645161
279 1062 1.01076113 0.00336920376 3.80645161
279 1062 1.01064449 0.00336881495 3.80645161
278 1056 1.00480056 0.00334933521 3.79856115
278 1054 1.00515017 0.00335050057 3.79136691
278 1056 1.00506579 0.0033502193 3.79856115
278 1054 1.00475163 0.0033491721 3.79136691
278 1058 1.00377039 0.0033459013 3.8057554
278 1056 1.00483551 0.00334945169 3.79856115
278 1058 1.00389332 0.00334631106 3.8057554
278 1058 1.00399861 0.00334666202 3.8057554
278 1058 1.00399489 0.00334664965 3.8057554
278 1058 1.00394136 0.00334647118 3.8057554
277 1048 0.99961773 0.0033320591 3.7833935
277 1048 0.999466024 0.00333155341 3.7833935
277 1048 0.992585203 0.00330861734 3.7833935
277 1044 0.993738036 0.00331246012 3.76895307
277 1048 1.00007681 0.00333358937 3.7833935
277 1048 0.999719682 0.00333239894 3.7833935
277 1048 0.999751088 0.00333250363 3.7833935
277 1048 0.999711356 0.00333237119 3.7833935
277 1048 0.999738667 0.00333246222 3.7833935
277 1048 0.999802985 0.00333267662 3.7833935
276 1038 0.989672162 0.00329890721 3.76086957
276 1041 0.997454374 0.00332484791 3.77173913
276 1038 0.989440928 0.00329813643 3.76086957
276 1038 0.989360079 0.00329786693 3.76086957
276 1038 0.989408229 0.00329802743 3.76086957
276 1040 0.987272073 0.00329090691 3.76811594
276 1038 0.989495518 0.00329831839 3.76086957
276 1038 0.989456998 0.00329818999 3.76086957
276 1038 0.989517504 0.00329839168 3.76086957
276 1038 0.989465039 0.0032982168 3.76086957
275 1032 0.983134287 0.00327711429 3.75272727
275 1032 0.9832048 0.00327734933 3.75272727
275 1032 0.983195387 0.00327731796 3.75272727
275 1032 0.983143502 0.00327714501 3.75272727
275 1032 0.983150149 0.00327716716 3.75272727
275 1032 0.983149204 0.00327716401 3.75272727
275 1032 0.983150497 0.00327716832 3.75272727
275 1032 0.983148779 0.0032771626 3.75272727
275 1032 0.983137027 0.00327712342 3.75272727
275 1032 0.983139451 0.0032771315 3.75272727
274 1025 0.98124256 0.00327080853 3.74087591
274 1025 0.981265963 0.00327088654 3.74087591
274 1025 0.981275821 0.0032709194 3.74087591
274 1025 0.981237927 0.00327079309 3.74087591
274 1025 0.98127325 0.00327091083 3.74087591
274 1025 0.981297658 0.00327099219 3.74087591
274 1025 0.981268613 0.00327089538 3.74087591
274 1025 0.981300434 0.00327100145 3.74087591
274 1025 0.981285146 0.00327095049 3.74087591
274 1025 0.98125704 0.0032708568 3.74087591
273 1019 0.9790346 0.00326344867 3.73260073
273 1019 0.97905857 0.00326352857 3.73260073
273 1019 0.979043076 0.00326347692 3.73260073
273 1019 0.9790521 0.003263507 3.73260073
273 1019 0.979062154 0.00326354051 3.73260073
273 1019 0.979051698 0.00326350566 3.73260073
273 1019 0.979047824 0.00326349275 3.73260073
273 1019 0.97906381 0.00326354603 3.73260073
273 1019 0.979051988 0.00326350663 3.73260073
273 1019 0.979046735 0.00326348912 3.73260073
272 1012 0.976918375 0.00325639458 3.72058824
272 1012 0.976932431 0.00325644144 3.72058824
272 1012 0.976886862 0.00325628954 3.72058824
272 1012 0.976854409 0.00325618136 3.72058824
272 1012 0.976919458 0.00325639819 3.72058824
272 1012 0.976898825 0.00325632942 3.72058824
272 1012 0.97694614 0.00325648713 3.72058824
272 1012 0.97690808 0.00325636027 3.72058824
272 1012 0.976852208 0.00325617403 3.72058824
272 1012 0.976926801 0.00325642267 3.72058824
271 1008 0.971175132 0.00323725044 3.7195572
271 1008 0.971274315 0.00323758105 3.7195572
271 1008 0.971194391 0.00323731464 3.7195572
271 1008 0.971211846 0.00323737282 3.7195572
271 1004 0.971840938 0.00323946979 3.70479705
271 1004 0.971869253 0.00323956418 3.70479705
271 1004 0.971794545 0.00323931515 3.70479705
271 1008 0.971240928 0.00323746976 3.7195572
271 1008 0.971218387 0.00323739462 3.7195572
271 1008 0.971249056 0.00323749685 3.7195572
270 1000 0.966209705 0.00322069902 3.7037037
270 1000 0.966207935 0.00322069312 3.7037037
270 1000 0.966234554 0.00322078185 3.7037037
270 1000 0.966245403 0.00322081801 3.7037037
270 1000 0.966215371 0.0032207179 3.7037037
270 1000 0.966205277 0.00322068426 3.7037037
270 1000 0.966194749 0.00322064916 3.7037037
270 1000 0.966198933 0.00322066311 3.7037037
270 1000 0.966209173 0.00322069724 3.7037037
270 1000 0.966216758 0.00322072253 3.7037037
269 992 0.964832246 0.00321610749 3.68773234
269 992 0.964638333 0.00321546111 3.68773234
269 992 0.964664171 0.00321554724 3.68773234
269 993 0.95854412 0.00319514707 3.69144981
269 992 0.964732293 0.00321577431 3.68773234
269 992 0.96477599 0.00321591997 3.68773234
269 992 0.964694539 0.00321564846 3.68773234
269 992 0.964707625 0.00321569208 3.68773234
269 992 0.964725494 0.00321575165 3.68773234
269 992 0.964723415 0.00321574472 3.68773234
268 985 0.957122558 0.00319040853 3.67537313
268 985 0.957064144 0.00319021381 3.67537313
268 985 0.957083228 0.00319027743 3.67537313
268 985 0.95709198 0.0031903066 3.67537313
268 985 0.957082735 0.00319027578 3.67537313
268 985 0.957084814 0.00319028271 3.67537313
268 985 0.957089666 0.00319029889 3.67537313
268 985 0.957091677 0.00319030559 3.67537313
268 985 0.957086033 0.00319028678 3.67537313
268 985 0.957090303 0.00319030101 3.67537313
267 978 0.946894239 0.00315631413 3.66292135
267 978 0.946840824 0.00315613608 3.66292135
267 978 0.946732272 0.00315577424 3.66292135
267 978 0.946921329 0.00315640443 3.66292135
267 978 0.946808045 0.00315602682 3.66292135
267 978 0.94699801 0.00315666003 3.66292135
267 978 0.946871274 0.00315623758 3.66292135
267 978 0.946662287 0.00315554096 3.66292135
267 978 0.946756401 0.00315585467 3.66292135
267 978 0.946792499 0.003155975 3.66292135
266 968 0.937372158 0.00312457386 3.63909774
266 973 0.936617914 0.00312205971 3.65789474
266 968 0.937290791 0.00312430264 3.63909774
266 967 0.937055429 0.0031235181 3.63533835
266 972 0.934634031 0.00311544677 3.65413534
266 967 0.937202613 0.00312400871 3.63533835
266 970 0.938834488 0.00312944829 3.64661654
266 970 0.938496599 0.003128322 3.64661654
266 970 0.938519877 0.00312839959 3.64661654
266 970 0.938437572 0.00312812524 3.64661654
265 962 0.92893665 0.0030964555 3.63018868
265 962 0.928782094 0.00309594031 3.63018868
265 962 0.928927638 0.00309642546 3.63018868
265 962 0.928764771 0.00309588257 3.63018868
265 962 0.928841659 0.00309613886 3.63018868
265 962 0.928885465 0.00309628488 3.63018868
265 962 0.928680358 0.00309560119 3.63018868
265 962 0.928825405 0.00309608468 3.63018868
265 962 0.928891671 0.00309630557 3.63018868
265 962 0.928666703 0.00309555568 3.63018868
264 955 0.918844824 0.00306281608 3.61742424
264 957 0.91838376 0.0030612792 3.625
264 953 0.922484444 0.00307494815 3.60984848
264 953 0.921916454 0.00307305485 3.60984848
264 953 0.921680143 0.00307226714 3.60984848
264 953 0.92146738 0.00307155793 3.60984848
264 957 0.918729159 0.00306243053 3.625
264 957 0.918674925 0.00306224975 3.625
264 957 0.918693872 0.00306231291 3.625
264 957 0.918699762 0.00306233254 3.625
263 950 0.9083456 0.00302781867 3.6121673
263 950 0.908405773 0.00302801924 3.6121673
263 950 0.908391394 0.00302797131 3.6121673
263 950 0.908349786 0.00302783262 3.6121673
263 950 0.908376474 0.00302792158 3.6121673
263 950 0.908395488 0.00302798496 3.6121673
263 950 0.908426774 0.00302808925 3.6121673
263 950 0.90834046 0.00302780153 3.6121673
263 950 0.908390675 0.00302796892 3.6121673
263 950 0.908349862 0.00302783287 3.6121673
262 944 0.902378014 0.00300792671 3.60305344
262 941 0.901437733 0.00300479244 3.59160305
262 942 0.905993315 0.00301997772 3.59541985
262 943 0.902959611 0.00300986537 3.59923664
262 942 0.905948483 0.00301982828 3.59541985
262 944 0.902403258 0.00300801086 3.60305344
262 942 0.905952188 0.00301984063 3.59541985
262 942 0.905785328 0.00301928443 3.59541985
262 942 0.905870284 0.00301956761 3.59541985
262 942 0.906044396 0.00302014799 3.59541985
261 935 0.895614516 0.00298538172 3.58237548
261 935 0.895668493 0.00298556164 3.58237548
261 935 0.895158299 0.002983861 3.58237548
261 935 0.895830498 0.00298610166 3.58237548
261 935 0.895434627 0.00298478209 3.58237548
261 935 0.895669361 0.00298556454 3.58237548
261 935 0.895543357 0.00298514452 3.58237548
261 935 0.89561463 0.0029853821 3.58237548
261 935 0.895683812 0.00298561271 3.58237548
261 935 0.895652251 0.0029855075 3.58237548
260 925 0.895716827 0.00298572276 3.55769231
260 925 0.895264255 0.00298421418 3.55769231
260 930 0.887215329 0.00295738443 3.57692308
260 930 0.886970689 0.00295656896 3.57692308
260 930 0.886937101 0.002956457 3.57692308
260 930 0.886943702 0.00295647901 3.57692308
260 930 0.887043198 0.00295681066 3.57692308
260 930 0.886896905 0.00295632302 3.57692308
260 930 0.886974641 0.00295658214 3.57692308
260 930 0.887049693 0.00295683231 3.57692308
259 920 0.886926954 0.00295642318 3.55212355
259 920 0.88647174 0.0029549058 3.55212355
259 925 0.874345826 0.00291448609 3.57142857
259 920 0.887143417 0.00295714472 3.55212355
259 920 0.887214928 0.00295738309 3.55212355
259 920 0.886900709 0.0029563357 3.55212355
259 920 0.886824864 0.00295608288 3.55212355
259 920 0.886990562 0.00295663521 3.55212355
259 920 0.88691053 0.00295636843 3.55212355
259 920 0.886988746 0.00295662915 3.55212355
258 915 0.8745685 0.00291522833 3.54651163
258 914 0.881181178 0.00293727059 3.54263566
258 915 0.874291741 0.0029143058 3.54651163
258 915 0.874627435 0.00291542478 3.54651163
258 915 0.87443467 0.00291478223 3.54651163
258 915 0.874400368 0.00291466789 3.54651163
258 915 0.874745142 0.00291581714 3.54651163
258 915 0.874403986 0.00291467995 3.54651163
258 915 0.874588424 0.00291529475 3.54651163
258 915 0.874527369 0.00291509123 3.54651163
257 909 0.869316301 0.002897721 3.53696498
257 909 0.869058394 0.00289686131 3.53696498
257 909 0.869307784 0.00289769261 3.53696498
257 909 0.868927192 0.00289642397 3.53696498
257 909 0.868856235 0.00289618745 3.53696498
257 909 0.868765614 0.00289588538 3.53696498
257 909 0.868427606 0.00289475869 3.53696498
257 909 0.869365538 0.00289788513 3.53696498
257 909 0.869586161 0.00289862054 3.53696498
257 909 0.869367739 0.00289789246 3.53696498
256 905 0.858809114 0.00286269705 3.53515625
256 905 0.857368457 0.00285789486 3.53515625
256 907 0.855696563 0.00285232188 3.54296875
256 907 0.855383603 0.00285127868 3.54296875
256 907 0.855307058 0.00285102353 3.54296875
256 907 0.855518329 0.00285172776 3.54296875
256 907 0.855344711 0.00285114904 3.54296875
256 907 0.855559236 0.00285186412 3.54296875
256 907 0.855472841 0.00285157614 3.54296875
256 907 0.855431256 0.00285143752 3.54296875
255 901 0.850438312 0.00283479437 3.53333333
255 901 0.850290788 0.00283430263 3.53333333
255 901 0.850393391 0.00283464464 3.53333333
255 901 0.850277019 0.00283425673 3.53333333
255 901 0.850318022 0.00283439341 3.53333333
255 901 0.85035567 0.0028345189 3.53333333
255 901 0.850291453 0.00283430484 3.53333333
255 901 0.850346728 0.00283448909 3.53333333
255 901 0.850312508 0.00283437503 3.53333333
255 901 0.850328128 0.00283442709 3.53333333
254 892 0.847509475 0.00282503158 3.51181102
254 892 0.84712656 0.0028237552 3.51181102
254 892 0.847681912 0.00282560637 3.51181102
254 892 0.84744484 0.00282481613 3.51181102
254 892 0.847575762 0.00282525254 3.51181102
254 892 0.847057468 0.00282352489 3.51181102
254 892 0.847845035 0.00282615012 3.51181102
254 892 0.847337068 0.00282445689 3.51181102
254 892 0.847625236 0.00282541745 3.51181102
254 892 0.84769173 0.0028256391 3.51181102
253 884 0.839015209 0.00279671736 3.49407115
253 883 0.841258183 0.00280419394 3.49011858
253 884 0.838867004 0.00279622335 3.49407115
253 884 0.839168149 0.00279722716 3.49407115
253 884 0.838801872 0.00279600624 3.49407115
253 884 0.838976362 0.00279658787 3.49407115
253 884 0.838899773 0.00279633258 3.49407115
253 884 0.839023857 0.00279674619 3.49407115
253 884 0.838910133 0.00279636711 3.49407115
253 884 0.838846274 0.00279615425 3.49407115
252 875 0.832878847 0.00277626282 3.47222222
252 875 0.832735981 0.0027757866 3.47222222
252 875 0.832623225 0.00277541075 3.47222222
252 875 0.832801237 0.00277600412 3.47222222
252 875 0.833083567 0.00277694522 3.47222222
252 875 0.832620904 0.00277540301 3.47222222
252 875 0.832767706 0.00277589235 3.47222222
252 875 0.832865452 0.00277621817 3.47222222
252 875 0.832802756 0.00277600919 3.47222222
252 875 0.83288856 0.0027762952 3.47222222
251 868 0.816359349 0.00272119783 3.45816733
251 867 0.830310289 0.00276770096 3.45418327
251 867 0.830917902 0.00276972634 3.45418327
251 867 0.830209553 0.00276736518 3.45418327
251 867 0.830576143 0.00276858714 3.45418327
251 867 0.830997685 0.00276999228 3.45418327
251 867 0.83120971 0.00277069903 3.45418327
251 867 0.830359158 0.00276786386 3.45418327
251 867 0.830334429 0.00276778143 3.45418327
251 867 0.830780914 0.00276926971 3.45418327
250 860 0.814059835 0.00271353278 3.44
250 860 0.813839815 0.00271279938 3.44
250 860 0.813966661 0.0027132222 3.44
250 860 0.814025015 0.00271341672 3.44
250 860 0.814024892 0.00271341631 3.44
250 860 0.814013153 0.00271337718 3.44
250 860 0.814014275 0.00271338092 3.44
250 860 0.81401406 0.0027133802 3.44
250 860 0.814011502 0.00271337167 3.44
250 860 0.814011161 0.00271337054 3.44
249 856 0.8011577 0.00267052567 3.437751
249 856 0.80092102 0.00266973673 3.437751
249 856 0.80106667 0.00267022223 3.437751
249 856 0.801388594 0.00267129531 3.437751
249 856 0.801184901 0.00267061634 3.437751
249 856 0.801062439 0.00267020813 3.437751
249 856 0.801136352 0.00267045451 3.437751
249 856 0.801305159 0.0026710172 3.437751
249 856 0.801075803 0.00267025268 3.437751
249 856 0.801057345 0.00267019115 3.437751
248 850 0.800919051 0.00266973017 3.42741935
248 850 0.801124406 0.00267041469 3.42741935
248 850 0.800999689 0.00266999896 3.42741935
248 850 0.801041629 0.00267013876 3.42741935
248 850 0.793191488 0.00264397163 3.42741935
248 850 0.793042165 0.00264347388 3.42741935
248 850 0.79327032 0.0026442344 3.42741935
248 850 0.793208359 0.00264402786 3.42741935
248 850 0.793303126 0.00264434375 3.42741935
248 850 0.79328593 0.00264428643 3.42741935
247 839 0.78101188 0.00260337293 3.39676113
247 844 0.793731698 0.00264577233 3.41700405
247 844 0.793494945 0.00264498315 3.41700405
247 844 0.793271946 0.00264423982 3.41700405
247 844 0.793476757 0.00264492252 3.41700405
247 844 0.793511069 0.0026450369 3.41700405
247 844 0.793384511 0.00264461504 3.41700405
247 844 0.793798052 0.00264599351 3.41700405
247 844 0.793640597 0.00264546866 3.41700405
247 844 0.793073796 0.00264357932 3.41700405
246 833 0.781135403 0.00260378468 3.38617886
246 833 0.780788439 0.00260262813 3.38617886
246 833 0.780766811 0.00260255604 3.38617886
246 833 0.78123343 0.00260411143 3.38617886
246 833 0.781062418 0.00260354139 3.38617886
246 833 0.780771132 0.00260257044 3.38617886
246 833 0.781489101 0.00260496367 3.38617886
246 833 0.780497285 0.00260165762 3.38617886
246 838 0.785564652 0.00261854884 3.40650407
246 833 0.780877714 0.00260292571 3.38617886
245 828 0.769421382 0.00256473794 3.37959184
244 821 0.760413112 0.00253471037 3.3647541
244 821 0.760425011 0.00253475004 3.3647541
244 821 0.760515336 0.00253505112 3.3647541
244 821 0.760665645 0.00253555215 3.3647541
244 821 0.760444438 0.00253481479 3.3647541
244 821 0.760429437 0.00253476479 3.3647541
244 821 0.760922017 0.00253640672 3.3647541
244 821 0.760412054 0.00253470685 3.3647541
244 821 0.760508765 0.00253502922 3.3647541
243 815 0.753206489 0.0025106883 3.35390947
243 815 0.753073036 0.00251024345 3.35390947
243 815 0.753248961 0.00251082987 3.35390947
243 815 0.753140191 0.0025104673 3.35390947
243 815 0.753156195 0.00251052065 3.35390947
243 815 0.753169113 0.00251056371 3.35390947
243 815 0.753132516 0.00251044172 3.35390947
243 815 0.753201538 0.00251067179 3.35390947
243 815 0.753152028 0.00251050676 3.35390947
243 815 0.75316623 0.0025105541 3.35390947
242 812 0.743826651 0.00247942217 3.3553719
242 812 0.7438284 0.002479428 3.3553719
242 812 0.743537799 0.00247845933 3.3553719
242 812 0.74385573 0.0024795191 3.3553719
242 812 0.743967637 0.00247989212 3.3553719
242 812 0.743701725 0.00247900575 3.3553719
242 812 0.7436483 0.00247882767 3.3553719
242 812 0.743580574 0.00247860191 3.3553719
242 812 0.743897855 0.00247965952 3.3553719
242 812 0.743950874 0.00247983625 3.3553719
241 808 0.724160181 0.00241386727 3.3526971
240 800 0.713139197 0.00237713066 3.33333333
240 798 0.710464269 0.00236821423 3.325
240 798 0.708748338 0.00236249446 3.325
240 798 0.709303681 0.0023643456 3.325
240 798 0.709103331 0.00236367777 3.325
240 798 0.709109301 0.00236369767 3.325
240 798 0.709507688 0.00236502563 3.325
240 798 0.709650934 0.00236550311 3.325
240 798 0.709835787 0.00236611929 3.325
239 795 0.699709942 0.00233236647 3.32635983
239 795 0.700151517 0.00233383839 3.32635983
239 795 0.699915103 0.00233305034 3.32635983
239 795 0.700212906 0.00233404302 3.32635983
239 795 0.699741411 0.00233247137 3.32635983
239 795 0.701465016 0.00233821672 3.32635983
239 795 0.698841149 0.0023294705 3.32635983
239 795 0.700444306 0.00233481435 3.32635983
239 795 0.700677427 0.00233559142 3.32635983
239 795 0.699742882 0.00233247627 3.32635983
238 792 0.688505422 0.00229501807 3.32773109
237 789 0.677860688 0.00225953563 3.32911392
236 783 0.676329917 0.00225443306 3.31779661
236 783 0.675932905 0.00225310968 3.31779661
236 783 0.675676736 0.00225225579 3.31779661
236 783 0.67562052 0.0022520684 3.31779661
236 783 0.675457701 0.00225152567 3.31779661
236 783 0.675655439 0.0022521848 3.31779661
236 783 0.675395712 0.00225131904 3.31779661
236 783 0.677574453 0.00225858151 3.31779661
235 779 0.645939599 0.002153132 3.31489362
234 775 0.649161019 0.00216387006 3.31196581
234 772 0.649124646 0.00216374882 3.2991453
234 772 0.649348747 0.00216449582 3.2991453
234 772 0.64859863 0.00216199543 3.2991453
234 772 0.651985214 0.00217328405 3.2991453
234 773 0.643547077 0.00214515692 3.3034188
234 772 0.652024508 0.00217341503 3.2991453
234 772 0.6516353 0.00217211767 3.2991453
234 772 0.651085527 0.00217028509 3.2991453
233 769 0.640414833 0.00213471611 3.30042918
233 767 0.639354436 0.00213118145 3.29184549
233 767 0.638969773 0.00212989924 3.29184549
233 767 0.640366046 0.00213455349 3.29184549
233 767 0.640172645 0.00213390882 3.29184549
233 767 0.639955627 0.00213318542 3.29184549
233 767 0.639401488 0.00213133829 3.29184549
233 767 0.639374649 0.00213124883 3.29184549
233 767 0.638041328 0.00212680443 3.29184549
233 767 0.639903421 0.0021330114 3.29184549
232 764 0.629092938 0.00209697646 3.29310345
232 764 0.628401431 0.00209467144 3.29310345
232 764 0.629002511 0.00209667504 3.29310345
232 764 0.628335968 0.00209445323 3.29310345
232 762 0.627901919 0.0020930064 3.28448276
232 762 0.626357412 0.00208785804 3.28448276
232 765 0.623924322 0.00207974774 3.29741379
232 765 0.628504777 0.00209501592 3.29741379
232 766 0.622211596 0.00207403865 3.30172414
232 764 0.615782558 0.00205260853 3.29310345
231 759 0.614580525 0.00204860175 3.28571429
231 759 0.614506654 0.00204835551 3.28571429
230 754 0.606564444 0.00202188148 3.27826087
230 754 0.60664533 0.0020221511 3.27826087
230 754 0.607729984 0.00202576661 3.27826087
230 754 0.607366726 0.00202455575 3.27826087
230 754 0.607791347 0.00202597116 3.27826087
230 754 0.607559469 0.00202519823 3.27826087
230 754 0.60767617 0.00202558723 3.27826087
230 754 0.607399515 0.00202466505 3.27826087
229 748 0.606382293 0.00202127431 3.26637555
229 748 0.60615561 0.0020205187 3.26637555
229 748 0.60590663 0.00201968877 3.26637555
229 748 0.606000796 0.00202000265 3.26637555
229 748 0.606035165 0.00202011722 3.26637555
229 748 0.605616995 0.00201872332 3.26637555
229 744 0.596471532 0.00198823844 3.2489083
229 751 0.584704533 0.00194901511 3.27947598
229 747 0.588748363 0.00196249454 3.26200873
229 747 0.597215988 0.00199071996 3.26200873
228 741 0.59211457 0.00197371523 3.25
228 741 0.592299019 0.00197433006 3.25
228 741 0.592011468 0.00197337156 3.25
228 741 0.592416991 0.0019747233 3.25
228 741 0.592363365 0.00197454455 3.25
228 741 0.592106973 0.00197368991 3.25
228 741 0.592319313 0.00197439771 3.25
228 741 0.592088908 0.00197362969 3.25
228 741 0.592287276 0.00197429092 3.25
228 741 0.592203378 0.00197401126 3.25
227 734 0.590923038 0.00196974346 3.23348018
227 734 0.590912651 0.00196970884 3.23348018
227 734 0.59093938 0.00196979793 3.23348018
227 734 0.590922883 0.00196974294 3.23348018
227 734 0.590968008 0.00196989336 3.23348018
227 734 0.590929495 0.00196976498 3.23348018
227 734 0.590874514 0.00196958171 3.23348018
227 734 0.590990512 0.00196996837 3.23348018
227 734 0.590900615 0.00196966872 3.23348018
227 734 0.590944639 0.00196981546 3.23348018
226 728 0.581847508 0.00193949169 3.22123894
226 728 0.581704365 0.00193901455 3.22123894
226 728 0.581800422 0.00193933474 3.22123894
226 728 0.581773214 0.00193924405 3.22123894
226 728 0.581766189 0.00193922063 3.22123894
226 728 0.581713466 0.00193904489 3.22123894
226 728 0.581798317 0.00193932772 3.22123894
226 728 0.581775749 0.0019392525 3.22123894
226 728 0.581753687 0.00193917896 3.22123894
226 728 0.581758595 0.00193919532 3.22123894
225 724 0.568215394 0.00189405131 3.21777778
225 724 0.568252972 0.00189417657 3.21777778
225 724 0.568301356 0.00189433785 3.21777778
225 724 0.568284675 0.00189428225 3.21777778
225 724 0.568282819 0.00189427606 3.21777778
225 724 0.568214008 0.00189404669 3.21777778
225 724 0.568526474 0.00189508825 3.21777778
225 724 0.568289888 0.00189429963 3.21777778
225 724 0.568345932 0.00189448644 3.21777778
225 724 0.56823933 0.0018941311 3.21777778
224 721 0.55754012 0.00185846707 3.21875
224 721 0.557615962 0.00185871987 3.21875
224 721 0.557733979 0.00185911326 3.21875
224 721 0.557461718 0.00185820573 3.21875
224 721 0.557451688 0.00185817229 3.21875
224 721 0.557685196 0.00185895065 3.21875
224 721 0.557547487 0.00185849162 3.21875
224 721 0.557710883 0.00185903628 3.21875
224 721 0.557539939 0.00185846646 3.21875
224 721 0.557512578 0.00185837526 3.21875
223 718 0.555498296 0.00185166099 3.21973094
223 718 0.555631142 0.00185210381 3.21973094
223 718 0.55571431 0.00185238103 3.21973094
223 718 0.555696691 0.0018523223 3.21973094
223 718 0.555755677 0.00185251892 3.21973094
223 718 0.555713036 0.00185237679 3.21973094
223 718 0.555592731 0.00185197577 3.21973094
223 718 0.55559077 0.00185196923 3.21973094
223 718 0.555548328 0.00185182776 3.21973094
223 718 0.555500536 0.00185166845 3.21973094
222 712 0.555428772 0.00185142924 3.20720721
222 712 0.555409561 0.0018513652 3.20720721
222 712 0.555411154 0.00185137051 3.20720721
222 712 0.555283853 0.00185094618 3.20720721
222 712 0.555344303 0.00185114768 3.20720721
222 712 0.555283631 0.00185094544 3.20720721
222 712 0.555339905 0.00185113302 3.20720721
222 712 0.55543936 0.00185146453 3.20720721
222 712 0.555362899 0.00185120966 3.20720721
222 712 0.555417726 0.00185139242 3.20720721
221 706 0.549775045 0.00183258348 3.19457014
221 706 0.549761138 0.00183253713 3.19457014
221 706 0.549788407 0.00183262802 3.19457014
221 706 0.549442694 0.00183147565 3.19457014
221 706 0.549711239 0.0018323708 3.19457014
221 706 0.550264169 0.0018342139 3.19457014
221 706 0.550096923 0.00183365641 3.19457014
221 706 0.549430314 0.00183143438 3.19457014
221 708 0.538691372 0.00179563791 3.20361991
220 702 0.53782836 0.0017927612 3.19090909
219 696 0.533109913 0.00177703304 3.17808219
219 696 0.53306514 0.0017768838 3.17808219
219 696 0.53319461 0.00177731537 3.17808219
219 696 0.532998398 0.00177666133 3.17808219
219 696 0.533062994 0.00177687665 3.17808219
219 696 0.532990359 0.00177663453 3.17808219
219 696 0.532778671 0.0017759289 3.17808219
219 696 0.532627021 0.0017754234 3.17808219
219 696 0.533085656 0.00177695219 3.17808219
219 696 0.53283318 0.0017761106 3.17808219
218 692 0.523499199 0.00174499733 3.17431193
218 692 0.523185225 0.00174395075 3.17431193
218 692 0.523759859 0.0017458662 3.17431193
218 692 0.5233717 0.00174457233 3.17431193
218 692 0.523307304 0.00174435768 3.17431193
218 692 0.523706985 0.00174568995 3.17431193
218 692 0.523686854 0.00174562285 3.17431193
218 692 0.523768477 0.00174589492 3.17431193
218 692 0.523388862 0.00174462954 3.17431193
218 692 0.523325752 0.00174441917 3.17431193
217 685 0.511913316 0.00170637772 3.15668203
217 686 0.523578157 0.00174526052 3.16129032
217 686 0.523206947 0.00174402316 3.16129032
217 686 0.523721661 0.00174573887 3.16129032
217 686 0.523224175 0.00174408058 3.16129032
217 686 0.523011892 0.00174337297 3.16129032
217 686 0.523661377 0.00174553792 3.16129032
217 686 0.5240669 0.00174688967 3.16129032
217 686 0.522935749 0.00174311916 3.16129032
217 683 0.521582947 0.00173860982 3.14746544
216 679 0.512281669 0.00170760556 3.14351852
216 679 0.512520179 0.0017084006 3.14351852
216 679 0.51240651 0.0017080217 3.14351852
216 679 0.512503255 0.00170834418 3.14351852
216 679 0.512443387 0.00170814462 3.14351852
216 679 0.512353 0.00170784333 3.14351852
216 679 0.512162417 0.00170720806 3.14351852
216 679 0.512269524 0.00170756508 3.14351852
216 679 0.512271571 0.0017075719 3.14351852
216 679 0.512206846 0.00170735615 3.14351852
215 675 0.512480848 0.00170826949 3.13953488
215 673 0.491498054 0.00163832685 3.13023256
214 668 0.491531125 0.00163843708 3.12149533
214 668 0.491455813 0.00163818604 3.12149533
214 668 0.491491884 0.00163830628 3.12149533
214 668 0.491268195 0.00163756065 3.12149533
214 668 0.491850535 0.00163950178 3.12149533
214 668 0.491007439 0.00163669146 3.12149533
214 668 0.49191323 0.00163971077 3.12149533
214 668 0.491877586 0.00163959195 3.12149533
213 663 0.478865032 0.00159621677 3.11267606
213 664 0.491458146 0.00163819382 3.11737089
213 664 0.491777945 0.00163925982 3.11737089
213 664 0.49078546 0.00163595153 3.11737089
213 664 0.491403093 0.00163801031 3.11737089
213 664 0.491368707 0.00163789569 3.11737089
213 664 0.491406586 0.00163802195 3.11737089
213 664 0.491184854 0.00163728285 3.11737089
213 664 0.491659002 0.00163886334 3.11737089
213 664 0.491372345 0.00163790782 3.11737089
212 659 0.478633795 0.00159544598 3.10849057
212 659 0.478694726 0.00159564909 3.10849057
212 659 0.478762256 0.00159587419 3.10849057
212 659 0.478505549 0.0015950185 3.10849057
212 659 0.478766716 0.00159588905 3.10849057
212 659 0.478390849 0.00159463616 3.10849057
212 659 0.47832924 0.0015944308 3.10849057
212 659 0.478545059 0.0015951502 3.10849057
212 659 0.478740791 0.00159580264 3.10849057
212 659 0.478519905 0.00159506635 3.10849057
211 654 0.448370153 0.00149456718 3.09952607
211 654 0.448848206 0.00149616069 3.09952607
211 654 0.448275585 0.00149425195 3.09952607
211 654 0.448486563 0.00149495521 3.09952607
211 654 0.448509491 0.00149503164 3.09952607
211 654 0.448536534 0.00149512178 3.09952607
211 654 0.448453325 0.00149484442 3.09952607
211 654 0.448625971 0.0014954199 3.09952607
211 654 0.448553279 0.0014951776 3.09952607
211 654 0.448416047 0.00149472016 3.09952607
210 649 0.432937204 0.00144312401 3.09047619
209 646 0.432901701 0.00144300567 3.09090909
209 647 0.461480801 0.00153826934 3.09569378
209 647 0.461320215 0.00153773405 3.09569378
209 647 0.461633751 0.00153877917 3.09569378
209 647 0.461197071 0.00153732357 3.09569378
209 647 0.461623494 0.00153874498 3.09569378
209 647 0.461187758 0.00153729253 3.09569378
209 647 0.461632914 0.00153877638 3.09569378
209 647 0.461394997 0.00153798332 3.09569378
208 642 0.432769601 0.00144256534 3.08653846
208 639 0.453793788 0.00151264596 3.07211538
208 642 0.432639925 0.00144213308 3.08653846
208 642 0.432828461 0.00144276154 3.08653846
208 642 0.432483352 0.00144161117 3.08653846
208 642 0.43233767 0.00144112557 3.08653846
208 642 0.432714004 0.00144238001 3.08653846
208 642 0.432434517 0.00144144839 3.08653846
208 642 0.432794852 0.00144264951 3.08653846
208 642 0.432638756 0.00144212919 3.08653846
207 634 0.426321406 0.00142107135 3.06280193
207 634 0.426428921 0.00142142974 3.06280193
207 634 0.426335829 0.00142111943 3.06280193
207 634 0.426390087 0.00142130029 3.06280193
207 634 0.426443903 0.00142147968 3.06280193
207 634 0.426479328 0.00142159776 3.06280193
207 634 0.426468121 0.0014215604 3.06280193
207 634 0.426445397 0.00142148466 3.06280193
207 634 0.426408867 0.00142136289 3.06280193
207 634 0.426400048 0.00142133349 3.06280193
206 626 0.426399031 0.0014213301 3.03883495
206 626 0.426409514 0.00142136505 3.03883495
206 626 0.426433741 0.0014214458 3.03883495
206 626 0.426450456 0.00142150152 3.03883495
206 626 0.426450777 0.00142150259 3.03883495
206 626 0.426435166 0.00142145055 3.03883495
206 626 0.426419866 0.00142139955 3.03883495
206 626 0.426414328 0.00142138109 3.03883495
206 626 0.426420835 0.00142140278 3.03883495
206 626 0.426431933 0.00142143978 3.03883495
205 621 0.426373831 0.0014212461 3.02926829
205 621 0.426328341 0.00142109447 3.02926829
205 621 0.426326108 0.00142108703 3.02926829
205 621 0.42638724 0.0014212908 3.02926829
205 621 0.426276232 0.00142092077 3.02926829
205 621 0.426412597 0.00142137532 3.02926829
205 621 0.426438348 0.00142146116 3.02926829
205 621 0.426337134 0.00142112378 3.02926829
205 621 0.426352813 0.00142117604 3.02926829
205 621 0.426325697 0.00142108566 3.02926829
204 614 0.422459157 0.00140819719 3.00980392
204 614 0.41456101 0.00138187003 3.00980392
204 612 0.413476405 0.00137825468 3
204 612 0.413449448 0.00137816483 3
204 612 0.413450842 0.00137816947 3
204 612 0.413381489 0.0013779383 3
204 612 0.413459366 0.00137819789 3
204 612 0.413350331 0.00137783444 3
204 612 0.4135924 0.00137864133 3
204 612 0.413250789 0.00137750263 3
203 607 0.413372067 0.00137790689 2.99014778
203 608 0.402706832 0.00134235611 2.99507389
203 607 0.413647155 0.00137882385 2.99014778
203 607 0.413390236 0.00137796745 2.99014778
203 607 0.413468633 0.00137822878 2.99014778
203 607 0.413417725 0.00137805908 2.99014778
203 607 0.41338775 0.00137795917 2.99014778
203 608 0.402748675 0.00134249558 2.99507389
203 608 0.402755811 0.00134251937 2.99507389
203 608 0.40264245 0.0013421415 2.99507389
202 603 0.402593107 0.00134197702 2.98514851
202 603 0.402525623 0.00134175208 2.98514851
202 603 0.402565199 0.001341884 2.98514851
202 603 0.402664187 0.00134221396 2.98514851
202 603 0.40269308 0.00134231027 2.98514851
202 603 0.402687839 0.0013422928 2.98514851
202 603 0.40263719 0.00134212397 2.98514851
202 603 0.402593438 0.00134197813 2.98514851
202 603 0.402606333 0.00134202111 2.98514851
202 603 0.402635126 0.00134211709 2.98514851
201 600 0.402604389 0.00134201463 2.98507463
201 600 0.402605686 0.00134201895 2.98507463
201 600 0.402580984 0.00134193661 2.98507463
201 600 0.402572443 0.00134190814 2.98507463
201 600 0.402587893 0.00134195964 2.98507463
201 600 0.40260489 0.0013420163 2.98507463
201 600 0.402604183 0.00134201394 2.98507463
201 600 0.402584782 0.00134194927 2.98507463
201 600 0.4025699 0.00134189967 2.98507463
201 600 0.402581591 0.00134193864 2.98507463
200 593 0.402010328 0.00134003443 2.965
200 593 0.402025132 0.00134008377 2.965
200 593 0.401986995 0.00133995665 2.965
200 593 0.401996999 0.00133999 2.965
200 593 0.402018297 0.00134006099 2.965
200 593 0.402017893 0.00134005964 2.965
200 593 0.401941721 0.00133980574 2.965
200 593 0.40208581 0.00134028603 2.965
200 593 0.402002331 0.00134000777 2.965
200 593 0.401963347 0.00133987782 2.965
199 588 0.397984797 0.00132661599 2.95477387
199 589 0.401314155 0.00133771385 2.95979899
199 588 0.397988412 0.00132662804 2.95477387
199 589 0.401343361 0.0013378112 2.95979899
199 589 0.401231269 0.00133743756 2.95979899
199 589 0.401239032 0.00133746344 2.95979899
199 589 0.401299395 0.00133766465 2.95979899
199 589 0.401287488 0.00133762496 2.95979899
199 589 0.401116829 0.0013370561 2.95979899
199 589 0.401323687 0.00133774562 2.95979899
198 584 0.39740362 0.00132467873 2.94949495
198 584 0.397234791 0.00132411597 2.94949495
198 584 0.397258241 0.00132419414 2.94949495
198 584 0.397181522 0.00132393841 2.94949495
198 584 0.397241802 0.00132413934 2.94949495
198 584 0.397233839 0.0013241128 2.94949495
198 584 0.397369064 0.00132456355 2.94949495
198 584 0.39728191 0.00132427303 2.94949495
198 584 0.397316345 0.00132438782 2.94949495
198 584 0.397327148 0.00132442383 2.94949495
197 580 0.392934908 0.00130978303 2.94416244
197 580 0.392547995 0.00130849332 2.94416244
197 580 0.392859634 0.00130953211 2.94416244
197 580 0.393042228 0.00131014076 2.94416244
197 580 0.392923244 0.00130974415 2.94416244
197 580 0.393064679 0.0013102156 2.94416244
197 580 0.392827552 0.00130942517 2.94416244
197 580 0.392764357 0.00130921452 2.94416244
197 580 0.393169927 0.00131056642 2.94416244
197 580 0.392909576 0.00130969859 2.94416244
196 575 0.383656053 0.00127885351 2.93367347
196 575 0.383582402 0.00127860801 2.93367347
196 575 0.383651394 0.00127883798 2.93367347
196 575 0.383498215 0.00127832738 2.93367347
SP does not find any fixed points -> SP does not converge.
I am sorry I quit :(
