START ALGORITHM:
I am going to build an instance with N: 1000 variables and 4200 clauses with a clause density equal to 4.2
START BSP WITH r=0.9:
Decimation scorer: pol
END UNIT PROPAGATION
1000 4200 2.58096031 0.00258096031 4.2
1000 4200 2.58174165 0.00258174165 4.2
1000 4200 2.58084711 0.00258084711 4.2
1000 4200 2.58009114 0.00258009114 4.2
1000 4200 2.58007797 0.00258007797 4.2
1000 4200 2.58006151 0.00258006151 4.2
1000 4200 2.58056981 0.00258056981 4.2
1000 4200 2.58079059 0.00258079059 4.2
1000 4200 2.58074581 0.00258074581 4.2
999 4189 2.58031114 0.00258031114 4.19319319
999 4189 2.58009021 0.00258009021 4.19319319
999 4189 2.57987949 0.00257987949 4.19319319
999 4189 2.57994855 0.00257994855 4.19319319
999 4189 2.5800796 0.0025800796 4.19319319
999 4189 2.58017116 0.00258017116 4.19319319
999 4189 2.58019722 0.00258019722 4.19319319
999 4189 2.5801356 0.0025801356 4.19319319
999 4189 2.58007679 0.00258007679 4.19319319
999 4189 2.58004023 0.00258004023 4.19319319
998 4178 2.5796988 0.0025796988 4.18637275
998 4178 2.57974677 0.00257974677 4.18637275
998 4178 2.57979193 0.00257979193 4.18637275
998 4178 2.57979779 0.00257979779 4.18637275
998 4178 2.57978204 0.00257978204 4.18637275
998 4178 2.57975742 0.00257975742 4.18637275
998 4178 2.57974171 0.00257974171 4.18637275
998 4178 2.57974973 0.00257974973 4.18637275
998 4178 2.57976462 0.00257976462 4.18637275
998 4178 2.5797753 0.0025797753 4.18637275
997 4166 2.57783913 0.00257783913 4.17853561
997 4166 2.57784032 0.00257784032 4.17853561
997 4166 2.57782916 0.00257782916 4.17853561
997 4166 2.57782115 0.00257782115 4.17853561
997 4166 2.57781945 0.00257781945 4.17853561
997 4166 2.57782249 0.00257782249 4.17853561
997 4166 2.57782656 0.00257782656 4.17853561
997 4166 2.57782699 0.00257782699 4.17853561
997 4166 2.5778245 0.0025778245 4.17853561
997 4166 2.577822 0.002577822 4.17853561
996 4157 2.57641175 0.00257641175 4.17369478
996 4157 2.57641251 0.00257641251 4.17369478
996 4157 2.57641167 0.00257641167 4.17369478
996 4157 2.57638772 0.00257638772 4.17369478
996 4157 2.57636608 0.00257636608 4.17369478
996 4157 2.57637041 0.00257637041 4.17369478
996 4157 2.57639522 0.00257639522 4.17369478
996 4157 2.57642946 0.00257642946 4.17369478
996 4157 2.5764573 0.0025764573 4.17369478
996 4157 2.57646583 0.00257646583 4.17369478
995 4148 2.57234119 0.00257234119 4.16884422
995 4148 2.57233998 0.00257233998 4.16884422
995 4148 2.57231321 0.00257231321 4.16884422
995 4148 2.5722874 0.0025722874 4.16884422
995 4148 2.57228132 0.00257228132 4.16884422
995 4148 2.57229034 0.00257229034 4.16884422
995 4148 2.57230079 0.00257230079 4.16884422
995 4148 2.57230282 0.00257230282 4.16884422
995 4148 2.57229298 0.00257229298 4.16884422
995 4148 2.5722811 0.0025722811 4.16884422
994 4144 2.57041984 0.00257041984 4.16901408
994 4144 2.5704381 0.0025704381 4.16901408
994 4144 2.57045428 0.00257045428 4.16901408
994 4144 2.57045732 0.00257045732 4.16901408
994 4144 2.57046563 0.00257046563 4.16901408
994 4144 2.57047034 0.00257047034 4.16901408
994 4144 2.57047004 0.00257047004 4.16901408
994 4144 2.57046905 0.00257046905 4.16901408
994 4144 2.57046868 0.00257046868 4.16901408
994 4144 2.57046769 0.00257046769 4.16901408
993 4139 2.56636686 0.00256636686 4.16817724
993 4139 2.56639472 0.00256639472 4.16817724
993 4139 2.56637019 0.00256637019 4.16817724
993 4139 2.56635829 0.00256635829 4.16817724
993 4139 2.56636795 0.00256636795 4.16817724
993 4139 2.56637132 0.00256637132 4.16817724
993 4139 2.56637009 0.00256637009 4.16817724
993 4139 2.56636262 0.00256636262 4.16817724
993 4139 2.56635671 0.00256635671 4.16817724
993 4139 2.56635599 0.00256635599 4.16817724
992 4129 2.56120285 0.00256120285 4.16229839
992 4129 2.56118318 0.00256118318 4.16229839
992 4129 2.56113069 0.00256113069 4.16229839
992 4129 2.5610722 0.0025610722 4.16229839
992 4129 2.56114509 0.00256114509 4.16229839
992 4129 2.56111526 0.00256111526 4.16229839
992 4129 2.56117144 0.00256117144 4.16229839
992 4129 2.56114267 0.00256114267 4.16229839
992 4129 2.56111773 0.00256111773 4.16229839
992 4129 2.56109555 0.00256109555 4.16229839
991 4121 2.55556897 0.00255556897 4.15842583
991 4121 2.55564459 0.00255564459 4.15842583
991 4121 2.55565534 0.00255565534 4.15842583
991 4121 2.55562398 0.00255562398 4.15842583
991 4121 2.55557618 0.00255557618 4.15842583
991 4121 2.5555129 0.0025555129 4.15842583
991 4121 2.55548327 0.00255548327 4.15842583
991 4121 2.55548304 0.00255548304 4.15842583
991 4121 2.55548438 0.00255548438 4.15842583
991 4121 2.55549051 0.00255549051 4.15842583
990 4116 2.54861681 0.00254861681 4.15757576
990 4116 2.54861186 0.00254861186 4.15757576
990 4116 2.54867077 0.00254867077 4.15757576
990 4116 2.54869593 0.00254869593 4.15757576
990 4116 2.54869686 0.00254869686 4.15757576
990 4116 2.54868964 0.00254868964 4.15757576
990 4116 2.5486848 0.0025486848 4.15757576
990 4116 2.54868336 0.00254868336 4.15757576
990 4116 2.54868236 0.00254868236 4.15757576
990 4116 2.54868273 0.00254868273 4.15757576
989 4106 2.54776349 0.00254776349 4.15166835
989 4106 2.54777065 0.00254777065 4.15166835
989 4106 2.54776731 0.00254776731 4.15166835
989 4106 2.54773014 0.00254773014 4.15166835
989 4106 2.54768792 0.00254768792 4.15166835
989 4106 2.54766522 0.00254766522 4.15166835
989 4106 2.54765183 0.00254765183 4.15166835
989 4106 2.54764333 0.00254764333 4.15166835
989 4106 2.54763907 0.00254763907 4.15166835
989 4106 2.54764027 0.00254764027 4.15166835
988 4095 2.54266857 0.00254266857 4.14473684
988 4095 2.54275765 0.00254275765 4.14473684
988 4095 2.54280454 0.00254280454 4.14473684
988 4095 2.54279868 0.00254279868 4.14473684
988 4095 2.542772 0.002542772 4.14473684
988 4095 2.5427375 0.0025427375 4.14473684
988 4095 2.54270552 0.00254270552 4.14473684
988 4095 2.54286224 0.00254286224 4.14473684
988 4095 2.54285037 0.00254285037 4.14473684
988 4095 2.54280327 0.00254280327 4.14473684
987 4082 2.53605892 0.00253605892 4.13576494
987 4081 2.53278002 0.00253278002 4.13475177
987 4082 2.53611058 0.00253611058 4.13576494
987 4082 2.53614769 0.00253614769 4.13576494
987 4082 2.5360959 0.0025360959 4.13576494
987 4082 2.53610383 0.00253610383 4.13576494
987 4082 2.53611695 0.00253611695 4.13576494
987 4082 2.53609663 0.00253609663 4.13576494
987 4079 2.53116671 0.00253116671 4.13272543
987 4082 2.53601972 0.00253601972 4.13576494
986 4068 2.52633104 0.00252633104 4.12576065
986 4068 2.52634281 0.00252634281 4.12576065
986 4068 2.52629404 0.00252629404 4.12576065
986 4068 2.52633353 0.00252633353 4.12576065
986 4068 2.526347 0.002526347 4.12576065
986 4068 2.52634185 0.00252634185 4.12576065
986 4068 2.52636675 0.00252636675 4.12576065
986 4068 2.52637381 0.00252637381 4.12576065
986 4068 2.5263764 0.0025263764 4.12576065
986 4068 2.52638241 0.00252638241 4.12576065
985 4058 2.52532046 0.00252532046 4.11979695
985 4058 2.52526846 0.00252526846 4.11979695
985 4058 2.52517415 0.00252517415 4.11979695
985 4058 2.52511767 0.00252511767 4.11979695
985 4058 2.5250195 0.0025250195 4.11979695
985 4058 2.5249642 0.0025249642 4.11979695
985 4058 2.52490401 0.00252490401 4.11979695
985 4058 2.52489324 0.00252489324 4.11979695
985 4058 2.52488666 0.00252488666 4.11979695
985 4058 2.52488521 0.00252488521 4.11979695
984 4050 2.5133164 0.0025133164 4.11585366
984 4052 2.51969384 0.00251969384 4.11788618
984 4052 2.51975748 0.00251975748 4.11788618
984 4052 2.51967565 0.00251967565 4.11788618
984 4053 2.52366948 0.00252366948 4.11890244
984 4052 2.51965111 0.00251965111 4.11788618
984 4052 2.51974471 0.00251974471 4.11788618
984 4052 2.51969076 0.00251969076 4.11788618
984 4052 2.51967802 0.00251967802 4.11788618
984 4052 2.5196977 0.0025196977 4.11788618
983 4047 2.51821456 0.00251821456 4.11698881
983 4047 2.51821577 0.00251821577 4.11698881
983 4047 2.51820252 0.00251820252 4.11698881
983 4047 2.51820951 0.00251820951 4.11698881
983 4047 2.51828726 0.00251828726 4.11698881
983 4047 2.51828687 0.00251828687 4.11698881
983 4047 2.51819109 0.00251819109 4.11698881
983 4047 2.51816452 0.00251816452 4.11698881
983 4047 2.5183174 0.0025183174 4.11698881
983 4047 2.51823017 0.00251823017 4.11698881
982 4037 2.50879559 0.00250879559 4.11099796
982 4040 2.50913174 0.00250913174 4.11405295
982 4040 2.5091915 0.0025091915 4.11405295
982 4040 2.50912431 0.00250912431 4.11405295
982 4040 2.50917874 0.00250917874 4.11405295
982 4040 2.50910206 0.00250910206 4.11405295
982 4040 2.5091125 0.0025091125 4.11405295
982 4040 2.5090509 0.0025090509 4.11405295
982 4040 2.50907228 0.00250907228 4.11405295
982 4040 2.50909031 0.00250909031 4.11405295
981 4030 2.49975648 0.00249975648 4.10805301
981 4030 2.49977456 0.00249977456 4.10805301
981 4030 2.49972417 0.00249972417 4.10805301
981 4030 2.49972908 0.00249972908 4.10805301
981 4031 2.50038099 0.00250038099 4.10907238
981 4030 2.49979682 0.00249979682 4.10805301
981 4030 2.4997124 0.0024997124 4.10805301
981 4031 2.50038705 0.00250038705 4.10907238
981 4031 2.50039102 0.00250039102 4.10907238
981 4031 2.50043255 0.00250043255 4.10907238
980 4021 2.49122548 0.00249122548 4.10306122
980 4021 2.4911732 0.0024911732 4.10306122
980 4021 2.49124126 0.00249124126 4.10306122
980 4021 2.49123963 0.00249123963 4.10306122
980 4021 2.49117319 0.00249117319 4.10306122
980 4021 2.49119518 0.00249119518 4.10306122
980 4021 2.49113121 0.00249113121 4.10306122
980 4022 2.49049942 0.00249049942 4.10408163
980 4023 2.4911416 0.0024911416 4.10510204
980 4023 2.49121306 0.00249121306 4.10510204
979 4013 2.48203752 0.00248203752 4.09908069
979 4013 2.48208447 0.00248208447 4.09908069
979 4013 2.48006243 0.00248006243 4.09908069
979 4013 2.47992764 0.00247992764 4.09908069
979 4012 2.48082461 0.00248082461 4.09805924
979 4010 2.4745114 0.0024745114 4.09601634
979 4013 2.48433648 0.00248433648 4.09908069
979 4015 2.48229093 0.00248229093 4.1011236
979 4015 2.48223293 0.00248223293 4.1011236
979 4015 2.48225731 0.00248225731 4.1011236
978 4005 2.47319081 0.00247319081 4.09509202
978 4005 2.47317694 0.00247317694 4.09509202
978 4005 2.47321992 0.00247321992 4.09509202
978 4005 2.47315818 0.00247315818 4.09509202
978 4005 2.47099384 0.00247099384 4.09509202
978 4007 2.4732842 0.0024732842 4.09713701
978 4007 2.47328207 0.00247328207 4.09713701
978 4005 2.47317861 0.00247317861 4.09509202
978 4005 2.47326667 0.00247326667 4.09509202
978 4005 2.47525165 0.00247525165 4.09509202
977 3997 2.46430069 0.00246430069 4.09109519
977 3997 2.46427011 0.00246427011 4.09109519
977 3997 2.46429204 0.00246429204 4.09109519
977 3997 2.46421726 0.00246421726 4.09109519
977 3997 2.46435883 0.00246435883 4.09109519
977 3997 2.46426451 0.00246426451 4.09109519
977 3997 2.46419441 0.00246419441 4.09109519
977 3997 2.46420952 0.00246420952 4.09109519
977 3997 2.46425901 0.00246425901 4.09109519
977 3997 2.46428973 0.00246428973 4.09109519
976 3987 2.45587315 0.00245587315 4.08504098
976 3987 2.45579932 0.00245579932 4.08504098
976 3987 2.45586463 0.00245586463 4.08504098
976 3987 2.4558171 0.0024558171 4.08504098
976 3988 2.45595384 0.00245595384 4.08606557
976 3988 2.45604883 0.00245604883 4.08606557
976 3988 2.45604255 0.00245604255 4.08606557
976 3988 2.45591248 0.00245591248 4.08606557
976 3988 2.455912 0.002455912 4.08606557
976 3988 2.45592735 0.00245592735 4.08606557
975 3978 2.4476197 0.0024476197 4.08
975 3978 2.44768651 0.00244768651 4.08
975 3978 2.44763852 0.00244763852 4.08
975 3978 2.44766366 0.00244766366 4.08
975 3978 2.44765528 0.00244765528 4.08
975 3978 2.44766008 0.00244766008 4.08
975 3978 2.4476658 0.0024476658 4.08
975 3978 2.44766788 0.00244766788 4.08
975 3978 2.44766876 0.00244766876 4.08
975 3978 2.44767449 0.00244767449 4.08
974 3970 2.44464095 0.00244464095 4.07597536
974 3970 2.4446803 0.0024446803 4.07597536
974 3970 2.435164 0.002435164 4.07597536
974 3972 2.43554227 0.00243554227 4.07802875
974 3974 2.43676381 0.00243676381 4.08008214
974 3975 2.4384445 0.0024384445 4.08110883
974 3974 2.43922318 0.00243922318 4.08008214
974 3974 2.43601447 0.00243601447 4.08008214
974 3976 2.43991594 0.00243991594 4.08213552
974 3976 2.44280947 0.00244280947 4.08213552
973 3968 2.43710278 0.00243710278 4.07810894
973 3967 2.43607932 0.00243607932 4.07708119
973 3964 2.43096904 0.00243096904 4.07399794
973 3968 2.43712643 0.00243712643 4.07810894
973 3968 2.43703546 0.00243703546 4.07810894
973 3968 2.43707036 0.00243707036 4.07810894
973 3968 2.43700991 0.00243700991 4.07810894
973 3968 2.43708046 0.00243708046 4.07810894
973 3968 2.43705541 0.00243705541 4.07810894
973 3968 2.43697581 0.00243697581 4.07810894
972 3958 2.42856745 0.00242856745 4.07201646
972 3958 2.42861067 0.00242861067 4.07201646
972 3958 2.42921515 0.00242921515 4.07201646
972 3958 2.42874196 0.00242874196 4.07201646
972 3958 2.42926488 0.00242926488 4.07201646
972 3956 2.42360395 0.00242360395 4.06995885
972 3958 2.42909586 0.00242909586 4.07201646
972 3958 2.42913476 0.00242913476 4.07201646
972 3958 2.42863681 0.00242863681 4.07201646
972 3958 2.42865176 0.00242865176 4.07201646
971 3948 2.42092864 0.00242092864 4.06591143
971 3948 2.42103611 0.00242103611 4.06591143
971 3948 2.42094269 0.00242094269 4.06591143
971 3948 2.42109863 0.00242109863 4.06591143
971 3948 2.42077933 0.00242077933 4.06591143
971 3948 2.42084477 0.00242084477 4.06591143
971 3948 2.42099673 0.00242099673 4.06591143
971 3948 2.42085766 0.00242085766 4.06591143
971 3948 2.42084591 0.00242084591 4.06591143
971 3948 2.42100695 0.00242100695 4.06591143
970 3941 2.40927724 0.00240927724 4.0628866
970 3941 2.40929901 0.00240929901 4.0628866
970 3941 2.40940705 0.00240940705 4.0628866
970 3939 2.41079647 0.00241079647 4.06082474
970 3941 2.40926503 0.00240926503 4.0628866
970 3941 2.409294 0.002409294 4.0628866
970 3941 2.40934904 0.00240934904 4.0628866
970 3941 2.40938983 0.00240938983 4.0628866
970 3941 2.40938326 0.00240938326 4.0628866
970 3941 2.40939083 0.00240939083 4.0628866
969 3932 2.3993414 0.0023993414 4.05779154
969 3932 2.39930772 0.00239930772 4.05779154
969 3932 2.39929118 0.00239929118 4.05779154
969 3932 2.39923114 0.00239923114 4.05779154
969 3932 2.39932084 0.00239932084 4.05779154
969 3932 2.39925479 0.00239925479 4.05779154
969 3932 2.39926744 0.00239926744 4.05779154
969 3932 2.39931244 0.00239931244 4.05779154
969 3932 2.39926545 0.00239926545 4.05779154
969 3932 2.3993045 0.0023993045 4.05779154
968 3923 2.39147074 0.00239147074 4.05268595
968 3925 2.39299884 0.00239299884 4.05475207
968 3923 2.3915473 0.0023915473 4.05268595
968 3923 2.39151311 0.00239151311 4.05268595
968 3923 2.39150713 0.00239150713 4.05268595
968 3923 2.3914627 0.0023914627 4.05268595
968 3923 2.3914757 0.0023914757 4.05268595
968 3923 2.39150586 0.00239150586 4.05268595
968 3923 2.39147289 0.00239147289 4.05268595
968 3923 2.39150348 0.00239150348 4.05268595
967 3916 2.38641255 0.00238641255 4.04963806
967 3916 2.38641015 0.00238641015 4.04963806
967 3916 2.38639314 0.00238639314 4.04963806
967 3916 2.38638942 0.00238638942 4.04963806
967 3916 2.38638739 0.00238638739 4.04963806
967 3916 2.38638411 0.00238638411 4.04963806
967 3916 2.38638528 0.00238638528 4.04963806
967 3916 2.3863859 0.0023863859 4.04963806
967 3916 2.38638898 0.00238638898 4.04963806
967 3916 2.38638951 0.00238638951 4.04963806
966 3907 2.3836744 0.0023836744 4.04451346
966 3907 2.38357571 0.00238357571 4.04451346
966 3907 2.38356108 0.00238356108 4.04451346
966 3907 2.38362353 0.00238362353 4.04451346
966 3907 2.38361672 0.00238361672 4.04451346
966 3907 2.38361207 0.00238361207 4.04451346
966 3907 2.38361028 0.00238361028 4.04451346
966 3907 2.38361086 0.00238361086 4.04451346
966 3907 2.38361333 0.00238361333 4.04451346
966 3907 2.38361452 0.00238361452 4.04451346
965 3900 2.37100654 0.00237100654 4.04145078
965 3900 2.37180079 0.00237180079 4.04145078
965 3900 2.37112972 0.00237112972 4.04145078
965 3900 2.37126567 0.00237126567 4.04145078
965 3900 2.37121934 0.00237121934 4.04145078
965 3900 2.37106478 0.00237106478 4.04145078
965 3900 2.37113381 0.00237113381 4.04145078
965 3900 2.37110525 0.00237110525 4.04145078
965 3900 2.37123298 0.00237123298 4.04145078
965 3900 2.37109552 0.00237109552 4.04145078
964 3893 2.36111065 0.00236111065 4.03838174
964 3893 2.36106709 0.00236106709 4.03838174
964 3893 2.36096778 0.00236096778 4.03838174
964 3893 2.36102842 0.00236102842 4.03838174
964 3893 2.36104031 0.00236104031 4.03838174
964 3893 2.3610256 0.0023610256 4.03838174
964 3893 2.36102355 0.00236102355 4.03838174
964 3893 2.36101387 0.00236101387 4.03838174
964 3893 2.36101817 0.00236101817 4.03838174
964 3893 2.36103158 0.00236103158 4.03838174
963 3885 2.36094008 0.00236094008 4.03426791
963 3885 2.36095215 0.00236095215 4.03426791
963 3885 2.36095312 0.00236095312 4.03426791
963 3885 2.36094033 0.00236094033 4.03426791
963 3885 2.36092432 0.00236092432 4.03426791
963 3885 2.36095039 0.00236095039 4.03426791
963 3885 2.36098766 0.00236098766 4.03426791
963 3882 2.35254817 0.00235254817 4.03115265
963 3882 2.35253453 0.00235253453 4.03115265
963 3882 2.35255384 0.00235255384 4.03115265
962 3874 2.35260736 0.00235260736 4.02702703
962 3874 2.35256148 0.00235256148 4.02702703
962 3874 2.35254222 0.00235254222 4.02702703
962 3874 2.35252219 0.00235252219 4.02702703
962 3874 2.35256801 0.00235256801 4.02702703
962 3873 2.34593831 0.00234593831 4.02598753
962 3874 2.35249714 0.00235249714 4.02702703
962 3874 2.35257768 0.00235257768 4.02702703
962 3874 2.35258423 0.00235258423 4.02702703
962 3874 2.35260328 0.00235260328 4.02702703
961 3865 2.34581648 0.00234581648 4.02185224
961 3866 2.3464555 0.0023464555 4.02289282
961 3865 2.34584216 0.00234584216 4.02185224
961 3868 2.34811285 0.00234811285 4.02497399
961 3866 2.34656172 0.00234656172 4.02289282
961 3865 2.34579151 0.00234579151 4.02185224
961 3865 2.34583912 0.00234583912 4.02185224
961 3866 2.34648455 0.00234648455 4.02289282
961 3866 2.34654418 0.00234654418 4.02289282
961 3866 2.34649305 0.00234649305 4.02289282
960 3857 2.33986615 0.00233986615 4.01770833
960 3857 2.33987531 0.00233987531 4.01770833
960 3857 2.33988748 0.00233988748 4.01770833
960 3857 2.33990729 0.00233990729 4.01770833
960 3857 2.3399037 0.0023399037 4.01770833
960 3857 2.33990581 0.00233990581 4.01770833
960 3857 2.33990874 0.00233990874 4.01770833
960 3857 2.33991274 0.00233991274 4.01770833
960 3857 2.33991156 0.00233991156 4.01770833
960 3857 2.33991027 0.00233991027 4.01770833
959 3850 2.33922183 0.00233922183 4.01459854
959 3850 2.33925757 0.00233925757 4.01459854
959 3846 2.32753509 0.00232753509 4.01042753
959 3850 2.33905796 0.00233905796 4.01459854
959 3846 2.3275645 0.0023275645 4.01042753
959 3846 2.32756513 0.00232756513 4.01042753
959 3846 2.32760377 0.00232760377 4.01042753
959 3846 2.32757437 0.00232757437 4.01042753
959 3846 2.32758536 0.00232758536 4.01042753
959 3846 2.32757371 0.00232757371 4.01042753
958 3839 2.32690084 0.00232690084 4.00730689
958 3839 2.32695318 0.00232695318 4.00730689
958 3839 2.32697582 0.00232697582 4.00730689
958 3839 2.32700053 0.00232700053 4.00730689
958 3839 2.32695417 0.00232695417 4.00730689
958 3839 2.32691457 0.00232691457 4.00730689
958 3839 2.32688599 0.00232688599 4.00730689
958 3839 2.32688668 0.00232688668 4.00730689
958 3839 2.32688209 0.00232688209 4.00730689
958 3839 2.32689152 0.00232689152 4.00730689
957 3830 2.31427374 0.00231427374 4.00208986
957 3830 2.3143127 0.0023143127 4.00208986
957 3834 2.31407208 0.00231407208 4.00626959
957 3834 2.31408455 0.00231408455 4.00626959
957 3834 2.31386268 0.00231386268 4.00626959
957 3834 2.31418798 0.00231418798 4.00626959
957 3834 2.3141461 0.0023141461 4.00626959
957 3834 2.31411096 0.00231411096 4.00626959
957 3834 2.3140725 0.0023140725 4.00626959
957 3834 2.31404125 0.00231404125 4.00626959
956 3825 2.30143457 0.00230143457 4.00104603
956 3825 2.30122036 0.00230122036 4.00104603
956 3825 2.3012946 0.0023012946 4.00104603
956 3825 2.30132639 0.00230132639 4.00104603
956 3825 2.30126895 0.00230126895 4.00104603
956 3825 2.30125813 0.00230125813 4.00104603
956 3825 2.30141369 0.00230141369 4.00104603
956 3825 2.30154046 0.00230154046 4.00104603
956 3825 2.30158518 0.00230158518 4.00104603
956 3825 2.3016498 0.0023016498 4.00104603
955 3814 2.28445814 0.00228445814 3.99371728
955 3814 2.28465375 0.00228465375 3.99371728
955 3817 2.29073281 0.00229073281 3.99685864
955 3814 2.28398327 0.00228398327 3.99371728
955 3817 2.29056387 0.00229056387 3.99685864
955 3817 2.29048911 0.00229048911 3.99685864
955 3817 2.2904424 0.0022904424 3.99685864
955 3817 2.29023284 0.00229023284 3.99685864
955 3817 2.29024048 0.00229024048 3.99685864
955 3817 2.2904056 0.0022904056 3.99685864
954 3806 2.27364554 0.00227364554 3.98951782
954 3806 2.27366077 0.00227366077 3.98951782
954 3806 2.27382294 0.00227382294 3.98951782
954 3806 2.2741403 0.0022741403 3.98951782
954 3806 2.27397605 0.00227397605 3.98951782
954 3806 2.27403854 0.00227403854 3.98951782
954 3806 2.2740992 0.0022740992 3.98951782
954 3806 2.27408393 0.00227408393 3.98951782
954 3806 2.27413674 0.00227413674 3.98951782
954 3806 2.27411815 0.00227411815 3.98951782
953 3799 2.25522195 0.00225522195 3.98635887
953 3799 2.25524785 0.00225524785 3.98635887
953 3801 2.26326997 0.00226326997 3.9884575
953 3799 2.25514214 0.00225514214 3.98635887
953 3799 2.25527599 0.00225527599 3.98635887
953 3799 2.25509644 0.00225509644 3.98635887
953 3799 2.25521128 0.00225521128 3.98635887
953 3799 2.25517232 0.00225517232 3.98635887
953 3799 2.25527901 0.00225527901 3.98635887
953 3799 2.2549342 0.0022549342 3.98635887
952 3794 2.2448356 0.0022448356 3.98529412
952 3794 2.24493511 0.00224493511 3.98529412
952 3796 2.24777463 0.00224777463 3.98739496
952 3794 2.24470575 0.00224470575 3.98529412
952 3796 2.2477937 0.0022477937 3.98739496
952 3794 2.24487847 0.00224487847 3.98529412
952 3794 2.24481791 0.00224481791 3.98529412
952 3794 2.24491439 0.00224491439 3.98529412
952 3794 2.24484123 0.00224484123 3.98529412
952 3794 2.24483299 0.00224483299 3.98529412
951 3791 2.23773102 0.00223773102 3.98633018
951 3791 2.23772475 0.00223772475 3.98633018
951 3791 2.23759189 0.00223759189 3.98633018
951 3791 2.23762016 0.00223762016 3.98633018
951 3791 2.23769511 0.00223769511 3.98633018
951 3791 2.23799821 0.00223799821 3.98633018
951 3791 2.23748846 0.00223748846 3.98633018
951 3791 2.23759086 0.00223759086 3.98633018
951 3791 2.23808022 0.00223808022 3.98633018
951 3791 2.23736036 0.00223736036 3.98633018
950 3784 2.21950489 0.00221950489 3.98315789
950 3784 2.21628193 0.00221628193 3.98315789
950 3783 2.2188893 0.0022188893 3.98210526
950 3781 2.22481883 0.00222481883 3.98
950 3785 2.23485004 0.00223485004 3.98421053
950 3789 2.2350313 0.0022350313 3.98842105
950 3792 2.23559485 0.00223559485 3.99157895
950 3791 2.2322549 0.0022322549 3.99052632
950 3788 2.23344425 0.00223344425 3.98736842
950 3790 2.2243916 0.0022243916 3.98947368
949 3779 2.20926407 0.00220926407 3.98208641
949 3779 2.20944121 0.00220944121 3.98208641
949 3779 2.20918428 0.00220918428 3.98208641
949 3779 2.2092184 0.0022092184 3.98208641
949 3779 2.20903192 0.00220903192 3.98208641
949 3779 2.20907027 0.00220907027 3.98208641
949 3779 2.20901434 0.00220901434 3.98208641
949 3779 2.20917521 0.00220917521 3.98208641
949 3779 2.20912774 0.00220912774 3.98208641
949 3779 2.20902097 0.00220902097 3.98208641
948 3774 2.20012613 0.00220012613 3.98101266
948 3774 2.20023234 0.00220023234 3.98101266
948 3774 2.20028747 0.00220028747 3.98101266
948 3774 2.20019912 0.00220019912 3.98101266
948 3774 2.2001736 0.0022001736 3.98101266
948 3774 2.20004208 0.00220004208 3.98101266
948 3774 2.2004963 0.0022004963 3.98101266
948 3774 2.20064873 0.00220064873 3.98101266
948 3765 2.18946915 0.00218946915 3.97151899
948 3774 2.20022812 0.00220022812 3.98101266
947 3767 2.20007498 0.00220007498 3.97782471
947 3767 2.19898659 0.00219898659 3.97782471
947 3767 2.19867401 0.00219867401 3.97782471
947 3767 2.19868955 0.00219868955 3.97782471
947 3767 2.19998733 0.00219998733 3.97782471
947 3760 2.18210334 0.00218210334 3.97043295
947 3760 2.18098469 0.00218098469 3.97043295
947 3760 2.18125217 0.00218125217 3.97043295
947 3760 2.18150339 0.00218150339 3.97043295
947 3760 2.18107479 0.00218107479 3.97043295
946 3749 2.17257958 0.00217257958 3.96300211
946 3749 2.1721291 0.0021721291 3.96300211
946 3749 2.17245331 0.00217245331 3.96300211
946 3751 2.16349776 0.00216349776 3.96511628
946 3749 2.17259282 0.00217259282 3.96300211
946 3749 2.17221545 0.00217221545 3.96300211
946 3749 2.17239772 0.00217239772 3.96300211
946 3749 2.17257081 0.00217257081 3.96300211
946 3749 2.17198861 0.00217198861 3.96300211
946 3749 2.17259613 0.00217259613 3.96300211
945 3740 2.15461272 0.00215461272 3.95767196
945 3740 2.15430237 0.00215430237 3.95767196
945 3740 2.15444929 0.00215444929 3.95767196
945 3744 2.16163755 0.00216163755 3.96190476
945 3744 2.16209835 0.00216209835 3.96190476
945 3744 2.1613932 0.0021613932 3.96190476
945 3744 2.16225268 0.00216225268 3.96190476
945 3740 2.15535849 0.00215535849 3.95767196
945 3740 2.1541051 0.0021541051 3.95767196
945 3744 2.16176402 0.00216176402 3.96190476
944 3735 2.15728853 0.00215728853 3.9565678
944 3735 2.14505389 0.00214505389 3.9565678
944 3735 2.14406792 0.00214406792 3.9565678
944 3739 2.13694074 0.00213694074 3.96080508
944 3735 2.14443348 0.00214443348 3.9565678
944 3735 2.13870325 0.00213870325 3.9565678
944 3739 2.14269684 0.00214269684 3.96080508
944 3742 2.15200914 0.00215200914 3.96398305
943 3728 2.13476333 0.00213476333 3.9533404
943 3728 2.13017064 0.00213017064 3.9533404
942 3723 2.12559785 0.00212559785 3.9522293
942 3723 2.12555306 0.00212555306 3.9522293
942 3723 2.12550341 0.00212550341 3.9522293
942 3723 2.12555491 0.00212555491 3.9522293
942 3723 2.12558597 0.00212558597 3.9522293
942 3723 2.12557292 0.00212557292 3.9522293
942 3723 2.12560462 0.00212560462 3.9522293
942 3723 2.12559481 0.00212559481 3.9522293
942 3723 2.12559575 0.00212559575 3.9522293
942 3723 2.12558861 0.00212558861 3.9522293
941 3714 2.12092284 0.00212092284 3.94686504
941 3714 2.12091183 0.00212091183 3.94686504
941 3714 2.12098826 0.00212098826 3.94686504
941 3714 2.12095006 0.00212095006 3.94686504
941 3714 2.12099065 0.00212099065 3.94686504
941 3714 2.12105355 0.00212105355 3.94686504
941 3714 2.12104771 0.00212104771 3.94686504
941 3714 2.12102464 0.00212102464 3.94686504
941 3714 2.12102606 0.00212102606 3.94686504
941 3714 2.12102266 0.00212102266 3.94686504
940 3704 2.1082459 0.0021082459 3.94042553
940 3704 2.1081049 0.0021081049 3.94042553
940 3704 2.10809488 0.00210809488 3.94042553
940 3704 2.10808543 0.00210808543 3.94042553
940 3704 2.10814722 0.00210814722 3.94042553
940 3704 2.10811759 0.00210811759 3.94042553
940 3704 2.10812922 0.00210812922 3.94042553
940 3704 2.10813584 0.00210813584 3.94042553
940 3704 2.10813133 0.00210813133 3.94042553
940 3704 2.10814946 0.00210814946 3.94042553
939 3693 2.09634208 0.00209634208 3.93290735
939 3693 2.09637736 0.00209637736 3.93290735
939 3693 2.09636051 0.00209636051 3.93290735
939 3693 2.09634737 0.00209634737 3.93290735
939 3699 2.09500932 0.00209500932 3.93929712
939 3693 2.09639534 0.00209639534 3.93290735
939 3693 2.09635378 0.00209635378 3.93290735
939 3693 2.0963505 0.0020963505 3.93290735
939 3693 2.09627778 0.00209627778 3.93290735
939 3693 2.09639584 0.00209639584 3.93290735
938 3688 2.08343143 0.00208343143 3.93176972
938 3688 2.08354354 0.00208354354 3.93176972
938 3685 2.09167327 0.00209167327 3.92857143
938 3685 2.09178552 0.00209178552 3.92857143
938 3685 2.09177553 0.00209177553 3.92857143
938 3688 2.0836332 0.0020836332 3.93176972
938 3685 2.09166718 0.00209166718 3.92857143
938 3685 2.09170267 0.00209170267 3.92857143
938 3685 2.09164787 0.00209164787 3.92857143
938 3685 2.09165834 0.00209165834 3.92857143
937 3680 2.07894054 0.00207894054 3.92742796
937 3680 2.07916718 0.00207916718 3.92742796
937 3680 2.07883231 0.00207883231 3.92742796
937 3680 2.07895455 0.00207895455 3.92742796
937 3680 2.07900958 0.00207900958 3.92742796
937 3680 2.07897452 0.00207897452 3.92742796
937 3680 2.07898211 0.00207898211 3.92742796
937 3680 2.07896322 0.00207896322 3.92742796
937 3680 2.07896505 0.00207896505 3.92742796
937 3680 2.07898873 0.00207898873 3.92742796
936 3669 2.06483711 0.00206483711 3.91987179
936 3673 2.07058029 0.00207058029 3.9241453
936 3673 2.0706522 0.0020706522 3.9241453
936 3667 2.06925228 0.00206925228 3.91773504
936 3669 2.06461595 0.00206461595 3.91987179
936 3670 2.0611263 0.0020611263 3.92094017
936 3670 2.06116999 0.00206116999 3.92094017
936 3670 2.06125445 0.00206125445 3.92094017
936 3670 2.06106111 0.00206106111 3.92094017
936 3670 2.0612941 0.0020612941 3.92094017
935 3663 2.05407603 0.00205407603 3.91764706
935 3662 2.0454593 0.0020454593 3.91657754
935 3663 2.05404769 0.00205404769 3.91764706
935 3665 2.06176475 0.00206176475 3.9197861
935 3666 2.06047891 0.00206047891 3.92085561
935 3666 2.06360648 0.00206360648 3.92085561
935 3666 2.06329258 0.00206329258 3.92085561
935 3666 2.06324979 0.00206324979 3.92085561
935 3666 2.06330417 0.00206330417 3.92085561
935 3663 2.05409666 0.00205409666 3.91764706
934 3655 2.04958725 0.00204958725 3.91327623
934 3655 2.04966644 0.00204966644 3.91327623
934 3655 2.03858898 0.00203858898 3.91327623
934 3655 2.03831576 0.00203831576 3.91327623
934 3655 2.0384899 0.0020384899 3.91327623
934 3655 2.04971949 0.00204971949 3.91327623
934 3655 2.04992232 0.00204992232 3.91327623
934 3655 2.04974035 0.00204974035 3.91327623
934 3655 2.04963551 0.00204963551 3.91327623
934 3655 2.04963366 0.00204963366 3.91327623
933 3647 2.03407387 0.00203407387 3.90889603
933 3650 2.04976717 0.00204976717 3.91211147
933 3647 2.03412787 0.00203412787 3.90889603
933 3647 2.03421149 0.00203421149 3.90889603
933 3647 2.03391195 0.00203391195 3.90889603
933 3647 2.03389559 0.00203389559 3.90889603
933 3647 2.03405185 0.00203405185 3.90889603
933 3650 2.04959221 0.00204959221 3.91211147
933 3650 2.04977714 0.00204977714 3.91211147
933 3647 2.03416626 0.00203416626 3.90889603
932 3640 2.03344867 0.00203344867 3.9055794
932 3640 2.03346925 0.00203346925 3.9055794
932 3642 2.0341298 0.0020341298 3.90772532
932 3642 2.03384413 0.00203384413 3.90772532
932 3638 2.02256095 0.00202256095 3.90343348
932 3642 2.03385877 0.00203385877 3.90772532
932 3638 2.02239794 0.00202239794 3.90343348
932 3641 2.03775166 0.00203775166 3.90665236
932 3638 2.02254705 0.00202254705 3.90343348
932 3638 2.02246388 0.00202246388 3.90343348
931 3633 2.02246276 0.00202246276 3.90225564
931 3633 2.02245731 0.00202245731 3.90225564
931 3633 2.02250045 0.00202250045 3.90225564
931 3634 2.01435572 0.00201435572 3.90332975
931 3638 2.02531739 0.00202531739 3.90762621
931 3633 2.02259065 0.00202259065 3.90225564
931 3633 2.02254322 0.00202254322 3.90225564
931 3633 2.02246469 0.00202246469 3.90225564
931 3633 2.02258886 0.00202258886 3.90225564
931 3633 2.02263212 0.00202263212 3.90225564
930 3629 2.01454393 0.00201454393 3.90215054
930 3629 2.0145349 0.0020145349 3.90215054
930 3629 2.01443281 0.00201443281 3.90215054
930 3629 2.01435538 0.00201435538 3.90215054
930 3629 2.0140658 0.0020140658 3.90215054
930 3623 2.00713594 0.00200713594 3.89569892
930 3629 2.01431462 0.00201431462 3.90215054
930 3629 2.01441879 0.00201441879 3.90215054
930 3629 2.01440687 0.00201440687 3.90215054
930 3629 2.01416139 0.00201416139 3.90215054
929 3619 1.99904798 0.00199904798 3.89558665
929 3621 2.00078058 0.00200078058 3.8977395
928 3616 1.99510403 0.00199510403 3.89655172
928 3611 1.98033767 0.00198033767 3.89116379
928 3616 1.99466481 0.00199466481 3.89655172
928 3614 1.98472139 0.00198472139 3.89439655
928 3614 1.98472158 0.00198472158 3.89439655
928 3614 1.97724687 0.00197724687 3.89439655
928 3611 1.97882164 0.00197882164 3.89116379
928 3608 1.97217846 0.00197217846 3.88793103
927 3600 1.96777353 0.00196777353 3.88349515
927 3598 1.96114637 0.00196114637 3.88133765
927 3598 1.96162393 0.00196162393 3.88133765
927 3602 1.9571812 0.0019571812 3.88565264
927 3603 1.96525641 0.00196525641 3.88673139
927 3600 1.96556723 0.00196556723 3.88349515
926 3596 1.95901192 0.00195901192 3.88336933
926 3592 1.94819886 0.00194819886 3.87904968
926 3596 1.95161847 0.00195161847 3.88336933
926 3598 1.9561716 0.0019561716 3.88552916
925 3587 1.94810265 0.00194810265 3.87783784
925 3587 1.94442683 0.00194442683 3.87783784
925 3587 1.94809899 0.00194809899 3.87783784
924 3577 1.93451264 0.00193451264 3.87121212
924 3577 1.93477166 0.00193477166 3.87121212
924 3577 1.93468115 0.00193468115 3.87121212
924 3577 1.93471818 0.00193471818 3.87121212
924 3577 1.93471311 0.00193471311 3.87121212
924 3577 1.93473441 0.00193473441 3.87121212
924 3577 1.93473263 0.00193473263 3.87121212
923 3571 1.92602498 0.00192602498 3.86890574
923 3569 1.93043622 0.00193043622 3.86673889
923 3571 1.92617991 0.00192617991 3.86890574
923 3571 1.92609289 0.00192609289 3.86890574
923 3571 1.92616288 0.00192616288 3.86890574
923 3571 1.92615239 0.00192615239 3.86890574
923 3571 1.92616982 0.00192616982 3.86890574
923 3571 1.92618402 0.00192618402 3.86890574
923 3571 1.92618657 0.00192618657 3.86890574
923 3571 1.92617464 0.00192617464 3.86890574
922 3563 1.92202713 0.00192202713 3.86442516
922 3563 1.92197707 0.00192197707 3.86442516
922 3563 1.92215552 0.00192215552 3.86442516
922 3563 1.92218013 0.00192218013 3.86442516
922 3563 1.9219338 0.0019219338 3.86442516
922 3563 1.92194304 0.00192194304 3.86442516
922 3563 1.92195889 0.00192195889 3.86442516
922 3563 1.92209088 0.00192209088 3.86442516
922 3563 1.92215744 0.00192215744 3.86442516
922 3563 1.92220648 0.00192220648 3.86442516
921 3556 1.90873286 0.00190873286 3.86102063
921 3557 1.92093338 0.00192093338 3.86210641
921 3557 1.92066528 0.00192066528 3.86210641
921 3557 1.92100067 0.00192100067 3.86210641
921 3557 1.92090984 0.00192090984 3.86210641
921 3557 1.92068958 0.00192068958 3.86210641
921 3557 1.92068113 0.00192068113 3.86210641
921 3557 1.92080305 0.00192080305 3.86210641
921 3557 1.92096146 0.00192096146 3.86210641
921 3557 1.92079024 0.00192079024 3.86210641
920 3550 1.90747622 0.00190747622 3.85869565
920 3552 1.9098373 0.0019098373 3.86086957
920 3553 1.90068476 0.00190068476 3.86195652
920 3550 1.90765007 0.00190765007 3.85869565
920 3550 1.90758046 0.00190758046 3.85869565
920 3550 1.90766112 0.00190766112 3.85869565
920 3550 1.90753833 0.00190753833 3.85869565
920 3550 1.90748235 0.00190748235 3.85869565
920 3550 1.90747077 0.00190747077 3.85869565
920 3550 1.90748898 0.00190748898 3.85869565
919 3545 1.89661307 0.00189661307 3.85745375
919 3545 1.89648976 0.00189648976 3.85745375
919 3544 1.90197973 0.00190197973 3.85636561
919 3545 1.89667327 0.00189667327 3.85745375
919 3545 1.89665618 0.00189665618 3.85745375
919 3545 1.89661463 0.00189661463 3.85745375
919 3545 1.89662797 0.00189662797 3.85745375
919 3545 1.8965997 0.0018965997 3.85745375
919 3545 1.89660656 0.00189660656 3.85745375
919 3545 1.89660835 0.00189660835 3.85745375
918 3539 1.89111056 0.00189111056 3.85511983
918 3539 1.89121288 0.00189121288 3.85511983
918 3539 1.8911861 0.0018911861 3.85511983
918 3539 1.89117065 0.00189117065 3.85511983
918 3539 1.89123596 0.00189123596 3.85511983
918 3539 1.89135611 0.00189135611 3.85511983
918 3539 1.89117444 0.00189117444 3.85511983
918 3539 1.89089571 0.00189089571 3.85511983
918 3539 1.89091721 0.00189091721 3.85511983
918 3539 1.89132295 0.00189132295 3.85511983
917 3529 1.87477708 0.00187477708 3.84841876
917 3534 1.8815336 0.0018815336 3.85387132
917 3530 1.87341196 0.00187341196 3.84950927
917 3529 1.87498488 0.00187498488 3.84841876
917 3529 1.87455291 0.00187455291 3.84841876
917 3529 1.87502909 0.00187502909 3.84841876
917 3529 1.87480344 0.00187480344 3.84841876
917 3529 1.87463529 0.00187463529 3.84841876
917 3529 1.87493159 0.00187493159 3.84841876
917 3529 1.87475322 0.00187475322 3.84841876
916 3524 1.86785481 0.00186785481 3.84716157
916 3524 1.86763055 0.00186763055 3.84716157
916 3524 1.86792714 0.00186792714 3.84716157
916 3524 1.86748128 0.00186748128 3.84716157
916 3524 1.86788545 0.00186788545 3.84716157
916 3524 1.8674801 0.0018674801 3.84716157
916 3524 1.8678268 0.0018678268 3.84716157
916 3524 1.86747038 0.00186747038 3.84716157
916 3524 1.86776531 0.00186776531 3.84716157
916 3524 1.86749299 0.00186749299 3.84716157
915 3518 1.8661689 0.0018661689 3.84480874
915 3518 1.86568025 0.00186568025 3.84480874
915 3518 1.86601542 0.00186601542 3.84480874
915 3513 1.85212447 0.00185212447 3.83934426
915 3513 1.85208574 0.00185208574 3.83934426
915 3518 1.85669344 0.00185669344 3.84480874
915 3518 1.85657762 0.00185657762 3.84480874
915 3518 1.856537 0.001856537 3.84480874
915 3518 1.86582617 0.00186582617 3.84480874
915 3518 1.86601447 0.00186601447 3.84480874
914 3512 1.85484837 0.00185484837 3.84245077
914 3507 1.85036476 0.00185036476 3.83698031
914 3512 1.85529351 0.00185529351 3.84245077
914 3512 1.85499092 0.00185499092 3.84245077
914 3512 1.85480215 0.00185480215 3.84245077
914 3512 1.85510593 0.00185510593 3.84245077
914 3512 1.85517491 0.00185517491 3.84245077
914 3512 1.85501146 0.00185501146 3.84245077
914 3512 1.85506757 0.00185506757 3.84245077
914 3512 1.85512455 0.00185512455 3.84245077
913 3501 1.83984829 0.00183984829 3.83461117
913 3501 1.83962772 0.00183962772 3.83461117
913 3501 1.83959545 0.00183959545 3.83461117
913 3501 1.83949145 0.00183949145 3.83461117
913 3501 1.83945769 0.00183945769 3.83461117
913 3501 1.83956634 0.00183956634 3.83461117
913 3501 1.83969271 0.00183969271 3.83461117
913 3501 1.83976611 0.00183976611 3.83461117
913 3501 1.83979281 0.00183979281 3.83461117
913 3501 1.83979951 0.00183979951 3.83461117
912 3491 1.82377602 0.00182377602 3.82785088
912 3491 1.8239091 0.0018239091 3.82785088
912 3491 1.82363138 0.00182363138 3.82785088
912 3495 1.83810017 0.00183810017 3.83223684
912 3491 1.82380921 0.00182380921 3.82785088
912 3491 1.82380661 0.00182380661 3.82785088
912 3495 1.82852884 0.00182852884 3.83223684
912 3495 1.82840222 0.00182840222 3.83223684
912 3491 1.82380417 0.00182380417 3.82785088
912 3491 1.8234194 0.0018234194 3.82785088
911 3485 1.81301325 0.00181301325 3.82546652
911 3485 1.81265389 0.00181265389 3.82546652
911 3485 1.8125925 0.0018125925 3.82546652
911 3485 1.8127179 0.0018127179 3.82546652
911 3485 1.81285439 0.00181285439 3.82546652
911 3485 1.81283142 0.00181283142 3.82546652
911 3485 1.81271306 0.00181271306 3.82546652
911 3485 1.81278738 0.00181278738 3.82546652
911 3485 1.81280909 0.00181280909 3.82546652
911 3485 1.81275613 0.00181275613 3.82546652
910 3479 1.81128989 0.00181128989 3.82307692
910 3479 1.81115079 0.00181115079 3.82307692
910 3479 1.81126761 0.00181126761 3.82307692
910 3479 1.81120834 0.00181120834 3.82307692
910 3479 1.81092781 0.00181092781 3.82307692
910 3479 1.81152938 0.00181152938 3.82307692
910 3479 1.8111983 0.0018111983 3.82307692
910 3477 1.79537987 0.00179537987 3.82087912
910 3477 1.79548608 0.00179548608 3.82087912
910 3479 1.81154365 0.00181154365 3.82307692
909 3472 1.79463668 0.00179463668 3.81958196
909 3472 1.80540053 0.00180540053 3.81958196
909 3471 1.79391504 0.00179391504 3.81848185
909 3471 1.79375273 0.00179375273 3.81848185
909 3472 1.79448466 0.00179448466 3.81958196
909 3470 1.77955586 0.00177955586 3.81738174
909 3470 1.78097794 0.00178097794 3.81738174
909 3468 1.77511807 0.00177511807 3.81518152
909 3473 1.778269 0.001778269 3.82068207
909 3470 1.77949583 0.00177949583 3.81738174
908 3463 1.77380408 0.00177380408 3.81387665
908 3463 1.77384649 0.00177384649 3.81387665
908 3463 1.77385115 0.00177385115 3.81387665
908 3462 1.76462284 0.00176462284 3.81277533
908 3462 1.76448705 0.00176448705 3.81277533
908 3462 1.76442056 0.00176442056 3.81277533
908 3463 1.77379655 0.00177379655 3.81387665
908 3463 1.77375888 0.00177375888 3.81387665
908 3463 1.77356844 0.00177356844 3.81387665
908 3463 1.77356885 0.00177356885 3.81387665
907 3455 1.75854069 0.00175854069 3.8092613
907 3455 1.75905033 0.00175905033 3.8092613
907 3455 1.75888249 0.00175888249 3.8092613
907 3455 1.75878638 0.00175878638 3.8092613
907 3455 1.75888974 0.00175888974 3.8092613
907 3455 1.75885735 0.00175885735 3.8092613
907 3455 1.75884197 0.00175884197 3.8092613
907 3455 1.75887058 0.00175887058 3.8092613
907 3455 1.75885076 0.00175885076 3.8092613
907 3455 1.75885255 0.00175885255 3.8092613
906 3449 1.75740705 0.00175740705 3.80684327
906 3449 1.75740751 0.00175740751 3.80684327
906 3449 1.75741104 0.00175741104 3.80684327
906 3449 1.75744013 0.00175744013 3.80684327
906 3449 1.75745228 0.00175745228 3.80684327
906 3449 1.75745097 0.00175745097 3.80684327
906 3449 1.75745735 0.00175745735 3.80684327
906 3449 1.75746246 0.00175746246 3.80684327
906 3449 1.75746398 0.00175746398 3.80684327
906 3449 1.75746393 0.00175746393 3.80684327
905 3443 1.75440326 0.00175440326 3.80441989
905 3443 1.75431606 0.00175431606 3.80441989
905 3441 1.74320702 0.00174320702 3.80220994
905 3443 1.75416151 0.00175416151 3.80441989
905 3443 1.75433898 0.00175433898 3.80441989
905 3441 1.74321524 0.00174321524 3.80220994
905 3443 1.75417408 0.00175417408 3.80441989
905 3443 1.75436088 0.00175436088 3.80441989
905 3443 1.7544894 0.0017544894 3.80441989
905 3443 1.75432477 0.00175432477 3.80441989
904 3435 1.74031829 0.00174031829 3.79977876
904 3435 1.74038706 0.00174038706 3.79977876
904 3435 1.74043474 0.00174043474 3.79977876
904 3435 1.74037363 0.00174037363 3.79977876
904 3435 1.74033821 0.00174033821 3.79977876
904 3435 1.74049987 0.00174049987 3.79977876
904 3437 1.74334858 0.00174334858 3.80199115
904 3436 1.75466797 0.00175466797 3.80088496
904 3436 1.7546192 0.0017546192 3.80088496
904 3436 1.75423345 0.00175423345 3.80088496
903 3428 1.74007536 0.00174007536 3.79623477
903 3430 1.74343104 0.00174343104 3.79844961
903 3429 1.74582652 0.00174582652 3.79734219
903 3428 1.74036159 0.00174036159 3.79623477
903 3428 1.74032866 0.00174032866 3.79623477
903 3428 1.74034539 0.00174034539 3.79623477
903 3428 1.74036598 0.00174036598 3.79623477
903 3428 1.74025974 0.00174025974 3.79623477
903 3428 1.74026933 0.00174026933 3.79623477
903 3428 1.74041381 0.00174041381 3.79623477
902 3421 1.7317452 0.0017317452 3.79268293
902 3422 1.72973144 0.00172973144 3.79379157
902 3421 1.73179073 0.00173179073 3.79268293
902 3421 1.73166899 0.00173166899 3.79268293
902 3421 1.73179651 0.00173179651 3.79268293
902 3421 1.7241874 0.0017241874 3.79268293
902 3421 1.72267027 0.00172267027 3.79268293
902 3423 1.73491773 0.00173491773 3.79490022
902 3423 1.7350122 0.0017350122 3.79490022
902 3423 1.7351411 0.0017351411 3.79490022
901 3416 1.72061021 0.00172061021 3.79134295
901 3416 1.72064373 0.00172064373 3.79134295
901 3415 1.72148293 0.00172148293 3.79023307
901 3415 1.72118172 0.00172118172 3.79023307
901 3415 1.72103028 0.00172103028 3.79023307
901 3412 1.71763018 0.00171763018 3.78690344
901 3410 1.71504334 0.00171504334 3.78468368
901 3409 1.72318834 0.00172318834 3.78357381
901 3408 1.71777267 0.00171777267 3.78246393
901 3408 1.71782311 0.00171782311 3.78246393
900 3402 1.71508491 0.00171508491 3.78
900 3402 1.71502563 0.00171502563 3.78
900 3402 1.71497089 0.00171497089 3.78
900 3402 1.71502747 0.00171502747 3.78
900 3402 1.71496695 0.00171496695 3.78
900 3402 1.71499251 0.00171499251 3.78
900 3402 1.7149715 0.0017149715 3.78
900 3402 1.71496189 0.00171496189 3.78
900 3402 1.71496136 0.00171496136 3.78
900 3402 1.7149615 0.0017149615 3.78
899 3396 1.70487142 0.00170487142 3.77753059
899 3395 1.70130656 0.00170130656 3.77641824
899 3394 1.68754771 0.00168754771 3.7753059
899 3399 1.6923514 0.0016923514 3.78086763
899 3395 1.69098342 0.00169098342 3.77641824
899 3394 1.68048948 0.00168048948 3.7753059
899 3395 1.69396719 0.00169396719 3.77641824
899 3394 1.68878274 0.00168878274 3.7753059
899 3396 1.69803837 0.00169803837 3.77753059
899 3395 1.69100161 0.00169100161 3.77641824
898 3388 1.68629181 0.00168629181 3.77282851
898 3388 1.68627349 0.00168627349 3.77282851
898 3388 1.68624583 0.00168624583 3.77282851
898 3388 1.68620596 0.00168620596 3.77282851
898 3388 1.68619485 0.00168619485 3.77282851
898 3388 1.68629638 0.00168629638 3.77282851
898 3388 1.68621337 0.00168621337 3.77282851
898 3388 1.68616995 0.00168616995 3.77282851
898 3388 1.68615844 0.00168615844 3.77282851
898 3388 1.68619868 0.00168619868 3.77282851
897 3382 1.6764082 0.0016764082 3.7703456
897 3382 1.67625312 0.00167625312 3.7703456
897 3377 1.66702048 0.00166702048 3.76477146
897 3378 1.66488328 0.00166488328 3.76588629
897 3378 1.67041912 0.00167041912 3.76588629
897 3377 1.65895641 0.00165895641 3.76477146
897 3377 1.65907032 0.00165907032 3.76477146
897 3377 1.65903582 0.00165903582 3.76477146
897 3377 1.65903648 0.00165903648 3.76477146
897 3377 1.65900766 0.00165900766 3.76477146
896 3371 1.65530851 0.00165530851 3.76227679
896 3371 1.65529838 0.00165529838 3.76227679
896 3371 1.65527834 0.00165527834 3.76227679
896 3371 1.65783921 0.00165783921 3.76227679
896 3371 1.65528247 0.00165528247 3.76227679
896 3371 1.65530768 0.00165530768 3.76227679
896 3371 1.65527899 0.00165527899 3.76227679
896 3371 1.65528981 0.00165528981 3.76227679
896 3371 1.65528847 0.00165528847 3.76227679
896 3371 1.65528435 0.00165528435 3.76227679
895 3365 1.65411802 0.00165411802 3.75977654
895 3365 1.65430381 0.00165430381 3.75977654
895 3365 1.65437132 0.00165437132 3.75977654
895 3365 1.65449783 0.00165449783 3.75977654
895 3365 1.65452107 0.00165452107 3.75977654
895 3365 1.65450316 0.00165450316 3.75977654
895 3365 1.65452588 0.00165452588 3.75977654
895 3365 1.6545278 0.0016545278 3.75977654
895 3365 1.65451856 0.00165451856 3.75977654
895 3365 1.65451821 0.00165451821 3.75977654
894 3355 1.63769877 0.00163769877 3.75279642
894 3355 1.63719405 0.00163719405 3.75279642
894 3355 1.63734816 0.00163734816 3.75279642
894 3355 1.63718401 0.00163718401 3.75279642
894 3355 1.63696539 0.00163696539 3.75279642
894 3355 1.63707976 0.00163707976 3.75279642
894 3359 1.63408153 0.00163408153 3.75727069
894 3355 1.63713186 0.00163713186 3.75279642
894 3355 1.63690587 0.00163690587 3.75279642
894 3355 1.63694071 0.00163694071 3.75279642
893 3351 1.61680511 0.00161680511 3.7525196
892 3342 1.61100053 0.00161100053 3.74663677
892 3342 1.61083499 0.00161083499 3.74663677
892 3342 1.59412624 0.00159412624 3.74663677
892 3342 1.61067738 0.00161067738 3.74663677
892 3342 1.61079184 0.00161079184 3.74663677
892 3342 1.60980269 0.00160980269 3.74663677
892 3342 1.61048465 0.00161048465 3.74663677
892 3342 1.61044678 0.00161044678 3.74663677
892 3342 1.61054072 0.00161054072 3.74663677
891 3336 1.59289272 0.00159289272 3.74410774
891 3336 1.59315046 0.00159315046 3.74410774
891 3335 1.59572489 0.00159572489 3.74298541
891 3335 1.58825199 0.00158825199 3.74298541
891 3335 1.58599 0.00158599 3.74298541
891 3336 1.59317869 0.00159317869 3.74410774
891 3336 1.59308937 0.00159308937 3.74410774
891 3336 1.59312228 0.00159312228 3.74410774
891 3336 1.59314975 0.00159314975 3.74410774
891 3336 1.59318016 0.00159318016 3.74410774
890 3329 1.5849849 0.0015849849 3.74044944
890 3329 1.58492177 0.00158492177 3.74044944
890 3329 1.58490576 0.00158490576 3.74044944
890 3329 1.58495278 0.00158495278 3.74044944
890 3329 1.58503938 0.00158503938 3.74044944
890 3329 1.58485715 0.00158485715 3.74044944
890 3329 1.58495113 0.00158495113 3.74044944
890 3329 1.58502478 0.00158502478 3.74044944
890 3329 1.5849087 0.0015849087 3.74044944
890 3329 1.58492874 0.00158492874 3.74044944
889 3323 1.57146818 0.00157146818 3.73790776
889 3323 1.57477138 0.00157477138 3.73790776
889 3324 1.57167671 0.00157167671 3.73903262
889 3325 1.56425646 0.00156425646 3.74015748
888 3317 1.56409857 0.00156409857 3.73536036
888 3317 1.56418525 0.00156418525 3.73536036
888 3317 1.56414394 0.00156414394 3.73536036
888 3317 1.56416931 0.00156416931 3.73536036
888 3317 1.56421114 0.00156421114 3.73536036
888 3317 1.56422524 0.00156422524 3.73536036
887 3311 1.55705841 0.00155705841 3.73280722
887 3311 1.55681206 0.00155681206 3.73280722
887 3307 1.54927183 0.00154927183 3.72829763
887 3311 1.55694879 0.00155694879 3.73280722
887 3311 1.55674434 0.00155674434 3.73280722
887 3311 1.55694875 0.00155694875 3.73280722
887 3307 1.54913706 0.00154913706 3.72829763
887 3307 1.54933694 0.00154933694 3.72829763
887 3307 1.54358609 0.00154358609 3.72829763
887 3307 1.54341776 0.00154341776 3.72829763
886 3301 1.5424937 0.0015424937 3.72573363
886 3300 1.52900521 0.00152900521 3.72460497
885 3297 1.52476264 0.00152476264 3.72542373
885 3297 1.53018044 0.00153018044 3.72542373
885 3298 1.53311131 0.00153311131 3.72655367
885 3297 1.52372847 0.00152372847 3.72542373
884 3291 1.52367505 0.00152367505 3.72285068
884 3291 1.52357608 0.00152357608 3.72285068
884 3291 1.52370086 0.00152370086 3.72285068
884 3291 1.52362246 0.00152362246 3.72285068
883 3285 1.52037635 0.00152037635 3.7202718
883 3284 1.5086857 0.0015086857 3.7191393
882 3278 1.49746401 0.00149746401 3.71655329
882 3283 1.5027973 0.0015027973 3.72222222
882 3281 1.49615216 0.00149615216 3.71995465
882 3282 1.50417125 0.00150417125 3.72108844
882 3285 1.50724999 0.00150724999 3.7244898
882 3283 1.50011131 0.00150011131 3.72222222
882 3286 1.49973887 0.00149973887 3.72562358
882 3280 1.50131005 0.00150131005 3.71882086
881 3275 1.49474766 0.00149474766 3.71736663
881 3273 1.48044187 0.00148044187 3.71509648
881 3273 1.47934344 0.00147934344 3.71509648
881 3274 1.47844563 0.00147844563 3.71623156
881 3273 1.4849495 0.0014849495 3.71509648
881 3274 1.48071658 0.00148071658 3.71623156
881 3275 1.49499482 0.00149499482 3.71736663
881 3274 1.49015947 0.00149015947 3.71623156
881 3272 1.49068701 0.00149068701 3.71396141
881 3273 1.48483388 0.00148483388 3.71509648
880 3265 1.46831836 0.00146831836 3.71022727
880 3265 1.46850648 0.00146850648 3.71022727
880 3265 1.4686899 0.0014686899 3.71022727
880 3263 1.48316712 0.00148316712 3.70795455
880 3260 1.47332294 0.00147332294 3.70454545
880 3266 1.47717169 0.00147717169 3.71136364
880 3266 1.47224228 0.00147224228 3.71136364
880 3263 1.47356971 0.00147356971 3.70795455
880 3261 1.47148804 0.00147148804 3.70568182
880 3265 1.46847828 0.00146847828 3.71022727
879 3255 1.46722837 0.00146722837 3.70307167
879 3255 1.46726287 0.00146726287 3.70307167
879 3255 1.46726057 0.00146726057 3.70307167
879 3255 1.46732331 0.00146732331 3.70307167
879 3255 1.46724894 0.00146724894 3.70307167
879 3255 1.46724175 0.00146724175 3.70307167
879 3255 1.46728435 0.00146728435 3.70307167
879 3255 1.46732038 0.00146732038 3.70307167
879 3255 1.46723177 0.00146723177 3.70307167
879 3255 1.46724319 0.00146724319 3.70307167
878 3249 1.46636302 0.00146636302 3.70045558
878 3249 1.46633281 0.00146633281 3.70045558
878 3249 1.46640393 0.00146640393 3.70045558
878 3249 1.4664087 0.0014664087 3.70045558
878 3249 1.46635363 0.00146635363 3.70045558
878 3249 1.46635664 0.00146635664 3.70045558
878 3249 1.46641718 0.00146641718 3.70045558
878 3249 1.46639271 0.00146639271 3.70045558
878 3249 1.46633136 0.00146633136 3.70045558
878 3249 1.46637872 0.00146637872 3.70045558
877 3243 1.46336372 0.00146336372 3.69783352
877 3243 1.46339864 0.00146339864 3.69783352
877 3243 1.46350626 0.00146350626 3.69783352
877 3243 1.46350759 0.00146350759 3.69783352
877 3243 1.46341047 0.00146341047 3.69783352
877 3243 1.45936952 0.00145936952 3.69783352
877 3242 1.46103434 0.00146103434 3.69669327
877 3242 1.45722159 0.00145722159 3.69669327
877 3242 1.45711968 0.00145711968 3.69669327
877 3242 1.45701665 0.00145701665 3.69669327
876 3236 1.45625886 0.00145625886 3.69406393
876 3236 1.45618528 0.00145618528 3.69406393
876 3236 1.45621305 0.00145621305 3.69406393
876 3236 1.45628142 0.00145628142 3.69406393
876 3236 1.4562373 0.0014562373 3.69406393
876 3236 1.45616368 0.00145616368 3.69406393
876 3236 1.4562403 0.0014562403 3.69406393
876 3236 1.45629302 0.00145629302 3.69406393
876 3236 1.45618573 0.00145618573 3.69406393
876 3236 1.4561705 0.0014561705 3.69406393
875 3230 1.45329669 0.00145329669 3.69142857
875 3230 1.45325058 0.00145325058 3.69142857
875 3230 1.45341758 0.00145341758 3.69142857
875 3230 1.45341881 0.00145341881 3.69142857
875 3230 1.45329858 0.00145329858 3.69142857
875 3230 1.45322243 0.00145322243 3.69142857
875 3230 1.45331661 0.00145331661 3.69142857
875 3230 1.45330728 0.00145330728 3.69142857
875 3230 1.45315854 0.00145315854 3.69142857
875 3230 1.45322204 0.00145322204 3.69142857
874 3221 1.4454594 0.0014454594 3.68535469
874 3221 1.44564541 0.00144564541 3.68535469
874 3221 1.44614284 0.00144614284 3.68535469
874 3221 1.44602299 0.00144602299 3.68535469
874 3221 1.44593339 0.00144593339 3.68535469
874 3221 1.44598056 0.00144598056 3.68535469
874 3221 1.44601364 0.00144601364 3.68535469
874 3221 1.4460539 0.0014460539 3.68535469
874 3221 1.44605636 0.00144605636 3.68535469
874 3221 1.44605413 0.00144605413 3.68535469
873 3217 1.42830789 0.00142830789 3.68499427
873 3217 1.42789552 0.00142789552 3.68499427
873 3215 1.43491262 0.00143491262 3.68270332
873 3216 1.43532412 0.00143532412 3.6838488
873 3216 1.43518597 0.00143518597 3.6838488
873 3219 1.43395163 0.00143395163 3.68728522
873 3222 1.43221203 0.00143221203 3.69072165
873 3219 1.43388481 0.00143388481 3.68728522
873 3219 1.43392146 0.00143392146 3.68728522
873 3219 1.43400138 0.00143400138 3.68728522
872 3216 1.42563508 0.00142563508 3.68807339
872 3210 1.41632998 0.00141632998 3.68119266
872 3213 1.41345899 0.00141345899 3.68463303
872 3212 1.40277742 0.00140277742 3.68348624
872 3215 1.39754093 0.00139754093 3.68692661
872 3211 1.39925419 0.00139925419 3.68233945
872 3211 1.40361242 0.00140361242 3.68233945
872 3212 1.39972194 0.00139972194 3.68348624
872 3211 1.39926072 0.00139926072 3.68233945
872 3213 1.41008242 0.00141008242 3.68463303
871 3205 1.39615259 0.00139615259 3.67967853
871 3205 1.3965655 0.0013965655 3.67967853
871 3205 1.39674608 0.00139674608 3.67967853
871 3205 1.39651618 0.00139651618 3.67967853
871 3205 1.39643637 0.00139643637 3.67967853
871 3205 1.39663458 0.00139663458 3.67967853
871 3205 1.39661006 0.00139661006 3.67967853
871 3205 1.3964391 0.0013964391 3.67967853
871 3205 1.39646685 0.00139646685 3.67967853
871 3205 1.39664136 0.00139664136 3.67967853
870 3199 1.39557949 0.00139557949 3.67701149
870 3199 1.39575533 0.00139575533 3.67701149
870 3199 1.39581954 0.00139581954 3.67701149
870 3199 1.39558802 0.00139558802 3.67701149
870 3199 1.39561548 0.00139561548 3.67701149
870 3199 1.39582951 0.00139582951 3.67701149
870 3199 1.39572904 0.00139572904 3.67701149
870 3199 1.39555866 0.00139555866 3.67701149
870 3199 1.39568869 0.00139568869 3.67701149
870 3199 1.39582601 0.00139582601 3.67701149
869 3193 1.39266299 0.00139266299 3.67433832
869 3193 1.39285882 0.00139285882 3.67433832
869 3193 1.39291062 0.00139291062 3.67433832
869 3193 1.39263614 0.00139263614 3.67433832
869 3193 1.39270725 0.00139270725 3.67433832
869 3193 1.3928911 0.0013928911 3.67433832
869 3193 1.39267868 0.00139267868 3.67433832
869 3193 1.39254843 0.00139254843 3.67433832
869 3193 1.39277473 0.00139277473 3.67433832
869 3193 1.39282419 0.00139282419 3.67433832
868 3184 1.38514422 0.00138514422 3.66820276
868 3184 1.38564172 0.00138564172 3.66820276
868 3184 1.38578763 0.00138578763 3.66820276
868 3184 1.38607325 0.00138607325 3.66820276
868 3184 1.38536583 0.00138536583 3.66820276
868 3184 1.38482386 0.00138482386 3.66820276
868 3184 1.38566294 0.00138566294 3.66820276
868 3184 1.38517166 0.00138517166 3.66820276
868 3184 1.38583542 0.00138583542 3.66820276
868 3184 1.3856041 0.0013856041 3.66820276
867 3180 1.36885163 0.00136885163 3.66782007
866 3167 1.36162173 0.00136162173 3.65704388
866 3171 1.36559996 0.00136559996 3.66166282
866 3168 1.36094167 0.00136094167 3.65819861
866 3171 1.36526262 0.00136526262 3.66166282
866 3171 1.36504553 0.00136504553 3.66166282
866 3171 1.36469878 0.00136469878 3.66166282
866 3171 1.36542908 0.00136542908 3.66166282
866 3171 1.36564658 0.00136564658 3.66166282
866 3171 1.36541303 0.00136541303 3.66166282
865 3162 1.35730725 0.00135730725 3.65549133
865 3162 1.35761924 0.00135761924 3.65549133
865 3162 1.35736069 0.00135736069 3.65549133
865 3162 1.35724397 0.00135724397 3.65549133
865 3162 1.35732445 0.00135732445 3.65549133
865 3162 1.35790205 0.00135790205 3.65549133
865 3162 1.35789857 0.00135789857 3.65549133
865 3162 1.35721021 0.00135721021 3.65549133
865 3162 1.35718 0.00135718 3.65549133
865 3162 1.35745673 0.00135745673 3.65549133
864 3155 1.34281759 0.00134281759 3.65162037
864 3158 1.34051602 0.00134051602 3.65509259
864 3155 1.34153887 0.00134153887 3.65162037
864 3160 1.33263798 0.00133263798 3.65740741
SP does not find any fixed points -> SP does not converge.
I am sorry I quit :(
