START ALGORITHM:
I am going to build an instance with N: 300 variables and 1245 clauses with a clause density equal to 4.15
START BSP WITH r=0.9:
Decimation scorer: cert
END UNIT PROPAGATION
300 1245 3.03196936 0.0101065645 4.15
300 1245 3.03190736 0.0101063579 4.15
300 1245 3.03267914 0.0101089305 4.15
300 1245 3.0335892 0.010111964 4.15
300 1245 3.03381935 0.0101127312 4.15
300 1245 3.03362768 0.0101120923 4.15
300 1245 3.03343201 0.01011144 4.15
300 1245 3.03335109 0.0101111703 4.15
300 1245 3.03334401 0.0101111467 4.15
299 1237 3.02498452 0.0100832817 4.13712375
299 1237 3.02500951 0.010083365 4.13712375
299 1236 3.02696328 0.0100898776 4.13377926
299 1236 3.02730234 0.0100910078 4.13377926
299 1236 3.02728724 0.0100909575 4.13377926
299 1232 3.02955405 0.0100985135 4.12040134
299 1232 3.02947934 0.0100982645 4.12040134
299 1232 3.02946124 0.0100982041 4.12040134
299 1232 3.02946715 0.0100982238 4.12040134
299 1232 3.02969089 0.0100989696 4.12040134
298 1217 3.02457919 0.0100819306 4.08389262
298 1217 3.02461834 0.0100820611 4.08389262
298 1217 3.02457268 0.0100819089 4.08389262
298 1217 3.02457979 0.0100819326 4.08389262
298 1226 3.02505255 0.0100835085 4.11409396
298 1226 3.02506861 0.010083562 4.11409396
298 1223 3.02539606 0.0100846535 4.10402685
298 1223 3.02539865 0.0100846622 4.10402685
298 1223 3.0254071 0.0100846903 4.10402685
298 1223 3.02535306 0.0100845102 4.10402685
297 1214 3.01727024 0.0100575675 4.08754209
297 1217 3.02079003 0.0100693001 4.0976431
297 1217 3.0208467 0.010069489 4.0976431
297 1217 3.02076231 0.0100692077 4.0976431
297 1217 3.02075401 0.01006918 4.0976431
297 1217 3.02072297 0.0100690766 4.0976431
297 1217 3.02065756 0.0100688585 4.0976431
297 1217 3.02068819 0.0100689606 4.0976431
297 1217 3.0207583 0.0100691943 4.0976431
297 1217 3.02081641 0.010069388 4.0976431
296 1208 3.01485908 0.0100495303 4.08108108
296 1202 3.01567958 0.0100522653 4.06081081
296 1202 3.01571765 0.0100523922 4.06081081
296 1202 3.0156834 0.010052278 4.06081081
296 1202 3.01565058 0.0100521686 4.06081081
296 1202 3.01563527 0.0100521176 4.06081081
296 1202 3.01560116 0.0100520039 4.06081081
296 1202 3.0156117 0.010052039 4.06081081
296 1202 3.01561434 0.0100520478 4.06081081
296 1202 3.01557864 0.0100519288 4.06081081
295 1198 3.00881369 0.010029379 4.06101695
295 1198 3.00877791 0.0100292597 4.06101695
295 1198 3.0087972 0.010029324 4.06101695
295 1193 3.01036785 0.0100345595 4.0440678
295 1193 3.01032283 0.0100344094 4.0440678
295 1193 3.01033619 0.010034454 4.0440678
295 1193 3.01023806 0.0100341269 4.0440678
295 1193 3.01026136 0.0100342045 4.0440678
295 1193 3.01016895 0.0100338965 4.0440678
295 1193 3.01019171 0.0100339724 4.0440678
294 1184 3.00125733 0.0100041911 4.02721088
294 1183 3.00188291 0.0100062764 4.02380952
294 1186 3.00223299 0.0100074433 4.03401361
294 1186 3.00218265 0.0100072755 4.03401361
294 1186 3.00213005 0.0100071002 4.03401361
294 1184 3.00282877 0.0100094292 4.02721088
294 1184 3.00293608 0.0100097869 4.02721088
294 1184 3.00303618 0.0100101206 4.02721088
294 1184 3.00305695 0.0100101898 4.02721088
294 1184 3.00304666 0.0100101555 4.02721088
293 1179 2.9963722 0.00998790733 4.02389078
293 1180 2.99666731 0.00998889104 4.02730375
293 1180 2.99655149 0.00998850497 4.02730375
293 1180 2.99656456 0.00998854855 4.02730375
293 1180 2.99653869 0.0099884623 4.02730375
293 1180 2.99658684 0.00998862281 4.02730375
293 1180 2.99659611 0.0099886537 4.02730375
293 1180 2.99653728 0.00998845758 4.02730375
293 1180 2.99643503 0.00998811677 4.02730375
293 1180 2.99628574 0.00998761912 4.02730375
292 1172 2.98874385 0.00996247949 4.01369863
292 1172 2.9886201 0.00996206699 4.01369863
292 1172 2.98867388 0.00996224628 4.01369863
292 1172 2.98866555 0.0099622185 4.01369863
292 1172 2.98880883 0.0099626961 4.01369863
292 1172 2.98886981 0.00996289936 4.01369863
292 1172 2.98897861 0.00996326203 4.01369863
292 1172 2.98890408 0.00996301358 4.01369863
292 1172 2.98902998 0.00996343327 4.01369863
292 1172 2.98885461 0.00996284869 4.01369863
291 1164 2.9788909 0.00992963634 4
291 1162 2.97989653 0.00993298844 3.99312715
291 1164 2.98078228 0.00993594093 4
291 1164 2.9807384 0.00993579467 4
291 1164 2.9807317 0.00993577234 4
291 1164 2.98073744 0.00993579146 4
291 1164 2.98087664 0.00993625547 4
291 1164 2.98091972 0.00993639906 4
291 1164 2.98094483 0.00993648278 4
291 1164 2.9809615 0.00993653834 4
290 1156 2.97111926 0.00990373088 3.9862069
290 1155 2.97046226 0.00990154088 3.98275862
290 1155 2.97050597 0.00990168656 3.98275862
290 1155 2.97039563 0.00990131876 3.98275862
290 1155 2.97012471 0.00990041571 3.98275862
290 1155 2.97222599 0.00990741995 3.98275862
290 1158 2.97755314 0.00992517712 3.99310345
290 1158 2.97858746 0.00992862486 3.99310345
290 1158 2.97854982 0.0099284994 3.99310345
290 1158 2.97837157 0.00992790522 3.99310345
289 1149 2.96814504 0.0098938168 3.97577855
289 1148 2.9708452 0.00990281733 3.97231834
289 1148 2.97064595 0.00990215315 3.97231834
289 1148 2.97085443 0.0099028481 3.97231834
289 1150 2.9679629 0.00989320966 3.97923875
289 1150 2.96788977 0.00989296592 3.97923875
289 1150 2.96425198 0.00988083993 3.97923875
289 1150 2.96415609 0.00988052031 3.97923875
289 1150 2.96604111 0.00988680371 3.97923875
289 1149 2.96696035 0.00988986784 3.97577855
288 1144 2.95881557 0.00986271858 3.97222222
288 1140 2.96424411 0.00988081369 3.95833333
288 1140 2.96408755 0.00988029183 3.95833333
288 1140 2.96413424 0.00988044748 3.95833333
288 1140 2.96407584 0.00988025279 3.95833333
288 1140 2.96405862 0.0098801954 3.95833333
288 1140 2.96406866 0.00988022888 3.95833333
288 1140 2.96395806 0.0098798602 3.95833333
288 1140 2.96388024 0.00987960081 3.95833333
288 1140 2.96405957 0.00988019857 3.95833333
287 1132 2.95682777 0.00985609256 3.94425087
287 1132 2.95677015 0.00985590048 3.94425087
287 1133 2.95752092 0.00985840306 3.94773519
287 1133 2.95751348 0.00985837828 3.94773519
287 1133 2.95748647 0.00985828824 3.94773519
287 1133 2.95745669 0.00985818895 3.94773519
287 1133 2.95740692 0.00985802305 3.94773519
287 1133 2.95735963 0.00985786543 3.94773519
287 1133 2.9573903 0.00985796767 3.94773519
287 1133 2.95748952 0.0098582984 3.94773519
286 1128 2.95000772 0.00983335906 3.94405594
286 1128 2.95003276 0.00983344252 3.94405594
286 1128 2.95001533 0.00983338444 3.94405594
286 1125 2.95010802 0.0098336934 3.93356643
286 1125 2.95014316 0.00983381052 3.93356643
286 1125 2.95010465 0.00983368217 3.93356643
286 1125 2.95382327 0.00984607756 3.93356643
286 1125 2.95409283 0.0098469761 3.93356643
286 1125 2.95412332 0.00984707774 3.93356643
286 1125 2.95394291 0.00984647636 3.93356643
285 1120 2.94606949 0.00982023163 3.92982456
285 1120 2.94666695 0.00982222318 3.92982456
285 1120 2.94629052 0.00982096841 3.92982456
285 1120 2.94595853 0.00981986178 3.92982456
285 1120 2.94592103 0.00981973675 3.92982456
285 1120 2.94645712 0.00982152372 3.92982456
285 1120 2.94658325 0.00982194417 3.92982456
285 1117 2.94705181 0.00982350603 3.91929825
285 1117 2.94700357 0.00982334523 3.91929825
285 1117 2.94671067 0.00982236889 3.91929825
284 1108 2.93626113 0.0097875371 3.90140845
284 1108 2.93656903 0.00978856343 3.90140845
284 1107 2.93874337 0.00979581124 3.89788732
284 1107 2.93839297 0.00979464324 3.89788732
284 1107 2.93821106 0.00979403686 3.89788732
284 1107 2.93850649 0.00979502162 3.89788732
284 1107 2.93865854 0.00979552847 3.89788732
284 1107 2.93887685 0.00979625618 3.89788732
284 1107 2.93875845 0.00979586151 3.89788732
284 1107 2.93865354 0.00979551179 3.89788732
283 1099 2.93042612 0.00976808706 3.88339223
283 1099 2.93088287 0.00976960957 3.88339223
283 1099 2.93009546 0.00976698488 3.88339223
283 1099 2.92981637 0.00976605457 3.88339223
283 1099 2.92986765 0.00976622551 3.88339223
283 1099 2.93059787 0.00976865957 3.88339223
283 1099 2.93073233 0.00976910776 3.88339223
283 1099 2.93066838 0.0097688946 3.88339223
283 1098 2.93040042 0.00976800139 3.87985866
283 1098 2.93031722 0.00976772407 3.87985866
282 1090 2.9238435 0.00974614501 3.86524823
282 1090 2.92388203 0.00974627342 3.86524823
282 1090 2.92388582 0.00974628608 3.86524823
282 1090 2.92372372 0.00974574572 3.86524823
282 1093 2.92284026 0.00974280088 3.87588652
282 1093 2.922774 0.00974258001 3.87588652
282 1093 2.9228488 0.00974282933 3.87588652
282 1093 2.92277134 0.00974257114 3.87588652
282 1093 2.92297153 0.00974323843 3.87588652
282 1094 2.92414365 0.00974714551 3.87943262
281 1085 2.91643849 0.00972146163 3.86120996
281 1085 2.91633026 0.00972110087 3.86120996
281 1085 2.91768391 0.00972561302 3.86120996
281 1085 2.91761162 0.00972537207 3.86120996
281 1085 2.91756369 0.00972521231 3.86120996
281 1085 2.91755976 0.00972519922 3.86120996
281 1085 2.91767702 0.00972559008 3.86120996
281 1085 2.91766237 0.00972554125 3.86120996
281 1085 2.91765255 0.0097255085 3.86120996
281 1085 2.91768278 0.00972560927 3.86120996
280 1077 2.90849055 0.0096949685 3.84642857
280 1076 2.91004708 0.00970015694 3.84285714
280 1076 2.91007519 0.00970025062 3.84285714
280 1076 2.91012072 0.00970040241 3.84285714
280 1076 2.91019122 0.00970063741 3.84285714
280 1076 2.9102075 0.00970069167 3.84285714
280 1076 2.91012261 0.0097004087 3.84285714
280 1076 2.91017237 0.00970057457 3.84285714
280 1076 2.91006125 0.00970020415 3.84285714
280 1076 2.90997059 0.00969990196 3.84285714
279 1068 2.89951292 0.00966504305 3.82795699
279 1068 2.90177534 0.00967258447 3.82795699
279 1068 2.90158511 0.00967195038 3.82795699
279 1068 2.90151822 0.00967172739 3.82795699
279 1068 2.90161952 0.00967206505 3.82795699
279 1068 2.90176237 0.00967254125 3.82795699
279 1068 2.90171877 0.0096723959 3.82795699
279 1066 2.90193014 0.00967310045 3.82078853
279 1066 2.90189211 0.00967297369 3.82078853
279 1066 2.90178739 0.00967262464 3.82078853
278 1057 2.89360825 0.00964536082 3.80215827
278 1057 2.89367763 0.00964559212 3.80215827
278 1057 2.89366974 0.00964556581 3.80215827
278 1057 2.89359075 0.00964530251 3.80215827
278 1057 2.89358925 0.00964529749 3.80215827
278 1057 2.89352813 0.00964509377 3.80215827
278 1059 2.89393967 0.00964646555 3.80935252
278 1059 2.89377368 0.00964591226 3.80935252
278 1060 2.8945169 0.00964838967 3.81294964
278 1063 2.89530145 0.00965100483 3.82374101
277 1054 2.88716501 0.00962388336 3.80505415
277 1054 2.88708241 0.00962360804 3.80505415
277 1054 2.88698616 0.00962328719 3.80505415
277 1054 2.88694242 0.00962314142 3.80505415
277 1054 2.88709984 0.00962366615 3.80505415
277 1055 2.89111591 0.00963705303 3.80866426
277 1055 2.89099914 0.0096366638 3.80866426
277 1055 2.890971 0.00963656998 3.80866426
277 1055 2.89085868 0.0096361956 3.80866426
277 1055 2.89088179 0.00963627264 3.80866426
276 1046 2.88331638 0.0096110546 3.78985507
276 1046 2.88326163 0.0096108721 3.78985507
276 1046 2.88313035 0.00961043451 3.78985507
276 1046 2.88332484 0.00961108281 3.78985507
276 1046 2.88345042 0.0096115014 3.78985507
276 1046 2.88343845 0.00961146149 3.78985507
276 1046 2.88330704 0.00961102346 3.78985507
276 1046 2.88334241 0.00961114136 3.78985507
276 1046 2.88328936 0.00961096452 3.78985507
276 1046 2.88331184 0.00961103948 3.78985507
275 1040 2.87501036 0.00958336787 3.78181818
275 1040 2.87500388 0.00958334626 3.78181818
275 1040 2.87496713 0.00958322378 3.78181818
275 1040 2.87480206 0.00958267353 3.78181818
275 1040 2.87503198 0.00958343992 3.78181818
275 1040 2.87514886 0.00958382954 3.78181818
275 1040 2.87507286 0.00958357619 3.78181818
275 1040 2.8749836 0.00958327868 3.78181818
275 1040 2.87487951 0.00958293171 3.78181818
275 1040 2.87488233 0.00958294109 3.78181818
274 1030 2.86200873 0.00954002909 3.75912409
274 1030 2.86132916 0.00953776386 3.75912409
274 1034 2.86299546 0.00954331818 3.77372263
274 1029 2.86676189 0.00955587296 3.75547445
274 1029 2.86647463 0.00955491545 3.75547445
274 1029 2.86607464 0.00955358215 3.75547445
274 1029 2.86594574 0.00955315248 3.75547445
274 1028 2.86597401 0.0095532467 3.75182482
274 1028 2.86544826 0.00955149419 3.75182482
274 1028 2.86528847 0.00955096156 3.75182482
273 1018 2.85610341 0.00952034471 3.72893773
273 1018 2.85635262 0.0095211754 3.72893773
273 1019 2.85758398 0.00952527993 3.73260073
273 1019 2.85750531 0.0095250177 3.73260073
273 1019 2.85753944 0.00952513146 3.73260073
273 1019 2.8574844 0.00952494799 3.73260073
273 1019 2.85735687 0.00952452291 3.73260073
273 1019 2.85759363 0.0095253121 3.73260073
273 1019 2.8576907 0.00952563566 3.73260073
273 1019 2.85754822 0.00952516072 3.73260073
272 1010 2.84564429 0.00948548096 3.71323529
272 1010 2.84581166 0.00948603888 3.71323529
272 1010 2.84535471 0.00948451571 3.71323529
272 1011 2.84795191 0.00949317303 3.71691176
272 1011 2.84809195 0.00949363983 3.71691176
272 1011 2.84790483 0.0094930161 3.71691176
272 1011 2.84775095 0.00949250316 3.71691176
272 1009 2.84828587 0.00949428624 3.70955882
272 1009 2.84827575 0.00949425251 3.70955882
272 1009 2.8482445 0.00949414832 3.70955882
271 1001 2.83876305 0.0094625435 3.69372694
271 1001 2.83864631 0.00946215435 3.69372694
271 1001 2.83876276 0.00946254254 3.69372694
271 1003 2.84097454 0.00946991513 3.70110701
271 1003 2.84101806 0.00947006021 3.70110701
271 1003 2.84094946 0.00946983152 3.70110701
271 1003 2.84070491 0.00946901637 3.70110701
271 1003 2.84095975 0.00946986584 3.70110701
271 1003 2.84116917 0.0094705639 3.70110701
271 1003 2.84111474 0.00947038248 3.70110701
270 997 2.8317679 0.00943922633 3.69259259
270 997 2.83191945 0.00943973151 3.69259259
270 997 2.83148372 0.00943827907 3.69259259
270 997 2.83145714 0.00943819046 3.69259259
270 997 2.83110215 0.00943700717 3.69259259
270 999 2.83107536 0.00943691786 3.7
270 1001 2.83203731 0.00944012437 3.70740741
270 1001 2.83211307 0.00944037689 3.70740741
270 1001 2.83189829 0.00943966096 3.70740741
270 1001 2.83202635 0.00944008784 3.70740741
269 997 2.82265012 0.00940883375 3.7063197
269 991 2.82637884 0.00942126279 3.68401487
269 990 2.82156128 0.00940520428 3.6802974
268 984 2.8136959 0.00937898634 3.67164179
268 984 2.81360981 0.00937869935 3.67164179
268 984 2.81347194 0.00937823979 3.67164179
268 984 2.81355136 0.00937850454 3.67164179
268 981 2.81432443 0.00938108144 3.66044776
268 981 2.8141446 0.00938048201 3.66044776
268 981 2.81407541 0.00938025138 3.66044776
267 972 2.80230091 0.00934100303 3.64044944
267 977 2.81133713 0.00937112376 3.65917603
267 977 2.81117591 0.00937058636 3.65917603
267 977 2.81121348 0.00937071159 3.65917603
267 978 2.81633686 0.00938778953 3.66292135
267 978 2.81630913 0.00938769711 3.66292135
267 978 2.81606161 0.00938687203 3.66292135
267 978 2.81601428 0.00938671427 3.66292135
267 978 2.81592993 0.0093864331 3.66292135
267 980 2.81764811 0.00939216038 3.67041199
266 974 2.80970045 0.00936566816 3.66165414
266 974 2.80941423 0.00936471409 3.66165414
266 974 2.80925884 0.00936419614 3.66165414
266 971 2.80993751 0.00936645837 3.65037594
266 971 2.80954529 0.00936515096 3.65037594
266 971 2.8095431 0.00936514366 3.65037594
266 971 2.80948036 0.00936493454 3.65037594
266 971 2.80947344 0.00936491146 3.65037594
266 971 2.80948078 0.00936493593 3.65037594
266 971 2.80930009 0.00936433363 3.65037594
265 962 2.79811607 0.00932705356 3.63018868
265 962 2.79757385 0.00932524618 3.63018868
265 962 2.79757728 0.00932525759 3.63018868
265 962 2.79802927 0.00932676424 3.63018868
265 963 2.8012677 0.00933755899 3.63396226
265 963 2.80067837 0.00933559458 3.63396226
265 963 2.79998313 0.00933327709 3.63396226
265 963 2.79989257 0.00933297525 3.63396226
265 963 2.8000538 0.00933351266 3.63396226
265 963 2.7998823 0.009332941 3.63396226
264 958 2.78884734 0.0092961578 3.62878788
264 954 2.78950523 0.00929835077 3.61363636
264 957 2.78941815 0.00929806049 3.625
264 956 2.79013529 0.00930045098 3.62121212
264 956 2.78996819 0.00929989398 3.62121212
264 956 2.79017075 0.00930056918 3.62121212
264 956 2.79007787 0.00930025958 3.62121212
264 956 2.79002849 0.00930009497 3.62121212
264 956 2.79013704 0.00930045679 3.62121212
264 956 2.79022101 0.00930073671 3.62121212
263 947 2.77864584 0.0092621528 3.60076046
263 947 2.77832085 0.00926106949 3.60076046
263 947 2.77784359 0.00925947862 3.60076046
263 948 2.78196503 0.00927321677 3.60456274
263 948 2.78072021 0.00926906736 3.60456274
263 950 2.7822631 0.00927421033 3.6121673
263 950 2.78292026 0.00927640088 3.6121673
263 950 2.78255015 0.00927516716 3.6121673
263 950 2.78233552 0.00927445174 3.6121673
263 950 2.78258649 0.0092752883 3.6121673
262 942 2.7734683 0.00924489432 3.59541985
262 942 2.77335461 0.00924451535 3.59541985
262 942 2.77332101 0.00924440337 3.59541985
262 942 2.77328488 0.00924428294 3.59541985
262 942 2.77339219 0.00924464064 3.59541985
262 942 2.77336862 0.00924456207 3.59541985
262 942 2.77333981 0.00924446603 3.59541985
262 942 2.77337554 0.00924458514 3.59541985
262 942 2.77328364 0.00924427879 3.59541985
262 942 2.77334398 0.00924447993 3.59541985
261 934 2.76322262 0.00921074207 3.57854406
261 933 2.76348847 0.00921162824 3.57471264
261 933 2.76357035 0.00921190118 3.57471264
261 933 2.76360379 0.00921201264 3.57471264
261 933 2.76359933 0.00921199778 3.57471264
261 933 2.76362895 0.00921209649 3.57471264
261 933 2.76357938 0.00921193127 3.57471264
261 933 2.76352313 0.00921174377 3.57471264
261 933 2.76357314 0.00921191046 3.57471264
261 933 2.76351704 0.00921172345 3.57471264
260 924 2.74987157 0.00916623856 3.55384615
260 925 2.75368254 0.00917894179 3.55769231
260 925 2.75320692 0.00917735641 3.55769231
260 925 2.75348327 0.00917827756 3.55769231
260 925 2.75352459 0.00917841529 3.55769231
260 925 2.75360019 0.00917866729 3.55769231
260 925 2.75355733 0.00917852442 3.55769231
260 925 2.75350648 0.00917835492 3.55769231
260 925 2.75351495 0.00917838317 3.55769231
260 927 2.75462032 0.00918206774 3.56538462
259 923 2.74016422 0.00913388075 3.56370656
259 923 2.73993559 0.00913311864 3.56370656
259 923 2.74093585 0.00913645284 3.56370656
259 922 2.74365949 0.00914553165 3.55984556
259 922 2.74364492 0.00914548305 3.55984556
259 922 2.74364051 0.00914546838 3.55984556
259 922 2.74350553 0.00914501845 3.55984556
259 918 2.74298743 0.00914329145 3.54440154
259 918 2.74305065 0.00914350217 3.54440154
259 918 2.74298011 0.00914326703 3.54440154
258 913 2.73679541 0.00912265137 3.53875969
258 913 2.73667641 0.0091222547 3.53875969
258 913 2.7367693 0.00912256434 3.53875969
258 913 2.73676868 0.00912256225 3.53875969
258 913 2.73657154 0.00912190514 3.53875969
258 918 2.73843992 0.00912813306 3.55813953
258 918 2.73830591 0.00912768637 3.55813953
258 918 2.73814505 0.00912715018 3.55813953
258 918 2.7381812 0.00912727067 3.55813953
258 918 2.73820214 0.00912734046 3.55813953
257 915 2.72332086 0.00907773622 3.56031128
257 905 2.72511699 0.00908372329 3.52140078
257 905 2.72488333 0.00908294444 3.52140078
257 909 2.72890949 0.00909636497 3.53696498
257 909 2.72853702 0.0090951234 3.53696498
257 909 2.72827481 0.00909424935 3.53696498
257 909 2.72851241 0.00909504136 3.53696498
257 910 2.73124997 0.00910416658 3.54085603
257 910 2.73099971 0.00910333235 3.54085603
257 910 2.73117047 0.00910390155 3.54085603
256 899 2.72264661 0.00907548871 3.51171875
256 899 2.72262931 0.00907543103 3.51171875
256 899 2.72257539 0.0090752513 3.51171875
256 899 2.72258274 0.0090752758 3.51171875
256 899 2.72264369 0.00907547895 3.51171875
256 899 2.72259342 0.00907531141 3.51171875
256 899 2.72252244 0.0090750748 3.51171875
256 899 2.72258909 0.00907529697 3.51171875
256 899 2.72263829 0.00907546096 3.51171875
256 899 2.72244801 0.00907482669 3.51171875
255 896 2.70914969 0.00903049897 3.51372549
255 889 2.71046929 0.00903489764 3.48627451
255 889 2.71048772 0.00903495907 3.48627451
255 889 2.71064605 0.00903548684 3.48627451
255 889 2.71066067 0.00903553557 3.48627451
255 889 2.71057337 0.00903524457 3.48627451
255 889 2.71063145 0.00903543818 3.48627451
255 889 2.71058273 0.00903527576 3.48627451
255 889 2.7105455 0.00903515168 3.48627451
255 889 2.71048016 0.00903493387 3.48627451
254 880 2.6966125 0.00898870834 3.46456693
254 877 2.69439998 0.00898133326 3.45275591
254 877 2.69439343 0.00898131145 3.45275591
254 877 2.69435214 0.0089811738 3.45275591
254 877 2.69440632 0.0089813544 3.45275591
254 877 2.69429442 0.00898098139 3.45275591
254 877 2.69445975 0.00898153249 3.45275591
254 877 2.6945032 0.00898167733 3.45275591
254 877 2.69434693 0.00898115644 3.45275591
254 877 2.69438343 0.00898127809 3.45275591
253 864 2.68180855 0.00893936183 3.41501976
253 864 2.68150753 0.00893835842 3.41501976
253 864 2.68171744 0.00893905813 3.41501976
253 874 2.68255788 0.0089418596 3.45454545
253 874 2.68228079 0.00894093598 3.45454545
253 874 2.68226149 0.00894087162 3.45454545
253 868 2.68870947 0.00896236491 3.43083004
253 870 2.69232674 0.00897442248 3.43873518
253 870 2.69218394 0.00897394647 3.43873518
253 870 2.69214258 0.0089738086 3.43873518
252 861 2.67675688 0.00892252293 3.41666667
252 860 2.67978784 0.00893262613 3.41269841
252 867 2.67945818 0.00893152727 3.44047619
252 867 2.67951396 0.00893171321 3.44047619
252 867 2.67959988 0.00893199961 3.44047619
252 867 2.67955779 0.00893185928 3.44047619
252 867 2.67964596 0.0089321532 3.44047619
252 867 2.67949674 0.0089316558 3.44047619
252 867 2.67967663 0.00893225544 3.44047619
252 867 2.67953653 0.00893178844 3.44047619
251 859 2.66588894 0.00888629646 3.42231076
251 854 2.66703212 0.00889010705 3.40239044
251 854 2.6667771 0.00888925701 3.40239044
251 854 2.66725779 0.00889085929 3.40239044
251 854 2.66692637 0.00888975458 3.40239044
251 854 2.66699006 0.00888996686 3.40239044
251 854 2.66691775 0.00888972584 3.40239044
251 863 2.66683039 0.00888943463 3.43824701
251 863 2.66692488 0.00888974961 3.43824701
251 863 2.66675232 0.00888917439 3.43824701
250 857 2.6508956 0.00883631867 3.428
250 854 2.65135929 0.00883786432 3.416
250 856 2.64088473 0.00880294911 3.424
250 856 2.64095608 0.00880318693 3.424
250 856 2.64099155 0.00880330517 3.424
250 850 2.65412459 0.00884708198 3.4
250 850 2.65438045 0.00884793482 3.4
250 850 2.65410805 0.00884702682 3.4
250 850 2.65407856 0.00884692853 3.4
250 844 2.6555401 0.00885180032 3.376
249 839 2.63924782 0.00879749275 3.36947791
249 837 2.63997396 0.00879991319 3.36144578
249 840 2.64064097 0.00880213656 3.37349398
249 840 2.64077386 0.00880257952 3.37349398
249 840 2.64079861 0.00880266202 3.37349398
249 840 2.64086257 0.00880287522 3.37349398
249 840 2.64084869 0.00880282897 3.37349398
249 840 2.64065111 0.00880217035 3.37349398
249 836 2.64211983 0.0088070661 3.35742972
249 836 2.64183655 0.00880612184 3.35742972
248 832 2.62678986 0.00875596621 3.35483871
248 832 2.62697208 0.00875657359 3.35483871
248 829 2.62363745 0.00874545818 3.34274194
248 832 2.62702055 0.00875673517 3.35483871
248 832 2.62697864 0.00875659546 3.35483871
248 832 2.6268572 0.00875619067 3.35483871
248 832 2.62691281 0.00875637603 3.35483871
248 832 2.62682906 0.00875609685 3.35483871
248 832 2.62683302 0.00875611006 3.35483871
248 832 2.62673475 0.00875578251 3.35483871
247 827 2.61065945 0.00870219817 3.34817814
247 828 2.60968247 0.00869894158 3.35222672
247 823 2.61242035 0.00870806783 3.33198381
247 823 2.61229302 0.0087076434 3.33198381
247 823 2.61232727 0.00870775756 3.33198381
247 823 2.61214422 0.00870714739 3.33198381
247 823 2.612146 0.00870715335 3.33198381
247 828 2.61400485 0.00871334948 3.35222672
247 828 2.61393922 0.00871313074 3.35222672
247 828 2.61404351 0.00871347837 3.35222672
246 821 2.59897399 0.00866324663 3.33739837
246 821 2.59903057 0.00866343523 3.33739837
246 821 2.59915332 0.0086638444 3.33739837
246 821 2.5991589 0.00866386298 3.33739837
246 821 2.59923508 0.00866411693 3.33739837
246 821 2.59917024 0.00866390079 3.33739837
246 821 2.5991974 0.00866399133 3.33739837
246 821 2.59914478 0.00866381594 3.33739837
246 821 2.59909753 0.00866365845 3.33739837
246 821 2.59908279 0.00866360929 3.33739837
245 814 2.58302819 0.00861009395 3.32244898
245 814 2.58207685 0.00860692283 3.32244898
245 814 2.5821733 0.00860724433 3.32244898
245 814 2.58220243 0.00860734145 3.32244898
245 814 2.5821629 0.00860720965 3.32244898
245 817 2.58273914 0.00860913048 3.33469388
245 817 2.58296027 0.00860986757 3.33469388
245 817 2.58281347 0.00860937823 3.33469388
245 817 2.58285023 0.00860950075 3.33469388
245 817 2.58272791 0.00860909304 3.33469388
244 808 2.56764579 0.0085588193 3.31147541
244 808 2.5675897 0.00855863235 3.31147541
244 808 2.56761802 0.00855872674 3.31147541
244 808 2.56775171 0.00855917235 3.31147541
244 808 2.56784405 0.00855948017 3.31147541
244 806 2.56839091 0.00856130304 3.30327869
244 806 2.56830447 0.00856101489 3.30327869
244 806 2.56834922 0.00856116407 3.30327869
244 806 2.56834264 0.00856114213 3.30327869
244 806 2.57036977 0.00856789924 3.30327869
243 800 2.55448957 0.00851496524 3.29218107
243 800 2.55424738 0.00851415793 3.29218107
243 800 2.5536493 0.00851216434 3.29218107
243 800 2.554255 0.00851418332 3.29218107
243 801 2.56426097 0.00854753656 3.2962963
243 801 2.56372211 0.00854574037 3.2962963
243 801 2.56356356 0.00854521188 3.2962963
243 801 2.56365519 0.0085455173 3.2962963
243 801 2.56361599 0.00854538664 3.2962963
243 801 2.56373415 0.00854578051 3.2962963
242 798 2.5463057 0.00848768567 3.29752066
242 794 2.54781408 0.00849271362 3.28099174
242 796 2.55264365 0.00850881218 3.2892562
242 796 2.55273854 0.00850912847 3.2892562
242 796 2.5527274 0.00850909133 3.2892562
242 796 2.55266269 0.00850887562 3.2892562
241 793 2.53982995 0.00846609982 3.29045643
241 793 2.53941519 0.0084647173 3.29045643
241 793 2.54225122 0.00847417073 3.29045643
241 793 2.54265287 0.00847550956 3.29045643
240 788 2.52674806 0.00842249352 3.28333333
240 787 2.51585134 0.00838617114 3.27916667
240 790 2.52636032 0.00842120106 3.29166667
240 786 2.55240937 0.00850803123 3.275
240 781 2.55001573 0.00850005243 3.25416667
240 781 2.54977149 0.0084992383 3.25416667
240 781 2.54959887 0.00849866291 3.25416667
239 778 2.54180155 0.00847267182 3.25523013
239 778 2.54162285 0.00847207615 3.25523013
239 776 2.54102049 0.0084700683 3.24686192
238 772 2.52801073 0.00842670245 3.24369748
238 773 2.53641854 0.00845472845 3.24789916
237 767 2.52990118 0.00843300392 3.23628692
237 767 2.52998468 0.00843328227 3.23628692
237 767 2.52999292 0.00843330972 3.23628692
237 775 2.53162633 0.00843875442 3.27004219
237 775 2.53166884 0.00843889612 3.27004219
237 780 2.52732811 0.00842442703 3.29113924
237 780 2.5272508 0.00842416933 3.29113924
237 780 2.52725936 0.00842419787 3.29113924
236 774 2.51192066 0.00837306888 3.27966102
236 773 2.51210179 0.00837367262 3.27542373
236 773 2.51226575 0.00837421915 3.27542373
236 773 2.51225522 0.00837418406 3.27542373
236 773 2.51232206 0.00837440688 3.27542373
236 773 2.51240983 0.00837469944 3.27542373
236 773 2.51230249 0.00837434162 3.27542373
236 773 2.51219257 0.00837397523 3.27542373
236 773 2.51436865 0.00838122884 3.27542373
236 771 2.52028349 0.00840094495 3.26694915
235 765 2.50436213 0.00834787375 3.25531915
235 765 2.50870344 0.0083623448 3.25531915
235 765 2.50865269 0.00836217563 3.25531915
235 765 2.50866424 0.00836221414 3.25531915
235 765 2.50867956 0.00836226519 3.25531915
235 765 2.508741 0.00836246999 3.25531915
235 765 2.50867194 0.00836223978 3.25531915
235 765 2.5086224 0.00836207467 3.25531915
235 765 2.50859038 0.00836196795 3.25531915
235 765 2.50860417 0.0083620139 3.25531915
234 762 2.49153009 0.00830510032 3.25641026
234 758 2.4950997 0.008316999 3.23931624
234 758 2.49509027 0.00831696757 3.23931624
234 758 2.49503119 0.00831677063 3.23931624
234 758 2.49519597 0.00831731989 3.23931624
234 758 2.49503047 0.00831676823 3.23931624
234 758 2.49509022 0.0083169674 3.23931624
234 758 2.49517171 0.00831723905 3.23931624
234 753 2.49635088 0.00832116961 3.21794872
234 753 2.49629663 0.00832098877 3.21794872
233 749 2.48002411 0.00826674703 3.21459227
233 749 2.47984349 0.00826614495 3.21459227
233 749 2.4833581 0.00827786033 3.21459227
232 747 2.47534334 0.00825114445 3.21982759
232 747 2.47529304 0.0082509768 3.21982759
232 747 2.47531335 0.00825104449 3.21982759
232 747 2.47571041 0.00825236803 3.21982759
232 747 2.47553284 0.00825177614 3.21982759
232 747 2.47548526 0.00825161755 3.21982759
232 747 2.47539501 0.00825131669 3.21982759
231 740 2.45923573 0.00819745243 3.2034632
231 740 2.46134466 0.00820448222 3.2034632
231 740 2.46146443 0.00820488145 3.2034632
231 740 2.46180285 0.00820600951 3.2034632
231 741 2.46221257 0.00820737523 3.20779221
231 741 2.46243714 0.0082081238 3.20779221
231 741 2.46238151 0.00820793838 3.20779221
231 741 2.46254415 0.00820848049 3.20779221
231 741 2.46253253 0.00820844176 3.20779221
231 741 2.46259661 0.00820865537 3.20779221
230 734 2.44850447 0.00816168156 3.19130435
230 734 2.44854374 0.00816181245 3.19130435
230 734 2.44854938 0.00816183125 3.19130435
230 734 2.44851397 0.00816171324 3.19130435
230 734 2.44856272 0.00816187574 3.19130435
230 734 2.44845065 0.00816150217 3.19130435
230 734 2.44864576 0.00816215253 3.19130435
230 734 2.44855945 0.00816186482 3.19130435
230 734 2.44852436 0.00816174786 3.19130435
230 734 2.4485572 0.00816185734 3.19130435
229 733 2.4301035 0.008100345 3.20087336
229 728 2.42884845 0.00809616149 3.1790393
229 727 2.43260083 0.00810866943 3.17467249
229 727 2.43449034 0.00811496781 3.17467249
229 727 2.43431917 0.00811439723 3.17467249
229 727 2.43455077 0.00811516923 3.17467249
229 727 2.43454962 0.00811516538 3.17467249
229 727 2.43463361 0.00811544538 3.17467249
229 727 2.43456332 0.00811521108 3.17467249
229 727 2.43452825 0.00811509415 3.17467249
228 726 2.41598954 0.00805329845 3.18421053
228 721 2.41707175 0.00805690585 3.1622807
228 721 2.41507618 0.00805025394 3.1622807
228 720 2.42043836 0.00806812787 3.15789474
228 720 2.41962386 0.00806541285 3.15789474
228 720 2.41925759 0.00806419196 3.15789474
228 720 2.41924785 0.00806415951 3.15789474
228 720 2.41919636 0.00806398786 3.15789474
228 720 2.41913905 0.00806379684 3.15789474
228 720 2.41908189 0.0080636063 3.15789474
227 717 2.40021841 0.00800072805 3.15859031
227 714 2.40083761 0.00800279204 3.14537445
227 715 2.4027798 0.00800926599 3.14977974
227 715 2.40208139 0.00800693798 3.14977974
227 715 2.40169947 0.00800566491 3.14977974
227 715 2.40173008 0.00800576693 3.14977974
227 714 2.39812108 0.00799373693 3.14537445
227 716 2.41329068 0.00804430225 3.15418502
227 716 2.41323609 0.00804412031 3.15418502
227 716 2.41340368 0.00804467894 3.15418502
226 710 2.3960097 0.00798669899 3.14159292
226 710 2.3955968 0.00798532267 3.14159292
226 713 2.39531566 0.00798438554 3.15486726
226 713 2.39527925 0.00798426416 3.15486726
226 713 2.39526345 0.00798421148 3.15486726
226 710 2.39546567 0.00798488557 3.14159292
226 710 2.39566518 0.0079855506 3.14159292
226 710 2.39594946 0.0079864982 3.14159292
226 710 2.39588242 0.00798627475 3.14159292
226 710 2.39610938 0.00798703127 3.14159292
225 704 2.37629156 0.00792097186 3.12888889
225 705 2.37870564 0.00792901879 3.13333333
225 705 2.37864427 0.00792881423 3.13333333
225 707 2.38154949 0.00793849829 3.14222222
225 707 2.38151885 0.00793839617 3.14222222
225 707 2.38137862 0.00793792874 3.14222222
225 707 2.38145332 0.00793817772 3.14222222
225 707 2.38181825 0.00793939415 3.14222222
225 707 2.38147559 0.00793825197 3.14222222
225 707 2.38160469 0.00793868231 3.14222222
224 700 2.36581469 0.00788604898 3.125
224 700 2.36587659 0.00788625529 3.125
224 703 2.36466247 0.00788220823 3.13839286
224 703 2.36509641 0.0078836547 3.13839286
224 700 2.3660199 0.00788673301 3.125
224 700 2.36586152 0.00788620505 3.125
224 700 2.36599005 0.00788663349 3.125
224 700 2.36622075 0.00788740251 3.125
224 700 2.36607967 0.00788693224 3.125
224 700 2.36618646 0.00788728821 3.125
223 694 2.34761209 0.00782537363 3.11210762
223 699 2.34726483 0.00782421611 3.13452915
223 697 2.35044401 0.00783481335 3.12556054
223 697 2.35065108 0.00783550359 3.12556054
223 697 2.35056193 0.00783520645 3.12556054
223 696 2.34973794 0.00783245981 3.12107623
223 696 2.34954757 0.00783182523 3.12107623
223 696 2.34981159 0.0078327053 3.12107623
223 696 2.34972175 0.00783240583 3.12107623
223 696 2.34962805 0.0078320935 3.12107623
222 692 2.33044683 0.00776815609 3.11711712
222 695 2.3306813 0.00776893765 3.13063063
222 695 2.33058597 0.00776861989 3.13063063
222 695 2.33085968 0.00776953228 3.13063063
222 695 2.33071129 0.00776903765 3.13063063
222 695 2.33080981 0.00776936603 3.13063063
222 695 2.33086122 0.00776953739 3.13063063
222 695 2.33075429 0.00776918097 3.13063063
222 695 2.33095652 0.00776985505 3.13063063
222 695 2.33083927 0.00776946424 3.13063063
221 692 2.31445081 0.00771483604 3.13122172
221 692 2.3144437 0.00771481234 3.13122172
221 692 2.31437356 0.00771457852 3.13122172
221 692 2.31434005 0.00771446682 3.13122172
221 692 2.314302 0.00771434 3.13122172
221 692 2.31434029 0.00771446763 3.13122172
221 691 2.31912398 0.00773041328 3.12669683
221 691 2.31909585 0.0077303195 3.12669683
221 691 2.31897901 0.00772993002 3.12669683
221 691 2.31927724 0.00773092413 3.12669683
220 687 2.30147808 0.0076715936 3.12272727
220 687 2.30154165 0.00767180549 3.12272727
220 687 2.30156682 0.0076718894 3.12272727
220 687 2.3015179 0.00767172633 3.12272727
220 687 2.30147729 0.00767159096 3.12272727
220 685 2.30326369 0.00767754564 3.11363636
220 685 2.30329511 0.00767765035 3.11363636
220 682 2.30229272 0.00767430908 3.1
220 682 2.30188517 0.00767295058 3.1
220 680 2.30524049 0.00768413497 3.09090909
219 677 2.28545914 0.00761819715 3.0913242
219 677 2.28557483 0.00761858276 3.0913242
219 676 2.2868457 0.00762281901 3.08675799
219 676 2.28677169 0.00762257229 3.08675799
219 676 2.28686745 0.00762289151 3.08675799
219 676 2.28686786 0.00762289285 3.08675799
219 676 2.28679039 0.00762263462 3.08675799
219 676 2.2867593 0.00762253099 3.08675799
219 676 2.28678355 0.00762261185 3.08675799
219 676 2.286829 0.00762276333 3.08675799
218 673 2.26743848 0.00755812828 3.08715596
218 673 2.2708263 0.00756942101 3.08715596
218 673 2.27145161 0.00757150538 3.08715596
218 673 2.27144874 0.00757149582 3.08715596
218 673 2.27133312 0.00757111041 3.08715596
218 673 2.27173747 0.00757245825 3.08715596
218 673 2.27158564 0.00757195213 3.08715596
218 673 2.27146956 0.00757156521 3.08715596
218 673 2.27152294 0.00757174314 3.08715596
218 673 2.27148337 0.00757161125 3.08715596
217 670 2.25213015 0.00750710051 3.0875576
217 670 2.25203779 0.00750679263 3.0875576
217 670 2.25219798 0.00750732661 3.0875576
217 670 2.25225757 0.00750752524 3.0875576
217 670 2.25221862 0.00750739539 3.0875576
217 670 2.25244896 0.0075081632 3.0875576
217 670 2.25248193 0.0075082731 3.0875576
217 669 2.25368266 0.00751227553 3.08294931
217 669 2.25355259 0.00751184198 3.08294931
217 669 2.25359574 0.0075119858 3.08294931
216 666 2.23294503 0.00744315009 3.08333333
216 666 2.23411242 0.00744704139 3.08333333
216 666 2.2342389 0.00744746301 3.08333333
216 666 2.2342625 0.00744754167 3.08333333
216 666 2.23419545 0.00744731816 3.08333333
216 666 2.23428291 0.0074476097 3.08333333
216 666 2.23424943 0.00744749809 3.08333333
216 666 2.23426082 0.00744753605 3.08333333
216 666 2.23433686 0.00744778954 3.08333333
216 666 2.23443536 0.00744811787 3.08333333
215 661 2.2120811 0.00737360368 3.0744186
215 665 2.20442624 0.00734808746 3.09302326
215 665 2.20272102 0.00734240341 3.09302326
215 665 2.20260703 0.00734202342 3.09302326
215 665 2.20235885 0.00734119618 3.09302326
215 665 2.20268412 0.0073422804 3.09302326
215 665 2.20277307 0.00734257691 3.09302326
215 665 2.20271293 0.00734237642 3.09302326
215 665 2.20278829 0.00734262762 3.09302326
215 665 2.20285367 0.00734284556 3.09302326
214 662 2.18278547 0.00727595158 3.09345794
214 660 2.1886977 0.00729565899 3.08411215
214 660 2.18866449 0.00729554829 3.08411215
214 660 2.18873649 0.00729578831 3.08411215
214 660 2.18878029 0.0072959343 3.08411215
214 660 2.18872718 0.00729575726 3.08411215
214 660 2.18873177 0.00729577256 3.08411215
214 658 2.20298812 0.00734329373 3.07476636
214 658 2.20273674 0.00734245579 3.07476636
214 658 2.20275685 0.00734252284 3.07476636
213 652 2.1753408 0.00725113599 3.06103286
213 652 2.17954684 0.00726515613 3.06103286
213 653 2.18015221 0.00726717405 3.0657277
213 652 2.17902118 0.00726340393 3.06103286
213 652 2.17923741 0.00726412468 3.06103286
213 652 2.17916645 0.00726388817 3.06103286
213 652 2.17912254 0.00726374181 3.06103286
213 655 2.1833123 0.00727770767 3.07511737
213 655 2.18327608 0.00727758694 3.07511737
213 655 2.18303027 0.00727676756 3.07511737
212 650 2.15754757 0.00719182524 3.06603774
212 650 2.15745781 0.00719152604 3.06603774
212 650 2.15738464 0.00719128212 3.06603774
212 650 2.15728666 0.00719095554 3.06603774
212 649 2.15662878 0.0071887626 3.06132075
212 648 2.15709552 0.00719031839 3.05660377
212 647 2.13373017 0.00711243389 3.05188679
212 647 2.13017186 0.00710057287 3.05188679
212 647 2.12629313 0.00708764376 3.05188679
211 645 2.10423201 0.00701410671 3.05687204
210 641 2.06824066 0.00689413553 3.05238095
210 642 2.02380573 0.00674601911 3.05714286
210 640 0 0 3.04761905
allocating memory...
allocating memory...
allocating memory...
allocating memory...
allocating memory...
allocating memory...
walksat version 35
command line = test -solcnf -cutoff 100000000 -best -seed 1234567 -numsol 10 ./residualformula_seed4.cnf
seed = 1234567
cutoff = 100000000
tries = 10
heuristic = best, noise 50 / 100
tail starts after flip = 900
numatom = 300, numclause = 640, numliterals = 1774
wff read in

    lowest     final       avg     noise     noise     total                 avg        mean        mean
    #unsat    #unsat     noise   std dev     ratio     flips              length       flips       flips
      this      this      this      this      this      this   success   success       until         std
       try       try       try       try       try       try      rate     tries      assign         dev

         0         0      1.57      1.04      1.51       929       100       929      929.00
         0         0      0.00      0.00      0.00       598       100       763      763.50      234.05
         0         0      5.13      2.33      2.20      1358       100       961      961.67      381.05
         0         0      3.84      1.63      2.36      1576       100      1115     1115.25      437.21
         0         0      4.80      2.98      1.61      3003       100      1492     1492.80      925.25
         0         0      4.30      1.77      2.43      2029       100      1582     1582.17      856.03
         0         0      0.00      0.00      -nan       900       100      1484     1484.71      822.88
         0         0      4.21      2.58      1.63      1288       100      1460     1460.12      765.01
         0         0      0.00      0.00      0.00       848       100      1392     1392.11      744.12
         0         0      3.41      1.70      2.00      1225       100      1375     1375.40      703.55

total elapsed seconds = 0.000000
average flips per second = -9223372036854775808
number solutions found = 10
final success rate = 100.000000
average length successful tries = 1375
mean flips until assign = 1375.400000
  variance = 494984.044444
  standard deviation = 703.551025
  standard error of mean = 222.482369
mean seconds until assign = 0.000000
  variance = 0.000000
  standard deviation = 0.000000
  standard error of mean = 0.000000
mean restarts until assign = 1.000000
  variance = 0.000000
  standard deviation = 0.000000
  standard error of mean = 0.000000
final noise level statistics
    statistics over all runs:
      overall mean average noise level = 3.406037
      overall mean noise std deviation = 1.753045
      overall ratio mean noise to mean std dev = 1.942926
    statistics on successful runs:
      successful mean average noise level = 3.406037
      successful mean noise std deviation = 1.753045
      successful ratio mean noise to mean std dev = 1.942926
    statistics on nonsuccessful runs:
      nonsuccessful mean average noise level = 0.000000
      nonsuccessful mean noise std deviation = 0.000000
      nonsuccessful ratio mean noise to mean std dev = 0.000000
ASSIGNMENT FOUND
Check and white a solution
time of whitening    freezing probability
7	 	 	 	1
7	 	 	 	1
8	 	 	 	1
8	 	 	 	1
6	 	 	 	1
7	 	 	 	1
8	 	 	 	1
7	 	 	 	1
7	 	 	 	1
1023	 	 	 	0.27
