START ALGORITHM:
I am going to build an instance with N: 300 variables and 1245 clauses with a clause density equal to 4.15
START BSP WITH r=0.9:
Decimation scorer: cert
END UNIT PROPAGATION
300 1245 2.66679984 0.00888933279 4.15
300 1245 2.66730897 0.00889102989 4.15
300 1245 2.66675162 0.00888917206 4.15
300 1245 2.66719993 0.00889066642 4.15
300 1245 2.66726062 0.00889086873 4.15
300 1245 2.66691773 0.00888972578 4.15
300 1245 2.66716217 0.00889054056 4.15
300 1245 2.66705049 0.00889016829 4.15
300 1245 2.66703425 0.00889011418 4.15
299 1241 2.66706054 0.00889020181 4.15050167
299 1241 2.66713497 0.00889044989 4.15050167
299 1241 2.66708747 0.00889029156 4.15050167
299 1241 2.66700379 0.00889001264 4.15050167
299 1241 2.66711909 0.00889039696 4.15050167
299 1241 2.667021 0.00889007 4.15050167
299 1241 2.66708958 0.00889029858 4.15050167
299 1241 2.66707031 0.00889023438 4.15050167
299 1241 2.66707095 0.0088902365 4.15050167
299 1241 2.66712384 0.00889041279 4.15050167
298 1230 2.65088107 0.00883627024 4.12751678
298 1231 2.65961679 0.0088653893 4.13087248
298 1231 2.65969015 0.00886563382 4.13087248
298 1231 2.65964729 0.00886549097 4.13087248
298 1232 2.66246232 0.00887487439 4.13422819
298 1232 2.66268459 0.00887561529 4.13422819
298 1232 2.66259963 0.00887533209 4.13422819
298 1232 2.66249696 0.00887498986 4.13422819
298 1232 2.66256806 0.00887522687 4.13422819
298 1232 2.66256062 0.00887520205 4.13422819
297 1220 2.64919771 0.00883065904 4.10774411
297 1220 2.64908209 0.00883027364 4.10774411
297 1222 2.65543749 0.0088514583 4.11447811
297 1222 2.65525348 0.00885084492 4.11447811
297 1222 2.65528666 0.00885095554 4.11447811
297 1222 2.655285 0.00885094999 4.11447811
297 1222 2.65532129 0.00885107095 4.11447811
297 1222 2.65525173 0.0088508391 4.11447811
297 1222 2.65526367 0.0088508789 4.11447811
297 1222 2.65529142 0.0088509714 4.11447811
296 1219 2.64789486 0.00882631619 4.11824324
296 1219 2.64804671 0.00882682238 4.11824324
296 1219 2.64804565 0.00882681882 4.11824324
296 1219 2.64804783 0.00882682609 4.11824324
296 1219 2.64798863 0.00882662876 4.11824324
296 1219 2.64795305 0.00882651016 4.11824324
296 1219 2.64806043 0.0088268681 4.11824324
296 1219 2.64792656 0.00882642185 4.11824324
296 1219 2.64790447 0.00882634824 4.11824324
296 1219 2.64795941 0.00882653137 4.11824324
295 1207 2.63490302 0.00878301006 4.09152542
295 1211 2.63812505 0.00879375017 4.10508475
295 1211 2.63797875 0.0087932625 4.10508475
295 1214 2.63332901 0.00877776337 4.11525424
295 1214 2.63327191 0.00877757304 4.11525424
295 1209 2.63804991 0.00879349969 4.09830508
295 1209 2.63821999 0.00879406662 4.09830508
295 1215 2.63718047 0.00879060157 4.11864407
295 1215 2.63726256 0.00879087519 4.11864407
295 1211 2.63800877 0.00879336257 4.10508475
294 1199 2.6253795 0.00875126501 4.07823129
294 1206 2.63105477 0.00877018257 4.10204082
294 1206 2.63095819 0.00876986063 4.10204082
294 1206 2.63066878 0.00876889592 4.10204082
294 1206 2.630838 0.00876946001 4.10204082
294 1206 2.6308113 0.00876937101 4.10204082
294 1206 2.63068358 0.00876894527 4.10204082
294 1206 2.63084537 0.00876948457 4.10204082
294 1206 2.63079583 0.00876931943 4.10204082
294 1206 2.63089479 0.00876964931 4.10204082
293 1194 2.61823514 0.00872745047 4.07508532
293 1194 2.61804383 0.00872681277 4.07508532
293 1194 2.6180126 0.00872670868 4.07508532
293 1200 2.6206145 0.00873538166 4.09556314
293 1195 2.61630689 0.00872102297 4.07849829
293 1195 2.61628556 0.00872095186 4.07849829
293 1195 2.61625079 0.00872083595 4.07849829
293 1195 2.61627627 0.0087209209 4.07849829
293 1195 2.61626956 0.00872089852 4.07849829
293 1195 2.61621367 0.00872071224 4.07849829
292 1189 2.61074536 0.00870248453 4.07191781
292 1189 2.61083209 0.00870277362 4.07191781
292 1189 2.61060844 0.00870202814 4.07191781
292 1189 2.61057025 0.00870190083 4.07191781
292 1189 2.61090746 0.00870302487 4.07191781
292 1189 2.61069525 0.00870231749 4.07191781
292 1189 2.61078654 0.00870262182 4.07191781
292 1189 2.61077955 0.00870259848 4.07191781
292 1189 2.61073204 0.00870244015 4.07191781
292 1189 2.61073788 0.00870245959 4.07191781
291 1176 2.59294576 0.00864315252 4.04123711
291 1182 2.59794831 0.00865982769 4.06185567
291 1182 2.59772391 0.0086590797 4.06185567
291 1182 2.59777748 0.00865925827 4.06185567
291 1182 2.59770567 0.00865901891 4.06185567
291 1182 2.59758085 0.00865860282 4.06185567
291 1182 2.59766615 0.00865888718 4.06185567
291 1182 2.5977513 0.008659171 4.06185567
291 1182 2.59792533 0.0086597511 4.06185567
291 1182 2.59770193 0.00865900642 4.06185567
290 1170 2.58557229 0.0086185743 4.03448276
290 1170 2.58524213 0.00861747378 4.03448276
290 1170 2.58561718 0.00861872394 4.03448276
290 1170 2.58546261 0.00861820872 4.03448276
290 1170 2.58539191 0.00861797304 4.03448276
290 1170 2.58536957 0.00861789857 4.03448276
290 1170 2.58539467 0.00861798222 4.03448276
290 1170 2.58522707 0.00861742356 4.03448276
290 1170 2.58538958 0.00861796526 4.03448276
290 1170 2.58481406 0.00861604687 4.03448276
289 1155 2.5727139 0.00857571299 3.99653979
289 1162 2.57263877 0.00857546258 4.02076125
289 1162 2.57192153 0.00857307176 4.02076125
289 1155 2.57301651 0.0085767217 3.99653979
289 1155 2.57281902 0.00857606341 3.99653979
289 1155 2.57268838 0.00857562792 3.99653979
289 1155 2.57283286 0.00857610952 3.99653979
289 1155 2.57261644 0.00857538815 3.99653979
289 1155 2.57256046 0.00857520153 3.99653979
289 1155 2.5725759 0.00857525301 3.99653979
288 1147 2.56036568 0.00853455226 3.98263889
288 1148 2.56009155 0.00853363849 3.98611111
288 1148 2.56021219 0.00853404065 3.98611111
288 1148 2.56001712 0.00853339042 3.98611111
288 1152 2.56060595 0.00853535318 4
288 1152 2.56037532 0.0085345844 4
288 1152 2.56020791 0.00853402636 4
288 1152 2.56046752 0.00853489172 4
288 1152 2.5602683 0.00853422766 4
288 1152 2.5602721 0.00853424033 4
287 1143 2.53908953 0.00846363176 3.9825784
287 1143 2.54356996 0.00847856654 3.9825784
287 1140 2.54840514 0.00849468382 3.97212544
287 1140 2.54843613 0.00849478709 3.97212544
287 1140 2.54837367 0.00849457889 3.97212544
287 1140 2.54839702 0.00849465672 3.97212544
287 1140 2.54829991 0.00849433304 3.97212544
287 1140 2.54837353 0.00849457842 3.97212544
287 1140 2.54820011 0.00849400038 3.97212544
287 1140 2.54830933 0.00849436445 3.97212544
286 1131 2.53534864 0.00845116213 3.95454545
286 1131 2.53530794 0.00845102647 3.95454545
286 1134 2.5358904 0.008452968 3.96503497
286 1134 2.53590033 0.00845300111 3.96503497
286 1134 2.53565747 0.00845219155 3.96503497
286 1134 2.5353566 0.00845118865 3.96503497
286 1134 2.53587749 0.00845292496 3.96503497
286 1134 2.53572633 0.00845242109 3.96503497
286 1134 2.53584713 0.00845282377 3.96503497
286 1134 2.53589336 0.00845297787 3.96503497
285 1121 2.52360822 0.00841202741 3.93333333
285 1121 2.52358626 0.00841195419 3.93333333
285 1121 2.52374141 0.00841247137 3.93333333
285 1121 2.52371081 0.00841236935 3.93333333
285 1121 2.52380929 0.00841269764 3.93333333
285 1121 2.52361884 0.00841206279 3.93333333
285 1121 2.52337694 0.00841125646 3.93333333
285 1125 2.52325352 0.00841084506 3.94736842
285 1125 2.52345688 0.00841152292 3.94736842
285 1125 2.52346228 0.00841154095 3.94736842
284 1116 2.50725131 0.00835750436 3.92957746
284 1116 2.50730297 0.00835767658 3.92957746
284 1121 2.51089182 0.00836963938 3.9471831
284 1112 2.51148915 0.0083716305 3.91549296
284 1112 2.51135869 0.00837119564 3.91549296
284 1112 2.51136959 0.00837123198 3.91549296
284 1112 2.51130188 0.00837100627 3.91549296
284 1112 2.51131906 0.00837106352 3.91549296
284 1112 2.51140896 0.00837136321 3.91549296
284 1112 2.51135521 0.00837118405 3.91549296
283 1108 2.49910658 0.00833035526 3.91519435
283 1108 2.49915293 0.00833050976 3.91519435
283 1108 2.49915383 0.00833051276 3.91519435
283 1108 2.49904409 0.00833014697 3.91519435
283 1108 2.49914909 0.00833049696 3.91519435
283 1108 2.49913642 0.00833045473 3.91519435
283 1108 2.49903017 0.00833010056 3.91519435
283 1108 2.49903519 0.00833011729 3.91519435
283 1108 2.49907887 0.0083302629 3.91519435
283 1108 2.49918012 0.00833060039 3.91519435
282 1099 2.48369943 0.00827899811 3.89716312
282 1099 2.48387557 0.00827958524 3.89716312
282 1097 2.48626087 0.00828753622 3.89007092
282 1097 2.48607134 0.00828690447 3.89007092
282 1097 2.48610719 0.00828702396 3.89007092
282 1097 2.48649151 0.00828830503 3.89007092
282 1097 2.48609081 0.00828696937 3.89007092
282 1097 2.48597487 0.00828658291 3.89007092
282 1097 2.48598621 0.0082866207 3.89007092
282 1097 2.48617177 0.00828723923 3.89007092
281 1085 2.472897 0.00824299 3.86120996
281 1085 2.47277062 0.00824256874 3.86120996
281 1085 2.47272047 0.00824240155 3.86120996
281 1085 2.4729789 0.00824326298 3.86120996
281 1085 2.47255037 0.00824183456 3.86120996
281 1085 2.47273085 0.00824243616 3.86120996
281 1085 2.4727348 0.00824244933 3.86120996
281 1085 2.47304782 0.00824349274 3.86120996
281 1085 2.47299372 0.00824331239 3.86120996
281 1085 2.4727043 0.00824234768 3.86120996
280 1075 2.45262549 0.00817541829 3.83928571
280 1080 2.45427389 0.00818091296 3.85714286
280 1080 2.45456689 0.00818188963 3.85714286
280 1080 2.45444453 0.00818148177 3.85714286
280 1080 2.45436756 0.00818122521 3.85714286
280 1080 2.45400261 0.00818000869 3.85714286
280 1080 2.45402568 0.00818008561 3.85714286
280 1076 2.45746863 0.00819156209 3.84285714
280 1076 2.45732727 0.00819109092 3.84285714
280 1077 2.44986155 0.00816620517 3.84642857
279 1068 2.4459884 0.00815329466 3.82795699
279 1068 2.44615706 0.00815385686 3.82795699
279 1068 2.44599506 0.00815331686 3.82795699
279 1068 2.44574612 0.00815248707 3.82795699
279 1068 2.44604564 0.00815348547 3.82795699
279 1068 2.44611181 0.00815370604 3.82795699
279 1068 2.44619204 0.00815397348 3.82795699
279 1068 2.4459151 0.00815305033 3.82795699
279 1068 2.44586082 0.00815286939 3.82795699
279 1068 2.44594473 0.0081531491 3.82795699
278 1063 2.42869478 0.00809564928 3.82374101
278 1063 2.43178039 0.00810593464 3.82374101
278 1063 2.43179763 0.00810599211 3.82374101
278 1063 2.43157893 0.00810526309 3.82374101
278 1063 2.43148866 0.00810496222 3.82374101
278 1063 2.43169703 0.00810565677 3.82374101
278 1063 2.43151009 0.00810503364 3.82374101
278 1063 2.43165221 0.00810550736 3.82374101
278 1063 2.43149864 0.00810499546 3.82374101
278 1063 2.43157409 0.00810524698 3.82374101
277 1055 2.41748868 0.00805829562 3.80866426
277 1055 2.41686396 0.0080562132 3.80866426
277 1055 2.41716955 0.00805723185 3.80866426
277 1055 2.41679325 0.00805597749 3.80866426
277 1055 2.41729603 0.00805765343 3.80866426
277 1055 2.41702658 0.00805675526 3.80866426
277 1055 2.41741393 0.00805804644 3.80866426
277 1055 2.41723174 0.00805743913 3.80866426
277 1055 2.41716905 0.00805723016 3.80866426
277 1055 2.41712899 0.00805709662 3.80866426
276 1047 2.39753383 0.00799177943 3.79347826
276 1047 2.39735473 0.00799118245 3.79347826
276 1045 2.39681034 0.00798936781 3.78623188
276 1050 2.40127856 0.00800426186 3.80434783
276 1045 2.40175942 0.00800586473 3.78623188
276 1050 2.40086869 0.00800289562 3.80434783
276 1050 2.40100172 0.00800333908 3.80434783
276 1045 2.40153664 0.00800512215 3.78623188
276 1045 2.40155953 0.00800519843 3.78623188
276 1045 2.40148333 0.00800494443 3.78623188
275 1037 2.37823725 0.00792745751 3.77090909
275 1037 2.38212727 0.00794042424 3.77090909
275 1039 2.38365031 0.00794550102 3.77818182
275 1039 2.38392782 0.00794642606 3.77818182
275 1039 2.38374126 0.00794580421 3.77818182
275 1040 2.38632561 0.00795441869 3.78181818
275 1040 2.38643007 0.00795476688 3.78181818
275 1040 2.3864712 0.007954904 3.78181818
275 1040 2.38687142 0.00795623807 3.78181818
275 1040 2.38612763 0.00795375878 3.78181818
274 1031 2.36497577 0.00788325257 3.76277372
274 1031 2.36521565 0.00788405216 3.76277372
274 1033 2.36587187 0.00788623957 3.77007299
274 1033 2.36837498 0.00789458328 3.77007299
274 1033 2.3680078 0.00789335934 3.77007299
274 1033 2.36791474 0.00789304914 3.77007299
274 1033 2.36826253 0.00789420844 3.77007299
274 1033 2.36837095 0.00789456982 3.77007299
274 1033 2.36821131 0.00789403771 3.77007299
274 1033 2.36832475 0.00789441582 3.77007299
273 1025 2.3494744 0.00783158132 3.75457875
273 1025 2.34929921 0.00783099737 3.75457875
273 1025 2.34946883 0.00783156276 3.75457875
273 1025 2.34865911 0.00782886371 3.75457875
273 1025 2.34929887 0.00783099624 3.75457875
273 1029 2.35229135 0.00784097115 3.76923077
273 1030 2.35373026 0.00784576752 3.77289377
273 1030 2.35394553 0.00784648509 3.77289377
273 1030 2.3537108 0.00784570266 3.77289377
273 1030 2.3539004 0.00784633467 3.77289377
272 1020 2.33365988 0.00777886628 3.75
272 1023 2.33805841 0.00779352802 3.76102941
272 1023 2.33779648 0.00779265495 3.76102941
272 1023 2.33794255 0.00779314182 3.76102941
272 1023 2.33813013 0.00779376711 3.76102941
272 1023 2.33811429 0.00779371431 3.76102941
272 1023 2.33788932 0.00779296441 3.76102941
272 1023 2.33796136 0.00779320454 3.76102941
272 1023 2.3377161 0.00779238699 3.76102941
272 1023 2.33758933 0.00779196444 3.76102941
271 1014 2.31882725 0.00772942418 3.74169742
271 1014 2.31889755 0.00772965851 3.74169742
271 1016 2.32208831 0.00774029438 3.74907749
271 1012 2.31578334 0.00771927782 3.73431734
271 1012 2.31575017 0.00771916724 3.73431734
271 1009 2.31441207 0.00771470689 3.72324723
271 1008 2.31450252 0.00771500841 3.7195572
271 1006 2.31368671 0.00771228905 3.71217712
271 1004 2.32151326 0.00773837752 3.70479705
271 1004 2.32094129 0.00773647096 3.70479705
270 1000 2.29829229 0.0076609743 3.7037037
270 1000 2.30860594 0.00769535314 3.7037037
270 1000 2.30881213 0.00769604044 3.7037037
270 1000 2.3086589 0.00769552968 3.7037037
270 1000 2.30889534 0.00769631781 3.7037037
270 1003 2.30814432 0.00769381442 3.71481481
269 995 2.29785839 0.00765952797 3.69888476
269 995 2.29740402 0.0076580134 3.69888476
269 995 2.29748022 0.0076582674 3.69888476
269 995 2.29757132 0.00765857108 3.69888476
268 986 2.28004814 0.00760016047 3.67910448
268 986 2.28012713 0.00760042378 3.67910448
268 986 2.2799941 0.00759998034 3.67910448
268 986 2.28021652 0.00760072172 3.67910448
268 986 2.27969063 0.00759896877 3.67910448
268 986 2.27989019 0.00759963397 3.67910448
268 987 2.28001346 0.00760004488 3.68283582
268 985 2.2792589 0.00759752966 3.67537313
268 987 2.27977931 0.00759926435 3.68283582
268 987 2.27950463 0.00759834875 3.68283582
267 978 2.26227562 0.00754091873 3.66292135
267 978 2.26198996 0.00753996652 3.66292135
267 977 2.26488573 0.00754961909 3.65917603
267 977 2.2644863 0.00754828768 3.65917603
267 977 2.2645239 0.00754841299 3.65917603
267 977 2.26458594 0.0075486198 3.65917603
267 977 2.26484404 0.00754948012 3.65917603
267 977 2.26444757 0.00754815856 3.65917603
267 977 2.26458683 0.00754862275 3.65917603
267 977 2.2649197 0.00754973234 3.65917603
266 968 2.24749012 0.00749163374 3.63909774
266 968 2.24746804 0.00749156012 3.63909774
266 968 2.24688927 0.00748963091 3.63909774
266 968 2.24706902 0.00749023007 3.63909774
266 968 2.2471668 0.00749055601 3.63909774
266 968 2.2468675 0.00748955832 3.63909774
266 968 2.2468109 0.00748936967 3.63909774
266 968 2.24733038 0.00749110128 3.63909774
266 968 2.24694385 0.00748981285 3.63909774
266 968 2.24689801 0.00748966004 3.63909774
265 960 2.22815406 0.00742718021 3.62264151
265 960 2.22799562 0.00742665206 3.62264151
265 961 2.22090277 0.00740300924 3.62641509
265 968 2.23779464 0.00745931546 3.65283019
265 968 2.2381329 0.00746044299 3.65283019
265 968 2.23768283 0.00745894277 3.65283019
265 968 2.23821021 0.0074607007 3.65283019
265 968 2.23822695 0.00746075649 3.65283019
265 968 2.23792331 0.00745974435 3.65283019
265 968 2.23811689 0.00746038965 3.65283019
264 963 2.21231121 0.00737437072 3.64772727
264 959 2.22059075 0.00740196917 3.63257576
264 959 2.22060617 0.00740202057 3.63257576
264 959 2.22075499 0.00740251664 3.63257576
264 959 2.22062241 0.0074020747 3.63257576
264 959 2.2205631 0.00740187699 3.63257576
264 959 2.2205358 0.00740178599 3.63257576
264 959 2.2206178 0.00740205932 3.63257576
264 959 2.22053125 0.00740177085 3.63257576
264 959 2.22068071 0.00740226905 3.63257576
263 950 2.19769011 0.00732563371 3.6121673
263 952 2.19813613 0.00732712043 3.61977186
263 951 2.20177829 0.00733926096 3.61596958
263 951 2.20184538 0.0073394846 3.61596958
263 951 2.20220228 0.00734067425 3.61596958
263 951 2.20174175 0.00733913918 3.61596958
263 951 2.20171439 0.00733904798 3.61596958
263 951 2.20170925 0.00733903084 3.61596958
263 951 2.20236871 0.00734122903 3.61596958
263 951 2.20219678 0.00734065594 3.61596958
262 942 2.17932223 0.00726440743 3.59541985
262 943 2.18016661 0.00726722204 3.59923664
262 944 2.18162077 0.00727206922 3.60305344
261 936 2.17261552 0.00724205173 3.5862069
261 936 2.17254379 0.00724181262 3.5862069
261 936 2.17270604 0.00724235347 3.5862069
261 936 2.1728537 0.00724284567 3.5862069
261 936 2.1723703 0.00724123433 3.5862069
261 936 2.17286175 0.00724287249 3.5862069
261 936 2.17278095 0.00724260317 3.5862069
260 928 2.15195184 0.0071731728 3.56923077
260 928 2.15229317 0.00717431057 3.56923077
260 928 2.15216904 0.00717389681 3.56923077
260 928 2.15251345 0.00717504484 3.56923077
260 928 2.15226588 0.0071742196 3.56923077
260 928 2.15213048 0.00717376827 3.56923077
260 928 2.15192782 0.00717309273 3.56923077
260 928 2.15208552 0.00717361842 3.56923077
260 928 2.15227307 0.00717424355 3.56923077
260 928 2.15228262 0.0071742754 3.56923077
259 919 2.12888692 0.00709628975 3.54826255
259 919 2.12861971 0.00709539902 3.54826255
259 921 2.13098747 0.00710329157 3.55598456
259 921 2.13087653 0.00710292177 3.55598456
259 921 2.1309773 0.00710325767 3.55598456
259 921 2.13117305 0.00710391017 3.55598456
259 921 2.13051011 0.00710170036 3.55598456
259 921 2.13071629 0.00710238763 3.55598456
259 921 2.13084244 0.00710280812 3.55598456
259 921 2.13096033 0.0071032011 3.55598456
258 917 2.10977668 0.00703258892 3.55426357
258 917 2.10966322 0.00703221072 3.55426357
258 917 2.11016159 0.00703387198 3.55426357
258 917 2.11010937 0.0070336979 3.55426357
258 917 2.10986846 0.00703289486 3.55426357
258 917 2.10995856 0.00703319521 3.55426357
258 917 2.10971105 0.00703237018 3.55426357
258 917 2.10962668 0.00703208894 3.55426357
258 917 2.10972379 0.00703241265 3.55426357
258 917 2.10978258 0.00703260858 3.55426357
257 912 2.08411589 0.00694705297 3.54863813
257 912 2.08415765 0.00694719215 3.54863813
257 912 2.08327077 0.0069442359 3.54863813
257 912 2.08449668 0.00694832228 3.54863813
257 911 2.08474319 0.00694914396 3.54474708
257 913 2.08658275 0.00695527584 3.55252918
257 913 2.08663 0.00695543334 3.55252918
257 913 2.08654902 0.0069551634 3.55252918
257 913 2.08628345 0.00695427816 3.55252918
257 913 2.08652212 0.00695507372 3.55252918
256 905 2.05980073 0.00686600242 3.53515625
255 893 2.05035257 0.00683450858 3.50196078
255 893 2.05043546 0.00683478486 3.50196078
255 893 2.05038613 0.00683462045 3.50196078
255 888 2.05185049 0.00683950163 3.48235294
255 888 2.05160956 0.00683869852 3.48235294
255 888 2.05195479 0.00683984931 3.48235294
255 888 2.05194594 0.00683981981 3.48235294
255 888 2.05172992 0.00683909973 3.48235294
255 888 2.05175746 0.00683919154 3.48235294
254 884 2.0316455 0.00677215166 3.48031496
254 884 2.03169963 0.00677233209 3.48031496
254 884 2.03159441 0.00677198136 3.48031496
254 884 2.03111797 0.00677039323 3.48031496
254 884 2.03148466 0.00677161552 3.48031496
254 885 2.03001897 0.00676672991 3.48425197
254 882 2.02824611 0.00676082037 3.47244094
254 882 2.03100061 0.00677000202 3.47244094
254 882 2.03065276 0.00676884253 3.47244094
254 882 2.03110061 0.00677033537 3.47244094
253 878 2.01055312 0.00670184374 3.47035573
253 878 2.01045145 0.00670150483 3.47035573
253 878 2.0103637 0.00670121233 3.47035573
253 878 2.01064485 0.0067021495 3.47035573
253 878 2.01051028 0.00670170094 3.47035573
253 878 2.01040933 0.00670136444 3.47035573
253 878 2.01023486 0.00670078288 3.47035573
253 878 2.01046953 0.00670156509 3.47035573
253 878 2.01055882 0.00670186273 3.47035573
253 878 2.01073446 0.00670244819 3.47035573
252 875 1.9870939 0.00662364632 3.47222222
252 875 1.98709006 0.00662363352 3.47222222
252 875 1.9873626 0.00662454199 3.47222222
252 875 1.98743467 0.00662478222 3.47222222
252 875 1.98688092 0.00662293638 3.47222222
252 875 1.98721137 0.00662403789 3.47222222
252 875 1.98751733 0.00662505777 3.47222222
252 875 1.98764223 0.0066254741 3.47222222
252 875 1.9872627 0.00662420902 3.47222222
252 875 1.9870913 0.00662363768 3.47222222
251 868 1.95332555 0.00651108516 3.45816733
251 874 1.96163629 0.00653878764 3.48207171
251 870 1.96396924 0.00654656415 3.46613546
251 871 1.97831267 0.00659437558 3.47011952
251 871 1.97823197 0.00659410656 3.47011952
251 871 1.9783971 0.00659465699 3.47011952
251 871 1.97864007 0.0065954669 3.47011952
251 871 1.97851107 0.00659503691 3.47011952
250 868 1.9561373 0.00652045765 3.472
250 868 1.95594706 0.00651982352 3.472
249 867 1.93187529 0.00643958429 3.48192771
249 865 1.93305072 0.0064435024 3.47389558
249 862 1.92021522 0.0064007174 3.46184739
249 865 1.93293188 0.00644310626 3.47389558
249 865 1.93304767 0.00644349222 3.47389558
249 865 1.93308544 0.00644361814 3.47389558
249 865 1.93338061 0.00644460203 3.47389558
249 865 1.93314629 0.00644382098 3.47389558
249 865 1.93335413 0.00644451376 3.47389558
249 865 1.93341279 0.0064447093 3.47389558
248 860 1.90979065 0.00636596882 3.46774194
248 859 1.91101129 0.00637003763 3.46370968
248 859 1.91020845 0.00636736151 3.46370968
248 859 1.911001 0.00637000335 3.46370968
248 859 1.91120554 0.00637068515 3.46370968
248 859 1.91072631 0.0063690877 3.46370968
248 859 1.91098441 0.00636994802 3.46370968
248 859 1.91101908 0.0063700636 3.46370968
248 859 1.91121847 0.00637072823 3.46370968
248 859 1.91072975 0.00636909915 3.46370968
247 852 1.87816834 0.00626056115 3.44939271
247 854 1.88711179 0.00629037264 3.45748988
247 854 1.88670534 0.00628901779 3.45748988
247 851 1.88914065 0.00629713551 3.44534413
247 851 1.88904353 0.00629681177 3.44534413
247 851 1.88921602 0.00629738675 3.44534413
247 851 1.88924458 0.00629748195 3.44534413
247 851 1.88927602 0.00629758675 3.44534413
247 851 1.88938712 0.00629795706 3.44534413
247 851 1.88929049 0.00629763496 3.44534413
246 850 1.86614182 0.00622047274 3.45528455
246 846 1.8649472 0.00621649066 3.43902439
246 847 1.8638901 0.006212967 3.44308943
246 851 1.86402813 0.0062134271 3.45934959
246 851 1.8639906 0.00621330201 3.45934959
246 854 1.86575382 0.00621917939 3.47154472
246 854 1.86584595 0.0062194865 3.47154472
246 854 1.86595042 0.00621983474 3.47154472
246 853 1.86622953 0.00622076511 3.46747967
246 853 1.86624559 0.00622081865 3.46747967
245 848 1.84536324 0.0061512108 3.46122449
245 848 1.84530453 0.00615101509 3.46122449
245 848 1.84527023 0.00615090075 3.46122449
245 848 1.84536208 0.00615120695 3.46122449
245 848 1.84529712 0.00615099041 3.46122449
245 848 1.84556422 0.00615188072 3.46122449
245 848 1.84468764 0.00614895882 3.46122449
245 848 1.84515461 0.00615051537 3.46122449
245 848 1.84538089 0.00615126963 3.46122449
245 848 1.84526717 0.00615089055 3.46122449
244 840 1.82332685 0.00607775615 3.44262295
244 840 1.82314059 0.00607713529 3.44262295
244 840 1.82274763 0.00607582543 3.44262295
244 840 1.82269227 0.00607564091 3.44262295
244 840 1.82385291 0.00607950971 3.44262295
244 840 1.82335682 0.00607785608 3.44262295
244 840 1.8234753 0.00607825098 3.44262295
244 840 1.82339728 0.00607799094 3.44262295
244 840 1.82290368 0.00607634559 3.44262295
244 840 1.82410091 0.00608033636 3.44262295
243 835 1.8004542 0.006001514 3.43621399
243 835 1.80062444 0.00600208146 3.43621399
243 836 1.80244683 0.0060081561 3.44032922
243 836 1.80226674 0.0060075558 3.44032922
243 836 1.78196122 0.00593987074 3.44032922
243 838 1.78779882 0.00595932941 3.44855967
243 834 1.79888991 0.00599629969 3.43209877
243 836 1.80136833 0.00600456108 3.44032922
243 836 1.80090834 0.00600302781 3.44032922
242 831 1.78795803 0.00595986011 3.4338843
241 826 1.76854488 0.00589514961 3.42738589
241 826 1.76829288 0.0058943096 3.42738589
241 826 1.76862786 0.00589542622 3.42738589
241 826 1.76771106 0.00589237019 3.42738589
241 826 1.76826187 0.00589420622 3.42738589
241 826 1.76859668 0.00589532227 3.42738589
241 826 1.76850663 0.00589502212 3.42738589
241 826 1.76870473 0.00589568244 3.42738589
241 826 1.76854117 0.00589513722 3.42738589
241 826 1.76857803 0.00589526009 3.42738589
240 818 1.74704392 0.00582347975 3.40833333
240 818 1.74755982 0.00582519938 3.40833333
240 821 1.74623984 0.00582079946 3.42083333
240 818 1.74681981 0.00582273272 3.40833333
240 818 1.74711493 0.00582371642 3.40833333
240 818 1.7470767 0.00582358899 3.40833333
240 821 1.74616724 0.00582055745 3.42083333
240 821 1.74653978 0.00582179926 3.42083333
240 821 1.73554899 0.0057851633 3.42083333
240 819 1.73213177 0.00577377257 3.4125
239 814 1.72964958 0.00576549861 3.40585774
239 812 1.72889707 0.00576299024 3.39748954
239 811 1.72366509 0.0057455503 3.39330544
239 813 1.71436304 0.00571454346 3.40167364
239 808 1.72647632 0.00575492108 3.38075314
239 808 1.7257788 0.005752596 3.38075314
239 815 1.72969943 0.00576566477 3.41004184
239 814 1.72783243 0.00575944142 3.40585774
239 814 1.73165619 0.00577218731 3.40585774
239 814 1.73163083 0.00577210278 3.40585774
238 806 1.71100909 0.00570336363 3.38655462
238 809 1.71083302 0.00570277672 3.39915966
238 809 1.71201571 0.00570671905 3.39915966
238 809 1.71212067 0.00570706889 3.39915966
238 809 1.71216134 0.00570720448 3.39915966
238 809 1.71184614 0.00570615379 3.39915966
238 809 1.7123483 0.00570782765 3.39915966
238 809 1.71256763 0.00570855878 3.39915966
238 806 1.71105635 0.00570352116 3.38655462
238 809 1.71250527 0.00570835091 3.39915966
237 805 1.68426995 0.00561423315 3.39662447
237 805 1.69012555 0.00563375184 3.39662447
236 797 1.66864876 0.00556216253 3.37711864
236 797 1.66899928 0.00556333093 3.37711864
236 799 1.64559586 0.00548531954 3.38559322
236 797 1.65461532 0.00551538438 3.37711864
236 799 1.66195575 0.00553985251 3.38559322
236 796 1.64920656 0.00549735521 3.37288136
236 798 1.65865248 0.0055288416 3.38135593
236 797 1.665 0.00555 3.37711864
235 788 1.65005363 0.00550017875 3.35319149
235 788 1.64967889 0.00549892964 3.35319149
235 793 1.6431242 0.00547708066 3.37446809
235 792 1.65246843 0.00550822811 3.37021277
235 790 1.65703219 0.00552344062 3.36170213
235 790 1.65697289 0.00552324297 3.36170213
235 786 1.65652114 0.00552173714 3.34468085
235 786 1.65629531 0.00552098435 3.34468085
235 785 1.65780832 0.00552602772 3.34042553
235 785 1.65716188 0.00552387293 3.34042553
234 780 1.63533814 0.00545112715 3.33333333
234 777 1.63723678 0.00545745594 3.32051282
234 780 1.63069479 0.00543564929 3.33333333
234 784 1.64197795 0.00547325983 3.35042735
234 782 1.64324434 0.00547748113 3.34188034
234 782 1.6433035 0.00547767833 3.34188034
234 782 1.64356624 0.00547855414 3.34188034
234 782 1.64320245 0.00547734151 3.34188034
234 782 1.64347118 0.00547823726 3.34188034
234 782 1.64324853 0.00547749508 3.34188034
233 777 1.62028245 0.0054009415 3.33476395
233 774 1.62199515 0.00540665052 3.32188841
233 781 1.62547556 0.00541825186 3.35193133
233 776 1.62692628 0.00542308761 3.3304721
233 776 1.62626214 0.00542087379 3.3304721
233 776 1.62645103 0.00542150345 3.3304721
233 776 1.62716552 0.00542388506 3.3304721
233 776 1.62680056 0.00542266854 3.3304721
233 776 1.62689313 0.00542297708 3.3304721
233 776 1.62676545 0.00542255149 3.3304721
232 775 1.60941454 0.00536471512 3.34051724
232 775 1.60976441 0.00536588137 3.34051724
232 775 1.60914915 0.0053638305 3.34051724
232 775 1.60946343 0.00536487809 3.34051724
232 775 1.60880713 0.00536269043 3.34051724
232 775 1.60942326 0.00536474419 3.34051724
232 775 1.60938368 0.00536461225 3.34051724
232 775 1.60940131 0.00536467102 3.34051724
232 775 1.60977799 0.00536592663 3.34051724
232 775 1.60916018 0.00536386726 3.34051724
231 769 1.58862321 0.00529541069 3.32900433
231 769 1.588561 0.00529520333 3.32900433
231 769 1.58919757 0.00529732522 3.32900433
231 769 1.58837942 0.00529459805 3.32900433
231 769 1.5886829 0.00529560967 3.32900433
231 769 1.58873276 0.00529577588 3.32900433
231 769 1.58900358 0.00529667859 3.32900433
231 767 1.58868942 0.0052956314 3.32034632
231 767 1.58917029 0.0052972343 3.32034632
231 767 1.58914345 0.00529714484 3.32034632
230 757 1.55828165 0.00519427217 3.29130435
230 762 1.56844812 0.00522816041 3.31304348
230 762 1.56858073 0.00522860244 3.31304348
230 762 1.56854552 0.00522848507 3.31304348
230 762 1.56878175 0.00522927251 3.31304348
230 762 1.56871436 0.00522904786 3.31304348
230 762 1.56851318 0.00522837725 3.31304348
230 762 1.56838422 0.00522794741 3.31304348
230 762 1.56847142 0.00522823806 3.31304348
230 762 1.5686512 0.00522883734 3.31304348
229 752 1.52880558 0.0050960186 3.28384279
229 760 1.52591035 0.00508636784 3.31877729
229 755 1.53752615 0.00512508717 3.29694323
229 755 1.53702147 0.00512340491 3.29694323
229 755 1.53756687 0.00512522289 3.29694323
229 755 1.53752595 0.00512508649 3.29694323
229 755 1.53730438 0.00512434793 3.29694323
229 755 1.5370398 0.00512346599 3.29694323
229 755 1.53782144 0.00512607146 3.29694323
229 755 1.53781647 0.00512605491 3.29694323
228 750 1.51708626 0.00505695422 3.28947368
228 750 1.517271 0.00505756999 3.28947368
228 750 1.51713187 0.00505710624 3.28947368
228 750 1.51691473 0.00505638245 3.28947368
228 750 1.5170051 0.00505668365 3.28947368
228 750 1.51760917 0.00505869723 3.28947368
228 750 1.51745797 0.00505819322 3.28947368
228 750 1.51707388 0.00505691293 3.28947368
228 750 1.51719844 0.00505732812 3.28947368
228 750 1.51698455 0.00505661518 3.28947368
227 746 1.4805499 0.00493516634 3.28634361
227 744 1.49403433 0.00498011445 3.27753304
227 744 1.49433529 0.00498111763 3.27753304
227 744 1.49429872 0.00498099574 3.27753304
227 744 1.4941782 0.004980594 3.27753304
227 744 1.49414145 0.00498047149 3.27753304
227 744 1.49436969 0.00498123232 3.27753304
227 744 1.4940216 0.00498007201 3.27753304
227 744 1.49418981 0.00498063271 3.27753304
227 744 1.49439949 0.00498133162 3.27753304
226 738 1.46818912 0.00489396375 3.26548673
226 740 1.472755 0.00490918333 3.27433628
226 740 1.47225298 0.00490750992 3.27433628
226 740 1.47221861 0.00490739538 3.27433628
226 740 1.47224309 0.00490747698 3.27433628
226 740 1.47206826 0.0049068942 3.27433628
226 740 1.47246533 0.00490821776 3.27433628
226 740 1.47208854 0.0049069618 3.27433628
226 740 1.47268817 0.00490896055 3.27433628
226 740 1.47260007 0.00490866689 3.27433628
225 735 1.43802348 0.00479341161 3.26666667
225 733 1.4454634 0.00481821133 3.25777778
225 734 1.44534608 0.00481782027 3.26222222
225 734 1.44554195 0.00481847317 3.26222222
225 734 1.44567088 0.00481890292 3.26222222
225 734 1.44604493 0.00482014977 3.26222222
225 733 1.44560473 0.00481868245 3.25777778
225 733 1.44492676 0.00481642254 3.25777778
225 733 1.44541561 0.00481805203 3.25777778
225 733 1.44544816 0.00481816054 3.25777778
224 728 1.41464907 0.00471549689 3.25
224 727 1.41904733 0.00473015778 3.24553571
224 727 1.41858898 0.00472862994 3.24553571
224 727 1.41877048 0.00472923492 3.24553571
224 727 1.41831071 0.00472770235 3.24553571
224 727 1.41869174 0.00472897248 3.24553571
224 727 1.41864989 0.00472883297 3.24553571
224 727 1.41878773 0.00472929244 3.24553571
224 727 1.41848595 0.00472828649 3.24553571
224 727 1.41857695 0.00472858982 3.24553571
223 722 1.38418041 0.00461393469 3.23766816
223 718 1.39050812 0.00463502707 3.21973094
223 717 1.37055626 0.00456852086 3.21524664
223 714 1.3908807 0.004636269 3.20179372
223 714 1.39032462 0.0046344154 3.20179372
223 714 1.39041681 0.00463472269 3.20179372
223 715 1.3924 0.00464133333 3.20627803
223 715 1.39294772 0.00464315908 3.20627803
223 715 1.38673639 0.00462245462 3.20627803
222 707 1.38634652 0.00462115506 3.18468468
221 701 1.36639545 0.00455465151 3.1719457
221 701 1.36665383 0.00455551276 3.1719457
221 701 1.36628092 0.00455426973 3.1719457
221 701 1.36664509 0.00455548362 3.1719457
221 701 1.36693995 0.00455646651 3.1719457
221 701 1.36652209 0.00455507363 3.1719457
221 701 1.36628651 0.00455428837 3.1719457
221 701 1.36706721 0.0045568907 3.1719457
221 701 1.36631414 0.00455438047 3.1719457
221 701 1.36642063 0.00455473545 3.1719457
220 691 1.33514102 0.00445047006 3.14090909
220 697 1.3403898 0.004467966 3.16818182
220 697 1.34042343 0.0044680781 3.16818182
220 697 1.3404477 0.00446815899 3.16818182
220 697 1.340828 0.00446942668 3.16818182
220 697 1.34085346 0.00446951154 3.16818182
220 697 1.34080093 0.00446933642 3.16818182
220 697 1.34124181 0.00447080604 3.16818182
220 697 1.3405051 0.00446835034 3.16818182
220 697 1.34032492 0.00446774974 3.16818182
219 690 1.31469719 0.00438232396 3.15068493
219 690 1.31488985 0.00438296617 3.15068493
219 690 1.31481178 0.00438270594 3.15068493
219 690 1.31484043 0.00438280144 3.15068493
219 690 1.31498746 0.00438329154 3.15068493
219 690 1.31488921 0.00438296405 3.15068493
219 690 1.31513698 0.00438378994 3.15068493
219 690 1.31486088 0.00438286958 3.15068493
219 690 1.31480147 0.00438267157 3.15068493
219 690 1.31484348 0.00438281159 3.15068493
218 685 1.27828503 0.0042609501 3.14220183
218 686 1.28460695 0.00428202318 3.14678899
218 686 1.28445732 0.00428152441 3.14678899
218 686 1.28476656 0.00428255521 3.14678899
218 686 1.28459022 0.00428196741 3.14678899
218 686 1.28495488 0.00428318292 3.14678899
218 686 1.28495818 0.00428319392 3.14678899
218 686 1.28474 0.00428246665 3.14678899
218 686 1.28489793 0.00428299309 3.14678899
218 686 1.28530844 0.00428436147 3.14678899
217 681 1.25168403 0.00417228011 3.13824885
217 681 1.2545533 0.00418184435 3.13824885
217 680 1.24767561 0.00415891871 3.13364055
216 674 1.22747734 0.00409159114 3.12037037
216 673 1.24890378 0.00416301259 3.11574074
216 672 1.24902561 0.0041634187 3.11111111
216 673 1.24806254 0.00416020848 3.11574074
216 670 1.25235813 0.0041745271 3.10185185
216 670 1.25266986 0.00417556619 3.10185185
216 670 1.25301574 0.00417671914 3.10185185
215 665 1.22745365 0.00409151216 3.09302326
215 665 1.22774285 0.00409247616 3.09302326
215 666 1.22710703 0.00409035677 3.09767442
215 666 1.22712278 0.00409040928 3.09767442
215 662 1.20240686 0.00400802287 3.07906977
214 657 1.19661835 0.00398872784 3.07009346
214 657 1.21673252 0.00405577505 3.07009346
214 659 1.21014969 0.00403383229 3.07943925
214 659 1.2172147 0.00405738234 3.07943925
214 659 1.21783079 0.00405943595 3.07943925
213 653 1.19135278 0.00397117592 3.0657277
213 652 1.19643515 0.00398811718 3.06103286
213 652 1.19666886 0.0039888962 3.06103286
213 652 1.19708447 0.00399028157 3.06103286
213 652 1.19678872 0.00398929572 3.06103286
213 652 1.19683981 0.00398946602 3.06103286
213 652 1.19673106 0.00398910352 3.06103286
213 652 1.19665966 0.00398886554 3.06103286
213 652 1.19655358 0.00398851194 3.06103286
213 652 1.19667792 0.0039889264 3.06103286
212 646 1.17494224 0.00391647413 3.04716981
212 646 1.17513369 0.00391711231 3.04716981
212 647 1.17327476 0.00391091588 3.05188679
212 646 1.17519332 0.00391731106 3.04716981
212 646 1.17525276 0.00391750919 3.04716981
212 646 1.174962 0.00391653999 3.04716981
212 646 1.1751959 0.00391731966 3.04716981
212 646 1.17541921 0.00391806405 3.04716981
212 646 1.17490255 0.00391634183 3.04716981
212 646 1.17497474 0.00391658247 3.04716981
211 642 1.15081275 0.00383604251 3.04265403
211 642 1.15121641 0.00383738804 3.04265403
211 642 1.1511494 0.00383716466 3.04265403
211 642 1.15074618 0.00383582059 3.04265403
211 641 1.15255573 0.00384185244 3.03791469
211 641 1.15213417 0.00384044723 3.03791469
211 641 1.15268139 0.00384227128 3.03791469
211 641 1.1522503 0.00384083432 3.03791469
211 641 1.15181957 0.00383939857 3.03791469
211 641 1.15273585 0.00384245283 3.03791469
210 634 1.12452984 0.00374843281 3.01904762
210 637 1.12931755 0.00376439183 3.03333333
210 635 1.12774166 0.00375913886 3.02380952
210 635 1.12770569 0.00375901896 3.02380952
210 635 1.12762009 0.00375873362 3.02380952
210 637 1.12922722 0.00376409075 3.03333333
210 637 1.12890154 0.00376300514 3.03333333
210 637 1.1289905 0.00376330167 3.03333333
210 637 1.12906089 0.00376353631 3.03333333
210 637 1.12933135 0.00376443784 3.03333333
209 631 1.10556923 0.00368523078 3.01913876
209 631 1.10449392 0.00368164639 3.01913876
209 631 1.1056431 0.00368547701 3.01913876
209 631 1.10469916 0.00368233053 3.01913876
209 631 1.10589103 0.00368630344 3.01913876
209 631 1.10513294 0.00368377646 3.01913876
209 631 1.10546379 0.0036848793 3.01913876
209 631 1.10506949 0.00368356497 3.01913876
209 631 1.10467246 0.00368224154 3.01913876
209 631 1.10593444 0.00368644812 3.01913876
208 624 1.07518884 0.00358396279 3
208 624 1.07566774 0.00358555912 3
208 621 1.07806385 0.00359354615 2.98557692
208 621 1.07779963 0.00359266544 2.98557692
208 621 1.07787399 0.0035929133 2.98557692
208 621 1.07805706 0.00359352353 2.98557692
208 624 1.078679 0.00359559668 3
208 624 1.07893815 0.00359646049 3
208 624 1.07867971 0.00359559902 3
208 624 1.07915931 0.0035971977 3
207 619 1.03489112 0.00344963706 2.99033816
207 621 1.04642939 0.00348809796 3
207 617 1.04901544 0.00349671813 2.98067633
207 614 1.05096345 0.00350321151 2.96618357
207 614 1.05133454 0.00350444845 2.96618357
207 614 1.05091328 0.00350304427 2.96618357
207 614 1.05096314 0.00350321047 2.96618357
207 614 1.05135577 0.00350451922 2.96618357
207 614 1.05038428 0.00350128094 2.96618357
207 614 1.05120669 0.00350402229 2.96618357
206 607 1.02127977 0.00340426591 2.94660194
206 607 1.02096136 0.00340320452 2.94660194
206 607 1.02132282 0.00340440939 2.94660194
206 607 1.02119499 0.0034039833 2.94660194
206 607 1.02133415 0.00340444717 2.94660194
206 607 1.0212779 0.00340425967 2.94660194
206 607 1.02052255 0.00340174182 2.94660194
206 607 1.02067619 0.00340225396 2.94660194
206 607 1.02087757 0.00340292523 2.94660194
206 607 1.02080916 0.00340269721 2.94660194
205 605 0.989152161 0.00329717387 2.95121951
205 603 0.985989303 0.00328663101 2.94146341
205 603 0.98536556 0.00328455187 2.94146341
205 603 0.985708362 0.00328569454 2.94146341
205 604 0.989312142 0.00329770714 2.94634146
205 604 0.988787571 0.00329595857 2.94634146
205 604 0.9895572 0.003298524 2.94634146
205 604 0.989836176 0.00329945392 2.94634146
205 604 0.988564197 0.00329521399 2.94634146
205 604 0.98922572 0.00329741907 2.94634146
204 600 0.95079763 0.00316932543 2.94117647
204 601 0.953803431 0.00317934477 2.94607843
204 602 0.95849703 0.0031949901 2.95098039
204 598 0.952163981 0.00317387994 2.93137255
204 598 0.97727131 0.00325757103 2.93137255
204 594 0.979684691 0.00326561564 2.91176471
204 594 0.979569747 0.00326523249 2.91176471
204 601 0.978486972 0.00326162324 2.94607843
204 594 0.97973874 0.0032657958 2.91176471
204 594 0.979694022 0.00326564674 2.91176471
203 590 0.943571244 0.00314523748 2.90640394
203 590 0.939324847 0.00313108282 2.90640394
203 590 0.939091348 0.00313030449 2.90640394
203 593 0.949288372 0.00316429457 2.92118227
203 593 0.949071971 0.00316357324 2.92118227
203 593 0.949282898 0.00316427633 2.92118227
203 593 0.949235517 0.00316411839 2.92118227
203 593 0.948778266 0.00316259422 2.92118227
203 596 0.947558703 0.00315852901 2.93596059
203 596 0.948316702 0.00316105567 2.93596059
202 592 0.909843962 0.00303281321 2.93069307
202 587 0.89953589 0.00299845297 2.90594059
202 592 0.910001732 0.00303333911 2.93069307
202 592 0.910072531 0.0030335751 2.93069307
202 592 0.909458359 0.00303152786 2.93069307
202 589 0.911369742 0.00303789914 2.91584158
202 589 0.911154739 0.00303718246 2.91584158
202 589 0.907132812 0.00302377604 2.91584158
202 589 0.906730019 0.0030224334 2.91584158
202 589 0.905990839 0.00301996946 2.91584158
201 586 0.878865965 0.00292955322 2.91542289
201 586 0.88052851 0.00293509503 2.91542289
201 582 0.885838342 0.00295279447 2.89552239
201 582 0.885934363 0.00295311454 2.89552239
201 582 0.88581449 0.00295271497 2.89552239
201 582 0.885842603 0.00295280868 2.89552239
201 582 0.886075024 0.00295358341 2.89552239
201 582 0.885763333 0.00295254444 2.89552239
201 582 0.885989578 0.00295329859 2.89552239
201 582 0.88626185 0.00295420617 2.89552239
200 573 0.856091698 0.00285363899 2.865
200 573 0.855649915 0.00285216638 2.865
200 579 0.859137569 0.0028637919 2.895
200 579 0.859454874 0.00286484958 2.895
200 579 0.859027065 0.00286342355 2.895
200 579 0.859030875 0.00286343625 2.895
200 579 0.859281061 0.0028642702 2.895
200 579 0.858218725 0.00286072908 2.895
200 579 0.858943392 0.00286314464 2.895
200 579 0.859692554 0.00286564185 2.895
199 570 0.829618581 0.00276539527 2.86432161
199 570 0.828984846 0.00276328282 2.86432161
199 570 0.829219306 0.00276406435 2.86432161
199 570 0.829013521 0.0027633784 2.86432161
199 570 0.829486702 0.00276495567 2.86432161
199 570 0.828669259 0.00276223086 2.86432161
199 570 0.828851785 0.00276283928 2.86432161
199 570 0.829184703 0.00276394901 2.86432161
199 570 0.829532221 0.0027651074 2.86432161
199 570 0.829625337 0.00276541779 2.86432161
198 568 0.802013857 0.00267337952 2.86868687
198 561 0.799821293 0.00266607098 2.83333333
198 568 0.802084747 0.00267361582 2.86868687
198 568 0.802984052 0.00267661351 2.86868687
198 568 0.802329091 0.0026744303 2.86868687
198 568 0.802059781 0.0026735326 2.86868687
198 568 0.802132318 0.00267377439 2.86868687
198 568 0.801701181 0.00267233727 2.86868687
198 568 0.80189649 0.0026729883 2.86868687
198 568 0.802260913 0.00267420304 2.86868687
197 559 0.773176505 0.00257725502 2.83756345
197 567 0.763320027 0.00254440009 2.87817259
197 566 0.77775214 0.00259250713 2.87309645
197 566 0.777751932 0.00259250644 2.87309645
197 566 0.777801057 0.00259267019 2.87309645
197 566 0.777575117 0.00259191706 2.87309645
197 566 0.77829958 0.00259433193 2.87309645
197 566 0.777578975 0.00259192992 2.87309645
197 566 0.778339142 0.00259446381 2.87309645
197 566 0.777644695 0.00259214898 2.87309645
196 563 0.74126636 0.00247088787 2.87244898
196 563 0.749260875 0.00249753625 2.87244898
196 563 0.749927869 0.00249975956 2.87244898
196 563 0.749362683 0.00249787561 2.87244898
196 563 0.749454706 0.00249818235 2.87244898
196 563 0.749689103 0.00249896368 2.87244898
196 563 0.749732629 0.00249910876 2.87244898
196 563 0.749532118 0.00249844039 2.87244898
196 563 0.749155911 0.00249718637 2.87244898
196 563 0.749734476 0.00249911492 2.87244898
195 560 0.714488898 0.00238162966 2.87179487
195 555 0.718035812 0.00239345271 2.84615385
195 555 0.717464128 0.00239154709 2.84615385
195 555 0.718114012 0.00239371337 2.84615385
195 555 0.718309646 0.00239436549 2.84615385
195 555 0.719780457 0.00239926819 2.84615385
195 555 0.718269779 0.0023942326 2.84615385
195 555 0.717771681 0.00239257227 2.84615385
195 555 0.717774879 0.00239258293 2.84615385
195 555 0.718045906 0.00239348635 2.84615385
194 551 0.682004319 0.00227334773 2.84020619
194 550 0.686283049 0.00228761016 2.83505155
194 550 0.68529136 0.00228430453 2.83505155
194 550 0.686817499 0.00228939166 2.83505155
194 550 0.685950177 0.00228650059 2.83505155
194 550 0.68666926 0.00228889753 2.83505155
194 550 0.686375143 0.00228791714 2.83505155
194 550 0.686403587 0.00228801196 2.83505155
194 550 0.687529797 0.00229176599 2.83505155
194 550 0.687784596 0.00229261532 2.83505155
193 547 0.652740795 0.00217580265 2.83419689
193 546 0.6466944 0.002155648 2.82901554
193 546 0.648543634 0.00216181211 2.82901554
193 547 0.652951864 0.00217650621 2.83419689
193 547 0.653166991 0.0021772233 2.83419689
193 547 0.652584529 0.00217528176 2.83419689
193 547 0.653416264 0.00217805421 2.83419689
193 547 0.653332269 0.00217777423 2.83419689
193 551 0.649792228 0.00216597409 2.85492228
193 551 0.649827717 0.00216609239 2.85492228
192 543 0.621861865 0.00207287288 2.828125
192 543 0.6211558 0.00207051933 2.828125
192 543 0.622533264 0.00207511088 2.828125
192 543 0.622232959 0.00207410986 2.828125
192 543 0.622737822 0.00207579274 2.828125
192 543 0.622100868 0.00207366956 2.828125
192 543 0.621977536 0.00207325845 2.828125
192 543 0.622359277 0.00207453092 2.828125
192 543 0.621910144 0.00207303381 2.828125
192 543 0.622275116 0.00207425039 2.828125
191 540 0.585164361 0.00195054787 2.82722513
191 540 0.58731497 0.00195771657 2.82722513
191 540 0.586958483 0.00195652828 2.82722513
191 540 0.587464308 0.00195821436 2.82722513
191 540 0.587493702 0.00195831234 2.82722513
191 540 0.586864074 0.00195621358 2.82722513
191 540 0.586794341 0.00195598114 2.82722513
191 540 0.587047269 0.00195682423 2.82722513
191 540 0.587498927 0.00195832976 2.82722513
191 540 0.586987103 0.00195662368 2.82722513
190 536 0.550534193 0.00183511398 2.82105263
190 536 0.538633605 0.00179544535 2.82105263
190 536 0.539192224 0.00179730741 2.82105263
190 532 0.54878843 0.00182929477 2.8
190 533 0.545965801 0.001819886 2.80526316
190 532 0.554870628 0.00184956876 2.8
190 531 0.558410798 0.00186136933 2.79473684
189 526 0.534019175 0.00178006392 2.78306878
189 529 0.53208045 0.0017736015 2.7989418
189 529 0.53216288 0.00177387627 2.7989418
188 528 0.497951246 0.00165983749 2.80851064
188 525 0.499569557 0.00166523186 2.79255319
188 523 0.505566787 0.00168522262 2.78191489
188 523 0.505364265 0.00168454755 2.78191489
188 523 0.516388225 0.00172129408 2.78191489
188 523 0.515728267 0.00171909422 2.78191489
188 523 0.517034247 0.00172344749 2.78191489
188 523 0.516084293 0.00172028098 2.78191489
188 523 0.515928058 0.00171976019 2.78191489
188 523 0.515143248 0.00171714416 2.78191489
187 522 0.483798763 0.00161266254 2.79144385
SP does not find any fixed points -> SP does not converge.
I am sorry I quit :(
