START ALGORITHM:
I am going to build an instance with N: 300 variables and 1200 clauses with a clause density equal to 4
START BSP WITH r=0.9:
Decimation scorer: pol
END UNIT PROPAGATION
300 1200 5.48113241 0.0182704414 4
300 1200 5.48031137 0.0182677046 4
300 1200 5.48019132 0.0182673044 4
300 1200 5.4801805 0.0182672683 4
300 1200 5.48016743 0.0182672248 4
300 1200 5.48017852 0.0182672617 4
300 1200 5.48018765 0.0182672922 4
300 1200 5.48019124 0.0182673041 4
300 1200 5.48019204 0.0182673068 4
299 1192 5.45893895 0.0181964632 3.98662207
299 1192 5.45892043 0.0181964014 3.98662207
299 1192 5.45888983 0.0181962994 3.98662207
299 1192 5.4588818 0.0181962727 3.98662207
299 1192 5.45888105 0.0181962702 3.98662207
299 1192 5.45888209 0.0181962736 3.98662207
299 1192 5.45888146 0.0181962715 3.98662207
299 1192 5.4588813 0.018196271 3.98662207
299 1192 5.45888141 0.0181962714 3.98662207
299 1192 5.4588815 0.0181962717 3.98662207
298 1180 5.45395114 0.0181798371 3.95973154
298 1180 5.45394893 0.0181798298 3.95973154
298 1180 5.45395934 0.0181798645 3.95973154
298 1180 5.45395837 0.0181798612 3.95973154
298 1180 5.45395526 0.0181798509 3.95973154
298 1180 5.45395598 0.0181798533 3.95973154
298 1180 5.45395661 0.0181798554 3.95973154
298 1180 5.45395655 0.0181798552 3.95973154
298 1180 5.45395638 0.0181798546 3.95973154
298 1180 5.45395628 0.0181798543 3.95973154
297 1170 5.45395644 0.0181798548 3.93939394
297 1170 5.45370026 0.0181790009 3.93939394
297 1170 5.45361098 0.0181787033 3.93939394
297 1170 5.45343763 0.0181781254 3.93939394
297 1170 5.45356938 0.0181785646 3.93939394
297 1170 5.45342723 0.0181780908 3.93939394
297 1170 5.45356805 0.0181785602 3.93939394
297 1170 5.45342687 0.0181780896 3.93939394
297 1170 5.45356803 0.0181785601 3.93939394
297 1170 5.45342685 0.0181780895 3.93939394
296 1158 5.39921393 0.0179973798 3.91216216
296 1161 5.39138991 0.0179712997 3.9222973
296 1158 5.40001036 0.0180000345 3.91216216
296 1158 5.40002592 0.0180000864 3.91216216
296 1158 5.40002284 0.0180000761 3.91216216
296 1158 5.40002385 0.0180000795 3.91216216
296 1158 5.40002278 0.0180000759 3.91216216
296 1158 5.40002279 0.018000076 3.91216216
296 1158 5.4000228 0.018000076 3.91216216
296 1158 5.40002281 0.018000076 3.91216216
295 1149 5.33996689 0.0177998896 3.89491525
295 1152 5.36014497 0.0178671499 3.90508475
295 1155 5.35810723 0.0178603574 3.91525424
295 1155 5.35759388 0.0178586463 3.91525424
295 1155 5.35768202 0.0178589401 3.91525424
295 1155 5.3575132 0.0178583773 3.91525424
295 1155 5.35765729 0.0178588576 3.91525424
295 1155 5.35750856 0.0178583619 3.91525424
295 1155 5.35765756 0.0178588585 3.91525424
295 1155 5.35750838 0.0178583613 3.91525424
294 1143 5.30551493 0.0176850498 3.8877551
294 1143 5.30615601 0.0176871867 3.8877551
294 1143 5.30612443 0.0176870814 3.8877551
294 1143 5.30589046 0.0176863015 3.8877551
294 1143 5.30610038 0.0176870013 3.8877551
294 1143 5.30602275 0.0176867425 3.8877551
294 1143 5.30602543 0.0176867514 3.8877551
294 1143 5.30604288 0.0176868096 3.8877551
294 1143 5.30602676 0.0176867559 3.8877551
294 1143 5.30603415 0.0176867805 3.8877551
293 1137 5.30603465 0.0176867822 3.88054608
293 1137 5.3059464 0.017686488 3.88054608
293 1137 5.30660057 0.0176886686 3.88054608
293 1137 5.30602905 0.0176867635 3.88054608
293 1137 5.30662564 0.0176887521 3.88054608
293 1137 5.30598012 0.0176866004 3.88054608
293 1137 5.30661002 0.0176887001 3.88054608
293 1137 5.30597875 0.0176865958 3.88054608
293 1137 5.30661056 0.0176887019 3.88054608
293 1137 5.3059792 0.0176865973 3.88054608
292 1128 5.25629309 0.017520977 3.8630137
292 1130 5.2553796 0.017517932 3.86986301
292 1127 5.20836779 0.017361226 3.85958904
292 1130 5.22123944 0.0174041315 3.86986301
292 1124 5.20794245 0.0173598082 3.84931507
292 1124 5.20733396 0.0173577799 3.84931507
292 1124 5.20764776 0.0173588259 3.84931507
292 1124 5.20776436 0.0173592145 3.84931507
292 1124 5.20725418 0.0173575139 3.84931507
292 1124 5.20726523 0.0173575508 3.84931507
291 1118 5.17334635 0.0172444878 3.8419244
291 1118 5.17310208 0.0172436736 3.8419244
291 1118 5.1732024 0.017244008 3.8419244
291 1118 5.17315274 0.0172438425 3.8419244
291 1118 5.17316388 0.0172438796 3.8419244
291 1118 5.17314687 0.0172438229 3.8419244
291 1118 5.17314488 0.0172438163 3.8419244
291 1118 5.17315055 0.0172438352 3.8419244
291 1118 5.1731471 0.0172438237 3.8419244
291 1118 5.17314757 0.0172438252 3.8419244
290 1112 5.17314916 0.0172438305 3.83448276
290 1112 5.17354075 0.0172451358 3.83448276
290 1112 5.17340419 0.0172446806 3.83448276
290 1112 5.17338357 0.0172446119 3.83448276
290 1112 5.17359652 0.0172453217 3.83448276
290 1112 5.17339254 0.0172446418 3.83448276
290 1112 5.17338117 0.0172446039 3.83448276
290 1112 5.17359611 0.0172453204 3.83448276
290 1112 5.17339277 0.0172446426 3.83448276
290 1112 5.17338118 0.0172446039 3.83448276
289 1103 5.12283624 0.0170761208 3.816609
289 1104 5.13733535 0.0171244512 3.8200692
289 1103 5.1226955 0.0170756517 3.816609
289 1103 5.12273144 0.0170757715 3.816609
289 1103 5.1227215 0.0170757383 3.816609
289 1103 5.1227154 0.017075718 3.816609
289 1103 5.12271874 0.0170757291 3.816609
289 1103 5.12271876 0.0170757292 3.816609
289 1103 5.12271878 0.0170757293 3.816609
289 1103 5.12271884 0.0170757295 3.816609
288 1095 5.08890457 0.0169630152 3.80208333
288 1095 5.08860796 0.0169620265 3.80208333
288 1095 5.08858635 0.0169619545 3.80208333
288 1095 5.08854513 0.0169618171 3.80208333
288 1095 5.08854165 0.0169618055 3.80208333
288 1095 5.08854087 0.0169618029 3.80208333
288 1095 5.08854153 0.0169618051 3.80208333
288 1095 5.08854174 0.0169618058 3.80208333
288 1095 5.0885419 0.0169618063 3.80208333
288 1095 5.08854194 0.0169618065 3.80208333
287 1090 5.06245095 0.0168748365 3.79790941
287 1090 5.06276422 0.0168758807 3.79790941
287 1090 5.05276053 0.0168425351 3.79790941
287 1090 5.05279657 0.0168426552 3.79790941
287 1090 5.05258688 0.0168419563 3.79790941
287 1090 5.05279097 0.0168426366 3.79790941
287 1090 5.06241055 0.0168747018 3.79790941
287 1087 5.04831118 0.0168277039 3.78745645
287 1087 5.0481133 0.0168270443 3.78745645
287 1090 5.05305508 0.0168435169 3.79790941
286 1085 5.02767978 0.0167589326 3.79370629
286 1082 5.0149168 0.0167163893 3.78321678
286 1085 5.02772854 0.0167590951 3.79370629
286 1085 5.02792084 0.0167597361 3.79370629
286 1085 5.02791567 0.0167597189 3.79370629
286 1085 5.02794217 0.0167598072 3.79370629
286 1085 5.02795667 0.0167598556 3.79370629
286 1085 5.02795471 0.016759849 3.79370629
286 1085 5.02795569 0.0167598523 3.79370629
286 1085 5.02795528 0.0167598509 3.79370629
285 1077 4.99041352 0.0166347117 3.77894737
285 1077 4.99015293 0.0166338431 3.77894737
285 1077 4.99032032 0.0166344011 3.77894737
285 1077 4.99011998 0.0166337333 3.77894737
285 1077 4.99028111 0.0166342704 3.77894737
285 1077 4.98977855 0.0166325952 3.77894737
285 1077 4.99025015 0.0166341672 3.77894737
285 1077 4.99012045 0.0166337348 3.77894737
285 1077 4.99029146 0.0166343049 3.77894737
285 1077 4.98977558 0.0166325853 3.77894737
284 1069 4.98105095 0.0166035032 3.76408451
284 1069 4.98052003 0.0166017334 3.76408451
284 1069 4.98096952 0.0166032317 3.76408451
284 1069 4.98072158 0.0166024053 3.76408451
284 1069 4.98069845 0.0166023282 3.76408451
284 1069 4.98048265 0.0166016088 3.76408451
284 1069 4.98104322 0.0166034774 3.76408451
284 1069 4.98073317 0.0166024439 3.76408451
284 1069 4.98069968 0.0166023323 3.76408451
284 1069 4.98048285 0.0166016095 3.76408451
283 1063 4.91994654 0.0163998218 3.75618375
282 1056 4.89983404 0.0163327801 3.74468085
282 1054 4.84240932 0.0161413644 3.73758865
282 1054 4.84219224 0.0161406408 3.73758865
282 1054 4.84228783 0.0161409594 3.73758865
282 1054 4.84219528 0.0161406509 3.73758865
282 1054 4.84228943 0.0161409648 3.73758865
282 1054 4.84227313 0.0161409104 3.73758865
282 1058 4.82779696 0.0160926565 3.75177305
282 1056 4.80288968 0.0160096323 3.74468085
281 1048 4.77194533 0.0159064844 3.72953737
280 1037 4.73011562 0.0157670521 3.70357143
280 1034 4.71996215 0.0157332072 3.69285714
280 1034 4.72821097 0.0157607032 3.69285714
280 1036 4.71816124 0.0157272041 3.7
280 1040 4.74042099 0.0158014033 3.71428571
280 1037 4.7302919 0.0157676397 3.70357143
280 1037 4.73032355 0.0157677452 3.70357143
280 1037 4.7303769 0.015767923 3.70357143
280 1037 4.73040126 0.0157680042 3.70357143
279 1029 4.7032297 0.0156774323 3.68817204
279 1029 4.70309111 0.0156769704 3.68817204
279 1029 4.70316766 0.0156772255 3.68817204
279 1029 4.70313639 0.0156771213 3.68817204
279 1029 4.70314071 0.0156771357 3.68817204
279 1029 4.70313677 0.0156771226 3.68817204
279 1029 4.70313376 0.0156771125 3.68817204
279 1029 4.70313121 0.015677104 3.68817204
279 1029 4.70312997 0.0156770999 3.68817204
279 1029 4.70312986 0.0156770995 3.68817204
278 1021 4.69456108 0.0156485369 3.67266187
278 1021 4.69462826 0.0156487609 3.67266187
278 1021 4.69463084 0.0156487695 3.67266187
278 1021 4.69461162 0.0156487054 3.67266187
278 1021 4.69463839 0.0156487946 3.67266187
278 1021 4.69464089 0.015648803 3.67266187
278 1021 4.69463911 0.015648797 3.67266187
278 1021 4.69463772 0.0156487924 3.67266187
278 1021 4.69463648 0.0156487883 3.67266187
278 1021 4.69463551 0.015648785 3.67266187
277 1013 4.66521092 0.0155507031 3.65703971
277 1013 4.66526542 0.0155508847 3.65703971
277 1013 4.66534645 0.0155511548 3.65703971
277 1013 4.66540178 0.0155513393 3.65703971
277 1013 4.66540319 0.015551344 3.65703971
277 1013 4.66540091 0.0155513364 3.65703971
277 1013 4.66540083 0.0155513361 3.65703971
277 1013 4.66540084 0.0155513361 3.65703971
277 1013 4.66540084 0.0155513361 3.65703971
277 1013 4.66540084 0.0155513361 3.65703971
276 1010 4.59267331 0.015308911 3.65942029
275 999 4.58269074 0.0152756358 3.63272727
275 999 4.58256629 0.015275221 3.63272727
275 999 4.58224352 0.0152741451 3.63272727
275 999 4.58248963 0.0152749654 3.63272727
275 999 4.58239399 0.0152746466 3.63272727
275 999 4.58223519 0.0152741173 3.63272727
275 999 4.58247654 0.0152749218 3.63272727
275 999 4.58239707 0.0152746569 3.63272727
275 999 4.58223323 0.0152741108 3.63272727
274 991 4.53673302 0.0151224434 3.61678832
274 989 4.52786907 0.0150928969 3.60948905
274 989 4.52818102 0.0150939367 3.60948905
274 989 4.52807105 0.0150935702 3.60948905
274 989 4.52810181 0.0150936727 3.60948905
274 989 4.52818434 0.0150939478 3.60948905
274 989 4.52765414 0.0150921805 3.60948905
274 989 4.52815271 0.0150938424 3.60948905
274 989 4.52829277 0.0150943092 3.60948905
274 989 4.52818868 0.0150939623 3.60948905
273 981 4.43992734 0.0147997578 3.59340659
272 975 4.39636986 0.0146545662 3.58455882
272 976 4.44846966 0.0148282322 3.58823529
272 976 4.39093532 0.0146364511 3.58823529
272 977 4.40701652 0.0146900551 3.59191176
272 977 4.40715154 0.0146905051 3.59191176
272 977 4.40703867 0.0146901289 3.59191176
272 976 4.38669724 0.0146223241 3.58823529
272 974 4.38963567 0.0146321189 3.58088235
272 977 4.40701647 0.0146900549 3.59191176
271 968 4.35596171 0.0145198724 3.57195572
271 968 4.3554623 0.0145182077 3.57195572
271 968 4.35581356 0.0145193785 3.57195572
271 968 4.35562687 0.0145187562 3.57195572
271 968 4.35568566 0.0145189522 3.57195572
271 968 4.35564304 0.0145188101 3.57195572
271 968 4.35566493 0.0145188831 3.57195572
271 968 4.3556603 0.0145188677 3.57195572
271 968 4.35566621 0.0145188874 3.57195572
271 968 4.35566266 0.0145188755 3.57195572
270 959 4.35566306 0.0145188769 3.55185185
270 959 4.35560569 0.0145186856 3.55185185
270 959 4.35557717 0.0145185906 3.55185185
270 959 4.3555733 0.0145185777 3.55185185
270 959 4.35557407 0.0145185802 3.55185185
270 959 4.35557404 0.0145185801 3.55185185
270 959 4.35557405 0.0145185802 3.55185185
270 959 4.35557404 0.0145185801 3.55185185
270 959 4.35557404 0.0145185801 3.55185185
270 959 4.35557404 0.0145185801 3.55185185
269 949 4.30122941 0.0143374314 3.52788104
269 952 4.29175624 0.0143058541 3.53903346
269 952 4.29169918 0.0143056639 3.53903346
269 952 4.29170737 0.0143056912 3.53903346
269 952 4.29170488 0.0143056829 3.53903346
269 952 4.29170577 0.0143056859 3.53903346
269 952 4.29170561 0.0143056854 3.53903346
269 952 4.29170563 0.0143056854 3.53903346
269 952 4.29170563 0.0143056854 3.53903346
269 952 4.29170563 0.0143056854 3.53903346
268 942 4.24010854 0.0141336951 3.51492537
268 942 4.24068051 0.0141356017 3.51492537
268 942 4.24017596 0.0141339199 3.51492537
268 942 4.24068558 0.0141356186 3.51492537
268 942 4.24017879 0.0141339293 3.51492537
268 942 4.24068592 0.0141356197 3.51492537
268 942 4.24017886 0.0141339295 3.51492537
268 942 4.24068594 0.0141356198 3.51492537
268 942 4.24017887 0.0141339296 3.51492537
268 942 4.24068594 0.0141356198 3.51492537
267 932 4.14775378 0.0138258459 3.4906367
267 932 4.14775137 0.0138258379 3.4906367
267 934 4.16072567 0.0138690856 3.49812734
267 932 4.14754233 0.0138251411 3.4906367
267 932 4.14778034 0.0138259345 3.4906367
267 932 4.14784236 0.0138261412 3.4906367
267 932 4.14781898 0.0138260633 3.4906367
267 932 4.14781869 0.0138260623 3.4906367
267 932 4.14781902 0.0138260634 3.4906367
267 932 4.14781901 0.0138260634 3.4906367
266 924 4.08421976 0.0136140659 3.47368421
266 924 4.08373388 0.0136124463 3.47368421
266 924 4.08372623 0.0136124208 3.47368421
266 924 4.08368487 0.0136122829 3.47368421
266 924 4.08387386 0.0136129129 3.47368421
266 926 4.09587141 0.0136529047 3.48120301
266 924 4.08369389 0.013612313 3.47368421
266 924 4.08369192 0.0136123064 3.47368421
266 924 4.08387071 0.0136129024 3.47368421
266 924 4.08377513 0.0136125838 3.47368421
265 919 4.05590807 0.0135196936 3.46792453
265 918 4.03538649 0.0134512883 3.46415094
265 918 4.0355949 0.013451983 3.46415094
265 918 4.03562626 0.0134520875 3.46415094
265 918 4.03561174 0.0134520391 3.46415094
265 918 4.03560997 0.0134520332 3.46415094
265 918 4.03560945 0.0134520315 3.46415094
265 918 4.03560949 0.0134520316 3.46415094
265 918 4.0356095 0.0134520317 3.46415094
265 918 4.0356095 0.0134520317 3.46415094
264 912 3.96055507 0.0132018502 3.45454545
264 909 4.0143156 0.013381052 3.44318182
264 909 3.99901073 0.0133300358 3.44318182
264 913 4.01212931 0.0133737644 3.45833333
264 913 4.01248665 0.0133749555 3.45833333
264 913 4.01220919 0.0133740306 3.45833333
264 913 4.01201421 0.0133733807 3.45833333
264 913 4.01202427 0.0133734142 3.45833333
264 913 4.01206838 0.0133735613 3.45833333
264 913 4.01209005 0.0133736335 3.45833333
263 910 3.99310381 0.013310346 3.46007605
263 910 3.99294332 0.0133098111 3.46007605
263 910 3.99279871 0.013309329 3.46007605
263 910 3.99278728 0.0133092909 3.46007605
263 910 3.9929052 0.013309684 3.46007605
263 910 3.9927994 0.0133093313 3.46007605
263 910 3.99278857 0.0133092952 3.46007605
263 910 3.99290532 0.0133096844 3.46007605
263 910 3.9927994 0.0133093313 3.46007605
263 910 3.99278857 0.0133092952 3.46007605
262 900 3.9406391 0.0131354637 3.4351145
262 900 3.94112988 0.0131370996 3.4351145
262 900 3.9407891 0.0131359637 3.4351145
262 900 3.94083904 0.0131361301 3.4351145
262 900 3.9402017 0.0131340057 3.4351145
262 900 3.94021101 0.0131340367 3.4351145
262 900 3.94022497 0.0131340832 3.4351145
262 900 3.94022462 0.0131340821 3.4351145
262 900 3.94022502 0.0131340834 3.4351145
262 900 3.94022519 0.013134084 3.4351145
261 896 3.88726249 0.0129575416 3.43295019
261 896 3.88821901 0.01296073 3.43295019
261 896 3.88775223 0.0129591741 3.43295019
261 896 3.8881404 0.012960468 3.43295019
261 896 3.88779075 0.0129593025 3.43295019
261 896 3.88792556 0.0129597519 3.43295019
261 896 3.88815779 0.012960526 3.43295019
261 896 3.88779182 0.0129593061 3.43295019
261 896 3.8879258 0.0129597527 3.43295019
261 896 3.88815836 0.0129605279 3.43295019
260 891 3.85941725 0.0128647242 3.42692308
260 891 3.85990002 0.0128663334 3.42692308
260 886 3.82253605 0.0127417868 3.40769231
260 885 3.83959938 0.0127986646 3.40384615
260 891 3.85971754 0.0128657251 3.42692308
260 891 3.85955732 0.0128651911 3.42692308
260 891 3.85954482 0.0128651494 3.42692308
260 891 3.85954415 0.0128651472 3.42692308
260 891 3.8595441 0.012865147 3.42692308
260 891 3.85954422 0.0128651474 3.42692308
259 881 3.79691662 0.0126563887 3.4015444
259 885 3.82687491 0.0127562497 3.41698842
259 881 3.79680619 0.0126560206 3.4015444
259 881 3.79726152 0.0126575384 3.4015444
259 885 3.82685452 0.0127561817 3.41698842
259 885 3.8265776 0.0127552587 3.41698842
259 885 3.82661574 0.0127553858 3.41698842
259 885 3.82661433 0.0127553811 3.41698842
259 885 3.82661478 0.0127553826 3.41698842
259 885 3.82661486 0.0127553829 3.41698842
258 875 3.76539959 0.012551332 3.39147287
258 875 3.76564146 0.0125521382 3.39147287
258 875 3.76564627 0.0125521542 3.39147287
258 875 3.76530615 0.0125510205 3.39147287
258 875 3.76525185 0.0125508395 3.39147287
258 875 3.76524812 0.0125508271 3.39147287
258 875 3.76524853 0.0125508284 3.39147287
258 875 3.76524856 0.0125508285 3.39147287
258 875 3.76524856 0.0125508285 3.39147287
258 875 3.76524856 0.0125508285 3.39147287
257 865 3.69255518 0.0123085173 3.36575875
257 865 3.69297284 0.0123099095 3.36575875
257 869 3.70346928 0.0123448976 3.38132296
257 865 3.69250275 0.0123083425 3.36575875
257 865 3.69264423 0.0123088141 3.36575875
257 865 3.69268107 0.0123089369 3.36575875
257 865 3.69256061 0.0123085354 3.36575875
257 865 3.69268521 0.0123089507 3.36575875
257 865 3.69267733 0.0123089244 3.36575875
257 865 3.69268197 0.0123089399 3.36575875
256 859 3.64259207 0.0121419736 3.35546875
256 858 3.63335731 0.012111191 3.3515625
256 862 3.6606471 0.012202157 3.3671875
256 863 3.6821231 0.0122737437 3.37109375
256 863 3.68199941 0.0122733314 3.37109375
256 863 3.68202635 0.0122734212 3.37109375
256 863 3.68204213 0.0122734738 3.37109375
256 863 3.68204055 0.0122734685 3.37109375
256 863 3.68204082 0.0122734694 3.37109375
256 863 3.68204077 0.0122734692 3.37109375
255 853 3.61867719 0.0120622573 3.34509804
255 853 3.61867152 0.0120622384 3.34509804
255 853 3.61897205 0.0120632402 3.34509804
255 853 3.61897348 0.0120632449 3.34509804
255 853 3.61898992 0.0120632997 3.34509804
255 853 3.61898898 0.0120632966 3.34509804
255 853 3.61898806 0.0120632935 3.34509804
255 853 3.61898823 0.0120632941 3.34509804
255 853 3.61898816 0.0120632939 3.34509804
255 853 3.61898817 0.0120632939 3.34509804
254 846 3.5699413 0.0118998043 3.33070866
254 846 3.56989629 0.0118996543 3.33070866
254 846 3.56994272 0.0118998091 3.33070866
254 847 3.58738963 0.0119579654 3.33464567
254 846 3.56980484 0.0118993495 3.33070866
254 846 3.57015886 0.0119005295 3.33070866
254 846 3.56994033 0.0118998011 3.33070866
254 846 3.56971766 0.0118990589 3.33070866
254 847 3.58731175 0.0119577058 3.33464567
254 847 3.58727592 0.0119575864 3.33464567
253 840 3.53821258 0.0117940419 3.3201581
253 840 3.53849974 0.0117949991 3.3201581
253 840 3.53848141 0.011794938 3.3201581
253 840 3.53848168 0.0117949389 3.3201581
253 840 3.53848172 0.0117949391 3.3201581
253 840 3.53848172 0.0117949391 3.3201581
253 840 3.53848172 0.0117949391 3.3201581
253 840 3.53848172 0.0117949391 3.3201581
253 840 3.53848172 0.0117949391 3.3201581
253 840 3.53848172 0.0117949391 3.3201581
252 831 3.43652005 0.0114550668 3.29761905
252 831 3.43628664 0.0114542888 3.29761905
252 833 3.47044297 0.0115681432 3.30555556
252 831 3.43580299 0.0114526766 3.29761905
252 831 3.4362738 0.011454246 3.29761905
252 831 3.43573672 0.0114524557 3.29761905
252 831 3.43629559 0.0114543186 3.29761905
252 831 3.43573741 0.011452458 3.29761905
252 831 3.4362956 0.0114543187 3.29761905
252 831 3.43573741 0.011452458 3.29761905
251 824 3.37594464 0.0112531488 3.28286853
251 824 3.37618079 0.011253936 3.28286853
251 824 3.37609564 0.0112536521 3.28286853
251 824 3.3759654 0.011253218 3.28286853
251 824 3.37600831 0.011253361 3.28286853
251 824 3.37605217 0.0112535072 3.28286853
251 824 3.37623193 0.0112541064 3.28286853
251 824 3.375898 0.0112529933 3.28286853
251 824 3.37607472 0.0112535824 3.28286853
251 824 3.37603586 0.0112534529 3.28286853
250 813 3.28558006 0.0109519335 3.252
250 814 3.26857346 0.0108952449 3.256
250 813 3.28564826 0.0109521609 3.252
250 810 3.25686556 0.0108562185 3.24
250 813 3.28566481 0.010952216 3.252
250 813 3.28591429 0.0109530476 3.252
250 810 3.25686421 0.010856214 3.24
250 810 3.25783851 0.0108594617 3.24
250 810 3.2575566 0.010858522 3.24
250 813 3.28568553 0.0109522851 3.252
249 803 3.20085039 0.0106695013 3.2248996
249 806 3.28586837 0.0109528946 3.23694779
249 803 3.20078491 0.010669283 3.2248996
249 803 3.20048171 0.0106682724 3.2248996
249 806 3.28595148 0.0109531716 3.23694779
249 806 3.28593965 0.0109531322 3.23694779
249 803 3.20077204 0.0106692401 3.2248996
249 803 3.20048982 0.0106682994 3.2248996
249 803 3.20030929 0.0106676976 3.2248996
249 803 3.25731233 0.0108577078 3.2248996
248 796 3.20053482 0.0106684494 3.20967742
248 796 3.20067137 0.0106689046 3.20967742
248 796 3.2005759 0.0106685863 3.20967742
248 796 3.20067252 0.0106689084 3.20967742
248 796 3.20044579 0.0106681526 3.20967742
248 796 3.20064111 0.0106688037 3.20967742
248 796 3.20060502 0.0106686834 3.20967742
248 796 3.20055923 0.0106685308 3.20967742
248 796 3.20061541 0.010668718 3.20967742
248 796 3.20045952 0.0106681984 3.20967742
247 790 3.17623256 0.0105874419 3.19838057
247 788 3.12029223 0.0104009741 3.1902834
247 788 3.12030228 0.0104010076 3.1902834
247 788 3.12011785 0.0104003928 3.1902834
247 788 3.12013132 0.0104004377 3.1902834
247 788 3.12012987 0.0104004329 3.1902834
247 788 3.12012171 0.0104004057 3.1902834
247 788 3.12011869 0.0104003956 3.1902834
247 788 3.12011948 0.0104003983 3.1902834
247 788 3.12012129 0.0104004043 3.1902834
246 782 3.10591918 0.0103530639 3.17886179
246 782 3.10576868 0.0103525623 3.17886179
246 784 3.01214936 0.0100404979 3.18699187
246 786 3.06561999 0.0102187333 3.19512195
246 787 3.05834284 0.0101944761 3.19918699
245 778 3.00034754 0.0100011585 3.1755102
245 781 3.02022864 0.0100674288 3.1877551
245 778 2.99815326 0.0099938442 3.1755102
245 782 3.02777893 0.0100925964 3.19183673
245 780 2.99060766 0.00996869221 3.18367347
244 773 2.96270373 0.00987567911 3.16803279
244 771 2.92800175 0.00976000583 3.15983607
244 772 2.90880661 0.00969602203 3.16393443
244 776 2.9476886 0.00982562866 3.18032787
244 776 2.98309366 0.00994364553 3.18032787
244 773 2.96208518 0.00987361726 3.16803279
244 773 2.962272 0.00987423999 3.16803279
244 773 2.96268451 0.00987561503 3.16803279
244 773 2.96244508 0.00987481693 3.16803279
244 773 2.96239005 0.00987463351 3.16803279
243 766 2.90865481 0.00969551603 3.15226337
243 766 2.9086522 0.00969550732 3.15226337
243 766 2.90877986 0.00969593288 3.15226337
243 766 2.90891809 0.00969639363 3.15226337
243 766 2.90883854 0.00969612845 3.15226337
243 766 2.90881256 0.00969604188 3.15226337
243 766 2.90880232 0.00969600774 3.15226337
243 766 2.90876862 0.00969589541 3.15226337
243 766 2.90878405 0.00969594685 3.15226337
243 766 2.9087823 0.009695941 3.15226337
242 760 2.90880345 0.0096960115 3.14049587
242 760 2.90851555 0.00969505184 3.14049587
242 760 2.9089565 0.00969652165 3.14049587
242 760 2.90873345 0.00969577817 3.14049587
242 760 2.90864679 0.0096954893 3.14049587
242 760 2.90861512 0.00969538374 3.14049587
242 760 2.90863296 0.00969544321 3.14049587
242 760 2.9086456 0.00969548533 3.14049587
242 760 2.90865008 0.00969550027 3.14049587
242 760 2.908651 0.00969550332 3.14049587
241 751 2.83318204 0.00944394014 3.11618257
241 755 2.84608321 0.00948694402 3.13278008
241 755 2.84603236 0.00948677454 3.13278008
241 755 2.84618963 0.00948729878 3.13278008
241 755 2.84608964 0.00948696548 3.13278008
241 755 2.84609548 0.00948698495 3.13278008
241 755 2.84593266 0.00948644221 3.13278008
241 755 2.84611115 0.00948703716 3.13278008
241 755 2.84610025 0.00948700083 3.13278008
241 755 2.84608511 0.00948695035 3.13278008
240 746 2.7684357 0.00922811901 3.10833333
240 752 2.71860141 0.0090620047 3.13333333
240 748 2.74842231 0.00916140769 3.11666667
240 746 2.76900352 0.00923001172 3.10833333
240 748 2.74812752 0.00916042505 3.11666667
240 748 2.74805573 0.00916018577 3.11666667
240 747 2.67055761 0.0089018587 3.1125
240 749 2.65695698 0.00885652325 3.12083333
240 745 2.68468496 0.00894894988 3.10416667
240 749 2.69439706 0.00898132352 3.12083333
239 742 2.62790155 0.00875967183 3.10460251
239 741 2.66131241 0.00887104138 3.10041841
239 745 2.64091647 0.00880305489 3.11715481
239 746 2.70769678 0.00902565593 3.12133891
239 746 2.70700704 0.0090233568 3.12133891
239 746 2.70723976 0.00902413253 3.12133891
239 746 2.70682557 0.00902275189 3.12133891
239 746 2.70724673 0.00902415578 3.12133891
239 746 2.70682761 0.0090227587 3.12133891
239 746 2.70724686 0.00902415619 3.12133891
238 741 2.63456119 0.00878187063 3.11344538
238 742 2.60893531 0.00869645102 3.11764706
238 739 2.57478469 0.00858261563 3.10504202
238 740 2.57480836 0.00858269454 3.1092437
238 740 2.57429165 0.00858097218 3.1092437
238 744 2.5596936 0.00853231199 3.12605042
238 745 2.56089409 0.00853631363 3.1302521
238 740 2.55737178 0.00852457261 3.1092437
238 738 2.57795312 0.00859317706 3.10084034
238 739 2.56420776 0.00854735921 3.10504202
237 732 2.53521373 0.00845071244 3.08860759
237 733 2.60919316 0.00869731052 3.092827
237 738 2.6215282 0.00873842735 3.11392405
237 739 2.64539282 0.00881797608 3.11814346
237 739 2.65274985 0.0088424995 3.11814346
237 740 2.60877973 0.00869593244 3.12236287
237 735 2.61214973 0.00870716575 3.10126582
237 737 2.6087598 0.00869586598 3.10970464
236 728 2.54115133 0.00847050443 3.08474576
236 731 2.49524807 0.00831749357 3.09745763
235 723 2.47717053 0.00825723511 3.07659574
234 720 2.42087172 0.00806957238 3.07692308
234 725 2.51225623 0.00837418744 3.0982906
234 729 2.4838912 0.00827963733 3.11538462
234 721 2.46368801 0.00821229336 3.08119658
234 727 2.49440358 0.00831467862 3.10683761
233 723 2.48056173 0.00826853911 3.10300429
233 717 2.45264983 0.00817549944 3.07725322
232 714 2.4368653 0.00812288432 3.07758621
232 719 2.45628667 0.00818762222 3.09913793
231 715 2.43020514 0.00810068382 3.0952381
231 717 2.48610438 0.00828701458 3.1038961
230 712 2.46581809 0.00821939362 3.09565217
230 709 2.43014785 0.00810049282 3.0826087
229 706 2.41301743 0.00804339144 3.08296943
229 706 2.40272137 0.00800907122 3.08296943
229 708 2.44936954 0.00816456514 3.09170306
229 710 2.46374518 0.00821248394 3.10043668
229 707 2.44028346 0.00813427819 3.08733624
229 711 2.4547628 0.00818254266 3.10480349
228 704 2.42124021 0.00807080068 3.0877193
228 703 2.48902445 0.00829674817 3.08333333
227 696 2.45700059 0.00819000198 3.0660793
227 697 2.45433685 0.00818112285 3.07048458
227 698 2.45862836 0.00819542786 3.07488987
227 700 2.44000514 0.00813335047 3.08370044
227 698 2.42517675 0.00808392249 3.07488987
227 696 2.40252809 0.00800842695 3.0660793
227 698 2.39913662 0.00799712207 3.07488987
227 699 2.48148789 0.00827162632 3.07929515
226 692 2.47941398 0.00826471328 3.0619469
226 694 2.51326609 0.00837755363 3.07079646
226 694 2.51275653 0.0083758551 3.07079646
226 694 2.51282112 0.00837607039 3.07079646
226 694 2.51270777 0.00837569255 3.07079646
226 694 2.51281625 0.00837605418 3.07079646
226 694 2.51270783 0.00837569278 3.07079646
226 694 2.51281373 0.00837604576 3.07079646
226 694 2.51271217 0.00837570725 3.07079646
226 694 2.5128151 0.00837605032 3.07079646
225 687 2.46000605 0.00820002017 3.05333333
225 687 2.45997665 0.00819992217 3.05333333
225 687 2.45999529 0.00819998431 3.05333333
225 687 2.46001382 0.00820004607 3.05333333
225 687 2.45999507 0.00819998358 3.05333333
225 687 2.45984809 0.00819949365 3.05333333
225 687 2.45999009 0.00819996698 3.05333333
225 687 2.4599954 0.00819998466 3.05333333
225 687 2.45996875 0.00819989584 3.05333333
225 687 2.45982822 0.00819942741 3.05333333
224 683 2.45989592 0.00819965307 3.04910714
224 683 2.45995482 0.0081998494 3.04910714
224 683 2.45987172 0.00819957241 3.04910714
224 683 2.45985319 0.00819951063 3.04910714
224 683 2.45983456 0.00819944855 3.04910714
224 683 2.4598346 0.00819944866 3.04910714
224 683 2.45983339 0.00819944463 3.04910714
224 683 2.45983302 0.00819944339 3.04910714
224 683 2.45983288 0.00819944294 3.04910714
224 683 2.45983278 0.0081994426 3.04910714
223 675 2.43842496 0.00812808319 3.02690583
223 675 2.43855435 0.0081285145 3.02690583
223 675 2.43855156 0.00812850521 3.02690583
223 675 2.43856005 0.00812853349 3.02690583
223 675 2.43855958 0.00812853192 3.02690583
223 675 2.43855979 0.00812853263 3.02690583
223 675 2.43855964 0.00812853214 3.02690583
223 675 2.43855949 0.00812853164 3.02690583
223 675 2.43855937 0.00812853122 3.02690583
223 675 2.43855927 0.00812853091 3.02690583
222 670 2.43839222 0.00812797407 3.01801802
222 670 2.43841092 0.00812803641 3.01801802
222 670 2.43842773 0.00812809242 3.01801802
222 670 2.43843211 0.00812810703 3.01801802
222 670 2.43843218 0.00812810727 3.01801802
222 670 2.43843168 0.00812810559 3.01801802
222 670 2.43843226 0.00812810754 3.01801802
222 670 2.43843237 0.00812810789 3.01801802
222 670 2.43843245 0.00812810818 3.01801802
222 670 2.43843254 0.00812810846 3.01801802
221 661 2.43068552 0.00810228508 2.99095023
221 663 2.42641088 0.00808803627 3
221 663 2.4263862 0.00808795401 3
221 663 2.42639833 0.00808799445 3
221 663 2.42639333 0.00808797778 3
221 663 2.42639121 0.00808797069 3
221 663 2.42639089 0.00808796963 3
221 663 2.42639014 0.00808796715 3
221 663 2.42638982 0.00808796605 3
221 663 2.42638977 0.0080879659 3
220 654 2.41919157 0.00806397189 2.97272727
220 654 2.41918371 0.0080639457 2.97272727
220 654 2.41918611 0.00806395369 2.97272727
220 654 2.41918612 0.00806395372 2.97272727
220 654 2.41918679 0.00806395597 2.97272727
220 654 2.4191872 0.00806395733 2.97272727
220 654 2.41918743 0.00806395812 2.97272727
220 654 2.41918757 0.00806395855 2.97272727
220 654 2.41918764 0.00806395879 2.97272727
220 654 2.41918768 0.00806395892 2.97272727
219 648 2.35185026 0.00783950086 2.95890411
218 643 2.34765349 0.00782551163 2.94954128
218 648 2.32757003 0.00775856677 2.97247706
218 651 2.29670448 0.0076556816 2.98623853
218 652 2.25728088 0.00752426961 2.99082569
218 651 2.22843432 0.0074281144 2.98623853
218 651 2.22751187 0.00742503956 2.98623853
218 651 2.22682212 0.00742274039 2.98623853
218 651 2.22637535 0.00742125117 2.98623853
218 651 2.22604993 0.00742016642 2.98623853
217 647 2.19587593 0.00731958643 2.98156682
217 643 2.20412132 0.00734707107 2.96313364
217 647 2.19550781 0.00731835936 2.98156682
217 647 2.19530267 0.00731767556 2.98156682
217 647 2.19522767 0.00731742558 2.98156682
217 647 2.19516535 0.00731721783 2.98156682
217 647 2.19511716 0.00731705719 2.98156682
217 647 2.19507673 0.00731692242 2.98156682
217 647 2.19504194 0.00731680645 2.98156682
217 647 2.19501173 0.00731670578 2.98156682
216 639 2.17588508 0.00725295026 2.95833333
216 639 2.17591456 0.00725304855 2.95833333
216 639 2.17608986 0.00725363286 2.95833333
216 639 2.17598669 0.00725328896 2.95833333
216 639 2.17594605 0.00725315351 2.95833333
216 639 2.17609028 0.00725363428 2.95833333
216 639 2.17600405 0.00725334684 2.95833333
216 639 2.17601715 0.0072533905 2.95833333
216 639 2.17612387 0.00725374622 2.95833333
216 639 2.17604291 0.00725347635 2.95833333
215 634 2.105604 0.00701867999 2.94883721
215 632 2.14067923 0.00713559743 2.93953488
215 632 2.14067616 0.00713558722 2.93953488
215 632 2.14064871 0.00713549569 2.93953488
215 632 2.14060951 0.00713536502 2.93953488
215 632 2.14054316 0.00713514386 2.93953488
215 632 2.14042006 0.00713473355 2.93953488
215 632 2.1401705 0.00713390167 2.93953488
215 632 2.13960081 0.00713200269 2.93953488
215 632 2.13803779 0.00712679265 2.93953488
214 627 2.06801979 0.00689339929 2.92990654
214 625 2.12005944 0.0070668648 2.92056075
214 625 2.04727626 0.00682425419 2.92056075
214 625 0 0 2.92056075
allocating memory...
allocating memory...
allocating memory...
allocating memory...
allocating memory...
walksat version 35
command line = test -solcnf -cutoff 100000000 -best -seed 1234567 -numsol 10 ./residualformula_seed5.cnf
seed = 1234567
cutoff = 100000000
tries = 10
heuristic = best, noise 50 / 100
tail starts after flip = 900
numatom = 300, numclause = 625, numliterals = 1704
wff read in

    lowest     final       avg     noise     noise     total                 avg        mean        mean
    #unsat    #unsat     noise   std dev     ratio     flips              length       flips       flips
      this      this      this      this      this      this   success   success       until         std
       try       try       try       try       try       try      rate     tries      assign         dev

         0         0      2.12      1.54      1.38      4054       100      4054     4054.00
         0         0      3.07      1.95      1.57      6176       100      5115     5115.00     1500.48
         0         0      3.24      1.60      2.02      3248       100      4492     4492.67     1512.49
         0         0      5.00      2.52      1.98      2758       100      4059     4059.00     1509.09
         0         0      2.89      1.67      1.73      3869       100      4021     4021.00     1309.67
         0         0      0.00      0.00      0.00       853       100      3493     3493.00     1744.96
         0         0      2.93      1.45      2.02      1441       100      3199     3199.86     1771.70
         0         0      0.00      0.00      0.00       549       100      2868     2868.50     1889.15
         0         0      3.33      2.28      1.46      8511       100      3495     3495.44     2580.76
         0         0      4.11      2.33      1.77      3255       100      3471     3471.40     2434.35

total elapsed seconds = 0.000000
average flips per second = -9223372036854775808
number solutions found = 10
final success rate = 100.000000
average length successful tries = 3471
mean flips until assign = 3471.400000
  variance = 5926064.266667
  standard deviation = 2434.350892
  standard error of mean = 769.809344
mean seconds until assign = 0.000000
  variance = 0.000000
  standard deviation = 0.000000
  standard error of mean = 0.000000
mean restarts until assign = 1.000000
  variance = 0.000000
  standard deviation = 0.000000
  standard error of mean = 0.000000
final noise level statistics
    statistics over all runs:
      overall mean average noise level = 3.335882
      overall mean noise std deviation = 1.918630
      overall ratio mean noise to mean std dev = 1.738679
    statistics on successful runs:
      successful mean average noise level = 3.335882
      successful mean noise std deviation = 1.918630
      successful ratio mean noise to mean std dev = 1.738679
    statistics on nonsuccessful runs:
      nonsuccessful mean average noise level = 0.000000
      nonsuccessful mean noise std deviation = 0.000000
      nonsuccessful ratio mean noise to mean std dev = 0.000000
ASSIGNMENT FOUND
Check and white a solution
time of whitening    freezing probability
9	 	 	 	1
8	 	 	 	1
7	 	 	 	1
8	 	 	 	1
14	 	 	 	1
11	 	 	 	1
7	 	 	 	1
6	 	 	 	1
7	 	 	 	1
8	 	 	 	1
