START ALGORITHM:
I am going to build an instance with N: 300 variables and 1245 clauses with a clause density equal to 4.15
START BSP WITH r=0.9:
Decimation scorer: gamma:0.01
END UNIT PROPAGATION
300 1245 1.13586159 0.0037862053 4.15
300 1245 1.1362915 0.00378763833 4.15
300 1245 1.13562823 0.00378542744 4.15
300 1245 1.13533532 0.00378445108 4.15
300 1245 1.1352404 0.00378413466 4.15
300 1245 1.13499078 0.0037833026 4.15
300 1245 1.13487997 0.00378293323 4.15
300 1245 1.13492468 0.00378308226 4.15
300 1245 1.13509147 0.00378363822 4.15
299 1235 1.13537556 0.0037845852 4.13043478
299 1235 1.13530352 0.00378434507 4.13043478
299 1235 1.13524297 0.00378414323 4.13043478
299 1235 1.13516604 0.0037838868 4.13043478
299 1235 1.13513685 0.00378378949 4.13043478
299 1235 1.13515892 0.00378386307 4.13043478
299 1235 1.13519662 0.00378398873 4.13043478
299 1235 1.13521894 0.00378406312 4.13043478
299 1235 1.13524443 0.00378414809 4.13043478
299 1235 1.13527743 0.00378425811 4.13043478
298 1228 1.13523215 0.00378410717 4.12080537
298 1228 1.13522808 0.00378409358 4.12080537
298 1228 1.13525801 0.00378419337 4.12080537
298 1228 1.13529799 0.00378432665 4.12080537
298 1228 1.13530955 0.00378436517 4.12080537
298 1228 1.13530653 0.00378435511 4.12080537
298 1228 1.13530178 0.00378433925 4.12080537
298 1228 1.13530305 0.0037843435 4.12080537
298 1228 1.13530413 0.00378434711 4.12080537
298 1228 1.1353045 0.00378434834 4.12080537
297 1218 1.13092921 0.00376976404 4.1010101
297 1218 1.13088805 0.00376962682 4.1010101
297 1218 1.1309014 0.00376967132 4.1010101
297 1218 1.13089542 0.0037696514 4.1010101
297 1218 1.13089016 0.00376963387 4.1010101
297 1218 1.13088618 0.00376962061 4.1010101
297 1218 1.13087892 0.00376959639 4.1010101
297 1218 1.13087997 0.0037695999 4.1010101
297 1218 1.13087875 0.00376959585 4.1010101
297 1218 1.13087795 0.00376959316 4.1010101
296 1215 1.12343107 0.00374477022 4.10472973
296 1215 1.12334675 0.00374448916 4.10472973
296 1215 1.12345287 0.00374484291 4.10472973
296 1215 1.12352159 0.00374507198 4.10472973
296 1215 1.12354798 0.00374515994 4.10472973
296 1215 1.1235604 0.00374520134 4.10472973
296 1215 1.12354734 0.00374515781 4.10472973
296 1215 1.12354399 0.00374514662 4.10472973
296 1215 1.12354059 0.00374513531 4.10472973
296 1215 1.12354186 0.00374513955 4.10472973
295 1209 1.11013567 0.00370045224 4.09830508
295 1209 1.10986211 0.00369954036 4.09830508
295 1209 1.11013443 0.0037004481 4.09830508
295 1209 1.11007445 0.00370024817 4.09830508
295 1209 1.11015383 0.00370051277 4.09830508
295 1209 1.11012074 0.00370040247 4.09830508
295 1209 1.11012746 0.00370042487 4.09830508
295 1209 1.10999059 0.00369996862 4.09830508
295 1209 1.11015193 0.00370050644 4.09830508
295 1209 1.10993613 0.0036997871 4.09830508
294 1198 1.09227851 0.00364092836 4.07482993
294 1198 1.0921506 0.00364050202 4.07482993
294 1198 1.09247043 0.0036415681 4.07482993
294 1198 1.09265165 0.00364217216 4.07482993
294 1198 1.09249002 0.00364163339 4.07482993
294 1198 1.09274537 0.00364248458 4.07482993
294 1198 1.09268935 0.00364229782 4.07482993
294 1198 1.09247535 0.00364158449 4.07482993
294 1198 1.09273859 0.00364246198 4.07482993
294 1198 1.09276142 0.00364253806 4.07482993
293 1190 1.07353957 0.00357846523 4.06143345
293 1190 1.07336799 0.0035778933 4.06143345
293 1190 1.07336011 0.00357786703 4.06143345
293 1190 1.07375118 0.00357917059 4.06143345
293 1190 1.07369178 0.00357897261 4.06143345
293 1190 1.07367919 0.00357893062 4.06143345
293 1190 1.07384724 0.00357949079 4.06143345
293 1190 1.07267771 0.00357559238 4.06143345
293 1190 1.07191448 0.00357304828 4.06143345
293 1190 1.07171864 0.00357239547 4.06143345
292 1178 1.05135979 0.00350453262 4.03424658
292 1178 1.05323693 0.00351078977 4.03424658
292 1178 1.05289423 0.00350964743 4.03424658
292 1178 1.0525869 0.00350862299 4.03424658
292 1178 1.05269315 0.00350897717 4.03424658
292 1178 1.05286188 0.00350953958 4.03424658
292 1178 1.05292042 0.00350973473 4.03424658
292 1178 1.05291625 0.00350972083 4.03424658
292 1178 1.05288123 0.00350960408 4.03424658
292 1178 1.05289174 0.00350963915 4.03424658
291 1171 1.03139262 0.00343797539 4.02405498
291 1171 1.03178804 0.00343929346 4.02405498
291 1166 1.02429065 0.00341430216 4.00687285
291 1171 1.03168346 0.00343894485 4.02405498
291 1171 1.03149981 0.0034383327 4.02405498
291 1171 1.03144939 0.00343816463 4.02405498
291 1171 1.03152628 0.00343842094 4.02405498
291 1171 1.0311427 0.00343714233 4.02405498
291 1171 1.03095837 0.00343652791 4.02405498
291 1171 1.0309175 0.00343639168 4.02405498
290 1159 1.00829615 0.00336098717 3.99655172
290 1159 1.00891932 0.00336306442 3.99655172
290 1159 1.00950597 0.00336501991 3.99655172
290 1159 1.00905513 0.0033635171 3.99655172
290 1159 1.00911763 0.00336372544 3.99655172
290 1159 1.00822976 0.00336076588 3.99655172
290 1159 1.00949735 0.00336499116 3.99655172
290 1159 1.00836269 0.00336120898 3.99655172
290 1159 1.00844914 0.00336149715 3.99655172
290 1159 1.00942835 0.00336476117 3.99655172
289 1152 0.984813033 0.00328271011 3.98615917
289 1152 0.985068745 0.00328356248 3.98615917
289 1152 0.985166638 0.00328388879 3.98615917
289 1152 0.985745615 0.00328581872 3.98615917
289 1152 0.985140322 0.00328380107 3.98615917
289 1152 0.986355874 0.00328785291 3.98615917
289 1152 0.985819718 0.00328606573 3.98615917
289 1152 0.985037948 0.00328345983 3.98615917
289 1152 0.985033343 0.00328344448 3.98615917
289 1152 0.984943827 0.00328314609 3.98615917
288 1142 0.960157503 0.00320052501 3.96527778
288 1142 0.95930953 0.00319769843 3.96527778
288 1141 0.953782125 0.00317927375 3.96180556
288 1142 0.960444738 0.00320148246 3.96527778
288 1142 0.959409783 0.00319803261 3.96527778
288 1142 0.959799636 0.00319933212 3.96527778
288 1142 0.959322289 0.00319774096 3.96527778
288 1142 0.959978007 0.00319992669 3.96527778
288 1142 0.959493027 0.00319831009 3.96527778
288 1142 0.960587202 0.00320195734 3.96527778
287 1131 0.934078646 0.00311359549 3.94076655
287 1133 0.936628734 0.00312209578 3.94773519
287 1131 0.934861268 0.00311620423 3.94076655
287 1131 0.934609897 0.00311536632 3.94076655
287 1131 0.934549407 0.00311516469 3.94076655
287 1131 0.934078498 0.00311359499 3.94076655
287 1131 0.933990853 0.00311330284 3.94076655
287 1131 0.934013037 0.00311337679 3.94076655
287 1131 0.934155492 0.00311385164 3.94076655
287 1131 0.934214876 0.00311404959 3.94076655
286 1122 0.911702393 0.00303900798 3.92307692
286 1122 0.91279169 0.00304263897 3.92307692
286 1122 0.912833778 0.00304277926 3.92307692
286 1122 0.911507977 0.00303835992 3.92307692
286 1122 0.908334878 0.00302778293 3.92307692
286 1123 0.90890695 0.00302968983 3.92657343
286 1121 0.910149095 0.00303383032 3.91958042
286 1122 0.904262288 0.00301420763 3.92307692
286 1125 0.916780476 0.00305593492 3.93356643
286 1128 0.913364327 0.00304454776 3.94405594
285 1116 0.896718113 0.00298906038 3.91578947
285 1123 0.899053684 0.00299684561 3.94035088
285 1126 0.910877174 0.00303625725 3.95087719
284 1116 0.898915269 0.00299638423 3.92957746
284 1114 0.90189652 0.00300632173 3.92253521
284 1114 0.901773323 0.00300591108 3.92253521
284 1115 0.904441477 0.00301480492 3.92605634
284 1115 0.905176649 0.0030172555 3.92605634
284 1115 0.904860218 0.00301620073 3.92605634
284 1115 0.904003074 0.00301334358 3.92605634
283 1105 0.885147255 0.00295049085 3.90459364
283 1105 0.885988318 0.00295329439 3.90459364
283 1105 0.886548348 0.00295516116 3.90459364
283 1105 0.886189292 0.00295396431 3.90459364
283 1105 0.886335121 0.0029544504 3.90459364
283 1105 0.886493504 0.00295497835 3.90459364
283 1105 0.886388199 0.00295462733 3.90459364
283 1105 0.885860455 0.00295286818 3.90459364
283 1105 0.885942795 0.00295314265 3.90459364
283 1105 0.885916581 0.00295305527 3.90459364
282 1092 0.862826314 0.00287608771 3.87234043
282 1092 0.862842808 0.00287614269 3.87234043
282 1092 0.86329353 0.0028776451 3.87234043
282 1092 0.863611893 0.00287870631 3.87234043
282 1095 0.863921677 0.00287973892 3.88297872
282 1096 0.864542638 0.00288180879 3.88652482
282 1095 0.86774807 0.00289249357 3.88297872
282 1096 0.872020195 0.00290673398 3.88652482
282 1096 0.87231937 0.00290773123 3.88652482
282 1096 0.872679504 0.00290893168 3.88652482
281 1083 0.853426861 0.0028447562 3.85409253
281 1083 0.853594648 0.00284531549 3.85409253
281 1083 0.854372983 0.00284790994 3.85409253
281 1083 0.854629582 0.00284876527 3.85409253
281 1087 0.853045364 0.00284348455 3.8683274
281 1081 0.852761824 0.00284253941 3.84697509
281 1083 0.855960976 0.00285320325 3.85409253
281 1085 0.849660287 0.00283220096 3.86120996
281 1083 0.867940507 0.00289313502 3.85409253
281 1083 0.957106218 0.00319035406 3.85409253
280 1079 0.959086496 0.00319695499 3.85357143
280 1077 0.972659518 0.00324219839 3.84642857
280 1074 0.967902413 0.00322634138 3.83571429
280 1075 1.01538277 0.00338460923 3.83928571
280 1080 1.03982222 0.00346607408 3.85714286
280 1084 1.03700741 0.00345669138 3.87142857
280 1081 1.03532112 0.00345107039 3.86071429
280 1081 1.03671251 0.00345570837 3.86071429
280 1077 1.04225535 0.00347418449 3.84642857
280 1077 1.0392645 0.00346421501 3.84642857
279 1069 1.0375837 0.00345861235 3.83154122
279 1070 1.03597722 0.0034532574 3.83512545
279 1072 1.03546305 0.0034515435 3.84229391
279 1072 1.03693756 0.00345645854 3.84229391
279 1065 1.03493795 0.00344979318 3.8172043
279 1071 1.03596744 0.00345322481 3.83870968
279 1069 1.03823187 0.00346077289 3.83154122
279 1071 1.03839521 0.00346131737 3.83870968
279 1070 1.0381246 0.00346041535 3.83512545
279 1069 1.03825305 0.00346084351 3.83154122
278 1063 1.03492229 0.00344974098 3.82374101
278 1063 1.03488931 0.00344963103 3.82374101
278 1063 1.03508046 0.0034502682 3.82374101
278 1063 1.0351049 0.00345034966 3.82374101
278 1063 1.03506656 0.00345022186 3.82374101
278 1063 1.03490896 0.00344969655 3.82374101
278 1063 1.0349618 0.00344987266 3.82374101
278 1063 1.03493435 0.00344978118 3.82374101
278 1063 1.03499659 0.00344998864 3.82374101
278 1063 1.03497478 0.00344991592 3.82374101
277 1057 1.03176796 0.00343922653 3.81588448
277 1057 1.03174433 0.00343914776 3.81588448
277 1057 1.03172611 0.00343908703 3.81588448
277 1057 1.03167087 0.00343890291 3.81588448
277 1057 1.03168758 0.00343895858 3.81588448
277 1057 1.03174967 0.00343916555 3.81588448
277 1057 1.03177692 0.0034392564 3.81588448
277 1057 1.03184228 0.00343947426 3.81588448
277 1057 1.03173256 0.00343910853 3.81588448
277 1057 1.03164067 0.00343880224 3.81588448
276 1048 1.02822371 0.00342741235 3.79710145
276 1048 1.02835016 0.00342783386 3.79710145
276 1048 1.02846832 0.00342822774 3.79710145
276 1048 1.02847143 0.0034282381 3.79710145
276 1048 1.02840207 0.00342800689 3.79710145
276 1048 1.02836627 0.00342788755 3.79710145
276 1048 1.02835674 0.00342785578 3.79710145
276 1048 1.02835432 0.00342784774 3.79710145
276 1048 1.02834274 0.00342780913 3.79710145
276 1048 1.02833235 0.00342777451 3.79710145
275 1037 1.02470219 0.00341567398 3.77090909
275 1037 1.02468774 0.0034156258 3.77090909
275 1037 1.02466415 0.00341554717 3.77090909
275 1037 1.0246945 0.00341564833 3.77090909
275 1037 1.02469163 0.00341563877 3.77090909
275 1037 1.02469234 0.00341564114 3.77090909
275 1037 1.02468341 0.00341561138 3.77090909
275 1037 1.02469412 0.00341564706 3.77090909
275 1037 1.02469129 0.00341563762 3.77090909
275 1037 1.02468877 0.00341562925 3.77090909
274 1030 1.02275508 0.0034091836 3.75912409
274 1030 1.0227509 0.00340916967 3.75912409
274 1030 1.02270575 0.00340901915 3.75912409
274 1030 1.02267769 0.00340892564 3.75912409
274 1030 1.02267572 0.00340891905 3.75912409
274 1030 1.02268729 0.00340895763 3.75912409
274 1030 1.02269159 0.00340897197 3.75912409
274 1030 1.02268493 0.00340894975 3.75912409
274 1030 1.02267687 0.00340892289 3.75912409
274 1030 1.02266906 0.00340889688 3.75912409
273 1024 1.0179608 0.00339320266 3.75091575
273 1025 1.0165597 0.00338853235 3.75457875
273 1024 1.01800426 0.00339334753 3.75091575
273 1024 1.01807087 0.00339356956 3.75091575
273 1024 1.01805361 0.00339351202 3.75091575
273 1024 1.01809796 0.00339365988 3.75091575
273 1024 1.01810489 0.00339368298 3.75091575
273 1024 1.01812896 0.00339376319 3.75091575
273 1024 1.01813876 0.00339379586 3.75091575
273 1024 1.01813485 0.00339378284 3.75091575
272 1019 1.01368768 0.00337895893 3.74632353
272 1019 1.01358388 0.00337861295 3.74632353
272 1019 1.01359179 0.00337863929 3.74632353
272 1019 1.01358406 0.00337861352 3.74632353
272 1019 1.01357397 0.0033785799 3.74632353
272 1019 1.01357521 0.00337858403 3.74632353
272 1019 1.01361681 0.00337872269 3.74632353
272 1019 1.01367256 0.00337890853 3.74632353
272 1019 1.01369618 0.00337898727 3.74632353
272 1019 1.01370769 0.00337902562 3.74632353
271 1012 1.00826069 0.00336086897 3.73431734
271 1012 1.00832795 0.00336109316 3.73431734
271 1010 1.01001296 0.00336670988 3.72693727
271 1010 1.01007625 0.00336692082 3.72693727
271 1010 1.01007714 0.0033669238 3.72693727
271 1010 1.01003594 0.00336678648 3.72693727
271 1010 1.01002355 0.00336674516 3.72693727
271 1010 1.01002641 0.00336675469 3.72693727
271 1010 1.01006129 0.00336687097 3.72693727
271 1010 1.01005945 0.00336686484 3.72693727
270 1001 1.00638133 0.00335460444 3.70740741
270 1005 1.00577946 0.00335259818 3.72222222
270 1005 1.00581293 0.00335270975 3.72222222
270 1005 1.00577893 0.00335259642 3.72222222
270 1005 1.00576053 0.0033525351 3.72222222
270 1005 1.0057622 0.00335254068 3.72222222
270 1005 1.0057771 0.00335259035 3.72222222
270 1005 1.00577624 0.00335258748 3.72222222
270 1005 1.00577385 0.00335257949 3.72222222
270 1005 1.00577576 0.00335258586 3.72222222
269 996 1.00218196 0.00334060654 3.70260223
269 996 1.00221727 0.00334072422 3.70260223
269 996 1.00219278 0.00334064261 3.70260223
269 996 1.00212575 0.00334041917 3.70260223
269 996 1.00209802 0.00334032672 3.70260223
269 996 1.00211194 0.00334037313 3.70260223
269 996 1.0021647 0.003340549 3.70260223
269 996 1.00220135 0.00334067117 3.70260223
269 996 1.00221697 0.00334072322 3.70260223
269 996 1.00222424 0.00334074748 3.70260223
268 986 0.997152893 0.00332384298 3.67910448
268 986 0.997250615 0.00332416872 3.67910448
268 986 0.997097204 0.00332365735 3.67910448
268 992 0.996908819 0.0033230294 3.70149254
268 986 0.994602478 0.00331534159 3.67910448
268 991 0.996335981 0.00332111994 3.69776119
268 991 0.996356567 0.00332118856 3.69776119
268 991 0.996322562 0.00332107521 3.69776119
268 991 0.996331057 0.00332110352 3.69776119
268 991 0.996330572 0.00332110191 3.69776119
267 982 0.992766927 0.00330922309 3.67790262
267 982 0.992796211 0.0033093207 3.67790262
267 982 0.992765635 0.00330921878 3.67790262
267 982 0.992719825 0.00330906608 3.67790262
267 982 0.99272057 0.00330906857 3.67790262
267 982 0.992734793 0.00330911598 3.67790262
267 982 0.992770097 0.00330923366 3.67790262
267 982 0.992789044 0.00330929681 3.67790262
267 982 0.992794563 0.00330931521 3.67790262
267 982 0.992799023 0.00330933008 3.67790262
266 972 0.988306763 0.00329435588 3.65413534
266 972 0.988345499 0.003294485 3.65413534
266 972 0.988394135 0.00329464712 3.65413534
266 972 0.98837217 0.0032945739 3.65413534
266 972 0.988311203 0.00329437068 3.65413534
266 972 0.98820906 0.0032940302 3.65413534
266 972 0.988099001 0.00329366334 3.65413534
266 972 0.988130957 0.00329376986 3.65413534
266 972 0.988238255 0.00329412752 3.65413534
266 972 0.988455451 0.0032948515 3.65413534
265 965 0.985115233 0.00328371744 3.64150943
265 965 0.984991519 0.00328330506 3.64150943
265 965 0.985027309 0.00328342436 3.64150943
265 965 0.98505009 0.0032835003 3.64150943
265 965 0.984910651 0.0032830355 3.64150943
265 965 0.983405965 0.00327801988 3.64150943
265 965 0.983255037 0.00327751679 3.64150943
265 966 0.983244654 0.00327748218 3.64528302
265 965 0.98321618 0.00327738727 3.64150943
265 966 0.983243389 0.00327747796 3.64528302
264 959 0.978570208 0.00326190069 3.63257576
264 959 0.978636514 0.00326212171 3.63257576
264 959 0.978665697 0.00326221899 3.63257576
264 959 0.978575169 0.00326191723 3.63257576
264 959 0.978673292 0.00326224431 3.63257576
264 959 0.978637874 0.00326212625 3.63257576
264 959 0.978666738 0.00326222246 3.63257576
264 959 0.978665304 0.00326221768 3.63257576
264 959 0.978658055 0.00326219352 3.63257576
264 959 0.978621179 0.0032620706 3.63257576
263 952 0.975540739 0.00325180246 3.61977186
263 952 0.97554432 0.0032518144 3.61977186
263 952 0.975500067 0.00325166689 3.61977186
263 952 0.975539347 0.00325179782 3.61977186
263 952 0.975542183 0.00325180728 3.61977186
263 952 0.975540825 0.00325180275 3.61977186
263 952 0.97553589 0.0032517863 3.61977186
263 952 0.975536135 0.00325178712 3.61977186
263 952 0.975537525 0.00325179175 3.61977186
263 952 0.975537678 0.00325179226 3.61977186
262 944 0.971247737 0.00323749246 3.60305344
262 944 0.971241982 0.00323747327 3.60305344
262 944 0.971242677 0.00323747559 3.60305344
262 944 0.9710003 0.00323666767 3.60305344
262 944 0.971243245 0.00323747748 3.60305344
262 944 0.971244848 0.00323748283 3.60305344
262 944 0.971300642 0.00323766881 3.60305344
262 944 0.971204335 0.00323734778 3.60305344
262 944 0.971209105 0.00323736368 3.60305344
262 944 0.971266804 0.00323755601 3.60305344
261 936 0.966828197 0.00322276066 3.5862069
261 936 0.966783232 0.00322261077 3.5862069
261 936 0.966730011 0.00322243337 3.5862069
261 936 0.966731156 0.00322243719 3.5862069
261 936 0.96674976 0.0032224992 3.5862069
261 936 0.96682543 0.00322275143 3.5862069
261 936 0.966813354 0.00322271118 3.5862069
261 936 0.966797345 0.00322265782 3.5862069
261 936 0.966805176 0.00322268392 3.5862069
261 936 0.96680872 0.00322269573 3.5862069
260 928 0.961586298 0.00320528766 3.56923077
260 928 0.961595594 0.00320531865 3.56923077
260 928 0.961554253 0.00320518084 3.56923077
260 928 0.961551733 0.00320517244 3.56923077
260 928 0.961575995 0.00320525332 3.56923077
260 928 0.961547599 0.00320515866 3.56923077
260 928 0.961520113 0.00320506704 3.56923077
260 928 0.961535641 0.0032051188 3.56923077
260 928 0.961598327 0.00320532776 3.56923077
260 928 0.961553266 0.00320517755 3.56923077
259 922 0.955904686 0.00318634895 3.55984556
259 922 0.95593407 0.0031864469 3.55984556
259 922 0.95587235 0.00318624117 3.55984556
258 914 0.954480813 0.00318160271 3.54263566
258 914 0.954502329 0.00318167443 3.54263566
258 914 0.954519507 0.00318173169 3.54263566
258 914 0.954501394 0.00318167131 3.54263566
258 914 0.954493132 0.00318164377 3.54263566
258 914 0.954494088 0.00318164696 3.54263566
258 914 0.954482096 0.00318160699 3.54263566
257 908 0.94884971 0.00316283237 3.53307393
257 908 0.948834576 0.00316278192 3.53307393
257 908 0.948816059 0.0031627202 3.53307393
257 908 0.948857306 0.00316285769 3.53307393
257 908 0.948851748 0.00316283916 3.53307393
257 908 0.948841396 0.00316280465 3.53307393
257 908 0.94883196 0.0031627732 3.53307393
257 908 0.948846585 0.00316282195 3.53307393
257 908 0.948835201 0.003162784 3.53307393
257 908 0.948837347 0.00316279116 3.53307393
256 900 0.944858119 0.00314952706 3.515625
256 900 0.944877339 0.00314959113 3.515625
256 900 0.944888647 0.00314962882 3.515625
256 900 0.944875283 0.00314958428 3.515625
256 900 0.944866695 0.00314955565 3.515625
256 900 0.944872463 0.00314957488 3.515625
256 900 0.944872477 0.00314957492 3.515625
256 900 0.944874574 0.00314958191 3.515625
256 900 0.944873926 0.00314957975 3.515625
256 900 0.944874941 0.00314958314 3.515625
255 897 0.944359421 0.00314786474 3.51764706
255 897 0.944386106 0.00314795369 3.51764706
255 897 0.944380187 0.00314793396 3.51764706
255 897 0.944392946 0.00314797649 3.51764706
255 897 0.94438836 0.0031479612 3.51764706
255 897 0.944387943 0.00314795981 3.51764706
255 897 0.944387204 0.00314795735 3.51764706
255 897 0.944387054 0.00314795685 3.51764706
255 897 0.94438803 0.0031479601 3.51764706
255 897 0.944388121 0.0031479604 3.51764706
254 896 0.93951488 0.00313171627 3.52755906
254 896 0.939496069 0.00313165356 3.52755906
254 896 0.939447751 0.0031314925 3.52755906
254 890 0.937092802 0.00312364267 3.50393701
254 892 0.932768354 0.00310922785 3.51181102
254 897 0.935992795 0.00311997598 3.53149606
254 890 0.937167188 0.00312389063 3.50393701
254 890 0.937167918 0.00312389306 3.50393701
254 890 0.937166754 0.00312388918 3.50393701
254 890 0.937163124 0.00312387708 3.50393701
253 889 0.93234577 0.00310781923 3.51383399
253 889 0.932341496 0.00310780499 3.51383399
253 889 0.932272875 0.00310757625 3.51383399
253 889 0.932296744 0.00310765581 3.51383399
253 889 0.932327473 0.00310775824 3.51383399
253 889 0.932314189 0.00310771396 3.51383399
253 889 0.932329071 0.00310776357 3.51383399
253 889 0.932329522 0.00310776507 3.51383399
253 889 0.932314655 0.00310771552 3.51383399
253 889 0.932320366 0.00310773455 3.51383399
252 884 0.926269587 0.00308756529 3.50793651
252 884 0.926190668 0.00308730223 3.50793651
252 879 0.924394821 0.00308131607 3.48809524
252 871 0.924568622 0.00308189541 3.45634921
252 869 0.919315863 0.00306438621 3.4484127
252 873 0.925502666 0.00308500889 3.46428571
251 866 0.918774801 0.00306258267 3.4501992
251 866 0.918991692 0.00306330564 3.4501992
251 866 0.918912778 0.00306304259 3.4501992
251 870 0.919943794 0.00306647931 3.46613546
250 865 0.914364654 0.00304788218 3.46
250 865 0.914446069 0.00304815356 3.46
250 865 0.914334329 0.0030477811 3.46
250 860 0.91211954 0.00304039847 3.44
250 858 0.907972943 0.00302657648 3.432
250 856 0.911788655 0.00303929552 3.424
250 854 0.905574781 0.0030185826 3.416
250 861 0.904653842 0.00301551281 3.444
250 863 0.907738302 0.00302579434 3.452
250 858 0.907834563 0.00302611521 3.432
249 855 0.907440765 0.00302480255 3.43373494
249 855 0.907358643 0.00302452881 3.43373494
249 853 0.901185086 0.00300395029 3.42570281
249 855 0.907413834 0.00302471278 3.43373494
249 855 0.907477811 0.00302492604 3.43373494
249 855 0.907438459 0.00302479486 3.43373494
249 855 0.907431404 0.00302477135 3.43373494
249 855 0.90744921 0.0030248307 3.43373494
249 855 0.907445047 0.00302481682 3.43373494
249 855 0.907442686 0.00302480895 3.43373494
248 850 0.900885604 0.00300295201 3.42741935
248 850 0.900897405 0.00300299135 3.42741935
248 850 0.900804413 0.00300268138 3.42741935
248 850 0.900820552 0.00300273517 3.42741935
248 850 0.900747854 0.00300249285 3.42741935
248 850 0.90072617 0.00300242057 3.42741935
248 850 0.900770395 0.00300256798 3.42741935
248 850 0.900722992 0.00300240997 3.42741935
248 850 0.90078672 0.0030026224 3.42741935
248 850 0.900736732 0.00300245577 3.42741935
247 841 0.893852844 0.00297950948 3.4048583
247 841 0.893795161 0.0029793172 3.4048583
247 843 0.893696747 0.00297898916 3.41295547
247 841 0.89381986 0.00297939953 3.4048583
247 843 0.893814839 0.0029793828 3.41295547
247 843 0.893634553 0.00297878184 3.41295547
247 843 0.893582223 0.00297860741 3.41295547
247 841 0.893900638 0.00297966879 3.4048583
247 841 0.893879537 0.00297959846 3.4048583
247 841 0.893923038 0.00297974346 3.4048583
246 834 0.887373317 0.00295791106 3.3902439
246 834 0.887021295 0.00295673765 3.3902439
246 834 0.887986433 0.00295995478 3.3902439
246 834 0.88710816 0.0029570272 3.3902439
246 834 0.887049318 0.00295683106 3.3902439
246 834 0.887040995 0.00295680332 3.3902439
246 834 0.887088367 0.00295696122 3.3902439
246 834 0.887079 0.00295693 3.3902439
246 834 0.887016881 0.00295672294 3.3902439
246 834 0.88702867 0.00295676223 3.3902439
245 830 0.88058587 0.00293528623 3.3877551
244 825 0.880554445 0.00293518148 3.38114754
244 825 0.880597916 0.00293532639 3.38114754
244 825 0.880522091 0.00293507364 3.38114754
244 825 0.880573258 0.00293524419 3.38114754
244 825 0.880571407 0.00293523802 3.38114754
244 825 0.880553712 0.00293517904 3.38114754
244 825 0.880569998 0.00293523333 3.38114754
244 825 0.880574968 0.00293524989 3.38114754
244 825 0.880571986 0.00293523995 3.38114754
243 820 0.874732907 0.00291577636 3.3744856
243 820 0.874736712 0.00291578904 3.3744856
243 818 0.874985167 0.00291661722 3.36625514
243 820 0.87472676 0.00291575587 3.3744856
243 820 0.874741901 0.00291580634 3.3744856
243 820 0.87474284 0.00291580947 3.3744856
243 820 0.874732603 0.00291577534 3.3744856
243 820 0.874758248 0.00291586083 3.3744856
243 820 0.87475226 0.00291584087 3.3744856
243 820 0.874739966 0.00291579989 3.3744856
242 813 0.869326212 0.00289775404 3.35950413
242 813 0.869302936 0.00289767645 3.35950413
242 815 0.867377838 0.00289125946 3.3677686
242 813 0.869343511 0.0028978117 3.35950413
242 813 0.869402274 0.00289800758 3.35950413
242 813 0.869362273 0.00289787424 3.35950413
242 813 0.869570684 0.00289856895 3.35950413
242 813 0.869109501 0.00289703167 3.35950413
242 813 0.869195239 0.00289731746 3.35950413
242 813 0.869350488 0.00289783496 3.35950413
241 808 0.862257937 0.00287419312 3.3526971
241 808 0.862349025 0.00287449675 3.3526971
241 808 0.862587498 0.00287529166 3.3526971
241 808 0.862711078 0.00287570359 3.3526971
241 808 0.862232458 0.00287410819 3.3526971
241 808 0.862359737 0.00287453246 3.3526971
241 808 0.862214291 0.00287404764 3.3526971
241 808 0.862565309 0.0028752177 3.3526971
241 808 0.862663532 0.00287554511 3.3526971
241 808 0.86300485 0.00287668283 3.3526971
240 800 0.855285483 0.00285095161 3.33333333
240 802 0.855307635 0.00285102545 3.34166667
240 802 0.855179515 0.00285059838 3.34166667
240 802 0.855123215 0.00285041072 3.34166667
240 802 0.855116288 0.00285038763 3.34166667
240 802 0.855170475 0.00285056825 3.34166667
240 802 0.85510805 0.00285036017 3.34166667
240 802 0.855062862 0.00285020954 3.34166667
240 802 0.855170227 0.00285056742 3.34166667
240 802 0.85509617 0.00285032057 3.34166667
239 794 0.847857263 0.00282619088 3.32217573
239 794 0.847653934 0.00282551311 3.32217573
239 798 0.848828433 0.00282942811 3.33891213
239 799 0.85077137 0.00283590457 3.34309623
239 800 0.854520754 0.00284840251 3.34728033
239 801 0.857256776 0.00285752259 3.35146444
239 801 0.856300108 0.00285433369 3.35146444
239 805 0.856541264 0.00285513755 3.36820084
239 801 0.853862218 0.00284620739 3.35146444
239 797 0.850826865 0.00283608955 3.33472803
238 796 0.850816037 0.00283605346 3.34453782
238 796 0.850870504 0.00283623501 3.34453782
238 796 0.85078481 0.00283594937 3.34453782
238 796 0.850880772 0.00283626924 3.34453782
238 796 0.850736185 0.00283578728 3.34453782
238 796 0.850733964 0.00283577988 3.34453782
238 796 0.850937777 0.00283645926 3.34453782
238 796 0.850705854 0.00283568618 3.34453782
238 796 0.850855277 0.00283618426 3.34453782
238 796 0.850876425 0.00283625475 3.34453782
237 788 0.843733809 0.00281244603 3.32489451
237 790 0.843424881 0.00281141627 3.33333333
237 788 0.843654953 0.00281218318 3.32489451
237 788 0.843869057 0.00281289686 3.32489451
237 788 0.843689263 0.00281229754 3.32489451
237 790 0.843697083 0.00281232361 3.33333333
237 790 0.843558592 0.00281186197 3.33333333
237 790 0.84364131 0.0028121377 3.33333333
237 790 0.843480795 0.00281160265 3.33333333
237 790 0.843440633 0.00281146878 3.33333333
236 782 0.836625012 0.00278875004 3.31355932
236 782 0.836506207 0.00278835402 3.31355932
236 782 0.836393175 0.00278797725 3.31355932
236 782 0.836442768 0.00278814256 3.31355932
236 782 0.836385492 0.00278795164 3.31355932
236 782 0.83653753 0.00278845843 3.31355932
236 782 0.836536046 0.00278845349 3.31355932
236 782 0.836649815 0.00278883272 3.31355932
236 782 0.836637776 0.00278879259 3.31355932
236 782 0.836600566 0.00278866855 3.31355932
235 777 0.828932929 0.00276310976 3.30638298
235 777 0.828943675 0.00276314558 3.30638298
235 777 0.828994133 0.00276331378 3.30638298
235 777 0.828907932 0.00276302644 3.30638298
235 777 0.828996537 0.00276332179 3.30638298
235 777 0.828935016 0.00276311672 3.30638298
235 777 0.828939743 0.00276313248 3.30638298
235 777 0.828980364 0.00276326788 3.30638298
235 777 0.828933198 0.00276311066 3.30638298
235 777 0.828975758 0.00276325253 3.30638298
234 769 0.82058069 0.00273526897 3.28632479
234 773 0.81988637 0.00273295457 3.3034188
234 770 0.825002714 0.00275000905 3.29059829
234 774 0.824752476 0.00274917492 3.30769231
234 772 0.82470564 0.0027490188 3.2991453
234 770 0.824764227 0.00274921409 3.29059829
234 772 0.82458545 0.00274861817 3.2991453
234 774 0.824590324 0.00274863441 3.30769231
234 772 0.824635991 0.00274878664 3.2991453
234 772 0.824667066 0.00274889022 3.2991453
233 766 0.818238128 0.00272746043 3.28755365
233 766 0.817926781 0.0027264226 3.28755365
233 766 0.81800324 0.00272667747 3.28755365
233 766 0.817945824 0.00272648608 3.28755365
233 766 0.817961187 0.00272653729 3.28755365
233 766 0.817921055 0.00272640352 3.28755365
233 766 0.817947334 0.00272649111 3.28755365
233 766 0.817913736 0.00272637912 3.28755365
233 766 0.817935718 0.00272645239 3.28755365
233 766 0.817910906 0.00272636969 3.28755365
232 761 0.810760423 0.00270253474 3.28017241
232 761 0.810553503 0.00270184501 3.28017241
232 761 0.810567434 0.00270189145 3.28017241
232 761 0.810568443 0.00270189481 3.28017241
232 761 0.810583475 0.00270194492 3.28017241
232 761 0.810575666 0.00270191889 3.28017241
232 761 0.810565275 0.00270188425 3.28017241
232 761 0.810577455 0.00270192485 3.28017241
232 761 0.810576186 0.00270192062 3.28017241
232 761 0.810569997 0.00270189999 3.28017241
231 755 0.803668306 0.00267889435 3.26839827
231 756 0.80282575 0.00267608583 3.27272727
231 754 0.805637283 0.00268545761 3.26406926
231 754 0.805651994 0.00268550665 3.26406926
231 754 0.808068399 0.00269356133 3.26406926
231 752 0.807484658 0.00269161553 3.25541126
231 756 0.807830639 0.0026927688 3.27272727
231 753 0.807170888 0.00269056963 3.25974026
231 751 0.801791546 0.00267263849 3.25108225
231 753 0.804540112 0.00268180037 3.25974026
230 748 0.801669473 0.00267223158 3.25217391
230 748 0.801725154 0.00267241718 3.25217391
230 748 0.801707915 0.00267235972 3.25217391
230 748 0.801701902 0.00267233967 3.25217391
230 748 0.801696492 0.00267232164 3.25217391
230 748 0.801704906 0.00267234969 3.25217391
230 748 0.801701484 0.00267233828 3.25217391
230 748 0.801700679 0.0026723356 3.25217391
230 748 0.801704271 0.00267234757 3.25217391
230 748 0.801702917 0.00267234306 3.25217391
229 742 0.795261269 0.0026508709 3.24017467
229 744 0.794553395 0.00264851132 3.2489083
229 742 0.795381756 0.00265127252 3.24017467
229 742 0.795181961 0.00265060654 3.24017467
229 742 0.794977682 0.00264992561 3.24017467
229 742 0.795097184 0.00265032395 3.24017467
229 742 0.795075953 0.00265025318 3.24017467
229 742 0.795229473 0.00265076491 3.24017467
229 742 0.795213273 0.00265071091 3.24017467
229 742 0.795296322 0.00265098774 3.24017467
228 738 0.788293047 0.00262764349 3.23684211
228 738 0.788146074 0.00262715358 3.23684211
228 738 0.7882239 0.002627413 3.23684211
228 738 0.788189599 0.00262729866 3.23684211
228 738 0.788217257 0.00262739086 3.23684211
228 738 0.788180636 0.00262726879 3.23684211
228 738 0.78824671 0.00262748903 3.23684211
228 738 0.78821106 0.0026273702 3.23684211
228 738 0.788196663 0.00262732221 3.23684211
228 738 0.788267359 0.00262755786 3.23684211
227 734 0.781221519 0.00260407173 3.23348018
227 734 0.781093286 0.00260364429 3.23348018
227 734 0.781192857 0.00260397619 3.23348018
227 734 0.781059601 0.002603532 3.23348018
227 734 0.780955978 0.00260318659 3.23348018
227 734 0.780936626 0.00260312209 3.23348018
227 734 0.781191957 0.00260397319 3.23348018
227 734 0.781428736 0.00260476245 3.23348018
227 734 0.781417521 0.00260472507 3.23348018
227 734 0.781480288 0.00260493429 3.23348018
226 728 0.773639597 0.00257879866 3.22123894
226 730 0.775390139 0.0025846338 3.2300885
226 728 0.780147368 0.00260049123 3.22123894
226 728 0.780062764 0.00260020921 3.22123894
226 728 0.780054633 0.00260018211 3.22123894
226 728 0.780066889 0.00260022296 3.22123894
226 728 0.780055299 0.00260018433 3.22123894
226 728 0.780079937 0.00260026646 3.22123894
226 728 0.780049722 0.00260016574 3.22123894
226 728 0.780082012 0.00260027337 3.22123894
225 724 0.773372512 0.00257790837 3.21777778
225 724 0.773368837 0.00257789612 3.21777778
225 724 0.77365211 0.00257884037 3.21777778
225 724 0.773511249 0.00257837083 3.21777778
225 724 0.773486921 0.00257828974 3.21777778
225 724 0.773577295 0.00257859098 3.21777778
225 724 0.77353976 0.00257846587 3.21777778
225 724 0.773514832 0.00257838277 3.21777778
225 724 0.773554644 0.00257851548 3.21777778
225 724 0.773551572 0.00257850524 3.21777778
224 717 0.765619476 0.00255206492 3.20089286
224 715 0.762440653 0.00254146884 3.19196429
224 717 0.765532515 0.00255177505 3.20089286
224 717 0.765412204 0.00255137401 3.20089286
224 717 0.765510428 0.00255170143 3.20089286
224 717 0.765531039 0.00255177013 3.20089286
224 717 0.765396808 0.00255132269 3.20089286
224 717 0.765464419 0.00255154806 3.20089286
224 717 0.765487463 0.00255162488 3.20089286
224 717 0.765567456 0.00255189152 3.20089286
223 708 0.758789557 0.00252929852 3.17488789
223 708 0.758617538 0.00252872513 3.17488789
223 708 0.758739331 0.0025291311 3.17488789
223 708 0.758891425 0.00252963808 3.17488789
223 708 0.758661801 0.00252887267 3.17488789
223 708 0.758762357 0.00252920786 3.17488789
223 708 0.758893107 0.00252964369 3.17488789
223 708 0.758820406 0.00252940135 3.17488789
223 708 0.758610267 0.00252870089 3.17488789
223 708 0.758800174 0.00252933391 3.17488789
222 700 0.750348744 0.00250116248 3.15315315
222 700 0.750494327 0.00250164776 3.15315315
222 700 0.7504567 0.00250152233 3.15315315
222 700 0.750537171 0.00250179057 3.15315315
222 700 0.750472326 0.00250157442 3.15315315
222 700 0.750450076 0.00250150025 3.15315315
222 700 0.750447733 0.00250149244 3.15315315
222 700 0.750472021 0.0025015734 3.15315315
222 700 0.750423691 0.0025014123 3.15315315
222 700 0.750467662 0.00250155887 3.15315315
221 697 0.750389771 0.00250129924 3.15384615
221 697 0.750593491 0.0025019783 3.15384615
221 697 0.750421559 0.0025014052 3.15384615
221 697 0.750441164 0.00250147055 3.15384615
221 697 0.750465035 0.00250155012 3.15384615
221 697 0.750491427 0.00250163809 3.15384615
221 697 0.750563883 0.00250187961 3.15384615
221 697 0.750416122 0.00250138707 3.15384615
221 697 0.741207822 0.00247069274 3.15384615
221 697 0.74127132 0.0024709044 3.15384615
220 694 0.741231326 0.00247077109 3.15454545
220 694 0.741165977 0.00247055326 3.15454545
220 694 0.74061579 0.0024687193 3.15454545
220 694 0.741244757 0.00247081586 3.15454545
220 693 0.731120526 0.00243706842 3.15
220 694 0.740242932 0.00246747644 3.15454545
220 694 0.74143314 0.0024714438 3.15454545
220 694 0.741271493 0.00247090498 3.15454545
220 694 0.741260554 0.00247086851 3.15454545
220 694 0.741025631 0.00247008544 3.15454545
219 687 0.732173815 0.00244057938 3.1369863
219 688 0.733974019 0.00244658006 3.14155251
219 684 0.738521281 0.0024617376 3.12328767
219 681 0.734452008 0.00244817336 3.10958904
219 682 0.737646784 0.00245882261 3.11415525
219 682 0.737311022 0.00245770341 3.11415525
219 682 0.737506326 0.00245835442 3.11415525
219 682 0.737795657 0.00245931886 3.11415525
219 682 0.737772562 0.00245924187 3.11415525
219 682 0.737508967 0.00245836322 3.11415525
218 674 0.729775961 0.00243258654 3.09174312
218 674 0.729753025 0.00243251008 3.09174312
218 674 0.729679761 0.00243226587 3.09174312
218 674 0.729407147 0.00243135716 3.09174312
218 674 0.729531447 0.00243177149 3.09174312
218 674 0.729755152 0.00243251717 3.09174312
218 674 0.729759764 0.00243253255 3.09174312
218 674 0.729613319 0.0024320444 3.09174312
218 674 0.729516424 0.00243172141 3.09174312
218 674 0.729605149 0.00243201716 3.09174312
217 671 0.729688906 0.00243229635 3.0921659
217 671 0.729681738 0.00243227246 3.0921659
217 671 0.729590966 0.00243196989 3.0921659
217 671 0.729628007 0.00243209336 3.0921659
217 671 0.729629023 0.00243209674 3.0921659
217 671 0.729662829 0.00243220943 3.0921659
217 671 0.729675981 0.00243225327 3.0921659
217 671 0.729645761 0.00243215254 3.0921659
217 671 0.729685036 0.00243228345 3.0921659
217 671 0.729638664 0.00243212888 3.0921659
216 668 0.720357303 0.00240119101 3.09259259
216 668 0.719891544 0.00239963848 3.09259259
216 668 0.720945168 0.00240315056 3.09259259
216 668 0.720367869 0.00240122623 3.09259259
216 668 0.72018629 0.00240062097 3.09259259
216 667 0.719597986 0.00239865995 3.08796296
216 667 0.719543273 0.00239847758 3.08796296
216 667 0.719619547 0.00239873182 3.08796296
216 667 0.719338018 0.00239779339 3.08796296
216 667 0.719402278 0.00239800759 3.08796296
215 664 0.709983098 0.00236661033 3.08837209
215 664 0.709945153 0.00236648384 3.08837209
215 664 0.709834664 0.00236611555 3.08837209
215 664 0.709985781 0.00236661927 3.08837209
215 664 0.709927955 0.00236642652 3.08837209
215 664 0.709670296 0.00236556765 3.08837209
215 664 0.710153171 0.00236717724 3.08837209
215 664 0.709713525 0.00236571175 3.08837209
215 664 0.710081721 0.00236693907 3.08837209
215 664 0.709795437 0.00236598479 3.08837209
214 659 0.700541578 0.00233513859 3.07943925
214 659 0.700181893 0.00233393964 3.07943925
214 659 0.700191814 0.00233397271 3.07943925
214 659 0.700623421 0.0023354114 3.07943925
214 659 0.700051952 0.00233350651 3.07943925
214 659 0.700083611 0.00233361204 3.07943925
214 659 0.700322098 0.00233440699 3.07943925
214 659 0.700361244 0.00233453748 3.07943925
214 659 0.700118687 0.00233372896 3.07943925
214 659 0.700162855 0.00233387618 3.07943925
213 654 0.690922466 0.00230307489 3.07042254
213 653 0.688877027 0.00229625676 3.0657277
213 653 0.697254909 0.00232418303 3.0657277
213 653 0.697019907 0.00232339969 3.0657277
213 653 0.697253231 0.00232417744 3.0657277
213 653 0.697181241 0.00232393747 3.0657277
213 653 0.697079366 0.00232359789 3.0657277
213 653 0.697088052 0.00232362684 3.0657277
213 653 0.697109085 0.00232369695 3.0657277
213 653 0.697114691 0.00232371564 3.0657277
212 647 0.691084847 0.00230361616 3.05188679
212 646 0.686723271 0.00228907757 3.04716981
212 643 0.69580727 0.00231935757 3.03301887
212 643 0.695710146 0.00231903382 3.03301887
212 643 0.695681107 0.00231893702 3.03301887
212 643 0.695707532 0.00231902511 3.03301887
212 643 0.695697209 0.0023189907 3.03301887
212 643 0.695728894 0.00231909631 3.03301887
212 643 0.69570661 0.00231902203 3.03301887
212 643 0.695702458 0.00231900819 3.03301887
211 640 0.686350618 0.00228783539 3.03317536
211 640 0.686323269 0.00228774423 3.03317536
211 640 0.686394302 0.00228798101 3.03317536
211 640 0.686248044 0.00228749348 3.03317536
211 640 0.686400055 0.00228800018 3.03317536
211 640 0.686328304 0.00228776101 3.03317536
211 640 0.686355877 0.00228785292 3.03317536
211 640 0.686327408 0.00228775803 3.03317536
211 640 0.686367286 0.00228789095 3.03317536
211 640 0.686388329 0.0022879611 3.03317536
210 634 0.676707274 0.00225569091 3.01904762
209 632 0.672721358 0.00224240453 3.02392344
209 632 0.672806804 0.00224268935 3.02392344
209 632 0.672847543 0.00224282514 3.02392344
209 632 0.672832681 0.0022427756 3.02392344
209 632 0.673009644 0.00224336548 3.02392344
209 632 0.672930095 0.00224310032 3.02392344
209 632 0.673016018 0.00224338673 3.02392344
209 632 0.673000364 0.00224333455 3.02392344
209 632 0.673086498 0.00224362166 3.02392344
208 627 0.66373924 0.00221246413 3.01442308
208 627 0.663540511 0.0022118017 3.01442308
208 624 0.662469876 0.00220823292 3
208 624 0.66247744 0.00220825813 3
208 624 0.662659972 0.00220886657 3
208 624 0.662554959 0.00220851653 3
208 624 0.662535273 0.00220845091 3
208 624 0.662487181 0.0022082906 3
208 624 0.662504768 0.00220834923 3
208 624 0.662542214 0.00220847405 3
207 619 0.653819097 0.00217939699 2.99033816
207 619 0.653776183 0.00217925394 2.99033816
207 619 0.65382624 0.0021794208 2.99033816
207 619 0.653857364 0.00217952455 2.99033816
207 619 0.653895808 0.00217965269 2.99033816
207 619 0.653870799 0.00217956933 2.99033816
207 619 0.653861348 0.00217953783 2.99033816
207 619 0.65386719 0.0021795573 2.99033816
207 619 0.653879747 0.00217959916 2.99033816
207 619 0.653870429 0.0021795681 2.99033816
206 614 0.642928924 0.00214309641 2.98058252
205 609 0.635971111 0.0021199037 2.97073171
205 609 0.633854481 0.00211284827 2.97073171
205 609 0.635910955 0.00211970318 2.97073171
205 609 0.635787858 0.00211929286 2.97073171
205 612 0.636518992 0.00212172997 2.98536585
205 612 0.636393949 0.00212131316 2.98536585
205 612 0.63641966 0.00212139887 2.98536585
205 612 0.636400478 0.00212133493 2.98536585
205 612 0.636409339 0.00212136446 2.98536585
204 604 0.626168763 0.00208722921 2.96078431
204 604 0.625992198 0.00208664066 2.96078431
204 604 0.626179781 0.00208726594 2.96078431
204 604 0.625589366 0.00208529789 2.96078431
204 604 0.626246138 0.00208748713 2.96078431
204 604 0.625885273 0.00208628424 2.96078431
204 604 0.62523134 0.00208410447 2.96078431
204 604 0.625527543 0.00208509181 2.96078431
204 605 0.625589466 0.00208529822 2.96568627
204 605 0.625329977 0.00208443326 2.96568627
203 597 0.615039884 0.00205013295 2.9408867
203 597 0.614809497 0.00204936499 2.9408867
203 597 0.614762048 0.00204920683 2.9408867
203 597 0.61485659 0.00204952197 2.9408867
203 597 0.615368476 0.00205122825 2.9408867
203 597 0.614877546 0.00204959182 2.9408867
203 597 0.614817944 0.00204939315 2.9408867
203 597 0.615417635 0.00205139212 2.9408867
203 597 0.615000709 0.00205000236 2.9408867
203 597 0.61453139 0.00204843797 2.9408867
202 593 0.602779183 0.00200926394 2.93564356
202 593 0.601240777 0.00200413592 2.93564356
202 594 0.6038905 0.00201296833 2.94059406
202 597 0.604508501 0.00201502834 2.95544554
202 598 0.605750143 0.00201916714 2.96039604
202 598 0.605650784 0.00201883595 2.96039604
202 598 0.605713333 0.00201904444 2.96039604
202 598 0.605379561 0.00201793187 2.96039604
202 598 0.605563362 0.00201854454 2.96039604
202 598 0.60566324 0.00201887747 2.96039604
201 591 0.595667891 0.00198555964 2.94029851
201 591 0.595651941 0.00198550647 2.94029851
201 591 0.595568144 0.00198522715 2.94029851
201 591 0.595585999 0.00198528666 2.94029851
201 591 0.595541546 0.00198513849 2.94029851
201 591 0.59556796 0.00198522653 2.94029851
201 591 0.5955601 0.00198520033 2.94029851
201 591 0.595561898 0.00198520633 2.94029851
201 591 0.595564327 0.00198521442 2.94029851
201 591 0.59556073 0.00198520243 2.94029851
200 583 0.585179261 0.00195059754 2.915
200 583 0.585168637 0.00195056212 2.915
200 583 0.585408105 0.00195136035 2.915
200 586 0.584194609 0.00194731536 2.93
199 582 0.583873161 0.00194624387 2.92462312
199 586 0.595314454 0.00198438151 2.94472362
199 586 0.594815546 0.00198271849 2.94472362
199 586 0.594586203 0.00198195401 2.94472362
199 586 0.594396128 0.00198132043 2.94472362
199 586 0.594496732 0.00198165577 2.94472362
198 578 0.584827312 0.00194942437 2.91919192
198 578 0.584709992 0.00194903331 2.91919192
198 578 0.584850956 0.00194950319 2.91919192
198 578 0.584446214 0.00194815405 2.91919192
198 578 0.584822573 0.00194940858 2.91919192
198 578 0.585129135 0.00195043045 2.91919192
198 578 0.58363831 0.00194546103 2.91919192
198 578 0.584581998 0.00194860666 2.91919192
198 578 0.584607654 0.00194869218 2.91919192
198 578 0.584716167 0.00194905389 2.91919192
197 574 0.573125082 0.00191041694 2.91370558
197 576 0.568719869 0.0018957329 2.92385787
197 580 0.573933764 0.00191311255 2.94416244
197 583 0.574744292 0.00191581431 2.95939086
196 576 0.574988523 0.00191662841 2.93877551
196 575 0.581139067 0.00193713022 2.93367347
195 570 0.577635055 0.00192545018 2.92307692
195 569 0.578658454 0.00192886151 2.91794872
194 566 0.578481035 0.00192827012 2.91752577
194 566 0.570970317 0.00190323439 2.91752577
193 561 0.564096941 0.00188032314 2.90673575
193 561 0.563965486 0.00187988495 2.90673575
193 561 0.563939981 0.00187979994 2.90673575
193 561 0.563960346 0.00187986782 2.90673575
193 561 0.563981207 0.00187993736 2.90673575
193 561 0.564019366 0.00188006455 2.90673575
193 561 0.564070763 0.00188023588 2.90673575
193 561 0.56409924 0.0018803308 2.90673575
193 561 0.564068279 0.0018802276 2.90673575
193 561 0.564006072 0.00188002024 2.90673575
192 558 0.56406398 0.00188021327 2.90625
192 558 0.56370424 0.00187901413 2.90625
192 558 0.563902502 0.00187967501 2.90625
192 558 0.564027351 0.00188009117 2.90625
192 558 0.564225376 0.00188075125 2.90625
192 558 0.563833207 0.00187944402 2.90625
192 558 0.563994906 0.00187998302 2.90625
192 558 0.564185825 0.00188061942 2.90625
192 558 0.563996753 0.00187998918 2.90625
192 558 0.563882412 0.00187960804 2.90625
191 550 0.553869942 0.00184623314 2.87958115
191 550 0.553663703 0.00184554568 2.87958115
191 550 0.55165404 0.0018388468 2.87958115
191 550 0.552595511 0.00184198504 2.87958115
191 551 0.553860371 0.00184620124 2.88481675
191 551 0.5539252 0.00184641733 2.88481675
191 551 0.553777048 0.00184592349 2.88481675
191 551 0.553816082 0.00184605361 2.88481675
191 551 0.553936316 0.00184645439 2.88481675
191 551 0.553978032 0.00184659344 2.88481675
190 543 0.543736522 0.00181245507 2.85789474
190 543 0.543601332 0.00181200444 2.85789474
190 543 0.543595391 0.00181198464 2.85789474
190 543 0.543815426 0.00181271809 2.85789474
190 543 0.543579141 0.00181193047 2.85789474
190 543 0.543800268 0.00181266756 2.85789474
190 543 0.543551725 0.00181183908 2.85789474
190 543 0.543879967 0.00181293322 2.85789474
190 543 0.543672834 0.00181224278 2.85789474
190 543 0.543325159 0.00181108386 2.85789474
189 538 0.532171296 0.00177390432 2.84656085
189 541 0.532017424 0.00177339141 2.86243386
189 538 0.531822682 0.00177274227 2.84656085
189 538 0.531915742 0.00177305247 2.84656085
189 538 0.532272459 0.00177424153 2.84656085
189 537 0.532756832 0.00177585611 2.84126984
189 537 0.531640662 0.00177213554 2.84126984
189 537 0.531982602 0.00177327534 2.84126984
189 537 0.532827073 0.00177609024 2.84126984
189 537 0.532792114 0.00177597371 2.84126984
188 532 0.522809901 0.00174269967 2.82978723
188 532 0.520669985 0.00173556662 2.82978723
188 532 0.523084991 0.00174361664 2.82978723
188 532 0.521839165 0.00173946388 2.82978723
188 535 0.521240249 0.0017374675 2.84574468
188 535 0.521217484 0.00173739161 2.84574468
188 532 0.522514943 0.00174171648 2.82978723
188 532 0.522138253 0.00174046084 2.82978723
188 532 0.521720768 0.00173906923 2.82978723
188 532 0.523346101 0.001744487 2.82978723
187 527 0.510573577 0.00170191192 2.81818182
187 530 0.506908952 0.00168969651 2.8342246
186 525 0.503714361 0.00167904787 2.82258065
186 526 0.504923354 0.00168307785 2.82795699
186 528 0.512114402 0.00170704801 2.83870968
186 531 0.512650886 0.00170883629 2.85483871
186 531 0.513237926 0.00171079309 2.85483871
186 531 0.513238635 0.00171079545 2.85483871
186 531 0.513053055 0.00171017685 2.85483871
186 531 0.513056984 0.00171018995 2.85483871
185 523 0.503316857 0.00167772286 2.82702703
185 523 0.50322522 0.0016774174 2.82702703
185 523 0.503250393 0.00167750131 2.82702703
185 523 0.503181971 0.00167727324 2.82702703
185 523 0.503349208 0.00167783069 2.82702703
185 523 0.503143617 0.00167714539 2.82702703
185 523 0.503287407 0.00167762469 2.82702703
185 523 0.503289838 0.00167763279 2.82702703
185 523 0.50311323 0.0016770441 2.82702703
185 523 0.503156737 0.00167718912 2.82702703
184 518 0.492925544 0.00164308515 2.81521739
184 517 0.492264362 0.00164088121 2.80978261
184 520 0.492976593 0.00164325531 2.82608696
184 520 0.492452462 0.00164150821 2.82608696
184 520 0.492829714 0.00164276571 2.82608696
184 520 0.492639917 0.00164213306 2.82608696
184 517 0.492385475 0.00164128492 2.80978261
184 517 0.492413954 0.00164137985 2.80978261
184 520 0.492636599 0.001642122 2.82608696
184 520 0.492681557 0.00164227186 2.82608696
183 512 0.483227322 0.00161075774 2.79781421
183 512 0.482768464 0.00160922821 2.79781421
183 512 0.483215453 0.00161071818 2.79781421
183 512 0.48355058 0.00161183527 2.79781421
183 512 0.482859937 0.00160953312 2.79781421
183 512 0.483250901 0.00161083634 2.79781421
183 512 0.48287537 0.00160958457 2.79781421
183 512 0.483085908 0.00161028636 2.79781421
183 512 0.482708622 0.00160902874 2.79781421
183 512 0.483200539 0.00161066846 2.79781421
182 509 0.470004303 0.00156668101 2.7967033
182 505 0.469921113 0.00156640371 2.77472527
182 510 0.46998395 0.00156661317 2.8021978
181 502 0.468567428 0.00156189143 2.77348066
181 502 0.46897832 0.00156326107 2.77348066
181 502 0.469285581 0.00156428527 2.77348066
181 502 0.46930756 0.00156435853 2.77348066
181 502 0.468724564 0.00156241521 2.77348066
181 502 0.46914559 0.00156381863 2.77348066
181 502 0.469086111 0.00156362037 2.77348066
180 494 0.459088978 0.00153029659 2.74444444
180 494 0.458743373 0.00152914458 2.74444444
SP does not find any fixed points -> SP does not converge.
I am sorry I quit :(
