START ALGORITHM:
I am going to build an instance with N: 300 variables and 1245 clauses with a clause density equal to 4.15
START BSP WITH r=0.9:
Decimation scorer: cert
END UNIT PROPAGATION
300 1245 1.13586159 0.0037862053 4.15
300 1245 1.1362915 0.00378763833 4.15
300 1245 1.13562823 0.00378542744 4.15
300 1245 1.13533532 0.00378445108 4.15
300 1245 1.1352404 0.00378413466 4.15
300 1245 1.13499078 0.0037833026 4.15
300 1245 1.13487997 0.00378293323 4.15
300 1245 1.13492468 0.00378308226 4.15
300 1245 1.13509147 0.00378363822 4.15
299 1235 1.13537556 0.0037845852 4.13043478
299 1235 1.13530352 0.00378434507 4.13043478
299 1235 1.13524297 0.00378414323 4.13043478
299 1235 1.13516604 0.0037838868 4.13043478
299 1235 1.13513685 0.00378378949 4.13043478
299 1235 1.13515892 0.00378386307 4.13043478
299 1235 1.13519662 0.00378398873 4.13043478
299 1235 1.13521894 0.00378406312 4.13043478
299 1235 1.13524443 0.00378414809 4.13043478
299 1235 1.13527743 0.00378425811 4.13043478
298 1228 1.13523215 0.00378410717 4.12080537
298 1228 1.13522808 0.00378409358 4.12080537
298 1228 1.13525801 0.00378419337 4.12080537
298 1228 1.13529799 0.00378432665 4.12080537
298 1228 1.13530955 0.00378436517 4.12080537
298 1228 1.13530653 0.00378435511 4.12080537
298 1228 1.13530178 0.00378433925 4.12080537
298 1228 1.13530305 0.0037843435 4.12080537
298 1228 1.13530413 0.00378434711 4.12080537
298 1228 1.1353045 0.00378434834 4.12080537
297 1218 1.13092921 0.00376976404 4.1010101
297 1218 1.13088805 0.00376962682 4.1010101
297 1218 1.1309014 0.00376967132 4.1010101
297 1218 1.13089542 0.0037696514 4.1010101
297 1218 1.13089016 0.00376963387 4.1010101
297 1218 1.13088618 0.00376962061 4.1010101
297 1218 1.13087892 0.00376959639 4.1010101
297 1218 1.13087997 0.0037695999 4.1010101
297 1218 1.13087875 0.00376959585 4.1010101
297 1218 1.13087795 0.00376959316 4.1010101
296 1215 1.12343107 0.00374477022 4.10472973
296 1215 1.12334675 0.00374448916 4.10472973
296 1215 1.12345287 0.00374484291 4.10472973
296 1215 1.12352159 0.00374507198 4.10472973
296 1215 1.12354798 0.00374515994 4.10472973
296 1215 1.1235604 0.00374520134 4.10472973
296 1215 1.12354734 0.00374515781 4.10472973
296 1215 1.12354399 0.00374514662 4.10472973
296 1215 1.12354059 0.00374513531 4.10472973
296 1215 1.12354186 0.00374513955 4.10472973
295 1209 1.11013567 0.00370045224 4.09830508
295 1209 1.10999705 0.00369999016 4.09830508
295 1209 1.11012962 0.00370043208 4.09830508
295 1209 1.11014191 0.00370047305 4.09830508
295 1209 1.11012042 0.00370040139 4.09830508
295 1209 1.11012448 0.00370041492 4.09830508
295 1209 1.11009832 0.00370032775 4.09830508
295 1209 1.11005622 0.0037001874 4.09830508
295 1209 1.11003849 0.00370012829 4.09830508
295 1209 1.1100362 0.00370012068 4.09830508
294 1198 1.09251794 0.00364172648 4.07482993
294 1198 1.0923072 0.00364102399 4.07482993
294 1198 1.09263485 0.00364211615 4.07482993
294 1198 1.09270159 0.00364233862 4.07482993
294 1198 1.09243353 0.0036414451 4.07482993
294 1198 1.09274013 0.00364246711 4.07482993
294 1198 1.09274731 0.00364249105 4.07482993
294 1198 1.0924629 0.00364154299 4.07482993
294 1198 1.09274644 0.00364248814 4.07482993
294 1198 1.0927653 0.00364255098 4.07482993
293 1190 1.07354277 0.00357847591 4.06143345
293 1190 1.07336765 0.00357789218 4.06143345
293 1190 1.07336133 0.00357787112 4.06143345
293 1190 1.07375271 0.0035791757 4.06143345
293 1190 1.07369664 0.0035789888 4.06143345
293 1190 1.07368154 0.00357893848 4.06143345
293 1190 1.07384598 0.00357948659 4.06143345
293 1190 1.07267627 0.00357558756 4.06143345
293 1190 1.07191288 0.00357304293 4.06143345
293 1190 1.07171952 0.00357239839 4.06143345
292 1178 1.05136071 0.00350453571 4.03424658
292 1178 1.05323669 0.00351078897 4.03424658
292 1178 1.05289395 0.00350964651 4.03424658
292 1178 1.05258701 0.00350862336 4.03424658
292 1178 1.05269302 0.00350897674 4.03424658
292 1178 1.05286194 0.0035095398 4.03424658
292 1178 1.05292046 0.00350973486 4.03424658
292 1178 1.0529162 0.00350972066 4.03424658
292 1178 1.05288124 0.00350960414 4.03424658
292 1178 1.0528917 0.00350963901 4.03424658
291 1171 1.03139258 0.00343797528 4.02405498
291 1171 1.03178805 0.0034392935 4.02405498
291 1171 1.03128526 0.00343761754 4.02405498
291 1171 1.0309067 0.00343635568 4.02405498
291 1171 1.03077634 0.00343592113 4.02405498
291 1171 1.03081115 0.00343603715 4.02405498
291 1171 1.03084387 0.00343614624 4.02405498
291 1171 1.03082745 0.00343609152 4.02405498
291 1171 1.03082241 0.00343607471 4.02405498
291 1171 1.03081526 0.00343605087 4.02405498
290 1159 1.00821 0.00336069999 3.99655172
290 1159 1.00879671 0.00336265571 3.99655172
290 1159 1.00868762 0.00336229208 3.99655172
290 1159 1.00944841 0.00336482803 3.99655172
290 1159 1.00913295 0.00336377651 3.99655172
290 1159 1.00882746 0.00336275822 3.99655172
290 1159 1.00937158 0.00336457195 3.99655172
290 1159 1.00869902 0.00336233007 3.99655172
290 1159 1.00874254 0.00336247513 3.99655172
290 1159 1.00891188 0.0033630396 3.99655172
289 1152 0.984640877 0.00328213626 3.98615917
289 1152 0.985351996 0.00328450665 3.98615917
289 1152 0.985055169 0.00328351723 3.98615917
289 1152 0.984836031 0.00328278677 3.98615917
289 1152 0.984592339 0.00328197446 3.98615917
289 1152 0.984485024 0.00328161675 3.98615917
289 1152 0.984533465 0.00328177822 3.98615917
289 1152 0.984619806 0.00328206602 3.98615917
289 1152 0.984671034 0.00328223678 3.98615917
289 1152 0.984684895 0.00328228298 3.98615917
288 1143 0.961098562 0.00320366187 3.96875
288 1143 0.961091344 0.00320363781 3.96875
288 1143 0.961573513 0.00320524504 3.96875
288 1143 0.961608268 0.00320536089 3.96875
288 1143 0.961180372 0.00320393457 3.96875
288 1143 0.961840893 0.00320613631 3.96875
288 1143 0.96119686 0.00320398953 3.96875
288 1143 0.961155782 0.00320385261 3.96875
288 1143 0.961632786 0.00320544262 3.96875
288 1143 0.961393487 0.00320464496 3.96875
287 1133 0.936423824 0.00312141275 3.94773519
287 1133 0.936210465 0.00312070155 3.94773519
287 1133 0.936735015 0.00312245005 3.94773519
287 1132 0.931659489 0.00310553163 3.94425087
287 1133 0.936194111 0.00312064704 3.94773519
287 1133 0.936479176 0.00312159725 3.94773519
287 1133 0.936048433 0.00312016144 3.94773519
287 1133 0.93558205 0.00311860683 3.94773519
287 1133 0.93619569 0.0031206523 3.94773519
287 1133 0.936080479 0.00312026826 3.94773519
286 1122 0.911998252 0.00303999417 3.92307692
286 1122 0.912341702 0.00304113901 3.92307692
286 1122 0.911921706 0.00303973902 3.92307692
286 1122 0.912095004 0.00304031668 3.92307692
286 1124 0.911763568 0.00303921189 3.93006993
286 1125 0.912056225 0.00304018742 3.93356643
286 1124 0.906625203 0.00302208401 3.93006993
286 1125 0.915881723 0.00305293908 3.93356643
286 1123 0.916948069 0.00305649356 3.92657343
286 1126 0.914991263 0.00304997088 3.93706294
285 1114 0.897168395 0.00299056132 3.90877193
285 1119 0.90062587 0.00300208623 3.92631579
285 1123 0.918494476 0.00306164825 3.94035088
285 1124 0.912651711 0.00304217237 3.94385965
285 1124 0.922991661 0.00307663887 3.94385965
285 1125 0.926211933 0.00308737311 3.94736842
285 1125 0.926750624 0.00308916875 3.94736842
285 1122 0.926760266 0.00308920089 3.93684211
285 1122 0.926566644 0.00308855548 3.93684211
285 1122 0.926919728 0.00308973243 3.93684211
284 1115 0.907883863 0.00302627954 3.92605634
284 1115 0.908454425 0.00302818142 3.92605634
284 1115 0.90819005 0.00302730017 3.92605634
284 1115 0.908210016 0.00302736672 3.92605634
284 1115 0.908108594 0.00302702865 3.92605634
284 1115 0.908103919 0.00302701306 3.92605634
284 1115 0.908072782 0.00302690927 3.92605634
284 1115 0.908068376 0.00302689459 3.92605634
284 1115 0.908053613 0.00302684538 3.92605634
284 1115 0.908048576 0.00302682859 3.92605634
283 1106 0.887399785 0.00295799928 3.90812721
283 1105 0.885346024 0.00295115341 3.90459364
283 1105 0.889777831 0.0029659261 3.90459364
283 1103 0.889196132 0.00296398711 3.8975265
283 1105 0.889517178 0.00296505726 3.90459364
283 1105 0.889512244 0.00296504081 3.90459364
283 1105 0.889542562 0.00296514187 3.90459364
283 1105 0.889264863 0.00296421621 3.90459364
283 1105 0.88932671 0.00296442237 3.90459364
283 1105 0.889307048 0.00296435683 3.90459364
282 1096 0.871663884 0.00290554628 3.88652482
282 1096 0.872298884 0.00290766295 3.88652482
282 1096 0.871975577 0.00290658526 3.88652482
282 1096 0.871808215 0.00290602738 3.88652482
282 1096 0.872469433 0.00290823144 3.88652482
282 1096 0.872355757 0.00290785252 3.88652482
282 1096 0.872513042 0.00290837681 3.88652482
282 1096 0.872657112 0.00290885704 3.88652482
282 1096 0.872352191 0.00290784064 3.88652482
282 1092 0.870062758 0.00290020919 3.87234043
281 1083 0.85409494 0.00284698313 3.85409253
281 1083 0.854097986 0.00284699329 3.85409253
281 1083 0.8547753 0.002849251 3.85409253
281 1087 0.854217172 0.00284739057 3.8683274
281 1083 0.856290566 0.00285430189 3.85409253
281 1080 0.842299964 0.00280766655 3.84341637
281 1085 0.846053772 0.00282017924 3.86120996
281 1081 0.860694454 0.00286898151 3.84697509
281 1086 0.97244233 0.00324147443 3.86476868
281 1091 0.981505186 0.00327168395 3.88256228
280 1082 0.990822213 0.00330274071 3.86428571
280 1088 1.03107483 0.00343691611 3.88571429
280 1086 1.03823813 0.00346079377 3.87857143
280 1089 1.03726696 0.00345755654 3.88928571
280 1088 1.03510145 0.00345033817 3.88571429
280 1092 1.03679702 0.00345599008 3.9
280 1088 1.04188669 0.00347295562 3.88571429
280 1083 1.04521167 0.00348403889 3.86785714
279 1074 1.04098058 0.00346993528 3.84946237
279 1075 1.03788026 0.00345960086 3.85304659
278 1068 1.03713851 0.00345712835 3.84172662
278 1070 1.03473362 0.00344911207 3.84892086
278 1064 1.03505263 0.00345017543 3.82733813
278 1069 1.03554395 0.00345181318 3.84532374
278 1068 1.03709316 0.0034569772 3.84172662
278 1067 1.0375176 0.003458392 3.8381295
278 1068 1.03721477 0.00345738257 3.84172662
278 1067 1.03804748 0.00346015826 3.8381295
278 1067 1.03795998 0.00345986659 3.8381295
278 1067 1.03795705 0.00345985683 3.8381295
277 1061 1.03463076 0.00344876921 3.83032491
277 1061 1.03450751 0.00344835836 3.83032491
277 1061 1.03467786 0.00344892621 3.83032491
277 1061 1.03466315 0.00344887716 3.83032491
277 1061 1.03468714 0.00344895715 3.83032491
277 1061 1.03456532 0.00344855107 3.83032491
277 1061 1.03460082 0.00344866941 3.83032491
277 1061 1.03457519 0.00344858397 3.83032491
277 1061 1.03456723 0.00344855745 3.83032491
277 1059 1.0345428 0.003448476 3.82310469
276 1053 1.03131879 0.00343772929 3.81521739
276 1053 1.03138342 0.00343794473 3.81521739
276 1053 1.03142491 0.00343808302 3.81521739
276 1053 1.0314091 0.00343803033 3.81521739
276 1053 1.03139688 0.00343798958 3.81521739
276 1053 1.03138013 0.00343793376 3.81521739
276 1053 1.03137259 0.00343790863 3.81521739
276 1053 1.03138104 0.0034379368 3.81521739
276 1053 1.03139226 0.00343797421 3.81521739
276 1053 1.03140349 0.00343801163 3.81521739
275 1047 1.0282022 0.00342734065 3.80727273
275 1047 1.02820245 0.00342734151 3.80727273
275 1047 1.02816188 0.00342720626 3.80727273
275 1047 1.0281398 0.00342713266 3.80727273
275 1047 1.02815113 0.00342717043 3.80727273
275 1047 1.02817648 0.00342725494 3.80727273
275 1047 1.02821121 0.00342737071 3.80727273
275 1047 1.02828641 0.00342762138 3.80727273
275 1047 1.02817045 0.00342723482 3.80727273
275 1047 1.02806935 0.00342689783 3.80727273
274 1038 1.02471251 0.00341570836 3.78832117
274 1038 1.02484627 0.00341615423 3.78832117
274 1038 1.02494673 0.00341648909 3.78832117
274 1038 1.02493527 0.00341645091 3.78832117
274 1038 1.02487531 0.00341625103 3.78832117
274 1038 1.02485866 0.00341619552 3.78832117
274 1038 1.02485753 0.00341619178 3.78832117
274 1038 1.02485175 0.00341617251 3.78832117
274 1038 1.0248443 0.00341614766 3.78832117
274 1038 1.02483742 0.00341612474 3.78832117
273 1027 1.02127332 0.00340424441 3.76190476
273 1027 1.02124491 0.0034041497 3.76190476
273 1027 1.02122376 0.00340407919 3.76190476
273 1027 1.02119899 0.00340399662 3.76190476
273 1027 1.02120255 0.0034040085 3.76190476
273 1027 1.02121065 0.00340403551 3.76190476
273 1027 1.02121188 0.00340403961 3.76190476
273 1027 1.02120507 0.0034040169 3.76190476
273 1027 1.0211954 0.00340398468 3.76190476
273 1027 1.02118765 0.00340395884 3.76190476
272 1021 1.01671038 0.0033890346 3.75367647
272 1022 1.015243 0.00338414332 3.75735294
272 1021 1.01673611 0.00338912037 3.75367647
272 1021 1.01679929 0.00338933096 3.75367647
272 1021 1.01679375 0.00338931249 3.75367647
272 1021 1.01683612 0.00338945373 3.75367647
272 1021 1.01683899 0.00338946329 3.75367647
272 1021 1.01685884 0.00338952947 3.75367647
272 1021 1.01686617 0.00338955389 3.75367647
272 1021 1.01686236 0.00338954119 3.75367647
271 1016 1.0125009 0.00337500301 3.74907749
271 1016 1.01250291 0.00337500969 3.74907749
271 1016 1.01240233 0.00337467443 3.74907749
271 1016 1.01240394 0.00337467978 3.74907749
271 1016 1.0124604 0.003374868 3.74907749
271 1016 1.01245691 0.00337485638 3.74907749
271 1016 1.01247469 0.00337491563 3.74907749
271 1016 1.01246067 0.0033748689 3.74907749
271 1016 1.0124675 0.00337489168 3.74907749
271 1016 1.01246428 0.00337488092 3.74907749
270 1007 1.00726226 0.00335754088 3.72962963
270 1009 1.00733998 0.00335779992 3.73703704
270 1009 1.00720188 0.00335733958 3.73703704
270 1009 1.00711227 0.00335704092 3.73703704
270 1007 1.00877627 0.00336258757 3.72962963
270 1007 1.00894571 0.00336315238 3.72962963
270 1007 1.0088855 0.00336295167 3.72962963
270 1007 1.00880751 0.00336269169 3.72962963
270 1007 1.00881841 0.00336272805 3.72962963
270 1007 1.00885319 0.00336284396 3.72962963
269 998 1.00520793 0.0033506931 3.71003717
269 998 1.0052784 0.003350928 3.71003717
269 998 1.00526153 0.00335087177 3.71003717
269 998 1.00525493 0.00335084978 3.71003717
269 998 1.00525289 0.00335084295 3.71003717
269 998 1.00525492 0.00335084973 3.71003717
269 998 1.00527286 0.00335090953 3.71003717
269 998 1.00528407 0.00335094691 3.71003717
269 998 1.0052859 0.00335095299 3.71003717
269 998 1.00528251 0.0033509417 3.71003717
268 993 1.00118203 0.00333727344 3.70522388
268 993 1.00119262 0.00333730875 3.70522388
268 993 1.00113622 0.00333712072 3.70522388
268 993 1.00104925 0.00333683083 3.70522388
268 993 1.00106246 0.00333687486 3.70522388
268 993 1.00110871 0.00333702905 3.70522388
268 993 1.00111543 0.00333705142 3.70522388
268 993 1.00110606 0.00333702019 3.70522388
268 993 1.00110115 0.00333700383 3.70522388
268 993 1.00108828 0.00333696092 3.70522388
267 986 0.996546858 0.00332182286 3.6928839
267 989 0.996220408 0.00332073469 3.70411985
267 986 0.996617193 0.00332205731 3.6928839
267 986 0.996493683 0.00332164561 3.6928839
267 986 0.996568856 0.00332189619 3.6928839
267 986 0.996540282 0.00332180094 3.6928839
267 986 0.996563695 0.00332187898 3.6928839
267 986 0.996574231 0.0033219141 3.6928839
267 986 0.996577975 0.00332192658 3.6928839
267 986 0.996574762 0.00332191587 3.6928839
266 982 0.992597414 0.00330865805 3.69172932
266 976 0.989923926 0.00329974642 3.66917293
266 982 0.992596021 0.0033086534 3.69172932
266 977 0.992194255 0.00330731418 3.67293233
266 982 0.99252259 0.00330840863 3.69172932
266 982 0.992648334 0.00330882778 3.69172932
266 982 0.992692259 0.0033089742 3.69172932
266 982 0.9926957 0.00330898567 3.69172932
266 982 0.992704668 0.00330901556 3.69172932
266 982 0.9927219 0.003309073 3.69172932
265 972 0.988546348 0.00329515449 3.66792453
265 972 0.988437646 0.00329479215 3.66792453
265 972 0.988470358 0.00329490119 3.66792453
265 972 0.988180819 0.00329393606 3.66792453
265 972 0.988331461 0.0032944382 3.66792453
265 972 0.988344529 0.00329448176 3.66792453
265 972 0.988441142 0.00329480381 3.66792453
265 972 0.988472442 0.00329490814 3.66792453
265 972 0.988468353 0.00329489451 3.66792453
265 972 0.988465616 0.00329488539 3.66792453
264 962 0.984176703 0.00328058901 3.64393939
264 962 0.984256674 0.00328085558 3.64393939
264 962 0.98417676 0.0032805892 3.64393939
264 962 0.984248031 0.00328082677 3.64393939
264 962 0.984237313 0.00328079104 3.64393939
264 962 0.984235496 0.00328078499 3.64393939
264 962 0.984233725 0.00328077908 3.64393939
264 962 0.98423593 0.00328078643 3.64393939
264 962 0.984237133 0.00328079044 3.64393939
264 962 0.984234334 0.00328078111 3.64393939
263 953 0.979777121 0.00326592374 3.62357414
263 953 0.979772086 0.00326590695 3.62357414
263 953 0.979731783 0.00326577261 3.62357414
263 953 0.979687757 0.00326562586 3.62357414
263 956 0.979338331 0.0032644611 3.63498099
263 953 0.979727202 0.00326575734 3.62357414
263 953 0.979774408 0.00326591469 3.62357414
263 953 0.979795265 0.00326598422 3.62357414
263 953 0.979780651 0.0032659355 3.62357414
263 953 0.979759615 0.00326586538 3.62357414
262 947 0.975112943 0.00325037648 3.61450382
262 947 0.975225635 0.00325075212 3.61450382
262 946 0.975147677 0.00325049226 3.61068702
262 947 0.974914647 0.00324971549 3.61450382
262 950 0.973988586 0.00324662862 3.6259542
262 946 0.975017444 0.00325005815 3.61068702
262 947 0.974999426 0.00324999809 3.61450382
262 947 0.975182465 0.00325060822 3.61450382
262 947 0.975208325 0.00325069442 3.61450382
262 947 0.975221331 0.00325073777 3.61450382
261 940 0.970676281 0.0032355876 3.60153257
261 940 0.970473941 0.00323491314 3.60153257
261 940 0.970781715 0.00323593905 3.60153257
261 940 0.970762922 0.00323587641 3.60153257
261 940 0.970781912 0.00323593971 3.60153257
261 940 0.970804018 0.00323601339 3.60153257
261 940 0.970793156 0.00323597719 3.60153257
261 940 0.97079042 0.00323596807 3.60153257
261 940 0.970793922 0.00323597974 3.60153257
261 940 0.970790962 0.00323596987 3.60153257
260 933 0.966522907 0.00322174302 3.58846154
260 933 0.966516302 0.00322172101 3.58846154
260 933 0.96651477 0.0032217159 3.58846154
260 932 0.966344839 0.00322114946 3.58461538
260 933 0.966519193 0.00322173064 3.58846154
260 933 0.966522795 0.00322174265 3.58846154
260 933 0.96657327 0.0032219109 3.58846154
260 933 0.966478815 0.00322159605 3.58846154
260 933 0.966483875 0.00322161292 3.58846154
260 933 0.966541009 0.00322180336 3.58846154
259 925 0.962188845 0.00320729615 3.57142857
259 925 0.962144267 0.00320714756 3.57142857
259 925 0.96208989 0.0032069663 3.57142857
259 925 0.962182102 0.00320727367 3.57142857
259 925 0.96218907 0.0032072969 3.57142857
259 925 0.962143909 0.00320714636 3.57142857
259 925 0.962198733 0.00320732911 3.57142857
259 925 0.962175478 0.00320725159 3.57142857
259 925 0.962078381 0.00320692794 3.57142857
259 925 0.962224113 0.00320741371 3.57142857
258 917 0.957033817 0.00319011272 3.55426357
258 917 0.957090583 0.00319030194 3.55426357
258 917 0.957008768 0.00319002923 3.55426357
258 917 0.957057089 0.0031901903 3.55426357
258 917 0.957053486 0.00319017829 3.55426357
258 917 0.957048345 0.00319016115 3.55426357
258 917 0.957045297 0.00319015099 3.55426357
258 917 0.957046663 0.00319015554 3.55426357
258 917 0.957047756 0.00319015919 3.55426357
258 917 0.957048715 0.00319016238 3.55426357
257 916 0.951969813 0.00317323271 3.56420233
257 916 0.951952673 0.00317317558 3.56420233
257 916 0.951948622 0.00317316207 3.56420233
257 916 0.951903044 0.00317301015 3.56420233
257 916 0.9518987 0.00317299567 3.56420233
257 916 0.95191643 0.00317305477 3.56420233
257 916 0.951897305 0.00317299102 3.56420233
257 916 0.951889702 0.00317296567 3.56420233
257 916 0.951898637 0.00317299546 3.56420233
257 916 0.951891798 0.00317297266 3.56420233
256 910 0.946439975 0.00315479992 3.5546875
256 913 0.945905301 0.00315301767 3.56640625
256 908 0.950209295 0.00316736432 3.546875
256 908 0.954755162 0.00318251721 3.546875
256 908 0.954803498 0.00318267833 3.546875
256 908 0.954841654 0.00318280551 3.546875
256 908 0.95481063 0.0031827021 3.546875
256 908 0.954808311 0.00318269437 3.546875
256 908 0.954817443 0.00318272481 3.546875
256 908 0.954817692 0.00318272564 3.546875
255 900 0.950046772 0.00316682257 3.52941176
255 900 0.950085463 0.00316695154 3.52941176
255 900 0.950036286 0.00316678762 3.52941176
255 900 0.95006811 0.0031668937 3.52941176
255 900 0.950063084 0.00316687695 3.52941176
255 900 0.950059711 0.0031668657 3.52941176
255 900 0.950059878 0.00316686626 3.52941176
255 900 0.950060083 0.00316686694 3.52941176
255 900 0.950060376 0.00316686792 3.52941176
255 900 0.950061193 0.00316687064 3.52941176
254 899 0.945164899 0.00315054966 3.53937008
254 899 0.9451089 0.003150363 3.53937008
254 899 0.945157587 0.00315052529 3.53937008
254 899 0.945141507 0.00315047169 3.53937008
254 899 0.945130506 0.00315043502 3.53937008
254 899 0.945126436 0.00315042145 3.53937008
254 899 0.945122603 0.00315040868 3.53937008
254 899 0.945124481 0.00315041494 3.53937008
254 899 0.945124869 0.00315041623 3.53937008
254 899 0.945122432 0.00315040811 3.53937008
253 893 0.939473732 0.00313157911 3.52964427
253 893 0.939506953 0.00313168984 3.52964427
253 893 0.939475548 0.00313158516 3.52964427
253 893 0.939497804 0.00313165935 3.52964427
253 893 0.939502047 0.00313167349 3.52964427
253 893 0.939495054 0.00313165018 3.52964427
253 893 0.939497757 0.00313165919 3.52964427
253 893 0.939493259 0.0031316442 3.52964427
253 893 0.939485575 0.00313161858 3.52964427
253 893 0.939487013 0.00313162338 3.52964427
252 888 0.933281489 0.0031109383 3.52380952
252 888 0.933317701 0.003111059 3.52380952
252 888 0.93325171 0.00311083903 3.52380952
252 888 0.933309762 0.00311103254 3.52380952
252 888 0.933342223 0.00311114074 3.52380952
252 888 0.933314083 0.00311104694 3.52380952
252 888 0.93331605 0.0031110535 3.52380952
252 888 0.933324974 0.00311108325 3.52380952
252 888 0.933316642 0.00311105547 3.52380952
252 888 0.93331553 0.00311105177 3.52380952
251 881 0.92658216 0.0030886072 3.50996016
251 881 0.926623072 0.00308874357 3.50996016
251 881 0.926642615 0.00308880872 3.50996016
251 881 0.926452959 0.00308817653 3.50996016
251 881 0.9263001 0.003087667 3.50996016
251 881 0.926304246 0.00308768082 3.50996016
251 881 0.926322227 0.00308774076 3.50996016
251 881 0.9263086 0.00308769533 3.50996016
251 881 0.926304551 0.00308768184 3.50996016
251 881 0.926307225 0.00308769075 3.50996016
250 874 0.919623806 0.00306541269 3.496
250 874 0.919522324 0.00306507441 3.496
250 874 0.919836235 0.00306612078 3.496
250 874 0.919826843 0.00306608948 3.496
250 874 0.919869456 0.00306623152 3.496
250 874 0.919865139 0.00306621713 3.496
250 874 0.919883034 0.00306627678 3.496
250 874 0.919869615 0.00306623205 3.496
250 874 0.919881821 0.00306627274 3.496
250 874 0.919874263 0.00306624754 3.496
249 864 0.912604206 0.00304201402 3.46987952
248 855 0.908123415 0.00302707805 3.44758065
248 855 0.907855073 0.00302618358 3.44758065
248 852 0.907379771 0.00302459924 3.43548387
247 850 0.907469221 0.0030248974 3.44129555
247 850 0.906981417 0.00302327139 3.44129555
247 847 0.905461146 0.00301820382 3.4291498
247 850 0.907350008 0.00302450003 3.44129555
247 850 0.907449542 0.00302483181 3.44129555
247 850 0.90748874 0.00302496247 3.44129555
246 843 0.901315159 0.00300438386 3.42682927
246 843 0.901216104 0.00300405368 3.42682927
246 843 0.901300705 0.00300433568 3.42682927
246 843 0.901293165 0.00300431055 3.42682927
246 843 0.901277568 0.00300425856 3.42682927
246 843 0.901290789 0.00300430263 3.42682927
246 843 0.901284977 0.00300428326 3.42682927
246 843 0.901282539 0.00300427513 3.42682927
246 843 0.901292168 0.00300430723 3.42682927
246 843 0.901283737 0.00300427912 3.42682927
245 838 0.894834099 0.00298278033 3.42040816
245 838 0.894843755 0.00298281252 3.42040816
245 838 0.894820681 0.0029827356 3.42040816
245 838 0.894645033 0.00298215011 3.42040816
245 838 0.89475755 0.00298252517 3.42040816
245 838 0.894797744 0.00298265915 3.42040816
245 838 0.894844156 0.00298281385 3.42040816
245 838 0.894634343 0.00298211448 3.42040816
245 838 0.894717151 0.0029823905 3.42040816
245 838 0.894662575 0.00298220858 3.42040816
244 829 0.887898278 0.00295966093 3.39754098
244 829 0.888116317 0.00296038772 3.39754098
244 831 0.887947375 0.00295982458 3.4057377
244 833 0.88825384 0.00296084613 3.41393443
244 831 0.885723092 0.00295241031 3.4057377
244 833 0.88751605 0.00295838683 3.41393443
244 833 0.888079772 0.00296026591 3.41393443
244 831 0.888035608 0.00296011869 3.4057377
244 831 0.887841345 0.00295947115 3.4057377
244 831 0.887891502 0.00295963834 3.4057377
243 826 0.88186565 0.00293955217 3.39917695
243 826 0.881972 0.00293990667 3.39917695
243 826 0.881976321 0.00293992107 3.39917695
243 826 0.881931831 0.00293977277 3.39917695
243 826 0.881973564 0.00293991188 3.39917695
243 826 0.88193793 0.0029397931 3.39917695
243 826 0.881909303 0.00293969768 3.39917695
243 826 0.881873601 0.00293957867 3.39917695
243 826 0.881850056 0.00293950019 3.39917695
243 826 0.881883663 0.00293961221 3.39917695
242 817 0.875551768 0.00291850589 3.37603306
242 817 0.875542644 0.00291847548 3.37603306
242 822 0.875327317 0.00291775772 3.39669421
242 822 0.881273746 0.00293757915 3.39669421
242 824 0.881514427 0.00293838142 3.40495868
242 824 0.881493167 0.00293831056 3.40495868
242 824 0.88132359 0.0029377453 3.40495868
242 824 0.881472656 0.00293824219 3.40495868
242 824 0.88148117 0.00293827057 3.40495868
242 824 0.881567126 0.00293855709 3.40495868
241 817 0.875399843 0.00291799948 3.39004149
241 817 0.875809419 0.00291936473 3.39004149
241 817 0.875394123 0.00291798041 3.39004149
241 817 0.875476253 0.00291825418 3.39004149
241 817 0.875614324 0.00291871441 3.39004149
241 817 0.875546037 0.00291848679 3.39004149
241 817 0.875544108 0.00291848036 3.39004149
241 817 0.875439214 0.00291813071 3.39004149
241 817 0.875453881 0.0029181796 3.39004149
241 817 0.875491163 0.00291830388 3.39004149
240 808 0.869238018 0.00289746006 3.36666667
240 808 0.869016259 0.00289672086 3.36666667
240 808 0.86939767 0.00289799223 3.36666667
240 808 0.869284476 0.00289761492 3.36666667
240 808 0.869289387 0.00289763129 3.36666667
240 808 0.869305766 0.00289768589 3.36666667
240 808 0.869254587 0.00289751529 3.36666667
240 808 0.869520135 0.00289840045 3.36666667
240 808 0.869130514 0.00289710171 3.36666667
240 808 0.869246352 0.00289748784 3.36666667
239 804 0.862670936 0.00287556979 3.36401674
239 805 0.862628548 0.00287542849 3.36820084
239 809 0.866901801 0.00288967267 3.38493724
239 812 0.869131005 0.00289710335 3.39748954
239 812 0.86875061 0.00289583537 3.39748954
239 812 0.868880343 0.00289626781 3.39748954
239 810 0.868936657 0.00289645552 3.38912134
238 805 0.863350474 0.00287783491 3.38235294
238 805 0.863317027 0.00287772342 3.38235294
238 805 0.863379033 0.00287793011 3.38235294
237 796 0.857372251 0.0028579075 3.35864979
237 796 0.857249219 0.0028574974 3.35864979
237 796 0.857346849 0.00285782283 3.35864979
237 796 0.857592989 0.0028586433 3.35864979
237 796 0.857572285 0.00285857428 3.35864979
237 796 0.857561752 0.00285853917 3.35864979
237 796 0.85750225 0.00285834083 3.35864979
237 796 0.857569717 0.00285856572 3.35864979
237 796 0.85760023 0.00285866743 3.35864979
237 796 0.85761649 0.00285872163 3.35864979
236 791 0.851079096 0.00283693032 3.35169492
236 791 0.850861812 0.00283620604 3.35169492
236 791 0.850893146 0.00283631049 3.35169492
236 791 0.850814445 0.00283604815 3.35169492
236 791 0.850888224 0.00283629408 3.35169492
236 791 0.850921977 0.00283640659 3.35169492
236 791 0.85088725 0.00283629083 3.35169492
236 791 0.85079718 0.0028359906 3.35169492
236 791 0.850956237 0.00283652079 3.35169492
236 791 0.850845379 0.00283615126 3.35169492
235 785 0.843510917 0.00281170306 3.34042553
235 784 0.841282875 0.00280427625 3.33617021
235 783 0.84460771 0.00281535903 3.33191489
235 786 0.846855461 0.00282285154 3.34468085
235 786 0.846737937 0.00282245979 3.34468085
235 786 0.846756011 0.00282252004 3.34468085
235 786 0.846777044 0.00282259015 3.34468085
235 786 0.846788959 0.00282262986 3.34468085
235 786 0.846789977 0.00282263326 3.34468085
235 786 0.846759241 0.0028225308 3.34468085
234 777 0.840735706 0.00280245235 3.32051282
234 777 0.840671227 0.00280223742 3.32051282
234 777 0.840679277 0.00280226426 3.32051282
234 777 0.840963468 0.00280321156 3.32051282
234 777 0.84066701 0.00280222337 3.32051282
234 777 0.840801707 0.00280267236 3.32051282
234 777 0.840656247 0.00280218749 3.32051282
234 777 0.840849519 0.00280283173 3.32051282
234 777 0.840752791 0.0028025093 3.32051282
234 777 0.840602324 0.00280200775 3.32051282
233 772 0.834045166 0.00278015055 3.31330472
233 772 0.834134008 0.00278044669 3.31330472
233 772 0.834204509 0.0027806817 3.31330472
233 769 0.83376714 0.0027792238 3.30042918
233 772 0.83435071 0.00278116903 3.31330472
233 772 0.834216025 0.00278072008 3.31330472
233 772 0.834250139 0.0027808338 3.31330472
233 772 0.834146625 0.00278048875 3.31330472
233 772 0.834145946 0.00278048649 3.31330472
233 772 0.834201649 0.00278067216 3.31330472
232 764 0.82743168 0.0027581056 3.29310345
232 764 0.827547906 0.00275849302 3.29310345
232 764 0.827707209 0.00275902403 3.29310345
232 764 0.827307182 0.00275769061 3.29310345
232 766 0.827230834 0.00275743611 3.30172414
232 764 0.827230823 0.00275743608 3.29310345
232 764 0.827330596 0.00275776865 3.29310345
232 764 0.827676629 0.0027589221 3.29310345
232 764 0.827448049 0.00275816016 3.29310345
232 764 0.827466756 0.00275822252 3.29310345
231 758 0.820534967 0.00273511656 3.28138528
231 758 0.820520852 0.00273506951 3.28138528
231 758 0.820280215 0.00273426738 3.28138528
231 758 0.820435513 0.00273478504 3.28138528
231 758 0.820418364 0.00273472788 3.28138528
231 758 0.820400807 0.00273466936 3.28138528
231 758 0.820376787 0.00273458929 3.28138528
231 758 0.820358434 0.00273452811 3.28138528
231 758 0.82035821 0.00273452737 3.28138528
231 758 0.820358439 0.00273452813 3.28138528
230 753 0.812588826 0.00270862942 3.27391304
230 753 0.812588065 0.00270862688 3.27391304
230 753 0.812616916 0.00270872305 3.27391304
230 752 0.812464267 0.00270821422 3.26956522
230 752 0.810857721 0.00270285907 3.26956522
230 752 0.813353529 0.00271117843 3.26956522
230 754 0.814712589 0.00271570863 3.27826087
230 751 0.814300567 0.00271433522 3.26521739
230 755 0.813766182 0.00271255394 3.2826087
230 754 0.814593941 0.00271531314 3.27826087
229 746 0.808741633 0.00269580544 3.25764192
229 746 0.808603868 0.00269534623 3.25764192
229 746 0.808460946 0.00269486982 3.25764192
229 746 0.808504356 0.00269501452 3.25764192
229 746 0.808509802 0.00269503267 3.25764192
229 746 0.808706605 0.00269568868 3.25764192
229 746 0.808540015 0.00269513338 3.25764192
229 746 0.808622521 0.0026954084 3.25764192
229 746 0.808640806 0.00269546935 3.25764192
229 746 0.808633253 0.00269544418 3.25764192
228 740 0.802208032 0.00267402677 3.24561404
228 740 0.802113834 0.00267371278 3.24561404
228 740 0.802037945 0.00267345982 3.24561404
228 740 0.801979176 0.00267326392 3.24561404
228 740 0.801955975 0.00267318658 3.24561404
228 740 0.802099956 0.00267366652 3.24561404
228 740 0.801904378 0.00267301459 3.24561404
228 740 0.802029671 0.00267343224 3.24561404
228 740 0.802094408 0.00267364803 3.24561404
228 740 0.802077818 0.00267359273 3.24561404
227 736 0.794587372 0.00264862457 3.24229075
227 736 0.794375948 0.00264791983 3.24229075
227 736 0.794569746 0.00264856582 3.24229075
227 736 0.794479205 0.00264826402 3.24229075
227 736 0.794502075 0.00264834025 3.24229075
227 736 0.7945654 0.00264855133 3.24229075
227 736 0.794527495 0.00264842498 3.24229075
227 736 0.794491158 0.00264830386 3.24229075
227 736 0.794516959 0.00264838986 3.24229075
227 736 0.794502871 0.0026483429 3.24229075
226 732 0.787365857 0.00262455286 3.23893805
226 732 0.787417386 0.00262472462 3.23893805
226 732 0.787429567 0.00262476522 3.23893805
226 732 0.787413734 0.00262471245 3.23893805
226 732 0.787418895 0.00262472965 3.23893805
226 732 0.787412696 0.00262470899 3.23893805
226 732 0.787412084 0.00262470695 3.23893805
226 732 0.787414285 0.00262471428 3.23893805
226 732 0.787411604 0.00262470535 3.23893805
226 732 0.787415069 0.0026247169 3.23893805
225 726 0.780062393 0.00260020798 3.22666667
225 728 0.779685343 0.00259895114 3.23555556
225 728 0.780862606 0.00260287535 3.23555556
225 724 0.783676318 0.00261225439 3.21777778
225 724 0.785556546 0.00261852182 3.21777778
225 726 0.785850521 0.00261950174 3.22666667
225 728 0.789297696 0.00263099232 3.23555556
225 724 0.783305897 0.00261101966 3.21777778
224 720 0.783534812 0.00261178271 3.21428571
224 720 0.783513479 0.0026117116 3.21428571
223 714 0.777131486 0.00259043829 3.20179372
223 714 0.777333814 0.00259111271 3.20179372
223 714 0.777114478 0.00259038159 3.20179372
223 714 0.777230418 0.00259076806 3.20179372
223 714 0.777123262 0.00259041087 3.20179372
223 714 0.777136222 0.00259045407 3.20179372
223 714 0.77691019 0.00258970063 3.20179372
223 714 0.777311711 0.00259103904 3.20179372
223 714 0.777308132 0.00259102711 3.20179372
223 714 0.777327985 0.00259109328 3.20179372
222 708 0.77100988 0.00257003293 3.18918919
222 708 0.771096969 0.00257032323 3.18918919
222 708 0.770829479 0.0025694316 3.18918919
222 708 0.771002356 0.00257000785 3.18918919
222 708 0.771042244 0.00257014081 3.18918919
222 708 0.770928005 0.00256976002 3.18918919
222 708 0.770993899 0.00256997966 3.18918919
222 708 0.771003242 0.00257001081 3.18918919
222 708 0.770972657 0.00256990886 3.18918919
222 708 0.770984426 0.00256994809 3.18918919
221 705 0.764360499 0.00254786833 3.19004525
221 703 0.760420165 0.00253473388 3.18099548
221 706 0.766109711 0.00255369904 3.19457014
221 703 0.772089158 0.00257363053 3.18099548
221 703 0.77196717 0.0025732239 3.18099548
221 703 0.771907005 0.00257302335 3.18099548
221 703 0.772223568 0.00257407856 3.18099548
221 703 0.772307767 0.00257435922 3.18099548
221 703 0.771835856 0.00257278619 3.18099548
221 703 0.772006777 0.00257335592 3.18099548
220 697 0.766061366 0.00255353789 3.16818182
220 697 0.765756693 0.00255252231 3.16818182
220 697 0.7656858 0.002552286 3.16818182
220 697 0.765901214 0.00255300405 3.16818182
220 697 0.765785436 0.00255261812 3.16818182
220 697 0.765739294 0.00255246431 3.16818182
220 697 0.76581964 0.00255273213 3.16818182
220 697 0.765782008 0.00255260669 3.16818182
220 697 0.765772355 0.00255257452 3.16818182
220 697 0.765796799 0.002552656 3.16818182
219 691 0.75947581 0.00253158603 3.15525114
219 691 0.759532737 0.00253177579 3.15525114
219 691 0.759479429 0.0025315981 3.15525114
219 691 0.759438151 0.0025314605 3.15525114
219 691 0.759393818 0.00253131273 3.15525114
219 691 0.759569527 0.00253189842 3.15525114
219 691 0.759465286 0.00253155095 3.15525114
219 691 0.75940558 0.00253135193 3.15525114
219 691 0.759413742 0.00253137914 3.15525114
219 691 0.759387846 0.00253129282 3.15525114
218 687 0.752697461 0.00250899154 3.15137615
218 687 0.752790257 0.00250930086 3.15137615
218 687 0.752469451 0.0025082315 3.15137615
218 687 0.752730073 0.00250910024 3.15137615
218 687 0.752605823 0.00250868608 3.15137615
218 687 0.7527791 0.00250926367 3.15137615
218 687 0.752681299 0.00250893766 3.15137615
218 687 0.752757371 0.00250919124 3.15137615
218 687 0.75279531 0.0025093177 3.15137615
218 687 0.752747083 0.00250915694 3.15137615
217 683 0.746129586 0.00248709862 3.14746544
217 683 0.74602791 0.0024867597 3.14746544
217 683 0.746355105 0.00248785035 3.14746544
217 683 0.74609317 0.00248697723 3.14746544
217 683 0.746071472 0.00248690491 3.14746544
217 683 0.746162415 0.00248720805 3.14746544
217 683 0.74611227 0.0024870409 3.14746544
217 683 0.746097607 0.00248699202 3.14746544
217 683 0.746143584 0.00248714528 3.14746544
217 683 0.746070389 0.0024869013 3.14746544
216 677 0.73853978 0.00246179927 3.13425926
216 676 0.734515795 0.00244838598 3.12962963
216 674 0.740515778 0.00246838593 3.12037037
216 674 0.740471939 0.0024682398 3.12037037
216 674 0.740526117 0.00246842039 3.12037037
216 674 0.74055283 0.00246850943 3.12037037
216 674 0.740584698 0.00246861566 3.12037037
216 674 0.740587092 0.00246862364 3.12037037
216 674 0.740554515 0.00246851505 3.12037037
216 674 0.740544729 0.00246848243 3.12037037
215 670 0.733995196 0.00244665065 3.11627907
215 670 0.733981964 0.00244660655 3.11627907
215 670 0.734193146 0.00244731049 3.11627907
215 670 0.73387857 0.0024462619 3.11627907
215 670 0.734149386 0.00244716462 3.11627907
215 670 0.734090231 0.00244696744 3.11627907
215 670 0.734098589 0.0024469953 3.11627907
215 670 0.734172485 0.00244724162 3.11627907
215 670 0.733893954 0.00244631318 3.11627907
215 670 0.734022099 0.00244674033 3.11627907
214 661 0.726914935 0.00242304978 3.08878505
214 661 0.727087893 0.00242362631 3.08878505
214 661 0.727041161 0.00242347054 3.08878505
214 661 0.727065617 0.00242355206 3.08878505
214 661 0.727115452 0.00242371817 3.08878505
214 663 0.726540015 0.00242180005 3.09813084
214 663 0.724621738 0.00241540579 3.09813084
214 660 0.727700033 0.00242566678 3.08411215
214 660 0.727810865 0.00242603622 3.08411215
214 660 0.727491812 0.00242497271 3.08411215
213 656 0.721366668 0.00240455556 3.07981221
213 656 0.721420077 0.00240473359 3.07981221
213 656 0.721464961 0.0024048832 3.07981221
213 656 0.721458019 0.00240486006 3.07981221
213 656 0.721316414 0.00240438805 3.07981221
213 656 0.721383837 0.00240461279 3.07981221
213 656 0.7216101 0.002405367 3.07981221
213 656 0.721402106 0.00240467369 3.07981221
213 656 0.721349937 0.00240449979 3.07981221
213 656 0.721457764 0.00240485921 3.07981221
212 647 0.714470454 0.00238156818 3.05188679
212 647 0.714181822 0.00238060607 3.05188679
212 647 0.714054582 0.00238018194 3.05188679
212 647 0.714445004 0.00238148335 3.05188679
212 647 0.714394682 0.00238131561 3.05188679
212 647 0.714517313 0.00238172438 3.05188679
212 647 0.714233444 0.00238077815 3.05188679
212 647 0.713922681 0.00237974227 3.05188679
212 647 0.714483483 0.00238161161 3.05188679
212 647 0.714379692 0.00238126564 3.05188679
211 639 0.707191204 0.00235730401 3.02843602
211 639 0.707201416 0.00235733805 3.02843602
211 639 0.707203527 0.00235734509 3.02843602
211 639 0.707149831 0.0023571661 3.02843602
211 639 0.70716951 0.0023572317 3.02843602
211 639 0.707130251 0.00235710084 3.02843602
211 639 0.707103869 0.0023570129 3.02843602
211 639 0.707182771 0.0023572759 3.02843602
211 639 0.707099876 0.00235699959 3.02843602
211 639 0.707167526 0.00235722509 3.02843602
210 634 0.698870625 0.00232956875 3.01904762
210 634 0.697076765 0.00232358922 3.01904762
210 637 0.702720393 0.00234240131 3.03333333
210 637 0.702752957 0.00234250986 3.03333333
210 637 0.702743384 0.00234247795 3.03333333
210 637 0.702676997 0.00234225666 3.03333333
210 637 0.70268855 0.00234229517 3.03333333
210 637 0.702687231 0.00234229077 3.03333333
210 637 0.702671672 0.00234223891 3.03333333
210 637 0.702673967 0.00234224656 3.03333333
209 629 0.695379079 0.00231793026 3.00956938
209 629 0.695343223 0.00231781074 3.00956938
209 629 0.695448955 0.00231816318 3.00956938
209 629 0.69545648 0.00231818827 3.00956938
209 629 0.695408659 0.00231802886 3.00956938
209 629 0.695420896 0.00231806965 3.00956938
209 629 0.695431118 0.00231810373 3.00956938
209 629 0.69543837 0.0023181279 3.00956938
209 629 0.695424672 0.00231808224 3.00956938
209 629 0.695429839 0.00231809946 3.00956938
208 626 0.686026957 0.00228675652 3.00961538
208 626 0.685952712 0.00228650904 3.00961538
208 626 0.685990246 0.00228663415 3.00961538
208 626 0.686029559 0.0022867652 3.00961538
208 626 0.685991037 0.00228663679 3.00961538
208 626 0.685990205 0.00228663402 3.00961538
208 626 0.685968438 0.00228656146 3.00961538
208 626 0.685977172 0.00228659057 3.00961538
208 626 0.685992908 0.00228664303 3.00961538
208 626 0.68600073 0.0022866691 3.00961538
207 621 0.677110814 0.00225703605 3
207 620 0.676696061 0.00225565354 2.99516908
207 621 0.682230606 0.00227410202 3
207 621 0.682160176 0.00227386725 3
206 618 0.672640813 0.00224213604 3
206 618 0.672638459 0.0022421282 3
206 616 0.67351019 0.00224503397 2.99029126
206 616 0.673199713 0.00224399904 2.99029126
206 618 0.672621332 0.00224207111 3
206 618 0.672758331 0.00224252777 3
205 613 0.664123726 0.00221374575 2.9902439
205 613 0.663831275 0.00221277092 2.9902439
205 613 0.663756059 0.0022125202 2.9902439
205 613 0.664492137 0.00221497379 2.9902439
205 613 0.664060093 0.00221353364 2.9902439
205 613 0.663870649 0.00221290216 2.9902439
205 613 0.66371176 0.00221237253 2.9902439
205 613 0.66431806 0.00221439353 2.9902439
205 613 0.664082878 0.00221360959 2.9902439
205 613 0.663358206 0.00221119402 2.9902439
204 609 0.653935494 0.00217978498 2.98529412
204 609 0.653881668 0.00217960556 2.98529412
204 609 0.65402148 0.0021800716 2.98529412
204 609 0.65377972 0.00217926573 2.98529412
204 609 0.653830913 0.00217943638 2.98529412
204 609 0.653670741 0.00217890247 2.98529412
204 609 0.653642655 0.00217880885 2.98529412
204 609 0.6539562 0.002179854 2.98529412
204 609 0.65370675 0.0021790225 2.98529412
204 609 0.653559791 0.00217853264 2.98529412
203 604 0.643309505 0.00214436502 2.97536946
203 604 0.642798385 0.00214266128 2.97536946
202 599 0.636025976 0.00212008659 2.96534653
202 599 0.636390983 0.00212130328 2.96534653
202 599 0.635883883 0.00211961294 2.96534653
202 599 0.636171018 0.00212057006 2.96534653
202 599 0.635925205 0.00211975068 2.96534653
202 599 0.636108068 0.00212036023 2.96534653
202 599 0.635767482 0.00211922494 2.96534653
202 599 0.63611804 0.00212039347 2.96534653
201 594 0.626030883 0.00208676961 2.95522388
201 594 0.625370183 0.00208456728 2.95522388
201 594 0.625786635 0.00208595545 2.95522388
201 594 0.624933065 0.00208311022 2.95522388
201 594 0.626659303 0.00208886434 2.95522388
201 594 0.625892928 0.00208630976 2.95522388
201 594 0.626161444 0.00208720481 2.95522388
201 594 0.626427094 0.00208809031 2.95522388
201 594 0.625854034 0.00208618011 2.95522388
201 594 0.62615227 0.00208717423 2.95522388
200 587 0.615289775 0.00205096592 2.935
200 589 0.612895482 0.00204298494 2.945
200 589 0.612412425 0.00204137475 2.945
200 589 0.614092722 0.00204697574 2.945
200 587 0.614871817 0.00204957272 2.935
200 587 0.614448804 0.00204816268 2.935
200 587 0.614835942 0.00204945314 2.935
200 587 0.614667604 0.00204889201 2.935
200 587 0.615079216 0.00205026405 2.935
200 587 0.614555257 0.00204851752 2.935
199 583 0.603583447 0.00201194482 2.92964824
199 583 0.603339535 0.00201113178 2.92964824
199 583 0.601878542 0.00200626181 2.92964824
198 576 0.593139827 0.00197713276 2.90909091
198 577 0.594445388 0.00198148463 2.91414141
198 580 0.595036719 0.00198345573 2.92929293
198 580 0.601655211 0.00200551737 2.92929293
198 581 0.609436609 0.00203145536 2.93434343
197 577 0.601597484 0.00200532495 2.92893401
197 575 0.603199797 0.00201066599 2.91878173
196 572 0.593947909 0.00197982636 2.91836735
196 572 0.593551425 0.00197850475 2.91836735
196 572 0.594165143 0.00198055048 2.91836735
196 572 0.593601571 0.0019786719 2.91836735
196 572 0.592240596 0.00197413532 2.91836735
196 572 0.593869687 0.00197956562 2.91836735
196 572 0.594543191 0.00198181064 2.91836735
196 572 0.59433257 0.00198110857 2.91836735
196 572 0.594446531 0.00198148844 2.91836735
196 572 0.593111663 0.00197703888 2.91836735
195 568 0.583212492 0.00194404164 2.91282051
195 565 0.582712282 0.00194237427 2.8974359
195 568 0.584435028 0.00194811676 2.91282051
195 568 0.584505853 0.00194835284 2.91282051
195 568 0.584897981 0.00194965994 2.91282051
195 568 0.584290113 0.00194763371 2.91282051
195 568 0.584630892 0.00194876964 2.91282051
195 568 0.5847015 0.001949005 2.91282051
195 568 0.584685821 0.00194895274 2.91282051
195 568 0.584780906 0.00194926969 2.91282051
194 563 0.573686993 0.00191228998 2.90206186
194 561 0.574426077 0.00191475359 2.89175258
194 561 0.574037433 0.00191345811 2.89175258
194 561 0.574506397 0.00191502132 2.89175258
194 561 0.574232861 0.00191410954 2.89175258
194 561 0.574246272 0.00191415424 2.89175258
194 561 0.574113148 0.00191371049 2.89175258
194 561 0.57405132 0.0019135044 2.89175258
194 561 0.574336064 0.00191445355 2.89175258
194 561 0.574057446 0.00191352482 2.89175258
193 556 0.563189075 0.00187729692 2.88082902
193 556 0.563115813 0.00187705271 2.88082902
193 557 0.562555041 0.00187518347 2.88601036
193 559 0.558784766 0.00186261589 2.89637306
193 562 0.564142941 0.00188047647 2.9119171
192 557 0.575078063 0.00191692688 2.90104167
192 559 0.581133098 0.00193711033 2.91145833
192 560 0.585729187 0.00195243062 2.91666667
192 557 0.586148214 0.00195382738 2.90104167
191 553 0.578589147 0.00192863049 2.89528796
190 548 0.572076204 0.00190692068 2.88421053
190 548 0.571841185 0.00190613728 2.88421053
190 548 0.572114388 0.00190704796 2.88421053
190 548 0.571244608 0.00190414869 2.88421053
190 548 0.571114314 0.00190371438 2.88421053
190 548 0.571871992 0.00190623997 2.88421053
190 548 0.57178564 0.00190595213 2.88421053
190 548 0.572092866 0.00190697622 2.88421053
190 548 0.571647958 0.00190549319 2.88421053
190 548 0.571879893 0.00190626631 2.88421053
189 545 0.562642023 0.00187547341 2.88359788
189 545 0.562680526 0.00187560175 2.88359788
189 545 0.563061703 0.00187687234 2.88359788
189 545 0.562753791 0.00187584597 2.88359788
189 545 0.562795835 0.00187598612 2.88359788
189 545 0.562830709 0.00187610236 2.88359788
189 545 0.562758614 0.00187586205 2.88359788
189 545 0.562846225 0.00187615408 2.88359788
189 545 0.562768668 0.00187589556 2.88359788
189 545 0.56282599 0.00187608663 2.88359788
188 541 0.553881068 0.00184627023 2.87765957
188 541 0.553783158 0.00184594386 2.87765957
188 541 0.553771988 0.00184590663 2.87765957
188 541 0.553695014 0.00184565005 2.87765957
188 541 0.553820771 0.00184606924 2.87765957
188 541 0.553748903 0.00184582968 2.87765957
188 541 0.553736377 0.00184578792 2.87765957
188 541 0.553743889 0.00184581296 2.87765957
188 541 0.553724751 0.00184574917 2.87765957
188 541 0.553764526 0.00184588175 2.87765957
187 534 0.543554488 0.00181184829 2.85561497
187 534 0.543625069 0.00181208356 2.85561497
187 536 0.543517278 0.00181172426 2.86631016
187 535 0.537693545 0.00179231182 2.86096257
187 534 0.546667533 0.00182222511 2.85561497
187 534 0.546154697 0.00182051566 2.85561497
187 534 0.546454328 0.00182151443 2.85561497
187 534 0.547752065 0.00182584022 2.85561497
187 534 0.54662658 0.0018220886 2.85561497
187 534 0.546486729 0.00182162243 2.85561497
186 530 0.537015245 0.00179005082 2.84946237
186 527 0.535658394 0.00178552798 2.83333333
186 530 0.536887081 0.0017896236 2.84946237
186 530 0.535846049 0.0017861535 2.84946237
186 530 0.536923153 0.00178974384 2.84946237
186 530 0.5379722 0.00179324067 2.84946237
186 530 0.535901359 0.00178633786 2.84946237
186 530 0.535794721 0.0017859824 2.84946237
186 530 0.537278345 0.00179092782 2.84946237
186 530 0.535849808 0.00178616603 2.84946237
185 524 0.525803493 0.00175267831 2.83243243
185 525 0.526041913 0.00175347304 2.83783784
185 525 0.525459194 0.00175153065 2.83783784
185 525 0.526680323 0.00175560108 2.83783784
185 523 0.527269213 0.00175756404 2.82702703
185 523 0.527186619 0.00175728873 2.82702703
185 523 0.527355176 0.00175785059 2.82702703
185 523 0.528005883 0.00176001961 2.82702703
185 523 0.527823507 0.00175941169 2.82702703
185 523 0.527274583 0.00175758194 2.82702703
184 518 0.515926283 0.00171975428 2.81521739
184 518 0.516386665 0.00172128888 2.81521739
184 518 0.515711961 0.00171903987 2.81521739
184 518 0.516015521 0.00172005174 2.81521739
184 518 0.516816591 0.00172272197 2.81521739
184 518 0.515525417 0.00171841806 2.81521739
184 518 0.516088206 0.00172029402 2.81521739
184 518 0.516130021 0.0017204334 2.81521739
184 518 0.51542586 0.0017180862 2.81521739
184 518 0.515974293 0.00171991431 2.81521739
183 513 0.50472215 0.00168240717 2.80327869
183 513 0.504908126 0.00168302709 2.80327869
183 513 0.504944164 0.00168314721 2.80327869
183 513 0.505193442 0.00168397814 2.80327869
183 513 0.504802939 0.00168267646 2.80327869
183 513 0.504773307 0.00168257769 2.80327869
183 513 0.50499544 0.00168331813 2.80327869
183 513 0.504789285 0.00168263095 2.80327869
183 513 0.504640637 0.00168213546 2.80327869
183 513 0.504788865 0.00168262955 2.80327869
182 507 0.492989313 0.00164329771 2.78571429
182 507 0.493022457 0.00164340819 2.78571429
182 507 0.493277585 0.00164425862 2.78571429
182 508 0.491262435 0.00163754145 2.79120879
182 508 0.487277696 0.00162425899 2.79120879
182 511 0.492816767 0.00164272256 2.80769231
182 511 0.500726049 0.00166908683 2.80769231
181 505 0.496789747 0.00165596582 2.79005525
181 507 0.504989239 0.00168329746 2.80110497
181 505 0.508653086 0.00169551029 2.79005525
180 501 0.500718572 0.00166906191 2.78333333
180 501 0.500619171 0.00166873057 2.78333333
180 501 0.500213422 0.00166737807 2.78333333
180 501 0.50029843 0.00166766143 2.78333333
180 501 0.500857296 0.00166952432 2.78333333
180 501 0.49914768 0.0016638256 2.78333333
180 501 0.500019174 0.00166673058 2.78333333
180 501 0.500357554 0.00166785851 2.78333333
180 501 0.499345013 0.00166448338 2.78333333
180 501 0.499673942 0.00166557981 2.78333333
179 496 0.490183395 0.00163394465 2.77094972
179 495 0.488694804 0.00162898268 2.76536313
179 495 0.489256614 0.00163085538 2.76536313
179 496 0.490569716 0.00163523239 2.77094972
179 496 0.490504647 0.00163501549 2.77094972
179 496 0.489433196 0.00163144399 2.77094972
179 496 0.490110211 0.0016337007 2.77094972
179 496 0.490067859 0.00163355953 2.77094972
179 496 0.490311803 0.00163437268 2.77094972
179 496 0.490371875 0.00163457292 2.77094972
178 490 0.480099024 0.00160033008 2.75280899
178 490 0.480392822 0.00160130941 2.75280899
178 490 0.48032766 0.0016010922 2.75280899
178 489 0.479734701 0.00159911567 2.74719101
178 489 0.479715682 0.00159905227 2.74719101
178 489 0.47992466 0.00159974887 2.74719101
178 489 0.479783675 0.00159927892 2.74719101
178 489 0.479783031 0.00159927677 2.74719101
178 489 0.479776817 0.00159925606 2.74719101
178 489 0.479856732 0.00159952244 2.74719101
177 483 0.469567767 0.00156522589 2.72881356
177 483 0.469519525 0.00156506508 2.72881356
177 483 0.469653309 0.00156551103 2.72881356
177 483 0.469469507 0.00156489836 2.72881356
177 483 0.469480898 0.00156493633 2.72881356
177 483 0.469459721 0.00156486574 2.72881356
177 483 0.469464031 0.0015648801 2.72881356
177 482 0.468137283 0.00156045761 2.72316384
176 478 0.469162496 0.00156387499 2.71590909
176 480 0.45967037 0.00153223457 2.72727273
175 472 0.459990978 0.00153330326 2.69714286
SP does not find any fixed points -> SP does not converge.
I am sorry I quit :(
