START ALGORITHM:
I am going to build an instance with N: 300 variables and 1200 clauses with a clause density equal to 4
START BSP WITH r=0.9:
Decimation scorer: pol
END UNIT PROPAGATION
300 1200 5.34011925 0.0178003975 4
300 1200 5.33993292 0.0177997764 4
300 1200 5.34020128 0.0178006709 4
300 1200 5.34011176 0.0178003725 4
300 1200 5.34010496 0.0178003499 4
300 1200 5.34011698 0.0178003899 4
300 1200 5.34011749 0.0178003916 4
300 1200 5.34011801 0.0178003934 4
300 1200 5.34011874 0.0178003958 4
299 1188 5.31818333 0.0177272778 3.97324415
299 1188 5.31812904 0.0177270968 3.97324415
299 1188 5.31797776 0.0177265925 3.97324415
299 1188 5.31797161 0.017726572 3.97324415
299 1188 5.31798302 0.0177266101 3.97324415
299 1188 5.31798636 0.0177266212 3.97324415
299 1188 5.3179861 0.0177266203 3.97324415
299 1188 5.31798648 0.0177266216 3.97324415
299 1188 5.31798658 0.0177266219 3.97324415
299 1188 5.31798649 0.0177266216 3.97324415
298 1180 5.29821516 0.0176607172 3.95973154
298 1180 5.29843687 0.0176614562 3.95973154
298 1180 5.2985945 0.0176619817 3.95973154
298 1180 5.29863632 0.0176621211 3.95973154
298 1180 5.29864737 0.0176621579 3.95973154
298 1180 5.29864902 0.0176621634 3.95973154
298 1180 5.2986495 0.017662165 3.95973154
298 1180 5.29864961 0.0176621654 3.95973154
298 1180 5.29864968 0.0176621656 3.95973154
298 1180 5.2986497 0.0176621657 3.95973154
297 1170 5.25201088 0.0175067029 3.93939394
297 1170 5.25161418 0.0175053806 3.93939394
297 1170 5.25165253 0.0175055084 3.93939394
297 1170 5.25163875 0.0175054625 3.93939394
297 1170 5.25163156 0.0175054385 3.93939394
297 1170 5.25163391 0.0175054464 3.93939394
297 1170 5.25163549 0.0175054516 3.93939394
297 1170 5.25163536 0.0175054512 3.93939394
297 1170 5.25163521 0.0175054507 3.93939394
297 1170 5.25163522 0.0175054507 3.93939394
296 1156 5.23212531 0.0174404177 3.90540541
296 1156 5.23199207 0.0174399736 3.90540541
296 1156 5.2319994 0.017439998 3.90540541
296 1156 5.23207279 0.0174402426 3.90540541
296 1156 5.23206541 0.017440218 3.90540541
296 1156 5.23205397 0.0174401799 3.90540541
296 1156 5.23205829 0.0174401943 3.90540541
296 1156 5.232059 0.0174401967 3.90540541
296 1156 5.23205862 0.0174401954 3.90540541
296 1156 5.23205857 0.0174401952 3.90540541
295 1145 5.19817275 0.0173272425 3.88135593
295 1145 5.19822174 0.0173274058 3.88135593
295 1145 5.19815594 0.0173271865 3.88135593
295 1145 5.19819092 0.0173273031 3.88135593
295 1145 5.19818258 0.0173272753 3.88135593
295 1145 5.19818091 0.0173272697 3.88135593
295 1145 5.19818296 0.0173272765 3.88135593
295 1145 5.19818284 0.0173272761 3.88135593
295 1145 5.19818237 0.0173272746 3.88135593
295 1145 5.19818232 0.0173272744 3.88135593
294 1137 5.18459188 0.0172819729 3.86734694
294 1137 5.18459811 0.0172819937 3.86734694
294 1137 5.18473728 0.0172824576 3.86734694
294 1137 5.18471296 0.0172823765 3.86734694
294 1137 5.18469742 0.0172823247 3.86734694
294 1137 5.18470198 0.0172823399 3.86734694
294 1137 5.18470291 0.017282343 3.86734694
294 1137 5.18470312 0.0172823437 3.86734694
294 1137 5.18470307 0.0172823436 3.86734694
294 1137 5.18470307 0.0172823436 3.86734694
293 1125 5.15135608 0.0171711869 3.83959044
293 1125 5.15151608 0.0171717203 3.83959044
293 1125 5.15155134 0.0171718378 3.83959044
293 1125 5.15156499 0.0171718833 3.83959044
293 1125 5.15156569 0.0171718856 3.83959044
293 1125 5.15156509 0.0171718836 3.83959044
293 1125 5.15156479 0.0171718826 3.83959044
293 1125 5.15156473 0.0171718824 3.83959044
293 1125 5.15156471 0.0171718824 3.83959044
293 1125 5.15156471 0.0171718824 3.83959044
292 1115 5.11507539 0.0170502513 3.81849315
292 1119 5.15131764 0.0171710588 3.83219178
292 1119 5.15156204 0.0171718735 3.83219178
292 1119 5.15156283 0.0171718761 3.83219178
292 1119 5.15156547 0.0171718849 3.83219178
292 1119 5.1515652 0.017171884 3.83219178
292 1119 5.15156489 0.017171883 3.83219178
292 1119 5.15156474 0.0171718825 3.83219178
292 1119 5.15156473 0.0171718824 3.83219178
292 1119 5.15156472 0.0171718824 3.83219178
291 1109 5.11507539 0.0170502513 3.81099656
291 1109 5.11482659 0.017049422 3.81099656
291 1109 5.11475211 0.0170491737 3.81099656
291 1109 5.11477533 0.0170492511 3.81099656
291 1109 5.11477368 0.0170492456 3.81099656
291 1109 5.11477368 0.0170492456 3.81099656
291 1109 5.11477378 0.0170492459 3.81099656
291 1109 5.11477379 0.017049246 3.81099656
291 1109 5.1147738 0.017049246 3.81099656
291 1109 5.1147738 0.017049246 3.81099656
290 1098 5.0584706 0.0168615687 3.7862069
290 1098 5.05872882 0.0168624294 3.7862069
290 1098 5.05876541 0.0168625514 3.7862069
290 1098 5.05877594 0.0168625865 3.7862069
290 1098 5.05877202 0.0168625734 3.7862069
290 1098 5.05877156 0.0168625719 3.7862069
290 1098 5.05877185 0.0168625728 3.7862069
290 1098 5.05877182 0.0168625727 3.7862069
290 1098 5.05877183 0.0168625728 3.7862069
290 1098 5.05877183 0.0168625728 3.7862069
289 1090 5.01815221 0.016727174 3.7716263
289 1090 5.01771175 0.0167257058 3.7716263
289 1090 4.97883597 0.0165961199 3.7716263
289 1089 4.97775743 0.0165925248 3.76816609
289 1092 4.99710119 0.016657004 3.77854671
289 1092 4.99724395 0.0166574798 3.77854671
289 1092 4.99709707 0.0166569902 3.77854671
289 1092 4.99713842 0.0166571281 3.77854671
289 1092 4.99714259 0.016657142 3.77854671
289 1092 4.99714162 0.0166571387 3.77854671
288 1082 4.97017777 0.0165672592 3.75694444
288 1082 4.97010375 0.0165670125 3.75694444
288 1082 4.97012081 0.0165670694 3.75694444
288 1082 4.97026422 0.0165675474 3.75694444
288 1082 4.97011286 0.0165670429 3.75694444
288 1082 4.97027081 0.0165675694 3.75694444
288 1082 4.97011298 0.0165670433 3.75694444
288 1082 4.970272 0.0165675733 3.75694444
288 1082 4.97011303 0.0165670434 3.75694444
288 1082 4.9702721 0.0165675737 3.75694444
287 1074 4.9249855 0.0164166183 3.74216028
287 1074 4.93229695 0.0164409898 3.74216028
287 1075 4.95014384 0.0165004795 3.7456446
287 1079 4.94378306 0.0164792769 3.75958188
287 1079 4.9435224 0.016478408 3.75958188
287 1079 4.94361716 0.0164787239 3.75958188
287 1079 4.94348808 0.0164782936 3.75958188
287 1079 4.94361637 0.0164787212 3.75958188
287 1079 4.94348372 0.0164782791 3.75958188
287 1079 4.94361637 0.0164787212 3.75958188
286 1071 4.89979392 0.0163326464 3.74475524
286 1071 4.89964056 0.0163321352 3.74475524
286 1071 4.8996346 0.0163321153 3.74475524
286 1071 4.89958025 0.0163319342 3.74475524
286 1071 4.89961584 0.0163320528 3.74475524
286 1071 4.89961818 0.0163320606 3.74475524
286 1071 4.89961705 0.0163320568 3.74475524
286 1071 4.8996179 0.0163320597 3.74475524
286 1071 4.89961748 0.0163320583 3.74475524
286 1071 4.89961751 0.0163320584 3.74475524
285 1061 4.87011793 0.0162337264 3.72280702
285 1061 4.87010779 0.0162336926 3.72280702
285 1061 4.87015165 0.0162338388 3.72280702
285 1061 4.87016401 0.01623388 3.72280702
285 1061 4.87016244 0.0162338748 3.72280702
285 1061 4.87016146 0.0162338715 3.72280702
285 1061 4.87016114 0.0162338705 3.72280702
285 1061 4.87016083 0.0162338694 3.72280702
285 1061 4.87016091 0.0162338697 3.72280702
285 1061 4.87016086 0.0162338695 3.72280702
284 1053 4.83600092 0.0161200031 3.70774648
284 1050 4.85829458 0.0161943153 3.6971831
284 1052 4.86058874 0.0162019625 3.70422535
284 1053 4.80015114 0.0160005038 3.70774648
284 1050 4.84494291 0.0161498097 3.6971831
284 1050 4.8448194 0.016149398 3.6971831
284 1050 4.8447592 0.0161491973 3.6971831
284 1050 4.84461 0.0161487 3.6971831
284 1050 4.84459448 0.0161486483 3.6971831
284 1050 4.84459553 0.0161486518 3.6971831
283 1039 4.7888378 0.0159627927 3.67137809
283 1040 4.81462398 0.0160487466 3.67491166
283 1040 4.81468811 0.0160489604 3.67491166
283 1039 4.78905756 0.0159635252 3.67137809
283 1039 4.78919123 0.0159639708 3.67137809
283 1039 4.78914993 0.0159638331 3.67137809
283 1039 4.78918447 0.0159639482 3.67137809
283 1039 4.78917995 0.0159639332 3.67137809
283 1039 4.78918024 0.0159639341 3.67137809
283 1039 4.78918062 0.0159639354 3.67137809
282 1029 4.75857627 0.0158619209 3.64893617
282 1029 4.75833722 0.0158611241 3.64893617
282 1029 4.75832115 0.0158610705 3.64893617
282 1029 4.75872934 0.0158624311 3.64893617
282 1029 4.75822097 0.0158607366 3.64893617
282 1029 4.7583819 0.015861273 3.64893617
282 1029 4.75826185 0.0158608728 3.64893617
282 1029 4.75831056 0.0158610352 3.64893617
282 1029 4.75873571 0.0158624524 3.64893617
282 1029 4.75821781 0.015860726 3.64893617
281 1021 4.71016326 0.0157005442 3.63345196
281 1021 4.71040895 0.0157013632 3.63345196
281 1021 4.71040881 0.0157013627 3.63345196
281 1021 4.71039425 0.0157013142 3.63345196
281 1021 4.71038119 0.0157012706 3.63345196
281 1021 4.71037912 0.0157012637 3.63345196
281 1021 4.71038419 0.0157012806 3.63345196
281 1021 4.71038197 0.0157012732 3.63345196
281 1021 4.71038198 0.0157012733 3.63345196
281 1021 4.71038162 0.0157012721 3.63345196
280 1015 4.70634141 0.0156878047 3.625
280 1015 4.70629953 0.0156876651 3.625
280 1015 4.70636459 0.015687882 3.625
280 1015 4.70629539 0.0156876513 3.625
280 1015 4.70637086 0.0156879029 3.625
280 1015 4.70629506 0.0156876502 3.625
280 1015 4.70637065 0.0156879022 3.625
280 1015 4.70629509 0.0156876503 3.625
280 1015 4.70637065 0.0156879022 3.625
280 1015 4.70629509 0.0156876503 3.625
279 1007 4.65796153 0.0155265384 3.609319
279 1007 4.65766667 0.0155255556 3.609319
279 1007 4.65810147 0.0155270049 3.609319
279 1007 4.65773463 0.0155257821 3.609319
279 1007 4.65812063 0.0155270688 3.609319
279 1007 4.65773841 0.0155257947 3.609319
279 1007 4.658121 0.01552707 3.609319
279 1007 4.6577385 0.015525795 3.609319
279 1007 4.65812098 0.0155270699 3.609319
279 1007 4.65773849 0.015525795 3.609319
278 1000 4.62160695 0.0154053565 3.5971223
278 1000 4.62158094 0.0154052698 3.5971223
278 1000 4.62146022 0.0154048674 3.5971223
278 1000 4.62149173 0.0154049724 3.5971223
278 1000 4.62148622 0.0154049541 3.5971223
278 1000 4.62148689 0.0154049563 3.5971223
278 1000 4.62148658 0.0154049553 3.5971223
278 1000 4.62148663 0.0154049554 3.5971223
278 1000 4.62148662 0.0154049554 3.5971223
278 1000 4.62148662 0.0154049554 3.5971223
277 992 4.57595291 0.0152531764 3.58122744
277 992 4.55774727 0.0151924909 3.58122744
277 991 4.54612657 0.0151537552 3.57761733
277 992 4.56460164 0.0152153388 3.58122744
277 990 4.52478342 0.0150826114 3.57400722
277 993 4.49715203 0.0149905068 3.58483755
277 994 4.46829915 0.0148943305 3.58844765
277 994 4.47366191 0.0149122064 3.58844765
277 991 4.47167544 0.0149055848 3.57761733
277 994 4.47516939 0.0149172313 3.58844765
276 986 4.43043835 0.0147681278 3.57246377
276 986 4.43052649 0.0147684216 3.57246377
276 986 4.43045778 0.0147681926 3.57246377
276 986 4.43042918 0.0147680973 3.57246377
276 986 4.43054751 0.0147684917 3.57246377
276 986 4.43044191 0.0147681397 3.57246377
276 986 4.43042856 0.0147680952 3.57246377
276 986 4.43054772 0.0147684924 3.57246377
276 986 4.43044229 0.014768141 3.57246377
276 986 4.43042837 0.0147680946 3.57246377
275 978 4.39765969 0.0146588656 3.55636364
275 977 4.350506 0.0145016867 3.55272727
275 978 4.37522098 0.0145840699 3.55636364
275 978 4.36848442 0.0145616147 3.55636364
275 978 4.36860321 0.0145620107 3.55636364
275 978 4.36860733 0.0145620244 3.55636364
275 978 4.36860107 0.0145620036 3.55636364
275 978 4.36860142 0.0145620047 3.55636364
275 978 4.36860155 0.0145620052 3.55636364
275 978 4.36860142 0.0145620047 3.55636364
274 970 4.3379005 0.0144596683 3.54014599
274 970 4.33788377 0.0144596126 3.54014599
274 970 4.33786455 0.0144595485 3.54014599
274 970 4.33786575 0.0144595525 3.54014599
274 970 4.33786528 0.0144595509 3.54014599
274 970 4.33786229 0.014459541 3.54014599
274 970 4.33786312 0.0144595437 3.54014599
274 970 4.33786293 0.0144595431 3.54014599
274 970 4.3378629 0.014459543 3.54014599
274 970 4.33786294 0.0144595431 3.54014599
273 964 4.334816 0.0144493867 3.53113553
273 964 4.33490487 0.0144496829 3.53113553
273 964 4.33496602 0.0144498867 3.53113553
273 964 4.33493199 0.0144497733 3.53113553
273 964 4.33493107 0.0144497702 3.53113553
273 964 4.33493322 0.0144497774 3.53113553
273 964 4.33493344 0.0144497781 3.53113553
273 964 4.33493331 0.0144497777 3.53113553
273 964 4.3349333 0.0144497777 3.53113553
273 964 4.3349333 0.0144497777 3.53113553
272 955 4.29782782 0.0143260927 3.51102941
272 955 4.29782809 0.0143260936 3.51102941
272 955 4.29776609 0.014325887 3.51102941
272 955 4.29771626 0.0143257209 3.51102941
272 955 4.29774487 0.0143258162 3.51102941
272 955 4.29778607 0.0143259536 3.51102941
272 955 4.29771729 0.0143257243 3.51102941
272 955 4.29774432 0.0143258144 3.51102941
272 955 4.29778581 0.0143259527 3.51102941
272 955 4.29771728 0.0143257243 3.51102941
271 949 4.26627968 0.0142209323 3.50184502
271 948 4.23637124 0.0141212375 3.49815498
271 950 4.19173389 0.0139724463 3.50553506
271 950 4.24337145 0.0141445715 3.50553506
271 950 4.24323056 0.0141441019 3.50553506
271 950 4.24312315 0.0141437438 3.50553506
271 950 4.24316119 0.0141438706 3.50553506
271 950 4.24316637 0.0141438879 3.50553506
271 950 4.24320749 0.014144025 3.50553506
271 950 4.24324578 0.0141441526 3.50553506
270 944 4.21275657 0.0140425219 3.4962963
270 944 4.21280268 0.0140426756 3.4962963
270 944 4.21207937 0.0140402646 3.4962963
270 944 4.21287357 0.0140429119 3.4962963
270 945 4.14550823 0.0138183608 3.5
270 944 4.21243223 0.0140414408 3.4962963
270 944 4.21292068 0.0140430689 3.4962963
270 944 4.2110889 0.014036963 3.4962963
270 944 4.21284978 0.0140428326 3.4962963
270 944 4.21109211 0.0140369737 3.4962963
269 937 4.15422626 0.0138474209 3.48327138
269 939 4.11566914 0.0137188971 3.49070632
269 939 4.11582486 0.0137194162 3.49070632
269 938 4.09601688 0.0136533896 3.48698885
269 939 4.11586839 0.0137195613 3.49070632
269 939 4.11580212 0.0137193404 3.49070632
269 939 4.11576863 0.0137192288 3.49070632
269 939 4.11576585 0.0137192195 3.49070632
269 939 4.1157652 0.0137192173 3.49070632
269 939 4.11576508 0.0137192169 3.49070632
268 932 4.06786329 0.0135595443 3.47761194
268 931 4.02406922 0.0134135641 3.4738806
268 936 4.04449194 0.0134816398 3.49253731
268 932 4.03366182 0.0134455394 3.47761194
268 929 4.01787119 0.013392904 3.46641791
268 931 4.02337758 0.0134112586 3.4738806
268 932 4.0335555 0.013445185 3.47761194
268 932 4.03371786 0.0134457262 3.47761194
268 933 3.9903771 0.013301257 3.48134328
268 932 4.03374201 0.0134458067 3.47761194
267 925 3.9970966 0.0133236553 3.46441948
267 927 3.98966178 0.0132988726 3.47191011
267 927 3.98968392 0.0132989464 3.47191011
267 927 3.98969018 0.0132989673 3.47191011
267 927 3.98968414 0.0132989471 3.47191011
267 927 3.98968247 0.0132989416 3.47191011
267 927 3.98968219 0.0132989406 3.47191011
267 927 3.98968219 0.0132989406 3.47191011
267 927 3.98968219 0.0132989406 3.47191011
267 927 3.98968219 0.0132989406 3.47191011
266 920 3.95397832 0.0131799277 3.45864662
266 920 3.95420322 0.0131806774 3.45864662
266 920 3.95430529 0.0131810176 3.45864662
266 920 3.95407623 0.0131802541 3.45864662
266 920 3.95410987 0.0131803662 3.45864662
266 920 3.95410132 0.0131803377 3.45864662
266 920 3.95410112 0.0131803371 3.45864662
266 920 3.95410193 0.0131803398 3.45864662
266 920 3.9541016 0.0131803387 3.45864662
266 920 3.95410173 0.0131803391 3.45864662
265 913 3.91490466 0.0130496822 3.44528302
265 913 3.91477154 0.0130492385 3.44528302
265 913 3.91504692 0.0130501564 3.44528302
265 913 3.91507087 0.0130502362 3.44528302
265 913 3.91497417 0.0130499139 3.44528302
265 913 3.91498383 0.0130499461 3.44528302
265 913 3.91507226 0.0130502409 3.44528302
265 913 3.91478169 0.0130492723 3.44528302
265 913 3.91505027 0.0130501676 3.44528302
265 913 3.91507284 0.0130502428 3.44528302
264 904 3.86871484 0.0128957161 3.42424242
264 906 3.86451184 0.0128817061 3.43181818
264 909 3.85968545 0.0128656182 3.44318182
264 909 3.87090707 0.0129030236 3.44318182
264 909 3.87039351 0.0129013117 3.44318182
264 909 3.87048771 0.0129016257 3.44318182
264 909 3.87048763 0.0129016254 3.44318182
264 909 3.87048041 0.0129016014 3.44318182
264 909 3.87047936 0.0129015979 3.44318182
264 909 3.87047873 0.0129015958 3.44318182
263 902 3.82241612 0.0127413871 3.42965779
263 905 3.8470042 0.0128233473 3.44106464
263 906 3.86917033 0.0128972344 3.44486692
263 906 3.85754778 0.0128584926 3.44486692
263 906 3.85764321 0.0128588107 3.44486692
263 906 3.85753054 0.0128584351 3.44486692
263 906 3.85759247 0.0128586416 3.44486692
263 906 3.85769156 0.0128589719 3.44486692
263 906 3.85760685 0.0128586895 3.44486692
263 906 3.85756157 0.0128585386 3.44486692
262 899 3.8200229 0.0127334097 3.43129771
262 901 3.8318602 0.0127728673 3.4389313
262 901 3.83194275 0.0127731425 3.4389313
262 901 3.83190821 0.0127730274 3.4389313
262 901 3.83190181 0.012773006 3.4389313
262 901 3.83190284 0.0127730095 3.4389313
262 901 3.83190308 0.0127730103 3.4389313
262 901 3.83190311 0.0127730104 3.4389313
262 901 3.83190309 0.0127730103 3.4389313
262 901 3.83190309 0.0127730103 3.4389313
261 894 3.79654803 0.0126551601 3.42528736
261 897 3.81182275 0.0127060758 3.43678161
261 895 3.79839645 0.0126613215 3.42911877
261 892 3.77291538 0.0125763846 3.41762452
261 895 3.79794878 0.0126598293 3.42911877
261 895 3.79808493 0.0126602831 3.42911877
261 895 3.79800107 0.0126600036 3.42911877
261 895 3.79802621 0.0126600874 3.42911877
261 895 3.79802753 0.0126600918 3.42911877
261 895 3.79802502 0.0126600834 3.42911877
260 888 3.76309206 0.0125436402 3.41538462
260 888 3.7632441 0.012544147 3.41538462
260 888 3.76330477 0.0125443492 3.41538462
260 888 3.76326367 0.0125442122 3.41538462
260 888 3.76327929 0.0125442643 3.41538462
260 888 3.76327702 0.0125442567 3.41538462
260 888 3.76327659 0.0125442553 3.41538462
260 888 3.76327675 0.0125442558 3.41538462
260 888 3.76327668 0.0125442556 3.41538462
260 888 3.76327669 0.0125442556 3.41538462
259 883 3.73960723 0.0124653574 3.40926641
259 883 3.73935282 0.0124645094 3.40926641
259 883 3.7393424 0.0124644747 3.40926641
259 883 3.73934542 0.0124644847 3.40926641
259 883 3.73934544 0.0124644848 3.40926641
259 883 3.73934546 0.0124644849 3.40926641
259 883 3.73934546 0.0124644849 3.40926641
259 883 3.73934546 0.0124644849 3.40926641
259 883 3.73934546 0.0124644849 3.40926641
259 883 3.73934546 0.0124644849 3.40926641
258 877 3.64889637 0.0121629879 3.39922481
258 879 3.73984638 0.0124661546 3.40697674
258 879 3.7394437 0.0124648123 3.40697674
258 879 3.73935981 0.0124645327 3.40697674
258 879 3.73934411 0.0124644804 3.40697674
258 879 3.7393454 0.0124644847 3.40697674
258 879 3.73934545 0.0124644848 3.40697674
258 879 3.73934546 0.0124644849 3.40697674
258 879 3.73934546 0.0124644849 3.40697674
258 879 3.73934546 0.0124644849 3.40697674
257 873 3.64889637 0.0121629879 3.39688716
257 874 3.6842037 0.012280679 3.40077821
257 873 3.6727954 0.0122426513 3.39688716
257 873 3.67364077 0.0122454692 3.39688716
257 872 3.65130367 0.0121710122 3.39299611
257 873 3.63822765 0.0121274255 3.39688716
257 872 3.65136134 0.0121712045 3.39299611
257 872 3.65127875 0.0121709292 3.39299611
257 872 3.65158277 0.0121719426 3.39299611
257 872 3.65145156 0.0121715052 3.39299611
256 866 3.61958076 0.0120652692 3.3828125
256 866 3.61950923 0.0120650308 3.3828125
256 866 3.61949584 0.0120649861 3.3828125
256 866 3.61957269 0.0120652423 3.3828125
256 866 3.61953077 0.0120651026 3.3828125
256 866 3.61952906 0.0120650969 3.3828125
256 866 3.61953245 0.0120651082 3.3828125
256 866 3.6195348 0.012065116 3.3828125
256 866 3.61953067 0.0120651022 3.3828125
256 866 3.61953432 0.0120651144 3.3828125
255 862 3.61953336 0.0120651112 3.38039216
255 862 3.61938009 0.0120646003 3.38039216
255 862 3.61962406 0.0120654135 3.38039216
255 862 3.6195707 0.0120652357 3.38039216
255 860 3.5298419 0.0117661397 3.37254902
255 862 3.6197156 0.0120657187 3.38039216
255 862 3.61957344 0.0120652448 3.38039216
255 862 3.61962214 0.0120654071 3.38039216
255 862 3.61957125 0.0120652375 3.38039216
255 862 3.61962236 0.0120654079 3.38039216
254 853 3.57701498 0.0119233833 3.35826772
254 856 3.51503127 0.0117167709 3.37007874
254 854 3.55533744 0.0118511248 3.36220472
254 854 3.52791006 0.0117597002 3.36220472
254 854 3.54997607 0.0118332536 3.36220472
254 854 3.55018287 0.0118339429 3.36220472
254 854 3.55016666 0.0118338889 3.36220472
254 854 3.55015982 0.0118338661 3.36220472
254 854 3.55016312 0.0118338771 3.36220472
254 854 3.5501605 0.0118338683 3.36220472
253 849 3.52810558 0.0117603519 3.35573123
253 849 3.52789697 0.0117596566 3.35573123
253 849 3.52790984 0.0117596995 3.35573123
253 849 3.52790666 0.0117596889 3.35573123
253 849 3.52790701 0.01175969 3.35573123
253 849 3.52790719 0.0117596906 3.35573123
253 849 3.52790723 0.0117596908 3.35573123
253 849 3.52790724 0.0117596908 3.35573123
253 849 3.52790724 0.0117596908 3.35573123
253 849 3.52790724 0.0117596908 3.35573123
252 840 3.48876751 0.011629225 3.33333333
252 840 3.48873461 0.0116291154 3.33333333
252 840 3.48850627 0.0116283542 3.33333333
252 840 3.48900458 0.0116300153 3.33333333
252 840 3.4884912 0.011628304 3.33333333
252 840 3.48900952 0.0116300317 3.33333333
252 840 3.48849095 0.0116283032 3.33333333
252 840 3.48900951 0.0116300317 3.33333333
252 840 3.48849096 0.0116283032 3.33333333
252 840 3.4890095 0.0116300317 3.33333333
251 834 3.39822341 0.0113274114 3.32270916
251 834 3.39849594 0.0113283198 3.32270916
251 834 3.39851559 0.0113283853 3.32270916
251 834 3.39847732 0.0113282577 3.32270916
251 834 3.39847605 0.0113282535 3.32270916
251 834 3.39848735 0.0113282912 3.32270916
251 834 3.39848152 0.0113282717 3.32270916
251 834 3.39848348 0.0113282783 3.32270916
251 834 3.39848358 0.0113282786 3.32270916
251 834 3.39848343 0.0113282781 3.32270916
250 828 3.36589048 0.0112196349 3.312
250 828 3.36526496 0.0112175499 3.312
250 828 3.36485168 0.0112161723 3.312
250 828 3.36609723 0.0112203241 3.312
250 828 3.36558171 0.0112186057 3.312
250 828 3.36529109 0.011217637 3.312
250 828 3.3652291 0.0112174303 3.312
250 828 3.36528973 0.0112176324 3.312
250 828 3.36530587 0.0112176862 3.312
250 828 3.36530613 0.0112176871 3.312
249 821 3.29842874 0.0109947625 3.29718876
249 821 3.29121852 0.0109707284 3.29718876
249 824 3.31524564 0.0110508188 3.30923695
249 823 3.29012058 0.0109670686 3.30522088
249 823 3.29016271 0.010967209 3.30522088
249 823 3.29011729 0.0109670576 3.30522088
249 823 3.29016917 0.0109672306 3.30522088
249 823 3.29013148 0.0109671049 3.30522088
249 823 3.29014408 0.0109671469 3.30522088
249 823 3.29014133 0.0109671378 3.30522088
248 817 3.25795312 0.0108598437 3.29435484
248 817 3.25779946 0.0108593315 3.29435484
248 817 3.25818447 0.0108606149 3.29435484
248 817 3.25738303 0.0108579434 3.29435484
248 817 3.25748255 0.0108582752 3.29435484
248 817 3.25750456 0.0108583485 3.29435484
248 817 3.25750086 0.0108583362 3.29435484
248 817 3.25750031 0.0108583344 3.29435484
248 817 3.2575004 0.0108583347 3.29435484
248 817 3.25750041 0.0108583347 3.29435484
247 810 3.19084475 0.0106361492 3.27935223
247 811 3.227261 0.0107575367 3.28340081
247 811 3.22704079 0.0107568026 3.28340081
247 811 3.22711415 0.0107570472 3.28340081
247 811 3.22695672 0.0107565224 3.28340081
247 811 3.22752 0.0107584 3.28340081
247 811 3.22716959 0.010757232 3.28340081
247 811 3.2269562 0.0107565207 3.28340081
247 811 3.22751838 0.0107583946 3.28340081
247 811 3.22716972 0.0107572324 3.28340081
246 804 3.16098011 0.0105366004 3.26829268
246 802 3.15606399 0.0105202133 3.2601626
246 804 3.09201622 0.0103067207 3.26829268
246 801 3.09339166 0.0103113055 3.25609756
246 801 3.12131469 0.0104043823 3.25609756
246 801 3.12133544 0.0104044515 3.25609756
246 801 3.12114345 0.0104038115 3.25609756
246 801 3.12130968 0.0104043656 3.25609756
246 801 3.12112579 0.0104037526 3.25609756
246 801 3.1213073 0.0104043577 3.25609756
245 795 3.08771297 0.0102923766 3.24489796
245 794 3.05595717 0.0101865239 3.24081633
245 794 3.0566127 0.010188709 3.24081633
245 793 3.01827139 0.0100609046 3.23673469
245 793 3.08247403 0.0102749134 3.23673469
245 793 3.01798618 0.0100599539 3.23673469
245 793 3.01806992 0.0100602331 3.23673469
245 793 3.01803876 0.0100601292 3.23673469
245 793 3.01804203 0.0100601401 3.23673469
245 793 3.01806625 0.0100602208 3.23673469
244 787 3.01293635 0.0100431212 3.22540984
244 787 3.01297926 0.0100432642 3.22540984
244 787 3.01295435 0.0100431812 3.22540984
244 787 3.01296117 0.0100432039 3.22540984
244 787 3.01296671 0.0100432224 3.22540984
244 787 3.01296383 0.0100432128 3.22540984
244 787 3.01296452 0.0100432151 3.22540984
244 787 3.01296435 0.0100432145 3.22540984
244 787 3.01296436 0.0100432145 3.22540984
244 787 3.01296443 0.0100432148 3.22540984
243 781 2.98264701 0.0099421567 3.21399177
243 781 2.98254099 0.00994180331 3.21399177
243 781 2.98265596 0.00994218653 3.21399177
243 781 2.98280849 0.00994269498 3.21399177
243 781 2.98259439 0.00994198129 3.21399177
243 781 2.98281233 0.00994270776 3.21399177
243 781 2.98259927 0.00994199756 3.21399177
243 781 2.98280925 0.0099426975 3.21399177
243 781 2.98259629 0.00994198762 3.21399177
243 781 2.98280876 0.00994269588 3.21399177
242 774 2.98120728 0.00993735759 3.19834711
242 778 2.96100654 0.00987002179 3.21487603
242 774 2.9814776 0.00993825866 3.19834711
242 774 2.98148253 0.00993827509 3.19834711
242 774 2.98151162 0.00993837207 3.19834711
242 774 2.9815118 0.00993837267 3.19834711
242 774 2.9815074 0.009938358 3.19834711
242 774 2.98150727 0.00993835757 3.19834711
242 774 2.98150733 0.00993835777 3.19834711
242 774 2.98150744 0.00993835812 3.19834711
241 771 2.95951241 0.00986504137 3.19917012
241 765 2.90176757 0.00967255855 3.17427386
241 771 2.95995092 0.00986650306 3.19917012
241 771 2.95986504 0.00986621682 3.19917012
241 771 2.95989706 0.00986632352 3.19917012
241 771 2.95989659 0.00986632196 3.19917012
241 771 2.95989627 0.0098663209 3.19917012
241 771 2.95989627 0.0098663209 3.19917012
241 771 2.95989626 0.00986632088 3.19917012
241 771 2.95989626 0.00986632087 3.19917012
240 762 2.88450027 0.00961500089 3.175
240 763 2.9074676 0.00969155866 3.17916667
240 761 2.84024149 0.00946747163 3.17083333
240 763 2.82279056 0.00940930186 3.17916667
240 763 2.79419773 0.00931399245 3.17916667
240 765 2.86031843 0.00953439478 3.1875
240 764 2.82072079 0.00940240264 3.18333333
240 765 2.82206721 0.00940689071 3.1875
240 765 2.86024631 0.00953415438 3.1875
240 765 2.86024096 0.00953413652 3.1875
239 756 2.79365385 0.00931217951 3.16317992
239 759 2.85463039 0.00951543464 3.17573222
239 759 2.85470767 0.00951569224 3.17573222
239 759 2.85471409 0.00951571363 3.17573222
239 759 2.85471357 0.00951571189 3.17573222
239 759 2.85471327 0.00951571089 3.17573222
239 759 2.85471323 0.00951571077 3.17573222
239 759 2.85471321 0.00951571072 3.17573222
239 759 2.85471321 0.0095157107 3.17573222
239 759 2.85471321 0.00951571069 3.17573222
238 750 2.78833321 0.00929444403 3.1512605
238 753 2.787408 0.00929136 3.16386555
238 748 2.74957277 0.00916524257 3.14285714
238 749 2.74701662 0.00915672208 3.14705882
238 752 2.76730464 0.0092243488 3.15966387
238 751 2.74433585 0.00914778616 3.15546218
237 746 2.72903491 0.00909678302 3.14767932
236 739 2.68612822 0.00895376075 3.13135593
236 739 2.68607672 0.00895358907 3.13135593
236 739 2.68594223 0.00895314077 3.13135593
235 731 2.58284796 0.00860949321 3.1106383
235 731 2.58284791 0.00860949303 3.1106383
235 731 2.58315194 0.00861050648 3.1106383
235 731 2.58318351 0.00861061171 3.1106383
235 731 2.58305488 0.00861018295 3.1106383
235 731 2.58323013 0.0086107671 3.1106383
235 731 2.58307945 0.00861026482 3.1106383
235 731 2.58322983 0.0086107661 3.1106383
235 731 2.58308049 0.00861026831 3.1106383
235 731 2.58322965 0.00861076551 3.1106383
234 725 2.53760019 0.00845866729 3.0982906
234 723 2.5621761 0.00854058701 3.08974359
234 725 2.62006751 0.00873355836 3.0982906
234 725 2.53749451 0.00845831502 3.0982906
234 725 2.53758273 0.00845860909 3.0982906
234 725 2.53757174 0.00845857247 3.0982906
234 725 2.53756132 0.00845853772 3.0982906
234 725 2.53756269 0.00845854228 3.0982906
234 725 2.5375645 0.00845854832 3.0982906
234 725 2.53756504 0.00845855015 3.0982906
233 717 2.52058888 0.00840196293 3.07725322
233 721 2.48087335 0.00826957784 3.0944206
233 724 2.51222937 0.00837409789 3.10729614
233 722 2.54497188 0.00848323961 3.09871245
233 721 2.51206242 0.0083735414 3.0944206
233 725 2.53761181 0.00845870602 3.11158798
233 724 2.44871246 0.00816237486 3.10729614
233 721 2.47115497 0.00823718323 3.0944206
233 726 2.47025458 0.00823418194 3.11587983
233 721 2.45724535 0.00819081784 3.0944206
232 717 2.44660099 0.00815533664 3.09051724
232 717 2.44690627 0.00815635423 3.09051724
232 717 2.44676964 0.00815589881 3.09051724
232 717 2.44690131 0.0081563377 3.09051724
232 717 2.44676344 0.00815587813 3.09051724
232 717 2.44690092 0.00815633639 3.09051724
232 717 2.44676414 0.00815588045 3.09051724
232 717 2.44690108 0.00815633693 3.09051724
232 717 2.44676425 0.00815588082 3.09051724
232 717 2.44690111 0.00815633703 3.09051724
231 709 2.38977768 0.00796592559 3.06926407
231 713 2.44672481 0.00815574935 3.08658009
231 713 2.44690049 0.00815633496 3.08658009
231 713 2.44676543 0.00815588475 3.08658009
231 713 2.44690121 0.00815633736 3.08658009
231 713 2.44676427 0.00815588089 3.08658009
231 713 2.44690111 0.00815633705 3.08658009
231 713 2.44676427 0.00815588091 3.08658009
231 713 2.44690111 0.00815633705 3.08658009
231 713 2.44676427 0.00815588091 3.08658009
230 705 2.38974633 0.00796582108 3.06521739
230 707 2.41552552 0.00805175172 3.07391304
230 707 2.3955323 0.00798510766 3.07391304
230 701 2.3777778 0.00792592599 3.04782609
230 704 2.37738014 0.00792460048 3.06086957
230 706 2.45528454 0.0081842818 3.06956522
230 701 2.37307261 0.00791024204 3.04782609
229 698 2.37298425 0.00790994751 3.04803493
229 698 2.37302492 0.00791008307 3.04803493
229 698 2.37301429 0.00791004762 3.04803493
228 690 2.36602506 0.0078867502 3.02631579
228 690 2.36597894 0.00788659646 3.02631579
228 690 2.36586066 0.0078862022 3.02631579
228 690 2.36605003 0.00788683344 3.02631579
228 690 2.36643229 0.00788810764 3.02631579
228 690 2.36576314 0.00788587712 3.02631579
228 690 2.36608166 0.00788693887 3.02631579
228 690 2.36643255 0.00788810851 3.02631579
228 690 2.36576827 0.00788589422 3.02631579
228 690 2.36608384 0.00788694612 3.02631579
227 684 2.30980145 0.00769933816 3.01321586
227 686 2.30075002 0.00766916674 3.02202643
227 693 2.29846382 0.00766154607 3.05286344
227 692 2.31112033 0.00770373442 3.04845815
227 694 2.29310434 0.00764368113 3.05726872
227 690 2.29787688 0.0076595896 3.03964758
227 686 2.30055598 0.00766851994 3.02202643
227 686 2.30040745 0.00766802484 3.02202643
227 686 2.30076821 0.00766922737 3.02202643
227 686 2.30085905 0.00766953016 3.02202643
226 680 2.25128114 0.00750427048 3.00884956
226 680 2.25088808 0.00750296026 3.00884956
226 680 2.25097673 0.00750325577 3.00884956
226 680 2.25099064 0.00750330213 3.00884956
226 680 2.25095427 0.00750318088 3.00884956
226 680 2.25100741 0.00750335805 3.00884956
226 680 2.2509582 0.00750319401 3.00884956
226 680 2.25100646 0.00750335487 3.00884956
226 680 2.25095785 0.00750319284 3.00884956
226 680 2.25100615 0.00750335384 3.00884956
225 679 2.2425834 0.007475278 3.01777778
225 676 2.22853624 0.00742845414 3.00444444
225 674 2.22741523 0.00742471744 2.99555556
225 675 2.18253613 0.00727512044 3
225 675 2.18248348 0.00727494492 3
225 675 2.1826439 0.00727547967 3
225 675 2.18266711 0.00727555705 3
225 675 2.18265434 0.00727551446 3
225 675 2.18270475 0.0072756825 3
225 675 2.18261881 0.00727539604 3
224 674 2.18175385 0.00727251285 3.00892857
224 674 2.18172941 0.00727243137 3.00892857
224 674 2.18171824 0.00727239413 3.00892857
224 674 2.18172214 0.00727240713 3.00892857
224 674 2.18172815 0.00727242717 3.00892857
224 674 2.18172999 0.00727243329 3.00892857
224 674 2.18173073 0.00727243575 3.00892857
224 674 2.18173107 0.00727243691 3.00892857
224 674 2.18173123 0.00727243743 3.00892857
224 674 2.1817313 0.00727243768 3.00892857
223 669 2.12422218 0.00708074061 3
223 669 2.12447651 0.00708158838 3
223 669 2.12440619 0.00708135396 3
223 669 2.12440131 0.00708133769 3
223 669 2.1243955 0.00708131834 3
223 669 2.12438935 0.00708129782 3
223 669 2.12438424 0.00708128081 3
223 669 2.12438089 0.00708126965 3
223 669 2.12437772 0.00708125908 3
223 669 2.12437633 0.00708125443 3
222 662 2.12362925 0.00707876418 2.98198198
222 662 2.12362945 0.00707876483 2.98198198
222 662 2.12362937 0.00707876456 2.98198198
222 662 2.1236294 0.00707876466 2.98198198
222 662 2.12362906 0.00707876354 2.98198198
222 662 2.12362898 0.00707876328 2.98198198
222 662 2.12362881 0.00707876272 2.98198198
222 662 2.12362868 0.00707876226 2.98198198
222 662 2.12362856 0.00707876186 2.98198198
222 662 2.12362845 0.00707876149 2.98198198
221 657 2.12362841 0.00707876136 2.97285068
221 657 2.12330473 0.00707768243 2.97285068
221 657 2.1233002 0.00707766732 2.97285068
221 657 2.12329661 0.00707765537 2.97285068
221 657 2.12329648 0.00707765494 2.97285068
221 657 2.12329643 0.00707765477 2.97285068
221 657 2.12329642 0.00707765473 2.97285068
221 657 2.12329641 0.00707765471 2.97285068
221 657 2.12329641 0.00707765471 2.97285068
221 657 2.12329641 0.0070776547 2.97285068
220 649 2.03848623 0.00679495409 2.95
220 649 2.03802118 0.00679340394 2.95
220 646 1.97140139 0.00657133797 2.93636364
220 651 1.92491249 0.00641637497 2.95909091
220 654 1.96819936 0.00656066454 2.97272727
220 645 1.9548451 0.00651615034 2.93181818
220 644 1.95385971 0.00651286568 2.92727273
219 638 1.95376005 0.00651253351 2.91324201
219 638 1.95311687 0.00651038958 2.91324201
219 638 1.95299021 0.00650996737 2.91324201
218 633 1.89504021 0.00631680068 2.90366972
218 633 1.89456412 0.00631521372 2.90366972
218 633 1.89429153 0.0063143051 2.90366972
218 633 1.89410798 0.00631369327 2.90366972
218 633 1.89397395 0.0063132465 2.90366972
218 633 1.89387563 0.00631291875 2.90366972
218 633 1.89380161 0.00631267204 2.90366972
218 633 1.89374469 0.00631248229 2.90366972
218 633 1.89370015 0.00631233385 2.90366972
218 633 1.89366483 0.00631221609 2.90366972
217 628 1.83504321 0.00611681071 2.89400922
217 628 1.83510454 0.00611701512 2.89400922
217 628 1.83488088 0.00611626961 2.89400922
217 628 1.83490071 0.00611633568 2.89400922
217 628 1.8348894 0.00611629802 2.89400922
217 628 1.83487213 0.00611624042 2.89400922
217 628 1.83481385 0.00611604618 2.89400922
217 628 1.83479283 0.00611597609 2.89400922
217 628 1.83485115 0.0061161705 2.89400922
217 628 1.8348007 0.00611600233 2.89400922
216 624 1.83478509 0.00611595028 2.88888889
216 624 1.83482183 0.00611607276 2.88888889
216 624 1.83481623 0.0061160541 2.88888889
216 624 1.83481468 0.00611604892 2.88888889
216 624 1.83481384 0.00611604614 2.88888889
216 624 1.83481333 0.00611604444 2.88888889
216 624 1.83481301 0.00611604335 2.88888889
216 624 1.83481279 0.00611604264 2.88888889
216 624 1.83481265 0.00611604216 2.88888889
216 624 1.83481255 0.00611604184 2.88888889
215 617 1.77162222 0.00590540739 2.86976744
215 619 1.73071469 0.00576904898 2.87906977
215 616 1.6920083 0.00564002766 2.86511628
215 617 1.72068442 0.00573561472 2.86976744
215 615 1.70335685 0.00567785616 2.86046512
215 614 1.70301114 0.00567670379 2.85581395
215 616 1.74650867 0.00582169556 2.86511628
215 616 1.74612482 0.00582041605 2.86511628
215 616 1.74607278 0.00582024261 2.86511628
215 616 1.74602942 0.00582009806 2.86511628
214 611 1.6909529 0.00563650968 2.85514019
214 612 1.74594688 0.00581982293 2.85981308
214 612 1.74592293 0.0058197431 2.85981308
214 612 1.74588942 0.00581963139 2.85981308
214 612 1.74583493 0.00581944977 2.85981308
214 612 1.74578989 0.00581929963 2.85981308
214 611 1.6911555 0.00563718502 2.85514019
214 611 1.69110546 0.00563701819 2.85514019
214 611 1.69108914 0.00563696379 2.85514019
214 611 1.69107524 0.00563691748 2.85514019
213 603 1.64151309 0.00547171028 2.83098592
213 607 1.6910314 0.00563677135 2.84976526
213 607 1.69102836 0.00563676119 2.84976526
213 607 1.69100345 0.00563667817 2.84976526
213 607 1.69098427 0.00563661424 2.84976526
213 607 1.69102799 0.00563675995 2.84976526
213 604 1.68293548 0.00560978495 2.83568075
213 607 1.69100502 0.0056366834 2.84976526
213 607 1.69098848 0.00563662827 2.84976526
213 607 1.6910243 0.00563674767 2.84976526
212 599 1.64143451 0.00547144835 2.8254717
212 603 1.6909676 0.00563655866 2.84433962
212 603 1.69095529 0.00563651764 2.84433962
212 603 1.69093792 0.00563645972 2.84433962
212 603 1.69092748 0.00563642494 2.84433962
212 603 1.69091915 0.00563639716 2.84433962
212 603 1.69091215 0.00563637385 2.84433962
212 603 1.69090629 0.00563635429 2.84433962
212 603 1.69090138 0.00563633793 2.84433962
212 603 1.69089728 0.00563632426 2.84433962
211 595 1.64146965 0.00547156549 2.81990521
211 595 1.64138613 0.00547128709 2.81990521
211 595 1.64139036 0.0054713012 2.81990521
211 595 1.64140341 0.0054713447 2.81990521
211 595 1.64141654 0.00547138845 2.81990521
211 595 1.64143048 0.00547143494 2.81990521
211 595 1.64144493 0.00547148311 2.81990521
211 595 1.64145969 0.00547153231 2.81990521
211 595 1.64147466 0.00547158219 2.81990521
211 595 1.64148977 0.00547163256 2.81990521
210 587 1.57395703 0.00524652342 2.7952381
210 587 1.57380042 0.00524600139 2.7952381
210 587 1.57379957 0.00524599856 2.7952381
210 587 1.57369078 0.00524563595 2.7952381
210 587 1.57366478 0.00524554927 2.7952381
210 587 1.57354161 0.00524513871 2.7952381
210 587 1.57347403 0.00524491343 2.7952381
210 587 1.57340195 0.00524467317 2.7952381
210 587 1.5733182 0.005244394 2.7952381
210 587 1.57322048 0.00524406826 2.7952381
209 581 1.55549791 0.00518499305 2.77990431
209 581 1.55538784 0.00518462612 2.77990431
209 581 1.55698977 0.00518996592 2.77990431
209 581 1.52832671 0.00509442236 2.77990431
209 581 1.52754894 0.00509182981 2.77990431
209 581 1.52423609 0.00508078696 2.77990431
209 581 1.5209116 0.00506970534 2.77990431
209 581 1.50188379 0.00500627929 2.77990431
209 581 2.64080424e-10 8.80268081e-13 2.77990431
209 581 -1.45439216e-14 -4.84797387e-17 2.77990431
208 579 0 0 2.78365385
allocating memory...
allocating memory...
allocating memory...
allocating memory...
allocating memory...
walksat version 35
command line = test -solcnf -cutoff 100000000 -best -seed 1234567 -numsol 10 ./residualformula_seed2.cnf
seed = 1234567
cutoff = 100000000
tries = 10
heuristic = best, noise 50 / 100
tail starts after flip = 900
numatom = 300, numclause = 579, numliterals = 1571
wff read in

    lowest     final       avg     noise     noise     total                 avg        mean        mean
    #unsat    #unsat     noise   std dev     ratio     flips              length       flips       flips
      this      this      this      this      this      this   success   success       until         std
       try       try       try       try       try       try      rate     tries      assign         dev

         0         0      2.02      1.14      1.78      1555       100      1555     1555.00
         0         0      3.86      2.08      1.86      1735       100      1645     1645.00      127.28
         0         0      3.55      1.71      2.08     11662       100      4984     4984.00     5784.02
         0         0      2.38      1.31      1.82      1698       100      4162     4162.50     5000.27
         0         0      2.55      1.29      1.97      1816       100      3693     3693.20     4455.70
         0         0      3.40      1.81      1.87     12028       100      5082     5082.33     5240.30
         0         0      1.87      1.12      1.67      1314       100      4544     4544.00     4991.25
         0         0      4.77      2.06      2.31      2026       100      4229     4229.25     4705.97
         0         0      3.20      1.65      1.94      2967       100      4089     4089.00     4422.10
         0         0      1.88      0.88      2.14      1574       100      3837     3837.50     4244.37

total elapsed seconds = 0.000000
average flips per second = -9223372036854775808
number solutions found = 10
final success rate = 100.000000
average length successful tries = 3837
mean flips until assign = 3837.500000
  variance = 18014679.166667
  standard deviation = 4244.370291
  standard error of mean = 1342.187735
mean seconds until assign = 0.000000
  variance = 0.000000
  standard deviation = 0.000000
  standard error of mean = 0.000000
mean restarts until assign = 1.000000
  variance = 0.000000
  standard deviation = 0.000000
  standard error of mean = 0.000000
final noise level statistics
    statistics over all runs:
      overall mean average noise level = 2.948554
      overall mean noise std deviation = 1.505361
      overall ratio mean noise to mean std dev = 1.958703
    statistics on successful runs:
      successful mean average noise level = 2.948554
      successful mean noise std deviation = 1.505361
      successful ratio mean noise to mean std dev = 1.958703
    statistics on nonsuccessful runs:
      nonsuccessful mean average noise level = 0.000000
      nonsuccessful mean noise std deviation = 0.000000
      nonsuccessful ratio mean noise to mean std dev = 0.000000
ASSIGNMENT FOUND
Check and white a solution
time of whitening    freezing probability
8	 	 	 	1
1023	 	 	 	0.156666667
9	 	 	 	1
1023	 	 	 	0.196666667
1023	 	 	 	0.17
8	 	 	 	1
9	 	 	 	1
1023	 	 	 	0.156666667
9	 	 	 	1
9	 	 	 	1
