START ALGORITHM:
I am going to build an instance with N: 1000 variables and 4200 clauses with a clause density equal to 4.2
START BSP WITH r=0.9:
Decimation scorer: pol
END UNIT PROPAGATION
1000 4200 1.07176396 0.00107176396 4.2
1000 4200 1.07270992 0.00107270992 4.2
1000 4200 1.07338753 0.00107338753 4.2
1000 4200 1.07298551 0.00107298551 4.2
1000 4200 1.07243514 0.00107243514 4.2
1000 4200 1.07248794 0.00107248794 4.2
1000 4200 1.07275175 0.00107275175 4.2
1000 4200 1.07291082 0.00107291082 4.2
1000 4200 1.07281909 0.00107281909 4.2
999 4193 1.07143795 0.00107143795 4.1971972
999 4193 1.07151303 0.00107151303 4.1971972
999 4193 1.07146447 0.00107146447 4.1971972
999 4193 1.07137658 0.00107137658 4.1971972
999 4193 1.07139506 0.00107139506 4.1971972
999 4193 1.07144786 0.00107144786 4.1971972
999 4193 1.07144144 0.00107144144 4.1971972
999 4193 1.0714152 0.0010714152 4.1971972
999 4193 1.07141003 0.00107141003 4.1971972
999 4193 1.07142637 0.00107142637 4.1971972
998 4183 1.0707085 0.0010707085 4.19138277
998 4183 1.07072911 0.00107072911 4.19138277
998 4183 1.07072307 0.00107072307 4.19138277
998 4183 1.07069914 0.00107069914 4.19138277
998 4183 1.0707156 0.0010707156 4.19138277
998 4183 1.07071769 0.00107071769 4.19138277
998 4183 1.07072721 0.00107072721 4.19138277
998 4183 1.07072739 0.00107072739 4.19138277
998 4183 1.07072238 0.00107072238 4.19138277
998 4183 1.07072096 0.00107072096 4.19138277
997 4170 1.06763545 0.00106763545 4.18254764
997 4170 1.06763447 0.00106763447 4.18254764
997 4170 1.06763077 0.00106763077 4.18254764
997 4170 1.06763426 0.00106763426 4.18254764
997 4170 1.06764012 0.00106764012 4.18254764
997 4170 1.06763638 0.00106763638 4.18254764
997 4170 1.06763711 0.00106763711 4.18254764
997 4170 1.06763948 0.00106763948 4.18254764
997 4170 1.06764453 0.00106764453 4.18254764
997 4170 1.06764698 0.00106764698 4.18254764
996 4157 1.06464952 0.00106464952 4.17369478
996 4157 1.06464795 0.00106464795 4.17369478
996 4157 1.06463858 0.00106463858 4.17369478
996 4157 1.06463596 0.00106463596 4.17369478
996 4157 1.06463451 0.00106463451 4.17369478
996 4157 1.0646315 0.0010646315 4.17369478
996 4157 1.06463188 0.00106463188 4.17369478
996 4157 1.06463328 0.00106463328 4.17369478
996 4157 1.06463367 0.00106463367 4.17369478
996 4157 1.06463393 0.00106463393 4.17369478
995 4149 1.06462013 0.00106462013 4.16984925
995 4149 1.06462279 0.00106462279 4.16984925
995 4149 1.06462364 0.00106462364 4.16984925
995 4149 1.06460524 0.00106460524 4.16984925
995 4149 1.06460665 0.00106460665 4.16984925
995 4149 1.06460721 0.00106460721 4.16984925
995 4149 1.06460498 0.00106460498 4.16984925
995 4149 1.06459676 0.00106459676 4.16984925
995 4149 1.06459073 0.00106459073 4.16984925
995 4149 1.06458557 0.00106458557 4.16984925
994 4138 1.06011072 0.00106011072 4.16297787
994 4138 1.06010112 0.00106010112 4.16297787
994 4138 1.06011689 0.00106011689 4.16297787
994 4138 1.06011784 0.00106011784 4.16297787
994 4138 1.06012368 0.00106012368 4.16297787
994 4138 1.06012751 0.00106012751 4.16297787
994 4138 1.06013974 0.00106013974 4.16297787
994 4138 1.06013882 0.00106013882 4.16297787
994 4138 1.06014676 0.00106014676 4.16297787
994 4138 1.06014719 0.00106014719 4.16297787
993 4127 1.05677954 0.00105677954 4.15609265
993 4127 1.05675935 0.00105675935 4.15609265
993 4127 1.05674863 0.00105674863 4.15609265
993 4127 1.05673362 0.00105673362 4.15609265
993 4127 1.05673739 0.00105673739 4.15609265
993 4127 1.05675163 0.00105675163 4.15609265
993 4127 1.05677544 0.00105677544 4.15609265
993 4127 1.05678703 0.00105678703 4.15609265
993 4127 1.05678026 0.00105678026 4.15609265
993 4127 1.05676179 0.00105676179 4.15609265
992 4114 1.05242687 0.00105242687 4.14717742
992 4114 1.05240052 0.00105240052 4.14717742
992 4114 1.05255158 0.00105255158 4.14717742
992 4114 1.05248403 0.00105248403 4.14717742
992 4114 1.0524008 0.0010524008 4.14717742
992 4114 1.05229588 0.00105229588 4.14717742
992 4114 1.05268931 0.00105268931 4.14717742
992 4114 1.0524802 0.0010524802 4.14717742
992 4114 1.05226071 0.00105226071 4.14717742
992 4114 1.05219583 0.00105219583 4.14717742
991 4104 1.04378099 0.00104378099 4.14127144
991 4104 1.0440073 0.0010440073 4.14127144
991 4104 1.04399134 0.00104399134 4.14127144
991 4109 1.04344042 0.00104344042 4.14631685
991 4102 1.04734426 0.00104734426 4.13925328
991 4109 1.04349876 0.00104349876 4.14631685
991 4109 1.04344472 0.00104344472 4.14631685
991 4109 1.04346472 0.00104346472 4.14631685
991 4109 1.04356831 0.00104356831 4.14631685
991 4109 1.043554 0.001043554 4.14631685
990 4097 1.03891172 0.00103891172 4.13838384
990 4097 1.03877473 0.00103877473 4.13838384
990 4097 1.03880237 0.00103880237 4.13838384
990 4097 1.03884397 0.00103884397 4.13838384
990 4097 1.03901374 0.00103901374 4.13838384
990 4097 1.0388903 0.0010388903 4.13838384
990 4097 1.03869087 0.00103869087 4.13838384
990 4097 1.03863649 0.00103863649 4.13838384
990 4097 1.03909191 0.00103909191 4.13838384
990 4097 1.03878752 0.00103878752 4.13838384
989 4087 1.03033946 0.00103033946 4.13245703
989 4087 1.03036552 0.00103036552 4.13245703
989 4087 1.03038731 0.00103038731 4.13245703
989 4087 1.03042707 0.00103042707 4.13245703
989 4087 1.03057991 0.00103057991 4.13245703
989 4087 1.03062697 0.00103062697 4.13245703
989 4087 1.03056717 0.00103056717 4.13245703
989 4087 1.0305444 0.0010305444 4.13245703
989 4087 1.03052716 0.00103052716 4.13245703
989 4087 1.0305233 0.0010305233 4.13245703
988 4073 1.02856073 0.00102856073 4.12246964
988 4073 1.0285481 0.0010285481 4.12246964
988 4073 1.02845655 0.00102845655 4.12246964
988 4073 1.0284682 0.0010284682 4.12246964
988 4073 1.02853535 0.00102853535 4.12246964
988 4073 1.02857934 0.00102857934 4.12246964
988 4073 1.02859053 0.00102859053 4.12246964
988 4073 1.02858651 0.00102858651 4.12246964
988 4073 1.02857315 0.00102857315 4.12246964
988 4073 1.0285546 0.0010285546 4.12246964
987 4065 1.02019463 0.00102019463 4.11854103
987 4065 1.0202941 0.0010202941 4.11854103
987 4065 1.02013463 0.00102013463 4.11854103
987 4065 1.02016716 0.00102016716 4.11854103
987 4065 1.02012372 0.00102012372 4.11854103
987 4065 1.02009433 0.00102009433 4.11854103
987 4065 1.02008985 0.00102008985 4.11854103
987 4065 1.02013018 0.00102013018 4.11854103
987 4065 1.02014594 0.00102014594 4.11854103
987 4065 1.02001945 0.00102001945 4.11854103
986 4056 1.00996289 0.00100996289 4.11359026
986 4054 1.0082172 0.0010082172 4.11156187
986 4053 1.0077731 0.0010077731 4.11054767
986 4059 1.00180209 0.00100180209 4.11663286
986 4056 1.0098719 0.0010098719 4.11359026
986 4056 1.00989831 0.00100989831 4.11359026
986 4054 1.00800093 0.00100800093 4.11156187
986 4054 1.0080748 0.0010080748 4.11156187
986 4059 1.00190298 0.00100190298 4.11663286
986 4059 1.00191795 0.00100191795 4.11663286
985 4045 1.00002585 0.00100002585 4.10659898
985 4045 1.00002664 0.00100002664 4.10659898
985 4045 1.00002491 0.00100002491 4.10659898
985 4045 1.00001084 0.00100001084 4.10659898
985 4045 1.00000645 0.00100000645 4.10659898
985 4045 1.00000428 0.00100000428 4.10659898
985 4045 0.999996861 0.000999996861 4.10659898
985 4045 0.999986401 0.000999986401 4.10659898
985 4045 0.999982097 0.000999982097 4.10659898
985 4045 0.999979846 0.000999979846 4.10659898
984 4034 0.997047236 0.000997047236 4.0995935
984 4034 0.997022832 0.000997022832 4.0995935
984 4034 0.997341644 0.000997341644 4.0995935
984 4034 0.997066529 0.000997066529 4.0995935
984 4034 0.99751704 0.00099751704 4.0995935
984 4034 0.996914639 0.000996914639 4.0995935
984 4034 0.997364678 0.000997364678 4.0995935
984 4034 0.996949869 0.000996949869 4.0995935
984 4034 0.997375379 0.000997375379 4.0995935
984 4034 0.997031023 0.000997031023 4.0995935
983 4024 0.983300978 0.000983300978 4.09359105
983 4024 0.983912886 0.000983912886 4.09359105
983 4024 0.98389519 0.00098389519 4.09359105
983 4024 0.983834167 0.000983834167 4.09359105
983 4024 0.983830513 0.000983830513 4.09359105
983 4024 0.983917111 0.000983917111 4.09359105
983 4024 0.98385599 0.00098385599 4.09359105
983 4024 0.983859272 0.000983859272 4.09359105
983 4024 0.983870641 0.000983870641 4.09359105
983 4024 0.983874865 0.000983874865 4.09359105
982 4018 0.981000419 0.000981000419 4.09164969
982 4018 0.980991219 0.000980991219 4.09164969
982 4018 0.980954187 0.000980954187 4.09164969
982 4018 0.981069336 0.000981069336 4.09164969
982 4018 0.98103308 0.00098103308 4.09164969
982 4018 0.980998123 0.000980998123 4.09164969
982 4018 0.980983902 0.000980983902 4.09164969
982 4018 0.980965647 0.000980965647 4.09164969
982 4018 0.980947727 0.000980947727 4.09164969
982 4018 0.98095223 0.00098095223 4.09164969
981 4010 0.966649132 0.000966649132 4.08766565
981 4010 0.966413901 0.000966413901 4.08766565
981 4010 0.966549673 0.000966549673 4.08766565
981 4005 0.967527701 0.000967527701 4.08256881
981 4010 0.96249459 0.00096249459 4.08766565
981 4003 0.958172352 0.000958172352 4.08053007
981 4003 0.958009526 0.000958009526 4.08053007
981 4003 0.958015535 0.000958015535 4.08053007
981 4003 0.958041306 0.000958041306 4.08053007
981 4003 0.958054937 0.000958054937 4.08053007
980 3997 0.95517342 0.00095517342 4.07857143
980 3997 0.955148502 0.000955148502 4.07857143
980 3997 0.955178608 0.000955178608 4.07857143
980 3997 0.955320559 0.000955320559 4.07857143
980 3997 0.955245548 0.000955245548 4.07857143
980 3997 0.955196896 0.000955196896 4.07857143
980 3997 0.955183126 0.000955183126 4.07857143
980 3997 0.955172645 0.000955172645 4.07857143
980 3997 0.955161554 0.000955161554 4.07857143
980 3997 0.955154661 0.000955154661 4.07857143
979 3989 0.941394911 0.000941394911 4.07456588
979 3989 0.941439274 0.000941439274 4.07456588
979 3989 0.941539452 0.000941539452 4.07456588
979 3989 0.941498582 0.000941498582 4.07456588
979 3989 0.9414704 0.0009414704 4.07456588
979 3989 0.941475206 0.000941475206 4.07456588
979 3989 0.941453247 0.000941453247 4.07456588
979 3989 0.941446766 0.000941446766 4.07456588
979 3989 0.941439641 0.000941439641 4.07456588
979 3989 0.941433045 0.000941433045 4.07456588
978 3980 0.935812245 0.000935812245 4.06952965
978 3980 0.935903505 0.000935903505 4.06952965
978 3980 0.935714289 0.000935714289 4.06952965
978 3977 0.927038253 0.000927038253 4.06646217
978 3977 0.926938379 0.000926938379 4.06646217
978 3980 0.935682328 0.000935682328 4.06952965
978 3980 0.935738376 0.000935738376 4.06952965
978 3980 0.935946375 0.000935946375 4.06952965
978 3980 0.935933861 0.000935933861 4.06952965
978 3980 0.936051921 0.000936051921 4.06952965
977 3968 0.92165429 0.00092165429 4.06141249
977 3968 0.921497388 0.000921497388 4.06141249
977 3972 0.929153294 0.000929153294 4.06550665
977 3968 0.921255165 0.000921255165 4.06141249
977 3968 0.92141172 0.00092141172 4.06141249
977 3968 0.921291561 0.000921291561 4.06141249
977 3969 0.920582976 0.000920582976 4.06243603
977 3969 0.920489134 0.000920489134 4.06243603
977 3968 0.921346051 0.000921346051 4.06141249
977 3968 0.921284419 0.000921284419 4.06141249
976 3960 0.915000824 0.000915000824 4.05737705
976 3960 0.915078276 0.000915078276 4.05737705
976 3959 0.909928485 0.000909928485 4.05635246
976 3960 0.914993505 0.000914993505 4.05737705
976 3960 0.914917323 0.000914917323 4.05737705
976 3960 0.915006027 0.000915006027 4.05737705
976 3960 0.915032019 0.000915032019 4.05737705
976 3960 0.91504483 0.00091504483 4.05737705
976 3960 0.915028601 0.000915028601 4.05737705
976 3960 0.914843223 0.000914843223 4.05737705
975 3951 0.903853311 0.000903853311 4.05230769
975 3951 0.903889591 0.000903889591 4.05230769
975 3956 0.9103398 0.0009103398 4.0574359
975 3956 0.910385714 0.000910385714 4.0574359
975 3951 0.903833856 0.000903833856 4.05230769
975 3951 0.903783963 0.000903783963 4.05230769
975 3951 0.903812568 0.000903812568 4.05230769
975 3951 0.903738542 0.000903738542 4.05230769
975 3951 0.903711885 0.000903711885 4.05230769
975 3951 0.903740967 0.000903740967 4.05230769
974 3947 0.899184836 0.000899184836 4.0523614
974 3947 0.899357798 0.000899357798 4.0523614
974 3947 0.899360228 0.000899360228 4.0523614
974 3947 0.899324579 0.000899324579 4.0523614
974 3947 0.899291039 0.000899291039 4.0523614
974 3947 0.899276896 0.000899276896 4.0523614
974 3947 0.899245734 0.000899245734 4.0523614
974 3947 0.899242656 0.000899242656 4.0523614
974 3947 0.899237632 0.000899237632 4.0523614
974 3947 0.899246298 0.000899246298 4.0523614
973 3937 0.887318328 0.000887318328 4.04624872
973 3937 0.88716875 0.00088716875 4.04624872
973 3937 0.887208429 0.000887208429 4.04624872
973 3937 0.887234445 0.000887234445 4.04624872
973 3937 0.887223242 0.000887223242 4.04624872
973 3937 0.887196691 0.000887196691 4.04624872
973 3937 0.887189604 0.000887189604 4.04624872
973 3937 0.88717968 0.00088717968 4.04624872
973 3937 0.887177624 0.000887177624 4.04624872
973 3937 0.887178157 0.000887178157 4.04624872
972 3926 0.877954833 0.000877954833 4.03909465
972 3926 0.878044772 0.000878044772 4.03909465
972 3926 0.878088103 0.000878088103 4.03909465
972 3926 0.8780057 0.0008780057 4.03909465
972 3926 0.878022162 0.000878022162 4.03909465
972 3926 0.878031708 0.000878031708 4.03909465
972 3926 0.878030036 0.000878030036 4.03909465
972 3926 0.878033064 0.000878033064 4.03909465
972 3926 0.878033688 0.000878033688 4.03909465
972 3926 0.878031941 0.000878031941 4.03909465
971 3918 0.875560739 0.000875560739 4.03501545
971 3918 0.875562628 0.000875562628 4.03501545
971 3918 0.875566639 0.000875566639 4.03501545
971 3918 0.875572282 0.000875572282 4.03501545
971 3918 0.875573715 0.000875573715 4.03501545
971 3918 0.875573486 0.000875573486 4.03501545
971 3918 0.875573615 0.000875573615 4.03501545
971 3918 0.875572936 0.000875572936 4.03501545
971 3918 0.875573141 0.000875573141 4.03501545
971 3918 0.875573219 0.000875573219 4.03501545
970 3911 0.875572229 0.000875572229 4.03195876
970 3911 0.875573636 0.000875573636 4.03195876
970 3911 0.875573622 0.000875573622 4.03195876
970 3911 0.875575071 0.000875575071 4.03195876
970 3911 0.875574099 0.000875574099 4.03195876
970 3911 0.875572496 0.000875572496 4.03195876
970 3911 0.875571036 0.000875571036 4.03195876
970 3911 0.8755692 0.0008755692 4.03195876
970 3911 0.875568748 0.000875568748 4.03195876
970 3911 0.875569711 0.000875569711 4.03195876
969 3899 0.872910326 0.000872910326 4.02373581
969 3899 0.872902229 0.000872902229 4.02373581
969 3899 0.872867006 0.000872867006 4.02373581
969 3899 0.872902521 0.000872902521 4.02373581
969 3899 0.872951427 0.000872951427 4.02373581
969 3899 0.872968635 0.000872968635 4.02373581
969 3899 0.872959163 0.000872959163 4.02373581
969 3899 0.872952862 0.000872952862 4.02373581
969 3899 0.872949197 0.000872949197 4.02373581
969 3899 0.872957503 0.000872957503 4.02373581
968 3884 0.863877845 0.000863877845 4.01239669
968 3884 0.863978101 0.000863978101 4.01239669
968 3884 0.86402746 0.00086402746 4.01239669
968 3884 0.863646385 0.000863646385 4.01239669
968 3884 0.863741934 0.000863741934 4.01239669
968 3884 0.863759302 0.000863759302 4.01239669
968 3884 0.863763676 0.000863763676 4.01239669
968 3884 0.863960012 0.000863960012 4.01239669
968 3884 0.863854515 0.000863854515 4.01239669
968 3884 0.863751917 0.000863751917 4.01239669
967 3875 0.849735214 0.000849735214 4.00723888
967 3874 0.843449704 0.000843449704 4.00620476
967 3876 0.847368852 0.000847368852 4.00827301
967 3874 0.843024492 0.000843024492 4.00620476
967 3881 0.840333327 0.000840333327 4.01344364
967 3881 0.8400502 0.0008400502 4.01344364
967 3881 0.840100707 0.000840100707 4.01344364
967 3881 0.840112156 0.000840112156 4.01344364
967 3881 0.840082028 0.000840082028 4.01344364
967 3881 0.840154858 0.000840154858 4.01344364
966 3866 0.830838819 0.000830838819 4.00207039
966 3866 0.830815355 0.000830815355 4.00207039
966 3866 0.83088305 0.00083088305 4.00207039
966 3866 0.830809922 0.000830809922 4.00207039
966 3866 0.830822383 0.000830822383 4.00207039
966 3866 0.830817077 0.000830817077 4.00207039
966 3866 0.830822937 0.000830822937 4.00207039
966 3866 0.830863289 0.000830863289 4.00207039
966 3866 0.830846424 0.000830846424 4.00207039
966 3866 0.830855747 0.000830855747 4.00207039
965 3857 0.816479579 0.000816479579 3.99689119
965 3857 0.816283249 0.000816283249 3.99689119
965 3857 0.816127144 0.000816127144 3.99689119
965 3857 0.816566862 0.000816566862 3.99689119
965 3857 0.816103944 0.000816103944 3.99689119
965 3857 0.816377818 0.000816377818 3.99689119
965 3857 0.816727153 0.000816727153 3.99689119
965 3857 0.815943508 0.000815943508 3.99689119
965 3857 0.816532947 0.000816532947 3.99689119
965 3857 0.816844824 0.000816844824 3.99689119
964 3851 0.797989954 0.000797989954 3.99481328
964 3850 0.809600082 0.000809600082 3.99377593
964 3853 0.806811444 0.000806811444 3.99688797
963 3844 0.801666902 0.000801666902 3.99169263
963 3844 0.801509792 0.000801509792 3.99169263
963 3844 0.801606515 0.000801606515 3.99169263
963 3844 0.801523356 0.000801523356 3.99169263
963 3844 0.801343862 0.000801343862 3.99169263
963 3844 0.801505642 0.000801505642 3.99169263
963 3844 0.801425457 0.000801425457 3.99169263
962 3835 0.787533106 0.000787533106 3.98648649
962 3835 0.787296964 0.000787296964 3.98648649
962 3835 0.787052973 0.000787052973 3.98648649
962 3835 0.787251543 0.000787251543 3.98648649
962 3835 0.78734619 0.00078734619 3.98648649
962 3835 0.787377591 0.000787377591 3.98648649
962 3835 0.787399814 0.000787399814 3.98648649
962 3835 0.78735128 0.00078735128 3.98648649
962 3835 0.787354216 0.000787354216 3.98648649
962 3835 0.787370889 0.000787370889 3.98648649
961 3827 0.773789076 0.000773789076 3.98231009
961 3827 0.773805803 0.000773805803 3.98231009
961 3827 0.773373016 0.000773373016 3.98231009
961 3827 0.773735799 0.000773735799 3.98231009
961 3827 0.773903062 0.000773903062 3.98231009
961 3827 0.774027877 0.000774027877 3.98231009
961 3827 0.774034781 0.000774034781 3.98231009
961 3827 0.774020542 0.000774020542 3.98231009
961 3827 0.774005587 0.000774005587 3.98231009
961 3827 0.773996423 0.000773996423 3.98231009
960 3815 0.751935643 0.000751935643 3.97395833
960 3821 0.752786086 0.000752786086 3.98020833
960 3821 0.753070146 0.000753070146 3.98020833
960 3815 0.751907622 0.000751907622 3.97395833
960 3815 0.75215074 0.00075215074 3.97395833
960 3815 0.751783184 0.000751783184 3.97395833
960 3815 0.75204893 0.00075204893 3.97395833
960 3815 0.752034134 0.000752034134 3.97395833
960 3815 0.7516692 0.0007516692 3.97395833
960 3815 0.751962114 0.000751962114 3.97395833
959 3806 0.735819329 0.000735819329 3.96871741
959 3806 0.735622889 0.000735622889 3.96871741
959 3806 0.735554768 0.000735554768 3.96871741
959 3809 0.731188502 0.000731188502 3.97184567
959 3809 0.731369866 0.000731369866 3.97184567
959 3809 0.730840162 0.000730840162 3.97184567
959 3809 0.731277678 0.000731277678 3.97184567
959 3809 0.731309449 0.000731309449 3.97184567
959 3806 0.735598506 0.000735598506 3.96871741
959 3806 0.735764796 0.000735764796 3.96871741
958 3796 0.724920956 0.000724920956 3.96242171
958 3796 0.724969992 0.000724969992 3.96242171
958 3800 0.715202628 0.000715202628 3.96659708
958 3800 0.714669295 0.000714669295 3.96659708
958 3800 0.714770002 0.000714770002 3.96659708
958 3796 0.724995323 0.000724995323 3.96242171
958 3796 0.724838384 0.000724838384 3.96242171
958 3796 0.725001476 0.000725001476 3.96242171
958 3796 0.724880473 0.000724880473 3.96242171
958 3796 0.724615142 0.000724615142 3.96242171
957 3790 0.703937883 0.000703937883 3.96029258
957 3790 0.704399692 0.000704399692 3.96029258
957 3790 0.70439267 0.00070439267 3.96029258
957 3790 0.703923359 0.000703923359 3.96029258
957 3790 0.704362315 0.000704362315 3.96029258
957 3790 0.704197426 0.000704197426 3.96029258
957 3790 0.72299355 0.00072299355 3.96029258
957 3790 0.722741021 0.000722741021 3.96029258
957 3790 0.722896673 0.000722896673 3.96029258
957 3790 0.704518533 0.000704518533 3.96029258
956 3784 0.702114651 0.000702114651 3.958159
956 3784 0.702376721 0.000702376721 3.958159
956 3784 0.701654464 0.000701654464 3.958159
956 3784 0.701878944 0.000701878944 3.958159
956 3784 0.702191129 0.000702191129 3.958159
956 3784 0.702152885 0.000702152885 3.958159
956 3784 0.702144139 0.000702144139 3.958159
956 3784 0.702116623 0.000702116623 3.958159
956 3784 0.702094305 0.000702094305 3.958159
956 3784 0.702118939 0.000702118939 3.958159
955 3772 0.683718297 0.000683718297 3.94973822
955 3772 0.68392536 0.00068392536 3.94973822
955 3776 0.681560933 0.000681560933 3.9539267
955 3770 0.665808719 0.000665808719 3.94764398
955 3772 0.683706639 0.000683706639 3.94973822
955 3774 0.673995598 0.000673995598 3.95183246
955 3772 0.683978342 0.000683978342 3.94973822
955 3772 0.683704823 0.000683704823 3.94973822
955 3772 0.684145236 0.000684145236 3.94973822
955 3772 0.684542065 0.000684542065 3.94973822
954 3764 0.663604103 0.000663604103 3.94549266
954 3764 0.663569767 0.000663569767 3.94549266
954 3764 0.663669945 0.000663669945 3.94549266
954 3764 0.663593711 0.000663593711 3.94549266
954 3764 0.663757296 0.000663757296 3.94549266
954 3764 0.663774758 0.000663774758 3.94549266
954 3764 0.663789669 0.000663789669 3.94549266
954 3764 0.663774617 0.000663774617 3.94549266
954 3764 0.663746411 0.000663746411 3.94549266
954 3764 0.663773247 0.000663773247 3.94549266
953 3755 0.654807329 0.000654807329 3.94018888
953 3755 0.654440787 0.000654440787 3.94018888
953 3755 0.654536435 0.000654536435 3.94018888
953 3755 0.654527268 0.000654527268 3.94018888
953 3755 0.654685517 0.000654685517 3.94018888
953 3755 0.654594033 0.000654594033 3.94018888
953 3755 0.654972197 0.000654972197 3.94018888
953 3755 0.654664251 0.000654664251 3.94018888
953 3755 0.654848697 0.000654848697 3.94018888
953 3755 0.654469697 0.000654469697 3.94018888
952 3741 0.635344169 0.000635344169 3.92962185
952 3746 0.62669824 0.00062669824 3.93487395
952 3749 0.636713784 0.000636713784 3.93802521
952 3745 0.628900415 0.000628900415 3.93382353
952 3748 0.623426665 0.000623426665 3.93697479
952 3748 0.624288225 0.000624288225 3.93697479
952 3748 0.624568012 0.000624568012 3.93697479
952 3748 0.624199051 0.000624199051 3.93697479
952 3748 0.624368797 0.000624368797 3.93697479
952 3748 0.623858404 0.000623858404 3.93697479
951 3739 0.597886896 0.000597886896 3.93165089
951 3739 0.59798363 0.00059798363 3.93165089
951 3739 0.59815637 0.00059815637 3.93165089
951 3739 0.598162699 0.000598162699 3.93165089
951 3739 0.598065412 0.000598065412 3.93165089
951 3739 0.598114367 0.000598114367 3.93165089
951 3739 0.598070965 0.000598070965 3.93165089
951 3739 0.598120214 0.000598120214 3.93165089
951 3739 0.598147954 0.000598147954 3.93165089
951 3739 0.598130296 0.000598130296 3.93165089
950 3730 0.589107982 0.000589107982 3.92631579
950 3730 0.589145155 0.000589145155 3.92631579
950 3730 0.589096532 0.000589096532 3.92631579
950 3730 0.589076974 0.000589076974 3.92631579
950 3730 0.589090348 0.000589090348 3.92631579
950 3730 0.589094228 0.000589094228 3.92631579
950 3730 0.589092717 0.000589092717 3.92631579
950 3730 0.589089385 0.000589089385 3.92631579
950 3730 0.589086601 0.000589086601 3.92631579
950 3730 0.58908836 0.00058908836 3.92631579
949 3727 0.584676895 0.000584676895 3.92729189
949 3727 0.584721742 0.000584721742 3.92729189
949 3716 0.569753704 0.000569753704 3.91570074
949 3716 0.569636611 0.000569636611 3.91570074
949 3716 0.569861407 0.000569861407 3.91570074
949 3716 0.569774347 0.000569774347 3.91570074
949 3716 0.56979552 0.00056979552 3.91570074
949 3716 0.569809291 0.000569809291 3.91570074
949 3716 0.569816488 0.000569816488 3.91570074
949 3716 0.569814699 0.000569814699 3.91570074
948 3713 0.565464903 0.000565464903 3.91666667
948 3713 0.565438483 0.000565438483 3.91666667
948 3713 0.56543788 0.00056543788 3.91666667
948 3713 0.565466478 0.000565466478 3.91666667
948 3713 0.565469257 0.000565469257 3.91666667
948 3713 0.565455804 0.000565455804 3.91666667
948 3713 0.565446768 0.000565446768 3.91666667
948 3713 0.565448104 0.000565448104 3.91666667
948 3713 0.565447278 0.000565447278 3.91666667
948 3713 0.565443385 0.000565443385 3.91666667
947 3705 0.554719901 0.000554719901 3.9123548
947 3705 0.554748473 0.000554748473 3.9123548
947 3705 0.554727883 0.000554727883 3.9123548
947 3705 0.554830797 0.000554830797 3.9123548
947 3705 0.554954948 0.000554954948 3.9123548
947 3705 0.554845865 0.000554845865 3.9123548
947 3705 0.554452492 0.000554452492 3.9123548
947 3705 0.554764861 0.000554764861 3.9123548
947 3705 0.554727993 0.000554727993 3.9123548
947 3705 0.554699257 0.000554699257 3.9123548
946 3700 0.532283888 0.000532283888 3.91120507
945 3690 0.520996772 0.000520996772 3.9047619
945 3691 0.514219878 0.000514219878 3.90582011
945 3690 0.520208868 0.000520208868 3.9047619
945 3686 0.508746176 0.000508746176 3.9005291
945 3697 0.523676809 0.000523676809 3.91216931
945 3690 0.520549178 0.000520549178 3.9047619
945 3690 0.520487054 0.000520487054 3.9047619
945 3690 0.52060903 0.00052060903 3.9047619
945 3697 0.523683787 0.000523683787 3.91216931
944 3683 0.504911385 0.000504911385 3.90148305
944 3683 0.504971347 0.000504971347 3.90148305
944 3683 0.504830345 0.000504830345 3.90148305
944 3683 0.504809802 0.000504809802 3.90148305
944 3683 0.504893615 0.000504893615 3.90148305
944 3683 0.504899043 0.000504899043 3.90148305
944 3683 0.504864704 0.000504864704 3.90148305
944 3683 0.504899868 0.000504899868 3.90148305
944 3683 0.504884337 0.000504884337 3.90148305
944 3683 0.504873856 0.000504873856 3.90148305
943 3674 0.50210115 0.00050210115 3.89607635
943 3674 0.501980651 0.000501980651 3.89607635
943 3674 0.50180786 0.00050180786 3.89607635
943 3674 0.502272451 0.000502272451 3.89607635
943 3674 0.501889974 0.000501889974 3.89607635
943 3674 0.50178534 0.00050178534 3.89607635
943 3674 0.501877025 0.000501877025 3.89607635
943 3674 0.50178019 0.00050178019 3.89607635
943 3674 0.502149388 0.000502149388 3.89607635
943 3674 0.501917973 0.000501917973 3.89607635
942 3664 0.483187313 0.000483187313 3.8895966
942 3669 0.490792876 0.000490792876 3.89490446
942 3669 0.490907236 0.000490907236 3.89490446
942 3668 0.474643208 0.000474643208 3.89384289
942 3669 0.490564901 0.000490564901 3.89490446
942 3669 0.490854659 0.000490854659 3.89490446
942 3669 0.49148654 0.00049148654 3.89490446
942 3669 0.490970363 0.000490970363 3.89490446
942 3669 0.49071311 0.00049071311 3.89490446
942 3669 0.490715769 0.000490715769 3.89490446
941 3659 0.47255269 0.00047255269 3.88841658
941 3659 0.472871288 0.000472871288 3.88841658
941 3659 0.472948358 0.000472948358 3.88841658
941 3659 0.472592742 0.000472592742 3.88841658
941 3659 0.472912626 0.000472912626 3.88841658
941 3659 0.472570799 0.000472570799 3.88841658
941 3659 0.472663602 0.000472663602 3.88841658
941 3659 0.473272366 0.000473272366 3.88841658
941 3659 0.472566476 0.000472566476 3.88841658
941 3659 0.472545906 0.000472545906 3.88841658
940 3651 0.450779898 0.000450779898 3.88404255
940 3651 0.450054741 0.000450054741 3.88404255
940 3651 0.450370227 0.000450370227 3.88404255
940 3651 0.450040459 0.000450040459 3.88404255
940 3651 0.450113271 0.000450113271 3.88404255
940 3651 0.4501632 0.0004501632 3.88404255
940 3651 0.4501876 0.0004501876 3.88404255
940 3651 0.450150749 0.000450150749 3.88404255
940 3651 0.450150765 0.000450150765 3.88404255
940 3651 0.4501744 0.0004501744 3.88404255
939 3644 0.441772374 0.000441772374 3.88072417
939 3644 0.441781336 0.000441781336 3.88072417
939 3641 0.436016736 0.000436016736 3.87752929
939 3644 0.441486527 0.000441486527 3.88072417
939 3641 0.435920409 0.000435920409 3.87752929
939 3644 0.442080748 0.000442080748 3.88072417
939 3644 0.441743987 0.000441743987 3.88072417
939 3644 0.441658001 0.000441658001 3.88072417
939 3644 0.441778755 0.000441778755 3.88072417
939 3644 0.441633815 0.000441633815 3.88072417
938 3635 0.432949928 0.000432949928 3.87526652
938 3634 0.427889529 0.000427889529 3.87420043
938 3634 0.427682775 0.000427682775 3.87420043
938 3639 0.425381096 0.000425381096 3.87953092
938 3634 0.427906893 0.000427906893 3.87420043
938 3634 0.427666313 0.000427666313 3.87420043
938 3634 0.427685785 0.000427685785 3.87420043
938 3634 0.427679718 0.000427679718 3.87420043
938 3634 0.427742082 0.000427742082 3.87420043
938 3634 0.427701744 0.000427701744 3.87420043
937 3629 0.411570296 0.000411570296 3.87299893
937 3629 0.41156999 0.00041156999 3.87299893
937 3629 0.411694616 0.000411694616 3.87299893
937 3629 0.411536557 0.000411536557 3.87299893
937 3629 0.411601544 0.000411601544 3.87299893
937 3629 0.411558951 0.000411558951 3.87299893
937 3629 0.411618747 0.000411618747 3.87299893
937 3629 0.411589454 0.000411589454 3.87299893
937 3629 0.411630012 0.000411630012 3.87299893
937 3629 0.411601765 0.000411601765 3.87299893
936 3620 0.402997066 0.000402997066 3.86752137
936 3620 0.402892049 0.000402892049 3.86752137
936 3620 0.402861573 0.000402861573 3.86752137
936 3620 0.403075692 0.000403075692 3.86752137
936 3620 0.402954552 0.000402954552 3.86752137
936 3620 0.402671279 0.000402671279 3.86752137
936 3620 0.403162081 0.000403162081 3.86752137
936 3620 0.402822215 0.000402822215 3.86752137
936 3620 0.402558037 0.000402558037 3.86752137
936 3620 0.402671402 0.000402671402 3.86752137
935 3615 0.385020391 0.000385020391 3.86631016
935 3611 0.385031593 0.000385031593 3.86203209
935 3611 0.385773345 0.000385773345 3.86203209
935 3611 0.385433918 0.000385433918 3.86203209
935 3611 0.385350888 0.000385350888 3.86203209
935 3611 0.385176095 0.000385176095 3.86203209
935 3611 0.385156339 0.000385156339 3.86203209
935 3611 0.385148941 0.000385148941 3.86203209
935 3611 0.385072493 0.000385072493 3.86203209
935 3611 0.385135314 0.000385135314 3.86203209
934 3604 0.373894384 0.000373894384 3.85867238
934 3604 0.374338497 0.000374338497 3.85867238
934 3606 0.367528276 0.000367528276 3.8608137
934 3604 0.374220817 0.000374220817 3.85867238
934 3604 0.373736283 0.000373736283 3.85867238
934 3604 0.374360913 0.000374360913 3.85867238
934 3604 0.374178829 0.000374178829 3.85867238
934 3604 0.373891816 0.000373891816 3.85867238
934 3604 0.373562931 0.000373562931 3.85867238
934 3604 0.374262634 0.000374262634 3.85867238
933 3599 0.35677465 0.00035677465 3.85744909
933 3595 0.354538794 0.000354538794 3.85316184
933 3595 0.354388204 0.000354388204 3.85316184
933 3595 0.354524293 0.000354524293 3.85316184
933 3595 0.354899664 0.000354899664 3.85316184
933 3595 0.354857604 0.000354857604 3.85316184
933 3595 0.354761022 0.000354761022 3.85316184
933 3595 0.35489682 0.00035489682 3.85316184
933 3595 0.354561646 0.000354561646 3.85316184
933 3595 0.354362129 0.000354362129 3.85316184
932 3590 0.336280762 0.000336280762 3.85193133
932 3590 0.336810833 0.000336810833 3.85193133
932 3590 0.337055521 0.000337055521 3.85193133
932 3590 0.336763385 0.000336763385 3.85193133
932 3590 0.336767273 0.000336767273 3.85193133
932 3590 0.336747334 0.000336747334 3.85193133
932 3590 0.335912312 0.000335912312 3.85193133
932 3590 0.337508196 0.000337508196 3.85193133
932 3590 0.336463011 0.000336463011 3.85193133
932 3590 0.335873592 0.000335873592 3.85193133
931 3577 0.318519086 0.000318519086 3.84210526
931 3582 0.327404526 0.000327404526 3.84747583
931 3582 0.326992585 0.000326992585 3.84747583
931 3582 0.326719223 0.000326719223 3.84747583
931 3582 0.326943964 0.000326943964 3.84747583
931 3582 0.326725633 0.000326725633 3.84747583
931 3577 0.317936933 0.000317936933 3.84210526
931 3577 0.318378655 0.000318378655 3.84210526
931 3577 0.318660514 0.000318660514 3.84210526
931 3577 0.319230091 0.000319230091 3.84210526
930 3570 0.295966688 0.000295966688 3.83870968
930 3571 0.289107224 0.000289107224 3.83978495
930 3571 0.289954107 0.000289954107 3.83978495
930 3571 0.289519096 0.000289519096 3.83978495
930 3571 0.289595414 0.000289595414 3.83978495
930 3569 0.312007095 0.000312007095 3.83763441
930 3571 0.289699244 0.000289699244 3.83978495
930 3571 0.289456216 0.000289456216 3.83978495
930 3571 0.28963658 0.00028963658 3.83978495
930 3571 0.289686851 0.000289686851 3.83978495
929 3563 0.28357319 0.00028357319 3.83530678
929 3563 0.283524484 0.000283524484 3.83530678
929 3563 0.283668401 0.000283668401 3.83530678
929 3563 0.283789669 0.000283789669 3.83530678
929 3563 0.283463182 0.000283463182 3.83530678
929 3563 0.283925091 0.000283925091 3.83530678
929 3563 0.283709287 0.000283709287 3.83530678
929 3563 0.279618057 0.000279618057 3.83530678
929 3563 0.279709997 0.000279709997 3.83530678
929 3563 0.283546197 0.000283546197 3.83530678
928 3556 0.260992678 0.000260992678 3.83189655
928 3554 0.26485395 0.00026485395 3.82974138
928 3554 0.26480923 0.00026480923 3.82974138
928 3555 0.27381281 0.00027381281 3.83081897
928 3555 0.273930458 0.000273930458 3.83081897
928 3555 0.274229869 0.000274229869 3.83081897
928 3555 0.274230232 0.000274230232 3.83081897
928 3555 0.274232876 0.000274232876 3.83081897
928 3555 0.274191449 0.000274191449 3.83081897
928 3555 0.274193749 0.000274193749 3.83081897
927 3546 0.255499983 0.000255499983 3.82524272
927 3546 0.254959947 0.000254959947 3.82524272
927 3546 0.254789998 0.000254789998 3.82524272
927 3547 0.252690706 0.000252690706 3.82632147
927 3546 0.244934338 0.000244934338 3.82524272
927 3546 0.244809484 0.000244809484 3.82524272
927 3546 0.244967844 0.000244967844 3.82524272
927 3546 0.244815637 0.000244815637 3.82524272
927 3546 0.245056916 0.000245056916 3.82524272
927 3546 0.244880301 0.000244880301 3.82524272
926 3538 0.235110191 0.000235110191 3.82073434
926 3538 0.235198664 0.000235198664 3.82073434
926 3538 0.235225277 0.000235225277 3.82073434
926 3538 0.235163224 0.000235163224 3.82073434
926 3538 0.235302672 0.000235302672 3.82073434
926 3538 0.235211013 0.000235211013 3.82073434
926 3538 0.235143148 0.000235143148 3.82073434
926 3538 0.2352079 0.0002352079 3.82073434
926 3538 0.23522452 0.00023522452 3.82073434
926 3538 0.235111338 0.000235111338 3.82073434
925 3530 0.224676903 0.000224676903 3.81621622
925 3530 0.224607536 0.000224607536 3.81621622
925 3530 0.224225318 0.000224225318 3.81621622
925 3531 0.212262477 0.000212262477 3.8172973
925 3530 0.224242051 0.000224242051 3.81621622
925 3530 0.224501147 0.000224501147 3.81621622
925 3530 0.224760614 0.000224760614 3.81621622
925 3530 0.224152962 0.000224152962 3.81621622
925 3531 0.211480601 0.000211480601 3.8172973
925 3531 0.211529819 0.000211529819 3.8172973
924 3523 0.184415347 0.000184415347 3.81277056
923 3515 0.173479917 0.000173479917 3.80823402
923 3515 0.173882705 0.000173882705 3.80823402
923 3515 0.17367549 0.00017367549 3.80823402
923 3515 0.173635427 0.000173635427 3.80823402
923 3515 0.173645993 0.000173645993 3.80823402
923 3515 0.1736962 0.0001736962 3.80823402
923 3515 0.173694429 0.000173694429 3.80823402
923 3515 0.173699809 0.000173699809 3.80823402
923 3515 0.173607889 0.000173607889 3.80823402
922 3507 0.163765399 0.000163765399 3.80368764
922 3507 0.163753949 0.000163753949 3.80368764
922 3507 0.163779393 0.000163779393 3.80368764
922 3507 0.163761559 0.000163761559 3.80368764
922 3509 0.170876546 0.000170876546 3.80585683
922 3509 0.170827589 0.000170827589 3.80585683
922 3509 0.170781778 0.000170781778 3.80585683
922 3509 0.170739947 0.000170739947 3.80585683
922 3509 0.170718865 0.000170718865 3.80585683
922 3509 0.170712188 0.000170712188 3.80585683
921 3501 0.160791083 0.000160791083 3.80130293
921 3501 0.160617387 0.000160617387 3.80130293
921 3501 0.160202718 0.000160202718 3.80130293
921 3501 0.16010128 0.00016010128 3.80130293
921 3501 0.160057212 0.000160057212 3.80130293
921 3501 0.160168724 0.000160168724 3.80130293
921 3501 0.160274116 0.000160274116 3.80130293
921 3501 0.160308972 0.000160308972 3.80130293
921 3501 0.160334053 0.000160334053 3.80130293
921 3501 0.160347957 0.000160347957 3.80130293
920 3493 0.133979798 0.000133979798 3.79673913
920 3493 0.135510761 0.000135510761 3.79673913
920 3493 0.134699711 0.000134699711 3.79673913
920 3493 0.134885496 0.000134885496 3.79673913
920 3493 0.134779646 0.000134779646 3.79673913
920 3493 0.134811606 0.000134811606 3.79673913
920 3493 0.135576017 0.000135576017 3.79673913
920 3493 0.135000176 0.000135000176 3.79673913
920 3493 0.13519454 0.00013519454 3.79673913
920 3493 0.134801638 0.000134801638 3.79673913
919 3485 0.108485116 0.000108485116 3.7921654
919 3485 0.108465399 0.000108465399 3.7921654
919 3487 0.104087335 0.000104087335 3.79434168
919 3485 0.110472018 0.000110472018 3.7921654
919 3485 0.109037389 0.000109037389 3.7921654
919 3485 0.109059391 0.000109059391 3.7921654
919 3485 0.108853356 0.000108853356 3.7921654
919 3487 0.0888692638 8.88692638e-05 3.79434168
919 3487 0.105155924 0.000105155924 3.79434168
919 3487 0.105238609 0.000105238609 3.79434168
918 3479 0.0798694667 7.98694667e-05 3.78976035
918 3481 0.095322848 9.5322848e-05 3.791939
918 3479 0.0989745618 9.89745618e-05 3.78976035
918 3479 0.0989938034 9.89938034e-05 3.78976035
918 3479 0.0989190139 9.89190139e-05 3.78976035
918 3479 0.098993133 9.8993133e-05 3.78976035
918 3479 0.0992832975 9.92832975e-05 3.78976035
918 3479 0.0988106402 9.88106402e-05 3.78976035
918 3479 0.0995881679 9.95881679e-05 3.78976035
918 3479 0.0989615582 9.89615582e-05 3.78976035
917 3473 0.069535949 6.9535949e-05 3.78735005
917 3473 0.0694841344 6.94841344e-05 3.78735005
917 3473 0.0695347632 6.95347632e-05 3.78735005
917 3473 0.0695271335 6.95271335e-05 3.78735005
917 3473 0.069317476 6.9317476e-05 3.78735005
917 3473 0.0691313033 6.91313033e-05 3.78735005
917 3473 0.0691368823 6.91368823e-05 3.78735005
917 3473 0.0696819119 6.96819119e-05 3.78735005
917 3473 0.0693503013 6.93503013e-05 3.78735005
917 3473 0.0691838955 6.91838955e-05 3.78735005
916 3466 0.0643408073 6.43408073e-05 3.78384279
916 3466 0.0642851816 6.42851816e-05 3.78384279
916 3466 0.0638116279 6.38116279e-05 3.78384279
916 3466 0.0637613674 6.37613674e-05 3.78384279
916 3466 0.0637267952 6.37267952e-05 3.78384279
916 3466 0.0637712556 6.37712556e-05 3.78384279
916 3466 0.0638018736 6.38018736e-05 3.78384279
916 3466 0.0638362534 6.38362534e-05 3.78384279
916 3466 0.0638350962 6.38350962e-05 3.78384279
916 3466 0.0638425834 6.38425834e-05 3.78384279
915 3460 0.0487628201 4.87628201e-05 3.78142077
915 3460 0.0483687157 4.83687157e-05 3.78142077
915 3454 0.0500629576 5.00629576e-05 3.77486339
915 3457 0.0324208253 3.24208253e-05 3.77814208
915 3457 0.031977997 3.1977997e-05 3.77814208
915 3457 0.0322342877 3.22342877e-05 3.77814208
915 3457 0.0319776558 3.19776558e-05 3.77814208
915 3457 0.0314888002 3.14888002e-05 3.77814208
915 3457 0.0318087336 3.18087336e-05 3.77814208
915 3457 0.0321460871 3.21460871e-05 3.77814208
914 3445 0.0181898834 1.81898834e-05 3.76914661
914 3445 0.0182871077 1.82871077e-05 3.76914661
914 3445 0.0179437424 1.79437424e-05 3.76914661
914 3445 0.0180770823 1.80770823e-05 3.76914661
914 3445 0.018341213 1.8341213e-05 3.76914661
914 3445 0.0182445212 1.82445212e-05 3.76914661
914 3445 0.0184421139 1.84421139e-05 3.76914661
914 3445 0.018441652 1.8441652e-05 3.76914661
914 3445 0.017866618 1.7866618e-05 3.76914661
914 3445 0.0178891172 1.78891172e-05 3.76914661
913 3437 -0.00292660289 -2.92660289e-06 3.7645126
913 3437 -0.00303669607 -3.03669607e-06 3.7645126
913 3437 -0.00342498199 -3.42498199e-06 3.7645126
913 3439 0.00199319048 1.99319048e-06 3.76670318
913 3439 0.00205044327 2.05044327e-06 3.76670318
913 3437 -0.00288849754 -2.88849754e-06 3.7645126
913 3437 -0.00355504238 -3.55504238e-06 3.7645126
913 3437 -0.00330346295 -3.30346295e-06 3.7645126
913 3437 -0.00333828709 -3.33828709e-06 3.7645126
913 3437 -0.00323911185 -3.23911185e-06 3.7645126
912 3431 -0.01918207 -1.918207e-05 3.7620614
912 3431 -0.019367124 -1.9367124e-05 3.7620614
912 3431 -0.0193067399 -1.93067399e-05 3.7620614
912 3431 -0.0191833703 -1.91833703e-05 3.7620614
912 3431 -0.0192660585 -1.92660585e-05 3.7620614
912 3431 -0.0192141545 -1.92141545e-05 3.7620614
912 3431 -0.0192201069 -1.92201069e-05 3.7620614
912 3431 -0.0191828298 -1.91828298e-05 3.7620614
912 3431 -0.019236447 -1.9236447e-05 3.7620614
912 3431 -0.0192368435 -1.92368435e-05 3.7620614
911 3423 -0.0194645845 -1.94645845e-05 3.75740944
911 3423 -0.0194204114 -1.94204114e-05 3.75740944
911 3423 -0.0194227804 -1.94227804e-05 3.75740944
911 3423 -0.0193197592 -1.93197592e-05 3.75740944
911 3423 -0.0192500155 -1.92500155e-05 3.75740944
911 3423 -0.0191089453 -1.91089453e-05 3.75740944
911 3423 -0.0194768801 -1.94768801e-05 3.75740944
911 3423 -0.0191877702 -1.91877702e-05 3.75740944
911 3423 -0.0196733546 -1.96733546e-05 3.75740944
911 3423 -0.0194956915 -1.94956915e-05 3.75740944
910 3419 -0.0310860737 -3.10860737e-05 3.75714286
910 3419 -0.0306350661 -3.06350661e-05 3.75714286
910 3419 -0.0313817113 -3.13817113e-05 3.75714286
910 3415 -0.0459416265 -4.59416265e-05 3.75274725
910 3414 -0.0551516757 -5.51516757e-05 3.75164835
910 3414 -0.0744800361 -7.44800361e-05 3.75164835
910 3409 -0.0819722963 -8.19722963e-05 3.74615385
910 3411 -0.0752792041 -7.52792041e-05 3.74835165
910 3414 -0.0803694312 -8.03694312e-05 3.75164835
910 3413 -0.0708252518 -7.08252518e-05 3.75054945
909 3402 -0.093555174 -9.3555174e-05 3.74257426
909 3402 -0.0931023715 -9.31023715e-05 3.74257426
909 3402 -0.0929972704 -9.29972704e-05 3.74257426
909 3402 -0.0930100368 -9.30100368e-05 3.74257426
909 3402 -0.093029341 -9.3029341e-05 3.74257426
909 3402 -0.0930190767 -9.30190767e-05 3.74257426
909 3402 -0.0929430589 -9.29430589e-05 3.74257426
909 3402 -0.0929760869 -9.29760869e-05 3.74257426
909 3402 -0.0930158742 -9.30158742e-05 3.74257426
909 3402 -0.0930287633 -9.30287633e-05 3.74257426
908 3394 -0.114201878 -0.000114201878 3.73788546
908 3394 -0.114568977 -0.000114568977 3.73788546
908 3394 -0.114171243 -0.000114171243 3.73788546
908 3394 -0.114496392 -0.000114496392 3.73788546
908 3394 -0.114273531 -0.000114273531 3.73788546
908 3394 -0.114401031 -0.000114401031 3.73788546
908 3394 -0.114350805 -0.000114350805 3.73788546
908 3394 -0.114399999 -0.000114399999 3.73788546
908 3394 -0.114372996 -0.000114372996 3.73788546
908 3394 -0.11436709 -0.00011436709 3.73788546
907 3386 -0.114636292 -0.000114636292 3.73318633
907 3386 -0.114194232 -0.000114194232 3.73318633
907 3386 -0.11507634 -0.00011507634 3.73318633
907 3386 -0.114452981 -0.000114452981 3.73318633
907 3386 -0.114644947 -0.000114644947 3.73318633
907 3386 -0.114582913 -0.000114582913 3.73318633
907 3386 -0.1148515 -0.0001148515 3.73318633
907 3386 -0.113934836 -0.000113934836 3.73318633
907 3386 -0.114450023 -0.000114450023 3.73318633
907 3386 -0.113667656 -0.000113667656 3.73318633
906 3380 -0.14538723 -0.00014538723 3.73068433
906 3376 -0.140148752 -0.000140148752 3.72626932
906 3378 -0.158334769 -0.000158334769 3.72847682
906 3381 -0.153529263 -0.000153529263 3.73178808
906 3382 -0.14481487 -0.00014481487 3.73289183
906 3380 -0.168207776 -0.000168207776 3.73068433
906 3379 -0.158922232 -0.000158922232 3.72958057
906 3382 -0.157653134 -0.000157653134 3.73289183
906 3379 -0.159027931 -0.000159027931 3.72958057
906 3384 -0.151119103 -0.000151119103 3.73509934
905 3373 -0.173344752 -0.000173344752 3.72707182
905 3373 -0.173156256 -0.000173156256 3.72707182
905 3373 -0.173751359 -0.000173751359 3.72707182
905 3373 -0.173385718 -0.000173385718 3.72707182
905 3373 -0.173401178 -0.000173401178 3.72707182
905 3373 -0.173548779 -0.000173548779 3.72707182
905 3373 -0.173424755 -0.000173424755 3.72707182
905 3373 -0.173545957 -0.000173545957 3.72707182
905 3373 -0.173439655 -0.000173439655 3.72707182
905 3373 -0.173474 -0.000173474 3.72707182
904 3365 -0.173661161 -0.000173661161 3.72234513
904 3365 -0.173720503 -0.000173720503 3.72234513
904 3365 -0.173636133 -0.000173636133 3.72234513
904 3365 -0.173531701 -0.000173531701 3.72234513
904 3365 -0.173543261 -0.000173543261 3.72234513
904 3365 -0.173614741 -0.000173614741 3.72234513
904 3365 -0.173649713 -0.000173649713 3.72234513
904 3365 -0.173630134 -0.000173630134 3.72234513
904 3365 -0.173632044 -0.000173632044 3.72234513
904 3365 -0.173612172 -0.000173612172 3.72234513
903 3359 -0.181481207 -0.000181481207 3.71982281
903 3359 -0.18157889 -0.00018157889 3.71982281
903 3359 -0.18117527 -0.00018117527 3.71982281
903 3359 -0.181332687 -0.000181332687 3.71982281
903 3359 -0.18068463 -0.00018068463 3.71982281
903 3359 -0.181931752 -0.000181931752 3.71982281
903 3359 -0.181639144 -0.000181639144 3.71982281
903 3359 -0.181014122 -0.000181014122 3.71982281
903 3359 -0.181734983 -0.000181734983 3.71982281
903 3359 -0.181758413 -0.000181758413 3.71982281
902 3352 -0.188528783 -0.000188528783 3.71618625
902 3352 -0.213743636 -0.000213743636 3.71618625
902 3352 -0.18963793 -0.00018963793 3.71618625
902 3352 -0.188669851 -0.000188669851 3.71618625
902 3352 -0.188347429 -0.000188347429 3.71618625
902 3352 -0.188178243 -0.000188178243 3.71618625
902 3352 -0.188990228 -0.000188990228 3.71618625
902 3352 -0.188663683 -0.000188663683 3.71618625
902 3352 -0.188508916 -0.000188508916 3.71618625
902 3352 -0.188686138 -0.000188686138 3.71618625
901 3345 -0.221230749 -0.000221230749 3.71254162
901 3346 -0.226936418 -0.000226936418 3.7136515
901 3347 -0.204879205 -0.000204879205 3.71476138
901 3347 -0.204566749 -0.000204566749 3.71476138
901 3348 -0.235552593 -0.000235552593 3.71587125
901 3349 -0.218455331 -0.000218455331 3.71698113
901 3347 -0.203861132 -0.000203861132 3.71476138
901 3346 -0.227959228 -0.000227959228 3.7136515
901 3346 -0.227805891 -0.000227805891 3.7136515
901 3347 -0.230849208 -0.000230849208 3.71476138
900 3340 -0.236238958 -0.000236238958 3.71111111
900 3340 -0.235233167 -0.000235233167 3.71111111
900 3340 -0.236286643 -0.000236286643 3.71111111
900 3340 -0.235277535 -0.000235277535 3.71111111
900 3340 -0.235655903 -0.000235655903 3.71111111
900 3340 -0.235707955 -0.000235707955 3.71111111
900 3340 -0.235646506 -0.000235646506 3.71111111
900 3340 -0.235667937 -0.000235667937 3.71111111
900 3340 -0.235567114 -0.000235567114 3.71111111
900 3340 -0.235631516 -0.000235631516 3.71111111
899 3334 -0.248069947 -0.000248069947 3.70856507
899 3334 -0.247894698 -0.000247894698 3.70856507
899 3335 -0.260623032 -0.000260623032 3.70967742
899 3337 -0.252583347 -0.000252583347 3.71190211
899 3332 -0.272283337 -0.000272283337 3.70634038
899 3331 -0.277740357 -0.000277740357 3.70522803
899 3333 -0.299499872 -0.000299499872 3.70745273
899 3330 -0.279199282 -0.000279199282 3.70411568
899 3331 -0.287776036 -0.000287776036 3.70522803
899 3330 -0.289193865 -0.000289193865 3.70411568
898 3325 -0.300864121 -0.000300864121 3.70267261
898 3325 -0.305936054 -0.000305936054 3.70267261
898 3329 -0.286806239 -0.000286806239 3.70712695
898 3327 -0.286652097 -0.000286652097 3.70489978
898 3330 -0.279949154 -0.000279949154 3.70824053
898 3330 -0.279808999 -0.000279808999 3.70824053
898 3330 -0.280087273 -0.000280087273 3.70824053
898 3327 -0.289822276 -0.000289822276 3.70489978
898 3324 -0.289438771 -0.000289438771 3.70155902
898 3328 -0.289046904 -0.000289046904 3.70601336
897 3319 -0.307561077 -0.000307561077 3.70011148
897 3322 -0.281120932 -0.000281120932 3.70345596
897 3322 -0.281333532 -0.000281333532 3.70345596
897 3322 -0.280364406 -0.000280364406 3.70345596
897 3322 -0.281914745 -0.000281914745 3.70345596
897 3319 -0.302440988 -0.000302440988 3.70011148
897 3319 -0.307650054 -0.000307650054 3.70011148
897 3319 -0.308018288 -0.000308018288 3.70011148
897 3319 -0.308144088 -0.000308144088 3.70011148
897 3319 -0.308141415 -0.000308141415 3.70011148
896 3313 -0.319640001 -0.000319640001 3.69754464
896 3313 -0.319562978 -0.000319562978 3.69754464
896 3313 -0.31965028 -0.00031965028 3.69754464
896 3313 -0.319661221 -0.000319661221 3.69754464
896 3313 -0.319603505 -0.000319603505 3.69754464
896 3313 -0.319563926 -0.000319563926 3.69754464
896 3313 -0.319563771 -0.000319563771 3.69754464
896 3313 -0.319577114 -0.000319577114 3.69754464
896 3313 -0.319582203 -0.000319582203 3.69754464
896 3313 -0.319580069 -0.000319580069 3.69754464
895 3305 -0.32082082 -0.00032082082 3.69273743
895 3305 -0.320558219 -0.000320558219 3.69273743
895 3305 -0.320807414 -0.000320807414 3.69273743
895 3305 -0.320875984 -0.000320875984 3.69273743
895 3305 -0.320737421 -0.000320737421 3.69273743
895 3305 -0.31980717 -0.00031980717 3.69273743
895 3305 -0.320778243 -0.000320778243 3.69273743
895 3305 -0.321301037 -0.000321301037 3.69273743
895 3305 -0.321288789 -0.000321288789 3.69273743
895 3305 -0.321435082 -0.000321435082 3.69273743
894 3300 -0.321699414 -0.000321699414 3.69127517
894 3300 -0.322015293 -0.000322015293 3.69127517
894 3300 -0.322411519 -0.000322411519 3.69127517
894 3298 -0.342158763 -0.000342158763 3.68903803
894 3298 -0.343071906 -0.000343071906 3.68903803
894 3298 -0.343519417 -0.000343519417 3.68903803
894 3298 -0.34341991 -0.00034341991 3.68903803
894 3298 -0.34317054 -0.00034317054 3.68903803
894 3298 -0.343000121 -0.000343000121 3.68903803
894 3298 -0.343081911 -0.000343081911 3.68903803
893 3293 -0.344394978 -0.000344394978 3.68756999
893 3293 -0.344333644 -0.000344333644 3.68756999
893 3293 -0.344378928 -0.000344378928 3.68756999
893 3293 -0.344413943 -0.000344413943 3.68756999
893 3293 -0.344410192 -0.000344410192 3.68756999
893 3293 -0.344386285 -0.000344386285 3.68756999
893 3293 -0.344384965 -0.000344384965 3.68756999
893 3293 -0.344396345 -0.000344396345 3.68756999
893 3293 -0.344406655 -0.000344406655 3.68756999
893 3293 -0.344404998 -0.000344404998 3.68756999
892 3285 -0.345788308 -0.000345788308 3.68273543
892 3285 -0.345822967 -0.000345822967 3.68273543
892 3285 -0.345883442 -0.000345883442 3.68273543
892 3285 -0.345879991 -0.000345879991 3.68273543
892 3285 -0.345881297 -0.000345881297 3.68273543
892 3285 -0.345872505 -0.000345872505 3.68273543
892 3285 -0.345869512 -0.000345869512 3.68273543
892 3285 -0.345872677 -0.000345872677 3.68273543
892 3285 -0.345860534 -0.000345860534 3.68273543
892 3285 -0.345861709 -0.000345861709 3.68273543
891 3277 -0.35265424 -0.00035265424 3.67789001
891 3277 -0.35267602 -0.00035267602 3.67789001
891 3280 -0.377586596 -0.000377586596 3.68125701
891 3280 -0.377822083 -0.000377822083 3.68125701
891 3278 -0.402763432 -0.000402763432 3.67901235
891 3275 -0.379704206 -0.000379704206 3.67564534
891 3280 -0.382643961 -0.000382643961 3.68125701
891 3280 -0.38242336 -0.00038242336 3.68125701
891 3275 -0.379247323 -0.000379247323 3.67564534
891 3272 -0.378994992 -0.000378994992 3.67227834
890 3267 -0.37984622 -0.00037984622 3.67078652
890 3267 -0.380528812 -0.000380528812 3.67078652
890 3267 -0.381119498 -0.000381119498 3.67078652
890 3267 -0.38052199 -0.00038052199 3.67078652
890 3267 -0.380791896 -0.000380791896 3.67078652
890 3267 -0.380645708 -0.000380645708 3.67078652
890 3267 -0.380807913 -0.000380807913 3.67078652
890 3267 -0.38072483 -0.00038072483 3.67078652
890 3267 -0.380793237 -0.000380793237 3.67078652
890 3267 -0.380747826 -0.000380747826 3.67078652
889 3262 -0.410703867 -0.000410703867 3.66929134
889 3262 -0.409805817 -0.000409805817 3.66929134
889 3262 -0.410424884 -0.000410424884 3.66929134
889 3262 -0.410381654 -0.000410381654 3.66929134
889 3262 -0.410545335 -0.000410545335 3.66929134
889 3262 -0.410445954 -0.000410445954 3.66929134
889 3262 -0.410446087 -0.000410446087 3.66929134
889 3262 -0.410357477 -0.000410357477 3.66929134
889 3262 -0.410325672 -0.000410325672 3.66929134
889 3262 -0.410422097 -0.000410422097 3.66929134
888 3253 -0.418375458 -0.000418375458 3.66328829
888 3253 -0.418647451 -0.000418647451 3.66328829
888 3253 -0.418386213 -0.000418386213 3.66328829
888 3253 -0.417746199 -0.000417746199 3.66328829
888 3253 -0.418443736 -0.000418443736 3.66328829
888 3253 -0.418143662 -0.000418143662 3.66328829
888 3253 -0.417999815 -0.000417999815 3.66328829
888 3253 -0.418007714 -0.000418007714 3.66328829
888 3253 -0.41824747 -0.00041824747 3.66328829
888 3253 -0.418189237 -0.000418189237 3.66328829
887 3248 -0.43226112 -0.00043226112 3.66178129
887 3248 -0.433040371 -0.000433040371 3.66178129
887 3244 -0.439040404 -0.000439040404 3.6572717
887 3244 -0.438142376 -0.000438142376 3.6572717
887 3244 -0.438269705 -0.000438269705 3.6572717
887 3244 -0.439168896 -0.000439168896 3.6572717
887 3244 -0.438602547 -0.000438602547 3.6572717
887 3244 -0.439149271 -0.000439149271 3.6572717
887 3245 -0.442544652 -0.000442544652 3.6583991
887 3245 -0.442252524 -0.000442252524 3.6583991
886 3240 -0.45658614 -0.00045658614 3.65688488
886 3236 -0.458486698 -0.000458486698 3.6523702
886 3236 -0.462100329 -0.000462100329 3.6523702
886 3236 -0.462889816 -0.000462889816 3.6523702
886 3236 -0.462724719 -0.000462724719 3.6523702
886 3236 -0.462880593 -0.000462880593 3.6523702
886 3236 -0.463046529 -0.000463046529 3.6523702
886 3236 -0.462643016 -0.000462643016 3.6523702
886 3236 -0.462742688 -0.000462742688 3.6523702
886 3236 -0.462396892 -0.000462396892 3.6523702
885 3231 -0.475982058 -0.000475982058 3.65084746
885 3231 -0.476444771 -0.000476444771 3.65084746
885 3231 -0.476125981 -0.000476125981 3.65084746
885 3231 -0.476331871 -0.000476331871 3.65084746
885 3231 -0.476174062 -0.000476174062 3.65084746
885 3231 -0.47641691 -0.00047641691 3.65084746
885 3227 -0.477746756 -0.000477746756 3.64632768
885 3227 -0.478042518 -0.000478042518 3.64632768
885 3227 -0.477980887 -0.000477980887 3.64632768
885 3227 -0.478011646 -0.000478011646 3.64632768
884 3222 -0.490964105 -0.000490964105 3.64479638
884 3222 -0.491093045 -0.000491093045 3.64479638
884 3222 -0.490880641 -0.000490880641 3.64479638
884 3222 -0.49145563 -0.00049145563 3.64479638
884 3222 -0.491484605 -0.000491484605 3.64479638
884 3222 -0.491205541 -0.000491205541 3.64479638
884 3222 -0.490971371 -0.000490971371 3.64479638
884 3222 -0.491552873 -0.000491552873 3.64479638
884 3220 -0.507431248 -0.000507431248 3.64253394
884 3220 -0.507628901 -0.000507628901 3.64253394
883 3211 -0.52253844 -0.00052253844 3.63646659
883 3211 -0.523005028 -0.000523005028 3.63646659
883 3211 -0.521956525 -0.000521956525 3.63646659
883 3211 -0.522415706 -0.000522415706 3.63646659
883 3211 -0.522519542 -0.000522519542 3.63646659
883 3211 -0.522365738 -0.000522365738 3.63646659
883 3211 -0.522337293 -0.000522337293 3.63646659
883 3211 -0.522318171 -0.000522318171 3.63646659
883 3211 -0.522369808 -0.000522369808 3.63646659
883 3211 -0.522401355 -0.000522401355 3.63646659
882 3203 -0.532746388 -0.000532746388 3.63151927
882 3203 -0.535813725 -0.000535813725 3.63151927
882 3204 -0.530248747 -0.000530248747 3.63265306
882 3209 -0.523487076 -0.000523487076 3.638322
882 3206 -0.548035113 -0.000548035113 3.63492063
882 3209 -0.531090627 -0.000531090627 3.638322
882 3207 -0.543956597 -0.000543956597 3.63605442
882 3203 -0.536944421 -0.000536944421 3.63151927
882 3203 -0.537140075 -0.000537140075 3.63151927
882 3203 -0.537563132 -0.000537563132 3.63151927
881 3194 -0.556668641 -0.000556668641 3.62542565
881 3194 -0.557081377 -0.000557081377 3.62542565
881 3197 -0.558123698 -0.000558123698 3.62883087
881 3197 -0.560738697 -0.000560738697 3.62883087
881 3197 -0.546321763 -0.000546321763 3.62883087
881 3197 -0.547154735 -0.000547154735 3.62883087
881 3197 -0.5466399 -0.0005466399 3.62883087
881 3197 -0.558701229 -0.000558701229 3.62883087
881 3198 -0.550052638 -0.000550052638 3.62996595
881 3198 -0.550731347 -0.000550731347 3.62996595
880 3189 -0.569682813 -0.000569682813 3.62386364
880 3189 -0.56971931 -0.00056971931 3.62386364
880 3189 -0.569361141 -0.000569361141 3.62386364
880 3189 -0.569274138 -0.000569274138 3.62386364
880 3189 -0.569355223 -0.000569355223 3.62386364
880 3189 -0.569398089 -0.000569398089 3.62386364
880 3189 -0.569869821 -0.000569869821 3.62386364
880 3189 -0.569983846 -0.000569983846 3.62386364
880 3189 -0.569576276 -0.000569576276 3.62386364
880 3189 -0.569491636 -0.000569491636 3.62386364
879 3178 -0.60003572 -0.00060003572 3.61547213
879 3181 -0.60312245 -0.00060312245 3.6188851
879 3183 -0.603581375 -0.000603581375 3.62116041
879 3183 -0.595974058 -0.000595974058 3.62116041
879 3180 -0.598482387 -0.000598482387 3.61774744
879 3177 -0.603538778 -0.000603538778 3.61433447
879 3180 -0.614859875 -0.000614859875 3.61774744
879 3183 -0.617093377 -0.000617093377 3.62116041
879 3182 -0.623700423 -0.000623700423 3.62002275
879 3184 -0.625447176 -0.000625447176 3.62229807
878 3174 -0.645602931 -0.000645602931 3.61503417
878 3173 -0.661192165 -0.000661192165 3.61389522
878 3169 -0.672286362 -0.000672286362 3.60933941
878 3170 -0.685056004 -0.000685056004 3.61047836
878 3169 -0.688953677 -0.000688953677 3.60933941
878 3173 -0.661254157 -0.000661254157 3.61389522
878 3173 -0.66164685 -0.00066164685 3.61389522
878 3173 -0.661494755 -0.000661494755 3.61389522
878 3173 -0.661671602 -0.000661671602 3.61389522
878 3173 -0.661814366 -0.000661814366 3.61389522
877 3162 -0.68972717 -0.00068972717 3.6054732
877 3165 -0.671192346 -0.000671192346 3.60889396
877 3165 -0.663724531 -0.000663724531 3.60889396
877 3165 -0.66281836 -0.00066281836 3.60889396
877 3165 -0.663109204 -0.000663109204 3.60889396
877 3165 -0.663302172 -0.000663302172 3.60889396
877 3165 -0.662426149 -0.000662426149 3.60889396
877 3165 -0.663205514 -0.000663205514 3.60889396
877 3165 -0.663214488 -0.000663214488 3.60889396
877 3165 -0.663126195 -0.000663126195 3.60889396
876 3156 -0.666396439 -0.000666396439 3.60273973
876 3156 -0.666353897 -0.000666353897 3.60273973
876 3154 -0.691511287 -0.000691511287 3.60045662
876 3157 -0.672938593 -0.000672938593 3.60388128
876 3157 -0.675026779 -0.000675026779 3.60388128
876 3162 -0.66879033 -0.00066879033 3.60958904
876 3160 -0.676059042 -0.000676059042 3.60730594
876 3162 -0.656714679 -0.000656714679 3.60958904
876 3162 -0.656580346 -0.000656580346 3.60958904
876 3162 -0.65221023 -0.00065221023 3.60958904
875 3154 -0.677170754 -0.000677170754 3.60457143
875 3154 -0.67883568 -0.00067883568 3.60457143
875 3154 -0.678208305 -0.000678208305 3.60457143
875 3154 -0.678633842 -0.000678633842 3.60457143
875 3154 -0.678151398 -0.000678151398 3.60457143
875 3154 -0.678541864 -0.000678541864 3.60457143
875 3154 -0.678237795 -0.000678237795 3.60457143
875 3154 -0.678502826 -0.000678502826 3.60457143
875 3154 -0.678162394 -0.000678162394 3.60457143
875 3154 -0.678496799 -0.000678496799 3.60457143
874 3143 -0.706145673 -0.000706145673 3.59610984
874 3146 -0.686344859 -0.000686344859 3.59954233
874 3146 -0.6866657 -0.0006866657 3.59954233
874 3146 -0.68710688 -0.00068710688 3.59954233
874 3146 -0.686100722 -0.000686100722 3.59954233
874 3146 -0.686117629 -0.000686117629 3.59954233
874 3146 -0.686688011 -0.000686688011 3.59954233
874 3146 -0.686605866 -0.000686605866 3.59954233
874 3146 -0.68659848 -0.00068659848 3.59954233
874 3146 -0.685530548 -0.000685530548 3.59954233
873 3135 -0.714323443 -0.000714323443 3.59106529
873 3137 -0.69030051 -0.00069030051 3.59335624
873 3137 -0.688967645 -0.000688967645 3.59335624
873 3137 -0.689191241 -0.000689191241 3.59335624
873 3137 -0.688454089 -0.000688454089 3.59335624
873 3137 -0.689599188 -0.000689599188 3.59335624
873 3137 -0.690078641 -0.000690078641 3.59335624
873 3137 -0.690142827 -0.000690142827 3.59335624
873 3137 -0.690612226 -0.000690612226 3.59335624
873 3137 -0.689295279 -0.000689295279 3.59335624
872 3126 -0.718210054 -0.000718210054 3.58486239
872 3126 -0.71737506 -0.00071737506 3.58486239
872 3126 -0.717377582 -0.000717377582 3.58486239
872 3126 -0.717642613 -0.000717642613 3.58486239
872 3126 -0.717306998 -0.000717306998 3.58486239
872 3126 -0.717734236 -0.000717734236 3.58486239
872 3126 -0.717378998 -0.000717378998 3.58486239
872 3126 -0.71777803 -0.00071777803 3.58486239
872 3126 -0.717234742 -0.000717234742 3.58486239
872 3126 -0.717417743 -0.000717417743 3.58486239
871 3117 -0.731622161 -0.000731622161 3.57864524
871 3117 -0.731552063 -0.000731552063 3.57864524
871 3117 -0.731327402 -0.000731327402 3.57864524
871 3117 -0.731668716 -0.000731668716 3.57864524
871 3117 -0.73162123 -0.00073162123 3.57864524
871 3117 -0.731622741 -0.000731622741 3.57864524
871 3117 -0.731667783 -0.000731667783 3.57864524
871 3117 -0.731636147 -0.000731636147 3.57864524
871 3117 -0.731585995 -0.000731585995 3.57864524
871 3117 -0.731578326 -0.000731578326 3.57864524
870 3113 -0.733592887 -0.000733592887 3.57816092
870 3113 -0.733453124 -0.000733453124 3.57816092
870 3113 -0.733780212 -0.000733780212 3.57816092
870 3113 -0.733732675 -0.000733732675 3.57816092
870 3113 -0.733252782 -0.000733252782 3.57816092
870 3113 -0.734223517 -0.000734223517 3.57816092
870 3109 -0.745933793 -0.000745933793 3.57356322
870 3113 -0.737157129 -0.000737157129 3.57816092
870 3113 -0.733658073 -0.000733658073 3.57816092
870 3113 -0.733153301 -0.000733153301 3.57816092
869 3105 -0.748449166 -0.000748449166 3.5730725
869 3105 -0.748327471 -0.000748327471 3.5730725
869 3105 -0.748618332 -0.000748618332 3.5730725
869 3105 -0.748254101 -0.000748254101 3.5730725
869 3105 -0.747342029 -0.000747342029 3.5730725
869 3105 -0.749299496 -0.000749299496 3.5730725
869 3106 -0.763918587 -0.000763918587 3.57422325
869 3106 -0.764361422 -0.000764361422 3.57422325
869 3106 -0.764497456 -0.000764497456 3.57422325
869 3106 -0.76502638 -0.00076502638 3.57422325
868 3098 -0.779536644 -0.000779536644 3.56912442
868 3098 -0.779226142 -0.000779226142 3.56912442
868 3098 -0.779586153 -0.000779586153 3.56912442
868 3101 -0.775729046 -0.000775729046 3.57258065
868 3098 -0.779348154 -0.000779348154 3.56912442
868 3098 -0.779267059 -0.000779267059 3.56912442
868 3098 -0.779309483 -0.000779309483 3.56912442
868 3098 -0.779087844 -0.000779087844 3.56912442
868 3098 -0.779385419 -0.000779385419 3.56912442
868 3098 -0.779435347 -0.000779435347 3.56912442
867 3093 -0.78983974 -0.00078983974 3.56747405
867 3093 -0.789632505 -0.000789632505 3.56747405
867 3093 -0.789470548 -0.000789470548 3.56747405
867 3093 -0.78980993 -0.00078980993 3.56747405
867 3093 -0.789822271 -0.000789822271 3.56747405
867 3093 -0.789886506 -0.000789886506 3.56747405
867 3093 -0.789944962 -0.000789944962 3.56747405
867 3093 -0.789891696 -0.000789891696 3.56747405
867 3093 -0.789838489 -0.000789838489 3.56747405
867 3093 -0.789841169 -0.000789841169 3.56747405
866 3085 -0.806718662 -0.000806718662 3.56235566
866 3085 -0.812162541 -0.000812162541 3.56235566
866 3082 -0.814894641 -0.000814894641 3.55889145
866 3084 -0.804566034 -0.000804566034 3.56120092
866 3085 -0.81121513 -0.00081121513 3.56235566
866 3081 -0.822547356 -0.000822547356 3.55773672
866 3081 -0.822816003 -0.000822816003 3.55773672
866 3081 -0.822633792 -0.000822633792 3.55773672
866 3081 -0.822843857 -0.000822843857 3.55773672
866 3081 -0.822857579 -0.000822857579 3.55773672
865 3077 -0.824330244 -0.000824330244 3.55722543
865 3077 -0.824326027 -0.000824326027 3.55722543
865 3077 -0.8245259 -0.0008245259 3.55722543
865 3077 -0.82435162 -0.00082435162 3.55722543
865 3077 -0.823636246 -0.000823636246 3.55722543
865 3077 -0.823870117 -0.000823870117 3.55722543
865 3077 -0.82438052 -0.00082438052 3.55722543
865 3077 -0.82455939 -0.00082455939 3.55722543
865 3077 -0.82491682 -0.00082491682 3.55722543
865 3077 -0.82405057 -0.00082405057 3.55722543
864 3066 -0.845865682 -0.000845865682 3.54861111
864 3066 -0.846649577 -0.000846649577 3.54861111
864 3066 -0.846442451 -0.000846442451 3.54861111
864 3066 -0.846331987 -0.000846331987 3.54861111
864 3066 -0.846435626 -0.000846435626 3.54861111
864 3066 -0.846459818 -0.000846459818 3.54861111
864 3066 -0.846365441 -0.000846365441 3.54861111
864 3066 -0.846421904 -0.000846421904 3.54861111
864 3066 -0.846383114 -0.000846383114 3.54861111
864 3066 -0.84637011 -0.00084637011 3.54861111
863 3060 -0.856800736 -0.000856800736 3.54577057
863 3060 -0.857132847 -0.000857132847 3.54577057
863 3060 -0.85720053 -0.00085720053 3.54577057
863 3060 -0.857158631 -0.000857158631 3.54577057
863 3060 -0.85682783 -0.00085682783 3.54577057
863 3060 -0.856412364 -0.000856412364 3.54577057
863 3060 -0.856167055 -0.000856167055 3.54577057
863 3060 -0.859935323 -0.000859935323 3.54577057
863 3061 -0.876159432 -0.000876159432 3.54692932
863 3066 -0.862202705 -0.000862202705 3.55272306
862 3055 -0.885875524 -0.000885875524 3.54408353
862 3055 -0.884261969 -0.000884261969 3.54408353
862 3055 -0.886080858 -0.000886080858 3.54408353
862 3055 -0.885831232 -0.000885831232 3.54408353
862 3055 -0.885008233 -0.000885008233 3.54408353
862 3055 -0.885544452 -0.000885544452 3.54408353
862 3055 -0.887186641 -0.000887186641 3.54408353
862 3055 -0.88507046 -0.00088507046 3.54408353
862 3055 -0.886596395 -0.000886596395 3.54408353
862 3055 -0.886361639 -0.000886361639 3.54408353
861 3049 -0.912461073 -0.000912461073 3.54123113
861 3049 -0.915428107 -0.000915428107 3.54123113
861 3054 -0.915333003 -0.000915333003 3.54703833
861 3054 -0.915171887 -0.000915171887 3.54703833
861 3049 -0.926274815 -0.000926274815 3.54123113
861 3049 -0.910880909 -0.000910880909 3.54123113
861 3049 -0.911146927 -0.000911146927 3.54123113
861 3049 -0.911110338 -0.000911110338 3.54123113
861 3049 -0.926715932 -0.000926715932 3.54123113
861 3047 -0.934223841 -0.000934223841 3.53890825
860 3043 -0.937088703 -0.000937088703 3.53837209
860 3043 -0.9364792 -0.0009364792 3.53837209
860 3043 -0.936713855 -0.000936713855 3.53837209
860 3041 -0.961271912 -0.000961271912 3.53604651
860 3041 -0.96136777 -0.00096136777 3.53604651
860 3041 -0.961235684 -0.000961235684 3.53604651
860 3041 -0.9611237 -0.0009611237 3.53604651
860 3041 -0.961129151 -0.000961129151 3.53604651
860 3041 -0.961101497 -0.000961101497 3.53604651
860 3041 -0.961124681 -0.000961124681 3.53604651
859 3037 -0.963303106 -0.000963303106 3.5355064
859 3037 -0.963279351 -0.000963279351 3.5355064
859 3037 -0.962973737 -0.000962973737 3.5355064
859 3037 -0.962941171 -0.000962941171 3.5355064
859 3037 -0.96285565 -0.00096285565 3.5355064
859 3037 -0.963709057 -0.000963709057 3.5355064
859 3037 -0.963484949 -0.000963484949 3.5355064
859 3037 -0.96291559 -0.00096291559 3.5355064
859 3037 -0.962748307 -0.000962748307 3.5355064
859 3037 -0.963779506 -0.000963779506 3.5355064
858 3033 -0.980429419 -0.000980429419 3.53496503
858 3033 -0.980439751 -0.000980439751 3.53496503
858 3033 -0.979516435 -0.000979516435 3.53496503
858 3033 -0.981845178 -0.000981845178 3.53496503
858 3027 -0.997449633 -0.000997449633 3.52797203
858 3032 -0.987483777 -0.000987483777 3.53379953
858 3026 -1.01233176 -0.00101233176 3.52680653
858 3027 -1.01058371 -0.00101058371 3.52797203
858 3024 -1.01709696 -0.00101709696 3.52447552
858 3029 -1.00700743 -0.00100700743 3.53030303
857 3023 -1.02098497 -0.00102098497 3.52742124
857 3017 -1.0200386 -0.0010200386 3.52042007
857 3023 -1.0174554 -0.0010174554 3.52742124
857 3018 -1.01758231 -0.00101758231 3.52158693
857 3018 -1.01760935 -0.00101760935 3.52158693
857 3020 -1.03292463 -0.00103292463 3.52392065
857 3023 -1.02151151 -0.00102151151 3.52742124
857 3023 -1.02171657 -0.00102171657 3.52742124
857 3023 -1.02357572 -0.00102357572 3.52742124
857 3023 -1.02099699 -0.00102099699 3.52742124
856 3017 -1.04764589 -0.00104764589 3.52453271
856 3017 -1.04614335 -0.00104614335 3.52453271
856 3017 -1.0485834 -0.0010485834 3.52453271
856 3012 -1.04245661 -0.00104245661 3.51869159
855 3006 -1.06746823 -0.00106746823 3.51578947
855 3006 -1.06624476 -0.00106624476 3.51578947
855 3006 -1.06698583 -0.00106698583 3.51578947
855 3006 -1.06704514 -0.00106704514 3.51578947
855 3006 -1.06795525 -0.00106795525 3.51578947
855 3006 -1.06723077 -0.00106723077 3.51578947
854 2999 -1.08368456 -0.00108368456 3.5117096
854 2999 -1.08381083 -0.00108381083 3.5117096
854 2999 -1.08412266 -0.00108412266 3.5117096
854 2999 -1.08388552 -0.00108388552 3.5117096
854 2999 -1.0830282 -0.0010830282 3.5117096
854 2999 -1.08353455 -0.00108353455 3.5117096
854 2999 -1.08426663 -0.00108426663 3.5117096
854 2999 -1.08408623 -0.00108408623 3.5117096
854 2999 -1.0839208 -0.0010839208 3.5117096
854 2999 -1.08379119 -0.00108379119 3.5117096
853 2995 -1.08610417 -0.00108610417 3.51113716
853 2995 -1.08587709 -0.00108587709 3.51113716
853 2995 -1.08612983 -0.00108612983 3.51113716
853 2995 -1.08537654 -0.00108537654 3.51113716
853 2995 -1.08616829 -0.00108616829 3.51113716
853 2995 -1.08645304 -0.00108645304 3.51113716
853 2995 -1.09934727 -0.00109934727 3.51113716
853 2995 -1.09972425 -0.00109972425 3.51113716
853 2995 -1.09884363 -0.00109884363 3.51113716
853 2995 -1.0989856 -0.0010989856 3.51113716
852 2991 -1.10161748 -0.00110161748 3.51056338
852 2987 -1.12414989 -0.00112414989 3.50586854
852 2987 -1.12424309 -0.00112424309 3.50586854
852 2987 -1.12446647 -0.00112446647 3.50586854
852 2987 -1.1240706 -0.0011240706 3.50586854
852 2987 -1.12434034 -0.00112434034 3.50586854
852 2991 -1.10020303 -0.00110020303 3.51056338
852 2991 -1.10167261 -0.00110167261 3.51056338
852 2991 -1.10122838 -0.00110122838 3.51056338
852 2991 -1.10068923 -0.00110068923 3.51056338
851 2986 -1.12255688 -0.00112255688 3.50881316
851 2984 -1.1188602 -0.0011188602 3.50646298
851 2985 -1.13143113 -0.00113143113 3.50763807
851 2982 -1.13319072 -0.00113319072 3.50411281
851 2982 -1.14478996 -0.00114478996 3.50411281
851 2982 -1.14540792 -0.00114540792 3.50411281
851 2982 -1.14479571 -0.00114479571 3.50411281
851 2982 -1.1456806 -0.0011456806 3.50411281
851 2982 -1.14476716 -0.00114476716 3.50411281
851 2982 -1.14447092 -0.00114447092 3.50411281
850 2978 -1.14696685 -0.00114696685 3.50352941
850 2974 -1.17021351 -0.00117021351 3.49882353
850 2979 -1.17124654 -0.00117124654 3.50470588
850 2974 -1.17002373 -0.00117002373 3.49882353
850 2974 -1.16943478 -0.00116943478 3.49882353
850 2977 -1.15625568 -0.00115625568 3.50235294
850 2974 -1.17038819 -0.00117038819 3.49882353
850 2974 -1.17075586 -0.00117075586 3.49882353
850 2974 -1.16893484 -0.00116893484 3.49882353
850 2974 -1.16906549 -0.00116906549 3.49882353
849 2971 -1.1945966 -0.0011945966 3.49941107
849 2971 -1.19355109 -0.00119355109 3.49941107
849 2971 -1.19381564 -0.00119381564 3.49941107
849 2970 -1.17095124 -0.00117095124 3.49823322
849 2970 -1.17202588 -0.00117202588 3.49823322
849 2970 -1.17224239 -0.00117224239 3.49823322
849 2971 -1.19260643 -0.00119260643 3.49941107
849 2971 -1.19431108 -0.00119431108 3.49941107
849 2971 -1.19474126 -0.00119474126 3.49941107
849 2971 -1.19383594 -0.00119383594 3.49941107
848 2966 -1.21310848 -0.00121310848 3.49764151
848 2966 -1.21319741 -0.00121319741 3.49764151
848 2966 -1.21323763 -0.00121323763 3.49764151
848 2967 -1.19594739 -0.00119594739 3.49882075
848 2967 -1.19668639 -0.00119668639 3.49882075
848 2967 -1.19631972 -0.00119631972 3.49882075
848 2967 -1.19649745 -0.00119649745 3.49882075
848 2967 -1.19637685 -0.00119637685 3.49882075
848 2967 -1.19499945 -0.00119499945 3.49882075
848 2967 -1.1961725 -0.0011961725 3.49882075
847 2962 -1.21505374 -0.00121505374 3.49704841
847 2955 -1.22048289 -0.00122048289 3.48878394
847 2955 -1.22008846 -0.00122008846 3.48878394
847 2955 -1.22036288 -0.00122036288 3.48878394
847 2962 -1.21533099 -0.00121533099 3.49704841
847 2962 -1.21526884 -0.00121526884 3.49704841
847 2962 -1.21565275 -0.00121565275 3.49704841
847 2962 -1.21511301 -0.00121511301 3.49704841
847 2962 -1.2150725 -0.0012150725 3.49704841
847 2962 -1.21470978 -0.00121470978 3.49704841
846 2950 -1.24005972 -0.00124005972 3.48699764
846 2950 -1.23877825 -0.00123877825 3.48699764
846 2950 -1.23971513 -0.00123971513 3.48699764
846 2957 -1.22653379 -0.00122653379 3.49527187
846 2955 -1.21275822 -0.00121275822 3.4929078
846 2955 -1.21297701 -0.00121297701 3.4929078
846 2951 -1.23444917 -0.00123444917 3.48817967
846 2949 -1.24006917 -0.00124006917 3.4858156
846 2953 -1.22998454 -0.00122998454 3.49054374
846 2949 -1.24049631 -0.00124049631 3.4858156
845 2945 -1.24270835 -0.00124270835 3.4852071
845 2945 -1.24285818 -0.00124285818 3.4852071
845 2944 -1.25821263 -0.00125821263 3.48402367
845 2943 -1.2376505 -0.0012376505 3.48284024
845 2944 -1.25902373 -0.00125902373 3.48402367
845 2944 -1.25903943 -0.00125903943 3.48402367
845 2944 -1.25811716 -0.00125811716 3.48402367
845 2944 -1.25870037 -0.00125870037 3.48402367
845 2944 -1.25862305 -0.00125862305 3.48402367
845 2947 -1.25499587 -0.00125499587 3.48757396
844 2942 -1.26566947 -0.00126566947 3.48578199
844 2940 -1.26037298 -0.00126037298 3.48341232
844 2940 -1.26066158 -0.00126066158 3.48341232
844 2940 -1.26157817 -0.00126157817 3.48341232
844 2940 -1.25978512 -0.00125978512 3.48341232
844 2940 -1.26158894 -0.00126158894 3.48341232
844 2940 -1.26054359 -0.00126054359 3.48341232
844 2940 -1.26079485 -0.00126079485 3.48341232
844 2940 -1.26062083 -0.00126062083 3.48341232
844 2940 -1.2602531 -0.0012602531 3.48341232
843 2930 -1.28868867 -0.00128868867 3.47568209
843 2932 -1.30237311 -0.00130237311 3.47805457
843 2927 -1.30385898 -0.00130385898 3.47212337
843 2926 -1.31880718 -0.00131880718 3.47093713
843 2925 -1.29934099 -0.00129934099 3.46975089
843 2929 -1.30673569 -0.00130673569 3.47449585
843 2929 -1.30484226 -0.00130484226 3.47449585
843 2929 -1.30419637 -0.00130419637 3.47449585
843 2929 -1.30618258 -0.00130618258 3.47449585
843 2930 -1.2992143 -0.0012992143 3.47568209
842 2922 -1.32096655 -0.00132096655 3.47030879
842 2922 -1.32157047 -0.00132157047 3.47030879
842 2922 -1.3209568 -0.0013209568 3.47030879
842 2922 -1.32138163 -0.00132138163 3.47030879
842 2922 -1.32098927 -0.00132098927 3.47030879
842 2922 -1.32092987 -0.00132092987 3.47030879
842 2922 -1.32101295 -0.00132101295 3.47030879
842 2922 -1.3210436 -0.0013210436 3.47030879
842 2922 -1.32109933 -0.00132109933 3.47030879
842 2922 -1.3207989 -0.0013207989 3.47030879
841 2912 -1.33706766 -0.00133706766 3.46254459
841 2912 -1.33760582 -0.00133760582 3.46254459
841 2912 -1.33708224 -0.00133708224 3.46254459
841 2912 -1.33807931 -0.00133807931 3.46254459
841 2912 -1.33736121 -0.00133736121 3.46254459
841 2912 -1.33752605 -0.00133752605 3.46254459
841 2912 -1.33823409 -0.00133823409 3.46254459
841 2914 -1.35525157 -0.00135525157 3.46492271
841 2912 -1.33989516 -0.00133989516 3.46254459
841 2912 -1.33807092 -0.00133807092 3.46254459
840 2904 -1.36286442 -0.00136286442 3.45714286
840 2904 -1.36338515 -0.00136338515 3.45714286
840 2904 -1.36132001 -0.00136132001 3.45714286
840 2904 -1.36314257 -0.00136314257 3.45714286
840 2904 -1.3629849 -0.0013629849 3.45714286
840 2904 -1.36196563 -0.00136196563 3.45714286
840 2904 -1.36343784 -0.00136343784 3.45714286
840 2904 -1.36313332 -0.00136313332 3.45714286
840 2904 -1.36260589 -0.00136260589 3.45714286
840 2904 -1.36275031 -0.00136275031 3.45714286
839 2899 -1.37291607 -0.00137291607 3.45530393
839 2899 -1.36849332 -0.00136849332 3.45530393
839 2897 -1.38762525 -0.00138762525 3.45292014
839 2899 -1.37348177 -0.00137348177 3.45530393
839 2899 -1.37348872 -0.00137348872 3.45530393
839 2899 -1.37294729 -0.00137294729 3.45530393
839 2899 -1.37321618 -0.00137321618 3.45530393
839 2899 -1.37320247 -0.00137320247 3.45530393
839 2899 -1.37401866 -0.00137401866 3.45530393
839 2899 -1.3731651 -0.0013731651 3.45530393
838 2892 -1.39828216 -0.00139828216 3.45107399
838 2892 -1.39759603 -0.00139759603 3.45107399
838 2892 -1.39912496 -0.00139912496 3.45107399
838 2892 -1.39938738 -0.00139938738 3.45107399
838 2894 -1.37809606 -0.00137809606 3.45346062
838 2894 -1.38022249 -0.00138022249 3.45346062
838 2892 -1.39803506 -0.00139803506 3.45107399
838 2892 -1.39965703 -0.00139965703 3.45107399
838 2892 -1.39904576 -0.00139904576 3.45107399
838 2892 -1.39361533 -0.00139361533 3.45107399
837 2880 -1.41862382 -0.00141862382 3.44086022
837 2887 -1.40618495 -0.00140618495 3.44922342
837 2887 -1.40422013 -0.00140422013 3.44922342
837 2880 -1.4165697 -0.0014165697 3.44086022
837 2880 -1.41908882 -0.00141908882 3.44086022
837 2887 -1.40487728 -0.00140487728 3.44922342
837 2887 -1.40468109 -0.00140468109 3.44922342
837 2887 -1.40393536 -0.00140393536 3.44922342
837 2887 -1.40406346 -0.00140406346 3.44922342
837 2887 -1.40426791 -0.00140426791 3.44922342
836 2882 -1.43400519 -0.00143400519 3.44736842
836 2882 -1.4334542 -0.0014334542 3.44736842
836 2879 -1.423761 -0.001423761 3.4437799
836 2879 -1.42382827 -0.00142382827 3.4437799
836 2882 -1.43365938 -0.00143365938 3.44736842
836 2881 -1.43712165 -0.00143712165 3.44617225
836 2881 -1.4422603 -0.0014422603 3.44617225
836 2880 -1.45760023 -0.00145760023 3.44497608
836 2878 -1.48490154 -0.00148490154 3.44258373
836 2881 -1.46304628 -0.00146304628 3.44617225
835 2873 -1.48781911 -0.00148781911 3.44071856
835 2872 -1.49409321 -0.00149409321 3.43952096
835 2871 -1.49646191 -0.00149646191 3.43832335
835 2871 -1.49644505 -0.00149644505 3.43832335
835 2873 -1.48904993 -0.00148904993 3.44071856
835 2873 -1.48843891 -0.00148843891 3.44071856
835 2871 -1.4953392 -0.0014953392 3.43832335
835 2871 -1.49601162 -0.00149601162 3.43832335
835 2871 -1.49660113 -0.00149660113 3.43832335
835 2871 -1.49507287 -0.00149507287 3.43832335
834 2866 -1.52422658 -0.00152422658 3.43645084
834 2864 -1.51881119 -0.00151881119 3.43405276
834 2864 -1.51922216 -0.00151922216 3.43405276
834 2864 -1.51753853 -0.00151753853 3.43405276
834 2864 -1.51865125 -0.00151865125 3.43405276
834 2864 -1.51843372 -0.00151843372 3.43405276
834 2864 -1.51845465 -0.00151845465 3.43405276
834 2864 -1.5177413 -0.0015177413 3.43405276
834 2864 -1.51977581 -0.00151977581 3.43405276
834 2864 -1.5183416 -0.0015183416 3.43405276
833 2859 -1.54668086 -0.00154668086 3.43217287
833 2859 -1.54657207 -0.00154657207 3.43217287
833 2859 -1.54588028 -0.00154588028 3.43217287
833 2859 -1.54757137 -0.00154757137 3.43217287
833 2859 -1.54841482 -0.00154841482 3.43217287
833 2859 -1.54840055 -0.00154840055 3.43217287
833 2859 -1.54703206 -0.00154703206 3.43217287
833 2859 -1.54911052 -0.00154911052 3.43217287
833 2859 -1.54857189 -0.00154857189 3.43217287
833 2859 -1.54874263 -0.00154874263 3.43217287
832 2856 -1.57454019 -0.00157454019 3.43269231
832 2854 -1.56663637 -0.00156663637 3.43028846
832 2851 -1.57664175 -0.00157664175 3.42668269
832 2851 -1.57768696 -0.00157768696 3.42668269
832 2851 -1.57746999 -0.00157746999 3.42668269
832 2851 -1.57737736 -0.00157737736 3.42668269
832 2851 -1.5775975 -0.0015775975 3.42668269
832 2851 -1.57680265 -0.00157680265 3.42668269
832 2851 -1.57699217 -0.00157699217 3.42668269
832 2851 -1.5772395 -0.0015772395 3.42668269
831 2846 -1.58668786 -0.00158668786 3.42478941
831 2847 -1.60995278 -0.00160995278 3.42599278
831 2847 -1.58797621 -0.00158797621 3.42599278
830 2838 -1.60333987 -0.00160333987 3.41927711
830 2838 -1.60319345 -0.00160319345 3.41927711
830 2838 -1.60269383 -0.00160269383 3.41927711
830 2838 -1.60351719 -0.00160351719 3.41927711
830 2838 -1.60193995 -0.00160193995 3.41927711
830 2838 -1.6034649 -0.0016034649 3.41927711
830 2838 -1.60234667 -0.00160234667 3.41927711
829 2833 -1.63163135 -0.00163163135 3.41737033
829 2833 -1.63241246 -0.00163241246 3.41737033
829 2833 -1.63133333 -0.00163133333 3.41737033
829 2833 -1.63186284 -0.00163186284 3.41737033
829 2831 -1.63470032 -0.00163470032 3.41495778
829 2833 -1.611324 -0.001611324 3.41737033
829 2833 -1.61071375 -0.00161071375 3.41737033
829 2833 -1.61957243 -0.00161957243 3.41737033
829 2833 -1.61888395 -0.00161888395 3.41737033
829 2833 -1.6202245 -0.0016202245 3.41737033
828 2828 -1.63460489 -0.00163460489 3.41545894
828 2828 -1.64605275 -0.00164605275 3.41545894
828 2830 -1.63899814 -0.00163899814 3.4178744
828 2830 -1.63839169 -0.00163839169 3.4178744
828 2830 -1.63858359 -0.00163858359 3.4178744
828 2830 -1.62036123 -0.00162036123 3.4178744
828 2830 -1.62132378 -0.00162132378 3.4178744
828 2830 -1.62208914 -0.00162208914 3.4178744
828 2833 -1.64061216 -0.00164061216 3.42149758
828 2832 -1.62582317 -0.00162582317 3.42028986
827 2827 -1.64150595 -0.00164150595 3.41837969
827 2825 -1.64798044 -0.00164798044 3.41596131
827 2825 -1.64980296 -0.00164980296 3.41596131
827 2825 -1.64832379 -0.00164832379 3.41596131
827 2825 -1.64955606 -0.00164955606 3.41596131
827 2825 -1.64886625 -0.00164886625 3.41596131
827 2825 -1.6494874 -0.0016494874 3.41596131
827 2825 -1.64712092 -0.00164712092 3.41596131
827 2825 -1.64808482 -0.00164808482 3.41596131
827 2825 -1.64914996 -0.00164914996 3.41596131
826 2820 -1.66430972 -0.00166430972 3.41404358
826 2820 -1.66361914 -0.00166361914 3.41404358
826 2820 -1.66531411 -0.00166531411 3.41404358
826 2820 -1.66357414 -0.00166357414 3.41404358
826 2820 -1.66409161 -0.00166409161 3.41404358
826 2817 -1.65386714 -0.00165386714 3.41041162
826 2820 -1.66481894 -0.00166481894 3.41404358
826 2820 -1.66446324 -0.00166446324 3.41404358
826 2820 -1.66442339 -0.00166442339 3.41404358
826 2820 -1.66395999 -0.00166395999 3.41404358
825 2812 -1.66952441 -0.00166952441 3.40848485
825 2812 -1.67018152 -0.00167018152 3.40848485
825 2812 -1.66943931 -0.00166943931 3.40848485
825 2812 -1.66939827 -0.00166939827 3.40848485
825 2812 -1.67039975 -0.00167039975 3.40848485
825 2812 -1.66998063 -0.00166998063 3.40848485
825 2812 -1.66914101 -0.00166914101 3.40848485
825 2817 -1.67825589 -0.00167825589 3.41454545
825 2817 -1.67597874 -0.00167597874 3.41454545
825 2817 -1.67771214 -0.00167771214 3.41454545
824 2809 -1.68287565 -0.00168287565 3.40898058
824 2809 -1.68280426 -0.00168280426 3.40898058
824 2809 -1.68157416 -0.00168157416 3.40898058
824 2809 -1.68111632 -0.00168111632 3.40898058
824 2809 -1.68275937 -0.00168275937 3.40898058
824 2809 -1.68283624 -0.00168283624 3.40898058
824 2809 -1.68377062 -0.00168377062 3.40898058
824 2809 -1.6823822 -0.0016823822 3.40898058
824 2809 -1.6822471 -0.0016822471 3.40898058
824 2809 -1.68282151 -0.00168282151 3.40898058
823 2806 -1.71213593 -0.00171213593 3.40947752
823 2797 -1.70860331 -0.00170860331 3.39854192
823 2797 -1.7071684 -0.0017071684 3.39854192
823 2797 -1.70740365 -0.00170740365 3.39854192
823 2797 -1.70738811 -0.00170738811 3.39854192
823 2797 -1.70791544 -0.00170791544 3.39854192
823 2797 -1.70767452 -0.00170767452 3.39854192
823 2797 -1.7076822 -0.0017076822 3.39854192
823 2797 -1.70732049 -0.00170732049 3.39854192
823 2797 -1.70754292 -0.00170754292 3.39854192
822 2788 -1.74043479 -0.00174043479 3.39172749
822 2792 -1.71468992 -0.00171468992 3.39659367
822 2801 -1.71823846 -0.00171823846 3.40754258
822 2795 -1.7220773 -0.0017220773 3.40024331
822 2795 -1.72083445 -0.00172083445 3.40024331
822 2795 -1.7207063 -0.0017207063 3.40024331
822 2794 -1.75070525 -0.00175070525 3.39902676
822 2793 -1.72115055 -0.00172115055 3.39781022
822 2796 -1.71883287 -0.00171883287 3.40145985
822 2796 -1.71878934 -0.00171878934 3.40145985
821 2788 -1.72219295 -0.00172219295 3.39585871
821 2784 -1.74384184 -0.00174384184 3.3909866
821 2784 -1.74328106 -0.00174328106 3.3909866
821 2784 -1.74300109 -0.00174300109 3.3909866
821 2788 -1.72471989 -0.00172471989 3.39585871
821 2788 -1.72287658 -0.00172287658 3.39585871
821 2788 -1.72128157 -0.00172128157 3.39585871
821 2788 -1.72680087 -0.00172680087 3.39585871
821 2788 -1.72447165 -0.00172447165 3.39585871
821 2788 -1.72164871 -0.00172164871 3.39585871
820 2779 -1.75708104 -0.00175708104 3.38902439
820 2776 -1.75480148 -0.00175480148 3.38536585
820 2776 -1.75285822 -0.00175285822 3.38536585
820 2785 -1.75880583 -0.00175880583 3.39634146
820 2785 -1.75641004 -0.00175641004 3.39634146
820 2785 -1.75310855 -0.00175310855 3.39634146
819 2779 -1.78244809 -0.00178244809 3.39316239
819 2779 -1.76648747 -0.00176648747 3.39316239
819 2770 -1.78467176 -0.00178467176 3.38217338
819 2766 -1.80910823 -0.00180910823 3.37728938
818 2761 -1.82252021 -0.00182252021 3.37530562
818 2760 -1.81382213 -0.00181382213 3.37408313
818 2767 -1.81402652 -0.00181402652 3.38264059
817 2765 -1.80602803 -0.00180602803 3.38433293
817 2762 -1.81166172 -0.00181166172 3.38066095
817 2762 -1.81243293 -0.00181243293 3.38066095
817 2762 -1.8070904 -0.0018070904 3.38066095
817 2762 -1.80576595 -0.00180576595 3.38066095
817 2762 -1.79965244 -0.00179965244 3.38066095
817 2762 -1.81267839 -0.00181267839 3.38066095
816 2753 -1.83947681 -0.00183947681 3.37377451
816 2753 -1.84524516 -0.00184524516 3.37377451
816 2753 -1.84273168 -0.00184273168 3.37377451
816 2753 -1.83590746 -0.00183590746 3.37377451
816 2755 -1.84318429 -0.00184318429 3.37622549
816 2756 -1.84635323 -0.00184635323 3.37745098
816 2755 -1.84476882 -0.00184476882 3.37622549
816 2761 -1.84663435 -0.00184663435 3.38357843
816 2763 -1.84116755 -0.00184116755 3.38602941
816 2763 -1.83354339 -0.00183354339 3.38602941
815 2758 -1.86366262 -0.00186366262 3.38404908
815 2753 -1.87049229 -0.00187049229 3.37791411
SP does not find any fixed points -> SP does not converge.
I am sorry I quit :(
