START ALGORITHM:
I am going to build an instance with N: 300 variables and 1245 clauses with a clause density equal to 4.15
START BSP WITH r=0.9:
Decimation scorer: cert
END UNIT PROPAGATION
300 1245 1.38774508 0.00462581693 4.15
300 1245 1.38539792 0.00461799307 4.15
300 1245 1.38660797 0.00462202657 4.15
300 1245 1.38552523 0.00461841742 4.15
300 1245 1.38577036 0.00461923452 4.15
300 1245 1.3866838 0.00462227932 4.15
300 1245 1.38679823 0.00462266075 4.15
300 1245 1.38612761 0.00462042537 4.15
300 1245 1.38582896 0.00461942986 4.15
299 1243 1.3865631 0.004621877 4.15719064
299 1243 1.38602657 0.00462008858 4.15719064
299 1243 1.38596782 0.00461989274 4.15719064
299 1243 1.38638631 0.00462128769 4.15719064
299 1243 1.38657307 0.00462191024 4.15719064
299 1243 1.38628919 0.00462096398 4.15719064
299 1243 1.3860354 0.00462011801 4.15719064
299 1243 1.38618353 0.00462061176 4.15719064
299 1243 1.38644916 0.00462149719 4.15719064
299 1243 1.38642304 0.00462141012 4.15719064
298 1235 1.38625393 0.00462084644 4.1442953
298 1235 1.38622397 0.00462074655 4.1442953
298 1235 1.38622793 0.00462075977 4.1442953
298 1235 1.38621717 0.00462072389 4.1442953
298 1235 1.38637401 0.00462124671 4.1442953
298 1235 1.38633397 0.00462111323 4.1442953
298 1235 1.3863258 0.00462108601 4.1442953
298 1235 1.38630907 0.00462103024 4.1442953
298 1235 1.38629607 0.00462098691 4.1442953
298 1235 1.38629834 0.00462099448 4.1442953
297 1223 1.38102885 0.00460342952 4.11784512
297 1223 1.38100025 0.00460333418 4.11784512
297 1223 1.38103585 0.00460345282 4.11784512
297 1223 1.3810489 0.00460349633 4.11784512
297 1223 1.38104431 0.00460348102 4.11784512
297 1223 1.38104741 0.00460349136 4.11784512
297 1223 1.38104284 0.00460347612 4.11784512
297 1223 1.38104192 0.00460347306 4.11784512
297 1223 1.38103909 0.00460346363 4.11784512
297 1223 1.38103713 0.00460345711 4.11784512
296 1220 1.37407792 0.00458025973 4.12162162
296 1220 1.37398854 0.0045799618 4.12162162
296 1220 1.37394583 0.00457981944 4.12162162
296 1220 1.37392888 0.00457976294 4.12162162
296 1220 1.37400013 0.00458000043 4.12162162
296 1220 1.37401228 0.00458004093 4.12162162
296 1220 1.37398742 0.00457995808 4.12162162
296 1220 1.37397162 0.00457990539 4.12162162
296 1220 1.37399564 0.00457998545 4.12162162
296 1220 1.37402032 0.00458006772 4.12162162
295 1209 1.36628545 0.00455428484 4.09830508
295 1209 1.36639468 0.00455464893 4.09830508
295 1209 1.36644706 0.00455482353 4.09830508
295 1209 1.36651269 0.00455504231 4.09830508
295 1209 1.3665222 0.004555074 4.09830508
295 1209 1.36653582 0.00455511939 4.09830508
295 1209 1.36656181 0.00455520602 4.09830508
295 1209 1.36655696 0.00455518986 4.09830508
295 1209 1.36655295 0.0045551765 4.09830508
295 1209 1.36656366 0.00455521218 4.09830508
294 1204 1.35819111 0.00452730369 4.0952381
294 1204 1.3580839 0.00452694632 4.0952381
294 1204 1.35791937 0.0045263979 4.0952381
294 1204 1.35812216 0.00452707388 4.0952381
294 1204 1.35806181 0.0045268727 4.0952381
294 1204 1.35764641 0.00452548804 4.0952381
294 1204 1.35812158 0.00452707192 4.0952381
294 1204 1.35778432 0.00452594773 4.0952381
294 1204 1.35789912 0.00452633041 4.0952381
294 1204 1.35794972 0.00452649907 4.0952381
293 1193 1.3494692 0.00449823066 4.07167235
293 1193 1.34942535 0.00449808449 4.07167235
293 1193 1.34951676 0.0044983892 4.07167235
293 1193 1.34947744 0.00449825813 4.07167235
293 1193 1.34960361 0.0044986787 4.07167235
293 1193 1.34963565 0.00449878551 4.07167235
293 1193 1.34959961 0.00449866538 4.07167235
293 1193 1.34958631 0.00449862103 4.07167235
293 1193 1.34959781 0.00449865938 4.07167235
293 1193 1.3496012 0.00449867066 4.07167235
292 1182 1.33972324 0.00446574412 4.04794521
292 1182 1.33978936 0.00446596452 4.04794521
292 1182 1.33974692 0.00446582306 4.04794521
292 1182 1.33977675 0.0044659225 4.04794521
292 1182 1.33975706 0.00446585687 4.04794521
292 1182 1.33974529 0.00446581765 4.04794521
292 1182 1.33976246 0.00446587487 4.04794521
292 1182 1.3397548 0.00446584932 4.04794521
292 1182 1.33976393 0.00446587977 4.04794521
292 1182 1.33975521 0.00446585071 4.04794521
291 1175 1.32940463 0.00443134877 4.03780069
291 1175 1.32928117 0.00443093725 4.03780069
291 1175 1.3293478 0.00443115934 4.03780069
291 1175 1.32946979 0.00443156596 4.03780069
291 1175 1.32930238 0.00443100794 4.03780069
291 1175 1.32927176 0.00443090587 4.03780069
291 1175 1.32909461 0.00443031538 4.03780069
291 1175 1.32926849 0.00443089498 4.03780069
291 1175 1.32939069 0.00443130228 4.03780069
291 1175 1.32929128 0.00443097094 4.03780069
290 1166 1.31840354 0.00439467847 4.02068966
290 1170 1.31783608 0.00439278693 4.03448276
290 1166 1.31829651 0.0043943217 4.02068966
290 1166 1.31828107 0.00439427025 4.02068966
290 1166 1.31816891 0.00439389638 4.02068966
290 1166 1.31809742 0.00439365808 4.02068966
290 1166 1.31804159 0.00439347196 4.02068966
290 1166 1.31799608 0.00439332028 4.02068966
290 1166 1.31798106 0.00439327021 4.02068966
290 1166 1.31802757 0.00439342523 4.02068966
289 1161 1.30729557 0.0043576519 4.01730104
289 1161 1.30751937 0.0043583979 4.01730104
289 1161 1.30730219 0.00435767396 4.01730104
289 1161 1.30754058 0.0043584686 4.01730104
289 1161 1.30773286 0.00435910952 4.01730104
289 1161 1.30769702 0.00435899006 4.01730104
289 1161 1.3077567 0.00435918899 4.01730104
289 1161 1.3072765 0.00435758832 4.01730104
289 1161 1.30740852 0.0043580284 4.01730104
289 1161 1.30767796 0.00435892654 4.01730104
288 1153 1.29670275 0.00432234249 4.00347222
288 1153 1.29682661 0.00432275537 4.00347222
288 1153 1.29649026 0.00432163419 4.00347222
288 1153 1.2966239 0.00432207968 4.00347222
288 1153 1.2966243 0.00432208101 4.00347222
288 1153 1.2965912 0.00432197066 4.00347222
288 1153 1.29663235 0.00432210783 4.00347222
288 1153 1.29661417 0.00432204722 4.00347222
288 1153 1.29660146 0.00432200487 4.00347222
288 1153 1.29660803 0.00432202678 4.00347222
287 1147 1.28378007 0.0042792669 3.99651568
287 1146 1.28146092 0.0042715364 3.99303136
287 1148 1.28500172 0.00428333907 4
287 1143 1.28961711 0.00429872369 3.9825784
287 1146 1.29098732 0.00430329106 3.99303136
287 1146 1.29065952 0.00430219839 3.99303136
287 1146 1.29071567 0.00430238555 3.99303136
287 1146 1.29065714 0.00430219045 3.99303136
287 1146 1.29076905 0.00430256351 3.99303136
287 1146 1.2905799 0.00430193299 3.99303136
286 1141 1.27991834 0.00426639448 3.98951049
286 1137 1.28012577 0.00426708589 3.97552448
286 1141 1.2801023 0.00426700767 3.98951049
286 1139 1.27021723 0.00423405744 3.98251748
286 1137 1.28017703 0.00426725676 3.97552448
286 1142 1.27864457 0.00426214858 3.99300699
286 1139 1.2702756 0.00423425201 3.98251748
286 1137 1.27997477 0.00426658257 3.97552448
286 1137 1.27997114 0.00426657048 3.97552448
286 1137 1.27986054 0.00426620181 3.97552448
285 1132 1.2699574 0.00423319134 3.97192982
285 1132 1.27010994 0.00423369979 3.97192982
285 1132 1.26998027 0.00423326756 3.97192982
285 1132 1.27020536 0.00423401787 3.97192982
285 1132 1.27023948 0.00423413162 3.97192982
285 1132 1.27020358 0.00423401193 3.97192982
285 1132 1.27013234 0.00423377447 3.97192982
285 1132 1.27014988 0.00423383292 3.97192982
285 1132 1.27031914 0.00423439714 3.97192982
285 1132 1.27027372 0.00423424573 3.97192982
284 1124 1.25956659 0.00419855531 3.95774648
284 1124 1.25946321 0.0041982107 3.95774648
284 1124 1.25945885 0.00419819617 3.95774648
284 1124 1.25954969 0.00419849896 3.95774648
284 1124 1.25950712 0.00419835706 3.95774648
284 1124 1.2595138 0.00419837932 3.95774648
284 1124 1.25949496 0.00419831652 3.95774648
284 1124 1.2595069 0.00419835632 3.95774648
284 1124 1.25951165 0.00419837216 3.95774648
284 1124 1.25950621 0.00419835404 3.95774648
283 1117 1.24745163 0.00415817209 3.94699647
283 1117 1.24743522 0.0041581174 3.94699647
283 1117 1.24765258 0.00415884194 3.94699647
283 1117 1.24746294 0.00415820981 3.94699647
283 1117 1.24760792 0.00415869306 3.94699647
283 1117 1.24740199 0.00415800664 3.94699647
283 1117 1.24759504 0.00415865012 3.94699647
283 1117 1.24772418 0.00415908061 3.94699647
283 1117 1.24784229 0.00415947431 3.94699647
283 1117 1.24731536 0.00415771785 3.94699647
282 1106 1.23133831 0.00410446104 3.92198582
282 1106 1.23190196 0.00410633988 3.92198582
282 1106 1.23186036 0.0041062012 3.92198582
282 1106 1.23131168 0.00410437227 3.92198582
282 1106 1.23198694 0.00410662313 3.92198582
282 1106 1.23185443 0.00410618143 3.92198582
282 1106 1.23161599 0.00410538663 3.92198582
282 1106 1.23159185 0.00410530618 3.92198582
282 1106 1.23128722 0.00410429072 3.92198582
282 1106 1.23186065 0.00410620217 3.92198582
281 1099 1.21456833 0.0040485611 3.91103203
281 1099 1.21505958 0.00405019861 3.91103203
281 1099 1.2144642 0.00404821401 3.91103203
281 1103 1.21889363 0.00406297878 3.9252669
281 1103 1.21449945 0.00404833149 3.9252669
281 1103 1.217708 0.00405902667 3.9252669
281 1103 1.21792052 0.00405973508 3.9252669
281 1104 1.21948361 0.00406494538 3.92882562
281 1101 1.21886025 0.00406286752 3.91814947
281 1101 1.21875796 0.00406252654 3.91814947
280 1096 1.20964609 0.00403215363 3.91428571
280 1096 1.20974345 0.00403247818 3.91428571
280 1096 1.20927289 0.00403090963 3.91428571
280 1096 1.20936703 0.00403122344 3.91428571
280 1096 1.20984567 0.00403281888 3.91428571
280 1096 1.20921586 0.00403071953 3.91428571
280 1096 1.20975455 0.00403251517 3.91428571
280 1096 1.2095273 0.00403175768 3.91428571
280 1096 1.20976748 0.00403255826 3.91428571
280 1096 1.20968821 0.00403229403 3.91428571
279 1085 1.19378337 0.00397927789 3.88888889
279 1085 1.19402993 0.00398009977 3.88888889
279 1085 1.19412404 0.00398041348 3.88888889
279 1085 1.19388476 0.00397961587 3.88888889
279 1085 1.19375528 0.00397918427 3.88888889
279 1085 1.19404078 0.00398013594 3.88888889
279 1085 1.19400437 0.00398001456 3.88888889
279 1085 1.19371725 0.00397905752 3.88888889
279 1085 1.19398958 0.00397996528 3.88888889
279 1085 1.19396677 0.00397988923 3.88888889
278 1079 1.17724578 0.00392415259 3.88129496
278 1079 1.17694025 0.00392313418 3.88129496
278 1079 1.17744299 0.00392480998 3.88129496
278 1079 1.17727825 0.00392426082 3.88129496
278 1079 1.17725258 0.00392417526 3.88129496
278 1079 1.17727682 0.00392425605 3.88129496
278 1079 1.17728059 0.00392426863 3.88129496
278 1079 1.17723993 0.0039241331 3.88129496
278 1079 1.17724096 0.00392413654 3.88129496
278 1079 1.17728598 0.00392428662 3.88129496
277 1071 1.16006144 0.00386687145 3.86642599
277 1071 1.16006851 0.00386689504 3.86642599
277 1071 1.16012447 0.00386708158 3.86642599
277 1071 1.16011302 0.0038670434 3.86642599
277 1071 1.15998127 0.00386660423 3.86642599
277 1071 1.1601988 0.00386732933 3.86642599
277 1071 1.15990293 0.00386634309 3.86642599
277 1071 1.16024253 0.00386747511 3.86642599
277 1071 1.15969415 0.00386564715 3.86642599
277 1071 1.16022022 0.00386740074 3.86642599
276 1064 1.14137864 0.00380459548 3.85507246
276 1068 1.13816899 0.00379389663 3.86956522
276 1064 1.1417456 0.00380581867 3.85507246
276 1064 1.14189803 0.00380632676 3.85507246
276 1064 1.14163902 0.0038054634 3.85507246
276 1064 1.14116023 0.00380386744 3.85507246
276 1064 1.14126905 0.00380423017 3.85507246
276 1064 1.14184066 0.00380613553 3.85507246
276 1064 1.14170858 0.00380569526 3.85507246
276 1064 1.14134624 0.00380448746 3.85507246
275 1062 1.12198094 0.00373993646 3.86181818
275 1062 1.12257574 0.00374191915 3.86181818
275 1062 1.1229406 0.00374313535 3.86181818
275 1062 1.12237065 0.0037412355 3.86181818
275 1062 1.12276846 0.00374256154 3.86181818
275 1062 1.12256477 0.00374188258 3.86181818
275 1062 1.12293894 0.0037431298 3.86181818
275 1062 1.12252802 0.00374176007 3.86181818
275 1062 1.12270856 0.00374236185 3.86181818
275 1062 1.1226846 0.003742282 3.86181818
274 1056 1.10301328 0.00367671092 3.8540146
274 1056 1.10295881 0.00367652936 3.8540146
274 1056 1.10269107 0.0036756369 3.8540146
274 1056 1.10260103 0.00367533676 3.8540146
274 1056 1.10296684 0.00367655614 3.8540146
274 1056 1.10275041 0.00367583471 3.8540146
274 1056 1.10290439 0.00367634798 3.8540146
274 1056 1.10281129 0.00367603762 3.8540146
274 1056 1.10271295 0.00367570982 3.8540146
274 1056 1.10277604 0.00367592014 3.8540146
273 1050 1.08246147 0.0036082049 3.84615385
273 1050 1.08236519 0.00360788396 3.84615385
273 1050 1.08224978 0.00360749928 3.84615385
273 1050 1.08227247 0.00360757489 3.84615385
273 1050 1.08232 0.00360773334 3.84615385
273 1050 1.08231632 0.00360772107 3.84615385
273 1050 1.08232003 0.00360773344 3.84615385
273 1050 1.08232164 0.00360773879 3.84615385
273 1050 1.08232301 0.00360774335 3.84615385
273 1050 1.08232249 0.00360774162 3.84615385
272 1047 1.0605163 0.00353505434 3.84926471
272 1041 1.05926582 0.00353088608 3.82720588
272 1044 1.06941575 0.00356471918 3.83823529
272 1032 1.08948649 0.00363162165 3.79411765
272 1034 1.09403097 0.00364676991 3.80147059
272 1034 1.09397825 0.00364659417 3.80147059
272 1034 1.09398439 0.00364661463 3.80147059
272 1034 1.09395655 0.00364652184 3.80147059
272 1034 1.09390348 0.00364634492 3.80147059
272 1034 1.09384085 0.00364613618 3.80147059
271 1026 1.07686892 0.00358956308 3.78597786
271 1026 1.07734343 0.00359114476 3.78597786
271 1026 1.07719128 0.00359063761 3.78597786
271 1026 1.07684126 0.00358947087 3.78597786
271 1026 1.07709534 0.00359031781 3.78597786
271 1026 1.07671605 0.0035890535 3.78597786
271 1026 1.07654201 0.00358847336 3.78597786
271 1026 1.07707028 0.00359023426 3.78597786
271 1026 1.07716335 0.00359054449 3.78597786
271 1026 1.07724207 0.0035908069 3.78597786
270 1024 1.05701359 0.00352337865 3.79259259
270 1024 1.05676885 0.00352256282 3.79259259
270 1024 1.05691303 0.00352304345 3.79259259
270 1024 1.05695618 0.00352318728 3.79259259
270 1024 1.05703544 0.00352345145 3.79259259
270 1024 1.05694294 0.00352314313 3.79259259
270 1024 1.05708466 0.00352361553 3.79259259
270 1024 1.05697747 0.00352325824 3.79259259
270 1024 1.05707186 0.00352357287 3.79259259
270 1024 1.05697568 0.00352325228 3.79259259
269 1018 1.03670153 0.00345567178 3.78438662
269 1018 1.03722221 0.00345740737 3.78438662
269 1016 1.03467215 0.00344890716 3.77695167
269 1018 1.03685587 0.00345618624 3.78438662
269 1018 1.0369407 0.00345646901 3.78438662
269 1018 1.0375921 0.00345864032 3.78438662
269 1018 1.03701357 0.00345671189 3.78438662
269 1018 1.03729797 0.00345765991 3.78438662
269 1018 1.03665637 0.00345552124 3.78438662
269 1018 1.03686396 0.00345621321 3.78438662
268 1010 1.0144459 0.00338148633 3.76865672
268 1010 1.0141204 0.00338040132 3.76865672
268 1012 1.01366831 0.00337889435 3.7761194
268 1014 1.01360757 0.00337869189 3.78358209
268 1010 1.01144012 0.00337146706 3.76865672
268 1012 1.01794734 0.00339315781 3.7761194
268 1012 1.01770318 0.00339234394 3.7761194
268 1012 1.01783132 0.00339277105 3.7761194
268 1012 1.01748879 0.0033916293 3.7761194
268 1012 1.01798354 0.00339327846 3.7761194
267 1006 0.997421166 0.00332473722 3.76779026
267 1006 0.997302893 0.00332434298 3.76779026
267 1006 0.998108899 0.00332702966 3.76779026
267 1006 0.998062806 0.00332687602 3.76779026
267 1006 0.997942919 0.0033264764 3.76779026
267 1006 0.998037421 0.0033267914 3.76779026
267 1006 0.997908668 0.00332636223 3.76779026
267 1006 0.997676852 0.00332558951 3.76779026
267 1006 0.997500219 0.00332500073 3.76779026
267 1006 0.997871328 0.00332623776 3.76779026
266 1004 0.9760942 0.00325364733 3.77443609
266 1001 0.976260306 0.00325420102 3.76315789
266 1005 0.976441469 0.0032548049 3.77819549
266 1005 0.976888274 0.00325629425 3.77819549
266 1004 0.97661133 0.0032553711 3.77443609
266 1004 0.976720513 0.00325573504 3.77443609
266 1004 0.976775591 0.00325591864 3.77443609
266 1004 0.976902324 0.00325634108 3.77443609
266 1004 0.976166508 0.00325388836 3.77443609
266 1004 0.976343375 0.00325447792 3.77443609
265 999 0.956961476 0.00318987159 3.76981132
265 999 0.956141196 0.00318713732 3.76981132
265 999 0.956329635 0.00318776545 3.76981132
265 999 0.956109287 0.00318703096 3.76981132
265 999 0.956164437 0.00318721479 3.76981132
265 996 0.955252604 0.00318417535 3.75849057
265 996 0.955289111 0.00318429704 3.75849057
265 998 0.955648798 0.00318549599 3.76603774
265 998 0.955430427 0.00318476809 3.76603774
265 992 0.956139596 0.00318713199 3.74339623
264 990 0.935411935 0.00311803978 3.75
264 990 0.935945786 0.00311981929 3.75
264 988 0.934897013 0.00311632338 3.74242424
264 990 0.935675127 0.00311891709 3.75
264 990 0.935745873 0.00311915291 3.75
264 990 0.935701724 0.00311900575 3.75
264 990 0.935970949 0.00311990316 3.75
264 990 0.935991516 0.00311997172 3.75
264 990 0.936055972 0.00312018657 3.75
264 990 0.935951029 0.00311983676 3.75
263 986 0.916302574 0.00305434191 3.74904943
263 986 0.915941045 0.00305313682 3.74904943
263 982 0.913654482 0.00304551494 3.7338403
262 976 0.901871812 0.00300623937 3.72519084
262 978 0.903856283 0.00301285428 3.73282443
262 978 0.903961098 0.00301320366 3.73282443
262 978 0.90387943 0.00301293143 3.73282443
262 978 0.904313933 0.00301437978 3.73282443
262 978 0.903429208 0.00301143069 3.73282443
262 978 0.903568463 0.00301189488 3.73282443
261 972 0.883775741 0.00294591914 3.72413793
261 972 0.884102115 0.00294700705 3.72413793
261 972 0.884037183 0.00294679061 3.72413793
261 972 0.884040039 0.00294680013 3.72413793
261 972 0.884454853 0.00294818284 3.72413793
261 972 0.88372521 0.0029457507 3.72413793
261 972 0.88396704 0.0029465568 3.72413793
261 972 0.883488233 0.00294496078 3.72413793
261 972 0.884602081 0.0029486736 3.72413793
261 972 0.883581918 0.00294527306 3.72413793
260 967 0.860780891 0.00286926964 3.71923077
260 967 0.859988242 0.00286662747 3.71923077
260 967 0.8621116 0.00287370533 3.71923077
260 962 0.859107955 0.00286369318 3.7
260 962 0.859061867 0.00286353956 3.7
260 962 0.858314237 0.00286104746 3.7
260 967 0.860860017 0.00286953339 3.71923077
260 967 0.862115867 0.00287371956 3.71923077
260 967 0.861734725 0.00287244908 3.71923077
260 967 0.859729674 0.00286576558 3.71923077
259 964 0.836789436 0.00278929812 3.72200772
259 957 0.835920584 0.00278640195 3.69498069
259 957 0.835790196 0.00278596732 3.69498069
259 957 0.836548017 0.00278849339 3.69498069
259 957 0.837179064 0.00279059688 3.69498069
259 957 0.836668608 0.00278889536 3.69498069
259 957 0.836741206 0.00278913735 3.69498069
259 957 0.836755455 0.00278918485 3.69498069
259 957 0.83670814 0.00278902713 3.69498069
259 957 0.836727418 0.00278909139 3.69498069
258 954 0.812578101 0.00270859367 3.69767442
258 954 0.811692047 0.00270564016 3.69767442
258 954 0.811995304 0.00270665101 3.69767442
258 954 0.811686829 0.00270562276 3.69767442
258 954 0.813405609 0.00271135203 3.69767442
258 954 0.812238963 0.00270746321 3.69767442
258 954 0.812162256 0.00270720752 3.69767442
258 954 0.813047417 0.00271015806 3.69767442
258 954 0.812617117 0.00270872372 3.69767442
258 954 0.813587849 0.0027119595 3.69767442
257 942 0.785018376 0.00261672792 3.66536965
257 950 0.781830907 0.00260610302 3.69649805
257 941 0.793879955 0.00264626652 3.6614786
257 941 0.79231399 0.00264104663 3.6614786
257 941 0.792517788 0.00264172596 3.6614786
257 941 0.793696342 0.00264565447 3.6614786
257 941 0.79245639 0.0026415213 3.6614786
257 941 0.791870848 0.00263956949 3.6614786
257 941 0.792799358 0.00264266453 3.6614786
257 941 0.792915619 0.00264305206 3.6614786
256 938 0.768804147 0.00256268049 3.6640625
256 938 0.76904587 0.00256348623 3.6640625
256 938 0.768636135 0.00256212045 3.6640625
256 938 0.769111876 0.00256370625 3.6640625
256 938 0.769204451 0.00256401484 3.6640625
256 938 0.768619277 0.00256206426 3.6640625
256 938 0.767020867 0.00255673622 3.6640625
256 938 0.768820375 0.00256273458 3.6640625
256 938 0.769474611 0.00256491537 3.6640625
256 938 0.769323103 0.00256441034 3.6640625
255 933 0.740869814 0.00246956605 3.65882353
255 931 0.740686974 0.00246895658 3.65098039
255 933 0.734684251 0.0024489475 3.65882353
255 929 0.737926318 0.00245975439 3.64313725
254 919 0.71868412 0.00239561373 3.61811024
254 919 0.718551328 0.00239517109 3.61811024
254 919 0.718090268 0.00239363423 3.61811024
254 919 0.718345378 0.00239448459 3.61811024
254 919 0.71811967 0.00239373223 3.61811024
254 919 0.718171748 0.00239390583 3.61811024
253 916 0.695381091 0.00231793697 3.62055336
253 916 0.696268347 0.00232089449 3.62055336
253 916 0.695515731 0.00231838577 3.62055336
253 916 0.695686293 0.00231895431 3.62055336
253 916 0.695626655 0.00231875552 3.62055336
253 916 0.695607205 0.00231869068 3.62055336
253 916 0.695497644 0.00231832548 3.62055336
253 916 0.695466591 0.00231822197 3.62055336
253 916 0.695513999 0.00231838 3.62055336
253 916 0.695337379 0.00231779126 3.62055336
252 908 0.668023606 0.00222674535 3.6031746
252 908 0.668056062 0.00222685354 3.6031746
252 908 0.667687005 0.00222562335 3.6031746
252 908 0.667978613 0.00222659538 3.6031746
252 908 0.667881653 0.00222627218 3.6031746
252 908 0.667757631 0.00222585877 3.6031746
252 908 0.66771107 0.00222570357 3.6031746
252 908 0.667598299 0.00222532766 3.6031746
252 908 0.66765139 0.00222550463 3.6031746
252 908 0.66759165 0.0022253055 3.6031746
251 903 0.638603837 0.00212867946 3.59760956
251 903 0.638504442 0.00212834814 3.59760956
251 903 0.637310575 0.00212436858 3.59760956
251 903 0.637114932 0.00212371644 3.59760956
251 903 0.635864018 0.00211954673 3.59760956
251 903 0.636214981 0.0021207166 3.59760956
251 903 0.636796867 0.00212265622 3.59760956
251 903 0.637948188 0.00212649396 3.59760956
251 903 0.636781142 0.00212260381 3.59760956
251 903 0.635857431 0.00211952477 3.59760956
250 896 0.603445657 0.00201148552 3.584
250 897 0.599366134 0.00199788711 3.588
250 895 0.613880858 0.00204626953 3.58
250 898 0.619183461 0.00206394487 3.592
250 898 0.61870143 0.0020623381 3.592
250 898 0.61963835 0.00206546117 3.592
250 898 0.617854511 0.00205951504 3.592
250 898 0.619480712 0.00206493571 3.592
250 898 0.618715461 0.00206238487 3.592
250 898 0.618906045 0.00206302015 3.592
249 890 0.592207401 0.00197402467 3.57429719
249 895 0.590956436 0.00196985479 3.59437751
249 890 0.591952216 0.00197317405 3.57429719
249 890 0.592227171 0.00197409057 3.57429719
249 890 0.591277402 0.00197092467 3.57429719
249 890 0.592516204 0.00197505401 3.57429719
249 890 0.591795478 0.00197265159 3.57429719
249 890 0.591914852 0.00197304951 3.57429719
249 890 0.590925238 0.00196975079 3.57429719
249 890 0.591624392 0.00197208131 3.57429719
248 887 0.564696793 0.00188232264 3.5766129
248 885 0.562937058 0.00187645686 3.56854839
248 887 0.565144511 0.00188381504 3.5766129
248 887 0.565443869 0.0018848129 3.5766129
248 887 0.565370461 0.0018845682 3.5766129
248 887 0.565532694 0.00188510898 3.5766129
248 887 0.565332637 0.00188444212 3.5766129
248 887 0.564850306 0.00188283435 3.5766129
248 887 0.565385179 0.00188461726 3.5766129
248 887 0.565010768 0.00188336923 3.5766129
247 882 0.53635909 0.00178786363 3.5708502
247 882 0.536929812 0.00178976604 3.5708502
247 882 0.536908367 0.00178969456 3.5708502
247 882 0.537467255 0.00179155752 3.5708502
247 882 0.537167847 0.00179055949 3.5708502
247 882 0.536634275 0.00178878092 3.5708502
247 882 0.537934904 0.00179311635 3.5708502
247 882 0.537197946 0.00179065982 3.5708502
247 882 0.536306901 0.00178768967 3.5708502
247 882 0.536633862 0.00178877954 3.5708502
246 876 0.507765846 0.00169255282 3.56097561
SP does not find any fixed points -> SP does not converge.
I am sorry I quit :(
