START ALGORITHM:
I am going to build an instance with N: 300 variables and 1200 clauses with a clause density equal to 4
START DYNAMIC-I BSP WITH r=0.9:
Decimation scorer: cert
END UNIT PROPAGATION
300 1200 6.09755966 0.0203251989 4
300 1200 6.09736159 0.0203245386 4
300 1200 6.09732813 0.0203244271 4
300 1200 6.09730917 0.0203243639 4
300 1200 6.09730544 0.0203243515 4
300 1200 6.09730437 0.0203243479 4
300 1200 6.09730417 0.0203243472 4
300 1200 6.09730414 0.0203243471 4
300 1200 6.09730414 0.0203243471 4
299 1193 6.0936738 0.020312246 3.98996656
299 1193 6.09365937 0.0203121979 3.98996656
299 1193 6.0936609 0.020312203 3.98996656
299 1193 6.09366103 0.0203122034 3.98996656
299 1193 6.09366109 0.0203122036 3.98996656
299 1193 6.0936611 0.0203122037 3.98996656
299 1193 6.0936611 0.0203122037 3.98996656
299 1193 6.09366111 0.0203122037 3.98996656
299 1193 6.09366111 0.0203122037 3.98996656
299 1193 6.09366111 0.0203122037 3.98996656
298 1189 6.08870578 0.0202956859 3.98993289
298 1189 6.08870754 0.0202956918 3.98993289
298 1189 6.08869947 0.0202956649 3.98993289
298 1189 6.08870435 0.0202956812 3.98993289
298 1189 6.08870607 0.0202956869 3.98993289
298 1189 6.08870687 0.0202956896 3.98993289
298 1189 6.08870722 0.0202956907 3.98993289
298 1189 6.08870737 0.0202956912 3.98993289
298 1189 6.08870746 0.0202956915 3.98993289
298 1189 6.08870751 0.0202956917 3.98993289
297 1181 6.08137951 0.020271265 3.97643098
297 1181 6.08234777 0.0202744926 3.97643098
297 1181 6.08234401 0.02027448 3.97643098
297 1181 6.08234397 0.0202744799 3.97643098
297 1181 6.08234398 0.0202744799 3.97643098
297 1181 6.08234405 0.0202744802 3.97643098
297 1181 6.08234408 0.0202744803 3.97643098
297 1181 6.0823441 0.0202744803 3.97643098
297 1181 6.0823441 0.0202744803 3.97643098
297 1181 6.08234411 0.0202744804 3.97643098
296 1177 6.07814173 0.0202604724 3.97635135
296 1177 6.07814782 0.0202604927 3.97635135
296 1177 6.07814849 0.020260495 3.97635135
296 1177 6.07814821 0.020260494 3.97635135
296 1177 6.07814824 0.0202604941 3.97635135
296 1177 6.07814829 0.0202604943 3.97635135
296 1177 6.07814831 0.0202604944 3.97635135
296 1177 6.07814832 0.0202604944 3.97635135
296 1177 6.07814833 0.0202604944 3.97635135
296 1177 6.07814833 0.0202604944 3.97635135
295 1171 6.07145645 0.0202381882 3.96949153
295 1171 6.07143444 0.0202381148 3.96949153
295 1171 6.07141766 0.0202380589 3.96949153
295 1171 6.07143115 0.0202381038 3.96949153
295 1171 6.07143534 0.0202381178 3.96949153
295 1171 6.07143655 0.0202381218 3.96949153
295 1171 6.07143706 0.0202381235 3.96949153
295 1171 6.07143738 0.0202381246 3.96949153
295 1171 6.07143754 0.0202381251 3.96949153
295 1171 6.07143764 0.0202381255 3.96949153
294 1163 6.06245599 0.0202081866 3.95578231
294 1163 6.06245264 0.0202081755 3.95578231
294 1163 6.06247246 0.0202082415 3.95578231
294 1163 6.06247803 0.0202082601 3.95578231
294 1163 6.0624799 0.0202082663 3.95578231
294 1163 6.06248148 0.0202082716 3.95578231
294 1163 6.06248213 0.0202082738 3.95578231
294 1163 6.0624824 0.0202082747 3.95578231
294 1163 6.06248258 0.0202082753 3.95578231
294 1163 6.06248268 0.0202082756 3.95578231
293 1157 6.05191025 0.0201730342 3.94880546
293 1157 6.05190411 0.0201730137 3.94880546
293 1157 6.05190888 0.0201730296 3.94880546
293 1157 6.05190677 0.0201730226 3.94880546
293 1157 6.05190654 0.0201730218 3.94880546
293 1157 6.05190644 0.0201730215 3.94880546
293 1157 6.05190651 0.0201730217 3.94880546
293 1157 6.05190656 0.0201730219 3.94880546
293 1157 6.05190658 0.0201730219 3.94880546
293 1157 6.0519066 0.020173022 3.94880546
292 1145 6.03883859 0.020129462 3.92123288
292 1145 6.03888897 0.0201296299 3.92123288
292 1145 6.03885256 0.0201295085 3.92123288
292 1145 6.03887661 0.0201295887 3.92123288
292 1145 6.03887024 0.0201295675 3.92123288
292 1145 6.03882405 0.0201294135 3.92123288
292 1145 6.03888071 0.0201296024 3.92123288
292 1145 6.03887033 0.0201295678 3.92123288
292 1145 6.03882398 0.0201294133 3.92123288
292 1145 6.03888123 0.0201296041 3.92123288
291 1131 6.02263478 0.0200754493 3.88659794
291 1134 6.02279562 0.0200759854 3.89690722
291 1138 6.02285852 0.0200761951 3.91065292
291 1138 6.02290156 0.0200763385 3.91065292
291 1138 6.02289883 0.0200763294 3.91065292
291 1138 6.02289888 0.0200763296 3.91065292
291 1138 6.02290069 0.0200763356 3.91065292
291 1138 6.02290117 0.0200763372 3.91065292
291 1138 6.02290141 0.020076338 3.91065292
291 1138 6.02290158 0.0200763386 3.91065292
290 1127 6.00699319 0.0200233106 3.8862069
290 1127 6.00691393 0.0200230464 3.8862069
290 1127 6.00689082 0.0200229694 3.8862069
290 1127 6.00689273 0.0200229758 3.8862069
290 1127 6.0068936 0.0200229787 3.8862069
290 1127 6.00689396 0.0200229799 3.8862069
290 1127 6.00689402 0.0200229801 3.8862069
290 1127 6.00689414 0.0200229805 3.8862069
290 1127 6.00689424 0.0200229808 3.8862069
290 1127 6.0068943 0.020022981 3.8862069
289 1113 5.99064817 0.0199688272 3.85121107
289 1113 5.99071332 0.0199690444 3.85121107
289 1113 5.99068068 0.0199689356 3.85121107
289 1113 5.99071078 0.0199690359 3.85121107
289 1113 5.99071547 0.0199690516 3.85121107
289 1113 5.99072112 0.0199690704 3.85121107
289 1113 5.99072224 0.0199690741 3.85121107
289 1113 5.99072305 0.0199690768 3.85121107
289 1113 5.99072366 0.0199690789 3.85121107
289 1113 5.99072398 0.0199690799 3.85121107
288 1104 5.97370387 0.0199123462 3.83333333
288 1104 5.97359069 0.019911969 3.83333333
288 1104 5.97362555 0.0199120852 3.83333333
288 1104 5.97363182 0.0199121061 3.83333333
288 1104 5.97363393 0.0199121131 3.83333333
288 1104 5.97363478 0.0199121159 3.83333333
288 1104 5.97363515 0.0199121172 3.83333333
288 1104 5.97363532 0.0199121177 3.83333333
288 1104 5.97363539 0.019912118 3.83333333
288 1104 5.97363543 0.0199121181 3.83333333
287 1096 5.95492908 0.0198497636 3.81881533
287 1102 5.96210472 0.0198736824 3.83972125
287 1104 5.96352731 0.0198784244 3.8466899
287 1101 5.9637093 0.019879031 3.83623693
287 1104 5.96357556 0.0198785852 3.8466899
287 1101 5.96370324 0.0198790108 3.83623693
287 1104 5.96358043 0.0198786014 3.8466899
287 1101 5.96370532 0.0198790177 3.83623693
287 1104 5.96358146 0.0198786049 3.8466899
287 1101 5.96370611 0.0198790204 3.83623693
286 1090 5.947552 0.0198251733 3.81118881
286 1090 5.94754601 0.0198251534 3.81118881
286 1090 5.94751417 0.0198250472 3.81118881
286 1090 5.94757796 0.0198252599 3.81118881
286 1090 5.9475782 0.0198252607 3.81118881
286 1090 5.94757882 0.0198252627 3.81118881
286 1090 5.94757899 0.0198252633 3.81118881
286 1090 5.94758067 0.0198252689 3.81118881
286 1090 5.94758149 0.0198252716 3.81118881
286 1090 5.9475818 0.0198252727 3.81118881
285 1081 5.93072395 0.0197690798 3.79298246
285 1081 5.93061329 0.019768711 3.79298246
285 1081 5.93061325 0.0197687108 3.79298246
285 1081 5.93061648 0.0197687216 3.79298246
285 1081 5.9306167 0.0197687223 3.79298246
285 1081 5.93061671 0.0197687224 3.79298246
285 1081 5.93061679 0.0197687226 3.79298246
285 1081 5.93061682 0.0197687227 3.79298246
285 1081 5.93061684 0.0197687228 3.79298246
285 1081 5.93061685 0.0197687228 3.79298246
284 1074 5.91015217 0.0197005072 3.78169014
284 1074 5.91014711 0.0197004904 3.78169014
284 1074 5.91013211 0.0197004404 3.78169014
284 1074 5.91013157 0.0197004386 3.78169014
284 1074 5.91013322 0.0197004441 3.78169014
284 1074 5.91013369 0.0197004456 3.78169014
284 1074 5.9101339 0.0197004463 3.78169014
284 1074 5.910134 0.0197004467 3.78169014
284 1074 5.91013405 0.0197004468 3.78169014
284 1074 5.91013407 0.0197004469 3.78169014
283 1069 5.88856039 0.0196285346 3.77738516
283 1069 5.88865682 0.0196288561 3.77738516
283 1069 5.88866662 0.0196288887 3.77738516
283 1069 5.88867804 0.0196289268 3.77738516
283 1069 5.8886823 0.019628941 3.77738516
283 1069 5.88868372 0.0196289457 3.77738516
283 1069 5.88868447 0.0196289482 3.77738516
283 1069 5.88868483 0.0196289494 3.77738516
283 1069 5.888685 0.01962895 3.77738516
283 1069 5.88868508 0.0196289503 3.77738516
282 1060 5.86633811 0.0195544604 3.75886525
282 1054 5.86752351 0.0195584117 3.73758865
282 1054 5.86739723 0.0195579908 3.73758865
282 1054 5.86740765 0.0195580255 3.73758865
282 1054 5.86741049 0.019558035 3.73758865
282 1054 5.86741185 0.0195580395 3.73758865
282 1054 5.86741269 0.0195580423 3.73758865
282 1054 5.86741308 0.0195580436 3.73758865
282 1054 5.86741327 0.0195580442 3.73758865
282 1054 5.86741336 0.0195580445 3.73758865
281 1049 5.84638517 0.0194879506 3.73309609
281 1049 5.84643873 0.0194881291 3.73309609
281 1049 5.84644011 0.0194881337 3.73309609
281 1049 5.84644016 0.0194881339 3.73309609
281 1049 5.84644388 0.0194881463 3.73309609
281 1049 5.84644685 0.0194881562 3.73309609
281 1049 5.84644812 0.0194881604 3.73309609
281 1049 5.84644865 0.0194881622 3.73309609
281 1049 5.84644899 0.0194881633 3.73309609
281 1049 5.84644923 0.0194881641 3.73309609
280 1041 5.82393756 0.0194131252 3.71785714
280 1040 5.82369732 0.0194123244 3.71428571
280 1041 5.82398116 0.0194132705 3.71785714
280 1040 5.82364102 0.0194121367 3.71428571
280 1041 5.8239854 0.0194132847 3.71785714
280 1040 5.82364253 0.0194121418 3.71428571
280 1041 5.82398969 0.019413299 3.71785714
280 1040 5.82364312 0.0194121437 3.71428571
280 1041 5.82399102 0.0194133034 3.71785714
280 1040 5.82364331 0.0194121444 3.71428571
279 1032 5.80134391 0.019337813 3.69892473
279 1032 5.80134519 0.0193378173 3.69892473
279 1032 5.8014188 0.0193380627 3.69892473
279 1032 5.80144567 0.0193381522 3.69892473
279 1032 5.80145889 0.0193381963 3.69892473
279 1032 5.80146355 0.0193382118 3.69892473
279 1032 5.80146598 0.0193382199 3.69892473
279 1032 5.80146727 0.0193382242 3.69892473
279 1032 5.80146812 0.0193382271 3.69892473
279 1032 5.80146863 0.0193382288 3.69892473
278 1025 5.77591126 0.0192530375 3.68705036
278 1025 5.77571552 0.0192523851 3.68705036
278 1025 5.77571018 0.0192523673 3.68705036
278 1025 5.7757193 0.0192523977 3.68705036
278 1025 5.77572923 0.0192524308 3.68705036
278 1025 5.77573444 0.0192524481 3.68705036
278 1025 5.77573665 0.0192524555 3.68705036
278 1025 5.77573835 0.0192524612 3.68705036
278 1025 5.77573938 0.0192524646 3.68705036
278 1025 5.77574002 0.0192524667 3.68705036
277 1017 5.74904531 0.0191634844 3.67148014
277 1017 5.74899308 0.0191633103 3.67148014
277 1017 5.74897657 0.0191632552 3.67148014
277 1017 5.74898654 0.0191632885 3.67148014
277 1017 5.7489961 0.0191633203 3.67148014
277 1017 5.74899906 0.0191633302 3.67148014
277 1017 5.74900058 0.0191633353 3.67148014
277 1017 5.74900146 0.0191633382 3.67148014
277 1017 5.74900188 0.0191633396 3.67148014
277 1017 5.74900209 0.0191633403 3.67148014
276 1009 5.72205425 0.0190735142 3.6557971
276 1009 5.72207452 0.0190735817 3.6557971
276 1009 5.72208943 0.0190736314 3.6557971
276 1009 5.72210482 0.0190736827 3.6557971
276 1009 5.7221051 0.0190736837 3.6557971
276 1009 5.72210581 0.019073686 3.6557971
276 1009 5.72210631 0.0190736877 3.6557971
276 1009 5.72210658 0.0190736886 3.6557971
276 1009 5.72210673 0.0190736891 3.6557971
276 1009 5.72210681 0.0190736894 3.6557971
275 1002 5.6922643 0.0189742143 3.64363636
275 1002 5.69226325 0.0189742108 3.64363636
275 1002 5.69230835 0.0189743612 3.64363636
275 1002 5.69233411 0.018974447 3.64363636
275 1002 5.69234174 0.0189744725 3.64363636
275 1002 5.69234597 0.0189744866 3.64363636
275 1002 5.69234824 0.0189744941 3.64363636
275 1002 5.69234948 0.0189744983 3.64363636
275 1002 5.69235013 0.0189745004 3.64363636
275 1002 5.69235048 0.0189745016 3.64363636
274 994 5.65747527 0.0188582509 3.62773723
274 994 5.65748292 0.0188582764 3.62773723
274 994 5.65731074 0.0188577025 3.62773723
274 994 5.65750449 0.0188583483 3.62773723
274 994 5.65751732 0.0188583911 3.62773723
274 994 5.65744384 0.0188581461 3.62773723
274 994 5.65742682 0.0188580894 3.62773723
274 994 5.65750963 0.0188583654 3.62773723
274 994 5.65751757 0.0188583919 3.62773723
274 994 5.65744335 0.0188581445 3.62773723
273 989 5.62224187 0.0187408062 3.62271062
273 990 5.62219306 0.0187406435 3.62637363
273 990 5.62221776 0.0187407259 3.62637363
273 987 5.62191925 0.0187397308 3.61538462
273 990 5.62215631 0.018740521 3.62637363
273 990 5.62226083 0.0187408694 3.62637363
273 987 5.62189883 0.0187396628 3.61538462
273 990 5.62216935 0.0187405645 3.62637363
273 990 5.62226773 0.0187408924 3.62637363
273 987 5.6218964 0.0187396547 3.61538462
272 982 5.58830501 0.0186276834 3.61029412
272 979 5.58807829 0.0186269276 3.59926471
272 980 5.59273535 0.0186424512 3.60294118
272 980 5.5926643 0.0186422143 3.60294118
272 980 5.59266868 0.0186422289 3.60294118
272 980 5.59267397 0.0186422466 3.60294118
272 980 5.59267643 0.0186422548 3.60294118
272 980 5.59267763 0.0186422588 3.60294118
272 980 5.59267823 0.0186422608 3.60294118
272 980 5.59267852 0.0186422617 3.60294118
271 973 5.56060013 0.0185353338 3.5904059
271 973 5.56056504 0.0185352168 3.5904059
271 973 5.5605927 0.018535309 3.5904059
271 973 5.56062044 0.0185354015 3.5904059
271 973 5.56063052 0.0185354351 3.5904059
271 973 5.56063876 0.0185354625 3.5904059
271 973 5.56064346 0.0185354782 3.5904059
271 973 5.56064628 0.0185354876 3.5904059
271 973 5.56064793 0.0185354931 3.5904059
271 973 5.56064888 0.0185354963 3.5904059
270 965 5.52592178 0.0184197393 3.57407407
270 965 5.52554894 0.0184184965 3.57407407
270 965 5.52552131 0.0184184044 3.57407407
270 965 5.52560693 0.0184186898 3.57407407
270 965 5.52565624 0.0184188541 3.57407407
270 965 5.52568845 0.0184189615 3.57407407
270 965 5.52571214 0.0184190405 3.57407407
270 965 5.5257285 0.018419095 3.57407407
270 965 5.52573937 0.0184191312 3.57407407
270 965 5.5257465 0.018419155 3.57407407
269 956 5.49016983 0.0183005661 3.55390335
269 956 5.49011041 0.018300368 3.55390335
269 956 5.49010683 0.0183003561 3.55390335
269 956 5.49009996 0.0183003332 3.55390335
269 956 5.49009919 0.0183003306 3.55390335
269 956 5.49009987 0.0183003329 3.55390335
269 956 5.49010049 0.018300335 3.55390335
269 956 5.49010091 0.0183003364 3.55390335
269 956 5.49010117 0.0183003372 3.55390335
269 956 5.49010132 0.0183003377 3.55390335
268 951 5.45137107 0.0181712369 3.54850746
268 955 5.46219562 0.0182073187 3.56343284
268 954 5.47343526 0.0182447842 3.55970149
268 954 5.47335468 0.0182445156 3.55970149
268 954 5.47329197 0.0182443066 3.55970149
268 954 5.47325366 0.0182441789 3.55970149
268 954 5.47323525 0.0182441175 3.55970149
268 954 5.47322473 0.0182440824 3.55970149
268 954 5.47321868 0.0182440623 3.55970149
268 954 5.47321521 0.0182440507 3.55970149
267 946 5.43851496 0.0181283832 3.54307116
267 946 5.43829846 0.0181276615 3.54307116
267 946 5.43834144 0.0181278048 3.54307116
267 946 5.43842804 0.0181280935 3.54307116
267 946 5.43847685 0.0181282562 3.54307116
267 946 5.43851201 0.0181283734 3.54307116
267 946 5.43853634 0.0181284545 3.54307116
267 946 5.43855241 0.018128508 3.54307116
267 946 5.4385628 0.0181285427 3.54307116
267 946 5.43856946 0.0181285649 3.54307116
266 937 5.39981447 0.0179993816 3.52255639
266 937 5.39937365 0.0179979122 3.52255639
266 937 5.39945633 0.0179981878 3.52255639
266 937 5.39948394 0.0179982798 3.52255639
266 937 5.39951608 0.0179983869 3.52255639
266 937 5.39954121 0.0179984707 3.52255639
266 937 5.39955808 0.0179985269 3.52255639
266 937 5.39956888 0.0179985629 3.52255639
266 937 5.39957563 0.0179985854 3.52255639
266 937 5.39957978 0.0179985993 3.52255639
265 928 5.36246505 0.0178748835 3.50188679
265 928 5.36252461 0.017875082 3.50188679
265 928 5.36247651 0.0178749217 3.50188679
265 928 5.36247668 0.0178749223 3.50188679
265 928 5.36247315 0.0178749105 3.50188679
265 928 5.36247368 0.0178749123 3.50188679
265 928 5.3624754 0.017874918 3.50188679
265 928 5.36247699 0.0178749233 3.50188679
265 928 5.36247832 0.0178749277 3.50188679
265 928 5.36247933 0.0178749311 3.50188679
264 925 5.32450103 0.0177483368 3.50378788
264 925 5.3317555 0.0177725183 3.50378788
264 925 5.33174489 0.017772483 3.50378788
264 925 5.33175768 0.0177725256 3.50378788
264 925 5.33176502 0.0177725501 3.50378788
264 925 5.33176969 0.0177725656 3.50378788
264 925 5.33177269 0.0177725756 3.50378788
264 925 5.33177454 0.0177725818 3.50378788
264 925 5.33177569 0.0177725856 3.50378788
264 925 5.33177639 0.017772588 3.50378788
263 916 5.29511875 0.0176503958 3.48288973
263 916 5.29503664 0.0176501221 3.48288973
263 916 5.29509155 0.0176503052 3.48288973
263 916 5.2951282 0.0176504273 3.48288973
263 916 5.29517753 0.0176505918 3.48288973
263 916 5.29521842 0.0176507281 3.48288973
263 916 5.29524883 0.0176508294 3.48288973
263 916 5.29527056 0.0176509019 3.48288973
263 916 5.29528568 0.0176509523 3.48288973
263 916 5.29529606 0.0176509869 3.48288973
262 907 5.25530051 0.0175176684 3.46183206
262 907 5.25509423 0.0175169808 3.46183206
262 907 5.25510543 0.0175170181 3.46183206
262 907 5.25506239 0.0175168746 3.46183206
262 907 5.25504481 0.017516816 3.46183206
262 907 5.25503866 0.0175167955 3.46183206
262 907 5.25503707 0.0175167902 3.46183206
262 907 5.25503723 0.0175167908 3.46183206
262 907 5.25503801 0.0175167934 3.46183206
262 907 5.25503889 0.0175167963 3.46183206
261 897 5.2152119 0.0173840397 3.43678161
261 897 5.21495385 0.0173831795 3.43678161
261 897 5.21508265 0.0173836088 3.43678161
261 897 5.21509816 0.0173836605 3.43678161
261 897 5.21513799 0.0173837933 3.43678161
261 897 5.21517442 0.0173839147 3.43678161
261 897 5.21520643 0.0173840214 3.43678161
261 897 5.21523382 0.0173841127 3.43678161
261 897 5.21525698 0.0173841899 3.43678161
261 897 5.21527631 0.0173842544 3.43678161
260 890 5.17468159 0.0172489386 3.42307692
260 896 5.17996859 0.017266562 3.44615385
260 896 5.17965962 0.0172655321 3.44615385
260 896 5.17945567 0.0172648522 3.44615385
260 896 5.17931345 0.0172643782 3.44615385
260 896 5.17921184 0.0172640395 3.44615385
260 896 5.17913706 0.0172637902 3.44615385
260 896 5.17908182 0.0172636061 3.44615385
260 896 5.17904057 0.0172634686 3.44615385
260 896 5.17900947 0.0172633649 3.44615385
259 886 5.14550234 0.0171516745 3.42084942
259 886 5.1452413 0.0171508043 3.42084942
259 886 5.14538523 0.0171512841 3.42084942
259 886 5.14518986 0.0171506329 3.42084942
259 886 5.1453453 0.017151151 3.42084942
259 886 5.14516594 0.0171505531 3.42084942
259 886 5.14532652 0.0171510884 3.42084942
259 886 5.14515788 0.0171505263 3.42084942
259 886 5.14532009 0.017151067 3.42084942
259 886 5.14515793 0.0171505264 3.42084942
258 882 5.10363144 0.0170121048 3.41860465
258 882 5.1042943 0.0170143143 3.41860465
258 882 5.1041135 0.0170137117 3.41860465
258 882 5.10390314 0.0170130105 3.41860465
258 882 5.10371904 0.0170123968 3.41860465
258 882 5.10352973 0.0170117658 3.41860465
258 882 5.10338172 0.0170112724 3.41860465
258 882 5.10320423 0.0170106808 3.41860465
258 882 5.10301891 0.017010063 3.41860465
258 882 5.10370839 0.0170123613 3.41860465
257 876 5.06250664 0.0168750221 3.40856031
257 877 5.06264335 0.0168754778 3.41245136
257 874 5.06707488 0.0168902496 3.40077821
257 877 5.0683605 0.016894535 3.41245136
257 877 5.06777916 0.0168925972 3.41245136
257 877 5.06833976 0.0168944659 3.41245136
257 877 5.06776547 0.0168925516 3.41245136
257 877 5.06832131 0.0168944044 3.41245136
257 877 5.06775632 0.0168925211 3.41245136
257 877 5.06829975 0.0168943325 3.41245136
256 868 5.03203907 0.0167734636 3.390625
256 868 5.03165714 0.0167721905 3.390625
256 868 5.03159208 0.0167719736 3.390625
256 868 5.03111263 0.0167703754 3.390625
256 868 5.03114976 0.0167704992 3.390625
256 868 5.0309558 0.0167698527 3.390625
256 868 5.03069657 0.0167689886 3.390625
256 868 5.03036126 0.0167678709 3.390625
256 868 5.0299102 0.0167663673 3.390625
256 868 5.02927522 0.0167642507 3.390625
255 862 4.99065332 0.0166355111 3.38039216
255 862 4.9900899 0.016633633 3.38039216
255 862 4.98926597 0.0166308866 3.38039216
255 867 4.99029391 0.016634313 3.4
255 871 4.99504444 0.0166501481 3.41568627
255 872 5.01041534 0.0167013845 3.41960784
255 879 5.01694918 0.0167231639 3.44705882
255 885 5.01630526 0.0167210175 3.47058824
255 885 5.01304831 0.016710161 3.47058824
255 885 5.00870591 0.0166956864 3.47058824
254 875 4.96713479 0.016557116 3.44488189
254 874 4.96890928 0.0165630309 3.44094488
254 870 4.97445755 0.0165815252 3.42519685
254 871 4.97924937 0.0165974979 3.42913386
254 869 4.98923717 0.0166307906 3.42125984
254 869 4.98908481 0.0166302827 3.42125984
254 869 4.98887487 0.0166295829 3.42125984
254 869 4.98870083 0.0166290028 3.42125984
254 869 4.98854782 0.0166284927 3.42125984
254 869 4.98841849 0.0166280616 3.42125984
253 868 4.95555005 0.0165185002 3.43083004
253 868 4.95542576 0.0165180859 3.43083004
253 868 4.95535664 0.0165178555 3.43083004
253 868 4.95529983 0.0165176661 3.43083004
253 868 4.95525026 0.0165175009 3.43083004
253 868 4.95520576 0.0165173525 3.43083004
253 868 4.95516629 0.016517221 3.43083004
253 868 4.9551314 0.0165171047 3.43083004
253 868 4.95510062 0.0165170021 3.43083004
253 868 4.95507347 0.0165169116 3.43083004
252 860 4.91972851 0.016399095 3.41269841
252 860 4.91946208 0.0163982069 3.41269841
252 860 4.91950707 0.0163983569 3.41269841
252 860 4.9194322 0.0163981073 3.41269841
252 860 4.91937716 0.0163979239 3.41269841
252 860 4.91933329 0.0163977776 3.41269841
252 860 4.91927939 0.016397598 3.41269841
252 860 4.91928625 0.0163976208 3.41269841
252 860 4.91929368 0.0163976456 3.41269841
252 860 4.91929852 0.0163976617 3.41269841
251 854 4.88183906 0.0162727969 3.40239044
251 854 4.88191174 0.0162730391 3.40239044
251 854 4.88193349 0.0162731116 3.40239044
251 854 4.88196217 0.0162732072 3.40239044
251 854 4.8819899 0.0162732997 3.40239044
251 854 4.88201761 0.016273392 3.40239044
251 854 4.88204535 0.0162734845 3.40239044
251 854 4.88207317 0.0162735772 3.40239044
251 854 4.88210115 0.0162736705 3.40239044
251 854 4.88213089 0.0162737696 3.40239044
250 851 4.84275318 0.0161425106 3.404
250 849 4.85818857 0.0161939619 3.396
250 851 4.86015974 0.0162005325 3.404
250 851 4.85905157 0.0161968386 3.404
250 851 4.8576917 0.0161923057 3.404
250 851 4.85577017 0.0161859006 3.404
250 851 4.85267339 0.016175578 3.404
250 851 4.84702002 0.0161567334 3.404
250 851 4.83455062 0.0161151687 3.404
250 853 4.80517758 0.0160172586 3.412
249 847 4.74367588 0.0158122529 3.40160643
249 848 0 0 3.40562249
allocating memory...
allocating memory...
allocating memory...
allocating memory...
allocating memory...
allocating memory...
allocating memory...
walksat version 35
command line = test -solcnf -cutoff 100000000 -best -seed 1234567 -numsol 10 ./residualformula_seed4.cnf
seed = 1234567
cutoff = 100000000
tries = 10
heuristic = best, noise 50 / 100
tail starts after flip = 900
numatom = 300, numclause = 848, numliterals = 2459
wff read in

    lowest     final       avg     noise     noise     total                 avg        mean        mean
    #unsat    #unsat     noise   std dev     ratio     flips              length       flips       flips
      this      this      this      this      this      this   success   success       until         std
       try       try       try       try       try       try      rate     tries      assign         dev

         0         0      3.84      1.64      2.34      1310       100      1310     1310.00
         0         0      4.76      2.55      1.87      3298       100      2304     2304.00     1405.73
         0         0      4.62      3.29      1.41      2547       100      2385     2385.00     1003.85
         0         0      5.24      3.17      1.66      3105       100      2565     2565.00      895.22
         0         0      6.38      2.85      2.24      5447       100      3141     3141.40     1504.08
         0         0      5.93      3.25      1.82      5694       100      3566     3566.83     1701.69
         0         0      5.41      3.66      1.48      2657       100      3436     3436.86     1591.03
         0         0      4.17      3.33      1.25      3210       100      3408     3408.50     1475.19
         0         0      7.28      3.22      2.26      3595       100      3429     3429.22     1381.32
         0         0      5.83      3.64      1.60      3721       100      3458     3458.40     1305.58

total elapsed seconds = 0.000000
average flips per second = -9223372036854775808
number solutions found = 10
final success rate = 100.000000
average length successful tries = 3458
mean flips until assign = 3458.400000
  variance = 1704543.600000
  standard deviation = 1305.581709
  standard error of mean = 412.861187
mean seconds until assign = 0.000000
  variance = 0.000000
  standard deviation = 0.000000
  standard error of mean = 0.000000
mean restarts until assign = 1.000000
  variance = 0.000000
  standard deviation = 0.000000
  standard error of mean = 0.000000
final noise level statistics
    statistics over all runs:
      overall mean average noise level = 5.345574
      overall mean noise std deviation = 3.059003
      overall ratio mean noise to mean std dev = 1.747489
    statistics on successful runs:
      successful mean average noise level = 5.345574
      successful mean noise std deviation = 3.059003
      successful ratio mean noise to mean std dev = 1.747489
    statistics on nonsuccessful runs:
      nonsuccessful mean average noise level = 0.000000
      nonsuccessful mean noise std deviation = 0.000000
      nonsuccessful ratio mean noise to mean std dev = 0.000000
ASSIGNMENT FOUND
Check and white a solution
time of whitening    freezing probability
6	 	 	 	1
6	 	 	 	1
1023	 	 	 	0.216666667
6	 	 	 	1
1023	 	 	 	0.216666667
6	 	 	 	1
7	 	 	 	1
9	 	 	 	1
6	 	 	 	1
8	 	 	 	1
