START ALGORITHM:
I am going to build an instance with N: 300 variables and 1200 clauses with a clause density equal to 4
START BSP WITH r=0.9:
Decimation scorer: cert
END UNIT PROPAGATION
300 1200 4.34883019 0.0144961006 4
300 1200 4.34853373 0.0144951124 4
300 1200 4.34868383 0.0144956128 4
300 1200 4.34871431 0.0144957144 4
300 1200 4.34870423 0.0144956808 4
300 1200 4.34869558 0.0144956519 4
300 1200 4.34868421 0.014495614 4
300 1200 4.34868663 0.0144956221 4
300 1200 4.34869389 0.0144956463 4
299 1198 4.34868645 0.0144956215 4.00668896
299 1198 4.34868861 0.0144956287 4.00668896
299 1198 4.34869148 0.0144956383 4.00668896
299 1198 4.34869049 0.014495635 4.00668896
299 1198 4.34868937 0.0144956312 4.00668896
299 1198 4.34868939 0.0144956313 4.00668896
299 1198 4.34868963 0.0144956321 4.00668896
299 1198 4.34868976 0.0144956325 4.00668896
299 1198 4.34868975 0.0144956325 4.00668896
299 1198 4.34868965 0.0144956322 4.00668896
298 1190 4.34868968 0.0144956323 3.99328859
298 1190 4.34872989 0.0144957663 3.99328859
298 1190 4.34877774 0.0144959258 3.99328859
298 1190 4.34878657 0.0144959552 3.99328859
298 1190 4.34878683 0.0144959561 3.99328859
298 1190 4.34878971 0.0144959657 3.99328859
298 1190 4.34878978 0.0144959659 3.99328859
298 1190 4.34878953 0.0144959651 3.99328859
298 1190 4.34878916 0.0144959639 3.99328859
298 1190 4.3487892 0.014495964 3.99328859
297 1185 4.33960177 0.0144653392 3.98989899
297 1185 4.33953787 0.0144651262 3.98989899
297 1185 4.33957368 0.0144652456 3.98989899
297 1185 4.33958172 0.0144652724 3.98989899
297 1185 4.33957879 0.0144652626 3.98989899
297 1185 4.33957953 0.0144652651 3.98989899
297 1185 4.33958055 0.0144652685 3.98989899
297 1185 4.33958005 0.0144652668 3.98989899
297 1185 4.33958034 0.0144652678 3.98989899
297 1185 4.33958051 0.0144652684 3.98989899
296 1180 4.32885681 0.0144295227 3.98648649
296 1180 4.3288032 0.014429344 3.98648649
296 1180 4.32884099 0.01442947 3.98648649
296 1180 4.3288344 0.014429448 3.98648649
296 1180 4.32882814 0.0144294271 3.98648649
296 1180 4.32882962 0.0144294321 3.98648649
296 1180 4.3288306 0.0144294353 3.98648649
296 1180 4.32882977 0.0144294326 3.98648649
296 1180 4.32882969 0.0144294323 3.98648649
296 1180 4.32882967 0.0144294322 3.98648649
295 1168 4.31790878 0.0143930293 3.95932203
295 1168 4.31779516 0.0143926505 3.95932203
295 1168 4.31795863 0.0143931954 3.95932203
295 1168 4.31798717 0.0143932906 3.95932203
295 1168 4.31796931 0.014393231 3.95932203
295 1168 4.31801092 0.0143933697 3.95932203
295 1168 4.3180093 0.0143933643 3.95932203
295 1168 4.31802021 0.0143934007 3.95932203
295 1168 4.3180189 0.0143933963 3.95932203
295 1168 4.31801668 0.0143933889 3.95932203
294 1157 4.30589262 0.0143529754 3.93537415
294 1166 4.30584745 0.0143528248 3.96598639
294 1157 4.30573171 0.014352439 3.93537415
294 1166 4.30583126 0.0143527709 3.96598639
294 1166 4.30579398 0.0143526466 3.96598639
294 1166 4.30573209 0.0143524403 3.96598639
294 1157 4.30573022 0.0143524341 3.93537415
294 1157 4.30570434 0.0143523478 3.93537415
294 1157 4.30570635 0.0143523545 3.93537415
294 1157 4.3056937 0.0143523123 3.93537415
293 1155 4.29361698 0.0143120566 3.94197952
293 1155 4.29392454 0.0143130818 3.94197952
293 1155 4.29385738 0.0143128579 3.94197952
293 1155 4.29395426 0.0143131809 3.94197952
293 1155 4.29397979 0.014313266 3.94197952
293 1155 4.293983 0.0143132767 3.94197952
293 1155 4.29398459 0.014313282 3.94197952
293 1155 4.29398658 0.0143132886 3.94197952
293 1155 4.29398633 0.0143132878 3.94197952
293 1155 4.29398633 0.0143132878 3.94197952
292 1148 4.27999025 0.0142666342 3.93150685
292 1148 4.27966318 0.0142655439 3.93150685
292 1148 4.27969798 0.0142656599 3.93150685
292 1148 4.27978716 0.0142659572 3.93150685
292 1148 4.27960076 0.0142653359 3.93150685
292 1148 4.2796646 0.0142655487 3.93150685
292 1148 4.27984426 0.0142661475 3.93150685
292 1148 4.27970598 0.0142656866 3.93150685
292 1148 4.27979128 0.0142659709 3.93150685
292 1148 4.27970222 0.0142656741 3.93150685
291 1138 4.26434867 0.0142144956 3.91065292
291 1138 4.26398231 0.0142132744 3.91065292
291 1138 4.26435911 0.0142145304 3.91065292
291 1138 4.26447031 0.014214901 3.91065292
291 1138 4.26451797 0.0142150599 3.91065292
291 1138 4.26449938 0.0142149979 3.91065292
291 1138 4.26450038 0.0142150013 3.91065292
291 1138 4.26446383 0.0142148794 3.91065292
291 1138 4.26446798 0.0142148933 3.91065292
291 1138 4.26448798 0.0142149599 3.91065292
290 1128 4.24959186 0.0141653062 3.88965517
290 1128 4.24952748 0.0141650916 3.88965517
290 1128 4.24956719 0.014165224 3.88965517
290 1128 4.2495653 0.0141652177 3.88965517
290 1128 4.24954582 0.0141651527 3.88965517
290 1128 4.24954949 0.014165165 3.88965517
290 1128 4.24955199 0.0141651733 3.88965517
290 1128 4.24955172 0.0141651724 3.88965517
290 1128 4.24955154 0.0141651718 3.88965517
290 1128 4.24955195 0.0141651732 3.88965517
289 1121 4.23415594 0.0141138531 3.87889273
289 1121 4.23401052 0.0141133684 3.87889273
289 1121 4.23425642 0.0141141881 3.87889273
289 1121 4.23404422 0.0141134807 3.87889273
289 1121 4.23415533 0.0141138511 3.87889273
289 1121 4.23426292 0.0141142097 3.87889273
289 1121 4.23404045 0.0141134682 3.87889273
289 1121 4.23415855 0.0141138618 3.87889273
289 1121 4.23426121 0.014114204 3.87889273
289 1121 4.23404001 0.0141134667 3.87889273
288 1112 4.21644596 0.0140548199 3.86111111
288 1112 4.21618475 0.0140539492 3.86111111
288 1112 4.21637957 0.0140545986 3.86111111
288 1112 4.21652644 0.0140550881 3.86111111
288 1112 4.21635037 0.0140545012 3.86111111
288 1112 4.21627237 0.0140542412 3.86111111
288 1112 4.21619297 0.0140539766 3.86111111
288 1112 4.21616947 0.0140538982 3.86111111
288 1112 4.21617338 0.0140539113 3.86111111
288 1112 4.21617087 0.0140539029 3.86111111
287 1104 4.19594901 0.0139864967 3.8466899
287 1104 4.19133043 0.0139711014 3.8466899
287 1100 4.20092194 0.0140030731 3.83275261
287 1099 4.20056935 0.0140018978 3.82926829
287 1101 4.1984359 0.0139947863 3.83623693
287 1102 4.20225415 0.0140075138 3.83972125
287 1099 4.20493336 0.0140164445 3.82926829
287 1099 4.20500585 0.0140166862 3.82926829
287 1099 4.20501641 0.0140167214 3.82926829
287 1099 4.20504691 0.014016823 3.82926829
286 1092 4.19106943 0.0139702314 3.81818182
286 1092 4.19058765 0.0139686255 3.81818182
286 1092 4.19086619 0.013969554 3.81818182
286 1092 4.19066903 0.0139688968 3.81818182
286 1092 4.19077435 0.0139692478 3.81818182
286 1092 4.19087654 0.0139695885 3.81818182
286 1092 4.19066465 0.0139688822 3.81818182
286 1092 4.19077511 0.0139692504 3.81818182
286 1092 4.19087445 0.0139695815 3.81818182
286 1092 4.19066429 0.013968881 3.81818182
285 1083 4.17348735 0.0139116245 3.8
285 1083 4.17336319 0.0139112106 3.8
285 1083 4.17343824 0.0139114608 3.8
285 1083 4.17343971 0.0139114657 3.8
285 1083 4.17344558 0.0139114853 3.8
285 1083 4.17345135 0.0139115045 3.8
285 1083 4.17345119 0.013911504 3.8
285 1083 4.17345209 0.013911507 3.8
285 1083 4.17345199 0.0139115066 3.8
285 1083 4.17345205 0.0139115068 3.8
284 1077 4.15025073 0.0138341691 3.79225352
284 1077 4.1483913 0.013827971 3.79225352
284 1073 4.13474932 0.0137824977 3.77816901
284 1076 4.15185289 0.0138395096 3.78873239
284 1077 4.1543022 0.013847674 3.79225352
284 1077 4.15438659 0.0138479553 3.79225352
284 1077 4.15444716 0.0138481572 3.79225352
284 1077 4.1545088 0.0138483627 3.79225352
284 1077 4.1545046 0.0138483487 3.79225352
284 1077 4.15450457 0.0138483486 3.79225352
283 1070 4.13971786 0.0137990595 3.78091873
283 1070 4.13918129 0.013797271 3.78091873
283 1070 4.13944876 0.0137981625 3.78091873
283 1070 4.13928999 0.0137976333 3.78091873
283 1070 4.13935968 0.0137978656 3.78091873
283 1070 4.13946016 0.0137982005 3.78091873
283 1070 4.13928427 0.0137976142 3.78091873
283 1070 4.13936073 0.0137978691 3.78091873
283 1070 4.13945842 0.0137981947 3.78091873
283 1070 4.13928395 0.0137976132 3.78091873
282 1061 4.12303817 0.0137434606 3.76241135
282 1061 4.1229057 0.013743019 3.76241135
282 1061 4.12295658 0.0137431886 3.76241135
282 1061 4.12297914 0.0137432638 3.76241135
282 1061 4.12300757 0.0137433586 3.76241135
282 1061 4.12301771 0.0137433924 3.76241135
282 1061 4.12301991 0.0137433997 3.76241135
282 1061 4.12302107 0.0137434036 3.76241135
282 1061 4.1230211 0.0137434037 3.76241135
282 1061 4.12302108 0.0137434036 3.76241135
281 1054 4.1052286 0.0136840953 3.75088968
281 1054 4.10508554 0.0136836185 3.75088968
281 1054 4.10511358 0.0136837119 3.75088968
281 1054 4.10512362 0.0136837454 3.75088968
281 1054 4.10513236 0.0136837745 3.75088968
281 1054 4.10513327 0.0136837776 3.75088968
281 1054 4.10513301 0.0136837767 3.75088968
281 1054 4.10513287 0.0136837762 3.75088968
281 1054 4.10513285 0.0136837762 3.75088968
281 1054 4.10513285 0.0136837762 3.75088968
280 1046 4.08145678 0.0136048559 3.73571429
280 1053 4.0802189 0.0136007297 3.76071429
280 1046 4.08153329 0.013605111 3.73571429
280 1046 4.08141174 0.0136047058 3.73571429
280 1046 4.08144299 0.01360481 3.73571429
280 1046 4.08144413 0.0136048138 3.73571429
280 1046 4.08143769 0.0136047923 3.73571429
280 1046 4.08143813 0.0136047938 3.73571429
280 1046 4.08143857 0.0136047952 3.73571429
280 1046 4.08143855 0.0136047952 3.73571429
279 1045 4.05806849 0.013526895 3.74551971
279 1041 4.0577696 0.0135258987 3.7311828
279 1045 4.05817975 0.0135272658 3.74551971
279 1045 4.0581939 0.013527313 3.74551971
279 1045 4.05819891 0.0135273297 3.74551971
279 1045 4.0581837 0.013527279 3.74551971
279 1045 4.05820211 0.0135273404 3.74551971
279 1045 4.05820122 0.0135273374 3.74551971
279 1045 4.05819961 0.013527332 3.74551971
279 1045 4.05820195 0.0135273398 3.74551971
278 1040 4.03710439 0.0134570146 3.74100719
278 1040 4.03686687 0.0134562229 3.74100719
278 1040 4.03696045 0.0134565348 3.74100719
278 1040 4.0369619 0.0134565397 3.74100719
278 1040 4.03695546 0.0134565182 3.74100719
278 1040 4.03695664 0.0134565221 3.74100719
278 1040 4.03695537 0.0134565179 3.74100719
278 1040 4.03695621 0.0134565207 3.74100719
278 1040 4.03695584 0.0134565195 3.74100719
278 1040 4.03695591 0.0134565197 3.74100719
277 1037 4.01298131 0.0133766044 3.74368231
277 1037 4.01292883 0.0133764294 3.74368231
277 1037 4.01298353 0.0133766118 3.74368231
277 1037 4.01296155 0.0133765385 3.74368231
277 1037 4.01297609 0.013376587 3.74368231
277 1037 4.01297491 0.013376583 3.74368231
277 1037 4.01297543 0.0133765848 3.74368231
277 1037 4.01297655 0.0133765885 3.74368231
277 1037 4.012976 0.0133765867 3.74368231
277 1037 4.01297626 0.0133765875 3.74368231
276 1030 3.98807138 0.0132935713 3.73188406
276 1033 3.98532035 0.0132844012 3.74275362
276 1029 3.9914295 0.013304765 3.72826087
276 1027 3.99285788 0.0133095263 3.72101449
276 1032 3.9958602 0.013319534 3.73913043
276 1036 3.99179516 0.0133059839 3.75362319
276 1030 4.00490275 0.0133496758 3.73188406
276 1028 4.01081775 0.0133693925 3.72463768
276 1028 4.01062037 0.0133687346 3.72463768
276 1028 4.01068691 0.0133689564 3.72463768
275 1021 3.99263065 0.0133087688 3.71272727
275 1021 3.99253991 0.0133084664 3.71272727
275 1021 3.99252568 0.0133084189 3.71272727
275 1021 3.99252649 0.0133084216 3.71272727
275 1021 3.99252584 0.0133084195 3.71272727
275 1021 3.99252701 0.0133084234 3.71272727
275 1021 3.99252707 0.0133084236 3.71272727
275 1021 3.9925271 0.0133084237 3.71272727
275 1021 3.99252709 0.0133084236 3.71272727
275 1021 3.99252708 0.0133084236 3.71272727
274 1013 3.97042954 0.0132347651 3.69708029
274 1013 3.97047857 0.0132349286 3.69708029
274 1013 3.97047861 0.0132349287 3.69708029
274 1013 3.97046417 0.0132348806 3.69708029
274 1020 3.96861634 0.0132287211 3.72262774
274 1013 3.97054533 0.0132351511 3.69708029
274 1013 3.97040748 0.0132346916 3.69708029
274 1013 3.9704412 0.013234804 3.69708029
274 1013 3.97044036 0.0132348012 3.69708029
274 1013 3.97043386 0.0132347795 3.69708029
273 1012 3.94789629 0.0131596543 3.70695971
273 1008 3.94762901 0.0131587634 3.69230769
273 1012 3.94800525 0.0131600175 3.70695971
273 1012 3.94804113 0.0131601371 3.70695971
273 1012 3.94805099 0.01316017 3.70695971
273 1012 3.94805347 0.0131601782 3.70695971
273 1012 3.94807292 0.0131602431 3.70695971
273 1012 3.94807161 0.0131602387 3.70695971
273 1012 3.94807052 0.0131602351 3.70695971
273 1012 3.94807259 0.013160242 3.70695971
272 1007 3.92758661 0.0130919554 3.70220588
272 1007 3.92741127 0.0130913709 3.70220588
272 1007 3.92749168 0.0130916389 3.70220588
272 1007 3.92743416 0.0130914472 3.70220588
272 1007 3.92743241 0.0130914414 3.70220588
272 1007 3.92743154 0.0130914385 3.70220588
272 1007 3.92742877 0.0130914292 3.70220588
272 1007 3.92742938 0.0130914313 3.70220588
272 1007 3.92742881 0.0130914294 3.70220588
272 1007 3.92742897 0.0130914299 3.70220588
271 1004 3.90387953 0.0130129318 3.70479705
271 1000 3.90297323 0.0130099108 3.6900369
271 1004 3.90398924 0.0130132975 3.70479705
271 1004 3.90400655 0.0130133552 3.70479705
271 1004 3.90395415 0.0130131805 3.70479705
271 1004 3.90395938 0.0130131979 3.70479705
271 1004 3.90395871 0.0130131957 3.70479705
271 1004 3.90396033 0.0130132011 3.70479705
271 1004 3.90396026 0.0130132009 3.70479705
271 1004 3.90395979 0.0130131993 3.70479705
270 997 3.88132293 0.0129377431 3.69259259
270 997 3.88127274 0.0129375758 3.69259259
270 997 3.88121765 0.0129373922 3.69259259
270 997 3.88136645 0.0129378882 3.69259259
270 997 3.88121359 0.0129373786 3.69259259
270 997 3.88137582 0.0129379194 3.69259259
270 997 3.88121202 0.0129373734 3.69259259
270 997 3.88137834 0.0129379278 3.69259259
270 997 3.8812126 0.0129373753 3.69259259
270 997 3.88137862 0.0129379287 3.69259259
269 992 3.85655818 0.0128551939 3.68773234
269 986 3.85447548 0.0128482516 3.66542751
269 992 3.85682189 0.012856073 3.68773234
269 992 3.85638023 0.0128546008 3.68773234
269 992 3.85625467 0.0128541822 3.68773234
269 992 3.8563629 0.012854543 3.68773234
269 992 3.8563774 0.0128545913 3.68773234
269 992 3.85635061 0.012854502 3.68773234
269 992 3.85635647 0.0128545216 3.68773234
269 992 3.8563639 0.0128545463 3.68773234
268 981 3.8316594 0.012772198 3.66044776
268 981 3.83184756 0.0127728252 3.66044776
268 981 3.83182634 0.0127727545 3.66044776
268 981 3.83185129 0.0127728376 3.66044776
268 981 3.83185853 0.0127728618 3.66044776
268 981 3.83185088 0.0127728363 3.66044776
268 981 3.83185414 0.0127728471 3.66044776
268 981 3.83185266 0.0127728422 3.66044776
268 981 3.83185315 0.0127728438 3.66044776
268 981 3.83185308 0.0127728436 3.66044776
267 974 3.80720739 0.0126906913 3.64794007
267 974 3.80639484 0.0126879828 3.64794007
267 974 3.80722768 0.0126907589 3.64794007
267 974 3.80726075 0.0126908692 3.64794007
267 974 3.80709592 0.0126903197 3.64794007
267 974 3.80705943 0.0126901981 3.64794007
267 974 3.8071691 0.0126905637 3.64794007
267 974 3.80718542 0.0126906181 3.64794007
267 974 3.80718018 0.0126906006 3.64794007
267 974 3.8071729 0.0126905763 3.64794007
266 967 3.78191664 0.0126063888 3.63533835
266 967 3.78181442 0.0126060481 3.63533835
266 967 3.78182337 0.0126060779 3.63533835
266 967 3.78185107 0.0126061702 3.63533835
266 967 3.7818445 0.0126061483 3.63533835
266 967 3.7818435 0.012606145 3.63533835
266 967 3.78184286 0.0126061429 3.63533835
266 967 3.78184301 0.0126061434 3.63533835
266 967 3.78184302 0.0126061434 3.63533835
266 967 3.78184303 0.0126061434 3.63533835
265 961 3.75564564 0.0125188188 3.62641509
265 961 3.75569797 0.0125189932 3.62641509
265 961 3.75578624 0.0125192875 3.62641509
265 961 3.75572726 0.0125190909 3.62641509
265 961 3.75572584 0.0125190861 3.62641509
265 961 3.75574384 0.0125191461 3.62641509
265 961 3.75574272 0.0125191424 3.62641509
265 961 3.75574319 0.012519144 3.62641509
265 961 3.75574386 0.0125191462 3.62641509
265 961 3.75574381 0.012519146 3.62641509
264 952 3.72579604 0.0124193201 3.60606061
264 952 3.7260531 0.012420177 3.60606061
264 953 3.72432708 0.0124144236 3.60984848
263 947 3.69539052 0.0123179684 3.60076046
263 946 3.682218 0.01227406 3.59695817
263 946 3.70193931 0.0123397977 3.59695817
263 947 3.70475256 0.0123491752 3.60076046
263 947 3.70419507 0.0123473169 3.60076046
263 947 3.70422978 0.0123474326 3.60076046
263 947 3.70418069 0.012347269 3.60076046
262 940 3.6791271 0.012263757 3.58778626
262 940 3.67951987 0.0122650662 3.58778626
262 940 3.67955502 0.0122651834 3.58778626
262 940 3.67957005 0.0122652335 3.58778626
262 940 3.67963334 0.0122654445 3.58778626
262 940 3.67954167 0.0122651389 3.58778626
262 940 3.67959914 0.0122653305 3.58778626
262 940 3.67951155 0.0122650385 3.58778626
262 940 3.67959122 0.0122653041 3.58778626
262 940 3.67963005 0.0122654335 3.58778626
261 933 3.65191998 0.0121730666 3.57471264
261 933 3.65193823 0.0121731274 3.57471264
261 933 3.65189159 0.012172972 3.57471264
261 933 3.65182343 0.0121727448 3.57471264
261 933 3.65186369 0.012172879 3.57471264
261 933 3.65186174 0.0121728725 3.57471264
261 933 3.6518627 0.0121728757 3.57471264
261 933 3.6518636 0.0121728787 3.57471264
261 933 3.65186363 0.0121728788 3.57471264
261 933 3.65186356 0.0121728785 3.57471264
260 924 3.62334944 0.0120778315 3.55384615
260 924 3.62310221 0.0120770074 3.55384615
260 930 3.62208029 0.012073601 3.57692308
260 930 3.62210782 0.0120736927 3.57692308
260 928 3.61402758 0.0120467586 3.56923077
260 924 3.62337736 0.0120779245 3.55384615
260 924 3.62282641 0.012076088 3.55384615
260 924 3.62296784 0.0120765595 3.55384615
260 924 3.62291202 0.0120763734 3.55384615
260 924 3.62293135 0.0120764378 3.55384615
259 921 3.5946639 0.011982213 3.55598456
259 915 3.59405721 0.0119801907 3.53281853
259 921 3.5949303 0.011983101 3.55598456
259 921 3.59513452 0.0119837817 3.55598456
259 921 3.59492363 0.0119830788 3.55598456
259 921 3.59524478 0.0119841493 3.55598456
259 921 3.59493569 0.011983119 3.55598456
259 921 3.59504627 0.0119834876 3.55598456
259 921 3.59493643 0.0119831214 3.55598456
259 921 3.59523268 0.0119841089 3.55598456
258 912 3.56791502 0.0118930501 3.53488372
258 916 3.56604648 0.0118868216 3.5503876
258 914 3.5664202 0.0118880673 3.54263566
258 914 3.5664759 0.011888253 3.54263566
258 914 3.56639893 0.0118879964 3.54263566
258 914 3.56638129 0.0118879376 3.54263566
258 914 3.56638555 0.0118879518 3.54263566
258 914 3.5663881 0.0118879603 3.54263566
258 914 3.56638621 0.011887954 3.54263566
258 914 3.56638692 0.0118879564 3.54263566
257 909 3.53875195 0.0117958398 3.53696498
257 905 3.539623 0.0117987433 3.52140078
257 909 3.53883527 0.0117961176 3.53696498
257 909 3.53889094 0.0117963031 3.53696498
257 909 3.53885511 0.0117961837 3.53696498
257 909 3.53883257 0.0117961086 3.53696498
257 909 3.53883014 0.0117961005 3.53696498
257 909 3.53882976 0.0117960992 3.53696498
257 909 3.53882964 0.0117960988 3.53696498
257 909 3.53882962 0.0117960987 3.53696498
256 900 3.51277837 0.0117092612 3.515625
256 900 3.51250091 0.0117083364 3.515625
256 900 3.51265712 0.0117088571 3.515625
256 900 3.51266439 0.0117088813 3.515625
256 900 3.51267171 0.0117089057 3.515625
256 900 3.5126681 0.0117088937 3.515625
256 900 3.51267111 0.0117089037 3.515625
256 900 3.51267057 0.0117089019 3.515625
256 900 3.51267042 0.0117089014 3.515625
256 900 3.51267053 0.0117089018 3.515625
255 894 3.48351858 0.0116117286 3.50588235
255 894 3.48378135 0.0116126045 3.50588235
255 894 3.48379746 0.0116126582 3.50588235
255 894 3.48380497 0.0116126832 3.50588235
255 894 3.48380336 0.0116126779 3.50588235
255 894 3.48380158 0.0116126719 3.50588235
255 894 3.48380301 0.0116126767 3.50588235
255 894 3.48380288 0.0116126763 3.50588235
255 894 3.48380301 0.0116126767 3.50588235
255 894 3.48380291 0.0116126764 3.50588235
254 889 3.45341852 0.0115113951 3.5
254 888 3.44831824 0.0114943941 3.49606299
254 889 3.45650569 0.0115216856 3.5
254 889 3.4563185 0.0115210617 3.5
254 889 3.4563173 0.0115210577 3.5
254 889 3.45630726 0.0115210242 3.5
254 889 3.45630695 0.0115210232 3.5
254 889 3.45630799 0.0115210266 3.5
254 889 3.45630769 0.0115210256 3.5
254 889 3.45630816 0.0115210272 3.5
253 883 3.42816121 0.011427204 3.49011858
253 883 3.42834442 0.0114278147 3.49011858
253 883 3.42839659 0.0114279886 3.49011858
253 883 3.42841468 0.0114280489 3.49011858
253 883 3.42841428 0.0114280476 3.49011858
253 883 3.42841085 0.0114280362 3.49011858
253 883 3.42841099 0.0114280366 3.49011858
253 883 3.42841093 0.0114280364 3.49011858
253 883 3.42841105 0.0114280368 3.49011858
253 883 3.42841103 0.0114280368 3.49011858
252 871 3.39780955 0.0113260318 3.45634921
252 871 3.39785284 0.0113261761 3.45634921
252 871 3.39777349 0.0113259116 3.45634921
252 871 3.39781074 0.0113260358 3.45634921
252 871 3.39781924 0.0113260641 3.45634921
252 871 3.39782068 0.0113260689 3.45634921
252 871 3.39781997 0.0113260666 3.45634921
252 871 3.39781988 0.0113260663 3.45634921
252 871 3.39781986 0.0113260662 3.45634921
252 871 3.39781988 0.0113260663 3.45634921
251 861 3.36917434 0.0112305811 3.43027888
251 861 3.36920038 0.0112306679 3.43027888
251 861 3.36882249 0.0112294083 3.43027888
251 861 3.36934082 0.0112311361 3.43027888
251 861 3.36916452 0.0112305484 3.43027888
251 861 3.36915837 0.0112305279 3.43027888
251 861 3.36918654 0.0112306218 3.43027888
251 861 3.36917611 0.011230587 3.43027888
251 861 3.36917557 0.0112305852 3.43027888
251 861 3.36917663 0.0112305888 3.43027888
250 853 3.3361365 0.011120455 3.412
250 853 3.33637031 0.0111212344 3.412
250 853 3.33616857 0.0111205619 3.412
250 853 3.33647124 0.0111215708 3.412
250 853 3.33627741 0.0111209247 3.412
250 853 3.33630944 0.0111210315 3.412
250 853 3.33632314 0.0111210771 3.412
250 853 3.33632147 0.0111210716 3.412
250 853 3.33632766 0.0111210922 3.412
250 853 3.33632574 0.0111210858 3.412
249 845 3.30392345 0.0110130782 3.3935743
249 845 3.30362764 0.0110120921 3.3935743
249 845 3.30368624 0.0110122875 3.3935743
249 845 3.30372901 0.01101243 3.3935743
249 845 3.30344271 0.0110114757 3.3935743
249 845 3.30367891 0.011012263 3.3935743
249 845 3.30369951 0.0110123317 3.3935743
249 845 3.30344108 0.0110114703 3.3935743
249 845 3.30367978 0.0110122659 3.3935743
249 845 3.30369916 0.0110123305 3.3935743
248 838 3.26947739 0.010898258 3.37903226
248 838 3.26950784 0.0108983595 3.37903226
248 838 3.26940912 0.0108980304 3.37903226
248 838 3.26940106 0.0108980035 3.37903226
248 833 3.26548868 0.0108849623 3.35887097
248 841 3.26092875 0.0108697625 3.39112903
248 839 3.274503 0.01091501 3.38306452
248 835 3.28818249 0.0109606083 3.36693548
248 838 3.29034063 0.0109678021 3.37903226
248 838 3.29033096 0.0109677699 3.37903226
247 830 3.25990995 0.0108663665 3.36032389
247 830 3.25990131 0.0108663377 3.36032389
247 830 3.25941631 0.010864721 3.36032389
247 830 3.25973086 0.0108657695 3.36032389
247 830 3.25974334 0.0108658111 3.36032389
247 830 3.25981562 0.0108660521 3.36032389
247 830 3.25963005 0.0108654335 3.36032389
247 830 3.25989577 0.0108663192 3.36032389
247 830 3.25963613 0.0108654538 3.36032389
247 830 3.25988838 0.0108662946 3.36032389
246 827 3.22932914 0.0107644305 3.36178862
246 827 3.22914579 0.0107638193 3.36178862
246 827 3.22934311 0.010764477 3.36178862
246 827 3.22939678 0.0107646559 3.36178862
246 827 3.22930305 0.0107643435 3.36178862
246 827 3.22922938 0.0107640979 3.36178862
246 827 3.2293288 0.0107644293 3.36178862
246 827 3.22942867 0.0107647622 3.36178862
246 827 3.22945132 0.0107648377 3.36178862
246 827 3.22929861 0.0107643287 3.36178862
245 823 3.19638603 0.0106546201 3.35918367
245 819 3.19664868 0.0106554956 3.34285714
245 819 3.19656197 0.0106552066 3.34285714
245 818 3.19507349 0.010650245 3.33877551
245 822 3.18957842 0.0106319281 3.35510204
245 826 3.19774026 0.0106591342 3.37142857
245 826 3.19780915 0.0106593638 3.37142857
245 826 3.19782163 0.0106594054 3.37142857
245 826 3.19772826 0.0106590942 3.37142857
245 826 3.19781206 0.0106593735 3.37142857
244 819 3.16552586 0.0105517529 3.35655738
244 820 3.16364103 0.0105454701 3.36065574
244 821 3.16815098 0.0105605033 3.3647541
244 817 3.13867081 0.010462236 3.34836066
244 816 3.16805439 0.0105601813 3.3442623
244 816 3.1683226 0.0105610753 3.3442623
244 821 3.16160233 0.0105386744 3.3647541
244 816 3.16801517 0.0105600506 3.3442623
244 821 3.16810444 0.0105603481 3.3647541
244 821 3.16808765 0.0105602922 3.3647541
243 813 3.1387836 0.010462612 3.34567901
243 813 3.13855697 0.0104618566 3.34567901
243 813 3.13876481 0.0104625494 3.34567901
243 813 3.13876007 0.0104625336 3.34567901
243 813 3.1387429 0.0104624763 3.34567901
243 813 3.13874096 0.0104624699 3.34567901
243 813 3.1387416 0.010462472 3.34567901
243 813 3.13874196 0.0104624732 3.34567901
243 813 3.13874205 0.0104624735 3.34567901
243 813 3.13874204 0.0104624735 3.34567901
242 802 3.10627384 0.0103542461 3.31404959
242 802 3.10591576 0.0103530525 3.31404959
242 802 3.10625248 0.0103541749 3.31404959
242 802 3.10624495 0.0103541498 3.31404959
242 802 3.10623702 0.0103541234 3.31404959
242 802 3.10623756 0.0103541252 3.31404959
242 802 3.10623833 0.0103541278 3.31404959
242 802 3.10623815 0.0103541272 3.31404959
242 802 3.10623823 0.0103541274 3.31404959
242 802 3.10623825 0.0103541275 3.31404959
241 792 3.07595507 0.0102531836 3.28630705
241 798 3.07058556 0.0102352852 3.31120332
241 799 3.05137491 0.0101712497 3.3153527
241 806 3.08092924 0.0102697641 3.34439834
241 806 3.08106055 0.0102702018 3.34439834
241 806 3.08105661 0.0102701887 3.34439834
241 806 3.08110446 0.0102703482 3.34439834
241 806 3.08120791 0.010270693 3.34439834
241 806 3.08118525 0.0102706175 3.34439834
241 806 3.08103358 0.0102701119 3.34439834
240 795 3.04886044 0.0101628681 3.3125
240 796 3.05212114 0.0101737371 3.31666667
240 796 3.05252306 0.0101750769 3.31666667
240 796 3.05254771 0.010175159 3.31666667
240 796 3.05251048 0.0101750349 3.31666667
240 796 3.05250422 0.0101750141 3.31666667
240 796 3.05250379 0.0101750126 3.31666667
240 796 3.05250453 0.0101750151 3.31666667
240 796 3.05250474 0.0101750158 3.31666667
240 796 3.05250473 0.0101750158 3.31666667
239 785 3.02060541 0.0100686847 3.28451883
239 785 3.02049173 0.0100683058 3.28451883
239 785 3.02039541 0.0100679847 3.28451883
239 785 3.02044131 0.0100681377 3.28451883
239 785 3.02045349 0.0100681783 3.28451883
239 785 3.02045307 0.0100681769 3.28451883
239 785 3.02045248 0.0100681749 3.28451883
239 785 3.02045203 0.0100681734 3.28451883
239 785 3.02045202 0.0100681734 3.28451883
239 785 3.02045205 0.0100681735 3.28451883
238 782 2.98615668 0.00995385559 3.28571429
238 780 2.9641947 0.009880649 3.27731092
238 788 2.98695394 0.00995651312 3.31092437
238 788 2.98709636 0.00995698786 3.31092437
238 788 2.98702068 0.00995673561 3.31092437
238 788 2.98704278 0.00995680926 3.31092437
238 788 2.98701994 0.00995673312 3.31092437
238 788 2.98705048 0.00995683493 3.31092437
238 788 2.98701788 0.00995672628 3.31092437
238 788 2.98704939 0.0099568313 3.31092437
237 777 2.95365619 0.00984552063 3.27848101
237 777 2.95405606 0.00984685355 3.27848101
237 777 2.95401219 0.00984670729 3.27848101
237 777 2.95391257 0.00984637523 3.27848101
237 777 2.95390762 0.00984635872 3.27848101
237 777 2.95391255 0.00984637517 3.27848101
237 777 2.95391556 0.0098463852 3.27848101
237 777 2.95391536 0.00984638454 3.27848101
237 777 2.95391509 0.00984638364 3.27848101
237 777 2.95391503 0.00984638342 3.27848101
236 772 2.92010844 0.00973369481 3.27118644
236 769 2.9187082 0.00972902733 3.25847458
236 772 2.91996993 0.00973323312 3.27118644
236 772 2.92083692 0.00973612308 3.27118644
236 772 2.92109432 0.00973698107 3.27118644
236 772 2.92124643 0.00973748811 3.27118644
236 772 2.9213157 0.00973771901 3.27118644
236 772 2.91923465 0.00973078216 3.27118644
236 769 2.91876733 0.00972922444 3.25847458
236 769 2.91916069 0.00973053564 3.25847458
235 764 2.88685676 0.00962285588 3.25106383
235 764 2.88676442 0.00962254807 3.25106383
235 764 2.8867267 0.00962242234 3.25106383
235 764 2.88675076 0.00962250253 3.25106383
235 764 2.88675205 0.00962250683 3.25106383
235 764 2.88674942 0.00962249806 3.25106383
235 764 2.88674914 0.00962249714 3.25106383
235 764 2.88674913 0.00962249712 3.25106383
235 764 2.88674925 0.00962249751 3.25106383
235 764 2.88674924 0.00962249748 3.25106383
234 757 2.85204717 0.00950682391 3.23504274
234 757 2.85223938 0.00950746459 3.23504274
234 757 2.85217371 0.00950724571 3.23504274
234 757 2.85193996 0.00950646653 3.23504274
234 757 2.85227241 0.0095075747 3.23504274
234 757 2.8521596 0.00950719865 3.23504274
234 757 2.85194152 0.00950647173 3.23504274
234 757 2.85227577 0.00950758589 3.23504274
234 757 2.85215869 0.00950719565 3.23504274
234 757 2.85194147 0.00950647157 3.23504274
233 751 2.81692288 0.00938974292 3.22317597
233 751 2.81682734 0.00938942447 3.22317597
233 751 2.81679346 0.00938931154 3.22317597
233 751 2.81678535 0.00938928451 3.22317597
233 751 2.81678325 0.00938927749 3.22317597
233 751 2.8167835 0.00938927832 3.22317597
233 751 2.81678321 0.00938927736 3.22317597
233 751 2.81678325 0.00938927749 3.22317597
233 751 2.81678324 0.00938927745 3.22317597
233 751 2.81678323 0.00938927743 3.22317597
232 744 2.78076635 0.00926922117 3.20689655
232 744 2.78077786 0.00926925952 3.20689655
232 744 2.78134967 0.00927116556 3.20689655
232 744 2.78096523 0.00926988409 3.20689655
232 744 2.7808642 0.00926954734 3.20689655
232 744 2.78118426 0.0092706142 3.20689655
232 744 2.78098326 0.00926994419 3.20689655
232 744 2.78074336 0.00926914452 3.20689655
232 744 2.78073062 0.00926910208 3.20689655
232 744 2.78074392 0.00926914641 3.20689655
231 740 2.74008874 0.00913362913 3.2034632
231 739 2.74059619 0.00913532062 3.1991342
231 740 2.7412299 0.009137433 3.2034632
231 740 2.74088797 0.00913629325 3.2034632
231 740 2.74091408 0.00913638028 3.2034632
231 740 2.74090119 0.0091363373 3.2034632
231 740 2.74089339 0.00913631129 3.2034632
231 740 2.74089606 0.00913632021 3.2034632
231 740 2.74089558 0.00913631861 3.2034632
231 740 2.74089594 0.0091363198 3.2034632
230 735 2.70128926 0.00900429752 3.19565217
230 736 2.69903839 0.00899679462 3.2
229 730 2.67057151 0.00890190505 3.18777293
229 729 2.67315023 0.00891050075 3.18340611
229 729 2.66704815 0.00889016051 3.18340611
229 728 2.6699579 0.00889985965 3.1790393
229 728 2.65652153 0.00885507178 3.1790393
229 727 2.67087674 0.00890292246 3.17467249
229 727 2.67042931 0.00890143102 3.17467249
229 729 2.67311116 0.00891037055 3.18340611
228 722 2.63698611 0.0087899537 3.16666667
228 722 2.63675777 0.00878919256 3.16666667
228 722 2.63673797 0.00878912657 3.16666667
228 722 2.63662699 0.00878875664 3.16666667
228 722 2.63663832 0.0087887944 3.16666667
228 722 2.63664292 0.00878880974 3.16666667
228 722 2.63664383 0.00878881278 3.16666667
228 722 2.6366435 0.00878881166 3.16666667
228 722 2.63664335 0.00878881117 3.16666667
228 722 2.63664336 0.00878881121 3.16666667
227 718 2.59960755 0.00866535849 3.16299559
227 713 2.59588913 0.00865296378 3.14096916
227 715 2.59558714 0.00865195714 3.14977974
227 720 2.58037224 0.00860124081 3.17180617
227 716 2.5966984 0.00865566133 3.15418502
227 714 2.59541179 0.00865137263 3.14537445
227 715 2.59179535 0.00863931784 3.14977974
227 716 2.59531658 0.00865105528 3.15418502
227 714 2.56469535 0.00854898448 3.14537445
227 716 2.59539378 0.00865131261 3.15418502
226 711 2.56367065 0.00854556882 3.1460177
226 712 2.5517423 0.00850580766 3.15044248
226 709 2.56346639 0.00854488796 3.13716814
226 709 2.56348451 0.00854494836 3.13716814
226 709 2.56346952 0.00854489839 3.13716814
226 709 2.56346972 0.00854489908 3.13716814
226 709 2.56346995 0.00854489983 3.13716814
226 709 2.56346981 0.00854489936 3.13716814
226 709 2.5634695 0.00854489833 3.13716814
226 709 2.56346926 0.00854489754 3.13716814
225 704 2.53123384 0.00843744614 3.12888889
225 704 2.53133164 0.00843777214 3.12888889
225 704 2.53088209 0.00843627362 3.12888889
225 704 2.53104636 0.00843682122 3.12888889
225 704 2.53103982 0.00843679938 3.12888889
225 704 2.53103861 0.00843679538 3.12888889
225 704 2.53103308 0.00843677695 3.12888889
225 704 2.53103437 0.00843678124 3.12888889
225 704 2.53103367 0.0084367789 3.12888889
225 704 2.53103364 0.00843677881 3.12888889
224 697 2.49607502 0.00832025008 3.11160714
224 700 2.49764734 0.00832549114 3.125
224 698 2.46878029 0.00822926762 3.11607143
224 698 2.49711177 0.00832370589 3.11607143
224 700 2.50030375 0.00833434584 3.125
224 700 2.50071445 0.00833571485 3.125
224 700 2.50082303 0.00833607677 3.125
224 700 2.50013045 0.00833376817 3.125
224 700 2.49993184 0.00833310614 3.125
224 700 2.50049265 0.00833497551 3.125
223 693 2.46707935 0.00822359782 3.10762332
223 693 2.46666646 0.00822222154 3.10762332
223 693 2.46655643 0.00822185476 3.10762332
223 693 2.46653296 0.00822177653 3.10762332
223 693 2.46658052 0.00822193508 3.10762332
223 693 2.46655279 0.00822184264 3.10762332
223 693 2.46655484 0.00822184946 3.10762332
223 693 2.46655713 0.00822185711 3.10762332
223 693 2.46655643 0.00822185477 3.10762332
223 693 2.46655638 0.00822185459 3.10762332
222 689 2.43023687 0.00810078955 3.1036036
222 689 2.42969208 0.00809897359 3.1036036
222 689 2.43055229 0.00810184098 3.1036036
222 689 2.43032175 0.0081010725 3.1036036
222 689 2.42953088 0.00809843626 3.1036036
222 689 2.4295793 0.00809859766 3.1036036
222 689 2.42951119 0.00809837063 3.1036036
222 689 2.42943145 0.00809810485 3.1036036
222 689 2.42984222 0.00809947407 3.1036036
222 692 2.42486877 0.0080828959 3.11711712
221 685 2.39659615 0.00798865383 3.09954751
221 685 2.39658951 0.0079886317 3.09954751
221 685 2.3966851 0.00798895034 3.09954751
221 685 2.39654813 0.00798849376 3.09954751
221 685 2.39684074 0.00798946912 3.09954751
221 685 2.39661329 0.00798871096 3.09954751
221 685 2.39677549 0.00798925164 3.09954751
221 685 2.3967393 0.00798913099 3.09954751
221 685 2.39661521 0.00798871736 3.09954751
221 685 2.3968157 0.00798938568 3.09954751
220 681 2.36207952 0.00787359841 3.09545455
220 676 2.35403212 0.00784677372 3.07272727
220 676 2.37756666 0.00792522221 3.07272727
220 676 2.37583014 0.00791943379 3.07272727
220 682 2.36639221 0.00788797403 3.1
220 679 2.34847061 0.00782823537 3.08636364
220 676 2.37984772 0.00793282573 3.07272727
220 676 2.3796295 0.00793209834 3.07272727
220 676 2.37963196 0.00793210653 3.07272727
220 676 2.37960764 0.00793202546 3.07272727
219 672 2.34836878 0.00782789594 3.06849315
219 672 2.34839396 0.00782797988 3.06849315
219 672 2.34857871 0.00782859571 3.06849315
219 672 2.34827869 0.00782759563 3.06849315
219 672 2.34825958 0.00782753194 3.06849315
219 672 2.34824827 0.00782749423 3.06849315
219 672 2.34825232 0.00782750775 3.06849315
219 672 2.34825176 0.00782750586 3.06849315
219 672 2.34825133 0.00782750443 3.06849315
219 672 2.3482511 0.00782750366 3.06849315
218 666 2.30820569 0.00769401896 3.05504587
218 665 2.30804594 0.00769348645 3.05045872
218 663 2.3319578 0.00777319266 3.0412844
218 663 2.3318305 0.00777276834 3.0412844
218 663 2.33175948 0.00777253161 3.0412844
218 663 2.33175379 0.00777251264 3.0412844
218 663 2.33176263 0.00777254211 3.0412844
218 663 2.33176327 0.00777254423 3.0412844
218 663 2.33176186 0.00777253954 3.0412844
218 663 2.33176181 0.00777253935 3.0412844
217 659 2.29782846 0.0076594282 3.03686636
217 659 2.29789956 0.00765966521 3.03686636
217 659 2.29769593 0.00765898644 3.03686636
217 659 2.29782704 0.00765942347 3.03686636
217 659 2.29771312 0.00765904373 3.03686636
217 659 2.29782949 0.00765943162 3.03686636
217 659 2.29766474 0.00765888246 3.03686636
217 659 2.29769663 0.00765898877 3.03686636
217 659 2.29781826 0.00765939421 3.03686636
217 659 2.2976633 0.00765887766 3.03686636
216 657 2.25908879 0.00753029596 3.04166667
216 655 2.23394273 0.00744647576 3.03240741
216 657 2.25979861 0.00753266204 3.04166667
216 656 2.25360806 0.00751202686 3.03703704
216 657 2.25696187 0.00752320624 3.04166667
216 659 2.24350067 0.00747833558 3.05092593
216 662 2.24247769 0.00747492562 3.06481481
216 657 2.25462153 0.00751540511 3.04166667
216 656 2.25964421 0.00753214737 3.03703704
216 656 2.26000074 0.00753333581 3.03703704
215 652 2.23131741 0.0074377247 3.03255814
215 652 2.23092101 0.00743640336 3.03255814
215 652 2.23120808 0.00743736027 3.03255814
215 652 2.23127614 0.00743758714 3.03255814
215 652 2.23126167 0.00743753891 3.03255814
215 652 2.23126007 0.00743753358 3.03255814
215 652 2.231257 0.00743752332 3.03255814
215 652 2.23125731 0.00743752437 3.03255814
215 652 2.23125736 0.00743752452 3.03255814
215 652 2.23125754 0.00743752514 3.03255814
214 648 2.1992752 0.00733091733 3.02803738
214 648 2.19962441 0.00733208137 3.02803738
214 648 2.19936553 0.00733121844 3.02803738
214 648 2.19956664 0.00733188879 3.02803738
214 648 2.1995822 0.00733194067 3.02803738
214 648 2.19936398 0.00733121326 3.02803738
214 648 2.19954595 0.00733181985 3.02803738
214 648 2.19975249 0.0073325083 3.02803738
214 648 2.19922566 0.00733075219 3.02803738
214 648 2.19970976 0.00733236587 3.02803738
213 638 2.16438441 0.0072146147 2.99530516
213 645 2.16168595 0.00720561984 3.02816901
213 639 2.15626662 0.00718755539 3
213 638 2.16393088 0.00721310292 2.99530516
213 638 2.16380069 0.00721266895 2.99530516
213 638 2.16345896 0.00721152987 2.99530516
213 638 2.16337361 0.00721124537 2.99530516
213 638 2.16340422 0.00721134739 2.99530516
213 638 2.16341341 0.00721137802 2.99530516
213 638 2.16341121 0.00721137069 2.99530516
212 632 2.13248629 0.00710828764 2.98113208
212 635 2.1308975 0.00710299167 2.99528302
212 635 2.13044196 0.00710147321 2.99528302
212 635 2.13063428 0.00710211427 2.99528302
212 635 2.13074553 0.00710248509 2.99528302
212 635 2.13086958 0.00710289861 2.99528302
212 639 2.12805797 0.00709352655 3.01415094
212 635 2.13076086 0.00710253621 2.99528302
212 635 2.13059774 0.00710199246 2.99528302
212 635 2.13085063 0.00710283544 2.99528302
211 629 2.10082457 0.00700274857 2.98104265
211 629 2.10089484 0.0070029828 2.98104265
211 629 2.10084431 0.00700281437 2.98104265
211 629 2.10082949 0.00700276497 2.98104265
211 629 2.10082491 0.0070027497 2.98104265
211 629 2.10082317 0.00700274391 2.98104265
211 629 2.10082255 0.00700274183 2.98104265
211 629 2.10082238 0.00700274128 2.98104265
211 629 2.10082237 0.00700274122 2.98104265
211 629 2.10082238 0.00700274128 2.98104265
210 627 2.06813138 0.00689377128 2.98571429
210 625 2.0530005 0.00684333499 2.97619048
210 623 2.08117249 0.00693724163 2.96666667
210 624 2.09590421 0.00698634737 2.97142857
210 624 2.09581731 0.00698605769 2.97142857
210 622 2.08386095 0.00694620318 2.96190476
210 626 2.08760686 0.00695868952 2.98095238
210 623 2.10390217 0.00701300722 2.96666667
210 625 2.09380645 0.00697935484 2.97619048
210 623 2.1037905 0.007012635 2.96666667
209 620 2.07293302 0.00690977673 2.96650718
209 620 2.07318493 0.00691061644 2.96650718
209 621 2.07290493 0.00690968311 2.97129187
209 620 2.07341757 0.00691139191 2.96650718
209 620 2.07333976 0.00691113252 2.96650718
209 620 2.07333208 0.00691110693 2.96650718
209 620 2.07334264 0.00691114215 2.96650718
209 620 2.07334411 0.00691114703 2.96650718
209 620 2.07334382 0.00691114606 2.96650718
209 620 2.07334352 0.00691114505 2.96650718
208 618 2.04232073 0.00680773577 2.97115385
208 618 2.04207182 0.00680690605 2.97115385
208 618 2.04218755 0.00680729184 2.97115385
208 618 2.04210533 0.00680701776 2.97115385
208 618 2.04212654 0.00680708847 2.97115385
208 618 2.04213386 0.00680711287 2.97115385
208 618 2.04213337 0.00680711124 2.97115385
208 618 2.04213245 0.00680710817 2.97115385
208 618 2.04213205 0.00680710683 2.97115385
208 618 2.04213194 0.00680710648 2.97115385
207 612 2.01074829 0.0067024943 2.95652174
206 610 2.00228363 0.00667427875 2.96116505
206 610 2.00220282 0.00667400941 2.96116505
206 610 2.00240616 0.0066746872 2.96116505
206 605 1.99723834 0.00665746114 2.9368932
206 604 2.0085365 0.00669512167 2.93203883
206 606 2.00898723 0.00669662411 2.94174757
205 602 1.99394608 0.00664648695 2.93658537
204 596 1.9772686 0.00659089534 2.92156863
204 598 1.96197323 0.00653991077 2.93137255
203 594 1.95617895 0.00652059651 2.92610837
203 596 1.95049809 0.00650166031 2.93596059
203 597 1.95071059 0.00650236863 2.9408867
203 596 1.95106925 0.00650356418 2.93596059
202 591 1.93354117 0.00644513723 2.92574257
201 587 1.91227429 0.00637424762 2.92039801
200 582 1.90841373 0.0063613791 2.91
200 585 1.89327091 0.00631090303 2.925
200 582 1.91722909 0.00639076364 2.91
200 586 1.89801032 0.00632670107 2.93
199 576 1.89274839 0.00630916129 2.89447236
198 569 1.86809319 0.00622697729 2.87373737
198 570 1.87010674 0.00623368913 2.87878788
198 567 1.87603845 0.0062534615 2.86363636
197 563 1.86322617 0.00621075391 2.85786802
197 561 1.83788248 0.00612627493 2.84771574
197 564 1.84274323 0.00614247745 2.86294416
197 563 1.86314711 0.00621049036 2.85786802
197 563 1.86294567 0.0062098189 2.85786802
197 563 1.86285509 0.00620951696 2.85786802
196 559 1.83775137 0.00612583791 2.85204082
196 559 1.83783784 0.00612612612 2.85204082
196 560 1.81349483 0.00604498277 2.85714286
196 557 1.83659941 0.00612199805 2.84183673
196 559 1.83792771 0.00612642569 2.85204082
196 559 1.83776703 0.00612589011 2.85204082
196 559 1.83775643 0.00612585476 2.85204082
196 559 1.83773868 0.00612579561 2.85204082
196 559 1.83773334 0.00612577782 2.85204082
196 559 1.83773179 0.00612577262 2.85204082
195 553 1.81256676 0.00604188919 2.83589744
195 553 1.81262589 0.00604208629 2.83589744
195 555 1.81238293 0.00604127644 2.84615385
195 553 1.8127225 0.00604240833 2.83589744
194 549 1.78808077 0.00596026923 2.82989691
194 549 1.78792516 0.00595975053 2.82989691
194 549 1.7967081 0.00598902701 2.82989691
194 548 1.78257064 0.00594190214 2.82474227
194 550 1.80506668 0.00601688892 2.83505155
194 551 1.79880889 0.00599602963 2.84020619
193 545 1.79361538 0.00597871792 2.8238342
193 544 1.78872773 0.00596242576 2.81865285
192 540 1.7713331 0.00590444368 2.8125
192 542 1.76922369 0.00589741232 2.82291667
192 541 1.75693513 0.00585645042 2.81770833
192 542 1.76713485 0.0058904495 2.82291667
192 540 1.77078927 0.0059026309 2.8125
192 539 1.76094794 0.00586982645 2.80729167
191 536 1.75021874 0.00583406247 2.80628272
191 535 1.74921947 0.00583073156 2.80104712
190 531 1.72938183 0.00576460609 2.79473684
190 531 1.7293844 0.00576461467 2.79473684
190 531 1.72940353 0.00576467844 2.79473684
190 531 1.72941205 0.00576470682 2.79473684
190 531 1.72941556 0.00576471853 2.79473684
190 531 1.72941433 0.00576471443 2.79473684
190 531 1.72941427 0.00576471424 2.79473684
190 531 1.72941406 0.00576471354 2.79473684
190 531 1.72941412 0.00576471373 2.79473684
190 531 1.72941415 0.00576471384 2.79473684
189 526 1.70523743 0.00568412478 2.78306878
189 526 1.70521821 0.0056840607 2.78306878
189 526 1.70524425 0.00568414749 2.78306878
189 526 1.70525527 0.00568418424 2.78306878
189 526 1.70526037 0.00568420124 2.78306878
189 526 1.70526019 0.00568420063 2.78306878
189 526 1.70525995 0.00568419984 2.78306878
189 526 1.70525987 0.00568419956 2.78306878
189 526 1.70525984 0.00568419948 2.78306878
189 526 1.70525985 0.00568419949 2.78306878
188 523 1.68062136 0.0056020712 2.78191489
188 521 1.67675083 0.00558916942 2.7712766
187 516 1.67550165 0.00558500551 2.75935829
187 516 1.67558538 0.00558528461 2.75935829
187 516 1.67561747 0.00558539155 2.75935829
187 516 1.67563073 0.00558543577 2.75935829
187 516 1.67563353 0.0055854451 2.75935829
187 516 1.67563372 0.00558544573 2.75935829
187 516 1.67563361 0.00558544537 2.75935829
187 516 1.67563355 0.00558544518 2.75935829
186 513 1.65169846 0.00550566152 2.75806452
186 513 1.65175362 0.0055058454 2.75806452
186 513 1.65104444 0.00550348147 2.75806452
186 511 1.64508368 0.00548361227 2.74731183
186 511 1.6712002 0.00557066735 2.74731183
186 512 1.66858101 0.00556193671 2.75268817
186 511 1.64962286 0.00549874287 2.74731183
185 508 1.64968649 0.00549895497 2.74594595
185 508 1.64966113 0.00549887043 2.74594595
185 508 1.64964523 0.00549881744 2.74594595
184 503 1.62537837 0.00541792791 2.73369565
184 503 1.62549624 0.0054183208 2.73369565
184 503 1.62543306 0.0054181102 2.73369565
184 503 1.62570081 0.00541900268 2.73369565
184 503 1.62552552 0.00541841841 2.73369565
184 503 1.62536689 0.00541788964 2.73369565
184 503 1.62571024 0.00541903414 2.73369565
184 503 1.62554272 0.00541847575 2.73369565
184 503 1.62536755 0.00541789183 2.73369565
184 503 1.62571054 0.00541903512 2.73369565
183 500 1.59769639 0.00532565465 2.73224044
183 500 1.59770249 0.00532567497 2.73224044
183 500 1.5973985 0.00532466168 2.73224044
183 500 1.59705388 0.00532351293 2.73224044
183 500 1.59725452 0.00532418172 2.73224044
183 500 1.59720604 0.00532402012 2.73224044
183 500 1.59721176 0.00532403921 2.73224044
183 500 1.59723246 0.00532410819 2.73224044
183 500 1.59722537 0.00532408456 2.73224044
183 500 1.59722109 0.00532407029 2.73224044
182 496 1.56891913 0.00522973043 2.72527473
182 495 1.56038021 0.00520126737 2.71978022
182 493 1.57605539 0.00525351795 2.70879121
181 488 1.55569121 0.00518563736 2.6961326
181 488 1.5557543 0.00518584766 2.6961326
181 488 1.55541047 0.00518470156 2.6961326
181 488 1.55567182 0.00518557275 2.6961326
181 488 1.55560006 0.00518533354 2.6961326
181 488 1.55589554 0.00518631848 2.6961326
181 488 1.5555191 0.00518506367 2.6961326
180 486 1.52770178 0.00509233925 2.7
180 486 1.52780642 0.00509268805 2.7
180 486 1.52756488 0.00509188295 2.7
180 486 1.52773685 0.00509245616 2.7
180 486 1.52761138 0.00509203792 2.7
180 486 1.52774032 0.00509246773 2.7
180 486 1.52761026 0.00509203418 2.7
180 486 1.52774026 0.00509246753 2.7
180 486 1.52761038 0.0050920346 2.7
180 486 1.52774028 0.00509246761 2.7
179 484 1.49926098 0.00499753661 2.70391061
179 485 1.49763956 0.00499213186 2.70949721
179 485 1.51405052 0.00504683508 2.70949721
179 485 1.51393504 0.00504645013 2.70949721
179 485 1.51396647 0.0050465549 2.70949721
179 485 1.51391169 0.0050463723 2.70949721
179 485 1.51393081 0.00504643604 2.70949721
179 485 1.51391815 0.00504639384 2.70949721
179 485 1.51393536 0.00504645119 2.70949721
179 485 1.51391741 0.00504639137 2.70949721
178 483 1.48590294 0.0049530098 2.71348315
178 482 1.48608745 0.00495362484 2.70786517
178 482 1.4860825 0.00495360834 2.70786517
178 482 1.48587477 0.0049529159 2.70786517
178 482 1.48590862 0.00495302872 2.70786517
178 482 1.48631159 0.00495437198 2.70786517
178 482 1.48579777 0.00495265925 2.70786517
178 482 1.48588505 0.00495295016 2.70786517
178 482 1.48591523 0.00495305076 2.70786517
178 482 1.48631279 0.00495437596 2.70786517
177 480 1.45850966 0.00486169887 2.71186441
177 476 1.45910009 0.00486366698 2.68926554
177 480 1.45811808 0.00486039361 2.71186441
177 480 1.45862036 0.00486206788 2.71186441
177 480 1.45836512 0.00486121707 2.71186441
177 480 1.45837205 0.00486124017 2.71186441
177 480 1.45834562 0.00486115207 2.71186441
177 480 1.4583356 0.00486111867 2.71186441
177 480 1.45833231 0.00486110771 2.71186441
177 480 1.4583309 0.00486110301 2.71186441
176 474 1.43299594 0.00477665312 2.69318182
176 475 1.43010992 0.00476703306 2.69886364
176 472 1.42791914 0.00475973047 2.68181818
176 471 1.43244633 0.0047748211 2.67613636
176 474 1.43270829 0.00477569431 2.69318182
176 474 1.43250938 0.00477503127 2.69318182
176 474 1.43280297 0.0047760099 2.69318182
176 474 1.43292044 0.00477640147 2.69318182
176 474 1.4329386 0.00477646199 2.69318182
176 474 1.43295098 0.00477650326 2.69318182
175 469 1.40645099 0.00468816998 2.68
175 469 1.40684303 0.00468947677 2.68
175 467 1.40463667 0.00468212223 2.66857143
175 466 1.43073173 0.00476910576 2.66285714
175 466 1.43625463 0.00478751543 2.66285714
175 470 1.4342349 0.004780783 2.68571429
175 470 1.43431816 0.00478106055 2.68571429
175 466 1.43609321 0.00478697736 2.66285714
175 466 1.43593244 0.00478644145 2.66285714
175 466 1.43592877 0.00478642924 2.66285714
174 464 1.41156442 0.00470521472 2.66666667
174 464 1.41192475 0.00470641584 2.66666667
174 464 1.41163139 0.00470543796 2.66666667
174 464 1.41162108 0.0047054036 2.66666667
174 464 1.41164346 0.0047054782 2.66666667
174 464 1.41164355 0.00470547849 2.66666667
174 464 1.41164201 0.00470547338 2.66666667
174 464 1.41164186 0.00470547286 2.66666667
174 464 1.41164195 0.00470547315 2.66666667
174 464 1.41164194 0.00470547315 2.66666667
173 456 1.38655328 0.00462184425 2.63583815
173 456 1.38660838 0.00462202794 2.63583815
173 456 1.38654674 0.00462182248 2.63583815
173 456 1.38670679 0.00462235596 2.63583815
173 456 1.38653106 0.00462177021 2.63583815
173 456 1.3867055 0.00462235167 2.63583815
173 456 1.3865313 0.004621771 2.63583815
173 456 1.38670549 0.00462235164 2.63583815
173 456 1.38653131 0.00462177104 2.63583815
173 456 1.38670552 0.00462235174 2.63583815
172 451 1.35950856 0.0045316952 2.62209302
172 451 1.35797087 0.00452656956 2.62209302
172 451 1.35961009 0.00453203362 2.62209302
172 451 1.35962135 0.00453207116 2.62209302
172 451 1.35939828 0.00453132761 2.62209302
172 451 1.35926017 0.00453086724 2.62209302
172 451 1.3592373 0.004530791 2.62209302
172 451 1.35924732 0.00453082439 2.62209302
172 451 1.35925278 0.0045308426 2.62209302
172 451 1.35925553 0.00453085177 2.62209302
171 446 1.33161955 0.00443873183 2.60818713
171 446 1.33081702 0.00443605675 2.60818713
171 446 1.33135668 0.00443785561 2.60818713
171 446 1.33141908 0.0044380636 2.60818713
171 446 1.33146068 0.00443820226 2.60818713
171 446 1.33146085 0.00443820282 2.60818713
171 446 1.33145903 0.00443819677 2.60818713
171 446 1.33145858 0.00443819528 2.60818713
171 446 1.33145829 0.00443819432 2.60818713
171 446 1.33145822 0.00443819408 2.60818713
170 441 1.30570215 0.00435234051 2.59411765
170 441 1.30566168 0.00435220559 2.59411765
170 441 1.30578271 0.00435260903 2.59411765
170 441 1.30578206 0.00435260687 2.59411765
170 441 1.30577686 0.00435258954 2.59411765
170 441 1.30577653 0.00435258842 2.59411765
170 441 1.3057766 0.00435258866 2.59411765
170 441 1.30577661 0.00435258871 2.59411765
170 441 1.30577661 0.00435258869 2.59411765
170 441 1.30577661 0.00435258869 2.59411765
169 438 1.27759473 0.00425864909 2.59171598
169 438 1.27738857 0.00425796189 2.59171598
169 438 1.27732936 0.00425776454 2.59171598
169 438 1.27742554 0.00425808513 2.59171598
169 438 1.27737444 0.00425791479 2.59171598
169 438 1.27741633 0.00425805442 2.59171598
169 438 1.27734514 0.00425781713 2.59171598
169 438 1.27737381 0.00425791271 2.59171598
169 438 1.27736018 0.00425786726 2.59171598
169 438 1.27735745 0.00425785817 2.59171598
168 437 1.24779165 0.0041593055 2.60119048
168 437 1.24808124 0.0041602708 2.60119048
168 437 1.24786049 0.00415953498 2.60119048
168 437 1.24787095 0.00415956982 2.60119048
168 437 1.24787647 0.00415958823 2.60119048
168 437 1.24787724 0.0041595908 2.60119048
168 437 1.24787623 0.00415958742 2.60119048
168 437 1.24787612 0.00415958706 2.60119048
168 437 1.24787623 0.00415958743 2.60119048
168 437 1.24787621 0.00415958737 2.60119048
167 434 1.21526176 0.00405087252 2.5988024
166 425 1.21025683 0.00403418942 2.56024096
166 423 1.20707521 0.00402358404 2.54819277
166 425 1.20975873 0.00403252909 2.56024096
166 425 1.21049557 0.00403498522 2.56024096
166 425 1.21002512 0.00403341707 2.56024096
166 425 1.20994631 0.00403315435 2.56024096
166 425 1.20994243 0.00403314144 2.56024096
166 425 1.20994261 0.00403314204 2.56024096
166 425 1.20994247 0.00403314155 2.56024096
165 422 1.18380232 0.00394600773 2.55757576
165 422 1.18428588 0.00394761959 2.55757576
165 422 1.18377915 0.0039459305 2.55757576
165 422 1.18434239 0.00394780796 2.55757576
165 422 1.18439677 0.00394798924 2.55757576
165 422 1.18419628 0.00394732094 2.55757576
165 422 1.18381643 0.00394605476 2.55757576
165 422 1.18369065 0.00394563551 2.55757576
165 422 1.18497756 0.00394992519 2.55757576
165 422 1.1836249 0.00394541634 2.55757576
164 417 1.15506184 0.00385020612 2.54268293
163 416 1.13968672 0.00379895572 2.55214724
163 416 1.1395554 0.00379851801 2.55214724
163 416 1.13975647 0.00379918824 2.55214724
163 416 1.13978758 0.00379929195 2.55214724
163 416 1.13978294 0.00379927647 2.55214724
163 416 1.1397814 0.00379927133 2.55214724
163 416 1.13978115 0.0037992705 2.55214724
163 416 1.13978119 0.00379927062 2.55214724
163 416 1.13978121 0.00379927069 2.55214724
162 413 1.11236947 0.00370789825 2.54938272
162 412 1.10903024 0.00369676748 2.54320988
162 413 1.11232748 0.00370775826 2.54938272
162 413 1.11202702 0.00370675672 2.54938272
162 413 1.11229699 0.00370765664 2.54938272
162 413 1.11215486 0.00370718286 2.54938272
162 413 1.11267462 0.00370891539 2.54938272
162 413 1.11201485 0.00370671615 2.54938272
162 413 1.11234806 0.00370782687 2.54938272
162 413 1.11214909 0.00370716363 2.54938272
161 409 1.08423509 0.00361411696 2.54037267
161 409 1.08430151 0.00361433836 2.54037267
161 409 1.08446107 0.00361487025 2.54037267
161 409 1.08445586 0.00361485285 2.54037267
161 409 1.08444734 0.00361482448 2.54037267
161 409 1.08444696 0.0036148232 2.54037267
161 409 1.0844476 0.00361482533 2.54037267
161 409 1.08444767 0.00361482558 2.54037267
161 409 1.08444766 0.00361482554 2.54037267
161 409 1.08444766 0.00361482554 2.54037267
160 407 1.05483119 0.00351610396 2.54375
160 406 1.05196613 0.00350655378 2.5375
159 400 1.04786736 0.0034928912 2.51572327
159 402 1.04480267 0.00348267556 2.52830189
159 401 1.04428883 0.00348096276 2.52201258
159 400 1.04794869 0.00349316231 2.51572327
159 400 1.04830458 0.0034943486 2.51572327
159 400 1.04826109 0.00349420363 2.51572327
159 400 1.04824589 0.00349415298 2.51572327
159 400 1.04824781 0.00349415936 2.51572327
158 398 1.02228949 0.00340763163 2.51898734
158 398 1.02153732 0.00340512439 2.51898734
158 398 1.02058475 0.00340194918 2.51898734
158 398 1.0210759 0.00340358633 2.51898734
158 398 1.02142324 0.00340474415 2.51898734
158 398 1.02068035 0.00340226784 2.51898734
158 398 1.02068497 0.00340228324 2.51898734
158 398 1.02192409 0.00340641364 2.51898734
158 398 1.02143019 0.0034047673 2.51898734
158 398 1.02064048 0.00340213493 2.51898734
157 395 0.98906097 0.0032968699 2.51592357
157 395 0.969473532 0.00323157844 2.51592357
157 395 0.989441683 0.00329813894 2.51592357
157 395 0.989764804 0.00329921601 2.51592357
157 395 0.989806006 0.00329935335 2.51592357
157 395 0.989811771 0.00329937257 2.51592357
157 395 0.989814893 0.00329938298 2.51592357
157 395 0.989816686 0.00329938895 2.51592357
157 395 0.989817526 0.00329939175 2.51592357
157 395 0.989817906 0.00329939302 2.51592357
156 394 0.956575232 0.00318858411 2.52564103
156 392 0.940998346 0.00313666115 2.51282051
156 394 0.95643206 0.00318810687 2.52564103
156 394 0.956533521 0.00318844507 2.52564103
156 394 0.956178544 0.00318726181 2.52564103
156 394 0.956360845 0.00318786948 2.52564103
156 394 0.956378934 0.00318792978 2.52564103
156 394 0.956378013 0.00318792671 2.52564103
156 394 0.956376788 0.00318792263 2.52564103
156 394 0.956376627 0.00318792209 2.52564103
155 391 0.925960673 0.00308653558 2.52258065
155 392 0.921155742 0.00307051914 2.52903226
155 391 0.929213567 0.00309737856 2.52258065
155 394 0.921358359 0.00307119453 2.54193548
155 391 0.929197753 0.00309732584 2.52258065
155 391 0.929096596 0.00309698865 2.52258065
155 392 0.913258595 0.00304419532 2.52903226
155 391 0.929109389 0.0030970313 2.52258065
155 391 0.928885765 0.00309628588 2.52258065
155 391 0.929205512 0.00309735171 2.52258065
154 389 0.904103611 0.0030136787 2.52597403
154 387 0.903531493 0.00301177164 2.51298701
153 385 0.900934304 0.00300311435 2.51633987
153 381 0.909524045 0.00303174682 2.49019608
153 380 0.943352475 0.00314450825 2.48366013
153 384 0.95519938 0.00318399793 2.50980392
153 383 0.976454514 0.00325484838 2.50326797
153 381 0.992293264 0.00330764421 2.49019608
152 377 0.977218436 0.00325739479 2.48026316
152 376 0.96480307 0.00321601023 2.47368421
151 372 0.96424101 0.0032141367 2.46357616
151 368 0.952341795 0.00317447265 2.43708609
151 367 0.957784607 0.00319261536 2.43046358
151 371 0.962366047 0.00320788682 2.45695364
151 372 0.979336336 0.00326445445 2.46357616
150 366 0.969814144 0.00323271381 2.44
150 363 0.957367043 0.00319122348 2.42
149 361 0.957219412 0.00319073137 2.42281879
149 357 0.94113288 0.0031371096 2.39597315
148 354 0.93721994 0.00312406647 2.39189189
147 351 0.917301032 0.00305767011 2.3877551
147 350 0.910151965 0.00303383988 2.38095238
146 348 0.895361507 0.00298453836 2.38356164
146 348 0.895958956 0.00298652985 2.38356164
146 348 0.895182311 0.00298394104 2.38356164
146 348 0.895898868 0.00298632956 2.38356164
146 348 0.895657783 0.00298552594 2.38356164
146 348 0.895875892 0.00298625297 2.38356164
146 348 0.895856785 0.00298618928 2.38356164
146 348 0.895846115 0.00298615372 2.38356164
145 347 0.873891161 0.00291297054 2.39310345
145 345 0.869119812 0.00289706604 2.37931034
145 347 0.863207663 0.00287735888 2.39310345
145 349 0.867789871 0.0028926329 2.40689655
145 346 0.873387249 0.00291129083 2.3862069
145 346 0.873494949 0.00291164983 2.3862069
144 344 0.873495328 0.00291165109 2.38888889
143 342 0.87351457 0.00291171523 2.39160839
143 342 0.867159567 0.00289053189 2.39160839
142 337 0.867211162 0.00289070387 2.37323944
141 334 0.854644562 0.00284881521 2.36879433
140 331 0.838182828 0.00279394276 2.36428571
140 332 0.854117335 0.00284705778 2.37142857
139 327 0.838194443 0.00279398148 2.35251799
139 327 0.838448416 0.00279482805 2.35251799
139 327 0.83836112 0.00279453707 2.35251799
139 327 0.838079908 0.00279359969 2.35251799
139 327 0.838394963 0.00279464988 2.35251799
139 327 0.838077024 0.00279359008 2.35251799
139 327 0.838390047 0.00279463349 2.35251799
138 325 0.816620796 0.00272206932 2.35507246
138 325 0.817322182 0.00272440727 2.35507246
138 325 0.817002786 0.00272334262 2.35507246
138 325 0.817592912 0.00272530971 2.35507246
138 325 0.817588443 0.00272529481 2.35507246
138 325 0.817455085 0.00272485028 2.35507246
138 325 0.817542164 0.00272514055 2.35507246
138 325 0.817438157 0.00272479386 2.35507246
138 325 0.817516182 0.00272505394 2.35507246
138 325 0.817432312 0.00272477437 2.35507246
137 323 0.796320687 0.00265440229 2.35766423
137 321 0.794217516 0.00264739172 2.34306569
137 321 0.815521781 0.00271840594 2.34306569
137 320 0.796347566 0.00265449189 2.33576642
137 323 0.796275626 0.00265425209 2.35766423
137 321 0.815490555 0.00271830185 2.34306569
137 321 0.815660064 0.00271886688 2.34306569
137 321 0.815294072 0.00271764691 2.34306569
137 321 0.81570485 0.00271901617 2.34306569
137 321 0.815261984 0.00271753995 2.34306569
136 319 0.796525242 0.00265508414 2.34558824
136 319 0.796572338 0.00265524113 2.34558824
136 319 0.795783985 0.00265261328 2.34558824
136 318 0.793017562 0.00264339187 2.33823529
135 316 0.774417601 0.002581392 2.34074074
135 316 0.774923771 0.00258307924 2.34074074
135 316 0.774929433 0.00258309811 2.34074074
135 316 0.774800626 0.00258266875 2.34074074
135 316 0.774914859 0.00258304953 2.34074074
135 316 0.774807448 0.00258269149 2.34074074
134 314 0.753679803 0.00251226601 2.34328358
134 313 0.750757044 0.00250252348 2.3358209
134 318 0.763919581 0.0025463986 2.37313433
134 316 0.750860039 0.0025028668 2.35820896
134 315 0.763394087 0.00254464696 2.35074627
133 312 0.750958731 0.00250319577 2.34586466
132 310 0.732862292 0.00244287431 2.34848485
132 308 0.716454174 0.00238818058 2.33333333
131 303 0.716548583 0.00238849528 2.3129771
131 303 0.716378662 0.00238792887 2.3129771
130 300 0.696004407 0.00232001469 2.30769231
130 300 0.694628294 0.00231542765 2.30769231
130 299 0.690425554 0.00230141851 2.3
130 301 0.685472769 0.00228490923 2.31538462
130 299 0.677608584 0.00225869528 2.3
130 300 0.6962476 0.00232082533 2.30769231
130 300 0.696561712 0.00232187237 2.30769231
129 297 0.677612392 0.00225870797 2.30232558
129 297 0.677552473 0.00225850824 2.30232558
129 297 0.677445779 0.0022581526 2.30232558
128 295 0.658034347 0.00219344782 2.3046875
128 291 0.656555944 0.00218851981 2.2734375
127 290 0.650259581 0.00216753194 2.28346457
126 283 0.642588377 0.00214196126 2.24603175
126 283 0.642790665 0.00214263555 2.24603175
126 283 0.642499485 0.00214166495 2.24603175
126 283 0.642633764 0.00214211255 2.24603175
126 283 0.642692061 0.00214230687 2.24603175
126 283 0.642517231 0.0021417241 2.24603175
126 283 0.642693876 0.00214231292 2.24603175
125 279 0.62350646 0.00207835487 2.232
124 276 0.605507081 0.00201835694 2.22580645
123 270 0.605599781 0.00201866594 2.19512195
123 270 0.605423646 0.00201807882 2.19512195
123 270 0.605588569 0.00201862856 2.19512195
123 270 0.605495712 0.00201831904 2.19512195
123 270 0.605480551 0.0020182685 2.19512195
123 270 0.605491126 0.00201830375 2.19512195
123 270 0.605499955 0.00201833318 2.19512195
123 270 0.605499171 0.00201833057 2.19512195
122 266 0.585424464 0.00195141488 2.18032787
122 266 0.585968254 0.00195322751 2.18032787
122 266 0.585623412 0.00195207804 2.18032787
122 266 0.585249618 0.00195083206 2.18032787
122 266 0.585399566 0.00195133189 2.18032787
122 266 0.586194442 0.00195398147 2.18032787
122 266 0.585049265 0.00195016422 2.18032787
122 266 0.585972928 0.00195324309 2.18032787
122 266 0.585853531 0.0019528451 2.18032787
122 266 0.585776355 0.00195258785 2.18032787
121 265 0.561909935 0.00187303312 2.19008264
121 264 0.559170678 0.00186390226 2.18181818
121 264 0.559371357 0.00186457119 2.18181818
121 264 0.559463653 0.00186487884 2.18181818
121 264 0.559442086 0.00186480695 2.18181818
121 264 0.55941022 0.00186470073 2.18181818
121 264 0.55940145 0.0018646715 2.18181818
121 264 0.559385661 0.00186461887 2.18181818
121 264 0.559377606 0.00186459202 2.18181818
121 264 0.559371198 0.00186457066 2.18181818
120 263 0.536956144 0.00178985381 2.19166667
120 263 0.536964606 0.00178988202 2.19166667
120 263 0.536430596 0.00178810199 2.19166667
120 263 0.536769683 0.00178923228 2.19166667
120 263 0.536464434 0.00178821478 2.19166667
120 263 0.536999549 0.0017899985 2.19166667
120 263 0.536939458 0.00178979819 2.19166667
120 263 0.536540558 0.00178846853 2.19166667
120 263 0.53639819 0.00178799397 2.19166667
120 263 0.536672925 0.00178890975 2.19166667
119 261 0.509445933 0.00169815311 2.19327731
118 258 0.490328453 0.00163442818 2.18644068
118 254 0.512701865 0.00170900622 2.15254237
118 254 0.512786274 0.00170928758 2.15254237
118 254 0.512857412 0.00170952471 2.15254237
118 254 0.513157258 0.00171052419 2.15254237
118 254 0.513471048 0.00171157016 2.15254237
118 254 0.513297155 0.00171099052 2.15254237
118 254 0.512752668 0.00170917556 2.15254237
118 254 0.512900616 0.00170966872 2.15254237
117 253 0.490878228 0.00163626076 2.16239316
117 253 0.490645141 0.0016354838 2.16239316
117 253 0.490738198 0.00163579399 2.16239316
117 253 0.490115803 0.00163371934 2.16239316
117 253 0.489577406 0.00163192469 2.16239316
117 253 0.490370443 0.00163456814 2.16239316
117 253 0.489802968 0.00163267656 2.16239316
117 253 0.490512838 0.00163504279 2.16239316
117 253 0.490756778 0.00163585593 2.16239316
117 253 0.490439313 0.00163479771 2.16239316
116 248 0.461694583 0.00153898194 2.13793103
115 246 0.462101981 0.00154033994 2.13913043
115 245 0.467845904 0.00155948635 2.13043478
115 246 0.47199703 0.00157332343 2.13913043
115 246 0.47150254 0.00157167513 2.13913043
115 246 0.470148158 0.00156716053 2.13913043
115 245 0.467771341 0.0015592378 2.13043478
115 245 0.468017658 0.00156005886 2.13043478
115 245 0.468080663 0.00156026888 2.13043478
115 245 0.468372531 0.00156124177 2.13043478
114 244 0.447613055 0.00149204352 2.14035088
114 244 0.447518485 0.00149172828 2.14035088
114 244 0.447564886 0.00149188295 2.14035088
114 244 0.447823726 0.00149274575 2.14035088
114 244 0.447589852 0.00149196617 2.14035088
114 244 0.447613826 0.00149204609 2.14035088
114 244 0.447894461 0.00149298154 2.14035088
114 244 0.44762435 0.00149208117 2.14035088
114 244 0.447632885 0.00149210962 2.14035088
114 244 0.447907394 0.00149302465 2.14035088
113 242 0.412976304 0.00137658768 2.14159292
113 238 0.409563318 0.00136521106 2.10619469
113 238 0.409368356 0.00136456119 2.10619469
113 239 0.430075005 0.00143358335 2.11504425
113 239 0.430682499 0.00143560833 2.11504425
113 241 0.429221913 0.00143073971 2.13274336
113 239 0.431151988 0.00143717329 2.11504425
113 241 0.429479968 0.00143159989 2.13274336
113 241 0.428576078 0.00142858693 2.13274336
113 241 0.42983675 0.00143278917 2.13274336
112 237 0.40958788 0.00136529293 2.11607143
112 237 0.409739836 0.00136579945 2.11607143
112 237 0.409146646 0.00136382215 2.11607143
112 237 0.409625546 0.00136541849 2.11607143
112 237 0.409584308 0.00136528103 2.11607143
112 237 0.409661138 0.00136553713 2.11607143
112 237 0.409622558 0.00136540853 2.11607143
112 237 0.409022318 0.00136340773 2.11607143
112 237 0.408927253 0.00136309084 2.11607143
112 237 0.409363586 0.00136454529 2.11607143
111 234 0.381414063 0.00127138021 2.10810811
110 231 0.371043599 0.001236812 2.1
110 232 0.36755177 0.00122517257 2.10909091
110 231 0.371275964 0.00123758655 2.1
110 234 0.368258067 0.00122752689 2.12727273
110 231 0.37131329 0.00123771097 2.1
110 231 0.37123859 0.00123746197 2.1
SP does not find any fixed points -> SP does not converge.
I am sorry I quit :(
