START ALGORITHM:
I am going to build an instance with N: 300 variables and 1200 clauses with a clause density equal to 4
START BSP WITH r=0.9:
Decimation scorer: gamma:0.01
END UNIT PROPAGATION
300 1200 4.34883019 0.0144961006 4
300 1200 4.34853373 0.0144951124 4
300 1200 4.34868383 0.0144956128 4
300 1200 4.34871431 0.0144957144 4
300 1200 4.34870423 0.0144956808 4
300 1200 4.34869558 0.0144956519 4
300 1200 4.34868421 0.014495614 4
300 1200 4.34868663 0.0144956221 4
300 1200 4.34869389 0.0144956463 4
299 1192 4.34868645 0.0144956215 3.98662207
299 1192 4.34873108 0.0144957703 3.98662207
299 1192 4.34877984 0.0144959328 3.98662207
299 1192 4.34878726 0.0144959575 3.98662207
299 1192 4.34878654 0.0144959551 3.98662207
299 1192 4.34878971 0.0144959657 3.98662207
299 1192 4.34878964 0.0144959655 3.98662207
299 1192 4.34878954 0.0144959651 3.98662207
299 1192 4.34878918 0.0144959639 3.98662207
299 1192 4.34878921 0.014495964 3.98662207
298 1187 4.33960178 0.0144653393 3.98322148
298 1187 4.339483 0.0144649433 3.98322148
298 1187 4.33950493 0.0144650164 3.98322148
298 1187 4.33950829 0.0144650276 3.98322148
298 1187 4.33949176 0.0144649725 3.98322148
298 1187 4.33950447 0.0144650149 3.98322148
298 1187 4.3395035 0.0144650117 3.98322148
298 1187 4.33950245 0.0144650082 3.98322148
298 1187 4.33950294 0.0144650098 3.98322148
298 1187 4.33950203 0.0144650068 3.98322148
297 1185 4.33950239 0.014465008 3.98989899
297 1185 4.33949464 0.0144649821 3.98989899
297 1185 4.33943064 0.0144647688 3.98989899
297 1185 4.33943392 0.0144647797 3.98989899
297 1185 4.33942973 0.0144647658 3.98989899
297 1185 4.3394378 0.0144647927 3.98989899
297 1185 4.33943424 0.0144647808 3.98989899
297 1185 4.33943459 0.014464782 3.98989899
297 1185 4.33943497 0.0144647832 3.98989899
297 1185 4.33943508 0.0144647836 3.98989899
296 1174 4.32527283 0.0144175761 3.96621622
296 1173 4.32862013 0.0144287338 3.96283784
296 1164 4.31656419 0.0143885473 3.93243243
296 1164 4.31635763 0.0143878588 3.93243243
296 1164 4.31640267 0.0143880089 3.93243243
296 1164 4.31641298 0.0143880433 3.93243243
296 1164 4.31639907 0.0143879969 3.93243243
296 1164 4.31640636 0.0143880212 3.93243243
296 1164 4.31640268 0.0143880089 3.93243243
296 1164 4.3163997 0.014387999 3.93243243
295 1162 4.3164007 0.0143880023 3.93898305
295 1162 4.31643222 0.0143881074 3.93898305
295 1162 4.31634168 0.0143878056 3.93898305
295 1162 4.31642775 0.0143880925 3.93898305
295 1162 4.31657999 0.0143886 3.93898305
295 1162 4.31645829 0.0143881943 3.93898305
295 1162 4.31652645 0.0143884215 3.93898305
295 1162 4.31645339 0.014388178 3.93898305
295 1162 4.31651839 0.0143883946 3.93898305
295 1162 4.31645514 0.0143881838 3.93898305
294 1152 4.3008582 0.014336194 3.91836735
294 1152 4.30078336 0.0143359445 3.91836735
294 1152 4.30087202 0.0143362401 3.91836735
294 1152 4.30098223 0.0143366074 3.91836735
294 1152 4.30076557 0.0143358852 3.91836735
294 1152 4.30079065 0.0143359688 3.91836735
294 1152 4.30099151 0.0143366384 3.91836735
294 1152 4.30096851 0.0143365617 3.91836735
294 1152 4.30093007 0.0143364336 3.91836735
294 1152 4.30094743 0.0143364914 3.91836735
293 1142 4.2861158 0.0142870527 3.89761092
293 1142 4.28612671 0.014287089 3.89761092
293 1142 4.2861432 0.014287144 3.89761092
293 1142 4.28612418 0.0142870806 3.89761092
293 1142 4.2861069 0.014287023 3.89761092
293 1142 4.28611616 0.0142870539 3.89761092
293 1142 4.28611938 0.0142870646 3.89761092
293 1142 4.28611829 0.014287061 3.89761092
293 1142 4.28611836 0.0142870612 3.89761092
293 1142 4.28611898 0.0142870633 3.89761092
292 1135 4.26915183 0.0142305061 3.8869863
292 1135 4.26928409 0.014230947 3.8869863
292 1135 4.26934638 0.0142311546 3.8869863
292 1135 4.26940157 0.0142313386 3.8869863
292 1135 4.26942502 0.0142314167 3.8869863
292 1135 4.26943381 0.014231446 3.8869863
292 1135 4.26943868 0.0142314623 3.8869863
292 1135 4.26943871 0.0142314624 3.8869863
292 1135 4.26943856 0.0142314619 3.8869863
292 1135 4.26943865 0.0142314622 3.8869863
291 1128 4.25531499 0.0141843833 3.87628866
291 1128 4.25506445 0.0141835482 3.87628866
291 1128 4.2549166 0.0141830553 3.87628866
291 1128 4.25494898 0.0141831633 3.87628866
291 1128 4.2549519 0.014183173 3.87628866
291 1128 4.25495385 0.0141831795 3.87628866
291 1128 4.25495865 0.0141831955 3.87628866
291 1128 4.25495909 0.014183197 3.87628866
291 1128 4.2549588 0.014183196 3.87628866
291 1128 4.25495914 0.0141831971 3.87628866
290 1126 4.24349133 0.0141449711 3.88275862
290 1119 4.23325948 0.0141108649 3.85862069
290 1126 4.24364956 0.0141454985 3.88275862
290 1126 4.24346764 0.0141448921 3.88275862
290 1126 4.24352113 0.0141450704 3.88275862
290 1126 4.24365712 0.0141455237 3.88275862
290 1126 4.24342523 0.0141447508 3.88275862
290 1126 4.2435457 0.0141451523 3.88275862
290 1126 4.24364911 0.014145497 3.88275862
290 1126 4.24342418 0.0141447473 3.88275862
289 1117 4.22571218 0.0140857073 3.8650519
289 1117 4.22538623 0.0140846208 3.8650519
289 1117 4.2257717 0.0140859057 3.8650519
289 1117 4.22553589 0.0140851196 3.8650519
289 1117 4.22542952 0.0140847651 3.8650519
289 1117 4.22577677 0.0140859226 3.8650519
289 1117 4.22555858 0.0140851953 3.8650519
289 1117 4.22579537 0.0140859846 3.8650519
289 1117 4.22555049 0.0140851683 3.8650519
289 1117 4.22542779 0.0140847593 3.8650519
288 1109 4.20238614 0.0140079538 3.85069444
288 1112 4.21620543 0.0140540181 3.86111111
288 1113 4.21343539 0.0140447846 3.86458333
288 1109 4.20220815 0.0140073605 3.85069444
288 1109 4.20218265 0.0140072755 3.85069444
288 1109 4.20218452 0.0140072817 3.85069444
288 1109 4.20218003 0.0140072668 3.85069444
288 1109 4.20218155 0.0140072718 3.85069444
288 1109 4.20218197 0.0140072732 3.85069444
288 1109 4.20218156 0.0140072719 3.85069444
287 1104 4.19611119 0.0139870373 3.8466899
287 1104 4.19608407 0.0139869469 3.8466899
287 1104 4.19625809 0.013987527 3.8466899
287 1104 4.1962062 0.013987354 3.8466899
287 1104 4.19618762 0.0139872921 3.8466899
287 1104 4.1961923 0.0139873077 3.8466899
287 1104 4.19618747 0.0139872916 3.8466899
287 1104 4.19618855 0.0139872952 3.8466899
287 1104 4.19618774 0.0139872925 3.8466899
287 1104 4.19618772 0.0139872924 3.8466899
286 1096 4.1734639 0.0139115463 3.83216783
285 1083 4.17336821 0.0139112274 3.8
285 1083 4.17318901 0.01391063 3.8
285 1083 4.17318316 0.0139106105 3.8
285 1083 4.17321991 0.013910733 3.8
285 1083 4.1732659 0.0139108863 3.8
285 1083 4.17327967 0.0139109322 3.8
285 1083 4.17328467 0.0139109489 3.8
285 1083 4.1732869 0.0139109563 3.8
285 1083 4.17328729 0.0139109576 3.8
284 1076 4.1485763 0.0138285877 3.78873239
284 1077 4.1483486 0.0138278287 3.79225352
284 1073 4.13475876 0.0137825292 3.77816901
284 1072 4.13474944 0.0137824981 3.77464789
284 1074 4.14910579 0.0138303526 3.78169014
284 1077 4.15404943 0.0138468314 3.79225352
284 1078 4.14592103 0.0138197368 3.79577465
284 1072 4.14615539 0.013820518 3.77464789
284 1072 4.14646049 0.013821535 3.77464789
284 1072 4.14650366 0.0138216789 3.77464789
283 1065 4.13162083 0.0137720694 3.76325088
283 1065 4.13140127 0.0137713376 3.76325088
283 1065 4.131241 0.0137708033 3.76325088
283 1065 4.13127053 0.0137709018 3.76325088
283 1065 4.13127675 0.0137709225 3.76325088
283 1065 4.13127957 0.0137709319 3.76325088
283 1065 4.13128458 0.0137709486 3.76325088
283 1065 4.13128502 0.0137709501 3.76325088
283 1065 4.13128493 0.0137709498 3.76325088
283 1065 4.13128524 0.0137709508 3.76325088
282 1063 4.12149379 0.0137383126 3.76950355
282 1056 4.1116418 0.0137054727 3.74468085
282 1061 4.11960232 0.0137320077 3.76241135
282 1061 4.11971378 0.0137323793 3.76241135
282 1061 4.1198236 0.0137327453 3.76241135
282 1061 4.11986429 0.013732881 3.76241135
282 1061 4.11987228 0.0137329076 3.76241135
282 1061 4.11987054 0.0137329018 3.76241135
282 1061 4.11987036 0.0137329012 3.76241135
282 1061 4.11987008 0.0137329003 3.76241135
281 1054 4.1054888 0.0136849627 3.75088968
281 1054 4.10509701 0.0136836567 3.75088968
281 1054 4.10508535 0.0136836178 3.75088968
281 1054 4.10511124 0.0136837041 3.75088968
281 1054 4.10547717 0.0136849239 3.75088968
281 1054 4.10514879 0.0136838293 3.75088968
281 1054 4.10502351 0.0136834117 3.75088968
281 1054 4.1051211 0.013683737 3.75088968
281 1054 4.10507138 0.0136835713 3.75088968
281 1054 4.10520908 0.0136840303 3.75088968
280 1047 4.07945564 0.0135981855 3.73928571
280 1050 4.07297568 0.0135765856 3.75
280 1047 4.07944069 0.0135981356 3.73928571
280 1047 4.0796933 0.0135989777 3.73928571
280 1047 4.07966709 0.0135988903 3.73928571
280 1047 4.07963395 0.0135987798 3.73928571
280 1047 4.07962735 0.0135987578 3.73928571
280 1047 4.07962698 0.0135987566 3.73928571
280 1047 4.07962605 0.0135987535 3.73928571
280 1047 4.07962571 0.0135987524 3.73928571
279 1043 4.05909966 0.0135303322 3.73835125
279 1044 4.05462589 0.0135154196 3.74193548
279 1043 4.05897001 0.0135299 3.73835125
279 1043 4.05890906 0.0135296969 3.73835125
279 1043 4.05889041 0.0135296347 3.73835125
279 1043 4.05891604 0.0135297201 3.73835125
279 1043 4.058915 0.0135297167 3.73835125
279 1043 4.05891444 0.0135297148 3.73835125
279 1043 4.05891555 0.0135297185 3.73835125
279 1043 4.05891502 0.0135297167 3.73835125
278 1036 4.03858556 0.0134619519 3.72661871
278 1040 4.03699235 0.0134566412 3.74100719
278 1039 4.03160342 0.0134386781 3.73741007
278 1041 4.03461905 0.0134487302 3.74460432
278 1040 4.03725824 0.0134575275 3.74100719
278 1040 4.03698854 0.0134566285 3.74100719
278 1036 4.03852448 0.0134617483 3.72661871
278 1036 4.03841522 0.0134613841 3.72661871
278 1036 4.0384481 0.0134614937 3.72661871
278 1036 4.03842691 0.013461423 3.72661871
277 1033 4.01977142 0.0133992381 3.72924188
277 1033 4.0199641 0.0133998803 3.72924188
277 1027 4.00465849 0.0133488616 3.70758123
277 1031 4.00957426 0.0133652475 3.72202166
276 1024 4.00461231 0.0133487077 3.71014493
276 1023 3.99767843 0.0133255948 3.70652174
276 1027 4.00232644 0.0133410881 3.72101449
276 1029 4.00632819 0.0133544273 3.72826087
276 1028 4.01071482 0.0133690494 3.72463768
276 1028 4.010675 0.0133689167 3.72463768
275 1021 3.9925778 0.0133085927 3.71272727
275 1021 3.99253073 0.0133084358 3.71272727
275 1021 3.99252679 0.0133084226 3.71272727
275 1021 3.99252669 0.0133084223 3.71272727
275 1021 3.99252592 0.0133084197 3.71272727
275 1021 3.99252702 0.0133084234 3.71272727
275 1021 3.99252707 0.0133084236 3.71272727
275 1021 3.9925271 0.0133084237 3.71272727
275 1021 3.99252709 0.0133084236 3.71272727
275 1021 3.99252708 0.0133084236 3.71272727
274 1013 3.97042954 0.0132347651 3.69708029
274 1013 3.97051829 0.013235061 3.69708029
274 1013 3.97054193 0.0132351398 3.69708029
274 1013 3.97061694 0.0132353898 3.69708029
274 1013 3.97063631 0.0132354544 3.69708029
274 1013 3.97062942 0.0132354314 3.69708029
274 1013 3.97063663 0.0132354554 3.69708029
274 1013 3.97063805 0.0132354602 3.69708029
274 1013 3.97063826 0.0132354609 3.69708029
274 1013 3.9706381 0.0132354603 3.69708029
273 1008 3.94770925 0.0131590308 3.69230769
273 1012 3.94804315 0.0131601438 3.70695971
273 1015 3.94787909 0.013159597 3.71794872
273 1008 3.94756834 0.0131585611 3.69230769
273 1008 3.94755953 0.0131585318 3.69230769
273 1008 3.9475619 0.0131585397 3.69230769
273 1008 3.94757121 0.0131585707 3.69230769
273 1008 3.9475289 0.0131584297 3.69230769
273 1008 3.94756355 0.0131585452 3.69230769
273 1008 3.94756853 0.0131585618 3.69230769
272 1007 3.92746664 0.0130915555 3.70220588
272 1007 3.92750678 0.0130916893 3.70220588
272 1007 3.92740291 0.013091343 3.70220588
272 1007 3.92770367 0.0130923456 3.70220588
272 1007 3.92745744 0.0130915248 3.70220588
272 1007 3.92766193 0.0130922064 3.70220588
272 1007 3.92746232 0.0130915411 3.70220588
272 1007 3.92765825 0.0130921942 3.70220588
272 1007 3.9274642 0.0130915473 3.70220588
272 1007 3.92765768 0.0130921923 3.70220588
271 1002 3.90162968 0.0130054323 3.69741697
271 1000 3.90272462 0.0130090821 3.6900369
271 1004 3.90391674 0.0130130558 3.70479705
271 1000 3.90303601 0.01301012 3.6900369
271 1000 3.90284954 0.0130094985 3.6900369
271 1000 3.90280115 0.0130093372 3.6900369
271 1000 3.9028606 0.0130095353 3.6900369
271 1000 3.90282755 0.0130094252 3.6900369
271 1000 3.90285275 0.0130095092 3.6900369
271 1000 3.90282847 0.0130094282 3.6900369
270 995 3.87779089 0.0129259696 3.68518519
270 989 3.87524846 0.0129174949 3.66296296
270 995 3.87816476 0.0129272159 3.68518519
270 995 3.8778396 0.012926132 3.68518519
270 995 3.87783515 0.0129261172 3.68518519
270 995 3.87766319 0.012925544 3.68518519
270 995 3.8777714 0.0129259047 3.68518519
270 995 3.87779859 0.0129259953 3.68518519
270 995 3.87778171 0.012925939 3.68518519
270 995 3.87779814 0.0129259938 3.68518519
269 984 3.85216558 0.0128405519 3.65799257
269 992 3.85572547 0.0128524182 3.68773234
269 984 3.85226782 0.0128408927 3.65799257
269 984 3.85225022 0.0128408341 3.65799257
269 984 3.85219594 0.0128406531 3.65799257
269 984 3.85217583 0.0128405861 3.65799257
269 984 3.85217625 0.0128405875 3.65799257
269 984 3.852177 0.01284059 3.65799257
269 984 3.85217526 0.0128405842 3.65799257
269 984 3.85217538 0.0128405846 3.65799257
268 981 3.83166617 0.0127722206 3.66044776
268 981 3.83166242 0.0127722081 3.66044776
268 977 3.82694086 0.0127564695 3.64552239
268 981 3.83182312 0.0127727437 3.66044776
268 981 3.83182479 0.0127727493 3.66044776
268 981 3.8318074 0.0127726913 3.66044776
268 981 3.83194339 0.0127731446 3.66044776
268 981 3.83182821 0.0127727607 3.66044776
268 981 3.83195641 0.012773188 3.66044776
268 981 3.83182067 0.0127727356 3.66044776
267 974 3.8064495 0.012688165 3.64794007
267 974 3.8070858 0.012690286 3.64794007
267 974 3.80641652 0.0126880551 3.64794007
267 974 3.80647319 0.012688244 3.64794007
267 974 3.80653356 0.0126884452 3.64794007
267 974 3.80652037 0.0126884012 3.64794007
267 974 3.80652167 0.0126884056 3.64794007
267 974 3.80652048 0.0126884016 3.64794007
267 974 3.80652129 0.0126884043 3.64794007
267 974 3.80652078 0.0126884026 3.64794007
266 967 3.7820697 0.012606899 3.63533835
266 967 3.78188414 0.0126062805 3.63533835
266 967 3.7818188 0.0126060627 3.63533835
266 967 3.78184083 0.0126061361 3.63533835
266 967 3.7818435 0.012606145 3.63533835
266 967 3.78184362 0.0126061454 3.63533835
266 967 3.78184311 0.0126061437 3.63533835
266 967 3.78184301 0.0126061434 3.63533835
266 967 3.78184301 0.0126061434 3.63533835
266 967 3.78184302 0.0126061434 3.63533835
265 961 3.75564564 0.0125188188 3.62641509
265 961 3.75569798 0.0125189933 3.62641509
265 961 3.75578624 0.0125192875 3.62641509
265 961 3.75572726 0.0125190909 3.62641509
265 961 3.75572584 0.0125190861 3.62641509
265 961 3.75574384 0.0125191461 3.62641509
265 961 3.75574272 0.0125191424 3.62641509
265 961 3.75574319 0.012519144 3.62641509
265 961 3.75574386 0.0125191462 3.62641509
265 961 3.75574381 0.012519146 3.62641509
264 952 3.72579604 0.0124193201 3.60606061
264 952 3.72538978 0.0124179659 3.60606061
264 953 3.72418361 0.0124139454 3.60984848
264 952 3.72585521 0.0124195174 3.60606061
264 952 3.72535584 0.0124178528 3.60606061
264 952 3.72562155 0.0124187385 3.60606061
264 952 3.72592846 0.0124197615 3.60606061
264 952 3.72536505 0.0124178835 3.60606061
264 952 3.72561887 0.0124187296 3.60606061
264 952 3.7259506 0.0124198353 3.60606061
263 944 3.69506449 0.0123168816 3.58935361
263 944 3.6949942 0.0123166473 3.58935361
263 944 3.69533803 0.0123177934 3.58935361
263 944 3.69521606 0.0123173869 3.58935361
263 944 3.69549796 0.0123183265 3.58935361
263 944 3.69527772 0.0123175924 3.58935361
263 944 3.69549509 0.012318317 3.58935361
263 944 3.69528807 0.0123176269 3.58935361
263 944 3.69549641 0.0123183214 3.58935361
263 944 3.69528897 0.0123176299 3.58935361
262 939 3.66361294 0.0122120431 3.58396947
262 937 3.66268162 0.0122089387 3.57633588
262 939 3.66338785 0.0122112928 3.58396947
262 939 3.66363571 0.012212119 3.58396947
262 940 3.65947476 0.0121982492 3.58778626
262 939 3.66369023 0.0122123008 3.58396947
262 939 3.66348248 0.0122116083 3.58396947
262 939 3.66373056 0.0122124352 3.58396947
262 939 3.66364804 0.0122121601 3.58396947
262 939 3.66366053 0.0122122018 3.58396947
261 932 3.632859 0.01210953 3.57088123
261 932 3.63291081 0.0121097027 3.57088123
261 932 3.63250638 0.0121083546 3.57088123
261 932 3.63269966 0.0121089989 3.57088123
261 932 3.63263409 0.0121087803 3.57088123
261 932 3.63264441 0.0121088147 3.57088123
261 932 3.63263958 0.0121087986 3.57088123
261 932 3.63264154 0.0121088051 3.57088123
261 932 3.63264127 0.0121088042 3.57088123
261 932 3.63264141 0.0121088047 3.57088123
260 926 3.60503053 0.0120167684 3.56153846
260 925 3.59324765 0.0119774922 3.55769231
260 926 3.61822883 0.0120607628 3.56153846
260 924 3.62325238 0.0120775079 3.55384615
260 924 3.62356346 0.0120785449 3.55384615
260 926 3.62155466 0.0120718489 3.56153846
260 924 3.62359488 0.0120786496 3.55384615
260 924 3.62354238 0.0120784746 3.55384615
260 924 3.62351765 0.0120783922 3.55384615
260 924 3.62351772 0.0120783924 3.55384615
259 917 3.59297262 0.0119765754 3.54054054
259 917 3.59298806 0.0119766269 3.54054054
259 919 3.59144491 0.011971483 3.54826255
259 917 3.59289764 0.0119763255 3.54054054
259 917 3.59294982 0.0119764994 3.54054054
259 917 3.59322279 0.0119774093 3.54054054
259 917 3.59316958 0.0119772319 3.54054054
259 917 3.59316207 0.0119772069 3.54054054
259 917 3.59316243 0.0119772081 3.54054054
259 917 3.59316363 0.0119772121 3.54054054
258 912 3.56287262 0.0118762421 3.53488372
258 908 3.56393058 0.0118797686 3.51937984
258 912 3.56259241 0.011875308 3.53488372
258 912 3.56272832 0.0118757611 3.53488372
258 912 3.56269285 0.0118756428 3.53488372
258 912 3.56268219 0.0118756073 3.53488372
258 912 3.56267616 0.0118755872 3.53488372
258 912 3.56267623 0.0118755874 3.53488372
258 912 3.56267663 0.0118755888 3.53488372
258 912 3.56267623 0.0118755874 3.53488372
257 903 3.53480031 0.0117826677 3.51361868
257 903 3.53449162 0.0117816387 3.51361868
257 903 3.53475203 0.0117825068 3.51361868
257 903 3.53470673 0.0117823558 3.51361868
257 903 3.53464085 0.0117821362 3.51361868
257 903 3.53468652 0.0117822884 3.51361868
257 903 3.53466383 0.0117822128 3.51361868
257 903 3.53466531 0.0117822177 3.51361868
257 903 3.53466654 0.0117822218 3.51361868
257 903 3.5346663 0.011782221 3.51361868
256 897 3.50525008 0.0116841669 3.50390625
256 897 3.50510306 0.0116836769 3.50390625
256 900 3.51291375 0.0117097125 3.515625
256 897 3.50545057 0.0116848352 3.50390625
256 900 3.51296086 0.0117098695 3.515625
256 900 3.51266301 0.0117088767 3.515625
256 900 3.5126795 0.0117089317 3.515625
256 900 3.51266417 0.0117088806 3.515625
256 900 3.51267208 0.0117089069 3.515625
256 900 3.51266836 0.0117088945 3.515625
255 894 3.48351851 0.0116117284 3.50588235
255 894 3.48402034 0.0116134011 3.50588235
255 892 3.47995261 0.011599842 3.49803922
255 894 3.48402396 0.0116134132 3.50588235
255 894 3.48395574 0.0116131858 3.50588235
255 894 3.48403524 0.0116134508 3.50588235
255 894 3.48401561 0.0116133854 3.50588235
255 894 3.48402996 0.0116134332 3.50588235
255 894 3.48402939 0.0116134313 3.50588235
255 894 3.48402907 0.0116134302 3.50588235
254 886 3.45168367 0.0115056122 3.48818898
254 886 3.45152789 0.011505093 3.48818898
254 886 3.45127341 0.0115042447 3.48818898
254 886 3.45130769 0.011504359 3.48818898
254 886 3.45140935 0.0115046978 3.48818898
254 885 3.44905378 0.0114968459 3.48425197
254 886 3.4514693 0.0115048977 3.48818898
254 886 3.45128893 0.0115042964 3.48818898
254 886 3.45149645 0.0115049882 3.48818898
254 886 3.45148132 0.0115049377 3.48818898
253 877 3.41719188 0.0113906396 3.46640316
253 877 3.4171542 0.011390514 3.46640316
253 877 3.41699933 0.0113899978 3.46640316
253 877 3.4170005 0.0113900017 3.46640316
253 877 3.41700324 0.0113900108 3.46640316
253 877 3.41700391 0.011390013 3.46640316
253 877 3.41700507 0.0113900169 3.46640316
253 877 3.41700549 0.0113900183 3.46640316
253 877 3.41700607 0.0113900202 3.46640316
253 877 3.41700606 0.0113900202 3.46640316
252 873 3.3865919 0.0112886397 3.46428571
252 871 3.38297714 0.0112765905 3.45634921
252 875 3.39681254 0.0113227085 3.47222222
252 871 3.39803633 0.0113267878 3.45634921
252 871 3.39791395 0.0113263798 3.45634921
252 871 3.39781278 0.0113260426 3.45634921
252 871 3.39781383 0.0113260461 3.45634921
252 871 3.39781973 0.0113260658 3.45634921
252 871 3.39782043 0.0113260681 3.45634921
252 871 3.39781996 0.0113260665 3.45634921
251 861 3.36917436 0.0112305812 3.43027888
251 863 3.36364432 0.0112121477 3.43824701
251 861 3.36909235 0.0112303078 3.43027888
251 861 3.36918583 0.0112306194 3.43027888
251 861 3.36918656 0.0112306219 3.43027888
251 861 3.36917711 0.0112305904 3.43027888
251 861 3.36917597 0.0112305866 3.43027888
251 861 3.36917622 0.0112305874 3.43027888
251 861 3.36917641 0.011230588 3.43027888
251 861 3.36917634 0.0112305878 3.43027888
250 853 3.33613666 0.0111204555 3.412
250 853 3.33620355 0.0111206785 3.412
250 853 3.33631204 0.0111210401 3.412
250 853 3.33651947 0.0111217316 3.412
250 853 3.33626588 0.0111208863 3.412
250 853 3.33631537 0.0111210512 3.412
250 853 3.33632064 0.0111210688 3.412
250 853 3.33632203 0.0111210734 3.412
250 853 3.33632878 0.0111210959 3.412
250 853 3.33632518 0.0111210839 3.412
249 845 3.30392347 0.0110130782 3.3935743
249 845 3.3037342 0.0110124473 3.3935743
249 845 3.30364209 0.0110121403 3.3935743
249 845 3.30372308 0.0110124103 3.3935743
249 845 3.30345282 0.0110115094 3.3935743
249 845 3.30368322 0.0110122774 3.3935743
249 845 3.30369902 0.0110123301 3.3935743
249 845 3.30344094 0.0110114698 3.3935743
249 845 3.30367964 0.0110122655 3.3935743
249 845 3.30369916 0.0110123305 3.3935743
248 838 3.26947737 0.0108982579 3.37903226
248 833 3.26533444 0.0108844481 3.35887097
248 841 3.26092107 0.0108697369 3.39112903
248 839 3.2744944 0.0109149813 3.38306452
248 835 3.2881937 0.0109606457 3.36693548
248 835 3.28804155 0.0109601385 3.36693548
248 835 3.28808216 0.0109602739 3.36693548
248 835 3.28790774 0.0109596925 3.36693548
248 835 3.28779296 0.0109593099 3.36693548
248 835 3.28781875 0.0109593958 3.36693548
247 828 3.25917455 0.0108639152 3.35222672
247 827 3.25486459 0.0108495486 3.34817814
247 827 3.2544639 0.010848213 3.34817814
247 827 3.25446178 0.0108482059 3.34817814
247 827 3.2545418 0.0108484727 3.34817814
247 827 3.25456267 0.0108485422 3.34817814
247 827 3.25455613 0.0108485204 3.34817814
247 827 3.25455535 0.0108485178 3.34817814
247 827 3.25455621 0.0108485207 3.34817814
247 827 3.25455601 0.01084852 3.34817814
246 820 3.22581336 0.0107527112 3.33333333
246 824 3.22221838 0.0107407279 3.3495935
246 820 3.22595223 0.0107531741 3.33333333
246 820 3.22634215 0.0107544738 3.33333333
246 815 3.20885075 0.0106961692 3.31300813
246 818 3.22347867 0.0107449289 3.32520325
246 820 3.22633019 0.010754434 3.33333333
246 820 3.2261687 0.0107538957 3.33333333
246 820 3.22641544 0.0107547181 3.33333333
246 823 3.22741919 0.010758064 3.34552846
245 820 3.19738396 0.0106579465 3.34693878
245 826 3.19804386 0.0106601462 3.37142857
245 826 3.19786125 0.0106595375 3.37142857
245 826 3.19782892 0.0106594297 3.37142857
245 826 3.19773182 0.0106591061 3.37142857
245 826 3.19781285 0.0106593762 3.37142857
245 826 3.19772606 0.0106590869 3.37142857
245 826 3.19781079 0.0106593693 3.37142857
245 826 3.19772658 0.0106590886 3.37142857
245 826 3.19781088 0.0106593696 3.37142857
244 819 3.16552586 0.0105517529 3.35655738
244 820 3.16364203 0.0105454734 3.36065574
244 817 3.13862345 0.0104620782 3.34836066
244 821 3.16809878 0.0105603293 3.3647541
244 819 3.16541079 0.0105513693 3.35655738
244 821 3.16165804 0.0105388601 3.3647541
244 816 3.16801777 0.0105600592 3.3442623
244 816 3.16813888 0.0105604629 3.3442623
244 816 3.16804962 0.0105601654 3.3442623
244 816 3.16812563 0.0105604188 3.3442623
243 813 3.13888947 0.0104629649 3.34567901
243 813 3.13854748 0.0104618249 3.34567901
243 813 3.13877329 0.0104625776 3.34567901
243 813 3.13876121 0.0104625374 3.34567901
243 813 3.13874404 0.0104624801 3.34567901
243 813 3.13874106 0.0104624702 3.34567901
243 813 3.13874144 0.0104624715 3.34567901
243 813 3.13874191 0.010462473 3.34567901
243 813 3.13874205 0.0104624735 3.34567901
243 813 3.13874204 0.0104624735 3.34567901
242 802 3.10627384 0.0103542461 3.31404959
242 802 3.10591576 0.0103530525 3.31404959
242 802 3.10625248 0.0103541749 3.31404959
242 802 3.10624495 0.0103541498 3.31404959
242 802 3.10623702 0.0103541234 3.31404959
242 802 3.10623756 0.0103541252 3.31404959
242 802 3.10623833 0.0103541278 3.31404959
242 802 3.10623815 0.0103541272 3.31404959
242 802 3.10623823 0.0103541274 3.31404959
242 802 3.10623825 0.0103541275 3.31404959
241 792 3.07595507 0.0102531836 3.28630705
241 792 3.07583246 0.0102527749 3.28630705
241 792 3.07569633 0.0102523211 3.28630705
241 792 3.07578564 0.0102526188 3.28630705
241 792 3.07575182 0.0102525061 3.28630705
241 792 3.07568976 0.0102522992 3.28630705
241 792 3.07579112 0.0102526371 3.28630705
241 792 3.0757477 0.0102524923 3.28630705
241 792 3.07568978 0.0102522993 3.28630705
241 792 3.0757907 0.0102526357 3.28630705
240 788 3.04248463 0.0101416154 3.28333333
240 789 3.02046167 0.0100682056 3.2875
240 795 3.04886165 0.0101628722 3.3125
240 796 3.05250611 0.0101750204 3.31666667
240 796 3.05255392 0.0101751797 3.31666667
240 795 3.04889515 0.0101629838 3.3125
240 795 3.04877259 0.0101625753 3.3125
240 796 3.05222054 0.0101740685 3.31666667
240 796 3.05252094 0.0101750698 3.31666667
240 796 3.05254071 0.0101751357 3.31666667
239 785 3.0206241 0.010068747 3.28451883
239 785 3.02048595 0.0100682865 3.28451883
239 785 3.02039406 0.0100679802 3.28451883
239 785 3.02044113 0.0100681371 3.28451883
239 785 3.02045372 0.0100681791 3.28451883
239 785 3.02045312 0.0100681771 3.28451883
239 785 3.02045249 0.010068175 3.28451883
239 785 3.02045202 0.0100681734 3.28451883
239 785 3.02045202 0.0100681734 3.28451883
239 785 3.02045205 0.0100681735 3.28451883
238 782 2.98615668 0.00995385559 3.28571429
238 780 2.9641947 0.009880649 3.27731092
238 782 2.98624219 0.00995414065 3.28571429
238 782 2.98638854 0.00995462848 3.28571429
238 782 2.98636761 0.00995455872 3.28571429
238 782 2.98637349 0.00995457831 3.28571429
238 782 2.98637112 0.00995457039 3.28571429
238 782 2.98637104 0.00995457014 3.28571429
238 782 2.98637122 0.00995457074 3.28571429
238 782 2.98637117 0.00995457057 3.28571429
237 777 2.95403652 0.00984678838 3.27848101
237 777 2.95388416 0.00984628054 3.27848101
237 777 2.9530217 0.00984340568 3.27848101
237 777 2.95365509 0.00984551697 3.27848101
237 777 2.95310734 0.00984369113 3.27848101
237 777 2.95364118 0.00984547059 3.27848101
237 777 2.95311774 0.00984372579 3.27848101
237 777 2.95364797 0.00984549323 3.27848101
237 777 2.95311884 0.00984372946 3.27848101
237 777 2.95364823 0.00984549412 3.27848101
236 769 2.91941828 0.00973139425 3.25847458
236 772 2.91973124 0.00973243747 3.27118644
236 772 2.92036674 0.0097345558 3.27118644
236 769 2.91894134 0.00972980445 3.25847458
236 769 2.91908273 0.00973027578 3.25847458
236 769 2.91905373 0.00973017909 3.25847458
236 769 2.9189844 0.00972994799 3.25847458
236 769 2.91898573 0.00972995242 3.25847458
236 769 2.91898805 0.00972996017 3.25847458
236 769 2.91898992 0.00972996641 3.25847458
235 764 2.88670672 0.00962235572 3.25106383
235 764 2.88678267 0.0096226089 3.25106383
235 764 2.88698441 0.00962328138 3.25106383
235 764 2.88691956 0.00962306518 3.25106383
235 764 2.88669617 0.00962232058 3.25106383
235 764 2.88690548 0.00962301826 3.25106383
235 764 2.88691706 0.00962305687 3.25106383
235 764 2.88669734 0.00962232447 3.25106383
235 764 2.88690855 0.00962302851 3.25106383
235 764 2.8869166 0.00962305535 3.25106383
234 757 2.85215614 0.00950718715 3.23504274
234 757 2.85217267 0.00950724224 3.23504274
234 757 2.85220244 0.00950734148 3.23504274
234 757 2.85224208 0.0095074736 3.23504274
234 757 2.85223186 0.00950743954 3.23504274
234 757 2.85223341 0.00950744469 3.23504274
234 757 2.85223288 0.00950744293 3.23504274
234 757 2.85223265 0.00950744218 3.23504274
234 757 2.85223286 0.00950744286 3.23504274
234 757 2.8522328 0.00950744268 3.23504274
233 751 2.81709264 0.0093903088 3.22317597
233 751 2.81680507 0.00938935023 3.22317597
233 751 2.81678452 0.00938928172 3.22317597
233 751 2.81679072 0.00938930241 3.22317597
233 751 2.81678333 0.00938927777 3.22317597
233 751 2.81678337 0.00938927791 3.22317597
233 751 2.81678324 0.00938927746 3.22317597
233 751 2.81678323 0.00938927744 3.22317597
233 751 2.81678324 0.00938927745 3.22317597
233 751 2.81678323 0.00938927742 3.22317597
232 744 2.78076635 0.00926922117 3.20689655
232 747 2.74230714 0.00914102381 3.21982759
232 744 2.78095282 0.00926984274 3.20689655
232 744 2.78059504 0.00926865014 3.20689655
232 744 2.78077301 0.00926924338 3.20689655
232 744 2.7807449 0.00926914967 3.20689655
232 744 2.78074996 0.00926916653 3.20689655
232 744 2.78074807 0.00926916023 3.20689655
232 744 2.78074841 0.00926916138 3.20689655
232 744 2.78074836 0.00926916121 3.20689655
231 740 2.74074452 0.00913581508 3.2034632
231 740 2.74082598 0.00913608659 3.2034632
231 740 2.7407112 0.009135704 3.2034632
231 740 2.74092379 0.00913641263 3.2034632
231 740 2.74086643 0.00913622145 3.2034632
231 740 2.74076025 0.00913586751 3.2034632
231 737 2.73563935 0.00911879783 3.19047619
231 740 2.73765932 0.00912553105 3.2034632
230 734 2.70864725 0.00902882416 3.19130435
230 734 2.70870395 0.00902901318 3.19130435
229 730 2.67059965 0.00890199884 3.18777293
229 727 2.67068563 0.00890228543 3.17467249
229 727 2.67091397 0.00890304657 3.17467249
229 727 2.67052647 0.00890175491 3.17467249
229 727 2.67068732 0.00890229108 3.17467249
229 729 2.67302104 0.00891007012 3.18340611
229 729 2.67324491 0.00891081638 3.18340611
229 728 2.66990883 0.0088996961 3.1790393
229 727 2.67095551 0.00890318503 3.17467249
229 727 2.6708811 0.008902937 3.17467249
228 722 2.63669933 0.00878899777 3.16666667
228 722 2.63660658 0.0087886886 3.16666667
228 722 2.6365823 0.00878860767 3.16666667
228 722 2.63669415 0.0087889805 3.16666667
228 722 2.63664047 0.00878880156 3.16666667
228 722 2.63663988 0.00878879961 3.16666667
228 722 2.63664304 0.00878881012 3.16666667
228 722 2.63664353 0.00878881175 3.16666667
228 722 2.63664346 0.00878881152 3.16666667
228 722 2.63664336 0.0087888112 3.16666667
227 718 2.59960756 0.00866535854 3.16299559
227 713 2.59588915 0.00865296383 3.14096916
227 714 2.59517653 0.00865058843 3.14537445
227 715 2.58336228 0.00861120759 3.14977974
227 714 2.59533929 0.00865113098 3.14537445
227 714 2.59523914 0.00865079712 3.14537445
227 714 2.56490134 0.00854967114 3.14537445
227 714 2.5952782 0.00865092732 3.14537445
227 714 2.59495806 0.00864986021 3.14537445
227 716 2.59541926 0.00865139754 3.15418502
226 709 2.56344759 0.00854482529 3.13716814
226 709 2.56347691 0.00854492303 3.13716814
226 709 2.56355779 0.00854519262 3.13716814
226 709 2.56352115 0.0085450705 3.13716814
226 709 2.56350231 0.00854500769 3.13716814
226 709 2.56338688 0.00854462295 3.13716814
226 709 2.56341504 0.00854471681 3.13716814
226 709 2.56341489 0.00854471632 3.13716814
226 709 2.56341438 0.0085447146 3.13716814
226 709 2.56341617 0.00854472057 3.13716814
225 704 2.53118888 0.00843729626 3.12888889
225 702 2.49805914 0.00832686379 3.12
225 702 2.52773934 0.0084257978 3.12
225 706 2.51033038 0.00836776793 3.13777778
225 702 2.52743472 0.00842478241 3.12
225 702 2.52729825 0.00842432751 3.12
225 702 2.52750227 0.00842500757 3.12
225 701 2.52796599 0.0084265533 3.11555556
225 701 2.53027253 0.00843424176 3.11555556
225 701 2.53110057 0.0084370019 3.11555556
224 697 2.49237345 0.00830791149 3.11160714
224 697 2.49597874 0.00831992912 3.11160714
224 697 2.49601754 0.00832005847 3.11160714
224 697 2.49598861 0.00831996204 3.11160714
224 697 2.4959897 0.00831996566 3.11160714
224 697 2.49599015 0.00831996716 3.11160714
224 697 2.49598979 0.00831996598 3.11160714
224 697 2.49598977 0.00831996589 3.11160714
224 697 2.49598977 0.00831996591 3.11160714
224 697 2.49598977 0.0083199659 3.11160714
223 693 2.46026048 0.00820086825 3.10762332
223 693 2.46091193 0.00820303977 3.10762332
223 693 2.46042354 0.00820141182 3.10762332
223 693 2.46060717 0.00820202389 3.10762332
223 694 2.46009862 0.00820032872 3.11210762
223 693 2.4608062 0.00820268734 3.10762332
223 693 2.46025824 0.00820086079 3.10762332
223 693 2.46060623 0.00820202077 3.10762332
223 693 2.46013708 0.00820045693 3.10762332
223 693 2.46015275 0.00820050916 3.10762332
222 689 2.42823745 0.00809412484 3.1036036
222 689 2.42862276 0.00809540921 3.1036036
222 689 2.42845158 0.00809483862 3.1036036
222 689 2.42842645 0.00809475484 3.1036036
222 689 2.42873991 0.00809579971 3.1036036
222 689 2.42856581 0.00809521938 3.1036036
222 689 2.42847308 0.00809491028 3.1036036
222 689 2.42873882 0.00809579606 3.1036036
222 689 2.42856604 0.00809522013 3.1036036
222 689 2.42847352 0.00809491175 3.1036036
221 685 2.39412597 0.0079804199 3.09954751
221 680 2.38402823 0.00794676076 3.07692308
221 680 2.40636315 0.00802121049 3.07692308
221 683 2.39693963 0.00798979876 3.09049774
221 681 2.40640544 0.00802135147 3.08144796
221 684 2.39997556 0.00799991852 3.09502262
221 680 2.40483446 0.00801611485 3.07692308
221 680 2.4063794 0.00802126466 3.07692308
221 681 2.4068519 0.00802283967 3.08144796
221 680 2.4089704 0.00802990134 3.07692308
220 676 2.37857047 0.00792856824 3.07272727
220 676 2.37833623 0.00792778745 3.07272727
220 676 2.37831014 0.00792770046 3.07272727
220 676 2.37833185 0.00792777282 3.07272727
220 676 2.37833654 0.00792778845 3.07272727
220 676 2.3783365 0.00792778833 3.07272727
220 676 2.37833685 0.00792778951 3.07272727
220 676 2.37833641 0.00792778805 3.07272727
220 676 2.37833663 0.00792778878 3.07272727
220 676 2.37833645 0.00792778817 3.07272727
219 670 2.33862352 0.00779541175 3.05936073
219 669 2.33612935 0.00778709782 3.05479452
219 673 2.34511096 0.00781703653 3.07305936
219 673 2.34221737 0.00780739122 3.07305936
219 670 2.35151993 0.00783839976 3.05936073
219 667 2.35993136 0.00786643785 3.0456621
219 667 2.35975216 0.00786584053 3.0456621
219 667 2.35980171 0.0078660057 3.0456621
219 667 2.35977892 0.00786592973 3.0456621
219 667 2.35979228 0.00786597425 3.0456621
218 663 2.32659366 0.0077553122 3.0412844
218 663 2.3262816 0.00775427201 3.0412844
218 663 2.3263459 0.00775448632 3.0412844
218 663 2.32636799 0.00775455996 3.0412844
218 663 2.32635469 0.00775451563 3.0412844
218 663 2.32636131 0.00775453771 3.0412844
218 663 2.32636431 0.00775454771 3.0412844
218 663 2.32636304 0.00775454347 3.0412844
218 663 2.32636335 0.00775454451 3.0412844
218 663 2.32636358 0.00775454527 3.0412844
217 659 2.29774083 0.0076591361 3.03686636
217 659 2.29779617 0.00765932057 3.03686636
217 659 2.29785124 0.00765950414 3.03686636
217 659 2.29792946 0.00765976486 3.03686636
217 659 2.29718947 0.00765729822 3.03686636
217 659 2.29780323 0.00765934409 3.03686636
217 659 2.2979586 0.00765986198 3.03686636
217 659 2.29719501 0.00765731671 3.03686636
217 659 2.29780541 0.00765935137 3.03686636
217 659 2.29795961 0.00765986535 3.03686636
216 653 2.24804091 0.0074934697 3.02314815
215 650 2.22592928 0.00741976427 3.02325581
215 649 2.21036896 0.00736789654 3.01860465
215 650 2.22627681 0.0074209227 3.02325581
215 650 2.2259982 0.00741999402 3.02325581
215 650 2.22593427 0.00741978089 3.02325581
215 650 2.22585389 0.00741951295 3.02325581
215 650 2.22584875 0.00741949584 3.02325581
215 650 2.22584852 0.00741949508 3.02325581
215 650 2.22584805 0.0074194935 3.02325581
214 645 2.1852874 0.00728429134 3.01401869
214 646 2.16918202 0.00723060673 3.01869159
214 645 2.18561241 0.00728537469 3.01401869
214 645 2.18523459 0.0072841153 3.01401869
214 645 2.18515059 0.00728383529 3.01401869
214 645 2.18511465 0.00728371549 3.01401869
214 645 2.18607069 0.00728690229 3.01401869
214 645 2.18588752 0.00728629174 3.01401869
214 645 2.18545982 0.00728486607 3.01401869
214 645 2.18515819 0.00728386063 3.01401869
213 639 2.14582081 0.00715273602 3
213 639 2.14619272 0.00715397573 3
213 635 2.14017361 0.00713391203 2.98122066
213 639 2.14627213 0.00715424042 3
213 639 2.14683014 0.00715610046 3
213 639 2.14618074 0.0071539358 3
213 639 2.1467127 0.00715570899 3
213 639 2.14620314 0.00715401048 3
213 639 2.14671925 0.00715573083 3
213 639 2.1462014 0.00715400467 3
212 629 2.10685068 0.00702283559 2.96698113
212 637 2.11993446 0.00706644818 3.00471698
212 637 2.12811302 0.00709371006 3.00471698
212 629 2.09808019 0.00699360063 2.96698113
212 633 2.13033717 0.00710112389 2.98584906
212 634 2.12558693 0.00708528978 2.99056604
212 633 2.12995059 0.0070998353 2.98584906
212 633 2.13003658 0.00710012193 2.98584906
212 633 2.13003466 0.00710011552 2.98584906
212 633 2.13002741 0.00710009137 2.98584906
211 630 2.09793694 0.00699312313 2.98578199
211 627 2.09804989 0.00699349964 2.97156398
211 634 2.09370602 0.00697902007 3.00473934
211 629 2.08285304 0.00694284347 2.98104265
211 630 2.09826874 0.00699422914 2.98578199
211 630 2.09796051 0.00699320169 2.98578199
211 630 2.0980714 0.00699357132 2.98578199
211 630 2.09821331 0.00699404437 2.98578199
211 630 2.09834305 0.00699447683 2.98578199
211 630 2.09781536 0.00699271786 2.98578199
210 624 2.06733867 0.0068911289 2.97142857
210 624 2.06733709 0.00689112364 2.97142857
210 624 2.06739945 0.00689133151 2.97142857
210 624 2.06740338 0.00689134459 2.97142857
210 624 2.06741067 0.00689136891 2.97142857
210 624 2.0674122 0.006891374 2.97142857
210 624 2.06741232 0.0068913744 2.97142857
210 624 2.06741227 0.00689137425 2.97142857
210 624 2.06741225 0.00689137416 2.97142857
210 624 2.06741224 0.00689137414 2.97142857
209 621 2.03469466 0.00678231554 2.97129187
209 620 2.02676481 0.00675588271 2.96650718
208 615 2.01556781 0.00671855938 2.95673077
208 618 2.01790938 0.00672636461 2.97115385
208 615 2.00976449 0.00669921497 2.95673077
208 618 2.0118929 0.00670630965 2.97115385
208 615 2.02422548 0.00674741827 2.95673077
208 615 2.02408273 0.00674694243 2.95673077
208 615 2.02400983 0.00674669944 2.95673077
208 615 2.02430346 0.00674767819 2.95673077
207 609 1.9951934 0.00665064466 2.94202899
207 611 1.99219629 0.00664065429 2.95169082
207 608 1.98377725 0.00661259082 2.93719807
207 607 1.99595991 0.00665319971 2.93236715
207 608 2.00646104 0.00668820347 2.93719807
207 612 1.9940482 0.00664682733 2.95652174
207 609 2.01037981 0.00670126603 2.94202899
207 610 2.00769407 0.00669231356 2.9468599
207 611 2.00201961 0.00667339869 2.95169082
206 604 1.98905969 0.00663019896 2.93203883
205 601 1.96644176 0.00655480587 2.93170732
205 599 1.98177669 0.0066059223 2.92195122
205 598 1.96494989 0.00654983296 2.91707317
205 596 1.96821608 0.00656072026 2.90731707
205 600 1.9628872 0.00654295733 2.92682927
205 599 1.96177245 0.0065392415 2.92195122
204 592 1.95788982 0.00652629941 2.90196078
204 592 1.95798693 0.00652662311 2.90196078
204 592 1.95816454 0.00652721514 2.90196078
204 592 1.95799195 0.00652663985 2.90196078
203 587 1.93111378 0.00643704593 2.89162562
203 589 1.92891447 0.0064297149 2.90147783
202 584 1.92886852 0.00642956173 2.89108911
202 584 1.93523752 0.00645079173 2.89108911
202 584 1.93509061 0.00645030205 2.89108911
202 584 1.93513062 0.0064504354 2.89108911
202 584 1.93513602 0.0064504534 2.89108911
202 584 1.9351478 0.00645049266 2.89108911
202 584 1.93514378 0.00645047927 2.89108911
202 584 1.93514479 0.00645048264 2.89108911
201 581 1.91936898 0.00639789661 2.89054726
201 581 1.91942203 0.00639807344 2.89054726
201 581 1.91930252 0.00639767507 2.89054726
201 581 1.91942909 0.00639809698 2.89054726
201 581 1.91949331 0.00639831103 2.89054726
201 581 1.91929602 0.00639765339 2.89054726
201 581 1.9194311 0.00639810365 2.89054726
201 581 1.91949267 0.00639830892 2.89054726
201 581 1.91929615 0.00639765383 2.89054726
201 581 1.91943104 0.00639810346 2.89054726
200 576 1.89149269 0.00630497565 2.88
200 578 1.89968599 0.00633228662 2.89
200 578 1.89971335 0.00633237783 2.89
200 578 1.89971609 0.00633238697 2.89
200 578 1.89970391 0.00633234637 2.89
200 578 1.8997016 0.00633233866 2.89
200 578 1.89970159 0.00633233864 2.89
200 578 1.89970165 0.00633233883 2.89
200 578 1.89970145 0.00633233816 2.89
200 578 1.89970135 0.00633233782 2.89
199 573 1.87189406 0.00623964688 2.87939698
199 573 1.87190897 0.00623969656 2.87939698
199 573 1.87181169 0.00623937231 2.87939698
199 573 1.87202306 0.00624007687 2.87939698
199 573 1.87178081 0.00623926938 2.87939698
199 573 1.87200355 0.00624001182 2.87939698
199 573 1.87179427 0.00623931425 2.87939698
199 573 1.87202763 0.00624009209 2.87939698
199 573 1.8717812 0.00623927066 2.87939698
199 573 1.87200376 0.00624001253 2.87939698
198 569 1.84305118 0.00614350392 2.87373737
198 567 1.84364167 0.00614547223 2.86363636
198 566 1.84209553 0.00614031842 2.85858586
198 568 1.87034699 0.00623448998 2.86868687
198 565 1.86018667 0.00620062224 2.85353535
198 565 1.85775132 0.0061925044 2.85353535
198 569 1.84993147 0.00616643822 2.87373737
197 562 1.84452944 0.00614843147 2.85279188
197 562 1.84453533 0.00614845112 2.85279188
197 562 1.84472243 0.00614907478 2.85279188
196 555 1.81968708 0.0060656236 2.83163265
196 555 1.8195613 0.00606520433 2.83163265
196 557 1.82100413 0.00607001377 2.84183673
196 556 1.79665495 0.00598884984 2.83673469
196 554 1.79933749 0.00599779165 2.82653061
196 557 1.820548 0.00606849334 2.84183673
196 557 1.8209989 0.00606999635 2.84183673
196 557 1.82119662 0.0060706554 2.84183673
196 557 1.82080896 0.00606936319 2.84183673
196 557 1.82095478 0.00606984928 2.84183673
195 551 1.79652733 0.00598842444 2.82564103
195 551 1.79745172 0.00599150573 2.82564103
195 551 1.79656663 0.00598855544 2.82564103
195 551 1.79643237 0.00598810791 2.82564103
195 551 1.79644361 0.00598814537 2.82564103
195 551 1.79643252 0.00598810839 2.82564103
195 551 1.79643413 0.00598811376 2.82564103
195 551 1.79643391 0.00598811304 2.82564103
195 551 1.79643429 0.00598811429 2.82564103
195 551 1.79643424 0.00598811412 2.82564103
194 545 1.77328161 0.00591093869 2.80927835
194 545 1.77381074 0.00591270245 2.80927835
194 545 1.77346118 0.00591153728 2.80927835
194 545 1.77339214 0.00591130713 2.80927835
194 545 1.77338993 0.00591129976 2.80927835
194 545 1.77346828 0.00591156094 2.80927835
194 545 1.77340802 0.00591136006 2.80927835
194 545 1.77338324 0.00591127745 2.80927835
194 545 1.77347044 0.00591156813 2.80927835
194 545 1.7734081 0.00591136032 2.80927835
193 540 1.74575627 0.00581918756 2.79792746
193 540 1.74238894 0.00580796312 2.79792746
193 541 1.73990115 0.0057996705 2.80310881
193 541 1.7421709 0.00580723634 2.80310881
193 540 1.74573396 0.00581911319 2.79792746
193 540 1.74568812 0.0058189604 2.79792746
193 540 1.74571077 0.0058190359 2.79792746
193 540 1.74569038 0.00581896794 2.79792746
193 540 1.74569012 0.00581896706 2.79792746
193 540 1.7456891 0.00581896367 2.79792746
192 535 1.7188484 0.00572949465 2.78645833
192 536 1.71981545 0.00573271817 2.79166667
192 536 1.71975901 0.00573253004 2.79166667
192 536 1.71978876 0.00573262921 2.79166667
192 536 1.71979447 0.00573264824 2.79166667
192 536 1.71979588 0.00573265294 2.79166667
192 536 1.71979352 0.00573264506 2.79166667
192 536 1.71979252 0.00573264173 2.79166667
192 536 1.71979222 0.00573264072 2.79166667
192 536 1.71979218 0.00573264061 2.79166667
191 531 1.69360881 0.00564536271 2.78010471
191 531 1.69370373 0.0056456791 2.78010471
191 531 1.69379421 0.00564598069 2.78010471
191 531 1.69385277 0.0056461759 2.78010471
191 531 1.69374346 0.00564581152 2.78010471
191 531 1.69384684 0.00564615613 2.78010471
191 531 1.69374833 0.00564582777 2.78010471
191 531 1.69384833 0.00564616111 2.78010471
191 531 1.69374861 0.0056458287 2.78010471
191 531 1.69384848 0.0056461616 2.78010471
190 528 1.66337118 0.00554457059 2.77894737
190 528 1.6652856 0.00555095201 2.77894737
190 525 1.66189878 0.00553966259 2.76315789
189 523 1.66182269 0.00553940898 2.76719577
189 524 1.66522188 0.00555073961 2.77248677
189 525 1.66301327 0.00554337758 2.77777778
189 524 1.64923856 0.00549746188 2.77248677
188 519 1.64240598 0.0054746866 2.7606383
188 518 1.63921561 0.00546405203 2.75531915
188 519 1.62067276 0.00540224252 2.7606383
187 514 1.62072773 0.00540242576 2.7486631
187 514 1.62087304 0.00540291014 2.7486631
187 514 1.62093342 0.00540311141 2.7486631
187 514 1.62054476 0.00540181588 2.7486631
187 514 1.62075775 0.00540252583 2.7486631
187 514 1.62102881 0.00540342938 2.7486631
187 514 1.62096522 0.00540321741 2.7486631
187 514 1.62097687 0.00540325623 2.7486631
187 514 1.62054801 0.00540182671 2.7486631
187 514 1.62075725 0.00540252418 2.7486631
186 511 1.59330356 0.00531101186 2.74731183
186 509 1.59002433 0.0053000811 2.73655914
185 504 1.58854286 0.00529514288 2.72432432
185 504 1.5887838 0.00529594601 2.72432432
185 504 1.58875624 0.00529585413 2.72432432
185 504 1.58875699 0.00529585663 2.72432432
185 504 1.58885085 0.0052961695 2.72432432
185 504 1.58876906 0.00529589688 2.72432432
185 504 1.58884788 0.00529615959 2.72432432
185 504 1.58876768 0.00529589228 2.72432432
184 501 1.5623952 0.00520798399 2.72282609
184 498 1.56044082 0.00520146941 2.70652174
184 501 1.56204554 0.00520681845 2.72282609
184 501 1.56228835 0.00520762784 2.72282609
184 501 1.56229304 0.00520764346 2.72282609
184 501 1.56254334 0.00520847781 2.72282609
184 501 1.56200328 0.00520667761 2.72282609
184 501 1.56228921 0.00520763071 2.72282609
184 501 1.56229434 0.00520764779 2.72282609
184 501 1.56255096 0.0052085032 2.72282609
183 498 1.53305421 0.00511018069 2.72131148
183 495 1.53443444 0.00511478147 2.70491803
183 498 1.53320174 0.00511067248 2.72131148
183 498 1.53359355 0.0051119785 2.72131148
183 498 1.53353913 0.00511179709 2.72131148
183 498 1.53354001 0.00511180005 2.72131148
183 498 1.53354277 0.00511180922 2.72131148
183 498 1.53354096 0.0051118032 2.72131148
183 498 1.53354094 0.00511180313 2.72131148
183 498 1.53354096 0.00511180318 2.72131148
182 492 1.50675566 0.00502251885 2.7032967
182 491 1.50381168 0.00501270559 2.6978022
181 488 1.50361319 0.00501204395 2.6961326
181 488 1.50409054 0.00501363512 2.6961326
181 486 1.50567422 0.00501891407 2.68508287
180 482 1.50591248 0.00501970828 2.67777778
180 477 1.49858776 0.00499529254 2.65
180 479 1.50086153 0.00500287178 2.66111111
179 474 1.48014931 0.00493383103 2.64804469
179 474 1.48053794 0.00493512647 2.64804469
178 471 1.45214331 0.00484047769 2.64606742
178 468 1.45525688 0.00485085627 2.62921348
178 468 1.45545801 0.0048515267 2.62921348
178 468 1.45528253 0.00485094178 2.62921348
178 468 1.45544074 0.00485146913 2.62921348
178 468 1.4554988 0.00485166267 2.62921348
178 468 1.45526319 0.00485087731 2.62921348
178 468 1.4554353 0.004851451 2.62921348
178 468 1.45549549 0.00485165162 2.62921348
178 468 1.45526256 0.0048508752 2.62921348
177 465 1.42792562 0.00475975205 2.62711864
177 465 1.42793926 0.00475979754 2.62711864
177 465 1.42762169 0.00475873898 2.62711864
177 465 1.42790594 0.00475968646 2.62711864
177 465 1.42763044 0.00475876815 2.62711864
177 465 1.4279038 0.00475967932 2.62711864
177 465 1.42762976 0.00475876586 2.62711864
177 465 1.42790364 0.00475967879 2.62711864
177 465 1.4276296 0.00475876533 2.62711864
177 465 1.42790359 0.00475967863 2.62711864
176 460 1.3978706 0.00465956867 2.61363636
176 460 1.3984021 0.00466134032 2.61363636
176 460 1.39827771 0.00466092571 2.61363636
176 460 1.39827596 0.00466091988 2.61363636
176 460 1.39827897 0.0046609299 2.61363636
176 460 1.39828069 0.00466093564 2.61363636
176 460 1.39828157 0.00466093858 2.61363636
176 460 1.39828204 0.00466094013 2.61363636
176 460 1.39828228 0.00466094092 2.61363636
176 460 1.3982824 0.00466094132 2.61363636
175 455 1.37040777 0.00456802592 2.6
175 457 1.37053706 0.00456845687 2.61142857
175 457 1.37173263 0.00457244209 2.61142857
175 455 1.37070824 0.00456902747 2.6
175 455 1.37072601 0.0045690867 2.6
175 455 1.37067721 0.00456892403 2.6
175 455 1.3706858 0.00456895266 2.6
175 455 1.37068569 0.00456895232 2.6
175 455 1.37068569 0.00456895229 2.6
175 455 1.37068565 0.00456895216 2.6
174 452 1.34551367 0.00448504557 2.59770115
174 452 1.34542637 0.00448475456 2.59770115
174 452 1.3457118 0.00448570601 2.59770115
174 452 1.3455201 0.004485067 2.59770115
174 452 1.34552532 0.00448508439 2.59770115
174 452 1.34566987 0.00448556624 2.59770115
174 452 1.34551783 0.00448505942 2.59770115
174 452 1.3455269 0.00448508968 2.59770115
174 452 1.34566965 0.0044855655 2.59770115
174 452 1.34551786 0.00448505952 2.59770115
173 449 1.32632243 0.00442107478 2.59537572
173 449 1.32607141 0.00442023804 2.59537572
173 449 1.32607785 0.00442025952 2.59537572
173 449 1.32614603 0.00442048676 2.59537572
173 449 1.32611106 0.00442037019 2.59537572
173 449 1.3260677 0.00442022567 2.59537572
173 449 1.32614529 0.0044204843 2.59537572
173 449 1.32611017 0.00442036723 2.59537572
173 449 1.32616688 0.00442055627 2.59537572
173 449 1.32617484 0.00442058279 2.59537572
172 445 1.29147012 0.0043049004 2.5872093
172 444 1.28785221 0.00429284069 2.58139535
172 443 1.29655214 0.00432184046 2.5755814
171 439 1.27048637 0.00423495457 2.56725146
171 439 1.27069713 0.00423565711 2.56725146
171 439 1.27045888 0.00423486293 2.56725146
171 439 1.27071927 0.00423573091 2.56725146
171 439 1.27068409 0.00423561364 2.56725146
171 439 1.27067657 0.00423558857 2.56725146
171 439 1.27068188 0.00423560628 2.56725146
170 436 1.25260253 0.00417534177 2.56470588
170 436 1.25233162 0.00417443874 2.56470588
170 436 1.25239718 0.00417465728 2.56470588
170 436 1.25237865 0.00417459549 2.56470588
170 436 1.25237695 0.00417458982 2.56470588
170 436 1.25237811 0.00417459369 2.56470588
170 436 1.25237956 0.00417459852 2.56470588
170 436 1.25237903 0.00417459678 2.56470588
170 436 1.25237904 0.0041745968 2.56470588
170 436 1.2523788 0.00417459601 2.56470588
169 434 1.24998907 0.00416663022 2.56804734
169 434 1.25016767 0.00416722556 2.56804734
169 434 1.24946828 0.00416489426 2.56804734
169 434 1.25026268 0.00416754226 2.56804734
169 434 1.24956241 0.00416520802 2.56804734
169 434 1.25026192 0.00416753973 2.56804734
169 434 1.24956104 0.00416520346 2.56804734
169 434 1.25026285 0.00416754284 2.56804734
169 434 1.24956138 0.0041652046 2.56804734
169 434 1.25026293 0.0041675431 2.56804734
168 431 1.20956244 0.0040318748 2.56547619
168 431 1.21129119 0.00403763731 2.56547619
168 425 1.20813767 0.00402712558 2.5297619
168 424 1.18053385 0.00393511285 2.52380952
168 426 1.20602321 0.00402007737 2.53571429
168 426 1.21107456 0.00403691521 2.53571429
168 426 1.21118582 0.00403728608 2.53571429
168 426 1.211176 0.00403725333 2.53571429
168 426 1.21116331 0.00403721102 2.53571429
168 426 1.21116398 0.00403721326 2.53571429
167 423 1.18562745 0.00395209151 2.53293413
167 423 1.1849612 0.00394987067 2.53293413
167 423 1.1850018 0.003950006 2.53293413
167 423 1.1850454 0.00395015132 2.53293413
167 423 1.18504935 0.00395016451 2.53293413
167 423 1.18504879 0.00395016263 2.53293413
167 423 1.18504884 0.00395016281 2.53293413
167 423 1.18504896 0.00395016319 2.53293413
167 423 1.18504901 0.00395016336 2.53293413
167 423 1.18504903 0.00395016344 2.53293413
166 419 1.15330345 0.00384434485 2.52409639
166 420 1.14671365 0.00382237884 2.53012048
166 419 1.15860288 0.0038620096 2.52409639
166 414 1.16096321 0.00386987735 2.4939759
166 417 1.18180923 0.00393936411 2.51204819
165 412 1.16782705 0.00389275683 2.4969697
165 410 1.16903012 0.00389676707 2.48484848
165 412 1.17115991 0.00390386636 2.4969697
164 409 1.15311161 0.00384370537 2.49390244
164 409 1.15290752 0.00384302505 2.49390244
163 404 1.12709213 0.00375697376 2.47852761
163 404 1.1271719 0.00375723966 2.47852761
163 404 1.12732284 0.0037577428 2.47852761
163 404 1.12732409 0.00375774696 2.47852761
163 404 1.12732017 0.00375773391 2.47852761
163 404 1.12732022 0.00375773406 2.47852761
163 404 1.12732021 0.00375773403 2.47852761
163 404 1.12732022 0.00375773406 2.47852761
163 404 1.12732021 0.00375773404 2.47852761
163 404 1.12732021 0.00375773404 2.47852761
162 401 1.10001826 0.00366672755 2.47530864
162 401 1.10746741 0.00369155803 2.47530864
162 401 1.09984578 0.00366615259 2.47530864
162 401 1.10001447 0.00366671491 2.47530864
162 401 1.09996332 0.00366654439 2.47530864
162 401 1.09984185 0.0036661395 2.47530864
162 401 1.10002696 0.00366675652 2.47530864
162 401 1.0999642 0.00366654733 2.47530864
162 401 1.09984208 0.00366614028 2.47530864
162 401 1.10002689 0.0036667563 2.47530864
161 398 1.08397109 0.00361323696 2.47204969
161 398 1.08396111 0.00361320371 2.47204969
161 398 1.08418217 0.00361394055 2.47204969
161 398 1.08397154 0.00361323848 2.47204969
161 398 1.08402794 0.00361342645 2.47204969
161 398 1.08401587 0.00361338623 2.47204969
161 398 1.08401242 0.00361337473 2.47204969
161 398 1.08401303 0.00361337678 2.47204969
161 398 1.08401327 0.00361337757 2.47204969
161 398 1.08401352 0.00361337842 2.47204969
160 394 1.05079372 0.00350264572 2.4625
159 392 1.05062949 0.00350209828 2.46540881
159 392 1.05048969 0.00350163231 2.46540881
159 392 1.05048993 0.00350163308 2.46540881
159 392 1.05099106 0.00350330352 2.46540881
159 392 1.05076163 0.00350253877 2.46540881
159 392 1.05079459 0.00350264864 2.46540881
159 392 1.05077287 0.00350257624 2.46540881
159 392 1.05076827 0.00350256091 2.46540881
159 392 1.05075869 0.00350252896 2.46540881
158 390 1.04823698 0.00349412326 2.46835443
158 390 1.04786458 0.00349288192 2.46835443
158 387 1.01636774 0.00338789247 2.44936709
157 386 1.00243605 0.0033414535 2.45859873
157 386 1.00175053 0.00333916842 2.45859873
157 385 0.984030345 0.00328010115 2.4522293
157 386 1.00246609 0.00334155364 2.45859873
157 386 1.00230194 0.00334100646 2.45859873
157 386 1.00221872 0.00334072905 2.45859873
157 386 1.00223704 0.00334079014 2.45859873
156 382 0.969011904 0.00323003968 2.44871795
156 382 0.969504154 0.00323168051 2.44871795
156 382 0.969553184 0.00323184395 2.44871795
156 382 0.969568524 0.00323189508 2.44871795
156 382 0.969548881 0.0032318296 2.44871795
156 382 0.969542658 0.00323180886 2.44871795
156 382 0.969537827 0.00323179276 2.44871795
156 382 0.969537501 0.00323179167 2.44871795
156 382 0.969537472 0.00323179157 2.44871795
156 382 0.969538706 0.00323179569 2.44871795
155 380 0.967911795 0.00322637265 2.4516129
155 380 0.96797629 0.00322658763 2.4516129
155 380 0.96778562 0.00322595207 2.4516129
155 380 0.968046276 0.00322682092 2.4516129
155 380 0.967790565 0.00322596855 2.4516129
155 380 0.96804886 0.00322682953 2.4516129
155 380 0.96779116 0.00322597053 2.4516129
155 380 0.968048928 0.00322682976 2.4516129
155 380 0.967791321 0.00322597107 2.4516129
155 380 0.968048966 0.00322682989 2.4516129
154 376 0.933452221 0.0031115074 2.44155844
153 371 0.923186184 0.00307728728 2.4248366
153 371 0.916411638 0.00305470546 2.4248366
153 371 0.916611644 0.00305537215 2.4248366
153 371 0.916592338 0.00305530779 2.4248366
153 371 0.916643709 0.00305547903 2.4248366
153 371 0.916663648 0.00305554549 2.4248366
153 371 0.916659011 0.00305553004 2.4248366
153 371 0.91665669 0.0030555223 2.4248366
153 371 0.916656671 0.00305552224 2.4248366
152 370 0.895899305 0.00298633102 2.43421053
152 370 0.895769287 0.00298589762 2.43421053
152 370 0.895857977 0.00298619326 2.43421053
152 370 0.895943808 0.00298647936 2.43421053
152 370 0.895768185 0.00298589395 2.43421053
152 370 0.895792149 0.00298597383 2.43421053
152 370 0.895780177 0.00298593392 2.43421053
152 370 0.895776954 0.00298592318 2.43421053
152 370 0.895773344 0.00298591115 2.43421053
152 370 0.895770867 0.00298590289 2.43421053
151 368 0.894241384 0.00298080461 2.43708609
151 366 0.8752106 0.00291736867 2.42384106
151 367 0.859855093 0.00286618364 2.43046358
151 363 0.878133027 0.00292711009 2.40397351
151 363 0.878205423 0.00292735141 2.40397351
151 363 0.878166679 0.00292722226 2.40397351
151 363 0.878182243 0.00292727414 2.40397351
151 363 0.878179861 0.0029272662 2.40397351
151 363 0.878172157 0.00292724052 2.40397351
151 363 0.878170793 0.00292723598 2.40397351
150 361 0.876871725 0.00292290575 2.40666667
150 359 0.861843378 0.00287281126 2.39333333
149 356 0.840330491 0.00280110164 2.38926174
149 352 0.835169364 0.00278389788 2.36241611
149 352 0.832344168 0.00277448056 2.36241611
148 348 0.822459244 0.00274153081 2.35135135
148 348 0.822617587 0.00274205862 2.35135135
148 348 0.822435868 0.00274145289 2.35135135
148 348 0.822523277 0.00274174426 2.35135135
148 348 0.822025945 0.00274008648 2.35135135
147 346 0.816415624 0.00272138541 2.3537415
147 344 0.792961818 0.00264320606 2.34013605
147 345 0.781436176 0.00260478725 2.34693878
147 342 0.786777446 0.00262259149 2.32653061
147 341 0.784846545 0.00261615515 2.31972789
146 338 0.775107054 0.00258369018 2.31506849
146 337 0.782239619 0.0026074654 2.30821918
146 338 0.775085963 0.00258361988 2.31506849
146 338 0.774906163 0.00258302054 2.31506849
146 338 0.774943523 0.00258314508 2.31506849
145 334 0.767639623 0.00255879874 2.30344828
145 335 0.741726189 0.00247242063 2.31034483
145 336 0.741857478 0.00247285826 2.31724138
145 334 0.764707436 0.00254902479 2.30344828
145 334 0.764654724 0.00254884908 2.30344828
145 334 0.76482171 0.0025494057 2.30344828
145 334 0.76466909 0.00254889697 2.30344828
145 334 0.764669895 0.00254889965 2.30344828
145 334 0.76473211 0.00254910703 2.30344828
145 334 0.764630851 0.0025487695 2.30344828
144 332 0.764686347 0.00254895449 2.30555556
144 332 0.764634156 0.00254878052 2.30555556
144 332 0.764867544 0.00254955848 2.30555556
144 332 0.764721847 0.00254907282 2.30555556
144 332 0.764794883 0.00254931628 2.30555556
144 332 0.764805283 0.00254935094 2.30555556
144 332 0.764810762 0.00254936921 2.30555556
144 332 0.764619084 0.00254873028 2.30555556
144 332 0.764470782 0.00254823594 2.30555556
144 332 0.764765546 0.00254921849 2.30555556
143 331 0.746140434 0.00248713478 2.31468531
143 329 0.741794585 0.00247264862 2.3006993
143 329 0.741901268 0.00247300423 2.3006993
143 331 0.745897772 0.00248632591 2.31468531
143 331 0.745842324 0.00248614108 2.31468531
143 331 0.745906265 0.00248635422 2.31468531
143 331 0.745887071 0.00248629024 2.31468531
143 331 0.745920648 0.00248640216 2.31468531
143 331 0.745929912 0.00248643304 2.31468531
143 331 0.74592908 0.00248643027 2.31468531
142 329 0.741630395 0.00247210132 2.31690141
142 329 0.741517023 0.00247172341 2.31690141
142 329 0.741394182 0.00247131394 2.31690141
142 329 0.741742104 0.00247247368 2.31690141
142 329 0.741550045 0.00247183348 2.31690141
142 329 0.741568084 0.00247189361 2.31690141
142 329 0.741571698 0.00247190566 2.31690141
142 329 0.741573869 0.0024719129 2.31690141
142 329 0.741575484 0.00247191828 2.31690141
142 329 0.741576551 0.00247192184 2.31690141
141 326 0.718914736 0.00239638245 2.31205674
141 324 0.71070092 0.00236900307 2.29787234
141 326 0.718872487 0.00239624162 2.31205674
141 326 0.718807681 0.0023960256 2.31205674
141 326 0.718840208 0.00239613403 2.31205674
141 326 0.718879744 0.00239626581 2.31205674
141 326 0.718789921 0.0023959664 2.31205674
141 326 0.718769604 0.00239589868 2.31205674
141 326 0.718755549 0.00239585183 2.31205674
141 326 0.718747099 0.00239582366 2.31205674
140 321 0.68832378 0.0022944126 2.29285714
140 323 0.686888625 0.00228962875 2.30714286
140 321 0.681974728 0.00227324909 2.29285714
140 320 0.683868294 0.00227956098 2.28571429
140 319 0.672476004 0.00224158668 2.27857143
140 321 0.6916321 0.00230544033 2.29285714
140 321 0.692001118 0.00230667039 2.29285714
140 321 0.691628608 0.00230542869 2.29285714
140 321 0.691747351 0.0023058245 2.29285714
140 321 0.691565485 0.00230521828 2.29285714
139 318 0.66904936 0.00223016453 2.28776978
139 318 0.662361074 0.00220787025 2.28776978
139 315 0.657861859 0.00219287286 2.26618705
139 313 0.638694158 0.00212898053 2.25179856
138 308 0.616580963 0.00205526988 2.23188406
138 308 0.616556904 0.00205518968 2.23188406
138 308 0.61649676 0.0020549892 2.23188406
138 308 0.616544074 0.00205514691 2.23188406
138 308 0.616550679 0.00205516893 2.23188406
138 308 0.616519525 0.00205506508 2.23188406
137 307 0.616526922 0.00205508974 2.24087591
137 307 0.616589281 0.0020552976 2.24087591
137 307 0.616159283 0.00205386428 2.24087591
137 307 0.61655858 0.00205519527 2.24087591
137 307 0.616644791 0.00205548264 2.24087591
137 307 0.616575646 0.00205525215 2.24087591
137 307 0.616549418 0.00205516473 2.24087591
137 307 0.616397146 0.00205465715 2.24087591
137 307 0.616683794 0.00205561265 2.24087591
137 307 0.616557164 0.00205519055 2.24087591
136 302 0.588966313 0.00196322104 2.22058824
136 304 0.594382431 0.00198127477 2.23529412
136 304 0.594288158 0.00198096053 2.23529412
136 304 0.594267236 0.00198089079 2.23529412
136 304 0.594281349 0.00198093783 2.23529412
136 302 0.589332155 0.00196444052 2.22058824
136 302 0.588949208 0.00196316403 2.22058824
136 302 0.58897851 0.0019632617 2.22058824
136 302 0.589484347 0.00196494782 2.22058824
136 302 0.58904154 0.0019634718 2.22058824
135 299 0.566972068 0.00188990689 2.21481481
135 299 0.567023277 0.00189007759 2.21481481
135 299 0.567388202 0.00189129401 2.21481481
135 299 0.567415774 0.00189138591 2.21481481
135 299 0.566995982 0.00188998661 2.21481481
135 299 0.567107444 0.00189035815 2.21481481
135 299 0.567369027 0.00189123009 2.21481481
135 299 0.567226223 0.00189075408 2.21481481
135 299 0.56702559 0.0018900853 2.21481481
135 299 0.567140809 0.00189046936 2.21481481
134 297 0.567078154 0.00189026051 2.21641791
134 297 0.567016226 0.00189005409 2.21641791
134 297 0.567025305 0.00189008435 2.21641791
134 297 0.567044532 0.00189014844 2.21641791
134 297 0.567058892 0.00189019631 2.21641791
134 297 0.567067054 0.00189022351 2.21641791
134 297 0.567073646 0.00189024549 2.21641791
134 297 0.567078895 0.00189026298 2.21641791
134 297 0.567082866 0.00189027622 2.21641791
134 297 0.56708513 0.00189028377 2.21641791
133 295 0.55928916 0.0018642972 2.21804511
133 296 0.557376317 0.00185792106 2.22556391
133 296 0.555892034 0.00185297345 2.22556391
133 296 0.55583413 0.00185278043 2.22556391
133 296 0.555815659 0.00185271886 2.22556391
133 296 0.555876189 0.00185292063 2.22556391
133 296 0.555858515 0.00185286172 2.22556391
133 296 0.55582795 0.00185275983 2.22556391
133 296 0.555834933 0.00185278311 2.22556391
133 296 0.555866293 0.00185288764 2.22556391
132 294 0.555826349 0.0018527545 2.22727273
132 294 0.555874963 0.00185291654 2.22727273
132 294 0.555711502 0.00185237167 2.22727273
132 294 0.555884401 0.001852948 2.22727273
132 294 0.555762684 0.00185254228 2.22727273
132 294 0.555872176 0.00185290725 2.22727273
132 294 0.555727707 0.00185242569 2.22727273
132 294 0.555898297 0.00185299432 2.22727273
132 294 0.555656043 0.00185218681 2.22727273
132 294 0.555777934 0.00185259311 2.22727273
131 293 0.541097858 0.00180365953 2.23664122
131 291 0.520829611 0.0017360987 2.22137405
130 289 0.518328303 0.00172776101 2.22307692
130 289 0.518192488 0.00172730829 2.22307692
130 289 0.518830542 0.00172943514 2.22307692
130 289 0.51783993 0.0017261331 2.22307692
130 289 0.5184062 0.00172802067 2.22307692
130 289 0.518771982 0.00172923994 2.22307692
130 289 0.517926624 0.00172642208 2.22307692
130 289 0.51832781 0.00172775937 2.22307692
129 286 0.478647435 0.00159549145 2.21705426
128 281 0.478025611 0.0015934187 2.1953125
128 279 0.473535262 0.00157845087 2.1796875
128 278 0.497232887 0.00165744296 2.171875
128 278 0.496773596 0.00165591199 2.171875
128 278 0.497187478 0.00165729159 2.171875
128 278 0.497151003 0.00165717001 2.171875
128 278 0.496808017 0.00165602672 2.171875
128 278 0.49720932 0.0016573644 2.171875
128 278 0.496877497 0.00165625832 2.171875
127 276 0.497081264 0.00165693755 2.17322835
127 276 0.496889802 0.00165629934 2.17322835
127 276 0.497183417 0.00165727806 2.17322835
127 276 0.49708092 0.0016569364 2.17322835
127 276 0.496700588 0.00165566863 2.17322835
127 276 0.496565611 0.0016552187 2.17322835
127 276 0.496643387 0.00165547796 2.17322835
127 276 0.496648935 0.00165549645 2.17322835
127 276 0.496699835 0.00165566612 2.17322835
127 276 0.497067748 0.00165689249 2.17322835
126 273 0.473214472 0.00157738157 2.16666667
126 273 0.473388405 0.00157796135 2.16666667
126 273 0.473259113 0.00157753038 2.16666667
126 273 0.473445391 0.0015781513 2.16666667
126 273 0.474017712 0.00158005904 2.16666667
126 273 0.474392339 0.0015813078 2.16666667
126 273 0.472804501 0.001576015 2.16666667
126 273 0.473950073 0.00157983358 2.16666667
126 273 0.472639416 0.00157546472 2.16666667
126 273 0.473159606 0.00157719869 2.16666667
125 271 0.432234674 0.00144078225 2.168
125 272 0.437926404 0.00145975468 2.176
125 273 0.461869733 0.00153956578 2.184
125 270 0.461305259 0.0015376842 2.16
125 273 0.46337976 0.0015445992 2.184
125 270 0.438965925 0.00146321975 2.16
SP does not find any fixed points -> SP does not converge.
I am sorry I quit :(
