START ALGORITHM:
I am going to build an instance with N: 300 variables and 1245 clauses with a clause density equal to 4.15
START BSP WITH r=0.9:
Decimation scorer: cert
END UNIT PROPAGATION
300 1245 2.66679984 0.00888933279 4.15
300 1245 2.66735471 0.00889118237 4.15
300 1245 2.66692571 0.00888975237 4.15
300 1245 2.66709729 0.00889032429 4.15
300 1245 2.66720826 0.00889069419 4.15
300 1245 2.66706947 0.00889023158 4.15
300 1245 2.6670012 0.00889000401 4.15
300 1245 2.66705142 0.00889017139 4.15
300 1245 2.66709073 0.00889030244 4.15
299 1236 2.66254443 0.00887514809 4.13377926
299 1236 2.66256978 0.00887523259 4.13377926
299 1236 2.66257856 0.00887526186 4.13377926
299 1236 2.66259089 0.00887530298 4.13377926
299 1236 2.66257363 0.00887524545 4.13377926
299 1236 2.66258059 0.00887526864 4.13377926
299 1236 2.6626235 0.00887541165 4.13377926
299 1236 2.66263554 0.0088754518 4.13377926
299 1236 2.66259837 0.00887532789 4.13377926
299 1236 2.66259643 0.00887532145 4.13377926
298 1221 2.64671447 0.00882238156 4.09731544
298 1224 2.64891047 0.00882970155 4.10738255
298 1229 2.64858353 0.00882861176 4.12416107
298 1229 2.64857397 0.00882857989 4.12416107
298 1233 2.65524866 0.00885082887 4.13758389
298 1233 2.65532764 0.00885109213 4.13758389
298 1226 2.6552452 0.00885081734 4.11409396
298 1226 2.65536041 0.00885120138 4.11409396
298 1226 2.65528407 0.00885094691 4.11409396
298 1226 2.65515896 0.00885052987 4.11409396
297 1216 2.64082146 0.00880273819 4.09427609
297 1216 2.64077827 0.00880259423 4.09427609
297 1218 2.64514696 0.00881715652 4.1010101
297 1218 2.6453345 0.00881778168 4.1010101
297 1218 2.64519489 0.00881731631 4.1010101
297 1222 2.6552827 0.00885094234 4.11447811
297 1222 2.65536126 0.00885120419 4.11447811
297 1222 2.65531873 0.00885106244 4.11447811
297 1222 2.65530391 0.00885101304 4.11447811
297 1222 2.65509236 0.00885030786 4.11447811
296 1219 2.64786871 0.00882622903 4.11824324
296 1219 2.64803647 0.00882678824 4.11824324
296 1219 2.6479324 0.00882644135 4.11824324
296 1219 2.64801728 0.00882672426 4.11824324
296 1219 2.64805486 0.00882684954 4.11824324
296 1219 2.64801329 0.00882671096 4.11824324
296 1219 2.64795114 0.00882650378 4.11824324
296 1219 2.64770824 0.00882569414 4.11824324
296 1219 2.64792253 0.00882640842 4.11824324
296 1219 2.64810822 0.00882702738 4.11824324
295 1214 2.63322418 0.00877741392 4.11525424
295 1213 2.63743855 0.00879146183 4.11186441
295 1213 2.63721731 0.00879072437 4.11186441
295 1211 2.63793854 0.00879312845 4.10508475
295 1211 2.63810283 0.00879367609 4.10508475
295 1214 2.63324379 0.00877747929 4.11525424
295 1214 2.63325447 0.0087775149 4.11525424
295 1209 2.6379807 0.008793269 4.09830508
295 1209 2.63814418 0.00879381393 4.09830508
295 1209 2.63804968 0.00879349894 4.09830508
294 1198 2.62321459 0.00874404863 4.07482993
294 1203 2.62787751 0.0087595917 4.09183673
294 1203 2.62778666 0.00875928888 4.09183673
294 1203 2.62766481 0.0087588827 4.09183673
294 1203 2.62752027 0.00875840089 4.09183673
294 1203 2.62766873 0.00875889577 4.09183673
294 1203 2.62812549 0.00876041829 4.09183673
294 1203 2.62778961 0.00875929871 4.09183673
294 1203 2.62779703 0.00875932345 4.09183673
294 1203 2.62775186 0.00875917286 4.09183673
293 1196 2.61458198 0.00871527326 4.08191126
293 1196 2.61454583 0.00871515277 4.08191126
293 1196 2.61432341 0.00871441137 4.08191126
293 1192 2.61778743 0.00872595811 4.06825939
293 1192 2.61777001 0.00872590002 4.06825939
293 1192 2.61776405 0.00872588016 4.06825939
293 1192 2.61757696 0.00872525653 4.06825939
293 1192 2.6176972 0.00872565733 4.06825939
293 1192 2.61778196 0.00872593987 4.06825939
293 1192 2.61777307 0.00872591023 4.06825939
292 1189 2.61062893 0.00870209643 4.07191781
292 1189 2.61090966 0.00870303218 4.07191781
292 1189 2.61069482 0.00870231608 4.07191781
292 1189 2.61082429 0.00870274765 4.07191781
292 1189 2.61086217 0.00870287391 4.07191781
292 1189 2.61088239 0.00870294129 4.07191781
292 1189 2.61071874 0.00870239582 4.07191781
292 1189 2.61076066 0.00870253552 4.07191781
292 1189 2.61061999 0.00870206662 4.07191781
292 1189 2.61078907 0.00870263025 4.07191781
291 1180 2.59178146 0.00863927155 4.05498282
291 1182 2.59780102 0.00865933672 4.06185567
291 1182 2.5975825 0.00865860833 4.06185567
291 1177 2.59825428 0.00866084759 4.04467354
291 1177 2.59843355 0.00866144517 4.04467354
291 1177 2.59822896 0.0086607632 4.04467354
291 1177 2.59811232 0.0086603744 4.04467354
291 1177 2.59835143 0.00866117144 4.04467354
291 1177 2.59827073 0.00866090244 4.04467354
291 1177 2.59827573 0.0086609191 4.04467354
290 1170 2.58559426 0.00861864753 4.03448276
290 1170 2.5856701 0.00861890032 4.03448276
290 1170 2.58566755 0.00861889184 4.03448276
290 1170 2.58550749 0.00861835831 4.03448276
290 1170 2.58552799 0.00861842664 4.03448276
290 1170 2.5852675 0.00861755835 4.03448276
290 1170 2.58555592 0.00861851974 4.03448276
290 1170 2.58530862 0.0086176954 4.03448276
290 1170 2.58513933 0.0086171311 4.03448276
290 1170 2.58552561 0.00861841869 4.03448276
289 1161 2.57191427 0.00857304756 4.01730104
289 1155 2.57281787 0.00857605955 3.99653979
289 1155 2.57274974 0.00857583245 3.99653979
289 1163 2.57173758 0.0085724586 4.02422145
289 1163 2.57226124 0.00857420412 4.02422145
289 1163 2.572215 0.00857404998 4.02422145
289 1163 2.57213692 0.00857378975 4.02422145
289 1163 2.57240401 0.00857468002 4.02422145
289 1163 2.57228309 0.00857427696 4.02422145
289 1163 2.57223225 0.00857410751 4.02422145
288 1148 2.55989488 0.00853298292 3.98611111
288 1147 2.56046284 0.00853487613 3.98263889
288 1147 2.56055922 0.00853519738 3.98263889
288 1147 2.56032079 0.00853440264 3.98263889
288 1156 2.55805921 0.00852686405 4.01388889
288 1156 2.55814182 0.00852713941 4.01388889
288 1156 2.55851692 0.00852838974 4.01388889
288 1156 2.55857852 0.00852859505 4.01388889
288 1156 2.55836822 0.00852789408 4.01388889
288 1156 2.55852193 0.00852840642 4.01388889
287 1146 2.5344045 0.008448015 3.99303136
287 1144 2.53566733 0.00845222442 3.98606272
287 1152 2.54484341 0.00848281138 4.01393728
287 1152 2.54475935 0.00848253116 4.01393728
287 1152 2.54501575 0.00848338582 4.01393728
287 1152 2.54485846 0.00848286153 4.01393728
287 1152 2.54466554 0.00848221847 4.01393728
287 1152 2.54506137 0.0084835379 4.01393728
287 1149 2.5461958 0.00848731933 4.00348432
287 1149 2.54618783 0.00848729275 4.00348432
286 1145 2.5332016 0.00844400533 4.0034965
286 1145 2.53294872 0.00844316238 4.0034965
286 1134 2.53603842 0.00845346139 3.96503497
286 1128 2.53408166 0.00844693886 3.94405594
286 1128 2.53393644 0.00844645482 3.94405594
286 1128 2.53390037 0.00844633455 3.94405594
286 1128 2.53393959 0.00844646529 3.94405594
286 1128 2.53381623 0.00844605409 3.94405594
286 1128 2.53347255 0.00844490851 3.94405594
286 1128 2.53386245 0.00844620818 3.94405594
285 1119 2.52174896 0.00840582988 3.92631579
285 1119 2.52201575 0.00840671918 3.92631579
285 1119 2.52175903 0.00840586343 3.92631579
285 1125 2.5232707 0.00841090233 3.94736842
285 1125 2.52365873 0.00841219577 3.94736842
285 1120 2.52117838 0.00840392795 3.92982456
285 1120 2.52101514 0.0084033838 3.92982456
285 1120 2.52141532 0.00840471774 3.92982456
285 1120 2.52102888 0.00840342959 3.92982456
285 1120 2.52129457 0.00840431525 3.92982456
284 1115 2.50029382 0.00833431274 3.92605634
284 1115 2.49974601 0.00833248671 3.92605634
284 1111 2.50042052 0.00833473506 3.91197183
284 1112 2.51170523 0.00837235076 3.91549296
284 1112 2.51133106 0.00837110353 3.91549296
284 1120 2.51109327 0.00837031089 3.94366197
284 1120 2.51104017 0.0083701339 3.94366197
284 1120 2.51077894 0.00836926315 3.94366197
284 1120 2.51108858 0.00837029527 3.94366197
284 1120 2.51104133 0.00837013778 3.94366197
283 1115 2.49200622 0.00830668738 3.93992933
283 1109 2.49800642 0.00832668806 3.91872792
283 1109 2.49794988 0.00832649961 3.91872792
283 1109 2.49814415 0.00832714718 3.91872792
283 1109 2.49794557 0.00832648522 3.91872792
283 1109 2.49843602 0.00832812006 3.91872792
283 1109 2.49758416 0.00832528052 3.91872792
283 1109 2.4982543 0.00832751433 3.91872792
283 1109 2.49794928 0.00832649759 3.91872792
283 1109 2.49795444 0.00832651481 3.91872792
282 1099 2.47532549 0.00825108497 3.89716312
282 1104 2.47671251 0.00825570837 3.91489362
282 1097 2.48444609 0.00828148696 3.89007092
282 1097 2.48469802 0.00828232672 3.89007092
282 1097 2.48446673 0.00828155578 3.89007092
282 1097 2.4847152 0.00828238401 3.89007092
282 1097 2.48466096 0.00828220321 3.89007092
282 1097 2.48445421 0.00828151402 3.89007092
282 1097 2.48464909 0.00828216365 3.89007092
282 1097 2.48472738 0.0082824246 3.89007092
281 1092 2.46623843 0.00822079477 3.886121
281 1092 2.46633678 0.0082211226 3.886121
281 1092 2.46630704 0.00822102345 3.886121
281 1092 2.46595819 0.00821986064 3.886121
281 1092 2.46623305 0.00822077682 3.886121
281 1092 2.46621759 0.00822072529 3.886121
281 1092 2.46613151 0.00822043837 3.886121
281 1092 2.46616452 0.00822054841 3.886121
281 1092 2.46664704 0.00822215679 3.886121
281 1092 2.46643087 0.00822143623 3.886121
280 1084 2.44505457 0.00815018189 3.87142857
280 1084 2.44686981 0.00815623271 3.87142857
280 1084 2.44672689 0.00815575631 3.87142857
280 1084 2.44667544 0.0081555848 3.87142857
280 1084 2.44662801 0.0081554267 3.87142857
280 1084 2.44671838 0.00815572793 3.87142857
280 1084 2.44668993 0.0081556331 3.87142857
280 1080 2.45449671 0.00818165568 3.85714286
280 1080 2.45453369 0.00818177898 3.85714286
280 1080 2.45430602 0.00818102008 3.85714286
279 1072 2.4350375 0.00811679166 3.84229391
279 1072 2.4349437 0.008116479 3.84229391
279 1072 2.43490891 0.00811636302 3.84229391
279 1072 2.43495424 0.00811651415 3.84229391
279 1072 2.4351858 0.00811728601 3.84229391
279 1070 2.43230208 0.0081076736 3.83512545
279 1070 2.43232979 0.00810776596 3.83512545
279 1072 2.43496012 0.00811653375 3.84229391
279 1072 2.43513343 0.00811711144 3.84229391
279 1072 2.43498025 0.00811660083 3.84229391
278 1067 2.41553628 0.00805178761 3.8381295
278 1063 2.41992768 0.0080664256 3.82374101
278 1060 2.42593123 0.00808643743 3.81294964
278 1060 2.42604896 0.00808682987 3.81294964
278 1060 2.42612615 0.00808708718 3.81294964
278 1060 2.42618001 0.00808726671 3.81294964
278 1060 2.42614746 0.00808715819 3.81294964
278 1060 2.42599966 0.00808666552 3.81294964
278 1060 2.42618765 0.00808729218 3.81294964
278 1060 2.42595278 0.00808650925 3.81294964
277 1055 2.40927473 0.00803091577 3.80866426
277 1055 2.40893502 0.0080297834 3.80866426
277 1055 2.40881271 0.0080293757 3.80866426
277 1055 2.40940814 0.00803136048 3.80866426
277 1055 2.40956687 0.00803188958 3.80866426
277 1055 2.40922378 0.00803074592 3.80866426
277 1055 2.40902202 0.00803007339 3.80866426
277 1055 2.40885482 0.00802951606 3.80866426
277 1055 2.40926372 0.00803087908 3.80866426
277 1055 2.40871402 0.00802904672 3.80866426
276 1047 2.38765966 0.00795886553 3.79347826
276 1047 2.38830932 0.00796103105 3.79347826
276 1049 2.38899339 0.00796331131 3.80072464
276 1051 2.3897433 0.00796581099 3.80797101
276 1045 2.39194282 0.00797314274 3.78623188
276 1045 2.39204207 0.00797347357 3.78623188
276 1045 2.39206508 0.00797355027 3.78623188
276 1045 2.39230342 0.00797434473 3.78623188
276 1045 2.3922852 0.00797428401 3.78623188
276 1045 2.39201457 0.00797338191 3.78623188
275 1038 2.36810538 0.0078936846 3.77454545
275 1036 2.37119555 0.00790398517 3.76727273
275 1038 2.3737313 0.00791243767 3.77454545
275 1038 2.37320016 0.0079106672 3.77454545
275 1038 2.37336614 0.00791122046 3.77454545
275 1035 2.37422554 0.00791408513 3.76363636
275 1035 2.37444573 0.0079148191 3.76363636
275 1035 2.37452213 0.00791507375 3.76363636
275 1035 2.37446445 0.00791488148 3.76363636
275 1035 2.3739537 0.00791317901 3.76363636
274 1028 2.35018874 0.00783396246 3.75182482
274 1028 2.35044627 0.00783482091 3.75182482
274 1028 2.34964014 0.0078321338 3.75182482
274 1029 2.35543519 0.00785145063 3.75547445
274 1029 2.35500074 0.00785000246 3.75547445
274 1029 2.35530725 0.00785102417 3.75547445
274 1029 2.35520631 0.00785068771 3.75547445
274 1029 2.35556794 0.00785189312 3.75547445
274 1030 2.36274491 0.00787581637 3.75912409
274 1030 2.36303809 0.00787679363 3.75912409
273 1021 2.34243791 0.00780812637 3.73992674
273 1021 2.34222133 0.00780740443 3.73992674
273 1021 2.3412281 0.00780409365 3.73992674
273 1021 2.34219461 0.00780731536 3.73992674
273 1021 2.3420181 0.00780672699 3.73992674
273 1023 2.34631082 0.00782103608 3.74725275
273 1020 2.34783125 0.00782610418 3.73626374
273 1020 2.34784634 0.00782615446 3.73626374
273 1020 2.34771855 0.00782572851 3.73626374
273 1020 2.34756479 0.00782521598 3.73626374
272 1009 2.3221477 0.00774049232 3.70955882
272 1015 2.33300145 0.00777667151 3.73161765
272 1018 2.33293046 0.00777643487 3.74264706
272 1021 2.33352845 0.00777842817 3.75367647
272 1023 2.33811589 0.00779371965 3.76102941
272 1023 2.33781057 0.0077927019 3.76102941
272 1023 2.33797698 0.00779325659 3.76102941
272 1023 2.33757981 0.00779193271 3.76102941
272 1023 2.33774455 0.00779248182 3.76102941
272 1023 2.33784648 0.0077928216 3.76102941
271 1015 2.31921738 0.00773072461 3.74538745
271 1015 2.31918731 0.00773062438 3.74538745
271 1013 2.31860921 0.00772869738 3.73800738
271 1013 2.31827684 0.00772758947 3.73800738
271 1013 2.31900997 0.00773003324 3.73800738
271 1013 2.3186236 0.00772874535 3.73800738
271 1013 2.31898262 0.00772994208 3.73800738
271 1013 2.31859285 0.00772864284 3.73800738
271 1015 2.31906096 0.00773020321 3.74538745
271 1015 2.31948239 0.00773160796 3.74538745
269 1006 2.29020437 0.00763401456 3.73977695
269 997 2.26918916 0.00756396386 3.7063197
269 1000 2.27042678 0.00756808926 3.71747212
269 1000 2.27089177 0.00756963924 3.71747212
269 1000 2.27053299 0.00756844331 3.71747212
269 1000 2.27064723 0.0075688241 3.71747212
269 1006 2.29018489 0.00763394963 3.73977695
269 1006 2.28978346 0.00763261154 3.73977695
269 1006 2.29028551 0.00763428504 3.73977695
269 1006 2.29042654 0.00763475515 3.73977695
268 996 2.27535047 0.00758450157 3.71641791
268 996 2.27561437 0.00758538123 3.71641791
268 996 2.27515484 0.00758384945 3.71641791
268 996 2.27536786 0.00758455954 3.71641791
268 996 2.27523449 0.00758411496 3.71641791
268 996 2.27493329 0.00758311096 3.71641791
268 996 2.27531423 0.00758438077 3.71641791
268 996 2.27555314 0.00758517714 3.71641791
268 996 2.27509818 0.0075836606 3.71641791
268 996 2.27516021 0.00758386735 3.71641791
267 985 2.25472611 0.00751575371 3.68913858
267 985 2.2546594 0.00751553135 3.68913858
267 989 2.25926078 0.00753086926 3.70411985
267 989 2.2591233 0.00753041099 3.70411985
267 989 2.2591716 0.00753057202 3.70411985
267 989 2.25970642 0.00753235473 3.70411985
266 978 2.25067521 0.00750225069 3.67669173
266 978 2.25103857 0.00750346192 3.67669173
266 978 2.25040749 0.00750135832 3.67669173
266 978 2.25074241 0.00750247469 3.67669173
265 970 2.23186806 0.00743956019 3.66037736
265 970 2.23179285 0.00743930949 3.66037736
265 970 2.23142355 0.00743807852 3.66037736
265 970 2.23194032 0.00743980106 3.66037736
265 970 2.23128842 0.00743762806 3.66037736
265 970 2.23197276 0.00743990919 3.66037736
265 969 2.232483 0.00744160998 3.65660377
265 969 2.23302506 0.00744341688 3.65660377
265 969 2.23261473 0.00744204911 3.65660377
265 968 2.23794646 0.00745982153 3.65283019
264 959 2.22066017 0.00740220057 3.63257576
264 959 2.22068149 0.00740227164 3.63257576
264 959 2.22046011 0.00740153369 3.63257576
264 959 2.22039107 0.00740130357 3.63257576
264 959 2.22061894 0.00740206313 3.63257576
264 959 2.22077054 0.00740256847 3.63257576
264 959 2.22039952 0.00740133172 3.63257576
264 959 2.22053697 0.00740178992 3.63257576
264 959 2.22056357 0.00740187856 3.63257576
264 959 2.22080737 0.00740269125 3.63257576
263 951 2.19412888 0.00731376295 3.61596958
263 952 2.19993161 0.00733310536 3.61977186
263 952 2.19981516 0.00733271719 3.61977186
263 952 2.19973399 0.00733244663 3.61977186
263 952 2.19940019 0.00733133398 3.61977186
263 951 2.20203381 0.0073401127 3.61596958
263 951 2.20197701 0.00733992336 3.61596958
263 951 2.20240198 0.00734133993 3.61596958
263 951 2.20195794 0.0073398598 3.61596958
263 951 2.20197936 0.0073399312 3.61596958
262 943 2.17529764 0.00725099214 3.59923664
262 943 2.17563617 0.00725212056 3.59923664
262 944 2.18170948 0.00727236492 3.60305344
262 944 2.18192328 0.00727307758 3.60305344
262 944 2.18166374 0.00727221247 3.60305344
262 944 2.18184414 0.0072728138 3.60305344
262 944 2.18224714 0.00727415714 3.60305344
262 944 2.18166216 0.0072722072 3.60305344
262 944 2.18177158 0.00727257192 3.60305344
262 944 2.18180302 0.00727267673 3.60305344
261 936 2.15485331 0.00718284436 3.5862069
261 935 2.15858179 0.00719527264 3.58237548
261 940 2.16068485 0.00720228283 3.60153257
261 940 2.16103336 0.00720344453 3.60153257
261 940 2.16061925 0.00720206415 3.60153257
261 936 2.16125953 0.00720419844 3.5862069
261 936 2.16151313 0.00720504378 3.5862069
261 936 2.16089236 0.00720297455 3.5862069
261 936 2.16117237 0.0072039079 3.5862069
261 936 2.17253837 0.00724179455 3.5862069
260 928 2.1520336 0.00717344533 3.56923077
260 928 2.15198218 0.00717327394 3.56923077
260 928 2.15251419 0.0071750473 3.56923077
260 928 2.15233213 0.00717444045 3.56923077
260 928 2.15198055 0.00717326849 3.56923077
260 928 2.15224592 0.00717415306 3.56923077
260 928 2.15215035 0.00717383451 3.56923077
260 928 2.15269221 0.00717564069 3.56923077
260 928 2.15210898 0.00717369661 3.56923077
260 928 2.15251111 0.00717503702 3.56923077
259 920 2.12502771 0.00708342569 3.55212355
259 920 2.12502362 0.00708341206 3.55212355
259 921 2.1309913 0.00710330432 3.55598456
259 921 2.13112419 0.00710374729 3.55598456
259 921 2.13074767 0.00710249223 3.55598456
259 921 2.13065083 0.00710216942 3.55598456
259 921 2.13105713 0.00710352377 3.55598456
259 921 2.13071778 0.0071023926 3.55598456
259 921 2.1306973 0.00710232434 3.55598456
259 921 2.13082546 0.00710275152 3.55598456
258 917 2.10967996 0.00703226652 3.55426357
258 917 2.10965895 0.0070321965 3.55426357
258 917 2.10992634 0.00703308782 3.55426357
258 917 2.10971863 0.00703239542 3.55426357
258 917 2.10953173 0.00703177243 3.55426357
258 917 2.10953603 0.00703178677 3.55426357
258 917 2.10939034 0.00703130114 3.55426357
258 917 2.10956081 0.00703186937 3.55426357
258 917 2.11008339 0.00703361129 3.55426357
258 917 2.10975738 0.0070325246 3.55426357
257 909 2.08294295 0.00694314317 3.53696498
257 909 2.0828555 0.00694285166 3.53696498
257 909 2.08255233 0.0069418411 3.53696498
257 909 2.08285991 0.00694286636 3.53696498
257 912 2.08429479 0.0069476493 3.54863813
257 914 2.08635934 0.00695453115 3.55642023
257 914 2.08626207 0.0069542069 3.55642023
257 914 2.08639587 0.0069546529 3.55642023
257 908 2.08762898 0.00695876328 3.53307393
257 908 2.08713294 0.00695710982 3.53307393
256 903 2.05866083 0.00686220277 3.52734375
256 906 2.06031167 0.00686770558 3.5390625
256 903 2.06131919 0.00687106396 3.52734375
256 900 2.06313422 0.00687711406 3.515625
256 900 2.06333994 0.0068777998 3.515625
256 900 2.06334807 0.0068778269 3.515625
256 900 2.06328092 0.00687760307 3.515625
256 900 2.06346844 0.00687822814 3.515625
256 900 2.06334287 0.00687780956 3.515625
256 900 2.06273637 0.00687578791 3.515625
255 896 2.03980072 0.00679933575 3.51372549
255 896 2.04010036 0.00680033455 3.51372549
255 896 2.03984941 0.00679949803 3.51372549
255 896 2.03991733 0.00679972442 3.51372549
255 896 2.04026317 0.00680087724 3.51372549
255 894 2.03977619 0.00679925396 3.50588235
255 894 2.04010939 0.00680036465 3.50588235
255 894 2.03999524 0.00679998413 3.50588235
255 894 2.03943433 0.00679811442 3.50588235
255 899 2.03840636 0.00679468786 3.5254902
254 887 2.02896914 0.00676323047 3.49212598
254 887 2.02909114 0.00676363713 3.49212598
254 882 2.0286971 0.00676232366 3.47244094
254 884 2.03166392 0.00677221307 3.48031496
254 884 2.03165446 0.00677218154 3.48031496
254 884 2.03095228 0.00676984093 3.48031496
254 884 2.03134344 0.00677114481 3.48031496
254 884 2.03136084 0.00677120279 3.48031496
254 886 2.03157675 0.0067719225 3.48818898
254 886 2.03133362 0.00677111207 3.48818898
253 881 2.00728569 0.00669095231 3.48221344
253 881 2.0070764 0.00669025467 3.48221344
253 881 2.00709438 0.00669031458 3.48221344
253 881 2.00713379 0.00669044595 3.48221344
253 881 2.00692136 0.00668973785 3.48221344
253 881 2.00727604 0.00669092014 3.48221344
253 881 2.00705496 0.00669018319 3.48221344
253 883 2.00853895 0.00669512982 3.49011858
253 883 2.0084523 0.00669484101 3.49011858
253 881 2.00735402 0.00669118005 3.48221344
252 869 1.97483381 0.00658277935 3.4484127
252 876 1.98140936 0.00660469786 3.47619048
252 878 1.98497518 0.00661658394 3.48412698
252 878 1.98504539 0.00661681797 3.48412698
252 879 1.99943332 0.00666477772 3.48809524
252 879 1.99918163 0.00666393877 3.48809524
252 879 1.99910345 0.00666367817 3.48809524
252 879 1.99921766 0.00666405888 3.48809524
252 879 1.99908506 0.00666361687 3.48809524
252 879 1.99923011 0.00666410038 3.48809524
251 878 1.97442459 0.0065814153 3.49800797
251 876 1.97591818 0.00658639393 3.49003984
251 876 1.97775391 0.00659251305 3.49003984
251 876 1.97761549 0.00659205162 3.49003984
251 876 1.97711394 0.00659037979 3.49003984
251 876 1.97711437 0.00659038125 3.49003984
251 876 1.97728311 0.00659094369 3.49003984
251 876 1.97690663 0.00658968877 3.49003984
251 876 1.97777227 0.00659257424 3.49003984
251 876 1.97751179 0.00659170596 3.49003984
250 871 1.95209749 0.00650699163 3.484
250 871 1.95384692 0.00651282306 3.484
250 871 1.95370819 0.00651236062 3.484
250 871 1.95393709 0.00651312364 3.484
250 871 1.95375385 0.00651251285 3.484
250 871 1.95442042 0.00651473473 3.484
250 871 1.95411565 0.00651371883 3.484
250 871 1.9540479 0.00651349298 3.484
250 871 1.95445228 0.00651484092 3.484
250 871 1.95376689 0.00651255629 3.484
249 867 1.91798731 0.00639329103 3.48192771
249 864 1.92106192 0.00640353974 3.46987952
249 866 1.93061014 0.00643536715 3.47791165
249 870 1.93041801 0.0064347267 3.4939759
249 870 1.92989983 0.00643299944 3.4939759
249 870 1.93048905 0.00643496349 3.4939759
249 867 1.9317019 0.00643900634 3.48192771
249 867 1.93200767 0.00644002556 3.48192771
249 867 1.93222205 0.00644074016 3.48192771
249 867 1.9315828 0.00643860935 3.48192771
248 862 1.90890928 0.00636303095 3.47580645
248 862 1.90924141 0.00636413805 3.47580645
248 862 1.90963174 0.00636543914 3.47580645
248 862 1.90931304 0.0063643768 3.47580645
248 862 1.90928534 0.00636428447 3.47580645
248 862 1.90923641 0.00636412136 3.47580645
248 862 1.90867385 0.00636224618 3.47580645
248 862 1.90960387 0.00636534622 3.47580645
248 862 1.90916182 0.00636387274 3.47580645
248 862 1.9088507 0.00636283566 3.47580645
247 857 1.88875778 0.00629585928 3.46963563
247 857 1.88861439 0.0062953813 3.46963563
247 857 1.8882277 0.00629409233 3.46963563
247 857 1.88851348 0.00629504494 3.46963563
247 857 1.88903792 0.00629679308 3.46963563
247 857 1.88925698 0.00629752325 3.46963563
247 857 1.88853986 0.00629513288 3.46963563
247 857 1.88789595 0.0062929865 3.46963563
247 857 1.88881903 0.00629606343 3.46963563
247 857 1.88832514 0.00629441715 3.46963563
246 852 1.86517753 0.00621725844 3.46341463
246 852 1.86545982 0.00621819941 3.46341463
246 852 1.86490225 0.00621634084 3.46341463
246 852 1.86539524 0.00621798412 3.46341463
246 852 1.86553503 0.00621845009 3.46341463
246 854 1.86566911 0.00621889703 3.47154472
246 854 1.86585294 0.00621950981 3.47154472
246 851 1.85361411 0.0061787137 3.45934959
246 851 1.85289064 0.00617630215 3.45934959
246 851 1.85358897 0.00617862989 3.45934959
245 843 1.82954568 0.0060984856 3.44081633
245 843 1.82981678 0.00609938926 3.44081633
245 843 1.82885381 0.00609617935 3.44081633
245 843 1.829419 0.00609806332 3.44081633
245 848 1.84538402 0.00615128007 3.46122449
245 848 1.84548436 0.00615161452 3.46122449
245 848 1.84532458 0.00615108194 3.46122449
245 848 1.84477155 0.0061492385 3.46122449
245 848 1.84506296 0.00615020986 3.46122449
245 848 1.84514848 0.00615049494 3.46122449
244 843 1.8223495 0.00607449834 3.45491803
244 841 1.81632018 0.00605440059 3.44672131
244 837 1.82181902 0.00607273006 3.43032787
244 837 1.82197531 0.00607325103 3.43032787
244 841 1.82064699 0.00606882332 3.44672131
244 844 1.82374032 0.00607913441 3.45901639
244 844 1.82354217 0.0060784739 3.45901639
244 844 1.82394969 0.00607983231 3.45901639
244 844 1.82355118 0.00607850393 3.45901639
244 843 1.82233471 0.00607444904 3.45491803
243 838 1.78918251 0.0059639417 3.44855967
243 839 1.78996986 0.0059665662 3.4526749
243 835 1.80043944 0.00600146481 3.43621399
243 835 1.80013584 0.0060004528 3.43621399
243 836 1.80256813 0.00600856043 3.44032922
243 836 1.80252285 0.00600840951 3.44032922
243 836 1.8024027 0.006008009 3.44032922
243 836 1.80247371 0.0060082457 3.44032922
243 839 1.80394382 0.00601314606 3.4526749
243 839 1.80360713 0.00601202376 3.4526749
242 834 1.78976638 0.00596588794 3.44628099
242 834 1.78997753 0.00596659178 3.44628099
242 834 1.7899483 0.00596649435 3.44628099
242 834 1.78988855 0.00596629518 3.44628099
242 834 1.79011242 0.00596704141 3.44628099
242 834 1.79003604 0.00596678679 3.44628099
242 834 1.78927385 0.00596424616 3.44628099
242 834 1.78937508 0.0059645836 3.44628099
242 834 1.79083164 0.0059694388 3.44628099
242 834 1.78980785 0.00596602617 3.44628099
241 829 1.75703155 0.00585677182 3.43983402
241 827 1.7660507 0.00588683565 3.43153527
240 822 1.73949984 0.00579833279 3.425
240 822 1.73988601 0.00579962003 3.425
240 819 1.74331526 0.00581105085 3.4125
240 819 1.74339203 0.00581130676 3.4125
240 819 1.74350581 0.00581168603 3.4125
240 819 1.74361528 0.00581205093 3.4125
240 819 1.74372496 0.00581241655 3.4125
240 819 1.74387534 0.00581291781 3.4125
239 814 1.7078809 0.00569293633 3.40585774
239 815 1.70849843 0.00569499476 3.41004184
239 815 1.70827824 0.00569426081 3.41004184
239 815 1.70825285 0.00569417617 3.41004184
239 815 1.7084502 0.005694834 3.41004184
239 815 1.70861288 0.00569537627 3.41004184
239 815 1.70892512 0.00569641707 3.41004184
239 815 1.70859942 0.00569533139 3.41004184
239 807 1.71048498 0.0057016166 3.37656904
239 807 1.70949898 0.00569832992 3.37656904
238 797 1.67618449 0.00558728165 3.3487395
238 797 1.67577045 0.00558590149 3.3487395
238 804 1.68651398 0.00562171328 3.37815126
238 804 1.66447858 0.00554826193 3.37815126
238 806 1.70049867 0.0056683289 3.38655462
238 806 1.69958809 0.00566529365 3.38655462
238 806 1.69941822 0.00566472741 3.38655462
238 806 1.70036386 0.00566787954 3.38655462
238 806 1.69923039 0.00566410128 3.38655462
238 806 1.69964392 0.00566547974 3.38655462
237 796 1.66498197 0.00554993991 3.35864979
237 801 1.66794455 0.00555981516 3.37974684
237 801 1.66787499 0.00555958329 3.37974684
236 794 1.66296876 0.00554322919 3.36440678
236 794 1.66232255 0.00554107516 3.36440678
236 794 1.66325021 0.00554416737 3.36440678
236 794 1.66288443 0.00554294809 3.36440678
236 794 1.66324826 0.00554416087 3.36440678
236 794 1.66275338 0.00554251126 3.36440678
236 794 1.66287584 0.00554291948 3.36440678
235 788 1.62489718 0.00541632393 3.35319149
235 784 1.62820351 0.00542734504 3.33617021
235 784 1.60454178 0.00534847261 3.33617021
235 790 1.63324929 0.00544416429 3.36170213
235 790 1.63349387 0.00544497957 3.36170213
235 790 1.64013214 0.00546710714 3.36170213
235 790 1.64008145 0.00546693818 3.36170213
235 790 1.64019167 0.00546730557 3.36170213
234 782 1.61952314 0.00539841047 3.34188034
234 782 1.61976155 0.00539920515 3.34188034
233 776 1.59640664 0.00532135547 3.3304721
233 776 1.59632471 0.00532108238 3.3304721
233 776 1.59621033 0.00532070109 3.3304721
233 776 1.57889851 0.00526299505 3.3304721
233 777 1.59886354 0.00532954513 3.33476395
233 777 1.59868435 0.00532894785 3.33476395
233 777 1.59901691 0.00533005636 3.33476395
233 779 1.58941592 0.00529805307 3.34334764
233 779 1.58936244 0.00529787481 3.34334764
233 779 1.5893072 0.00529769065 3.34334764
232 775 1.55922418 0.00519741392 3.34051724
232 775 1.55907419 0.00519691396 3.34051724
232 775 1.55878639 0.00519595462 3.34051724
232 769 1.56138463 0.00520461544 3.31465517
232 769 1.56081321 0.0052027107 3.31465517
232 769 1.56095399 0.00520317997 3.31465517
232 769 1.56115113 0.00520383709 3.31465517
232 771 1.57555576 0.00525185254 3.32327586
232 771 1.57503353 0.00525011176 3.32327586
232 771 1.56812444 0.00522708148 3.32327586
231 766 1.53379281 0.00511264269 3.31601732
231 766 1.54694561 0.00515648535 3.31601732
231 766 1.54708105 0.00515693685 3.31601732
231 766 1.54701338 0.00515671126 3.31601732
231 766 1.54728045 0.00515760152 3.31601732
231 766 1.54687872 0.00515626239 3.31601732
231 766 1.54672513 0.00515575044 3.31601732
231 766 1.54691706 0.0051563902 3.31601732
231 767 1.56255679 0.00520852263 3.32034632
231 767 1.56225112 0.00520750373 3.32034632
230 757 1.52653156 0.00508843854 3.29130435
230 759 1.54218662 0.00514062207 3.3
230 759 1.5423734 0.00514124468 3.3
230 759 1.54241745 0.00514139149 3.3
230 759 1.54202934 0.00514009781 3.3
230 759 1.54220231 0.00514067438 3.3
230 762 1.5407504 0.00513583465 3.31304348
230 762 1.54090412 0.00513634708 3.31304348
230 762 1.54076348 0.00513587826 3.31304348
230 762 1.54093594 0.00513645314 3.31304348
229 758 1.51383086 0.00504610287 3.31004367
229 756 1.52025016 0.00506750054 3.30131004
229 756 1.52019356 0.00506731187 3.30131004
229 756 1.51949334 0.0050649778 3.30131004
229 756 1.51998188 0.00506660627 3.30131004
229 756 1.51970586 0.00506568622 3.30131004
229 756 1.51986715 0.00506622385 3.30131004
229 756 1.51980323 0.00506601077 3.30131004
229 756 1.51980634 0.00506602112 3.30131004
229 756 1.51993772 0.00506645907 3.30131004
228 752 1.48180455 0.00493934851 3.29824561
228 749 1.51778368 0.00505927892 3.28508772
228 749 1.5175716 0.00505857199 3.28508772
228 749 1.51692137 0.00505640457 3.28508772
228 749 1.51739787 0.0050579929 3.28508772
228 749 1.51793645 0.00505978818 3.28508772
228 749 1.5174218 0.00505807266 3.28508772
228 749 1.51736087 0.00505786957 3.28508772
228 749 1.51785309 0.0050595103 3.28508772
228 749 1.51795957 0.00505986522 3.28508772
227 739 1.4812054 0.00493735133 3.25550661
227 745 1.48813239 0.0049604413 3.28193833
227 745 1.48807824 0.00496026078 3.28193833
227 745 1.48785688 0.00495952292 3.28193833
227 745 1.4874453 0.00495815099 3.28193833
227 745 1.48754168 0.00495847227 3.28193833
227 745 1.48806424 0.00496021415 3.28193833
227 745 1.4875952 0.00495865066 3.28193833
227 745 1.48789288 0.00495964292 3.28193833
227 745 1.48827487 0.00496091624 3.28193833
226 743 1.44669586 0.00482231953 3.28761062
226 735 1.45587189 0.00485290629 3.25221239
226 735 1.4565779 0.00485525967 3.25221239
226 735 1.45872186 0.0048624062 3.25221239
226 741 1.46138353 0.00487127845 3.27876106
226 741 1.46140666 0.00487135552 3.27876106
226 741 1.46113695 0.00487045652 3.27876106
226 741 1.46151022 0.00487170072 3.27876106
226 741 1.46159515 0.00487198385 3.27876106
226 741 1.46141138 0.00487137126 3.27876106
225 736 1.42414997 0.00474716658 3.27111111
225 731 1.43166997 0.00477223322 3.24888889
225 731 1.43034256 0.00476780854 3.24888889
225 731 1.43120875 0.00477069582 3.24888889
225 731 1.43000337 0.00476667788 3.24888889
225 731 1.43014261 0.00476714205 3.24888889
225 731 1.43016395 0.00476721317 3.24888889
225 731 1.43017627 0.00476725424 3.24888889
225 731 1.43050999 0.00476836664 3.24888889
225 739 1.4244251 0.00474808366 3.28444444
224 733 1.38887698 0.00462958994 3.27232143
224 733 1.39704686 0.00465682287 3.27232143
224 733 1.39695357 0.0046565119 3.27232143
224 733 1.39695279 0.00465650928 3.27232143
224 733 1.39659489 0.0046553163 3.27232143
224 733 1.39699346 0.00465664488 3.27232143
224 729 1.41758971 0.00472529902 3.25446429
224 729 1.41874092 0.0047291364 3.25446429
224 729 1.41715165 0.00472383883 3.25446429
224 729 1.41768403 0.00472561343 3.25446429
223 720 1.38890444 0.00462968145 3.22869955
223 724 1.387623 0.00462541001 3.24663677
223 724 1.38729271 0.00462430903 3.24663677
223 724 1.38742895 0.00462476318 3.24663677
223 724 1.38756555 0.00462521849 3.24663677
223 724 1.38723372 0.00462411239 3.24663677
223 724 1.38728709 0.0046242903 3.24663677
223 724 1.38726353 0.00462421176 3.24663677
223 724 1.38748729 0.00462495764 3.24663677
223 724 1.38735358 0.00462451195 3.24663677
222 719 1.35377923 0.00451259744 3.23873874
222 717 1.35864138 0.00452880461 3.22972973
222 716 1.33529446 0.00445098154 3.22522523
222 717 1.35900375 0.0045300125 3.22972973
222 712 1.35599319 0.00451997731 3.20720721
222 712 1.35547663 0.00451825544 3.20720721
222 712 1.35600458 0.00452001525 3.20720721
222 712 1.35675762 0.0045225254 3.20720721
222 712 1.3556817 0.00451893899 3.20720721
222 708 1.35235397 0.00450784657 3.18918919
221 703 1.3362131 0.00445404367 3.18099548
221 703 1.3359831 0.00445327699 3.18099548
221 703 1.3365604 0.00445520135 3.18099548
221 703 1.33653563 0.00445511876 3.18099548
221 703 1.33646959 0.00445489863 3.18099548
221 708 1.31260558 0.00437535193 3.20361991
221 708 1.3128433 0.00437614434 3.20361991
221 708 1.31244188 0.00437480628 3.20361991
221 706 1.32765192 0.00442550639 3.19457014
221 706 1.32742421 0.00442474738 3.19457014
219 692 1.29745589 0.00432485296 3.15981735
219 696 1.27138423 0.00423794744 3.17808219
219 696 1.27103119 0.00423677062 3.17808219
219 695 1.2711094 0.00423703132 3.17351598
219 695 1.27151183 0.00423837278 3.17351598
219 697 1.29620132 0.00432067108 3.1826484
219 697 1.29481622 0.00431605407 3.1826484
219 692 1.29738398 0.00432461327 3.15981735
219 692 1.29737269 0.00432457562 3.15981735
219 692 1.29749732 0.00432499107 3.15981735
218 688 1.27033347 0.0042344449 3.1559633
218 685 1.2759858 0.00425328602 3.14220183
218 685 1.27694105 0.00425647016 3.14220183
218 685 1.27691263 0.00425637542 3.14220183
218 685 1.27615911 0.00425386369 3.14220183
218 685 1.27642204 0.00425474012 3.14220183
218 685 1.27671484 0.00425571613 3.14220183
218 683 1.29425543 0.00431418477 3.13302752
218 683 1.29442219 0.00431474062 3.13302752
218 683 1.29498954 0.00431663181 3.13302752
217 679 1.267523 0.00422507665 3.12903226
217 679 1.267919 0.00422639668 3.12903226
217 678 1.26777659 0.00422592195 3.12442396
217 676 1.27355225 0.00424517417 3.11520737
217 676 1.27331818 0.00424439393 3.11520737
217 676 1.27377459 0.00424591531 3.11520737
217 676 1.27345086 0.00424483619 3.11520737
217 676 1.27306111 0.00424353704 3.11520737
217 676 1.27346343 0.00424487808 3.11520737
217 676 1.27372579 0.00424575263 3.11520737
216 666 1.24379402 0.00414598007 3.08333333
216 669 1.24645166 0.00415483887 3.09722222
216 668 1.24343999 0.00414479996 3.09259259
216 669 1.24088883 0.00413629608 3.09722222
216 669 1.24100767 0.00413669225 3.09722222
216 669 1.24144388 0.00413814626 3.09722222
216 669 1.24092446 0.00413641485 3.09722222
216 668 1.23667349 0.00412224497 3.09259259
216 668 1.24345152 0.00414483839 3.09259259
216 668 1.24354664 0.00414515546 3.09259259
215 663 1.23704956 0.00412349854 3.08372093
215 663 1.23712651 0.00412375503 3.08372093
215 664 1.21636885 0.00405456283 3.08837209
215 664 1.21649065 0.00405496882 3.08837209
215 664 1.19726739 0.00399089129 3.08837209
215 664 1.19676043 0.00398920142 3.08837209
215 664 1.19720201 0.00399067337 3.08837209
215 664 1.19705712 0.0039901904 3.08837209
215 664 1.19679986 0.00398933288 3.08837209
215 664 1.1968792 0.00398959733 3.08837209
214 660 1.17091699 0.00390305663 3.08411215
214 660 1.17125392 0.00390417974 3.08411215
214 660 1.17096425 0.00390321416 3.08411215
214 660 1.17186134 0.00390620448 3.08411215
214 660 1.19703872 0.00399012907 3.08411215
214 660 1.19702572 0.00399008572 3.08411215
214 660 1.19720249 0.00399067498 3.08411215
214 660 1.19675642 0.00398918807 3.08411215
214 660 1.1967689 0.00398922966 3.08411215
214 660 1.19655881 0.00398852937 3.08411215
213 657 1.16129073 0.0038709691 3.08450704
213 650 1.16938616 0.00389795387 3.05164319
213 655 1.17289993 0.00390966643 3.07511737
213 655 1.17277355 0.00390924517 3.07511737
213 655 1.17292173 0.00390973909 3.07511737
213 652 1.1970109 0.00399003633 3.06103286
213 652 1.19671792 0.00398905973 3.06103286
213 652 1.19714722 0.00399049074 3.06103286
213 652 1.19711745 0.00399039149 3.06103286
213 652 1.19708203 0.00399027344 3.06103286
212 648 1.17134963 0.00390449876 3.05660377
212 646 1.17041813 0.00390139378 3.04716981
212 646 1.17098423 0.00390328076 3.04716981
212 646 1.17057793 0.00390192642 3.04716981
212 646 1.17085673 0.00390285576 3.04716981
212 646 1.17048309 0.00390161031 3.04716981
212 646 1.17507703 0.00391692344 3.04716981
212 646 1.17506447 0.00391688156 3.04716981
212 646 1.17512486 0.00391708285 3.04716981
212 646 1.17491135 0.00391637118 3.04716981
211 642 1.13614211 0.00378714036 3.04265403
211 642 1.13645925 0.0037881975 3.04265403
211 639 1.14202447 0.00380674824 3.02843602
211 636 1.14677647 0.00382258822 3.01421801
211 636 1.14637666 0.00382125555 3.01421801
211 636 1.14632927 0.00382109756 3.01421801
211 641 1.15218758 0.00384062528 3.03791469
211 641 1.15267716 0.00384225722 3.03791469
211 641 1.15195382 0.00383984608 3.03791469
211 641 1.15215871 0.00384052902 3.03791469
210 636 1.10710705 0.00369035682 3.02857143
210 637 1.11408273 0.00371360911 3.03333333
210 638 1.1183552 0.00372785066 3.03809524
210 634 1.12437307 0.00374791022 3.01904762
210 635 1.12749336 0.0037583112 3.02380952
210 635 1.12757885 0.00375859617 3.02380952
210 635 1.12823657 0.00376078858 3.02380952
210 636 1.12612776 0.00375375919 3.02857143
210 636 1.126373 0.00375457666 3.02857143
210 636 1.12592489 0.00375308298 3.02857143
209 629 1.0963402 0.00365446733 3.00956938
209 626 1.09919652 0.00366398841 2.99521531
209 626 1.09991307 0.0036663769 2.99521531
209 626 1.09950154 0.00366500514 2.99521531
209 626 1.10002763 0.00366675877 2.99521531
209 626 1.09942735 0.00366475782 2.99521531
209 626 1.09967203 0.00366557343 2.99521531
209 626 1.09981514 0.00366605045 2.99521531
209 626 1.09974678 0.0036658226 2.99521531
209 631 1.10510061 0.0036836687 3.01913876
208 628 1.07241862 0.00357472875 3.01923077
208 628 1.0716548 0.00357218268 3.01923077
208 628 1.07224969 0.00357416563 3.01923077
208 628 1.07202563 0.00357341876 3.01923077
208 628 1.0727986 0.00357599534 3.01923077
208 628 1.07246748 0.00357489162 3.01923077
208 628 1.07242405 0.00357474684 3.01923077
208 628 1.07283754 0.00357612512 3.01923077
208 628 1.07227596 0.0035742532 3.01923077
208 628 1.07255627 0.00357518758 3.01923077
207 619 1.02765395 0.00342551317 2.99033816
207 624 1.0337474 0.00344582465 3.01449275
207 624 1.03401999 0.0034467333 3.01449275
207 620 1.03884336 0.00346281119 2.99516908
207 620 1.03858445 0.00346194816 2.99516908
207 623 1.04797886 0.00349326288 3.00966184
207 623 1.04754477 0.00349181589 3.00966184
207 623 1.04782794 0.0034927598 3.00966184
207 623 1.04784577 0.00349281924 3.00966184
207 623 1.04760348 0.00349201161 3.00966184
206 614 1.00853235 0.00336177452 2.98058252
206 620 1.01484602 0.00338282006 3.00970874
206 620 1.01540531 0.00338468436 3.00970874
206 620 1.01551687 0.00338505625 3.00970874
206 616 1.0193699 0.00339789967 2.99029126
206 616 1.01861266 0.00339537553 2.99029126
206 616 1.02182041 0.00340606802 2.99029126
206 616 1.02250454 0.00340834848 2.99029126
206 616 1.02199778 0.00340665928 2.99029126
206 616 1.02152567 0.00340508557 2.99029126
205 611 0.981681237 0.00327227079 2.9804878
205 613 0.977492263 0.00325830754 2.9902439
205 613 0.990169313 0.00330056438 2.9902439
205 613 0.989706501 0.00329902167 2.9902439
205 613 0.989819842 0.00329939947 2.9902439
205 606 0.995365006 0.00331788335 2.95609756
205 606 0.995662026 0.00331887342 2.95609756
205 606 0.995133286 0.00331711095 2.95609756
205 606 0.995887034 0.00331962345 2.95609756
205 606 0.99542052 0.0033180684 2.95609756
204 602 0.956979536 0.00318993179 2.95098039
204 602 0.956387152 0.00318795717 2.95098039
204 603 0.954195597 0.00318065199 2.95588235
204 603 0.954106877 0.00318035626 2.95588235
204 603 0.962997016 0.00320999005 2.95588235
204 599 0.966155764 0.00322051921 2.93627451
204 599 0.965844218 0.00321948073 2.93627451
204 599 0.966528627 0.00322176209 2.93627451
204 599 0.966003308 0.00322001103 2.93627451
204 599 0.966000293 0.00322000098 2.93627451
203 595 0.927284812 0.00309094937 2.93103448
203 593 0.922119429 0.00307373143 2.92118227
203 596 0.93489526 0.00311631753 2.93596059
203 596 0.934687815 0.00311562605 2.93596059
203 596 0.934500785 0.00311500262 2.93596059
203 597 0.922156752 0.00307385584 2.9408867
203 597 0.921559284 0.00307186428 2.9408867
203 597 0.922530991 0.0030751033 2.9408867
203 597 0.922127964 0.00307375988 2.9408867
203 605 0.919858861 0.0030661962 2.98029557
202 604 0.88578011 0.00295260037 2.99009901
202 598 0.894144639 0.00298048213 2.96039604
202 598 0.89387734 0.00297959113 2.96039604
202 598 0.893256748 0.00297752249 2.96039604
202 595 0.895212473 0.00298404158 2.94554455
202 595 0.895270648 0.00298423549 2.94554455
202 595 0.895117164 0.00298372388 2.94554455
202 595 0.895409864 0.00298469955 2.94554455
202 595 0.894574653 0.00298191551 2.94554455
202 595 0.895438684 0.00298479561 2.94554455
201 594 0.860670121 0.0028689004 2.95522388
201 588 0.869316196 0.00289772065 2.92537313
201 588 0.869426902 0.00289808967 2.92537313
201 588 0.869715003 0.00289905001 2.92537313
201 588 0.869698837 0.00289899612 2.92537313
201 588 0.86973126 0.0028991042 2.92537313
201 588 0.869585029 0.00289861676 2.92537313
201 588 0.869315842 0.00289771947 2.92537313
201 588 0.86923486 0.00289744953 2.92537313
201 588 0.869553393 0.00289851131 2.92537313
200 587 0.8332528 0.00277750933 2.935
200 581 0.869319972 0.00289773324 2.905
200 581 0.868798215 0.00289599405 2.905
200 581 0.869064792 0.00289688264 2.905
200 581 0.869357433 0.00289785811 2.905
200 581 0.869078847 0.00289692949 2.905
200 581 0.868523906 0.00289507969 2.905
200 581 0.868669169 0.0028955639 2.905
200 581 0.869433963 0.00289811321 2.905
200 581 0.869594478 0.00289864826 2.905
199 576 0.830406229 0.00276802076 2.89447236
199 572 0.830575466 0.00276858489 2.87437186
199 572 0.830692985 0.00276897662 2.87437186
199 572 0.830964453 0.00276988151 2.87437186
199 572 0.830900883 0.00276966961 2.87437186
199 572 0.830646359 0.0027688212 2.87437186
199 572 0.830567871 0.00276855957 2.87437186
199 572 0.830727949 0.00276909316 2.87437186
199 572 0.830733145 0.00276911048 2.87437186
199 572 0.830181799 0.00276727266 2.87437186
198 568 0.793102838 0.00264367613 2.86868687
198 568 0.802234486 0.00267411495 2.86868687
198 574 0.798491934 0.00266163978 2.8989899
198 574 0.799752456 0.00266584152 2.8989899
198 574 0.799717761 0.00266572587 2.8989899
198 574 0.799564296 0.00266521432 2.8989899
198 574 0.800127607 0.00266709202 2.8989899
198 568 0.802337581 0.0026744586 2.86868687
198 568 0.801408759 0.00267136253 2.86868687
198 568 0.801169628 0.00267056543 2.86868687
197 567 0.762851315 0.00254283772 2.87817259
197 565 0.76902107 0.00256340357 2.8680203
197 565 0.765368843 0.00255122948 2.8680203
197 565 0.765290192 0.00255096731 2.8680203
197 565 0.765993707 0.00255331236 2.8680203
197 559 0.773141601 0.00257713867 2.83756345
197 559 0.773035358 0.00257678453 2.83756345
197 559 0.772948136 0.00257649379 2.83756345
197 559 0.773502781 0.0025783426 2.83756345
197 559 0.77387707 0.00257959023 2.83756345
196 554 0.741228019 0.00247076006 2.82653061
196 554 0.741231952 0.00247077317 2.82653061
196 554 0.741578654 0.00247192885 2.82653061
196 554 0.7416001 0.00247200033 2.82653061
196 558 0.746533396 0.00248844465 2.84693878
196 564 0.732137676 0.00244045892 2.87755102
196 564 0.732259196 0.00244086399 2.87755102
196 564 0.73173898 0.00243912993 2.87755102
196 564 0.731886963 0.00243962321 2.87755102
196 564 0.732033963 0.00244011321 2.87755102
195 561 0.695267315 0.00231755772 2.87692308
195 561 0.695229134 0.00231743045 2.87692308
195 559 0.694485177 0.00231495059 2.86666667
195 559 0.694113034 0.00231371011 2.86666667
195 561 0.695515728 0.00231838576 2.87692308
195 559 0.69895913 0.00232986377 2.86666667
195 559 0.699256909 0.00233085636 2.86666667
195 559 0.698890591 0.0023296353 2.86666667
195 559 0.699566387 0.00233188796 2.86666667
195 559 0.699450463 0.00233150154 2.86666667
194 556 0.66725423 0.00222418077 2.86597938
194 555 0.661579591 0.0022052653 2.86082474
194 550 0.680617829 0.0022687261 2.83505155
194 550 0.680919059 0.0022697302 2.83505155
194 550 0.681411944 0.00227137315 2.83505155
194 550 0.680668615 0.00226889538 2.83505155
194 552 0.683193427 0.00227731142 2.84536082
194 552 0.682979032 0.00227659677 2.84536082
194 552 0.682776927 0.00227592309 2.84536082
194 552 0.68357282 0.00227857607 2.84536082
193 548 0.643371658 0.00214457219 2.83937824
193 547 0.653248985 0.00217749662 2.83419689
193 547 0.653304485 0.00217768162 2.83419689
193 547 0.65313014 0.00217710047 2.83419689
193 547 0.653166605 0.00217722202 2.83419689
193 547 0.654147573 0.00218049191 2.83419689
193 547 0.653312081 0.00217770694 2.83419689
193 547 0.653979433 0.00217993144 2.83419689
193 547 0.6533499 0.002177833 2.83419689
193 547 0.653801588 0.00217933863 2.83419689
192 541 0.613878909 0.00204626303 2.81770833
192 541 0.613593963 0.00204531321 2.81770833
192 544 0.618318728 0.00206106243 2.83333333
192 541 0.61834948 0.00206116493 2.81770833
192 544 0.618298416 0.00206099472 2.83333333
192 544 0.618758145 0.00206252715 2.83333333
192 544 0.618631169 0.0020621039 2.83333333
192 544 0.61870711 0.00206235703 2.83333333
192 544 0.618671495 0.00206223832 2.83333333
192 544 0.618801107 0.00206267036 2.83333333
191 540 0.582079586 0.00194026529 2.82722513
191 540 0.586893886 0.00195631295 2.82722513
191 540 0.587357062 0.00195785687 2.82722513
191 540 0.586912693 0.00195637564 2.82722513
191 537 0.589498812 0.00196499604 2.81151832
191 537 0.58805754 0.0019601918 2.81151832
191 537 0.588788795 0.00196262932 2.81151832
191 539 0.575900659 0.00191966886 2.82198953
191 537 0.589815924 0.00196605308 2.81151832
191 537 0.589567142 0.00196522381 2.81151832
190 530 0.553629648 0.00184543216 2.78947368
190 530 0.554206832 0.00184735611 2.78947368
190 533 0.556490606 0.00185496869 2.80526316
190 533 0.556659659 0.0018555322 2.80526316
190 533 0.556184664 0.00185394888 2.80526316
190 533 0.556831641 0.00185610547 2.80526316
190 533 0.556896087 0.00185632029 2.80526316
SP does not find any fixed points -> SP does not converge.
I am sorry I quit :(
