START ALGORITHM:
I am going to build an instance with N: 1000 variables and 4200 clauses with a clause density equal to 4.2
START BSP WITH r=0.9:
Decimation scorer: cert
END UNIT PROPAGATION
1000 4200 2.58096031 0.00258096031 4.2
1000 4200 2.58174269 0.00258174269 4.2
1000 4200 2.58084348 0.00258084348 4.2
1000 4200 2.58009249 0.00258009249 4.2
1000 4200 2.58008479 0.00258008479 4.2
1000 4200 2.58007329 0.00258007329 4.2
1000 4200 2.58057818 0.00258057818 4.2
1000 4200 2.58079115 0.00258079115 4.2
1000 4200 2.58074349 0.00258074349 4.2
999 4190 2.58072473 0.00258072473 4.19419419
999 4190 2.58049628 0.00258049628 4.19419419
999 4190 2.58029218 0.00258029218 4.19419419
999 4190 2.58036848 0.00258036848 4.19419419
999 4190 2.58050056 0.00258050056 4.19419419
999 4190 2.58059386 0.00258059386 4.19419419
999 4190 2.58061599 0.00258061599 4.19419419
999 4190 2.58054851 0.00258054851 4.19419419
999 4190 2.58048918 0.00258048918 4.19419419
999 4190 2.58045279 0.00258045279 4.19419419
998 4185 2.5804457 0.0025804457 4.19338677
998 4185 2.58049503 0.00258049503 4.19338677
998 4185 2.58054104 0.00258054104 4.19338677
998 4185 2.58054684 0.00258054684 4.19338677
998 4185 2.58053408 0.00258053408 4.19338677
998 4185 2.58050664 0.00258050664 4.19338677
998 4185 2.58049057 0.00258049057 4.19338677
998 4185 2.58049711 0.00258049711 4.19338677
998 4185 2.58050964 0.00258050964 4.19338677
998 4185 2.58052118 0.00258052118 4.19338677
997 4177 2.58036725 0.00258036725 4.18956871
997 4177 2.5803635 0.0025803635 4.18956871
997 4177 2.58035233 0.00258035233 4.18956871
997 4177 2.58034753 0.00258034753 4.18956871
997 4177 2.58034735 0.00258034735 4.18956871
997 4177 2.58035155 0.00258035155 4.18956871
997 4177 2.58035729 0.00258035729 4.18956871
997 4177 2.58035791 0.00258035791 4.18956871
997 4177 2.58035567 0.00258035567 4.18956871
997 4177 2.58035251 0.00258035251 4.18956871
996 4166 2.58001562 0.00258001562 4.18273092
996 4166 2.5800154 0.0025800154 4.18273092
996 4166 2.58001764 0.00258001764 4.18273092
996 4166 2.58001978 0.00258001978 4.18273092
996 4166 2.58002068 0.00258002068 4.18273092
996 4166 2.58001994 0.00258001994 4.18273092
996 4166 2.58001814 0.00258001814 4.18273092
996 4166 2.58001712 0.00258001712 4.18273092
996 4166 2.58001724 0.00258001724 4.18273092
996 4166 2.5800179 0.0025800179 4.18273092
995 4155 2.57960595 0.00257960595 4.1758794
995 4155 2.57960711 0.00257960711 4.1758794
995 4155 2.57960699 0.00257960699 4.1758794
995 4155 2.57960687 0.00257960687 4.1758794
995 4155 2.57960713 0.00257960713 4.1758794
995 4155 2.57960655 0.00257960655 4.1758794
995 4155 2.5796059 0.0025796059 4.1758794
995 4155 2.57960565 0.00257960565 4.1758794
995 4155 2.57960536 0.00257960536 4.1758794
995 4155 2.57960509 0.00257960509 4.1758794
994 4148 2.57911215 0.00257911215 4.17303823
994 4148 2.57911228 0.00257911228 4.17303823
994 4148 2.57911282 0.00257911282 4.17303823
994 4148 2.57911291 0.00257911291 4.17303823
994 4148 2.57911329 0.00257911329 4.17303823
994 4148 2.57911315 0.00257911315 4.17303823
994 4148 2.57911278 0.00257911278 4.17303823
994 4148 2.57911263 0.00257911263 4.17303823
994 4148 2.57911243 0.00257911243 4.17303823
994 4148 2.57911239 0.00257911239 4.17303823
993 4138 2.57819594 0.00257819594 4.16717019
993 4138 2.57819646 0.00257819646 4.16717019
993 4138 2.57819659 0.00257819659 4.16717019
993 4138 2.57819653 0.00257819653 4.16717019
993 4138 2.57819586 0.00257819586 4.16717019
993 4138 2.57819597 0.00257819597 4.16717019
993 4138 2.57819549 0.00257819549 4.16717019
993 4138 2.57819548 0.00257819548 4.16717019
993 4138 2.57819522 0.00257819522 4.16717019
993 4138 2.57819516 0.00257819516 4.16717019
992 4128 2.57708344 0.00257708344 4.16129032
992 4128 2.5770867 0.0025770867 4.16129032
992 4128 2.57708685 0.00257708685 4.16129032
992 4128 2.57708655 0.00257708655 4.16129032
992 4128 2.57708523 0.00257708523 4.16129032
992 4128 2.57708473 0.00257708473 4.16129032
992 4128 2.57708319 0.00257708319 4.16129032
992 4128 2.57708255 0.00257708255 4.16129032
992 4128 2.57708195 0.00257708195 4.16129032
992 4128 2.57708178 0.00257708178 4.16129032
991 4119 2.57566622 0.00257566622 4.15640767
991 4119 2.57566966 0.00257566966 4.15640767
991 4119 2.57567207 0.00257567207 4.15640767
991 4119 2.57567136 0.00257567136 4.15640767
991 4119 2.57567154 0.00257567154 4.15640767
991 4119 2.57567228 0.00257567228 4.15640767
991 4119 2.57567238 0.00257567238 4.15640767
991 4119 2.57567262 0.00257567262 4.15640767
991 4119 2.57567279 0.00257567279 4.15640767
991 4119 2.57567264 0.00257567264 4.15640767
990 4113 2.57415069 0.00257415069 4.15454545
990 4113 2.57414696 0.00257414696 4.15454545
990 4113 2.57415428 0.00257415428 4.15454545
990 4113 2.57415016 0.00257415016 4.15454545
990 4113 2.57415221 0.00257415221 4.15454545
990 4113 2.57415367 0.00257415367 4.15454545
990 4113 2.57415513 0.00257415513 4.15454545
990 4113 2.57415179 0.00257415179 4.15454545
990 4113 2.57415147 0.00257415147 4.15454545
990 4113 2.57415034 0.00257415034 4.15454545
989 4108 2.57234827 0.00257234827 4.1536906
989 4108 2.57234531 0.00257234531 4.1536906
989 4108 2.57235182 0.00257235182 4.1536906
989 4108 2.572357 0.002572357 4.1536906
989 4108 2.57235761 0.00257235761 4.1536906
989 4108 2.57235957 0.00257235957 4.1536906
989 4108 2.57236005 0.00257236005 4.1536906
989 4108 2.57236081 0.00257236081 4.1536906
989 4108 2.57236167 0.00257236167 4.1536906
989 4108 2.57236046 0.00257236046 4.1536906
988 4096 2.57046885 0.00257046885 4.14574899
988 4096 2.57047002 0.00257047002 4.14574899
988 4096 2.57046674 0.00257046674 4.14574899
988 4096 2.57046264 0.00257046264 4.14574899
988 4096 2.57046648 0.00257046648 4.14574899
988 4096 2.57046871 0.00257046871 4.14574899
988 4096 2.57047007 0.00257047007 4.14574899
988 4096 2.57046855 0.00257046855 4.14574899
988 4096 2.57046683 0.00257046683 4.14574899
988 4104 2.57044848 0.00257044848 4.15384615
987 4092 2.56858097 0.00256858097 4.14589666
987 4092 2.56858378 0.00256858378 4.14589666
987 4092 2.56860841 0.00256860841 4.14589666
987 4092 2.56862244 0.00256862244 4.14589666
987 4092 2.56862068 0.00256862068 4.14589666
987 4092 2.56863071 0.00256863071 4.14589666
987 4092 2.56863952 0.00256863952 4.14589666
987 4092 2.56864664 0.00256864664 4.14589666
987 4092 2.56865121 0.00256865121 4.14589666
987 4092 2.56865147 0.00256865147 4.14589666
986 4084 2.56485641 0.00256485641 4.14198783
986 4084 2.56484651 0.00256484651 4.14198783
986 4084 2.56481018 0.00256481018 4.14198783
986 4084 2.56478465 0.00256478465 4.14198783
986 4084 2.56476618 0.00256476618 4.14198783
986 4084 2.56477624 0.00256477624 4.14198783
986 4084 2.56478618 0.00256478618 4.14198783
986 4084 2.56481099 0.00256481099 4.14198783
986 4084 2.56481584 0.00256481584 4.14198783
986 4084 2.56481991 0.00256481991 4.14198783
985 4075 2.56084118 0.00256084118 4.13705584
985 4075 2.56083429 0.00256083429 4.13705584
985 4075 2.56082462 0.00256082462 4.13705584
985 4079 2.56078079 0.00256078079 4.14111675
985 4077 2.56078144 0.00256078144 4.13908629
985 4080 2.56108374 0.00256108374 4.14213198
985 4080 2.56109663 0.00256109663 4.14213198
985 4080 2.56110604 0.00256110604 4.14213198
985 4080 2.56111536 0.00256111536 4.14213198
985 4080 2.56111088 0.00256111088 4.14213198
984 4072 2.55736382 0.00255736382 4.13821138
984 4072 2.5573618 0.0025573618 4.13821138
984 4072 2.55732947 0.00255732947 4.13821138
984 4072 2.5572952 0.0025572952 4.13821138
984 4072 2.55727544 0.00255727544 4.13821138
984 4072 2.5572877 0.0025572877 4.13821138
984 4072 2.55730826 0.00255730826 4.13821138
984 4072 2.55733983 0.00255733983 4.13821138
984 4072 2.55734881 0.00255734881 4.13821138
984 4072 2.55735133 0.00255735133 4.13821138
983 4063 2.5534317 0.0025534317 4.13326551
983 4063 2.55341538 0.00255341538 4.13326551
983 4063 2.55341919 0.00255341919 4.13326551
983 4063 2.55345558 0.00255345558 4.13326551
983 4063 2.55344418 0.00255344418 4.13326551
983 4063 2.55341552 0.00255341552 4.13326551
983 4063 2.55341968 0.00255341968 4.13326551
983 4063 2.55341839 0.00255341839 4.13326551
983 4063 2.55341277 0.00255341277 4.13326551
983 4063 2.55341174 0.00255341174 4.13326551
982 4052 2.54945695 0.00254945695 4.12627291
982 4052 2.54942987 0.00254942987 4.12627291
982 4052 2.54940292 0.00254940292 4.12627291
982 4052 2.54941006 0.00254941006 4.12627291
982 4052 2.54941009 0.00254941009 4.12627291
982 4052 2.549409 0.002549409 4.12627291
982 4052 2.54940616 0.00254940616 4.12627291
982 4052 2.5494013 0.0025494013 4.12627291
982 4052 2.54939543 0.00254939543 4.12627291
982 4052 2.54939343 0.00254939343 4.12627291
981 4042 2.54465402 0.00254465402 4.12028542
981 4042 2.54446018 0.00254446018 4.12028542
981 4042 2.54468241 0.00254468241 4.12028542
981 4042 2.54467748 0.00254467748 4.12028542
981 4042 2.54471499 0.00254471499 4.12028542
981 4042 2.54472064 0.00254472064 4.12028542
981 4042 2.54472694 0.00254472694 4.12028542
981 4042 2.54472066 0.00254472066 4.12028542
981 4042 2.54472433 0.00254472433 4.12028542
981 4042 2.54472703 0.00254472703 4.12028542
980 4032 2.54068889 0.00254068889 4.11428571
980 4032 2.54070327 0.00254070327 4.11428571
980 4032 2.54068016 0.00254068016 4.11428571
980 4032 2.54066498 0.00254066498 4.11428571
980 4032 2.54064391 0.00254064391 4.11428571
980 4032 2.54062883 0.00254062883 4.11428571
980 4032 2.54062413 0.00254062413 4.11428571
980 4032 2.54062636 0.00254062636 4.11428571
980 4032 2.5406309 0.0025406309 4.11428571
980 4032 2.54063339 0.00254063339 4.11428571
979 4024 2.53581253 0.00253581253 4.11031665
979 4024 2.53585198 0.00253585198 4.11031665
979 4024 2.5358447 0.0025358447 4.11031665
979 4024 2.53581803 0.00253581803 4.11031665
979 4024 2.53578416 0.00253578416 4.11031665
979 4024 2.53575408 0.00253575408 4.11031665
979 4024 2.53573376 0.00253573376 4.11031665
979 4024 2.53571998 0.00253571998 4.11031665
979 4024 2.53570844 0.00253570844 4.11031665
979 4024 2.53570617 0.00253570617 4.11031665
978 4013 2.53072726 0.00253072726 4.10327198
978 4013 2.53074097 0.00253074097 4.10327198
978 4013 2.53073406 0.00253073406 4.10327198
978 4013 2.53072174 0.00253072174 4.10327198
978 4013 2.53073491 0.00253073491 4.10327198
978 4013 2.53087445 0.00253087445 4.10327198
978 4013 2.53086402 0.00253086402 4.10327198
978 4013 2.53085061 0.00253085061 4.10327198
978 4013 2.53092185 0.00253092185 4.10327198
978 4013 2.53075126 0.00253075126 4.10327198
977 4005 2.5257811 0.0025257811 4.09928352
977 4005 2.52596562 0.00252596562 4.09928352
977 4005 2.52589926 0.00252589926 4.09928352
977 4005 2.52592719 0.00252592719 4.09928352
977 4005 2.52590508 0.00252590508 4.09928352
977 4005 2.52589016 0.00252589016 4.09928352
977 4005 2.52587801 0.00252587801 4.09928352
977 4005 2.52588326 0.00252588326 4.09928352
977 4005 2.52588869 0.00252588869 4.09928352
977 4005 2.52588937 0.00252588937 4.09928352
976 3997 2.52076652 0.00252076652 4.09528689
976 3997 2.52081291 0.00252081291 4.09528689
976 3997 2.52075979 0.00252075979 4.09528689
976 3997 2.52071516 0.00252071516 4.09528689
976 3997 2.52067606 0.00252067606 4.09528689
976 3997 2.52064278 0.00252064278 4.09528689
976 3999 2.52046506 0.00252046506 4.09733607
976 3997 2.52072783 0.00252072783 4.09528689
976 3997 2.5206985 0.0025206985 4.09528689
976 3997 2.52067124 0.00252067124 4.09528689
975 3991 2.51566626 0.00251566626 4.09333333
975 3991 2.51573381 0.00251573381 4.09333333
975 3991 2.51578201 0.00251578201 4.09333333
975 3991 2.51578476 0.00251578476 4.09333333
975 3991 2.51574114 0.00251574114 4.09333333
975 3991 2.51569446 0.00251569446 4.09333333
975 3991 2.51567583 0.00251567583 4.09333333
975 3991 2.51567112 0.00251567112 4.09333333
975 3991 2.51567528 0.00251567528 4.09333333
975 3991 2.51568362 0.00251568362 4.09333333
974 3986 2.5101991 0.0025101991 4.09240246
974 3986 2.51028559 0.00251028559 4.09240246
974 3986 2.51020997 0.00251020997 4.09240246
974 3986 2.51013664 0.00251013664 4.09240246
974 3986 2.51014716 0.00251014716 4.09240246
974 3986 2.51015378 0.00251015378 4.09240246
974 3986 2.51015131 0.00251015131 4.09240246
974 3986 2.51013268 0.00251013268 4.09240246
974 3986 2.51012639 0.00251012639 4.09240246
974 3986 2.51011772 0.00251011772 4.09240246
973 3973 2.50380842 0.00250380842 4.08324769
973 3973 2.50385049 0.00250385049 4.08324769
973 3973 2.50388712 0.00250388712 4.08324769
973 3973 2.5039105 0.0025039105 4.08324769
973 3973 2.50390338 0.00250390338 4.08324769
973 3973 2.50390383 0.00250390383 4.08324769
973 3973 2.50390688 0.00250390688 4.08324769
973 3973 2.50391386 0.00250391386 4.08324769
973 3973 2.50391848 0.00250391848 4.08324769
973 3973 2.50391667 0.00250391667 4.08324769
972 3967 2.49756739 0.00249756739 4.08127572
972 3964 2.49523543 0.00249523543 4.0781893
972 3967 2.49758982 0.00249758982 4.08127572
972 3971 2.49763804 0.00249763804 4.08539095
972 3967 2.49757514 0.00249757514 4.08127572
972 3971 2.49763894 0.00249763894 4.08539095
972 3971 2.49760183 0.00249760183 4.08539095
972 3967 2.49764052 0.00249764052 4.08127572
972 3971 2.49762343 0.00249762343 4.08539095
972 3971 2.49754973 0.00249754973 4.08539095
971 3958 2.49137725 0.00249137725 4.07621009
971 3958 2.49138245 0.00249138245 4.07621009
971 3958 2.49142194 0.00249142194 4.07621009
971 3958 2.49142037 0.00249142037 4.07621009
971 3958 2.49141217 0.00249141217 4.07621009
971 3958 2.49141476 0.00249141476 4.07621009
971 3958 2.49140442 0.00249140442 4.07621009
971 3958 2.49140265 0.00249140265 4.07621009
971 3958 2.49139909 0.00249139909 4.07621009
971 3958 2.49139633 0.00249139633 4.07621009
970 3948 2.48479003 0.00248479003 4.07010309
970 3948 2.4848882 0.0024848882 4.07010309
970 3948 2.48475953 0.00248475953 4.07010309
970 3948 2.48474186 0.00248474186 4.07010309
970 3948 2.48477712 0.00248477712 4.07010309
970 3950 2.48473394 0.00248473394 4.07216495
970 3948 2.48473873 0.00248473873 4.07010309
970 3948 2.48476149 0.00248476149 4.07010309
970 3948 2.48481266 0.00248481266 4.07010309
970 3948 2.48480958 0.00248480958 4.07010309
969 3940 2.47814911 0.00247814911 4.06604747
969 3940 2.47812517 0.00247812517 4.06604747
969 3940 2.47815387 0.00247815387 4.06604747
969 3940 2.47817957 0.00247817957 4.06604747
969 3940 2.47817523 0.00247817523 4.06604747
969 3940 2.47817122 0.00247817122 4.06604747
969 3940 2.47817465 0.00247817465 4.06604747
969 3940 2.47817939 0.00247817939 4.06604747
969 3940 2.47818026 0.00247818026 4.06604747
969 3940 2.47818129 0.00247818129 4.06604747
968 3933 2.47015659 0.00247015659 4.06301653
968 3933 2.47016043 0.00247016043 4.06301653
968 3933 2.47016921 0.00247016921 4.06301653
968 3933 2.47015647 0.00247015647 4.06301653
968 3929 2.46402795 0.00246402795 4.0588843
968 3933 2.47014129 0.00247014129 4.06301653
968 3933 2.47015348 0.00247015348 4.06301653
968 3933 2.47015795 0.00247015795 4.06301653
968 3933 2.4701625 0.0024701625 4.06301653
968 3933 2.47018077 0.00247018077 4.06301653
967 3922 2.46211301 0.00246211301 4.05584281
967 3924 2.46112012 0.00246112012 4.05791107
967 3921 2.46241664 0.00246241664 4.05480869
967 3923 2.46232751 0.00246232751 4.05687694
967 3921 2.46236156 0.00246236156 4.05480869
967 3921 2.4623678 0.0024623678 4.05480869
967 3921 2.46234005 0.00246234005 4.05480869
967 3921 2.46234016 0.00246234016 4.05480869
967 3921 2.46235397 0.00246235397 4.05480869
967 3921 2.4623454 0.0024623454 4.05480869
966 3913 2.45585486 0.00245585486 4.05072464
966 3913 2.45596339 0.00245596339 4.05072464
966 3913 2.45594998 0.00245594998 4.05072464
966 3913 2.4559112 0.0024559112 4.05072464
966 3913 2.45587767 0.00245587767 4.05072464
966 3913 2.45584081 0.00245584081 4.05072464
966 3913 2.45580302 0.00245580302 4.05072464
966 3913 2.45578545 0.00245578545 4.05072464
966 3913 2.45577238 0.00245577238 4.05072464
966 3913 2.45576826 0.00245576826 4.05072464
965 3906 2.44847984 0.00244847984 4.04766839
965 3906 2.44853656 0.00244853656 4.04766839
965 3906 2.44856535 0.00244856535 4.04766839
965 3906 2.44860749 0.00244860749 4.04766839
965 3906 2.4486021 0.0024486021 4.04766839
965 3906 2.4485828 0.0024485828 4.04766839
965 3906 2.44857794 0.00244857794 4.04766839
965 3906 2.44859663 0.00244859663 4.04766839
965 3906 2.44860364 0.00244860364 4.04766839
965 3906 2.44859799 0.00244859799 4.04766839
964 3896 2.44071843 0.00244071843 4.04149378
964 3896 2.4407765 0.0024407765 4.04149378
964 3896 2.44074239 0.00244074239 4.04149378
964 3896 2.44072823 0.00244072823 4.04149378
964 3900 2.44062317 0.00244062317 4.04564315
964 3896 2.4406387 0.0024406387 4.04149378
964 3900 2.44064977 0.00244064977 4.04564315
964 3900 2.44071954 0.00244071954 4.04564315
964 3896 2.44071718 0.00244071718 4.04149378
964 3896 2.44063688 0.00244063688 4.04149378
963 3890 2.43287806 0.00243287806 4.03946002
963 3890 2.4329232 0.0024329232 4.03946002
963 3890 2.43302508 0.00243302508 4.03946002
963 3890 2.43302345 0.00243302345 4.03946002
963 3890 2.43303091 0.00243303091 4.03946002
963 3890 2.43299794 0.00243299794 4.03946002
963 3890 2.432979 0.002432979 4.03946002
963 3890 2.43297725 0.00243297725 4.03946002
963 3890 2.43296883 0.00243296883 4.03946002
963 3890 2.43296675 0.00243296675 4.03946002
962 3876 2.42520676 0.00242520676 4.02910603
962 3882 2.42481271 0.00242481271 4.03534304
962 3874 2.42465389 0.00242465389 4.02702703
962 3876 2.42512325 0.00242512325 4.02910603
962 3876 2.42518111 0.00242518111 4.02910603
962 3878 2.42520805 0.00242520805 4.03118503
962 3876 2.42518626 0.00242518626 4.02910603
962 3876 2.4251782 0.0024251782 4.02910603
962 3876 2.42513553 0.00242513553 4.02910603
962 3878 2.42526286 0.00242526286 4.03118503
961 3868 2.41765006 0.00241765006 4.02497399
961 3868 2.41773265 0.00241773265 4.02497399
961 3868 2.41765968 0.00241765968 4.02497399
961 3868 2.41754678 0.00241754678 4.02497399
961 3868 2.41761817 0.00241761817 4.02497399
961 3868 2.41762303 0.00241762303 4.02497399
961 3868 2.41770298 0.00241770298 4.02497399
961 3868 2.41761702 0.00241761702 4.02497399
961 3868 2.41762862 0.00241762862 4.02497399
961 3868 2.41765431 0.00241765431 4.02497399
960 3858 2.40953494 0.00240953494 4.01875
960 3858 2.40943285 0.00240943285 4.01875
960 3862 2.40932162 0.00240932162 4.02291667
960 3858 2.40940718 0.00240940718 4.01875
960 3858 2.4093928 0.0024093928 4.01875
960 3858 2.40934624 0.00240934624 4.01875
960 3858 2.40930454 0.00240930454 4.01875
960 3858 2.40922738 0.00240922738 4.01875
960 3858 2.40921857 0.00240921857 4.01875
960 3862 2.40919566 0.00240919566 4.02291667
959 3852 2.40136157 0.00240136157 4.01668405
959 3852 2.40135012 0.00240135012 4.01668405
959 3852 2.40139903 0.00240139903 4.01668405
959 3852 2.40137409 0.00240137409 4.01668405
959 3852 2.4013757 0.0024013757 4.01668405
959 3852 2.40133446 0.00240133446 4.01668405
959 3852 2.40130174 0.00240130174 4.01668405
959 3852 2.40146823 0.00240146823 4.01668405
959 3852 2.40137444 0.00240137444 4.01668405
959 3852 2.40142562 0.00240142562 4.01668405
958 3842 2.39314372 0.00239314372 4.01043841
958 3843 2.39316736 0.00239316736 4.01148225
958 3844 2.39324149 0.00239324149 4.0125261
958 3845 2.39343342 0.00239343342 4.01356994
958 3841 2.39347122 0.00239347122 4.00939457
958 3841 2.39343013 0.00239343013 4.00939457
958 3845 2.39345595 0.00239345595 4.01356994
958 3841 2.39347428 0.00239347428 4.00939457
958 3845 2.39338466 0.00239338466 4.01356994
958 3845 2.39344588 0.00239344588 4.01356994
957 3835 2.38588063 0.00238588063 4.00731452
957 3835 2.38571959 0.00238571959 4.00731452
957 3835 2.3857644 0.0023857644 4.00731452
957 3835 2.38587308 0.00238587308 4.00731452
957 3835 2.385772 0.002385772 4.00731452
957 3835 2.38571479 0.00238571479 4.00731452
957 3835 2.38567928 0.00238567928 4.00731452
957 3835 2.38569178 0.00238569178 4.00731452
957 3835 2.38572057 0.00238572057 4.00731452
957 3835 2.38572297 0.00238572297 4.00731452
956 3825 2.3777151 0.0023777151 4.00104603
956 3825 2.37776565 0.00237776565 4.00104603
956 3825 2.37786918 0.00237786918 4.00104603
956 3825 2.37770793 0.00237770793 4.00104603
956 3825 2.37780112 0.00237780112 4.00104603
956 3825 2.37776422 0.00237776422 4.00104603
956 3825 2.37779751 0.00237779751 4.00104603
956 3825 2.37768933 0.00237768933 4.00104603
956 3825 2.37777298 0.00237777298 4.00104603
956 3825 2.37773055 0.00237773055 4.00104603
955 3818 2.36884152 0.00236884152 3.99790576
955 3818 2.36887221 0.00236887221 3.99790576
955 3818 2.36894687 0.00236894687 3.99790576
955 3814 2.3687499 0.0023687499 3.99371728
955 3818 2.3689754 0.0023689754 3.99790576
955 3818 2.36888445 0.00236888445 3.99790576
955 3818 2.36892203 0.00236892203 3.99790576
955 3818 2.36893745 0.00236893745 3.99790576
955 3818 2.36894696 0.00236894696 3.99790576
955 3818 2.36894244 0.00236894244 3.99790576
954 3807 2.36024715 0.00236024715 3.99056604
954 3807 2.3603116 0.0023603116 3.99056604
954 3807 2.36030835 0.00236030835 3.99056604
954 3807 2.36030276 0.00236030276 3.99056604
954 3807 2.3601858 0.0023601858 3.99056604
954 3807 2.36011095 0.00236011095 3.99056604
954 3807 2.360176 0.002360176 3.99056604
954 3807 2.3601909 0.0023601909 3.99056604
954 3807 2.3602173 0.0023602173 3.99056604
954 3807 2.36008747 0.00236008747 3.99056604
953 3796 2.35138835 0.00235138835 3.98321091
953 3796 2.35127954 0.00235127954 3.98321091
953 3799 2.35180764 0.00235180764 3.98635887
953 3801 2.35155331 0.00235155331 3.9884575
953 3804 2.35509203 0.00235509203 3.99160546
953 3804 2.35887177 0.00235887177 3.99160546
953 3807 2.35853023 0.00235853023 3.99475341
953 3804 2.35887725 0.00235887725 3.99160546
953 3804 2.35878383 0.00235878383 3.99160546
953 3804 2.35891169 0.00235891169 3.99160546
952 3797 2.35093799 0.00235093799 3.98844538
952 3797 2.35102896 0.00235102896 3.98844538
952 3797 2.35104916 0.00235104916 3.98844538
952 3797 2.35103796 0.00235103796 3.98844538
952 3797 2.35105536 0.00235105536 3.98844538
952 3797 2.3511105 0.0023511105 3.98844538
952 3797 2.35113202 0.00235113202 3.98844538
952 3797 2.35112954 0.00235112954 3.98844538
952 3797 2.35113137 0.00235113137 3.98844538
952 3797 2.35113072 0.00235113072 3.98844538
951 3786 2.34285333 0.00234285333 3.98107256
951 3786 2.34287835 0.00234287835 3.98107256
951 3786 2.34279766 0.00234279766 3.98107256
951 3786 2.34279886 0.00234279886 3.98107256
951 3786 2.34273461 0.00234273461 3.98107256
951 3786 2.34272241 0.00234272241 3.98107256
951 3786 2.34271949 0.00234271949 3.98107256
951 3786 2.34272891 0.00234272891 3.98107256
951 3786 2.34272443 0.00234272443 3.98107256
951 3786 2.34272761 0.00234272761 3.98107256
950 3780 2.33412946 0.00233412946 3.97894737
950 3780 2.33416728 0.00233416728 3.97894737
950 3775 2.33409008 0.00233409008 3.97368421
950 3775 2.33401293 0.00233401293 3.97368421
950 3780 2.33420561 0.00233420561 3.97894737
950 3783 2.33405146 0.00233405146 3.98210526
950 3783 2.33399196 0.00233399196 3.98210526
950 3780 2.33408309 0.00233408309 3.97894737
950 3780 2.33405804 0.00233405804 3.97894737
950 3783 2.33406811 0.00233406811 3.98210526
949 3777 2.32562064 0.00232562064 3.97997893
949 3777 2.32571282 0.00232571282 3.97997893
949 3777 2.325642 0.002325642 3.97997893
949 3777 2.32561807 0.00232561807 3.97997893
949 3777 2.32560996 0.00232560996 3.97997893
949 3777 2.32561994 0.00232561994 3.97997893
949 3777 2.32561625 0.00232561625 3.97997893
949 3777 2.32561084 0.00232561084 3.97997893
949 3777 2.32561788 0.00232561788 3.97997893
949 3777 2.32561349 0.00232561349 3.97997893
948 3766 2.31714412 0.00231714412 3.97257384
948 3766 2.31719287 0.00231719287 3.97257384
948 3766 2.3172503 0.0023172503 3.97257384
948 3766 2.31723864 0.00231723864 3.97257384
948 3768 2.31725315 0.00231725315 3.97468354
948 3766 2.31716627 0.00231716627 3.97257384
948 3763 2.31685593 0.00231685593 3.96940928
948 3760 2.31699341 0.00231699341 3.96624473
948 3768 2.31721754 0.00231721754 3.97468354
948 3768 2.31720418 0.00231720418 3.97468354
947 3757 2.3088269 0.0023088269 3.96726505
947 3757 2.30890602 0.00230890602 3.96726505
947 3757 2.30895139 0.00230895139 3.96726505
947 3757 2.3089055 0.0023089055 3.96726505
947 3757 2.3088824 0.0023088824 3.96726505
947 3757 2.30889937 0.00230889937 3.96726505
947 3757 2.30889685 0.00230889685 3.96726505
947 3757 2.30890053 0.00230890053 3.96726505
947 3757 2.30890294 0.00230890294 3.96726505
947 3757 2.30890057 0.00230890057 3.96726505
946 3746 2.30024565 0.00230024565 3.95983087
946 3746 2.30017434 0.00230017434 3.95983087
946 3746 2.300273 0.002300273 3.95983087
946 3746 2.30027611 0.00230027611 3.95983087
946 3746 2.30028596 0.00230028596 3.95983087
946 3746 2.30026956 0.00230026956 3.95983087
946 3746 2.30027188 0.00230027188 3.95983087
946 3746 2.30029161 0.00230029161 3.95983087
946 3746 2.3003036 0.0023003036 3.95983087
946 3746 2.30030781 0.00230030781 3.95983087
945 3737 2.28964235 0.00228964235 3.95449735
945 3737 2.28964251 0.00228964251 3.95449735
945 3737 2.28945098 0.00228945098 3.95449735
945 3739 2.28930337 0.00228930337 3.95661376
945 3740 2.28928817 0.00228928817 3.95767196
944 3733 2.28658594 0.00228658594 3.95444915
944 3733 2.28651538 0.00228651538 3.95444915
944 3733 2.2863775 0.0022863775 3.95444915
944 3733 2.28654439 0.00228654439 3.95444915
944 3733 2.28651718 0.00228651718 3.95444915
943 3726 2.27723836 0.00227723836 3.95121951
943 3726 2.27713214 0.00227713214 3.95121951
943 3726 2.27726214 0.00227726214 3.95121951
943 3726 2.27737362 0.00227737362 3.95121951
943 3726 2.27735618 0.00227735618 3.95121951
943 3726 2.27733313 0.00227733313 3.95121951
943 3726 2.27729818 0.00227729818 3.95121951
943 3726 2.27729797 0.00227729797 3.95121951
943 3726 2.2772853 0.0022772853 3.95121951
943 3726 2.27725011 0.00227725011 3.95121951
942 3717 2.26684518 0.00226684518 3.94585987
942 3717 2.26689429 0.00226689429 3.94585987
942 3717 2.26674882 0.00226674882 3.94585987
942 3717 2.26682709 0.00226682709 3.94585987
942 3717 2.26672006 0.00226672006 3.94585987
942 3717 2.26686608 0.00226686608 3.94585987
942 3717 2.26683017 0.00226683017 3.94585987
942 3717 2.26669197 0.00226669197 3.94585987
942 3717 2.26667549 0.00226667549 3.94585987
942 3717 2.26670933 0.00226670933 3.94585987
941 3710 2.2561961 0.0022561961 3.94261424
941 3709 2.25621881 0.00225621881 3.94155154
941 3710 2.25607434 0.00225607434 3.94261424
941 3711 2.25661024 0.00225661024 3.94367694
941 3711 2.2567014 0.0022567014 3.94367694
941 3711 2.25675591 0.00225675591 3.94367694
941 3711 2.25672254 0.00225672254 3.94367694
941 3711 2.25673649 0.00225673649 3.94367694
941 3711 2.25674175 0.00225674175 3.94367694
941 3711 2.25674866 0.00225674866 3.94367694
940 3702 2.2463141 0.0022463141 3.93829787
940 3702 2.24620213 0.00224620213 3.93829787
940 3704 2.24610356 0.00224610356 3.94042553
940 3700 2.24627792 0.00224627792 3.93617021
940 3704 2.24622519 0.00224622519 3.94042553
940 3702 2.24607919 0.00224607919 3.93829787
940 3704 2.24625703 0.00224625703 3.94042553
940 3704 2.24632258 0.00224632258 3.94042553
940 3704 2.24629983 0.00224629983 3.94042553
940 3704 2.24610517 0.00224610517 3.94042553
939 3693 2.23607074 0.00223607074 3.93290735
939 3693 2.23588451 0.00223588451 3.93290735
939 3695 2.23567156 0.00223567156 3.93503727
939 3693 2.23600606 0.00223600606 3.93290735
939 3693 2.23575447 0.00223575447 3.93290735
939 3693 2.23587473 0.00223587473 3.93290735
939 3697 2.23565519 0.00223565519 3.9371672
939 3693 2.23591198 0.00223591198 3.93290735
939 3693 2.23586855 0.00223586855 3.93290735
939 3693 2.23576912 0.00223576912 3.93290735
938 3684 2.22572905 0.00222572905 3.92750533
938 3684 2.22569145 0.00222569145 3.92750533
938 3684 2.22578336 0.00222578336 3.92750533
938 3690 2.22571874 0.00222571874 3.93390192
938 3692 2.22574879 0.00222574879 3.93603412
938 3694 2.22554138 0.00222554138 3.93816631
938 3692 2.22512048 0.00222512048 3.93603412
938 3690 2.22543298 0.00222543298 3.93390192
938 3692 2.22439374 0.00222439374 3.93603412
938 3692 2.22579371 0.00222579371 3.93603412
937 3685 2.21589331 0.00221589331 3.93276414
937 3685 2.21600315 0.00221600315 3.93276414
937 3681 2.21615727 0.00221615727 3.9284952
937 3679 2.2158263 0.0022158263 3.92636073
937 3683 2.21582298 0.00221582298 3.93062967
937 3685 2.21603894 0.00221603894 3.93276414
937 3685 2.21599045 0.00221599045 3.93276414
937 3685 2.2160322 0.0022160322 3.93276414
937 3681 2.21615948 0.00221615948 3.9284952
937 3681 2.21603445 0.00221603445 3.9284952
936 3674 2.2064582 0.0022064582 3.92521368
936 3674 2.20646844 0.00220646844 3.92521368
936 3674 2.20647778 0.00220647778 3.92521368
936 3674 2.20651498 0.00220651498 3.92521368
936 3674 2.20654869 0.00220654869 3.92521368
936 3674 2.206562 0.002206562 3.92521368
936 3674 2.20656834 0.00220656834 3.92521368
936 3674 2.20656505 0.00220656505 3.92521368
936 3674 2.20655676 0.00220655676 3.92521368
936 3674 2.20655611 0.00220655611 3.92521368
935 3667 2.19675552 0.00219675552 3.92192513
935 3667 2.19664309 0.00219664309 3.92192513
935 3667 2.19670945 0.00219670945 3.92192513
935 3667 2.19672513 0.00219672513 3.92192513
935 3667 2.19667539 0.00219667539 3.92192513
935 3667 2.19671402 0.00219671402 3.92192513
935 3667 2.19670048 0.00219670048 3.92192513
935 3667 2.19668672 0.00219668672 3.92192513
935 3667 2.19670559 0.00219670559 3.92192513
935 3667 2.1966955 0.0021966955 3.92192513
934 3663 2.18646815 0.00218646815 3.92184154
934 3663 2.1864919 0.0021864919 3.92184154
934 3663 2.18634037 0.00218634037 3.92184154
934 3663 2.18640101 0.00218640101 3.92184154
934 3663 2.18631301 0.00218631301 3.92184154
934 3663 2.18626472 0.00218626472 3.92184154
934 3663 2.18631297 0.00218631297 3.92184154
934 3663 2.1864788 0.0021864788 3.92184154
934 3663 2.18643521 0.00218643521 3.92184154
934 3663 2.1863779 0.0021863779 3.92184154
933 3657 2.17623883 0.00217623883 3.91961415
933 3657 2.17632986 0.00217632986 3.91961415
933 3656 2.17610741 0.00217610741 3.91854234
933 3656 2.17619044 0.00217619044 3.91854234
933 3657 2.17624641 0.00217624641 3.91961415
933 3654 2.17596692 0.00217596692 3.91639871
933 3654 2.17602025 0.00217602025 3.91639871
933 3657 2.17630345 0.00217630345 3.91961415
933 3657 2.17625587 0.00217625587 3.91961415
933 3657 2.17613732 0.00217613732 3.91961415
932 3650 2.16593742 0.00216593742 3.91630901
932 3650 2.16597723 0.00216597723 3.91630901
932 3650 2.16594866 0.00216594866 3.91630901
932 3648 2.16573752 0.00216573752 3.91416309
932 3650 2.16594873 0.00216594873 3.91630901
932 3650 2.16602541 0.00216602541 3.91630901
932 3650 2.16591364 0.00216591364 3.91630901
932 3650 2.16604553 0.00216604553 3.91630901
932 3650 2.16605057 0.00216605057 3.91630901
932 3650 2.16607958 0.00216607958 3.91630901
931 3641 2.15579327 0.00215579327 3.91084855
931 3641 2.15576144 0.00215576144 3.91084855
931 3641 2.15570733 0.00215570733 3.91084855
931 3641 2.15594138 0.00215594138 3.91084855
931 3641 2.15593239 0.00215593239 3.91084855
931 3641 2.15600879 0.00215600879 3.91084855
931 3641 2.15568593 0.00215568593 3.91084855
931 3641 2.15576945 0.00215576945 3.91084855
931 3641 2.15589123 0.00215589123 3.91084855
931 3641 2.15557456 0.00215557456 3.91084855
930 3636 2.14515651 0.00214515651 3.90967742
930 3636 2.14522845 0.00214522845 3.90967742
930 3632 2.14492999 0.00214492999 3.90537634
930 3636 2.14507859 0.00214507859 3.90967742
930 3632 2.14479375 0.00214479375 3.90537634
930 3636 2.14522321 0.00214522321 3.90967742
930 3636 2.14523025 0.00214523025 3.90967742
930 3636 2.14517013 0.00214517013 3.90967742
930 3636 2.14525318 0.00214525318 3.90967742
930 3636 2.14515563 0.00214515563 3.90967742
929 3627 2.13463571 0.00213463571 3.90419806
929 3627 2.13465347 0.00213465347 3.90419806
929 3627 2.13484789 0.00213484789 3.90419806
929 3627 2.13491876 0.00213491876 3.90419806
929 3627 2.13469718 0.00213469718 3.90419806
929 3627 2.13485919 0.00213485919 3.90419806
929 3627 2.13490071 0.00213490071 3.90419806
929 3627 2.13467596 0.00213467596 3.90419806
929 3627 2.13481961 0.00213481961 3.90419806
929 3627 2.13489297 0.00213489297 3.90419806
928 3619 2.12379314 0.00212379314 3.89978448
928 3624 2.12384131 0.00212384131 3.90517241
928 3624 2.13129393 0.00213129393 3.90517241
928 3625 2.13360326 0.00213360326 3.90625
928 3621 2.13364123 0.00213364123 3.90193966
928 3622 2.13471239 0.00213471239 3.90301724
928 3622 2.13512371 0.00213512371 3.90301724
928 3622 2.13483627 0.00213483627 3.90301724
928 3622 2.1348936 0.0021348936 3.90301724
928 3622 2.13511732 0.00213511732 3.90301724
927 3616 2.12446049 0.00212446049 3.90075512
927 3613 2.12464633 0.00212464633 3.89751888
927 3613 2.12487024 0.00212487024 3.89751888
927 3616 2.1245333 0.0021245333 3.90075512
927 3613 2.12455704 0.00212455704 3.89751888
927 3613 2.12484775 0.00212484775 3.89751888
927 3613 2.12455911 0.00212455911 3.89751888
927 3613 2.12493712 0.00212493712 3.89751888
927 3613 2.12454402 0.00212454402 3.89751888
927 3613 2.12503567 0.00212503567 3.89751888
926 3607 2.11430886 0.00211430886 3.89524838
926 3607 2.11423004 0.00211423004 3.89524838
926 3607 2.1145846 0.0021145846 3.89524838
926 3607 2.1142327 0.0021142327 3.89524838
926 3607 2.11439252 0.00211439252 3.89524838
926 3604 2.11425245 0.00211425245 3.89200864
926 3604 2.11437481 0.00211437481 3.89200864
926 3604 2.11404075 0.00211404075 3.89200864
926 3604 2.1139691 0.0021139691 3.89200864
926 3604 2.11401259 0.00211401259 3.89200864
925 3598 2.10377198 0.00210377198 3.88972973
925 3598 2.10384808 0.00210384808 3.88972973
925 3598 2.10399407 0.00210399407 3.88972973
925 3598 2.10396702 0.00210396702 3.88972973
925 3598 2.10399056 0.00210399056 3.88972973
925 3598 2.10397039 0.00210397039 3.88972973
925 3598 2.10395934 0.00210395934 3.88972973
925 3598 2.1039458 0.0021039458 3.88972973
925 3598 2.10391709 0.00210391709 3.88972973
925 3598 2.10388534 0.00210388534 3.88972973
924 3594 2.09511982 0.00209511982 3.88961039
924 3592 2.08910948 0.00208910948 3.88744589
924 3594 2.09844193 0.00209844193 3.88961039
924 3596 2.10599896 0.00210599896 3.89177489
924 3597 2.10706769 0.00210706769 3.89285714
924 3599 2.10646519 0.00210646519 3.89502165
924 3594 2.1066036 0.0021066036 3.88961039
924 3597 2.10602383 0.00210602383 3.89285714
924 3597 2.10581367 0.00210581367 3.89285714
924 3601 2.10521252 0.00210521252 3.89718615
923 3590 2.09767767 0.00209767767 3.88949079
923 3590 2.09764707 0.00209764707 3.88949079
923 3590 2.09777232 0.00209777232 3.88949079
923 3590 2.0975982 0.0020975982 3.88949079
923 3590 2.09799723 0.00209799723 3.88949079
923 3590 2.0975609 0.0020975609 3.88949079
923 3590 2.09812278 0.00209812278 3.88949079
923 3590 2.09747338 0.00209747338 3.88949079
923 3590 2.09818287 0.00209818287 3.88949079
923 3590 2.09738572 0.00209738572 3.88949079
922 3581 2.08695347 0.00208695347 3.88394794
922 3581 2.08737684 0.00208737684 3.88394794
922 3581 2.0866822 0.0020866822 3.88394794
922 3584 2.08711294 0.00208711294 3.88720174
922 3584 2.08711382 0.00208711382 3.88720174
922 3584 2.08722079 0.00208722079 3.88720174
922 3584 2.08717672 0.00208717672 3.88720174
922 3584 2.08719806 0.00208719806 3.88720174
922 3584 2.08719282 0.00208719282 3.88720174
922 3584 2.08722718 0.00208722718 3.88720174
921 3575 2.07665419 0.00207665419 3.88165038
921 3575 2.07651884 0.00207651884 3.88165038
921 3575 2.07650968 0.00207650968 3.88165038
921 3575 2.07644259 0.00207644259 3.88165038
921 3575 2.07655051 0.00207655051 3.88165038
921 3575 2.07636275 0.00207636275 3.88165038
921 3575 2.07640461 0.00207640461 3.88165038
921 3575 2.07643058 0.00207643058 3.88165038
921 3580 2.07655789 0.00207655789 3.88707926
921 3580 2.0763848 0.0020763848 3.88707926
920 3575 2.06606083 0.00206606083 3.88586957
920 3575 2.06590104 0.00206590104 3.88586957
920 3575 2.06601844 0.00206601844 3.88586957
920 3575 2.06591711 0.00206591711 3.88586957
920 3570 2.06576086 0.00206576086 3.88043478
920 3575 2.06593812 0.00206593812 3.88586957
920 3575 2.06586341 0.00206586341 3.88586957
920 3575 2.06593751 0.00206593751 3.88586957
920 3575 2.06602986 0.00206602986 3.88586957
920 3575 2.06600336 0.00206600336 3.88586957
919 3566 2.05529477 0.00205529477 3.88030468
919 3566 2.05519606 0.00205519606 3.88030468
919 3566 2.05549435 0.00205549435 3.88030468
919 3566 2.05556575 0.00205556575 3.88030468
919 3566 2.05565539 0.00205565539 3.88030468
919 3566 2.05576148 0.00205576148 3.88030468
919 3566 2.05575934 0.00205575934 3.88030468
919 3566 2.05573909 0.00205573909 3.88030468
919 3566 2.0557537 0.0020557537 3.88030468
919 3566 2.05574073 0.00205574073 3.88030468
918 3560 2.04481726 0.00204481726 3.87799564
918 3559 2.04364251 0.00204364251 3.87690632
918 3560 2.04430485 0.00204430485 3.87799564
918 3560 2.04434406 0.00204434406 3.87799564
918 3560 2.04433834 0.00204433834 3.87799564
918 3560 2.04438442 0.00204438442 3.87799564
918 3562 2.04411943 0.00204411943 3.88017429
918 3562 2.04411704 0.00204411704 3.88017429
918 3560 2.0444318 0.0020444318 3.87799564
918 3560 2.04430545 0.00204430545 3.87799564
917 3553 2.03380412 0.00203380412 3.87459106
917 3553 2.03356906 0.00203356906 3.87459106
917 3554 2.03383783 0.00203383783 3.87568157
917 3552 2.03407433 0.00203407433 3.87350055
917 3552 2.03398965 0.00203398965 3.87350055
917 3552 2.03401116 0.00203401116 3.87350055
917 3552 2.03392169 0.00203392169 3.87350055
917 3552 2.03391242 0.00203391242 3.87350055
917 3552 2.03389269 0.00203389269 3.87350055
917 3552 2.03388137 0.00203388137 3.87350055
916 3547 2.02328494 0.00202328494 3.87227074
916 3547 2.02335199 0.00202335199 3.87227074
916 3547 2.02323428 0.00202323428 3.87227074
916 3547 2.02352693 0.00202352693 3.87227074
916 3547 2.0235622 0.0020235622 3.87227074
916 3547 2.02353824 0.00202353824 3.87227074
916 3547 2.02368488 0.00202368488 3.87227074
916 3547 2.02370932 0.00202370932 3.87227074
916 3547 2.02305232 0.00202305232 3.87227074
916 3547 2.02321993 0.00202321993 3.87227074
915 3536 2.01236852 0.00201236852 3.86448087
915 3536 2.01231581 0.00201231581 3.86448087
915 3540 2.01251388 0.00201251388 3.86885246
915 3540 2.01238301 0.00201238301 3.86885246
915 3540 2.01255438 0.00201255438 3.86885246
915 3536 2.01247002 0.00201247002 3.86448087
915 3536 2.0122807 0.0020122807 3.86448087
915 3536 2.01223405 0.00201223405 3.86448087
915 3536 2.01247567 0.00201247567 3.86448087
915 3540 2.01265214 0.00201265214 3.86885246
914 3529 2.0015263 0.0020015263 3.86105033
914 3529 2.00181624 0.00200181624 3.86105033
914 3529 2.00177168 0.00200177168 3.86105033
914 3529 2.00171354 0.00200171354 3.86105033
914 3529 2.00166042 0.00200166042 3.86105033
914 3529 2.00167088 0.00200167088 3.86105033
914 3529 2.00165765 0.00200165765 3.86105033
914 3529 2.00168866 0.00200168866 3.86105033
914 3529 2.00172363 0.00200172363 3.86105033
914 3529 2.00167035 0.00200167035 3.86105033
913 3518 1.99071904 0.00199071904 3.85323111
913 3518 1.99079152 0.00199079152 3.85323111
913 3518 1.99078467 0.00199078467 3.85323111
913 3518 1.99085682 0.00199085682 3.85323111
913 3518 1.99078924 0.00199078924 3.85323111
913 3518 1.99077735 0.00199077735 3.85323111
913 3518 1.99076414 0.00199076414 3.85323111
913 3518 1.99075484 0.00199075484 3.85323111
913 3518 1.9907584 0.0019907584 3.85323111
913 3518 1.99076156 0.00199076156 3.85323111
912 3509 1.9792239 0.0019792239 3.84758772
912 3509 1.97937989 0.00197937989 3.84758772
912 3509 1.97922329 0.00197922329 3.84758772
912 3512 1.97931387 0.00197931387 3.85087719
912 3504 1.97696854 0.00197696854 3.84210526
912 3512 1.97936247 0.00197936247 3.85087719
912 3512 1.97921464 0.00197921464 3.85087719
912 3512 1.97940682 0.00197940682 3.85087719
912 3509 1.97808553 0.00197808553 3.84758772
912 3512 1.97907435 0.00197907435 3.85087719
911 3502 1.96792595 0.00196792595 3.84412733
911 3502 1.9680832 0.0019680832 3.84412733
911 3498 1.9678701 0.0019678701 3.83973655
911 3498 1.96770433 0.00196770433 3.83973655
911 3502 1.96807844 0.00196807844 3.84412733
911 3502 1.96803087 0.00196803087 3.84412733
911 3502 1.96815404 0.00196815404 3.84412733
911 3499 1.96730186 0.00196730186 3.84083425
911 3498 1.96803101 0.00196803101 3.83973655
911 3498 1.96816046 0.00196816046 3.83973655
910 3488 1.9570614 0.0019570614 3.83296703
910 3495 1.95626299 0.00195626299 3.84065934
909 3490 1.9558608 0.0019558608 3.83938394
909 3494 1.9476383 0.0019476383 3.84378438
909 3485 1.95519072 0.00195519072 3.83388339
909 3487 1.95566033 0.00195566033 3.83608361
909 3487 1.95484907 0.00195484907 3.83608361
909 3486 1.95525758 0.00195525758 3.8349835
909 3490 1.95582498 0.00195582498 3.83938394
909 3485 1.94794381 0.00194794381 3.83388339
908 3480 1.94554121 0.00194554121 3.83259912
908 3480 1.94552652 0.00194552652 3.83259912
908 3480 1.94540382 0.00194540382 3.83259912
908 3480 1.94540338 0.00194540338 3.83259912
908 3480 1.94536018 0.00194536018 3.83259912
908 3480 1.94539778 0.00194539778 3.83259912
908 3480 1.94538373 0.00194538373 3.83259912
908 3480 1.94541867 0.00194541867 3.83259912
908 3480 1.94539544 0.00194539544 3.83259912
908 3480 1.94540704 0.00194540704 3.83259912
907 3472 1.93462846 0.00193462846 3.82800441
907 3476 1.9316627 0.0019316627 3.83241455
907 3477 1.93524477 0.00193524477 3.83351709
907 3477 1.93521607 0.00193521607 3.83351709
907 3477 1.93524102 0.00193524102 3.83351709
907 3477 1.93524964 0.00193524964 3.83351709
907 3477 1.93531632 0.00193531632 3.83351709
907 3477 1.93531978 0.00193531978 3.83351709
907 3477 1.93533295 0.00193533295 3.83351709
907 3477 1.93534271 0.00193534271 3.83351709
906 3468 1.9249481 0.0019249481 3.82781457
906 3468 1.9248086 0.0019248086 3.82781457
906 3468 1.92494533 0.00192494533 3.82781457
906 3468 1.92476477 0.00192476477 3.82781457
906 3468 1.92502384 0.00192502384 3.82781457
906 3468 1.92479157 0.00192479157 3.82781457
906 3468 1.92476717 0.00192476717 3.82781457
906 3468 1.92489061 0.00192489061 3.82781457
906 3468 1.92492383 0.00192492383 3.82781457
906 3468 1.92496625 0.00192496625 3.82781457
905 3457 1.91429127 0.00191429127 3.8198895
905 3457 1.91410878 0.00191410878 3.8198895
905 3463 1.91424429 0.00191424429 3.82651934
905 3463 1.91408131 0.00191408131 3.82651934
905 3463 1.91421228 0.00191421228 3.82651934
905 3457 1.91431429 0.00191431429 3.8198895
905 3457 1.9143077 0.0019143077 3.8198895
905 3457 1.91407591 0.00191407591 3.8198895
905 3457 1.91416332 0.00191416332 3.8198895
905 3457 1.91411163 0.00191411163 3.8198895
904 3452 1.90367594 0.00190367594 3.81858407
904 3452 1.90361113 0.00190361113 3.81858407
904 3452 1.90359258 0.00190359258 3.81858407
904 3452 1.9035799 0.0019035799 3.81858407
904 3452 1.90357563 0.00190357563 3.81858407
904 3452 1.90355772 0.00190355772 3.81858407
904 3452 1.90357725 0.00190357725 3.81858407
904 3452 1.90356704 0.00190356704 3.81858407
904 3452 1.90357423 0.00190357423 3.81858407
904 3452 1.90357703 0.00190357703 3.81858407
903 3443 1.8930497 0.0018930497 3.81284607
903 3443 1.89288119 0.00189288119 3.81284607
903 3444 1.89296038 0.00189296038 3.81395349
903 3442 1.89249839 0.00189249839 3.81173865
903 3444 1.88776436 0.00188776436 3.81395349
903 3445 1.8959315 0.0018959315 3.81506091
903 3448 1.89977237 0.00189977237 3.81838317
903 3447 1.90273583 0.00190273583 3.81727575
903 3446 1.89989261 0.00189989261 3.81616833
903 3452 1.9026358 0.0019026358 3.82281285
902 3442 1.89292004 0.00189292004 3.81596452
902 3442 1.89277145 0.00189277145 3.81596452
902 3442 1.89304082 0.00189304082 3.81596452
902 3442 1.89308184 0.00189308184 3.81596452
902 3442 1.89315552 0.00189315552 3.81596452
902 3442 1.89326702 0.00189326702 3.81596452
902 3442 1.89328302 0.00189328302 3.81596452
902 3442 1.8933731 0.0018933731 3.81596452
902 3442 1.89337086 0.00189337086 3.81596452
902 3442 1.89344488 0.00189344488 3.81596452
901 3431 1.88209907 0.00188209907 3.80799112
901 3433 1.88208038 0.00188208038 3.81021088
901 3433 1.882111 0.001882111 3.81021088
901 3431 1.88213722 0.00188213722 3.80799112
901 3433 1.87933588 0.00187933588 3.81021088
901 3429 1.88083574 0.00188083574 3.80577137
901 3434 1.88247281 0.00188247281 3.81132075
901 3434 1.88090821 0.00188090821 3.81132075
901 3429 1.88179626 0.00188179626 3.80577137
901 3428 1.88173131 0.00188173131 3.80466149
900 3422 1.87218063 0.00187218063 3.80222222
900 3425 1.8720556 0.0018720556 3.80555556
900 3425 1.87210596 0.00187210596 3.80555556
900 3422 1.87200315 0.00187200315 3.80222222
900 3423 1.87223595 0.00187223595 3.80333333
900 3423 1.87234892 0.00187234892 3.80333333
900 3423 1.87225147 0.00187225147 3.80333333
900 3423 1.8723548 0.0018723548 3.80333333
900 3423 1.8723015 0.0018723015 3.80333333
900 3423 1.87234388 0.00187234388 3.80333333
899 3414 1.86226159 0.00186226159 3.79755284
899 3414 1.86209072 0.00186209072 3.79755284
899 3414 1.86210538 0.00186210538 3.79755284
899 3414 1.86199895 0.00186199895 3.79755284
899 3414 1.86207808 0.00186207808 3.79755284
899 3414 1.86222457 0.00186222457 3.79755284
899 3414 1.8619908 0.0018619908 3.79755284
899 3414 1.86207831 0.00186207831 3.79755284
899 3414 1.86210555 0.00186210555 3.79755284
899 3414 1.86213715 0.00186213715 3.79755284
898 3405 1.85173242 0.00185173242 3.79175947
898 3405 1.85187195 0.00185187195 3.79175947
898 3405 1.85184113 0.00185184113 3.79175947
898 3405 1.85178788 0.00185178788 3.79175947
898 3405 1.85184883 0.00185184883 3.79175947
898 3405 1.85182306 0.00185182306 3.79175947
898 3405 1.85187567 0.00185187567 3.79175947
898 3405 1.85186909 0.00185186909 3.79175947
898 3405 1.85187851 0.00185187851 3.79175947
898 3405 1.85178741 0.00185178741 3.79175947
897 3399 1.84131348 0.00184131348 3.78929766
897 3396 1.84121059 0.00184121059 3.78595318
897 3399 1.84125 0.00184125 3.78929766
897 3399 1.84141028 0.00184141028 3.78929766
897 3399 1.84137872 0.00184137872 3.78929766
897 3399 1.84135389 0.00184135389 3.78929766
897 3399 1.84134908 0.00184134908 3.78929766
897 3399 1.84135013 0.00184135013 3.78929766
897 3399 1.84134017 0.00184134017 3.78929766
897 3399 1.84134097 0.00184134097 3.78929766
896 3390 1.83083217 0.00183083217 3.78348214
896 3390 1.83072519 0.00183072519 3.78348214
896 3393 1.83054979 0.00183054979 3.78683036
896 3393 1.83072823 0.00183072823 3.78683036
896 3390 1.83070623 0.00183070623 3.78348214
896 3390 1.83081654 0.00183081654 3.78348214
896 3390 1.83076789 0.00183076789 3.78348214
896 3390 1.83072717 0.00183072717 3.78348214
896 3390 1.83070888 0.00183070888 3.78348214
896 3390 1.83070611 0.00183070611 3.78348214
895 3384 1.82007899 0.00182007899 3.78100559
895 3384 1.82016925 0.00182016925 3.78100559
895 3384 1.82004684 0.00182004684 3.78100559
895 3384 1.8201632 0.0018201632 3.78100559
895 3384 1.82016371 0.00182016371 3.78100559
895 3384 1.82014181 0.00182014181 3.78100559
895 3384 1.82011365 0.00182011365 3.78100559
895 3384 1.82009471 0.00182009471 3.78100559
895 3384 1.82006582 0.00182006582 3.78100559
895 3384 1.82007498 0.00182007498 3.78100559
894 3378 1.80932918 0.00180932918 3.77852349
894 3375 1.80907211 0.00180907211 3.77516779
894 3375 1.80905588 0.00180905588 3.77516779
894 3378 1.8093204 0.0018093204 3.77852349
894 3378 1.80934142 0.00180934142 3.77852349
894 3377 1.80720648 0.00180720648 3.77740492
894 3375 1.80919543 0.00180919543 3.77516779
894 3378 1.80942466 0.00180942466 3.77852349
894 3378 1.80946007 0.00180946007 3.77852349
894 3378 1.80954052 0.00180954052 3.77852349
893 3369 1.79895566 0.00179895566 3.77267637
893 3369 1.79890719 0.00179890719 3.77267637
893 3369 1.79893178 0.00179893178 3.77267637
893 3369 1.79856411 0.00179856411 3.77267637
893 3370 1.79850126 0.00179850126 3.77379619
892 3365 1.79463931 0.00179463931 3.77242152
892 3369 1.79405688 0.00179405688 3.77690583
892 3365 1.79469116 0.00179469116 3.77242152
892 3362 1.79452165 0.00179452165 3.7690583
892 3363 1.79424896 0.00179424896 3.77017937
891 3357 1.78401139 0.00178401139 3.76767677
891 3357 1.78383649 0.00178383649 3.76767677
891 3360 1.78437339 0.00178437339 3.77104377
891 3360 1.78414759 0.00178414759 3.77104377
891 3360 1.78460887 0.00178460887 3.77104377
891 3359 1.77964952 0.00177964952 3.76992144
891 3355 1.78318384 0.00178318384 3.7654321
891 3357 1.78428294 0.00178428294 3.76767677
891 3357 1.78418441 0.00178418441 3.76767677
891 3357 1.78427449 0.00178427449 3.76767677
890 3351 1.77431146 0.00177431146 3.76516854
890 3351 1.77434863 0.00177434863 3.76516854
890 3349 1.77107016 0.00177107016 3.76292135
890 3349 1.77384006 0.00177384006 3.76292135
890 3347 1.77229631 0.00177229631 3.76067416
890 3350 1.76633581 0.00176633581 3.76404494
890 3351 1.77614485 0.00177614485 3.76516854
890 3349 1.77649452 0.00177649452 3.76292135
890 3348 1.77666177 0.00177666177 3.76179775
890 3348 1.77672279 0.00177672279 3.76179775
889 3343 1.7667698 0.0017667698 3.76040495
889 3343 1.76668871 0.00176668871 3.76040495
889 3343 1.76675741 0.00176675741 3.76040495
889 3343 1.76565596 0.00176565596 3.76040495
889 3348 1.76592534 0.00176592534 3.76602925
889 3346 1.76693402 0.00176693402 3.76377953
889 3342 1.76685624 0.00176685624 3.75928009
889 3343 1.76672266 0.00176672266 3.76040495
889 3342 1.7669032 0.0017669032 3.75928009
889 3347 1.76513561 0.00176513561 3.76490439
888 3337 1.75721838 0.00175721838 3.75788288
888 3337 1.75712199 0.00175712199 3.75788288
888 3337 1.75717452 0.00175717452 3.75788288
888 3337 1.75708388 0.00175708388 3.75788288
888 3337 1.75717323 0.00175717323 3.75788288
888 3337 1.75704312 0.00175704312 3.75788288
888 3337 1.7572623 0.0017572623 3.75788288
888 3337 1.75705051 0.00175705051 3.75788288
888 3337 1.75730134 0.00175730134 3.75788288
888 3337 1.75713327 0.00175713327 3.75788288
887 3327 1.74716503 0.00174716503 3.75084555
887 3328 1.74748659 0.00174748659 3.75197294
887 3328 1.74725562 0.00174725562 3.75197294
887 3327 1.74696708 0.00174696708 3.75084555
887 3329 1.7465074 0.0017465074 3.75310034
887 3329 1.74844792 0.00174844792 3.75310034
887 3327 1.74766777 0.00174766777 3.75084555
886 3322 1.74112789 0.00174112789 3.74943567
886 3323 1.74198605 0.00174198605 3.75056433
886 3320 1.74117425 0.00174117425 3.74717833
885 3314 1.73253723 0.00173253723 3.74463277
885 3314 1.7325112 0.0017325112 3.74463277
885 3318 1.73295353 0.00173295353 3.74915254
885 3318 1.7328228 0.0017328228 3.74915254
885 3318 1.73292935 0.00173292935 3.74915254
885 3315 1.73204639 0.00173204639 3.74576271
885 3318 1.73281965 0.00173281965 3.74915254
885 3318 1.7328053 0.0017328053 3.74915254
885 3318 1.73280168 0.00173280168 3.74915254
885 3318 1.7327206 0.0017327206 3.74915254
884 3309 1.72313086 0.00172313086 3.74321267
884 3309 1.7230627 0.0017230627 3.74321267
884 3309 1.72312745 0.00172312745 3.74321267
884 3309 1.72305238 0.00172305238 3.74321267
884 3309 1.72324583 0.00172324583 3.74321267
884 3309 1.7231965 0.0017231965 3.74321267
884 3309 1.723041 0.001723041 3.74321267
884 3309 1.7230856 0.0017230856 3.74321267
884 3309 1.72314915 0.00172314915 3.74321267
884 3309 1.72288268 0.00172288268 3.74321267
883 3300 1.71344405 0.00171344405 3.73725934
883 3300 1.71355049 0.00171355049 3.73725934
883 3300 1.71348816 0.00171348816 3.73725934
883 3300 1.71352199 0.00171352199 3.73725934
883 3300 1.71346984 0.00171346984 3.73725934
883 3299 1.71330033 0.00171330033 3.73612684
883 3300 1.71362585 0.00171362585 3.73725934
883 3300 1.71354443 0.00171354443 3.73725934
883 3300 1.71365252 0.00171365252 3.73725934
883 3300 1.71360456 0.00171360456 3.73725934
882 3290 1.70375739 0.00170375739 3.73015873
882 3290 1.70380805 0.00170380805 3.73015873
882 3290 1.70374825 0.00170374825 3.73015873
882 3291 1.70367283 0.00170367283 3.73129252
882 3291 1.70366865 0.00170366865 3.73129252
882 3290 1.70384836 0.00170384836 3.73015873
882 3290 1.70364375 0.00170364375 3.73015873
882 3290 1.70362662 0.00170362662 3.73015873
882 3290 1.70338803 0.00170338803 3.73015873
882 3290 1.7032362 0.0017032362 3.73015873
881 3281 1.69399163 0.00169399163 3.72417707
881 3281 1.69386435 0.00169386435 3.72417707
881 3284 1.6931162 0.0016931162 3.72758229
881 3281 1.69392887 0.00169392887 3.72417707
881 3281 1.69394648 0.00169394648 3.72417707
881 3281 1.69378086 0.00169378086 3.72417707
881 3281 1.6938012 0.0016938012 3.72417707
881 3281 1.69382776 0.00169382776 3.72417707
881 3281 1.69390319 0.00169390319 3.72417707
881 3281 1.69386677 0.00169386677 3.72417707
880 3275 1.68389292 0.00168389292 3.72159091
880 3275 1.68388336 0.00168388336 3.72159091
880 3275 1.68364079 0.00168364079 3.72159091
880 3275 1.68351019 0.00168351019 3.72159091
880 3275 1.68378072 0.00168378072 3.72159091
880 3275 1.68358103 0.00168358103 3.72159091
880 3275 1.68370537 0.00168370537 3.72159091
880 3275 1.6835981 0.0016835981 3.72159091
880 3275 1.68368709 0.00168368709 3.72159091
880 3275 1.68357544 0.00168357544 3.72159091
879 3269 1.67378434 0.00167378434 3.71899886
879 3270 1.67377495 0.00167377495 3.72013652
879 3270 1.67382864 0.00167382864 3.72013652
879 3270 1.67374156 0.00167374156 3.72013652
879 3269 1.67370804 0.00167370804 3.71899886
879 3269 1.67380116 0.00167380116 3.71899886
879 3269 1.67380471 0.00167380471 3.71899886
879 3269 1.67381824 0.00167381824 3.71899886
879 3269 1.67375141 0.00167375141 3.71899886
879 3269 1.67377567 0.00167377567 3.71899886
878 3264 1.66404231 0.00166404231 3.71753986
878 3264 1.6639167 0.0016639167 3.71753986
878 3262 1.66375002 0.00166375002 3.71526196
878 3264 1.66398398 0.00166398398 3.71753986
878 3264 1.66402188 0.00166402188 3.71753986
878 3264 1.66396258 0.00166396258 3.71753986
878 3264 1.66396112 0.00166396112 3.71753986
878 3264 1.66394014 0.00166394014 3.71753986
878 3264 1.66391454 0.00166391454 3.71753986
878 3264 1.66386836 0.00166386836 3.71753986
877 3257 1.6540735 0.0016540735 3.71379704
877 3257 1.65426782 0.00165426782 3.71379704
877 3257 1.65419337 0.00165419337 3.71379704
877 3258 1.65397094 0.00165397094 3.71493729
877 3255 1.65338944 0.00165338944 3.71151653
877 3255 1.65300402 0.00165300402 3.71151653
877 3255 1.6542574 0.0016542574 3.71151653
877 3253 1.65418841 0.00165418841 3.70923603
877 3257 1.65370503 0.00165370503 3.71379704
877 3255 1.65419987 0.00165419987 3.71151653
876 3249 1.64475225 0.00164475225 3.70890411
876 3249 1.64478654 0.00164478654 3.70890411
876 3249 1.6447711 0.0016447711 3.70890411
876 3249 1.64470299 0.00164470299 3.70890411
876 3249 1.64467867 0.00164467867 3.70890411
876 3249 1.64467125 0.00164467125 3.70890411
876 3249 1.64466599 0.00164466599 3.70890411
876 3249 1.64466315 0.00164466315 3.70890411
876 3249 1.64467667 0.00164467667 3.70890411
876 3249 1.64467953 0.00164467953 3.70890411
875 3242 1.635123 0.001635123 3.70514286
875 3242 1.63526476 0.00163526476 3.70514286
875 3242 1.63514013 0.00163514013 3.70514286
875 3242 1.63522148 0.00163522148 3.70514286
875 3242 1.63529425 0.00163529425 3.70514286
875 3242 1.63524956 0.00163524956 3.70514286
875 3242 1.63519708 0.00163519708 3.70514286
875 3242 1.63524885 0.00163524885 3.70514286
875 3242 1.6351893 0.0016351893 3.70514286
875 3242 1.63521941 0.00163521941 3.70514286
874 3235 1.62534517 0.00162534517 3.701373
874 3232 1.6207979 0.0016207979 3.6979405
874 3232 1.62804291 0.00162804291 3.6979405
874 3230 1.62729408 0.00162729408 3.69565217
874 3234 1.62776066 0.00162776066 3.70022883
874 3235 1.62707053 0.00162707053 3.701373
874 3234 1.62906413 0.00162906413 3.70022883
874 3234 1.62924006 0.00162924006 3.70022883
874 3240 1.62222435 0.00162222435 3.70709382
873 3232 1.61969889 0.00161969889 3.7021764
872 3224 1.61071435 0.00161071435 3.69724771
872 3228 1.60903044 0.00160903044 3.70183486
872 3224 1.61061925 0.00161061925 3.69724771
872 3224 1.6091525 0.0016091525 3.69724771
872 3223 1.60410857 0.00160410857 3.69610092
872 3221 1.61022351 0.00161022351 3.69380734
872 3228 1.60318403 0.00160318403 3.70183486
872 3225 1.60314145 0.00160314145 3.6983945
872 3226 1.60609106 0.00160609106 3.69954128
872 3225 1.60859707 0.00160859707 3.6983945
871 3219 1.60124751 0.00160124751 3.69575201
871 3219 1.60060407 0.00160060407 3.69575201
871 3219 1.60146691 0.00160146691 3.69575201
871 3219 1.6013742 0.0016013742 3.69575201
871 3219 1.60127764 0.00160127764 3.69575201
871 3219 1.60134026 0.00160134026 3.69575201
871 3219 1.60134829 0.00160134829 3.69575201
871 3219 1.60156259 0.00160156259 3.69575201
871 3219 1.60134541 0.00160134541 3.69575201
871 3219 1.60119947 0.00160119947 3.69575201
870 3213 1.5919374 0.0015919374 3.69310345
870 3213 1.59195832 0.00159195832 3.69310345
870 3213 1.59185072 0.00159185072 3.69310345
870 3216 1.58326757 0.00158326757 3.69655172
870 3218 1.59109479 0.00159109479 3.69885057
870 3214 1.59215153 0.00159215153 3.69425287
869 3205 1.58374041 0.00158374041 3.6881473
869 3205 1.58360178 0.00158360178 3.6881473
869 3208 1.58240694 0.00158240694 3.69159954
869 3205 1.57769217 0.00157769217 3.6881473
868 3200 1.57482335 0.00157482335 3.68663594
868 3197 1.57500842 0.00157500842 3.68317972
868 3196 1.57120403 0.00157120403 3.68202765
868 3201 1.57434328 0.00157434328 3.68778802
868 3199 1.567197 0.001567197 3.68548387
867 3192 1.5662207 0.0015662207 3.6816609
867 3192 1.56609911 0.00156609911 3.6816609
867 3192 1.5661971 0.0015661971 3.6816609
867 3197 1.56108053 0.00156108053 3.68742791
867 3192 1.5650837 0.0015650837 3.6816609
866 3186 1.55731277 0.00155731277 3.67898383
866 3186 1.55733955 0.00155733955 3.67898383
866 3186 1.55740317 0.00155740317 3.67898383
866 3186 1.55742953 0.00155742953 3.67898383
866 3186 1.55748532 0.00155748532 3.67898383
866 3186 1.55751588 0.00155751588 3.67898383
866 3186 1.55758744 0.00155758744 3.67898383
866 3186 1.55760854 0.00155760854 3.67898383
866 3186 1.55764044 0.00155764044 3.67898383
866 3186 1.55760923 0.00155760923 3.67898383
865 3181 1.54827817 0.00154827817 3.67745665
865 3181 1.54805147 0.00154805147 3.67745665
865 3181 1.54802636 0.00154802636 3.67745665
865 3181 1.54807344 0.00154807344 3.67745665
865 3181 1.54798853 0.00154798853 3.67745665
865 3181 1.54800677 0.00154800677 3.67745665
865 3181 1.54805337 0.00154805337 3.67745665
865 3181 1.54799244 0.00154799244 3.67745665
865 3181 1.54792075 0.00154792075 3.67745665
865 3181 1.54799261 0.00154799261 3.67745665
864 3175 1.53871397 0.00153871397 3.67476852
864 3175 1.53894423 0.00153894423 3.67476852
864 3174 1.53892239 0.00153892239 3.67361111
864 3171 1.53902109 0.00153902109 3.67013889
864 3171 1.53903619 0.00153903619 3.67013889
864 3173 1.53873298 0.00153873298 3.6724537
864 3171 1.53893599 0.00153893599 3.67013889
864 3171 1.53913229 0.00153913229 3.67013889
864 3174 1.53889575 0.00153889575 3.67361111
864 3174 1.53883053 0.00153883053 3.67361111
863 3166 1.52974743 0.00152974743 3.66859791
863 3166 1.5295979 0.0015295979 3.66859791
863 3166 1.52980367 0.00152980367 3.66859791
863 3166 1.52982246 0.00152982246 3.66859791
863 3166 1.52968895 0.00152968895 3.66859791
863 3166 1.52964071 0.00152964071 3.66859791
863 3166 1.52973331 0.00152973331 3.66859791
863 3166 1.52991057 0.00152991057 3.66859791
863 3166 1.52981644 0.00152981644 3.66859791
863 3166 1.52971681 0.00152971681 3.66859791
862 3160 1.52072544 0.00152072544 3.66589327
862 3160 1.52086485 0.00152086485 3.66589327
862 3160 1.52061705 0.00152061705 3.66589327
862 3160 1.52058841 0.00152058841 3.66589327
862 3160 1.52077984 0.00152077984 3.66589327
862 3160 1.5207446 0.0015207446 3.66589327
862 3160 1.52069126 0.00152069126 3.66589327
862 3160 1.52072366 0.00152072366 3.66589327
862 3160 1.52075499 0.00152075499 3.66589327
862 3160 1.52078159 0.00152078159 3.66589327
861 3155 1.51112904 0.00151112904 3.66434379
861 3156 1.51126813 0.00151126813 3.66550523
861 3156 1.51140268 0.00151140268 3.66550523
861 3156 1.51125643 0.00151125643 3.66550523
861 3156 1.51124613 0.00151124613 3.66550523
861 3156 1.51124959 0.00151124959 3.66550523
861 3156 1.51119289 0.00151119289 3.66550523
861 3156 1.51127633 0.00151127633 3.66550523
861 3156 1.51114991 0.00151114991 3.66550523
861 3156 1.51127769 0.00151127769 3.66550523
860 3151 1.50175751 0.00150175751 3.66395349
860 3151 1.50167698 0.00150167698 3.66395349
860 3150 1.50150238 0.00150150238 3.6627907
860 3151 1.50181705 0.00150181705 3.66395349
860 3151 1.50188318 0.00150188318 3.66395349
860 3151 1.50186491 0.00150186491 3.66395349
860 3151 1.50174762 0.00150174762 3.66395349
860 3151 1.50179368 0.00150179368 3.66395349
860 3151 1.50178056 0.00150178056 3.66395349
860 3151 1.50168988 0.00150168988 3.66395349
859 3141 1.4920702 0.0014920702 3.65657742
858 3135 1.48295937 0.00148295937 3.65384615
858 3135 1.48280333 0.00148280333 3.65384615
858 3135 1.48312061 0.00148312061 3.65384615
858 3135 1.48306114 0.00148306114 3.65384615
858 3131 1.48247869 0.00148247869 3.64918415
858 3130 1.4830157 0.0014830157 3.64801865
858 3128 1.47916246 0.00147916246 3.64568765
858 3130 1.48299424 0.00148299424 3.64801865
858 3130 1.48283395 0.00148283395 3.64801865
857 3123 1.47388719 0.00147388719 3.64410735
857 3127 1.47340148 0.00147340148 3.6487748
857 3130 1.47287266 0.00147287266 3.65227538
857 3123 1.47404483 0.00147404483 3.64410735
857 3123 1.47374141 0.00147374141 3.64410735
857 3123 1.47399549 0.00147399549 3.64410735
857 3123 1.47353067 0.00147353067 3.64410735
857 3123 1.47416506 0.00147416506 3.64410735
857 3123 1.47368833 0.00147368833 3.64410735
857 3123 1.47320661 0.00147320661 3.64410735
856 3117 1.46469141 0.00146469141 3.64135514
856 3120 1.46443176 0.00146443176 3.64485981
856 3120 1.46493948 0.00146493948 3.64485981
856 3120 1.46444487 0.00146444487 3.64485981
856 3120 1.46439987 0.00146439987 3.64485981
856 3120 1.46482665 0.00146482665 3.64485981
856 3120 1.46461706 0.00146461706 3.64485981
856 3120 1.46471514 0.00146471514 3.64485981
856 3120 1.4647553 0.0014647553 3.64485981
856 3120 1.46458314 0.00146458314 3.64485981
855 3114 1.45514666 0.00145514666 3.64210526
855 3114 1.45552608 0.00145552608 3.64210526
855 3115 1.45475539 0.00145475539 3.64327485
855 3114 1.45556173 0.00145556173 3.64210526
855 3114 1.45503547 0.00145503547 3.64210526
855 3114 1.45547495 0.00145547495 3.64210526
855 3114 1.45506577 0.00145506577 3.64210526
855 3114 1.45554364 0.00145554364 3.64210526
855 3114 1.45483066 0.00145483066 3.64210526
855 3114 1.4555947 0.0014555947 3.64210526
854 3109 1.44581642 0.00144581642 3.64051522
854 3109 1.44560615 0.00144560615 3.64051522
854 3109 1.44604323 0.00144604323 3.64051522
854 3109 1.44640236 0.00144640236 3.64051522
854 3109 1.44631039 0.00144631039 3.64051522
854 3109 1.44600749 0.00144600749 3.64051522
854 3109 1.44557945 0.00144557945 3.64051522
854 3109 1.44591897 0.00144591897 3.64051522
854 3109 1.4461265 0.0014461265 3.64051522
854 3109 1.4457977 0.0014457977 3.64051522
853 3101 1.43667327 0.00143667327 3.63540445
853 3101 1.43659254 0.00143659254 3.63540445
853 3106 1.43654554 0.00143654554 3.64126612
853 3106 1.43615447 0.00143615447 3.64126612
853 3101 1.4366812 0.0014366812 3.63540445
853 3101 1.43615947 0.00143615947 3.63540445
853 3101 1.43675272 0.00143675272 3.63540445
853 3101 1.4360238 0.0014360238 3.63540445
853 3101 1.43679183 0.00143679183 3.63540445
853 3101 1.4361764 0.0014361764 3.63540445
852 3098 1.42689808 0.00142689808 3.63615023
852 3098 1.42685951 0.00142685951 3.63615023
852 3098 1.42712273 0.00142712273 3.63615023
852 3098 1.42676148 0.00142676148 3.63615023
852 3098 1.42719634 0.00142719634 3.63615023
852 3098 1.42659812 0.00142659812 3.63615023
852 3098 1.42745682 0.00142745682 3.63615023
852 3098 1.42657251 0.00142657251 3.63615023
852 3098 1.42731099 0.00142731099 3.63615023
852 3098 1.42666106 0.00142666106 3.63615023
851 3088 1.41765468 0.00141765468 3.62867215
851 3091 1.4150093 0.0014150093 3.63219741
851 3084 1.42095603 0.00142095603 3.6239718
851 3083 1.42439909 0.00142439909 3.62279671
851 3084 1.42768878 0.00142768878 3.6239718
851 3089 1.42785794 0.00142785794 3.62984724
851 3089 1.42731403 0.00142731403 3.62984724
851 3086 1.42762596 0.00142762596 3.62632197
851 3084 1.42758575 0.00142758575 3.6239718
851 3084 1.42717268 0.00142717268 3.6239718
850 3081 1.4187847 0.0014187847 3.62470588
850 3081 1.4178114 0.0014178114 3.62470588
850 3081 1.41883953 0.00141883953 3.62470588
850 3081 1.41806364 0.00141806364 3.62470588
850 3081 1.41880272 0.00141880272 3.62470588
850 3081 1.41804921 0.00141804921 3.62470588
850 3081 1.41871109 0.00141871109 3.62470588
850 3081 1.41834086 0.00141834086 3.62470588
850 3081 1.41856701 0.00141856701 3.62470588
850 3081 1.41852812 0.00141852812 3.62470588
849 3078 1.40873583 0.00140873583 3.6254417
849 3078 1.40861775 0.00140861775 3.6254417
849 3078 1.40858227 0.00140858227 3.6254417
849 3078 1.40873901 0.00140873901 3.6254417
849 3078 1.40907368 0.00140907368 3.6254417
849 3078 1.40992323 0.00140992323 3.6254417
849 3078 1.40923524 0.00140923524 3.6254417
849 3078 1.4095627 0.0014095627 3.6254417
849 3078 1.40910003 0.00140910003 3.6254417
849 3078 1.4097799 0.0014097799 3.6254417
848 3070 1.39974722 0.00139974722 3.62028302
848 3070 1.3993689 0.0013993689 3.62028302
848 3070 1.40042541 0.00140042541 3.62028302
848 3070 1.40030004 0.00140030004 3.62028302
848 3070 1.39935598 0.00139935598 3.62028302
848 3070 1.40005256 0.00140005256 3.62028302
848 3071 1.40082255 0.00140082255 3.62146226
848 3071 1.39988755 0.00139988755 3.62146226
848 3071 1.39972312 0.00139972312 3.62146226
848 3071 1.40010933 0.00140010933 3.62146226
847 3063 1.39005304 0.00139005304 3.6162928
847 3063 1.39063057 0.00139063057 3.6162928
847 3063 1.39055389 0.00139055389 3.6162928
847 3063 1.39088065 0.00139088065 3.6162928
847 3063 1.3909558 0.0013909558 3.6162928
847 3063 1.39060937 0.00139060937 3.6162928
847 3063 1.39052931 0.00139052931 3.6162928
847 3063 1.39144143 0.00139144143 3.6162928
847 3063 1.39109169 0.00139109169 3.6162928
847 3063 1.3909889 0.0013909889 3.6162928
846 3058 1.38118603 0.00138118603 3.61465721
846 3058 1.38038293 0.00138038293 3.61465721
846 3061 1.3813411 0.0013813411 3.61820331
846 3058 1.38087494 0.00138087494 3.61465721
846 3058 1.38105801 0.00138105801 3.61465721
846 3061 1.38015435 0.00138015435 3.61820331
846 3056 1.379899 0.001379899 3.61229314
846 3061 1.38049675 0.00138049675 3.61820331
846 3061 1.38037265 0.00138037265 3.61820331
846 3061 1.38101477 0.00138101477 3.61820331
845 3053 1.37151244 0.00137151244 3.61301775
845 3053 1.37149033 0.00137149033 3.61301775
845 3053 1.37151939 0.00137151939 3.61301775
845 3053 1.37151141 0.00137151141 3.61301775
845 3053 1.37152737 0.00137152737 3.61301775
845 3053 1.37153319 0.00137153319 3.61301775
845 3053 1.37047542 0.00137047542 3.61301775
845 3053 1.37043859 0.00137043859 3.61301775
845 3053 1.37034162 0.00137034162 3.61301775
845 3053 1.37030364 0.00137030364 3.61301775
844 3046 1.36128475 0.00136128475 3.60900474
844 3046 1.35804381 0.00135804381 3.60900474
844 3046 1.3645651 0.0013645651 3.60900474
844 3047 1.36004305 0.00136004305 3.61018957
844 3045 1.36417779 0.00136417779 3.60781991
844 3044 1.36292484 0.00136292484 3.60663507
844 3044 1.36405572 0.00136405572 3.60663507
844 3044 1.36383576 0.00136383576 3.60663507
SP does not find any fixed points -> SP does not converge.
I am sorry I quit :(
