START ALGORITHM:
I am going to build an instance with N: 300 variables and 1245 clauses with a clause density equal to 4.15
START BSP WITH r=0.9:
Decimation scorer: cert
END UNIT PROPAGATION
300 1245 1.13586159 0.0037862053 4.15
300 1245 1.1362915 0.00378763833 4.15
300 1245 1.13562823 0.00378542744 4.15
300 1245 1.13533532 0.00378445108 4.15
300 1245 1.1352404 0.00378413466 4.15
300 1245 1.13499078 0.0037833026 4.15
300 1245 1.13487997 0.00378293323 4.15
300 1245 1.13492468 0.00378308226 4.15
300 1245 1.13514459 0.00378381531 4.15
299 1235 1.13085194 0.00376950647 4.13043478
299 1238 1.13518867 0.00378396224 4.14046823
299 1238 1.13520613 0.00378402045 4.14046823
299 1238 1.13522904 0.00378409679 4.14046823
299 1238 1.13525877 0.0037841959 4.14046823
299 1238 1.13522316 0.0037840772 4.14046823
299 1238 1.13521174 0.00378403914 4.14046823
299 1238 1.13523422 0.00378411406 4.14046823
299 1238 1.13531084 0.00378436948 4.14046823
299 1238 1.13534773 0.00378449242 4.14046823
298 1228 1.13517593 0.00378391977 4.12080537
298 1228 1.13522472 0.0037840824 4.12080537
298 1228 1.13527747 0.00378425823 4.12080537
298 1228 1.13513383 0.00378377944 4.12080537
298 1228 1.13535246 0.00378450821 4.12080537
298 1228 1.13530416 0.0037843472 4.12080537
298 1228 1.1351967 0.003783989 4.12080537
298 1228 1.13507587 0.00378358622 4.12080537
298 1228 1.13539986 0.00378466619 4.12080537
298 1228 1.13539735 0.00378465785 4.12080537
297 1225 1.12760475 0.0037586825 4.12457912
297 1218 1.13085826 0.00376952755 4.1010101
297 1218 1.13085568 0.00376951894 4.1010101
297 1218 1.13088864 0.00376962879 4.1010101
297 1218 1.13089951 0.00376966503 4.1010101
297 1218 1.13087848 0.00376959493 4.1010101
297 1218 1.13081174 0.00376937247 4.1010101
297 1218 1.13077242 0.00376924142 4.1010101
297 1218 1.1308339 0.00376944633 4.1010101
297 1218 1.13086353 0.00376954511 4.1010101
296 1212 1.11721239 0.0037240413 4.09459459
296 1215 1.12341346 0.00374471154 4.10472973
296 1215 1.12326168 0.00374420561 4.10472973
296 1215 1.12327124 0.00374423745 4.10472973
296 1215 1.12365005 0.00374550018 4.10472973
296 1215 1.12377345 0.00374591149 4.10472973
296 1215 1.12344218 0.00374480726 4.10472973
296 1215 1.12333493 0.00374444977 4.10472973
296 1215 1.12336813 0.00374456044 4.10472973
296 1215 1.12346918 0.00374489727 4.10472973
295 1207 1.10348714 0.00367829048 4.09152542
295 1209 1.10989639 0.00369965463 4.09830508
295 1209 1.10988824 0.00369962748 4.09830508
295 1209 1.10996589 0.00369988629 4.09830508
295 1209 1.11000781 0.00370002602 4.09830508
295 1209 1.11004411 0.00370014703 4.09830508
295 1209 1.10958472 0.00369861575 4.09830508
295 1209 1.11027119 0.00370090396 4.09830508
295 1209 1.10980303 0.00369934345 4.09830508
295 1209 1.10997314 0.00369991045 4.09830508
294 1198 1.09214766 0.00364049219 4.07482993
294 1198 1.09233913 0.00364113045 4.07482993
294 1198 1.09236128 0.00364120428 4.07482993
294 1198 1.09230859 0.00364102863 4.07482993
294 1198 1.09203304 0.00364011013 4.07482993
294 1198 1.0922507 0.00364083568 4.07482993
294 1198 1.09267131 0.00364223771 4.07482993
294 1198 1.09221777 0.00364072589 4.07482993
294 1198 1.09200942 0.00364003139 4.07482993
294 1198 1.09267183 0.00364223942 4.07482993
293 1190 1.07299683 0.00357665608 4.06143345
293 1190 1.07313424 0.00357711414 4.06143345
293 1190 1.07356974 0.0035785658 4.06143345
293 1190 1.07335538 0.00357785128 4.06143345
293 1190 1.0728977 0.00357632568 4.06143345
293 1190 1.07364914 0.00357883048 4.06143345
293 1190 1.07351852 0.00357839506 4.06143345
293 1190 1.07331198 0.0035777066 4.06143345
293 1190 1.0735172 0.00357839066 4.06143345
293 1190 1.07314004 0.00357713346 4.06143345
292 1180 1.04646595 0.00348821984 4.04109589
292 1180 1.04885734 0.00349619112 4.04109589
292 1180 1.04877094 0.00349590313 4.04109589
292 1180 1.04780971 0.00349269902 4.04109589
292 1178 1.05284006 0.00350946685 4.03424658
292 1178 1.05297032 0.00350990108 4.03424658
292 1178 1.0528344 0.00350944799 4.03424658
292 1178 1.05281333 0.00350937776 4.03424658
292 1178 1.05281285 0.00350937618 4.03424658
292 1178 1.05356647 0.00351188822 4.03424658
291 1171 1.03107266 0.00343690885 4.02405498
291 1171 1.03131077 0.00343770258 4.02405498
291 1171 1.03159779 0.0034386593 4.02405498
291 1171 1.03113386 0.00343711288 4.02405498
291 1171 1.03164082 0.00343880273 4.02405498
291 1171 1.03161001 0.00343870003 4.02405498
291 1171 1.03110231 0.0034370077 4.02405498
291 1171 1.03177922 0.00343926406 4.02405498
291 1171 1.03118299 0.00343727664 4.02405498
291 1171 1.03173547 0.00343911823 4.02405498
290 1161 1.00635603 0.00335452012 4.00344828
290 1161 1.0051092 0.00335036401 4.00344828
290 1159 1.00937682 0.0033645894 3.99655172
290 1159 1.00835958 0.00336119861 3.99655172
290 1159 1.00862279 0.00336207596 3.99655172
290 1159 1.00908837 0.00336362791 3.99655172
290 1159 1.00873833 0.00336246109 3.99655172
290 1159 1.00840249 0.00336134162 3.99655172
290 1159 1.00844669 0.00336148896 3.99655172
290 1159 1.00875171 0.00336250569 3.99655172
289 1150 0.984201013 0.00328067004 3.97923875
289 1150 0.983889928 0.00327963309 3.97923875
289 1152 0.985128164 0.00328376055 3.98615917
289 1152 0.984750572 0.00328250191 3.98615917
289 1152 0.985702668 0.00328567556 3.98615917
289 1152 0.985406319 0.00328468773 3.98615917
289 1152 0.984902839 0.00328300946 3.98615917
289 1152 0.985018416 0.00328339472 3.98615917
289 1152 0.984972089 0.0032832403 3.98615917
289 1152 0.984844198 0.00328281399 3.98615917
288 1143 0.962192515 0.00320730838 3.96875
288 1143 0.961104106 0.00320368035 3.96875
288 1143 0.961362464 0.00320454155 3.96875
288 1143 0.961298854 0.00320432951 3.96875
288 1143 0.961182143 0.00320394048 3.96875
288 1143 0.961449135 0.00320483045 3.96875
288 1143 0.960663154 0.00320221051 3.96875
288 1143 0.961083695 0.00320361232 3.96875
288 1143 0.961926973 0.00320642324 3.96875
288 1143 0.961236947 0.00320412316 3.96875
287 1134 0.929834546 0.00309944849 3.95121951
287 1134 0.932295455 0.00310765152 3.95121951
287 1135 0.938122628 0.00312707543 3.95470383
287 1135 0.937948433 0.00312649478 3.95470383
287 1135 0.939654558 0.00313218186 3.95470383
287 1133 0.938313047 0.00312771016 3.94773519
287 1142 0.952786179 0.00317595393 3.97909408
287 1142 0.952189816 0.00317396605 3.97909408
287 1142 0.947890527 0.00315963509 3.97909408
287 1143 0.948411795 0.00316137265 3.9825784
286 1136 0.933840892 0.00311280297 3.97202797
286 1138 0.942677866 0.00314225955 3.97902098
286 1135 0.943116707 0.00314372236 3.96853147
286 1135 0.942967743 0.00314322581 3.96853147
286 1131 0.950475513 0.00316825171 3.95454545
286 1131 0.950767471 0.0031692249 3.95454545
286 1131 0.952211097 0.00317403699 3.95454545
286 1130 0.933190162 0.00311063387 3.95104895
286 1134 0.951221984 0.00317073995 3.96503497
286 1134 0.951059305 0.00317019768 3.96503497
285 1124 0.928828577 0.00309609526 3.94385965
285 1124 0.930132774 0.00310044258 3.94385965
285 1124 0.933921065 0.00311307022 3.94385965
285 1124 0.933115873 0.00311038624 3.94385965
285 1124 0.932797609 0.00310932536 3.94385965
285 1124 0.93302492 0.00311008307 3.94385965
285 1124 0.933069143 0.00311023048 3.94385965
285 1124 0.933045637 0.00311015212 3.94385965
285 1124 0.933965912 0.00311321971 3.94385965
285 1124 0.933284607 0.00311094869 3.94385965
284 1114 0.913144471 0.0030438149 3.92253521
284 1115 0.913979826 0.00304659942 3.92605634
284 1115 0.913639424 0.00304546475 3.92605634
284 1115 0.913874867 0.00304624956 3.92605634
284 1115 0.914083111 0.0030469437 3.92605634
284 1113 0.910712926 0.00303570975 3.91901408
284 1114 0.908621813 0.00302873938 3.92253521
284 1117 0.920376963 0.00306792321 3.93309859
284 1117 0.922324136 0.00307441379 3.93309859
284 1117 0.925132266 0.00308377422 3.93309859
283 1104 0.911443072 0.00303814357 3.90106007
283 1104 1.03644377 0.00345481256 3.90106007
283 1112 1.04446959 0.00348156531 3.92932862
283 1117 1.03629968 0.00345433228 3.94699647
283 1118 1.03347148 0.00344490495 3.95053004
283 1124 1.03947357 0.0034649119 3.97173145
283 1122 1.04225799 0.00347419331 3.96466431
283 1123 1.0390922 0.00346364068 3.96819788
283 1121 1.03971746 0.00346572488 3.96113074
283 1119 1.04206785 0.00347355951 3.9540636
282 1111 1.03862484 0.00346208279 3.93971631
282 1109 1.04290118 0.00347633727 3.93262411
282 1105 1.04230693 0.00347435643 3.91843972
282 1101 1.03962034 0.00346540115 3.90425532
282 1097 1.03656209 0.00345520696 3.89007092
282 1095 1.03962139 0.00346540462 3.88297872
282 1097 1.03762444 0.00345874813 3.89007092
282 1096 1.03797989 0.00345993297 3.88652482
282 1095 1.03883722 0.00346279072 3.88297872
282 1095 1.04188239 0.00347294131 3.88297872
281 1088 1.03870274 0.00346234248 3.87188612
281 1092 1.04250572 0.00347501905 3.886121
281 1093 1.04561472 0.00348538239 3.88967972
281 1093 1.04576452 0.00348588172 3.88967972
281 1093 1.04574106 0.00348580352 3.88967972
281 1092 1.04622271 0.00348740904 3.886121
281 1094 1.04765729 0.00349219097 3.89323843
281 1094 1.0473977 0.00349132566 3.89323843
281 1094 1.0473002 0.00349100068 3.89323843
281 1094 1.04746998 0.00349156661 3.89323843
280 1088 1.04402609 0.00348008697 3.88571429
280 1088 1.04419294 0.00348064313 3.88571429
280 1088 1.04429151 0.0034809717 3.88571429
280 1088 1.04408885 0.00348029615 3.88571429
280 1088 1.0438262 0.00347942066 3.88571429
280 1087 1.04386792 0.00347955973 3.88214286
280 1083 1.04425072 0.00348083574 3.86785714
280 1083 1.04426185 0.00348087282 3.86785714
280 1083 1.04433015 0.0034811005 3.86785714
280 1083 1.04426773 0.00348089244 3.86785714
279 1077 1.04064811 0.00346882703 3.86021505
279 1077 1.04065423 0.00346884743 3.86021505
279 1077 1.04091213 0.0034697071 3.86021505
279 1077 1.0408538 0.00346951266 3.86021505
279 1074 1.04109697 0.00347032322 3.84946237
279 1074 1.04101407 0.00347004691 3.84946237
279 1074 1.04106001 0.00347020002 3.84946237
279 1074 1.04106079 0.00347020262 3.84946237
279 1074 1.04111052 0.0034703684 3.84946237
279 1074 1.04115695 0.00347052318 3.84946237
278 1068 1.03591171 0.00345303902 3.84172662
278 1068 1.03777403 0.00345924676 3.84172662
278 1068 1.03781885 0.00345939616 3.84172662
278 1068 1.03778237 0.00345927457 3.84172662
278 1067 1.03787631 0.00345958769 3.8381295
278 1067 1.03784911 0.00345949703 3.8381295
278 1067 1.03793484 0.00345978281 3.8381295
278 1067 1.03787298 0.00345957659 3.8381295
278 1067 1.03786729 0.00345955763 3.8381295
278 1067 1.03786364 0.00345954545 3.8381295
277 1061 1.03454528 0.00344848426 3.83032491
277 1061 1.03465341 0.0034488447 3.83032491
277 1061 1.03465253 0.00344884177 3.83032491
277 1061 1.03460314 0.00344867712 3.83032491
277 1061 1.03453481 0.00344844938 3.83032491
277 1061 1.03458107 0.00344860356 3.83032491
277 1061 1.03450334 0.00344834447 3.83032491
277 1061 1.03456454 0.00344854845 3.83032491
277 1061 1.03460262 0.0034486754 3.83032491
277 1061 1.03466569 0.00344888564 3.83032491
276 1054 1.02817378 0.00342724592 3.81884058
276 1053 1.03132993 0.00343776645 3.81521739
276 1053 1.03129048 0.00343763495 3.81521739
276 1053 1.03144451 0.00343814838 3.81521739
276 1053 1.0314114 0.00343803801 3.81521739
276 1053 1.03135098 0.00343783661 3.81521739
276 1053 1.03141344 0.00343804479 3.81521739
276 1053 1.03142727 0.0034380909 3.81521739
276 1053 1.03141582 0.00343805273 3.81521739
276 1053 1.03138413 0.0034379471 3.81521739
275 1044 1.02797913 0.0034265971 3.79636364
275 1044 1.02800265 0.00342667549 3.79636364
275 1044 1.02794501 0.00342648337 3.79636364
275 1044 1.02802628 0.00342675426 3.79636364
275 1044 1.02799963 0.00342666544 3.79636364
275 1044 1.02798522 0.0034266174 3.79636364
275 1047 1.02812421 0.00342708072 3.80727273
275 1047 1.0282206 0.003427402 3.80727273
275 1047 1.02817507 0.00342725024 3.80727273
275 1047 1.0282145 0.00342738167 3.80727273
274 1041 1.02231756 0.0034077252 3.79927007
274 1038 1.0248796 0.00341626532 3.78832117
274 1038 1.02484536 0.00341615121 3.78832117
274 1038 1.02487014 0.00341623381 3.78832117
274 1038 1.02484058 0.00341613525 3.78832117
274 1038 1.02481257 0.00341604189 3.78832117
274 1038 1.02480703 0.00341602345 3.78832117
274 1038 1.0248835 0.00341627834 3.78832117
274 1038 1.02485738 0.00341619128 3.78832117
274 1038 1.02476522 0.00341588406 3.78832117
273 1031 1.01921256 0.00339737521 3.77655678
273 1032 1.02029147 0.00340097158 3.78021978
273 1032 1.02019579 0.00340065262 3.78021978
273 1032 1.02026123 0.00340087078 3.78021978
273 1032 1.02032512 0.00340108372 3.78021978
273 1032 1.02022005 0.00340073351 3.78021978
273 1032 1.0202824 0.00340094134 3.78021978
273 1032 1.02026655 0.0034008885 3.78021978
273 1032 1.0202901 0.00340096701 3.78021978
273 1032 1.02031392 0.0034010464 3.78021978
272 1022 1.01437562 0.00338125205 3.75735294
272 1025 1.01497094 0.00338323645 3.76838235
272 1027 1.01579738 0.00338599127 3.77573529
272 1027 1.01569973 0.00338566578 3.77573529
272 1027 1.01578894 0.00338596312 3.77573529
272 1027 1.01596125 0.00338653748 3.77573529
272 1027 1.01590525 0.00338635083 3.77573529
272 1027 1.01585454 0.00338618179 3.77573529
272 1027 1.01588907 0.00338629691 3.77573529
272 1027 1.01589117 0.00338630389 3.77573529
271 1018 1.00941841 0.00336472803 3.75645756
271 1016 1.01243551 0.00337478502 3.74907749
271 1016 1.01237754 0.00337459181 3.74907749
271 1016 1.0124051 0.00337468367 3.74907749
271 1016 1.01230552 0.00337435173 3.74907749
271 1016 1.01242225 0.00337474083 3.74907749
271 1016 1.01250244 0.00337500812 3.74907749
271 1016 1.01248874 0.00337496248 3.74907749
271 1016 1.01233231 0.00337444104 3.74907749
271 1016 1.01234324 0.00337447746 3.74907749
270 1009 1.00714135 0.00335713782 3.73703704
270 1007 1.00610501 0.00335368338 3.72962963
270 1007 1.00596748 0.00335322494 3.72962963
270 1006 1.00620577 0.00335401923 3.72592593
270 1004 1.00936134 0.0033645378 3.71851852
270 1004 1.00940342 0.00336467807 3.71851852
270 1004 1.00939561 0.00336465202 3.71851852
270 1004 1.00932315 0.0033644105 3.71851852
270 1004 1.00935095 0.00336450316 3.71851852
270 1004 1.00938851 0.00336462836 3.71851852
269 998 1.00280743 0.00334269142 3.71003717
269 998 1.00516279 0.00335054262 3.71003717
269 998 1.00519224 0.00335064079 3.71003717
269 998 1.0051591 0.00335053033 3.71003717
269 998 1.00529736 0.0033509912 3.71003717
269 998 1.00513773 0.00335045909 3.71003717
269 998 1.00525329 0.0033508443 3.71003717
269 999 1.003685 0.00334561668 3.71375465
269 999 1.00375164 0.00334583878 3.71375465
269 998 1.00510048 0.00335033492 3.71003717
268 989 1.00018679 0.00333395598 3.69029851
268 989 1.00019812 0.00333399373 3.69029851
268 988 1.00004913 0.0033334971 3.68656716
268 988 0.999957332 0.00333319111 3.68656716
268 991 1.00044544 0.00333481813 3.69776119
268 991 1.00057168 0.00333523892 3.69776119
268 991 1.00067993 0.00333559978 3.69776119
268 991 1.00061124 0.00333537079 3.69776119
268 991 1.00059779 0.00333532597 3.69776119
268 991 1.0005322 0.00333510735 3.69776119
267 983 0.994472784 0.00331490928 3.68164794
267 985 0.994675833 0.00331558611 3.68913858
267 985 0.994607005 0.00331535668 3.68913858
267 983 0.994728324 0.00331576108 3.68164794
267 983 0.994672005 0.00331557335 3.68164794
267 987 0.996558564 0.00332186188 3.69662921
267 987 0.996515929 0.00332171976 3.69662921
267 987 0.996538137 0.00332179379 3.69662921
267 987 0.996575843 0.00332191948 3.69662921
267 987 0.996552631 0.0033218421 3.69662921
266 980 0.991013463 0.00330337821 3.68421053
266 978 0.991590108 0.00330530036 3.67669173
266 978 0.991577765 0.00330525922 3.67669173
266 977 0.992305612 0.00330768537 3.67293233
266 977 0.99232113 0.0033077371 3.67293233
266 977 0.992301151 0.0033076705 3.67293233
266 977 0.992267681 0.00330755894 3.67293233
266 977 0.992278941 0.00330759647 3.67293233
266 977 0.992224498 0.00330741499 3.67293233
266 977 0.992232323 0.00330744108 3.67293233
265 971 0.986896567 0.00328965522 3.66415094
265 972 0.988477326 0.00329492442 3.66792453
265 972 0.988362111 0.00329454037 3.66792453
265 972 0.988350434 0.00329450145 3.66792453
265 972 0.988433377 0.00329477792 3.66792453
265 972 0.988435289 0.0032947843 3.66792453
265 972 0.988458583 0.00329486194 3.66792453
265 972 0.988445568 0.00329481856 3.66792453
265 972 0.988418039 0.0032947268 3.66792453
265 969 0.987509967 0.00329169989 3.65660377
264 960 0.98300339 0.00327667797 3.63636364
264 960 0.983016977 0.00327672326 3.63636364
264 960 0.982893338 0.00327631113 3.63636364
264 962 0.984261394 0.00328087131 3.64393939
264 962 0.984244778 0.00328081593 3.64393939
264 962 0.984335608 0.00328111869 3.64393939
264 962 0.984258224 0.00328086075 3.64393939
264 962 0.98421664 0.00328072213 3.64393939
264 962 0.98421527 0.00328071757 3.64393939
264 962 0.984239871 0.00328079957 3.64393939
263 954 0.978858444 0.00326286148 3.62737643
263 954 0.979010905 0.00326336968 3.62737643
263 954 0.978909436 0.00326303145 3.62737643
263 954 0.979104956 0.00326368319 3.62737643
263 954 0.97908062 0.00326360207 3.62737643
263 954 0.979008694 0.00326336231 3.62737643
263 955 0.979433912 0.00326477971 3.63117871
263 958 0.97530873 0.0032510291 3.64258555
263 965 0.977554975 0.00325851658 3.66920152
263 965 0.977529479 0.0032584316 3.66920152
262 959 0.973027475 0.00324342492 3.66030534
262 956 0.973077456 0.00324359152 3.64885496
262 956 0.973005435 0.00324335145 3.64885496
262 959 0.972964315 0.00324321438 3.66030534
262 955 0.973927474 0.00324642491 3.64503817
262 955 0.97398451 0.00324661503 3.64503817
262 955 0.973989848 0.00324663283 3.64503817
262 954 0.977116453 0.00325705484 3.64122137
262 949 0.975417092 0.00325139031 3.6221374
262 950 0.977751406 0.00325917135 3.6259542
261 945 0.974556329 0.0032485211 3.62068966
261 945 0.974538329 0.0032484611 3.62068966
261 945 0.97447198 0.00324823993 3.62068966
261 945 0.974411457 0.00324803819 3.62068966
261 945 0.97448626 0.00324828753 3.62068966
261 945 0.974527105 0.00324842368 3.62068966
261 947 0.974811034 0.00324937011 3.62835249
261 947 0.974877971 0.00324959324 3.62835249
261 947 0.97486036 0.00324953453 3.62835249
261 947 0.974901263 0.00324967088 3.62835249
260 941 0.970610378 0.00323536793 3.61923077
260 941 0.970633117 0.00323544372 3.61923077
260 941 0.970585359 0.00323528453 3.61923077
260 939 0.970080394 0.00323360131 3.61153846
260 938 0.970560876 0.00323520292 3.60769231
260 938 0.970528456 0.00323509485 3.60769231
260 938 0.971418579 0.00323806193 3.60769231
260 938 0.971391975 0.00323797325 3.60769231
260 938 0.971424695 0.00323808232 3.60769231
260 938 0.971381161 0.0032379372 3.60769231
259 932 0.967205645 0.00322401882 3.5984556
259 932 0.967259941 0.0032241998 3.5984556
259 932 0.96707791 0.00322359303 3.5984556
259 930 0.966778887 0.00322259629 3.59073359
259 930 0.96683127 0.0032227709 3.59073359
259 930 0.966784539 0.00322261513 3.59073359
259 930 0.966791332 0.00322263777 3.59073359
259 932 0.967224914 0.00322408305 3.5984556
259 932 0.967178967 0.00322392989 3.5984556
259 932 0.967197522 0.00322399174 3.5984556
258 924 0.962167208 0.00320722403 3.58139535
258 924 0.962881034 0.00320960345 3.58139535
258 924 0.962894946 0.00320964982 3.58139535
258 924 0.962998261 0.0032099942 3.58139535
258 923 0.963152437 0.00321050812 3.57751938
258 923 0.963156785 0.00321052262 3.57751938
258 923 0.962911764 0.00320970588 3.57751938
258 923 0.963169343 0.00321056448 3.57751938
258 923 0.963143856 0.00321047952 3.57751938
258 923 0.963162969 0.00321054323 3.57751938
257 916 0.958991772 0.00319663924 3.56420233
257 916 0.958996493 0.00319665498 3.56420233
257 916 0.95899216 0.00319664053 3.56420233
257 916 0.95897284 0.00319657613 3.56420233
257 916 0.959060438 0.00319686813 3.56420233
257 916 0.959043533 0.00319681178 3.56420233
257 916 0.958974754 0.00319658251 3.56420233
257 916 0.95906686 0.00319688953 3.56420233
257 916 0.959080555 0.00319693518 3.56420233
257 916 0.959068147 0.00319689382 3.56420233
256 909 0.951556687 0.00317185562 3.55078125
256 908 0.954649691 0.00318216564 3.546875
256 908 0.954862813 0.00318287604 3.546875
256 908 0.954882471 0.00318294157 3.546875
256 908 0.954933524 0.00318311175 3.546875
256 908 0.95470729 0.00318235763 3.546875
256 908 0.954781488 0.00318260496 3.546875
256 908 0.95476649 0.00318255497 3.546875
256 908 0.954836093 0.00318278698 3.546875
256 908 0.95479736 0.00318265787 3.546875
255 907 0.949794707 0.00316598236 3.55686275
255 907 0.949900303 0.00316633434 3.55686275
255 907 0.949765384 0.00316588461 3.55686275
255 907 0.949800822 0.00316600274 3.55686275
255 907 0.949829862 0.00316609954 3.55686275
255 907 0.949705787 0.00316568596 3.55686275
255 907 0.949850617 0.00316616872 3.55686275
255 907 0.94980814 0.00316602713 3.55686275
255 907 0.949758452 0.00316586151 3.55686275
255 907 0.949740164 0.00316580055 3.55686275
254 899 0.945159872 0.00315053291 3.53937008
254 899 0.94512335 0.00315041117 3.53937008
254 899 0.945148938 0.00315049646 3.53937008
254 899 0.945156614 0.00315052205 3.53937008
254 899 0.945131087 0.00315043696 3.53937008
254 899 0.945174049 0.00315058016 3.53937008
254 899 0.945154887 0.00315051629 3.53937008
254 899 0.945250227 0.00315083409 3.53937008
254 899 0.945163698 0.00315054566 3.53937008
254 899 0.945245295 0.00315081765 3.53937008
253 890 0.93661581 0.0031220527 3.51778656
253 894 0.936972782 0.00312324261 3.53359684
253 892 0.937702975 0.00312567658 3.5256917
253 892 0.937799981 0.00312599994 3.5256917
253 892 0.937426774 0.00312475591 3.5256917
253 892 0.937701789 0.00312567263 3.5256917
253 892 0.937585898 0.00312528633 3.5256917
253 892 0.937770238 0.00312590079 3.5256917
253 893 0.939525082 0.00313175027 3.52964427
253 893 0.93951167 0.00313170557 3.52964427
252 888 0.931325728 0.00310441909 3.52380952
252 887 0.93134297 0.00310447657 3.51984127
252 887 0.931690991 0.00310563664 3.51984127
252 887 0.931319622 0.00310439874 3.51984127
252 887 0.931686433 0.00310562144 3.51984127
252 887 0.931473535 0.00310491178 3.51984127
252 888 0.933356755 0.00311118918 3.52380952
252 888 0.933341321 0.00311113774 3.52380952
252 888 0.93333755 0.00311112517 3.52380952
252 888 0.933305774 0.00311101925 3.52380952
251 880 0.924511796 0.00308170599 3.5059761
251 883 0.925038949 0.00308346316 3.51792829
250 877 0.923087545 0.00307695848 3.508
250 877 0.923128707 0.00307709569 3.508
250 872 0.923054441 0.00307684814 3.488
250 873 0.923190037 0.00307730012 3.492
250 873 0.923271787 0.00307757262 3.492
250 873 0.92324151 0.0030774717 3.492
250 870 0.924184659 0.00308061553 3.48
250 870 0.924179382 0.00308059794 3.48
249 865 0.918710181 0.00306236727 3.47389558
249 865 0.918700423 0.00306233474 3.47389558
249 865 0.918537941 0.00306179314 3.47389558
249 865 0.918582598 0.00306194199 3.47389558
249 865 0.91867203 0.0030622401 3.47389558
249 865 0.91867545 0.0030622515 3.47389558
249 864 0.918635013 0.00306211671 3.46987952
249 864 0.918651041 0.00306217014 3.46987952
249 864 0.918587329 0.00306195776 3.46987952
249 864 0.918532683 0.00306177561 3.46987952
248 861 0.910958033 0.00303652678 3.47177419
248 861 0.910612226 0.00303537409 3.47177419
248 861 0.910574639 0.0030352488 3.47177419
248 861 0.910622489 0.0030354083 3.47177419
248 858 0.911030105 0.00303676702 3.45967742
248 858 0.912238082 0.00304079361 3.45967742
248 858 0.912029533 0.00304009844 3.45967742
248 858 0.912211173 0.00304070391 3.45967742
248 858 0.912224967 0.00304074989 3.45967742
248 858 0.91215116 0.00304050387 3.45967742
247 848 0.904849697 0.00301616566 3.43319838
247 851 0.905140256 0.00301713419 3.44534413
247 853 0.905521332 0.00301840444 3.4534413
247 853 0.905498799 0.00301832933 3.4534413
247 853 0.905486585 0.00301828862 3.4534413
247 853 0.905506139 0.0030183538 3.4534413
247 853 0.90555441 0.0030185147 3.4534413
247 853 0.905554836 0.00301851612 3.4534413
247 853 0.90555808 0.00301852693 3.4534413
247 853 0.905458705 0.00301819568 3.4534413
246 847 0.897826966 0.00299275655 3.44308943
246 847 0.897575574 0.00299191858 3.44308943
246 847 0.898035906 0.00299345302 3.44308943
246 843 0.898441155 0.00299480385 3.42682927
246 843 0.898501745 0.00299500582 3.42682927
246 846 0.89849795 0.00299499317 3.43902439
246 847 0.900074475 0.00300024825 3.44308943
246 847 0.899981737 0.00299993912 3.44308943
246 848 0.899960301 0.00299986767 3.44715447
246 846 0.900546048 0.00300182016 3.43902439
245 843 0.892207957 0.00297402652 3.44081633
245 840 0.893001536 0.00297667179 3.42857143
245 840 0.899448469 0.00299816156 3.42857143
245 840 0.899773383 0.00299924461 3.42857143
245 840 0.899762895 0.00299920965 3.42857143
245 840 0.899330673 0.00299776891 3.42857143
245 840 0.899429876 0.00299809959 3.42857143
245 840 0.899587918 0.00299862639 3.42857143
245 840 0.899662857 0.00299887619 3.42857143
245 840 0.899681375 0.00299893792 3.42857143
244 834 0.892043366 0.00297347789 3.41803279
244 834 0.894116574 0.00298038858 3.41803279
244 834 0.894088641 0.00298029547 3.41803279
244 834 0.894122245 0.00298040748 3.41803279
244 834 0.894128373 0.00298042791 3.41803279
244 834 0.894170239 0.00298056746 3.41803279
244 834 0.894149926 0.00298049975 3.41803279
244 834 0.89393601 0.0029797867 3.41803279
244 836 0.893959369 0.00297986456 3.42622951
244 836 0.893968528 0.00297989509 3.42622951
243 831 0.88718474 0.00295728247 3.41975309
243 831 0.887289116 0.00295763039 3.41975309
243 831 0.887135557 0.00295711852 3.41975309
243 831 0.887271516 0.00295757172 3.41975309
243 831 0.887061331 0.0029568711 3.41975309
243 829 0.887206384 0.00295735461 3.41152263
243 829 0.887491158 0.00295830386 3.41152263
243 829 0.887015489 0.0029567183 3.41152263
243 829 0.887225504 0.00295741835 3.41152263
243 829 0.887328112 0.00295776037 3.41152263
242 823 0.879575134 0.00293191711 3.40082645
242 826 0.880008943 0.00293336314 3.41322314
242 824 0.878735232 0.00292911744 3.40495868
242 824 0.878607325 0.00292869108 3.40495868
242 828 0.885220888 0.00295073629 3.4214876
242 828 0.885271286 0.00295090429 3.4214876
242 828 0.885283745 0.00295094582 3.4214876
242 828 0.885019874 0.00295006625 3.4214876
242 828 0.885234148 0.00295078049 3.4214876
242 828 0.885208138 0.00295069379 3.4214876
241 823 0.878727016 0.00292909005 3.41493776
241 823 0.878766522 0.00292922174 3.41493776
241 821 0.878647306 0.00292882435 3.406639
241 821 0.876134969 0.0029204499 3.406639
241 822 0.880157211 0.00293385737 3.41078838
241 822 0.880241407 0.00293413802 3.41078838
241 822 0.880205017 0.00293401672 3.41078838
241 822 0.880669705 0.00293556568 3.41078838
241 822 0.880883525 0.00293627842 3.41078838
241 822 0.880715633 0.00293571878 3.41078838
240 817 0.874972408 0.00291657469 3.40416667
240 817 0.875028542 0.00291676181 3.40416667
240 817 0.874966968 0.00291655656 3.40416667
240 817 0.87473149 0.00291577163 3.40416667
240 817 0.875233795 0.00291744598 3.40416667
240 817 0.874961631 0.00291653877 3.40416667
240 817 0.874857804 0.00291619268 3.40416667
240 817 0.874965279 0.00291655093 3.40416667
240 817 0.87510078 0.0029170026 3.40416667
240 817 0.875246425 0.00291748808 3.40416667
239 810 0.86893346 0.00289644487 3.38912134
239 812 0.868820519 0.0028960684 3.39748954
239 812 0.868916236 0.00289638745 3.39748954
239 812 0.868750183 0.00289583394 3.39748954
239 812 0.868791819 0.00289597273 3.39748954
239 812 0.868768082 0.00289589361 3.39748954
239 812 0.868814657 0.00289604886 3.39748954
239 812 0.868961581 0.0028965386 3.39748954
239 812 0.868844509 0.00289614836 3.39748954
239 812 0.868809105 0.00289603035 3.39748954
238 804 0.861066394 0.00287022131 3.37815126
238 806 0.861588375 0.00287196125 3.38655462
238 806 0.861608387 0.00287202796 3.38655462
238 805 0.859502847 0.00286500949 3.38235294
238 805 0.859473463 0.00286491154 3.38235294
238 805 0.859480877 0.00286493626 3.38235294
238 805 0.859322971 0.0028644099 3.38235294
238 805 0.859583385 0.00286527795 3.38235294
238 804 0.859435621 0.0028647854 3.37815126
238 804 0.859299733 0.00286433244 3.37815126
237 799 0.851995366 0.00283998455 3.37130802
237 799 0.855997416 0.00285332472 3.37130802
237 797 0.856129903 0.00285376634 3.3628692
237 797 0.856105193 0.00285368398 3.3628692
237 793 0.852410921 0.00284136974 3.34599156
237 793 0.852441168 0.00284147056 3.34599156
237 793 0.852562871 0.00284187624 3.34599156
237 798 0.858071355 0.00286023785 3.36708861
237 798 0.858022464 0.00286007488 3.36708861
237 798 0.857882122 0.00285960707 3.36708861
236 793 0.852346952 0.00284115651 3.36016949
236 793 0.852462365 0.00284154122 3.36016949
236 793 0.85219118 0.00284063727 3.36016949
236 793 0.852272068 0.00284090689 3.36016949
236 793 0.852496584 0.00284165528 3.36016949
236 793 0.852297862 0.00284099287 3.36016949
236 793 0.852381849 0.00284127283 3.36016949
236 793 0.852339316 0.00284113105 3.36016949
236 793 0.852280151 0.00284093384 3.36016949
236 793 0.852388865 0.00284129622 3.36016949
235 785 0.84499763 0.00281665877 3.34042553
235 786 0.846712669 0.00282237556 3.34468085
235 786 0.846994224 0.00282331408 3.34468085
235 786 0.846710923 0.00282236974 3.34468085
235 786 0.846878892 0.00282292964 3.34468085
235 786 0.846759259 0.00282253086 3.34468085
235 786 0.846614802 0.00282204934 3.34468085
235 786 0.846752322 0.00282250774 3.34468085
235 786 0.846547023 0.00282182341 3.34468085
235 786 0.847097362 0.00282365787 3.34468085
234 783 0.837669163 0.00279223054 3.34615385
234 780 0.839486699 0.002798289 3.33333333
234 780 0.839330586 0.00279776862 3.33333333
234 777 0.840795699 0.00280265233 3.32051282
234 777 0.840696461 0.00280232154 3.32051282
234 777 0.840681396 0.00280227132 3.32051282
234 777 0.840731741 0.00280243914 3.32051282
234 777 0.84070149 0.0028023383 3.32051282
234 777 0.840988096 0.00280329365 3.32051282
234 777 0.840658059 0.00280219353 3.32051282
233 771 0.832753411 0.0027758447 3.30901288
233 771 0.833534645 0.00277844882 3.30901288
233 772 0.834179727 0.00278059909 3.31330472
233 772 0.834133708 0.00278044569 3.31330472
233 772 0.834133934 0.00278044645 3.31330472
233 772 0.833967798 0.00277989266 3.31330472
233 772 0.83419267 0.00278064223 3.31330472
233 772 0.83403783 0.0027801261 3.31330472
233 772 0.834264591 0.00278088197 3.31330472
233 772 0.83415923 0.00278053077 3.31330472
232 764 0.825611038 0.00275203679 3.29310345
232 764 0.825910192 0.00275303397 3.29310345
232 764 0.825589573 0.00275196524 3.29310345
232 766 0.826122202 0.00275374067 3.30172414
232 766 0.825981182 0.00275327061 3.30172414
232 766 0.826058233 0.00275352744 3.30172414
232 766 0.826002414 0.00275334138 3.30172414
232 766 0.82595118 0.0027531706 3.30172414
232 766 0.826009669 0.00275336556 3.30172414
232 767 0.82603393 0.00275344643 3.30603448
231 761 0.817692329 0.0027256411 3.29437229
231 761 0.817579417 0.00272526472 3.29437229
231 761 0.817764657 0.00272588219 3.29437229
231 761 0.81909784 0.00273032613 3.29437229
231 761 0.819029981 0.00273009994 3.29437229
231 761 0.819096078 0.00273032026 3.29437229
231 761 0.818958987 0.00272986329 3.29437229
231 758 0.820684563 0.00273561521 3.28138528
231 758 0.820713989 0.0027357133 3.28138528
231 758 0.820439708 0.00273479903 3.28138528
230 755 0.811644365 0.00270548122 3.2826087
230 752 0.812048357 0.00270682786 3.26956522
230 752 0.8119852 0.00270661733 3.26956522
230 752 0.812004828 0.00270668276 3.26956522
230 752 0.812070849 0.00270690283 3.26956522
230 752 0.812306097 0.00270768699 3.26956522
230 752 0.812051286 0.00270683762 3.26956522
230 752 0.812243124 0.00270747708 3.26956522
230 752 0.812087086 0.00270695695 3.26956522
230 752 0.812122174 0.00270707391 3.26956522
229 746 0.80421109 0.00268070363 3.25764192
229 746 0.802482131 0.00267494044 3.25764192
229 746 0.806700893 0.00268900298 3.25764192
229 745 0.807875644 0.00269291881 3.25327511
229 745 0.807846649 0.00269282216 3.25327511
229 745 0.807606385 0.00269202128 3.25327511
229 745 0.807557909 0.0026918597 3.25327511
229 746 0.809116805 0.00269705602 3.25764192
229 746 0.808577392 0.00269525797 3.25764192
229 746 0.808556837 0.00269518946 3.25764192
228 742 0.800688099 0.00266896033 3.25438596
228 742 0.800481864 0.00266827288 3.25438596
228 742 0.801063121 0.0026702104 3.25438596
228 742 0.801064172 0.00267021391 3.25438596
228 742 0.801152252 0.00267050751 3.25438596
228 742 0.800987383 0.00266995794 3.25438596
228 740 0.802071494 0.00267357165 3.24561404
228 740 0.802095996 0.00267365332 3.24561404
228 740 0.801610665 0.00267203555 3.24561404
228 740 0.802204093 0.00267401364 3.24561404
227 732 0.793917103 0.00264639034 3.2246696
227 732 0.794196183 0.00264732061 3.2246696
227 736 0.793642762 0.00264547587 3.24229075
227 736 0.797356491 0.00265785497 3.24229075
227 736 0.797121295 0.00265707098 3.24229075
227 736 0.797166787 0.00265722262 3.24229075
227 736 0.797419628 0.00265806543 3.24229075
227 736 0.797293856 0.00265764619 3.24229075
227 733 0.797214092 0.00265738031 3.22907489
227 733 0.796866313 0.00265622104 3.22907489
226 727 0.790662394 0.00263554131 3.21681416
226 727 0.790486241 0.00263495414 3.21681416
226 727 0.790373243 0.00263457748 3.21681416
226 727 0.790479414 0.00263493138 3.21681416
226 727 0.790437196 0.00263479065 3.21681416
226 728 0.791333995 0.00263777998 3.22123894
226 728 0.791326735 0.00263775578 3.22123894
226 728 0.791227722 0.00263742574 3.22123894
226 728 0.791323933 0.00263774644 3.22123894
226 728 0.791384607 0.00263794869 3.22123894
225 724 0.785330621 0.00261776874 3.21777778
225 724 0.785377798 0.00261792599 3.21777778
225 724 0.785541507 0.00261847169 3.21777778
225 724 0.785428615 0.00261809538 3.21777778
225 728 0.785421842 0.00261807281 3.23555556
225 728 0.78515578 0.00261718593 3.23555556
225 728 0.788932928 0.00262977643 3.23555556
225 728 0.789279266 0.00263093089 3.23555556
225 728 0.789309312 0.00263103104 3.23555556
225 728 0.789099131 0.00263033044 3.23555556
224 724 0.781907751 0.00260635917 3.23214286
224 724 0.781506085 0.00260502028 3.23214286
224 724 0.78210482 0.00260701607 3.23214286
224 724 0.781841807 0.00260613936 3.23214286
224 724 0.781794062 0.00260598021 3.23214286
224 720 0.783569803 0.00261189934 3.21428571
224 720 0.783546912 0.00261182304 3.21428571
224 720 0.783439998 0.00261146666 3.21428571
224 720 0.783568084 0.00261189361 3.21428571
224 720 0.783553598 0.00261184533 3.21428571
223 714 0.777207073 0.00259069024 3.20179372
223 714 0.77730538 0.00259101793 3.20179372
223 714 0.777125929 0.00259041976 3.20179372
223 714 0.777234951 0.00259078317 3.20179372
223 714 0.777062964 0.00259020988 3.20179372
223 714 0.777214167 0.00259071389 3.20179372
223 714 0.777200183 0.00259066728 3.20179372
223 714 0.777154764 0.00259051588 3.20179372
223 714 0.777221236 0.00259073745 3.20179372
223 714 0.77724177 0.0025908059 3.20179372
222 711 0.770712762 0.00256904254 3.2027027
222 711 0.770480674 0.00256826891 3.2027027
222 710 0.770365955 0.00256788652 3.1981982
222 710 0.770470819 0.00256823606 3.1981982
222 710 0.770132678 0.00256710893 3.1981982
222 710 0.770953859 0.0025698462 3.1981982
222 710 0.770315718 0.00256771906 3.1981982
222 708 0.770780459 0.0025692682 3.18918919
222 708 0.770706089 0.0025690203 3.18918919
222 708 0.770611202 0.00256870401 3.18918919
221 704 0.763974067 0.00254658022 3.18552036
221 704 0.763768446 0.00254589482 3.18552036
221 704 0.763795255 0.00254598418 3.18552036
221 704 0.763772169 0.00254590723 3.18552036
221 704 0.76417982 0.00254726607 3.18552036
221 704 0.764056477 0.00254685492 3.18552036
221 704 0.764297125 0.00254765708 3.18552036
221 704 0.763938761 0.00254646254 3.18552036
221 704 0.764071373 0.00254690458 3.18552036
221 704 0.764028372 0.00254676124 3.18552036
220 695 0.756436221 0.00252145407 3.15909091
220 695 0.756239927 0.00252079976 3.15909091
220 700 0.757428163 0.00252476054 3.18181818
220 701 0.75748568 0.00252495227 3.18636364
220 701 0.757480743 0.00252493581 3.18636364
220 700 0.759848895 0.00253282965 3.18181818
220 697 0.765791639 0.0025526388 3.16818182
220 697 0.765981546 0.00255327182 3.16818182
220 697 0.765672066 0.00255224022 3.16818182
220 697 0.765734823 0.00255244941 3.16818182
219 690 0.757859478 0.00252619826 3.15068493
219 693 0.758758437 0.00252919479 3.16438356
219 693 0.758951106 0.00252983702 3.16438356
219 693 0.759042938 0.00253014313 3.16438356
219 693 0.758866087 0.00252955362 3.16438356
219 693 0.759011081 0.00253003694 3.16438356
219 693 0.759047353 0.00253015784 3.16438356
219 693 0.759095552 0.00253031851 3.16438356
219 690 0.752642479 0.00250880826 3.15068493
219 690 0.752610477 0.00250870159 3.15068493
218 683 0.744967045 0.00248322348 3.13302752
218 687 0.752888375 0.00250962792 3.15137615
218 687 0.752471998 0.00250823999 3.15137615
218 687 0.752183773 0.00250727924 3.15137615
218 687 0.75259822 0.00250866073 3.15137615
218 687 0.752534832 0.00250844944 3.15137615
218 687 0.753034514 0.00251011505 3.15137615
218 687 0.752450059 0.00250816686 3.15137615
218 687 0.752797398 0.00250932466 3.15137615
218 687 0.753377997 0.00251125999 3.15137615
217 678 0.745007448 0.00248335816 3.12442396
217 678 0.745169674 0.00248389891 3.12442396
217 678 0.744446766 0.00248148922 3.12442396
217 678 0.744338833 0.00248112944 3.12442396
217 678 0.745664219 0.0024855474 3.12442396
217 678 0.743734904 0.00247911635 3.12442396
217 678 0.745477822 0.00248492607 3.12442396
217 678 0.74524004 0.00248413347 3.12442396
217 678 0.745253251 0.0024841775 3.12442396
217 683 0.74610625 0.00248702083 3.14746544
216 680 0.736922773 0.00245640924 3.14814815
216 677 0.738635062 0.00246211687 3.13425926
216 677 0.738553527 0.00246184509 3.13425926
216 677 0.738534371 0.00246178124 3.13425926
216 677 0.738493432 0.00246164477 3.13425926
216 676 0.734345662 0.00244781887 3.12962963
216 676 0.734409958 0.00244803319 3.12962963
216 676 0.734548835 0.00244849612 3.12962963
216 674 0.740578361 0.00246859454 3.12037037
216 674 0.740376726 0.00246792242 3.12037037
215 669 0.729290683 0.00243096894 3.11162791
215 669 0.729068055 0.00243022685 3.11162791
215 665 0.733189335 0.00244396445 3.09302326
215 665 0.733476836 0.00244492279 3.09302326
215 665 0.733285957 0.00244428652 3.09302326
215 665 0.733549255 0.00244516418 3.09302326
215 665 0.733601105 0.00244533702 3.09302326
215 665 0.733582861 0.0024452762 3.09302326
215 665 0.733599891 0.00244533297 3.09302326
215 665 0.733514746 0.00244504915 3.09302326
214 658 0.725792748 0.00241930916 3.07476636
214 658 0.725930522 0.00241976841 3.07476636
214 657 0.722593655 0.00240864552 3.07009346
214 657 0.722407412 0.00240802471 3.07009346
214 661 0.727015841 0.00242338614 3.08878505
214 661 0.72702587 0.00242341957 3.08878505
214 661 0.727242748 0.00242414249 3.08878505
214 661 0.726756566 0.00242252189 3.08878505
214 661 0.727133614 0.00242377871 3.08878505
214 661 0.727138461 0.00242379487 3.08878505
213 654 0.71945711 0.00239819037 3.07042254
213 654 0.719573031 0.00239857677 3.07042254
213 654 0.717567476 0.00239189159 3.07042254
213 654 0.717626523 0.00239208841 3.07042254
213 651 0.720775826 0.00240258609 3.05633803
213 651 0.720719384 0.00240239795 3.05633803
213 651 0.720888021 0.00240296007 3.05633803
213 653 0.720387062 0.00240129021 3.0657277
213 653 0.719882176 0.00239960725 3.0657277
213 653 0.719573099 0.002398577 3.0657277
212 648 0.707603845 0.00235867948 3.05660377
212 650 0.710391109 0.00236797036 3.06603774
212 647 0.714165683 0.00238055228 3.05188679
212 647 0.714880266 0.00238293422 3.05188679
212 647 0.714507676 0.00238169225 3.05188679
212 647 0.714304261 0.0023810142 3.05188679
212 647 0.714448206 0.00238149402 3.05188679
212 647 0.714497612 0.00238165871 3.05188679
212 647 0.714278124 0.00238092708 3.05188679
212 647 0.714330135 0.00238110045 3.05188679
211 642 0.704402771 0.00234800924 3.04265403
211 642 0.706011306 0.00235337102 3.04265403
210 637 0.702756261 0.00234252087 3.03333333
210 637 0.702739917 0.00234246639 3.03333333
210 637 0.702956213 0.00234318738 3.03333333
210 637 0.702983294 0.00234327765 3.03333333
210 637 0.70265656 0.00234218853 3.03333333
210 637 0.702753036 0.00234251012 3.03333333
210 637 0.702639074 0.00234213025 3.03333333
210 637 0.702609876 0.00234203292 3.03333333
209 629 0.695462674 0.00231820891 3.00956938
209 629 0.69544115 0.00231813717 3.00956938
209 629 0.695252913 0.00231750971 3.00956938
209 629 0.695326636 0.00231775545 3.00956938
209 629 0.695359403 0.00231786468 3.00956938
209 629 0.695704375 0.00231901458 3.00956938
209 629 0.695361756 0.00231787252 3.00956938
209 629 0.69500982 0.0023166994 3.00956938
209 629 0.695114363 0.00231704788 3.00956938
209 629 0.695159687 0.00231719896 3.00956938
208 623 0.686031416 0.00228677139 2.99519231
208 626 0.686055416 0.00228685139 3.00961538
208 626 0.685786981 0.0022859566 3.00961538
208 626 0.685903765 0.00228634588 3.00961538
208 626 0.685725929 0.0022857531 3.00961538
208 626 0.686211545 0.00228737182 3.00961538
208 623 0.685904438 0.00228634813 2.99519231
208 629 0.689484909 0.00229828303 3.02403846
208 629 0.688793992 0.00229597997 3.02403846
208 629 0.689542383 0.00229847461 3.02403846
207 625 0.679395849 0.00226465283 3.01932367
207 621 0.681644182 0.00227214727 3
207 621 0.681997057 0.00227332352 3
207 621 0.682346268 0.00227448756 3
207 621 0.681730596 0.00227243532 3
207 621 0.681846229 0.00227282076 3
207 621 0.682296834 0.00227432278 3
207 621 0.6823436 0.00227447867 3
207 621 0.682108935 0.00227369645 3
207 621 0.681600611 0.00227200204 3
206 617 0.669489411 0.00223163137 2.99514563
206 618 0.672858626 0.00224286209 3
206 618 0.672805492 0.00224268497 3
206 618 0.672568245 0.00224189415 3
206 618 0.672706691 0.00224235564 3
206 618 0.672738614 0.00224246205 3
206 618 0.672404797 0.00224134932 3
206 618 0.672556784 0.00224185595 3
206 618 0.672158172 0.00224052724 3
206 618 0.672899278 0.00224299759 3
205 613 0.663789285 0.00221263095 2.9902439
205 613 0.664390008 0.00221463336 2.9902439
205 613 0.66329327 0.00221097757 2.9902439
205 613 0.664363935 0.00221454645 2.9902439
205 613 0.66383266 0.00221277553 2.9902439
205 613 0.664145285 0.00221381762 2.9902439
205 613 0.663964157 0.00221321386 2.9902439
205 613 0.663997463 0.00221332488 2.9902439
205 613 0.664024526 0.00221341509 2.9902439
205 613 0.664028041 0.0022134268 2.9902439
204 608 0.653475374 0.00217825125 2.98039216
204 608 0.653772809 0.0021792427 2.98039216
204 608 0.653807343 0.00217935781 2.98039216
204 608 0.653820543 0.00217940181 2.98039216
204 608 0.65325274 0.00217750913 2.98039216
204 608 0.652880849 0.0021762695 2.98039216
204 608 0.652174151 0.00217391384 2.98039216
204 608 0.653274614 0.00217758205 2.98039216
204 609 0.654387995 0.00218129332 2.98529412
204 609 0.654198686 0.00218066229 2.98529412
203 602 0.642154155 0.00214051385 2.96551724
203 602 0.642781973 0.00214260658 2.96551724
203 602 0.642500194 0.00214166731 2.96551724
203 602 0.642600465 0.00214200155 2.96551724
203 602 0.642778253 0.00214259418 2.96551724
203 602 0.642617264 0.00214205755 2.96551724
203 602 0.642687374 0.00214229125 2.96551724
203 602 0.642470339 0.0021415678 2.96551724
203 602 0.642855632 0.00214285211 2.96551724
203 602 0.64273903 0.00214246343 2.96551724
202 597 0.628075325 0.00209358442 2.95544554
202 598 0.630021135 0.00210007045 2.96039604
202 598 0.630270172 0.00210090057 2.96039604
202 594 0.635231777 0.00211743926 2.94059406
202 598 0.646577647 0.00215525882 2.96039604
202 599 0.651497059 0.00217165686 2.96534653
202 599 0.651407624 0.00217135875 2.96534653
202 599 0.651403003 0.00217134334 2.96534653
202 599 0.651478814 0.00217159605 2.96534653
202 599 0.651681493 0.00217227164 2.96534653
201 594 0.640412468 0.00213470823 2.95522388
201 594 0.640481436 0.00213493812 2.95522388
201 594 0.640852975 0.00213617658 2.95522388
201 594 0.640681191 0.00213560397 2.95522388
201 596 0.643551511 0.0021451717 2.96517413
201 594 0.644706989 0.0021490233 2.95522388
201 594 0.644764136 0.00214921379 2.95522388
201 597 0.646739361 0.00215579787 2.97014925
201 597 0.646629556 0.00215543185 2.97014925
201 597 0.646690583 0.00215563528 2.97014925
200 594 0.637642934 0.00212547645 2.97
200 593 0.646808826 0.00215602942 2.965
200 593 0.646825942 0.00215608647 2.965
200 593 0.646759319 0.0021558644 2.965
200 593 0.64673695 0.00215578983 2.965
200 593 0.646357029 0.00215452343 2.965
200 593 0.646818086 0.00215606029 2.965
200 593 0.646595248 0.00215531749 2.965
200 593 0.64655683 0.00215518943 2.965
200 593 0.64669172 0.00215563907 2.965
199 587 0.635505923 0.00211835308 2.94974874
199 587 0.635393887 0.00211797962 2.94974874
199 588 0.635969235 0.00211989745 2.95477387
199 588 0.635789488 0.00211929829 2.95477387
199 588 0.635925575 0.00211975192 2.95477387
199 588 0.63597861 0.0021199287 2.95477387
199 588 0.635760876 0.00211920292 2.95477387
199 589 0.637395487 0.00212465162 2.95979899
199 589 0.635969542 0.00211989847 2.95979899
199 589 0.635827649 0.0021194255 2.95979899
198 585 0.625925565 0.00208641855 2.95454545
198 584 0.62450234 0.00208167447 2.94949495
198 584 0.632197236 0.00210732412 2.94949495
197 581 0.63095944 0.00210319813 2.94923858
197 581 0.630877184 0.00210292395 2.94923858
197 581 0.630953628 0.00210317876 2.94923858
197 581 0.63131097 0.0021043699 2.94923858
197 581 0.630881447 0.00210293816 2.94923858
197 581 0.63092825 0.00210309417 2.94923858
197 581 0.631274475 0.00210424825 2.94923858
196 578 0.622048258 0.00207349419 2.94897959
196 576 0.623072083 0.00207690694 2.93877551
196 576 0.623118973 0.00207706324 2.93877551
196 577 0.623330085 0.00207776695 2.94387755
196 577 0.623250527 0.00207750176 2.94387755
196 577 0.623099189 0.0020769973 2.94387755
196 577 0.623436167 0.00207812056 2.94387755
196 577 0.623503476 0.00207834492 2.94387755
196 577 0.623324503 0.00207774834 2.94387755
196 577 0.623204497 0.00207734832 2.94387755
195 572 0.615514405 0.00205171468 2.93333333
195 572 0.615398013 0.00205132671 2.93333333
195 572 0.614481966 0.00204827322 2.93333333
195 572 0.614944511 0.00204981504 2.93333333
195 572 0.614435903 0.00204811968 2.93333333
195 572 0.615227232 0.00205075744 2.93333333
195 572 0.615149028 0.00205049676 2.93333333
195 572 0.615189371 0.00205063124 2.93333333
195 572 0.615064537 0.00205021512 2.93333333
195 572 0.614987459 0.0020499582 2.93333333
194 569 0.605641553 0.00201880518 2.93298969
194 569 0.605859729 0.00201953243 2.93298969
194 569 0.60583108 0.00201943693 2.93298969
194 569 0.60566398 0.00201887993 2.93298969
194 569 0.605989912 0.00201996637 2.93298969
194 569 0.605874298 0.00201958099 2.93298969
194 569 0.605973792 0.00201991264 2.93298969
194 569 0.605472912 0.00201824304 2.93298969
194 569 0.605724339 0.00201908113 2.93298969
194 569 0.606086814 0.00202028938 2.93298969
193 564 0.594744644 0.00198248215 2.92227979
193 564 0.595340908 0.00198446969 2.92227979
193 565 0.595921296 0.00198640432 2.92746114
193 566 0.59643356 0.00198811187 2.93264249
193 566 0.595948899 0.00198649633 2.93264249
193 566 0.596446283 0.00198815428 2.93264249
193 566 0.596340291 0.00198780097 2.93264249
193 566 0.596481789 0.00198827263 2.93264249
193 566 0.596282724 0.00198760908 2.93264249
193 566 0.596557477 0.00198852492 2.93264249
192 560 0.585546778 0.00195182259 2.91666667
192 560 0.584562986 0.00194854329 2.91666667
192 560 0.5859523 0.00195317433 2.91666667
192 560 0.585846738 0.00195282246 2.91666667
192 560 0.585511659 0.00195170553 2.91666667
192 560 0.585844141 0.0019528138 2.91666667
192 562 0.585774507 0.00195258169 2.92708333
192 562 0.585191344 0.00195063781 2.92708333
192 562 0.585142643 0.00195047548 2.92708333
192 562 0.584998481 0.00194999494 2.92708333
190 551 0.570690911 0.00190230304 2.9
190 553 0.565812026 0.00188604009 2.91052632
190 553 0.566378061 0.00188792687 2.91052632
190 551 0.566571816 0.00188857272 2.9
190 551 0.566386427 0.00188795476 2.9
190 551 0.570645893 0.00190215298 2.9
190 551 0.570558583 0.00190186194 2.9
190 551 0.57125084 0.00190416947 2.9
190 551 0.570594552 0.00190198184 2.9
190 551 0.570021445 0.00190007148 2.9
189 546 0.557211185 0.00185737062 2.88888889
189 544 0.553375361 0.00184458454 2.87830688
189 544 0.553423635 0.00184474545 2.87830688
189 542 0.555916838 0.00185305613 2.86772487
188 541 0.552318327 0.00184106109 2.87765957
188 540 0.556105248 0.00185368416 2.87234043
188 541 0.557134342 0.00185711447 2.87765957
188 541 0.557128707 0.00185709569 2.87765957
188 541 0.557417896 0.00185805965 2.87765957
188 540 0.562065377 0.00187355126 2.87234043
187 534 0.555568135 0.00185189378 2.85561497
187 533 0.55774893 0.0018591631 2.85026738
187 533 0.557578243 0.00185859414 2.85026738
187 533 0.557343941 0.00185781314 2.85026738
187 533 0.557936793 0.00185978931 2.85026738
187 533 0.558273915 0.00186091305 2.85026738
187 533 0.557878287 0.00185959429 2.85026738
187 533 0.557598759 0.00185866253 2.85026738
187 533 0.557880302 0.00185960101 2.85026738
187 533 0.557354237 0.00185784746 2.85026738
186 528 0.547502649 0.00182500883 2.83870968
186 527 0.547032622 0.00182344207 2.83333333
186 527 0.548165774 0.00182721925 2.83333333
186 527 0.548168489 0.0018272283 2.83333333
186 527 0.547036136 0.00182345379 2.83333333
186 527 0.547814738 0.00182604913 2.83333333
186 527 0.547132778 0.00182377593 2.83333333
186 527 0.548115687 0.00182705229 2.83333333
186 527 0.547814963 0.00182604988 2.83333333
186 527 0.547747736 0.00182582579 2.83333333
185 520 0.53621307 0.0017873769 2.81081081
185 523 0.537845264 0.00179281755 2.82702703
185 523 0.538381177 0.00179460392 2.82702703
185 526 0.540426938 0.00180142313 2.84324324
185 526 0.541045075 0.00180348358 2.84324324
185 525 0.541560382 0.00180520127 2.83783784
185 525 0.54126108 0.0018042036 2.83783784
185 525 0.541693382 0.00180564461 2.83783784
185 525 0.541779888 0.00180593296 2.83783784
185 525 0.541793981 0.00180597994 2.83783784
184 518 0.529713703 0.00176571234 2.81521739
184 522 0.529131803 0.00176377268 2.83695652
184 519 0.531757482 0.00177252494 2.82065217
184 519 0.531119911 0.0017703997 2.82065217
184 519 0.531608508 0.00177202836 2.82065217
184 521 0.533462348 0.00177820783 2.83152174
184 521 0.533874478 0.00177958159 2.83152174
184 521 0.533625867 0.00177875289 2.83152174
184 521 0.533654952 0.00177884984 2.83152174
184 521 0.53363801 0.00177879337 2.83152174
183 516 0.524466505 0.00174822168 2.81967213
183 516 0.524129276 0.00174709759 2.81967213
182 511 0.518263095 0.00172754365 2.80769231
182 511 0.518026267 0.00172675422 2.80769231
182 511 0.517665399 0.00172555133 2.80769231
182 511 0.51814208 0.00172714027 2.80769231
182 511 0.518060552 0.00172686851 2.80769231
182 511 0.518376377 0.00172792126 2.80769231
182 511 0.517654628 0.00172551543 2.80769231
182 511 0.518330449 0.00172776816 2.80769231
181 505 0.508506961 0.0016950232 2.79005525
181 505 0.508713414 0.00169571138 2.79005525
181 505 0.509462617 0.00169820872 2.79005525
181 505 0.508840115 0.00169613372 2.79005525
181 505 0.508630233 0.00169543411 2.79005525
181 505 0.508433525 0.00169477842 2.79005525
181 505 0.507955202 0.00169318401 2.79005525
181 505 0.507434829 0.00169144943 2.79005525
181 506 0.509051165 0.00169683722 2.79558011
181 506 0.507554044 0.00169184681 2.79558011
180 499 0.491666072 0.00163888691 2.77222222
180 503 0.494068415 0.00164689472 2.79444444
180 499 0.49848272 0.00166160907 2.77222222
180 499 0.498323945 0.00166107982 2.77222222
180 499 0.498320752 0.00166106917 2.77222222
180 499 0.498487883 0.00166162628 2.77222222
180 499 0.4983376 0.00166112533 2.77222222
180 499 0.498293736 0.00166097912 2.77222222
180 499 0.498278601 0.00166092867 2.77222222
180 499 0.498519696 0.00166173232 2.77222222
179 492 0.483043315 0.00161014438 2.74860335
179 494 0.48374076 0.0016124692 2.75977654
179 497 0.479976479 0.0015999216 2.77653631
179 499 0.486334601 0.00162111534 2.7877095
179 499 0.486244726 0.00162081575 2.7877095
179 499 0.486549169 0.00162183056 2.7877095
179 497 0.488771604 0.00162923868 2.77653631
179 497 0.488603532 0.00162867844 2.77653631
179 497 0.488900679 0.00162966893 2.77653631
179 497 0.488765909 0.0016292197 2.77653631
178 494 0.477032679 0.00159010893 2.7752809
178 490 0.478538486 0.00159512829 2.75280899
178 490 0.479005592 0.00159668531 2.75280899
178 490 0.479064697 0.00159688232 2.75280899
178 490 0.479069503 0.00159689834 2.75280899
178 491 0.479414411 0.00159804804 2.75842697
178 491 0.479696353 0.00159898784 2.75842697
178 491 0.47845304 0.00159484347 2.75842697
178 491 0.47961447 0.0015987149 2.75842697
178 492 0.479423304 0.00159807768 2.76404494
177 488 0.461068159 0.00153689386 2.75706215
177 485 0.469855078 0.00156618359 2.74011299
SP does not find any fixed points -> SP does not converge.
I am sorry I quit :(
