START ALGORITHM:
I am going to build an instance with N: 1000 variables and 4200 clauses with a clause density equal to 4.2
START DYNAMIC-I BSP WITH r=0.9:
Decimation scorer: cert
END UNIT PROPAGATION
1000 4200 2.58096031 0.00258096031 4.2
1000 4200 2.58174269 0.00258174269 4.2
1000 4200 2.58084348 0.00258084348 4.2
1000 4200 2.58009249 0.00258009249 4.2
1000 4200 2.58008479 0.00258008479 4.2
1000 4200 2.58007329 0.00258007329 4.2
1000 4200 2.58057818 0.00258057818 4.2
1000 4200 2.58079115 0.00258079115 4.2
1000 4200 2.58074349 0.00258074349 4.2
999 4190 2.58072473 0.00258072473 4.19419419
999 4195 2.58049628 0.00258049628 4.1991992
999 4195 2.58029218 0.00258029218 4.1991992
999 4195 2.58036848 0.00258036848 4.1991992
999 4195 2.58050056 0.00258050056 4.1991992
999 4195 2.58059386 0.00258059386 4.1991992
999 4195 2.58061599 0.00258061599 4.1991992
999 4195 2.58054851 0.00258054851 4.1991992
999 4195 2.58048918 0.00258048918 4.1991992
999 4195 2.58045279 0.00258045279 4.1991992
998 4185 2.5804457 0.0025804457 4.19338677
998 4185 2.58049503 0.00258049503 4.19338677
998 4185 2.58054104 0.00258054104 4.19338677
998 4185 2.58054684 0.00258054684 4.19338677
998 4185 2.58053408 0.00258053408 4.19338677
998 4185 2.58050664 0.00258050664 4.19338677
998 4185 2.58049057 0.00258049057 4.19338677
998 4185 2.58049711 0.00258049711 4.19338677
998 4185 2.58050964 0.00258050964 4.19338677
998 4185 2.58052118 0.00258052118 4.19338677
997 4177 2.58036725 0.00258036725 4.18956871
997 4177 2.5803635 0.0025803635 4.18956871
997 4177 2.58035233 0.00258035233 4.18956871
997 4177 2.58034753 0.00258034753 4.18956871
997 4177 2.58034735 0.00258034735 4.18956871
997 4177 2.58035155 0.00258035155 4.18956871
997 4177 2.58035729 0.00258035729 4.18956871
997 4177 2.58035791 0.00258035791 4.18956871
997 4177 2.58035567 0.00258035567 4.18956871
997 4177 2.58035251 0.00258035251 4.18956871
996 4166 2.58001562 0.00258001562 4.18273092
996 4166 2.5800154 0.0025800154 4.18273092
996 4166 2.58001764 0.00258001764 4.18273092
996 4166 2.58001978 0.00258001978 4.18273092
996 4166 2.58002068 0.00258002068 4.18273092
996 4166 2.58001994 0.00258001994 4.18273092
996 4166 2.58001814 0.00258001814 4.18273092
996 4166 2.58001712 0.00258001712 4.18273092
996 4166 2.58001724 0.00258001724 4.18273092
996 4166 2.5800179 0.0025800179 4.18273092
995 4155 2.57960595 0.00257960595 4.1758794
995 4155 2.57960711 0.00257960711 4.1758794
995 4155 2.57960699 0.00257960699 4.1758794
995 4155 2.57960687 0.00257960687 4.1758794
995 4155 2.57960713 0.00257960713 4.1758794
995 4155 2.57960655 0.00257960655 4.1758794
995 4155 2.5796059 0.0025796059 4.1758794
995 4155 2.57960565 0.00257960565 4.1758794
995 4155 2.57960536 0.00257960536 4.1758794
995 4155 2.57960509 0.00257960509 4.1758794
994 4148 2.57911215 0.00257911215 4.17303823
994 4148 2.57911228 0.00257911228 4.17303823
994 4148 2.57911282 0.00257911282 4.17303823
994 4148 2.57911291 0.00257911291 4.17303823
994 4148 2.57911329 0.00257911329 4.17303823
994 4148 2.57911315 0.00257911315 4.17303823
994 4148 2.57911278 0.00257911278 4.17303823
994 4148 2.57911263 0.00257911263 4.17303823
994 4148 2.57911243 0.00257911243 4.17303823
994 4148 2.57911239 0.00257911239 4.17303823
993 4138 2.57819594 0.00257819594 4.16717019
993 4138 2.57819646 0.00257819646 4.16717019
993 4138 2.57819659 0.00257819659 4.16717019
993 4138 2.57819653 0.00257819653 4.16717019
993 4138 2.57819586 0.00257819586 4.16717019
993 4138 2.57819597 0.00257819597 4.16717019
993 4138 2.57819549 0.00257819549 4.16717019
993 4138 2.57819548 0.00257819548 4.16717019
993 4138 2.57819522 0.00257819522 4.16717019
993 4138 2.57819516 0.00257819516 4.16717019
992 4128 2.57708344 0.00257708344 4.16129032
992 4128 2.5770867 0.0025770867 4.16129032
992 4128 2.57708685 0.00257708685 4.16129032
992 4128 2.57708655 0.00257708655 4.16129032
992 4128 2.57708523 0.00257708523 4.16129032
992 4128 2.57708473 0.00257708473 4.16129032
992 4128 2.57708319 0.00257708319 4.16129032
992 4128 2.57708255 0.00257708255 4.16129032
992 4128 2.57708195 0.00257708195 4.16129032
992 4128 2.57708178 0.00257708178 4.16129032
991 4119 2.57566622 0.00257566622 4.15640767
991 4119 2.57566966 0.00257566966 4.15640767
991 4119 2.57567207 0.00257567207 4.15640767
991 4119 2.57567136 0.00257567136 4.15640767
991 4119 2.57567154 0.00257567154 4.15640767
991 4119 2.57567228 0.00257567228 4.15640767
991 4119 2.57567238 0.00257567238 4.15640767
991 4119 2.57567262 0.00257567262 4.15640767
991 4119 2.57567279 0.00257567279 4.15640767
991 4119 2.57567264 0.00257567264 4.15640767
990 4113 2.57415069 0.00257415069 4.15454545
990 4113 2.57414696 0.00257414696 4.15454545
990 4113 2.57415428 0.00257415428 4.15454545
990 4113 2.57415016 0.00257415016 4.15454545
990 4113 2.57415221 0.00257415221 4.15454545
990 4113 2.57415367 0.00257415367 4.15454545
990 4113 2.57415513 0.00257415513 4.15454545
990 4113 2.57415179 0.00257415179 4.15454545
990 4113 2.57415147 0.00257415147 4.15454545
990 4113 2.57415034 0.00257415034 4.15454545
989 4108 2.57234827 0.00257234827 4.1536906
989 4108 2.57234531 0.00257234531 4.1536906
989 4108 2.57235182 0.00257235182 4.1536906
989 4108 2.572357 0.002572357 4.1536906
989 4108 2.57235761 0.00257235761 4.1536906
989 4108 2.57235957 0.00257235957 4.1536906
989 4108 2.57236005 0.00257236005 4.1536906
989 4108 2.57236081 0.00257236081 4.1536906
989 4108 2.57236167 0.00257236167 4.1536906
989 4108 2.57236046 0.00257236046 4.1536906
988 4096 2.57046885 0.00257046885 4.14574899
988 4096 2.57047002 0.00257047002 4.14574899
988 4096 2.57046674 0.00257046674 4.14574899
988 4096 2.57046264 0.00257046264 4.14574899
988 4096 2.57046648 0.00257046648 4.14574899
988 4096 2.57046871 0.00257046871 4.14574899
988 4096 2.57047007 0.00257047007 4.14574899
988 4096 2.57046855 0.00257046855 4.14574899
988 4096 2.57046683 0.00257046683 4.14574899
988 4096 2.57046557 0.00257046557 4.14574899
987 4092 2.56857682 0.00256857682 4.14589666
987 4092 2.56858854 0.00256858854 4.14589666
987 4092 2.56861287 0.00256861287 4.14589666
987 4092 2.56862142 0.00256862142 4.14589666
987 4092 2.56862037 0.00256862037 4.14589666
987 4092 2.56863292 0.00256863292 4.14589666
987 4092 2.56864268 0.00256864268 4.14589666
987 4092 2.56864896 0.00256864896 4.14589666
987 4092 2.5686517 0.0025686517 4.14589666
987 4092 2.56865155 0.00256865155 4.14589666
986 4084 2.56485678 0.00256485678 4.14198783
986 4084 2.5648463 0.0025648463 4.14198783
986 4084 2.56481054 0.00256481054 4.14198783
986 4084 2.56478461 0.00256478461 4.14198783
986 4084 2.56476613 0.00256476613 4.14198783
986 4084 2.564776 0.002564776 4.14198783
986 4084 2.56478596 0.00256478596 4.14198783
986 4084 2.56481047 0.00256481047 4.14198783
986 4084 2.56481574 0.00256481574 4.14198783
986 4084 2.56481986 0.00256481986 4.14198783
985 4075 2.5608412 0.0025608412 4.13705584
985 4075 2.56083438 0.00256083438 4.13705584
985 4075 2.56082449 0.00256082449 4.13705584
985 4075 2.56082702 0.00256082702 4.13705584
985 4075 2.56084029 0.00256084029 4.13705584
985 4075 2.56082319 0.00256082319 4.13705584
985 4075 2.56082106 0.00256082106 4.13705584
985 4079 2.56078458 0.00256078458 4.14111675
985 4080 2.56109556 0.00256109556 4.14213198
985 4080 2.56107894 0.00256107894 4.14213198
984 4072 2.55732091 0.00255732091 4.13821138
984 4072 2.55734285 0.00255734285 4.13821138
984 4072 2.55731605 0.00255731605 4.13821138
984 4072 2.55728858 0.00255728858 4.13821138
984 4072 2.55727871 0.00255727871 4.13821138
984 4072 2.55728121 0.00255728121 4.13821138
984 4072 2.55730096 0.00255730096 4.13821138
984 4072 2.5573257 0.0025573257 4.13821138
984 4072 2.55733981 0.00255733981 4.13821138
984 4072 2.55734783 0.00255734783 4.13821138
983 4063 2.55342983 0.00255342983 4.13326551
983 4063 2.55341771 0.00255341771 4.13326551
983 4063 2.55341843 0.00255341843 4.13326551
983 4063 2.55345499 0.00255345499 4.13326551
983 4063 2.55344761 0.00255344761 4.13326551
983 4063 2.55341867 0.00255341867 4.13326551
983 4063 2.55342232 0.00255342232 4.13326551
983 4063 2.55342207 0.00255342207 4.13326551
983 4063 2.55341554 0.00255341554 4.13326551
983 4063 2.55341306 0.00255341306 4.13326551
982 4052 2.5494577 0.0025494577 4.12627291
982 4052 2.54942996 0.00254942996 4.12627291
982 4052 2.54940296 0.00254940296 4.12627291
982 4052 2.54940973 0.00254940973 4.12627291
982 4052 2.54940987 0.00254940987 4.12627291
982 4052 2.54940901 0.00254940901 4.12627291
982 4052 2.54940619 0.00254940619 4.12627291
982 4052 2.54940139 0.00254940139 4.12627291
982 4052 2.54939555 0.00254939555 4.12627291
982 4052 2.5493935 0.0025493935 4.12627291
981 4042 2.54465408 0.00254465408 4.12028542
981 4042 2.54470589 0.00254470589 4.12028542
981 4042 2.54471551 0.00254471551 4.12028542
981 4042 2.54470446 0.00254470446 4.12028542
981 4042 2.54471586 0.00254471586 4.12028542
981 4042 2.54472815 0.00254472815 4.12028542
981 4042 2.54473077 0.00254473077 4.12028542
981 4042 2.54473128 0.00254473128 4.12028542
981 4042 2.54473009 0.00254473009 4.12028542
981 4042 2.54473209 0.00254473209 4.12028542
980 4032 2.5406936 0.0025406936 4.11428571
980 4032 2.54070348 0.00254070348 4.11428571
980 4032 2.54067939 0.00254067939 4.11428571
980 4032 2.54066291 0.00254066291 4.11428571
980 4032 2.54064147 0.00254064147 4.11428571
980 4032 2.54062786 0.00254062786 4.11428571
980 4032 2.54062383 0.00254062383 4.11428571
980 4032 2.54062628 0.00254062628 4.11428571
980 4032 2.54063096 0.00254063096 4.11428571
980 4032 2.54063333 0.00254063333 4.11428571
979 4024 2.53581263 0.00253581263 4.11031665
979 4024 2.53585214 0.00253585214 4.11031665
979 4024 2.53584452 0.00253584452 4.11031665
979 4024 2.53581798 0.00253581798 4.11031665
979 4024 2.53578415 0.00253578415 4.11031665
979 4024 2.53575412 0.00253575412 4.11031665
979 4024 2.53573384 0.00253573384 4.11031665
979 4024 2.53572008 0.00253572008 4.11031665
979 4024 2.53570857 0.00253570857 4.11031665
979 4024 2.53570628 0.00253570628 4.11031665
978 4013 2.53072734 0.00253072734 4.10327198
978 4013 2.53074104 0.00253074104 4.10327198
978 4013 2.53073409 0.00253073409 4.10327198
978 4013 2.53072174 0.00253072174 4.10327198
978 4013 2.53073489 0.00253073489 4.10327198
978 4013 2.53087445 0.00253087445 4.10327198
978 4013 2.53086402 0.00253086402 4.10327198
978 4013 2.53085062 0.00253085062 4.10327198
978 4013 2.53092186 0.00253092186 4.10327198
978 4013 2.53075125 0.00253075125 4.10327198
977 4005 2.52578108 0.00252578108 4.09928352
977 4005 2.52596564 0.00252596564 4.09928352
977 4005 2.52589925 0.00252589925 4.09928352
977 4005 2.5259272 0.0025259272 4.09928352
977 4005 2.52590508 0.00252590508 4.09928352
977 4005 2.52589016 0.00252589016 4.09928352
977 4005 2.52587801 0.00252587801 4.09928352
977 4005 2.52588326 0.00252588326 4.09928352
977 4005 2.5258887 0.0025258887 4.09928352
977 4005 2.52588937 0.00252588937 4.09928352
976 3997 2.52076652 0.00252076652 4.09528689
976 3997 2.52081291 0.00252081291 4.09528689
976 3997 2.52075979 0.00252075979 4.09528689
976 3997 2.52071516 0.00252071516 4.09528689
976 3997 2.52067606 0.00252067606 4.09528689
976 3997 2.52064278 0.00252064278 4.09528689
976 3997 2.5205977 0.0025205977 4.09528689
976 3997 2.52058012 0.00252058012 4.09528689
976 3997 2.52057316 0.00252057316 4.09528689
976 3997 2.52056519 0.00252056519 4.09528689
975 3991 2.51554264 0.00251554264 4.09333333
975 3991 2.5156959 0.0025156959 4.09333333
975 3991 2.51579599 0.00251579599 4.09333333
975 3991 2.51580029 0.00251580029 4.09333333
975 3991 2.51575374 0.00251575374 4.09333333
975 3991 2.51570948 0.00251570948 4.09333333
975 3991 2.51568682 0.00251568682 4.09333333
975 3991 2.51567875 0.00251567875 4.09333333
975 3991 2.51567748 0.00251567748 4.09333333
975 3991 2.51568207 0.00251568207 4.09333333
974 3986 2.51019742 0.00251019742 4.09240246
974 3986 2.51028835 0.00251028835 4.09240246
974 3986 2.51021336 0.00251021336 4.09240246
974 3986 2.5101378 0.0025101378 4.09240246
974 3986 2.51014799 0.00251014799 4.09240246
974 3986 2.51015539 0.00251015539 4.09240246
974 3986 2.51015238 0.00251015238 4.09240246
974 3986 2.5101337 0.0025101337 4.09240246
974 3986 2.51012735 0.00251012735 4.09240246
974 3986 2.51011827 0.00251011827 4.09240246
973 3973 2.50380865 0.00250380865 4.08324769
973 3973 2.5038507 0.0025038507 4.08324769
973 3973 2.50388724 0.00250388724 4.08324769
973 3973 2.50391046 0.00250391046 4.08324769
973 3973 2.50390354 0.00250390354 4.08324769
973 3973 2.50390399 0.00250390399 4.08324769
973 3973 2.503907 0.002503907 4.08324769
973 3973 2.50391393 0.00250391393 4.08324769
973 3973 2.50391852 0.00250391852 4.08324769
973 3973 2.5039167 0.0025039167 4.08324769
972 3967 2.49756745 0.00249756745 4.08127572
972 3967 2.49755105 0.00249755105 4.08127572
972 3971 2.49762994 0.00249762994 4.08539095
972 3971 2.49760935 0.00249760935 4.08539095
972 3971 2.49758193 0.00249758193 4.08539095
972 3971 2.49754461 0.00249754461 4.08539095
972 3971 2.49752936 0.00249752936 4.08539095
972 3971 2.49752448 0.00249752448 4.08539095
972 3971 2.49751276 0.00249751276 4.08539095
972 3971 2.49749858 0.00249749858 4.08539095
971 3958 2.49131218 0.00249131218 4.07621009
971 3958 2.49136675 0.00249136675 4.07621009
971 3958 2.49140318 0.00249140318 4.07621009
971 3958 2.49140955 0.00249140955 4.07621009
971 3958 2.49140665 0.00249140665 4.07621009
971 3958 2.49141174 0.00249141174 4.07621009
971 3958 2.49140338 0.00249140338 4.07621009
971 3958 2.49140217 0.00249140217 4.07621009
971 3958 2.49139924 0.00249139924 4.07621009
971 3958 2.49139614 0.00249139614 4.07621009
970 3948 2.48478998 0.00248478998 4.07010309
970 3948 2.48488773 0.00248488773 4.07010309
970 3948 2.48475906 0.00248475906 4.07010309
970 3948 2.48474145 0.00248474145 4.07010309
970 3950 2.48477384 0.00248477384 4.07216495
970 3948 2.48476302 0.00248476302 4.07010309
970 3948 2.48475104 0.00248475104 4.07010309
970 3950 2.48473762 0.00248473762 4.07216495
970 3948 2.48480035 0.00248480035 4.07010309
970 3948 2.48476018 0.00248476018 4.07010309
969 3940 2.4780969 0.0024780969 4.06604747
969 3940 2.47816433 0.00247816433 4.06604747
969 3940 2.47819146 0.00247819146 4.06604747
969 3940 2.47815796 0.00247815796 4.06604747
969 3940 2.47818069 0.00247818069 4.06604747
969 3940 2.47816911 0.00247816911 4.06604747
969 3940 2.47817739 0.00247817739 4.06604747
969 3940 2.47817841 0.00247817841 4.06604747
969 3940 2.47817922 0.00247817922 4.06604747
969 3940 2.47818348 0.00247818348 4.06604747
968 3933 2.47015677 0.00247015677 4.06301653
968 3933 2.47016023 0.00247016023 4.06301653
968 3933 2.47016894 0.00247016894 4.06301653
968 3933 2.470156 0.002470156 4.06301653
968 3933 2.47016128 0.00247016128 4.06301653
968 3933 2.47016204 0.00247016204 4.06301653
968 3933 2.47016971 0.00247016971 4.06301653
968 3933 2.47017584 0.00247017584 4.06301653
968 3933 2.47018175 0.00247018175 4.06301653
968 3933 2.47018611 0.00247018611 4.06301653
967 3922 2.46211622 0.00246211622 4.05584281
967 3921 2.46229616 0.00246229616 4.05480869
967 3923 2.46235198 0.00246235198 4.05687694
967 3921 2.46242588 0.00246242588 4.05480869
967 3921 2.46239097 0.00246239097 4.05480869
967 3921 2.46233443 0.00246233443 4.05480869
967 3921 2.46233012 0.00246233012 4.05480869
967 3921 2.4623532 0.0024623532 4.05480869
967 3921 2.46234397 0.00246234397 4.05480869
967 3921 2.46233623 0.00246233623 4.05480869
966 3913 2.45584463 0.00245584463 4.05072464
966 3913 2.45595679 0.00245595679 4.05072464
966 3913 2.45595382 0.00245595382 4.05072464
966 3913 2.45591098 0.00245591098 4.05072464
966 3913 2.45587635 0.00245587635 4.05072464
966 3913 2.45583755 0.00245583755 4.05072464
966 3913 2.45580586 0.00245580586 4.05072464
966 3913 2.45578836 0.00245578836 4.05072464
966 3913 2.45577226 0.00245577226 4.05072464
966 3913 2.45576964 0.00245576964 4.05072464
965 3906 2.44848125 0.00244848125 4.04766839
965 3906 2.44853671 0.00244853671 4.04766839
965 3906 2.44856433 0.00244856433 4.04766839
965 3906 2.44860781 0.00244860781 4.04766839
965 3906 2.44860224 0.00244860224 4.04766839
965 3906 2.44858302 0.00244858302 4.04766839
965 3906 2.44857863 0.00244857863 4.04766839
965 3906 2.44859651 0.00244859651 4.04766839
965 3906 2.44860356 0.00244860356 4.04766839
965 3906 2.44859795 0.00244859795 4.04766839
964 3896 2.44071826 0.00244071826 4.04149378
964 3896 2.44077625 0.00244077625 4.04149378
964 3896 2.44074256 0.00244074256 4.04149378
964 3896 2.44072823 0.00244072823 4.04149378
964 3896 2.44073792 0.00244073792 4.04149378
964 3896 2.44075232 0.00244075232 4.04149378
964 3896 2.44073947 0.00244073947 4.04149378
964 3896 2.4407443 0.0024407443 4.04149378
964 3896 2.44074326 0.00244074326 4.04149378
964 3896 2.44075007 0.00244075007 4.04149378
963 3890 2.43296352 0.00243296352 4.03946002
963 3886 2.43295137 0.00243295137 4.03530633
963 3886 2.432861 0.002432861 4.03530633
963 3886 2.43285039 0.00243285039 4.03530633
963 3886 2.43285945 0.00243285945 4.03530633
963 3886 2.43279393 0.00243279393 4.03530633
963 3890 2.43305207 0.00243305207 4.03946002
963 3890 2.43300905 0.00243300905 4.03946002
963 3890 2.43297565 0.00243297565 4.03946002
963 3890 2.43298897 0.00243298897 4.03946002
962 3876 2.42524306 0.00242524306 4.02910603
962 3878 2.42523472 0.00242523472 4.03118503
962 3878 2.42522781 0.00242522781 4.03118503
962 3878 2.42522654 0.00242522654 4.03118503
962 3878 2.42524301 0.00242524301 4.03118503
962 3878 2.42518014 0.00242518014 4.03118503
962 3878 2.42515975 0.00242515975 4.03118503
962 3878 2.42517083 0.00242517083 4.03118503
962 3878 2.42516924 0.00242516924 4.03118503
962 3878 2.42516703 0.00242516703 4.03118503
961 3868 2.41758007 0.00241758007 4.02497399
961 3868 2.41777139 0.00241777139 4.02497399
961 3868 2.41770378 0.00241770378 4.02497399
961 3868 2.41753523 0.00241753523 4.02497399
961 3868 2.41759217 0.00241759217 4.02497399
961 3868 2.41747495 0.00241747495 4.02497399
961 3868 2.41739008 0.00241739008 4.02497399
961 3868 2.41776322 0.00241776322 4.02497399
961 3868 2.41758683 0.00241758683 4.02497399
961 3868 2.41764575 0.00241764575 4.02497399
960 3858 2.40954323 0.00240954323 4.01875
960 3858 2.40935643 0.00240935643 4.01875
960 3858 2.40933067 0.00240933067 4.01875
960 3858 2.40939351 0.00240939351 4.01875
960 3858 2.40932186 0.00240932186 4.01875
960 3858 2.40925901 0.00240925901 4.01875
960 3858 2.40919512 0.00240919512 4.01875
960 3858 2.40916544 0.00240916544 4.01875
960 3858 2.4091563 0.0024091563 4.01875
960 3858 2.40915412 0.00240915412 4.01875
959 3852 2.40107864 0.00240107864 4.01668405
959 3852 2.40127889 0.00240127889 4.01668405
959 3852 2.40136657 0.00240136657 4.01668405
959 3852 2.40134874 0.00240134874 4.01668405
959 3852 2.40139898 0.00240139898 4.01668405
959 3852 2.40135156 0.00240135156 4.01668405
959 3852 2.4013276 0.0024013276 4.01668405
959 3852 2.4014761 0.0024014761 4.01668405
959 3852 2.40137988 0.00240137988 4.01668405
959 3852 2.40142925 0.00240142925 4.01668405
958 3842 2.39315461 0.00239315461 4.01043841
958 3843 2.393167 0.002393167 4.01148225
958 3841 2.39354457 0.00239354457 4.00939457
958 3845 2.3934343 0.0023934343 4.01356994
958 3841 2.39338379 0.00239338379 4.00939457
958 3845 2.3933665 0.0023933665 4.01356994
958 3841 2.39345459 0.00239345459 4.00939457
958 3845 2.39339961 0.00239339961 4.01356994
958 3841 2.39346346 0.00239346346 4.00939457
958 3841 2.39345385 0.00239345385 4.00939457
957 3835 2.38572447 0.00238572447 4.00731452
957 3835 2.38575612 0.00238575612 4.00731452
957 3835 2.38581146 0.00238581146 4.00731452
957 3835 2.38585348 0.00238585348 4.00731452
957 3835 2.38574967 0.00238574967 4.00731452
957 3835 2.38571258 0.00238571258 4.00731452
957 3835 2.38570101 0.00238570101 4.00731452
957 3835 2.38572417 0.00238572417 4.00731452
957 3835 2.38573356 0.00238573356 4.00731452
957 3835 2.38573146 0.00238573146 4.00731452
956 3825 2.37772533 0.00237772533 4.00104603
956 3825 2.37775983 0.00237775983 4.00104603
956 3825 2.37788251 0.00237788251 4.00104603
956 3825 2.37770847 0.00237770847 4.00104603
956 3825 2.37780224 0.00237780224 4.00104603
956 3825 2.37776529 0.00237776529 4.00104603
956 3825 2.37780025 0.00237780025 4.00104603
956 3825 2.37769153 0.00237769153 4.00104603
956 3825 2.37777306 0.00237777306 4.00104603
956 3825 2.37773001 0.00237773001 4.00104603
955 3818 2.36884226 0.00236884226 3.99790576
955 3814 2.36870396 0.00236870396 3.99371728
955 3818 2.36904347 0.00236904347 3.99790576
955 3818 2.36898873 0.00236898873 3.99790576
955 3818 2.36881999 0.00236881999 3.99790576
955 3818 2.36887799 0.00236887799 3.99790576
955 3818 2.3689509 0.0023689509 3.99790576
955 3818 2.36893769 0.00236893769 3.99790576
955 3818 2.36896824 0.00236896824 3.99790576
955 3818 2.36898489 0.00236898489 3.99790576
954 3807 2.36027785 0.00236027785 3.99056604
954 3807 2.36030475 0.00236030475 3.99056604
954 3807 2.36029715 0.00236029715 3.99056604
954 3810 2.36026994 0.00236026994 3.99371069
954 3811 2.36321081 0.00236321081 3.99475891
954 3814 2.3665679 0.0023665679 3.99790356
954 3814 2.36668198 0.00236668198 3.99790356
954 3814 2.36655835 0.00236655835 3.99790356
954 3814 2.36656224 0.00236656224 3.99790356
954 3814 2.36651946 0.00236651946 3.99790356
953 3804 2.35882293 0.00235882293 3.99160546
953 3804 2.35899499 0.00235899499 3.99160546
953 3804 2.35903742 0.00235903742 3.99160546
953 3804 2.35900184 0.00235900184 3.99160546
953 3804 2.35887075 0.00235887075 3.99160546
953 3804 2.35880003 0.00235880003 3.99160546
953 3804 2.35884101 0.00235884101 3.99160546
953 3804 2.35888813 0.00235888813 3.99160546
953 3804 2.35889985 0.00235889985 3.99160546
953 3804 2.35890551 0.00235890551 3.99160546
952 3797 2.35103709 0.00235103709 3.98844538
952 3797 2.35104105 0.00235104105 3.98844538
952 3797 2.35108178 0.00235108178 3.98844538
952 3797 2.35107098 0.00235107098 3.98844538
952 3797 2.3510581 0.0023510581 3.98844538
952 3797 2.35107944 0.00235107944 3.98844538
952 3797 2.35110634 0.00235110634 3.98844538
952 3797 2.35111591 0.00235111591 3.98844538
952 3797 2.35112146 0.00235112146 3.98844538
952 3797 2.35112404 0.00235112404 3.98844538
951 3786 2.34284441 0.00234284441 3.98107256
951 3786 2.34287964 0.00234287964 3.98107256
951 3786 2.34280034 0.00234280034 3.98107256
951 3786 2.34279893 0.00234279893 3.98107256
951 3786 2.342737 0.002342737 3.98107256
951 3786 2.34272172 0.00234272172 3.98107256
951 3786 2.34272001 0.00234272001 3.98107256
951 3786 2.34272781 0.00234272781 3.98107256
951 3786 2.34272513 0.00234272513 3.98107256
951 3786 2.34272696 0.00234272696 3.98107256
950 3780 2.33412972 0.00233412972 3.97894737
950 3780 2.33416835 0.00233416835 3.97894737
950 3780 2.33414033 0.00233414033 3.97894737
950 3780 2.33411206 0.00233411206 3.97894737
950 3780 2.33414705 0.00233414705 3.97894737
950 3780 2.33415796 0.00233415796 3.97894737
950 3780 2.3341417 0.0023341417 3.97894737
950 3780 2.33416975 0.00233416975 3.97894737
950 3780 2.3341851 0.0023341851 3.97894737
950 3780 2.33418623 0.00233418623 3.97894737
949 3777 2.32567582 0.00232567582 3.97997893
949 3777 2.32572761 0.00232572761 3.97997893
949 3777 2.32567757 0.00232567757 3.97997893
949 3777 2.32562983 0.00232562983 3.97997893
949 3777 2.32562028 0.00232562028 3.97997893
949 3777 2.32561372 0.00232561372 3.97997893
949 3777 2.32561535 0.00232561535 3.97997893
949 3777 2.32561395 0.00232561395 3.97997893
949 3777 2.32561425 0.00232561425 3.97997893
949 3777 2.32561428 0.00232561428 3.97997893
948 3766 2.3171449 0.0023171449 3.97257384
948 3768 2.31728883 0.00231728883 3.97468354
948 3768 2.31726339 0.00231726339 3.97468354
948 3768 2.31723345 0.00231723345 3.97468354
948 3768 2.31720232 0.00231720232 3.97468354
948 3768 2.3171879 0.0023171879 3.97468354
948 3768 2.31719415 0.00231719415 3.97468354
948 3768 2.31719378 0.00231719378 3.97468354
948 3768 2.31719294 0.00231719294 3.97468354
948 3768 2.31719384 0.00231719384 3.97468354
947 3757 2.30880992 0.00230880992 3.96726505
947 3757 2.30893303 0.00230893303 3.96726505
947 3757 2.30896099 0.00230896099 3.96726505
947 3757 2.3089175 0.0023089175 3.96726505
947 3757 2.30889103 0.00230889103 3.96726505
947 3757 2.30889732 0.00230889732 3.96726505
947 3757 2.30890322 0.00230890322 3.96726505
947 3757 2.30890436 0.00230890436 3.96726505
947 3757 2.30890504 0.00230890504 3.96726505
947 3757 2.30890348 0.00230890348 3.96726505
946 3746 2.30024874 0.00230024874 3.95983087
946 3746 2.30017786 0.00230017786 3.95983087
946 3746 2.30027022 0.00230027022 3.95983087
946 3746 2.30027964 0.00230027964 3.95983087
946 3746 2.30028743 0.00230028743 3.95983087
946 3746 2.30026673 0.00230026673 3.95983087
946 3746 2.30027142 0.00230027142 3.95983087
946 3746 2.30029168 0.00230029168 3.95983087
946 3746 2.30030271 0.00230030271 3.95983087
946 3746 2.30030861 0.00230030861 3.95983087
945 3737 2.28964209 0.00228964209 3.95449735
945 3737 2.28964161 0.00228964161 3.95449735
945 3737 2.28945104 0.00228945104 3.95449735
945 3739 2.28930317 0.00228930317 3.95661376
945 3739 2.28943104 0.00228943104 3.95661376
945 3739 2.28933091 0.00228933091 3.95661376
945 3739 2.28931444 0.00228931444 3.95661376
945 3739 2.28935304 0.00228935304 3.95661376
945 3739 2.2893656 0.0022893656 3.95661376
945 3739 2.28937642 0.00228937642 3.95661376
944 3733 2.27996092 0.00227996092 3.95444915
944 3733 2.28649702 0.00228649702 3.95444915
944 3733 2.28643333 0.00228643333 3.95444915
944 3733 2.28643303 0.00228643303 3.95444915
944 3733 2.28631337 0.00228631337 3.95444915
944 3733 2.28653731 0.00228653731 3.95444915
944 3733 2.28644849 0.00228644849 3.95444915
944 3733 2.28657555 0.00228657555 3.95444915
944 3733 2.28651602 0.00228651602 3.95444915
944 3733 2.28661137 0.00228661137 3.95444915
943 3726 2.27735772 0.00227735772 3.95121951
943 3726 2.27715337 0.00227715337 3.95121951
943 3726 2.2770541 0.0022770541 3.95121951
943 3726 2.27729542 0.00227729542 3.95121951
943 3726 2.2774091 0.0022774091 3.95121951
943 3726 2.27736331 0.00227736331 3.95121951
943 3726 2.27731497 0.00227731497 3.95121951
943 3726 2.27732813 0.00227732813 3.95121951
943 3726 2.27731834 0.00227731834 3.95121951
943 3726 2.27727522 0.00227727522 3.95121951
942 3717 2.26684668 0.00226684668 3.94585987
942 3717 2.26688543 0.00226688543 3.94585987
942 3717 2.2667477 0.0022667477 3.94585987
942 3719 2.26650499 0.00226650499 3.94798301
942 3719 2.26665302 0.00226665302 3.94798301
942 3719 2.26673308 0.00226673308 3.94798301
942 3719 2.26668611 0.00226668611 3.94798301
942 3718 2.26663188 0.00226663188 3.94692144
942 3718 2.26652611 0.00226652611 3.94692144
942 3718 2.26643016 0.00226643016 3.94692144
941 3711 2.25648049 0.00225648049 3.94367694
941 3711 2.25680352 0.00225680352 3.94367694
941 3711 2.2566436 0.0022566436 3.94367694
941 3711 2.25668418 0.00225668418 3.94367694
941 3711 2.25671388 0.00225671388 3.94367694
941 3711 2.25672764 0.00225672764 3.94367694
941 3711 2.25671681 0.00225671681 3.94367694
941 3711 2.25671661 0.00225671661 3.94367694
941 3711 2.25673309 0.00225673309 3.94367694
941 3711 2.2567289 0.0022567289 3.94367694
940 3702 2.24630101 0.00224630101 3.93829787
940 3702 2.24618799 0.00224618799 3.93829787
940 3702 2.2462236 0.0022462236 3.93829787
940 3702 2.2461828 0.0022461828 3.93829787
940 3704 2.2461449 0.0022461449 3.94042553
940 3702 2.24617923 0.00224617923 3.93829787
940 3702 2.24619717 0.00224619717 3.93829787
940 3702 2.24616083 0.00224616083 3.93829787
940 3702 2.24615601 0.00224615601 3.93829787
940 3702 2.2461729 0.0022461729 3.93829787
939 3695 2.2357368 0.0022357368 3.93503727
939 3693 2.23582328 0.00223582328 3.93290735
939 3691 2.23583002 0.00223583002 3.93077742
939 3693 2.23590505 0.00223590505 3.93290735
939 3693 2.23600171 0.00223600171 3.93290735
939 3693 2.23597568 0.00223597568 3.93290735
939 3693 2.23583893 0.00223583893 3.93290735
939 3693 2.23577849 0.00223577849 3.93290735
939 3693 2.23585316 0.00223585316 3.93290735
939 3693 2.23591225 0.00223591225 3.93290735
938 3684 2.22573431 0.00222573431 3.92750533
938 3684 2.22568941 0.00222568941 3.92750533
938 3684 2.22573581 0.00222573581 3.92750533
938 3684 2.22567463 0.00222567463 3.92750533
938 3684 2.22561055 0.00222561055 3.92750533
938 3684 2.22561432 0.00222561432 3.92750533
938 3684 2.22548286 0.00222548286 3.92750533
938 3684 2.22564252 0.00222564252 3.92750533
938 3684 2.22572754 0.00222572754 3.92750533
938 3684 2.2256746 0.0022256746 3.92750533
937 3679 2.21580725 0.00221580725 3.92636073
937 3683 2.21605932 0.00221605932 3.93062967
937 3681 2.21612025 0.00221612025 3.9284952
937 3681 2.21605241 0.00221605241 3.9284952
937 3681 2.2159779 0.0022159779 3.9284952
937 3681 2.21596702 0.00221596702 3.9284952
937 3681 2.21599786 0.00221599786 3.9284952
937 3681 2.21601637 0.00221601637 3.9284952
937 3681 2.2160134 0.0022160134 3.9284952
937 3681 2.2160083 0.0022160083 3.9284952
936 3674 2.20645258 0.00220645258 3.92521368
936 3674 2.20643535 0.00220643535 3.92521368
936 3674 2.20647374 0.00220647374 3.92521368
936 3674 2.20649768 0.00220649768 3.92521368
936 3674 2.20654401 0.00220654401 3.92521368
936 3674 2.20655771 0.00220655771 3.92521368
936 3674 2.20656735 0.00220656735 3.92521368
936 3674 2.20656221 0.00220656221 3.92521368
936 3674 2.20655756 0.00220655756 3.92521368
936 3674 2.20655377 0.00220655377 3.92521368
935 3667 2.19675394 0.00219675394 3.92192513
935 3667 2.19664346 0.00219664346 3.92192513
935 3667 2.19670755 0.00219670755 3.92192513
935 3667 2.19672473 0.00219672473 3.92192513
935 3667 2.19667736 0.00219667736 3.92192513
935 3667 2.19671294 0.00219671294 3.92192513
935 3667 2.1967001 0.0021967001 3.92192513
935 3667 2.19668758 0.00219668758 3.92192513
935 3667 2.19670517 0.00219670517 3.92192513
935 3667 2.19669541 0.00219669541 3.92192513
934 3663 2.18646847 0.00218646847 3.92184154
934 3663 2.18649167 0.00218649167 3.92184154
934 3660 2.18645125 0.00218645125 3.91862955
934 3660 2.18635889 0.00218635889 3.91862955
934 3663 2.18647745 0.00218647745 3.92184154
934 3663 2.18647085 0.00218647085 3.92184154
934 3661 2.18618107 0.00218618107 3.91970021
934 3663 2.18644545 0.00218644545 3.92184154
934 3661 2.18641911 0.00218641911 3.91970021
934 3661 2.18612758 0.00218612758 3.91970021
933 3657 2.17635779 0.00217635779 3.91961415
933 3657 2.17637033 0.00217637033 3.91961415
933 3657 2.17605999 0.00217605999 3.91961415
933 3657 2.17620931 0.00217620931 3.91961415
933 3657 2.17622415 0.00217622415 3.91961415
933 3657 2.17621245 0.00217621245 3.91961415
933 3657 2.17633042 0.00217633042 3.91961415
933 3657 2.17634624 0.00217634624 3.91961415
933 3657 2.17624998 0.00217624998 3.91961415
933 3657 2.17603159 0.00217603159 3.91961415
932 3648 2.1658633 0.0021658633 3.91416309
932 3650 2.16589372 0.00216589372 3.91630901
932 3650 2.16607935 0.00216607935 3.91630901
932 3650 2.16602746 0.00216602746 3.91630901
932 3650 2.1659822 0.0021659822 3.91630901
932 3650 2.16602738 0.00216602738 3.91630901
932 3650 2.16603606 0.00216603606 3.91630901
932 3650 2.16606569 0.00216606569 3.91630901
932 3650 2.16607746 0.00216607746 3.91630901
932 3650 2.16608407 0.00216608407 3.91630901
931 3641 2.15578948 0.00215578948 3.91084855
931 3641 2.15577794 0.00215577794 3.91084855
931 3641 2.15577664 0.00215577664 3.91084855
931 3641 2.15572989 0.00215572989 3.91084855
931 3641 2.15607643 0.00215607643 3.91084855
931 3641 2.15571188 0.00215571188 3.91084855
931 3641 2.15558835 0.00215558835 3.91084855
931 3641 2.15585017 0.00215585017 3.91084855
931 3641 2.15592073 0.00215592073 3.91084855
931 3641 2.1555478 0.0021555478 3.91084855
930 3636 2.14559552 0.00214559552 3.90967742
930 3636 2.14539967 0.00214539967 3.90967742
930 3636 2.14508832 0.00214508832 3.90967742
930 3632 2.1449872 0.0021449872 3.90537634
930 3636 2.1451744 0.0021451744 3.90967742
930 3636 2.14522241 0.00214522241 3.90967742
930 3636 2.14521402 0.00214521402 3.90967742
930 3636 2.14529317 0.00214529317 3.90967742
930 3636 2.14531858 0.00214531858 3.90967742
930 3636 2.14532938 0.00214532938 3.90967742
929 3627 2.1348415 0.0021348415 3.90419806
929 3627 2.1347922 0.0021347922 3.90419806
929 3627 2.13476386 0.00213476386 3.90419806
929 3627 2.13477592 0.00213477592 3.90419806
929 3627 2.13482035 0.00213482035 3.90419806
929 3627 2.13470776 0.00213470776 3.90419806
929 3627 2.13483151 0.00213483151 3.90419806
929 3627 2.1348945 0.0021348945 3.90419806
929 3627 2.13468718 0.00213468718 3.90419806
929 3627 2.13480292 0.00213480292 3.90419806
928 3619 2.12380327 0.00212380327 3.89978448
928 3625 2.13369914 0.00213369914 3.90625
928 3622 2.13502435 0.00213502435 3.90301724
928 3622 2.13496416 0.00213496416 3.90301724
928 3622 2.13495809 0.00213495809 3.90301724
928 3622 2.13510928 0.00213510928 3.90301724
928 3622 2.13506491 0.00213506491 3.90301724
928 3622 2.13497669 0.00213497669 3.90301724
928 3622 2.13485379 0.00213485379 3.90301724
928 3622 2.13510975 0.00213510975 3.90301724
927 3613 2.12475618 0.00212475618 3.89751888
927 3616 2.12479838 0.00212479838 3.90075512
927 3616 2.12470092 0.00212470092 3.90075512
927 3616 2.12462255 0.00212462255 3.90075512
927 3616 2.12455416 0.00212455416 3.90075512
927 3613 2.12461378 0.00212461378 3.89751888
927 3616 2.12455215 0.00212455215 3.90075512
927 3613 2.12452291 0.00212452291 3.89751888
927 3616 2.1243171 0.0021243171 3.90075512
927 3613 2.12423556 0.00212423556 3.89751888
926 3607 2.11445542 0.00211445542 3.89524838
926 3607 2.11424957 0.00211424957 3.89524838
926 3604 2.11406824 0.00211406824 3.89200864
926 3607 2.11429753 0.00211429753 3.89524838
926 3604 2.11405325 0.00211405325 3.89200864
926 3607 2.11436315 0.00211436315 3.89524838
926 3604 2.11406998 0.00211406998 3.89200864
926 3607 2.11440536 0.00211440536 3.89524838
926 3604 2.11410556 0.00211410556 3.89200864
926 3607 2.11444665 0.00211444665 3.89524838
925 3598 2.10444482 0.00210444482 3.88972973
925 3598 2.10406811 0.00210406811 3.88972973
925 3598 2.10407517 0.00210407517 3.88972973
925 3598 2.10416465 0.00210416465 3.88972973
925 3598 2.10429782 0.00210429782 3.88972973
925 3598 2.10369551 0.00210369551 3.88972973
925 3603 2.10572015 0.00210572015 3.89513514
925 3603 2.10928048 0.00210928048 3.89513514
925 3603 2.11562963 0.00211562963 3.89513514
925 3601 2.11608206 0.00211608206 3.89297297
924 3597 2.10701701 0.00210701701 3.89285714
924 3597 2.10711064 0.00210711064 3.89285714
924 3597 2.10703011 0.00210703011 3.89285714
924 3597 2.10710523 0.00210710523 3.89285714
924 3597 2.1069731 0.0021069731 3.89285714
924 3597 2.10710258 0.00210710258 3.89285714
924 3597 2.10731382 0.00210731382 3.89285714
924 3597 2.10722592 0.00210722592 3.89285714
924 3597 2.10710205 0.00210710205 3.89285714
924 3597 2.10705403 0.00210705403 3.89285714
923 3590 2.09755837 0.00209755837 3.88949079
923 3590 2.09766323 0.00209766323 3.88949079
923 3590 2.09771097 0.00209771097 3.88949079
923 3590 2.09742842 0.00209742842 3.88949079
923 3590 2.09738156 0.00209738156 3.88949079
923 3590 2.09772078 0.00209772078 3.88949079
923 3590 2.09758043 0.00209758043 3.88949079
923 3590 2.09745904 0.00209745904 3.88949079
923 3590 2.09740217 0.00209740217 3.88949079
923 3590 2.09765295 0.00209765295 3.88949079
922 3584 2.08715567 0.00208715567 3.88720174
922 3584 2.08719422 0.00208719422 3.88720174
922 3584 2.08716149 0.00208716149 3.88720174
922 3584 2.08712437 0.00208712437 3.88720174
922 3584 2.08721038 0.00208721038 3.88720174
922 3584 2.0872763 0.0020872763 3.88720174
922 3584 2.08725073 0.00208725073 3.88720174
922 3584 2.087244 0.002087244 3.88720174
922 3584 2.08727437 0.00208727437 3.88720174
922 3584 2.08722837 0.00208722837 3.88720174
921 3575 2.07666811 0.00207666811 3.88165038
921 3575 2.07645018 0.00207645018 3.88165038
921 3575 2.07642601 0.00207642601 3.88165038
921 3575 2.07645434 0.00207645434 3.88165038
921 3575 2.07643131 0.00207643131 3.88165038
921 3575 2.0763981 0.0020763981 3.88165038
921 3575 2.07643601 0.00207643601 3.88165038
921 3580 2.07637076 0.00207637076 3.88707926
921 3575 2.07655054 0.00207655054 3.88165038
921 3575 2.07650982 0.00207650982 3.88165038
920 3571 2.06574237 0.00206574237 3.88152174
920 3575 2.06597723 0.00206597723 3.88586957
920 3575 2.06591227 0.00206591227 3.88586957
920 3575 2.0659228 0.0020659228 3.88586957
920 3575 2.06589781 0.00206589781 3.88586957
920 3575 2.06590547 0.00206590547 3.88586957
920 3575 2.06604814 0.00206604814 3.88586957
920 3575 2.06610702 0.00206610702 3.88586957
920 3575 2.06601599 0.00206601599 3.88586957
920 3575 2.06601571 0.00206601571 3.88586957
919 3566 2.05537565 0.00205537565 3.88030468
919 3566 2.05533388 0.00205533388 3.88030468
919 3566 2.05540077 0.00205540077 3.88030468
919 3566 2.05553698 0.00205553698 3.88030468
919 3566 2.0556721 0.0020556721 3.88030468
919 3566 2.05573692 0.00205573692 3.88030468
919 3566 2.05575621 0.00205575621 3.88030468
919 3566 2.05573925 0.00205573925 3.88030468
919 3566 2.05574659 0.00205574659 3.88030468
919 3566 2.05574393 0.00205574393 3.88030468
918 3560 2.0448194 0.0020448194 3.87799564
918 3560 2.04448505 0.00204448505 3.87799564
918 3560 2.04433006 0.00204433006 3.87799564
918 3560 2.04426761 0.00204426761 3.87799564
918 3560 2.04433374 0.00204433374 3.87799564
918 3558 2.0444785 0.0020444785 3.87581699
918 3558 2.0444067 0.0020444067 3.87581699
918 3558 2.04433825 0.00204433825 3.87581699
918 3561 2.04455991 0.00204455991 3.87908497
918 3561 2.04456504 0.00204456504 3.87908497
917 3552 2.03393538 0.00203393538 3.87350055
917 3556 2.03390171 0.00203390171 3.8778626
917 3554 2.03370946 0.00203370946 3.87568157
917 3556 2.03392809 0.00203392809 3.8778626
917 3552 2.03413923 0.00203413923 3.87350055
917 3552 2.03403684 0.00203403684 3.87350055
917 3552 2.03395136 0.00203395136 3.87350055
917 3552 2.03393744 0.00203393744 3.87350055
917 3552 2.03390869 0.00203390869 3.87350055
917 3552 2.03388313 0.00203388313 3.87350055
916 3547 2.02330131 0.00202330131 3.87227074
916 3547 2.02336044 0.00202336044 3.87227074
916 3547 2.02323444 0.00202323444 3.87227074
916 3547 2.0235148 0.0020235148 3.87227074
916 3547 2.0231018 0.0020231018 3.87227074
916 3547 2.02368287 0.00202368287 3.87227074
916 3547 2.02369847 0.00202369847 3.87227074
916 3547 2.02310027 0.00202310027 3.87227074
916 3547 2.02321672 0.00202321672 3.87227074
916 3547 2.02333012 0.00202333012 3.87227074
915 3536 2.01239504 0.00201239504 3.86448087
915 3540 2.01268146 0.00201268146 3.86885246
915 3540 2.01245307 0.00201245307 3.86885246
915 3540 2.01233542 0.00201233542 3.86885246
915 3540 2.01229193 0.00201229193 3.86885246
915 3540 2.01230733 0.00201230733 3.86885246
915 3540 2.01239675 0.00201239675 3.86885246
915 3540 2.01240091 0.00201240091 3.86885246
915 3540 2.01239296 0.00201239296 3.86885246
915 3540 2.01243311 0.00201243311 3.86885246
914 3529 2.00163281 0.00200163281 3.86105033
914 3529 2.00196132 0.00200196132 3.86105033
914 3529 2.00172711 0.00200172711 3.86105033
914 3529 2.00176703 0.00200176703 3.86105033
914 3529 2.00171832 0.00200171832 3.86105033
914 3529 2.00166465 0.00200166465 3.86105033
914 3529 2.0016737 0.0020016737 3.86105033
914 3529 2.00167406 0.00200167406 3.86105033
914 3529 2.00170523 0.00200170523 3.86105033
914 3529 2.00167748 0.00200167748 3.86105033
913 3518 1.99069547 0.00199069547 3.85323111
913 3518 1.99078919 0.00199078919 3.85323111
913 3518 1.99076515 0.00199076515 3.85323111
913 3518 1.99084229 0.00199084229 3.85323111
913 3518 1.99078437 0.00199078437 3.85323111
913 3518 1.99077209 0.00199077209 3.85323111
913 3518 1.99075983 0.00199075983 3.85323111
913 3518 1.99075445 0.00199075445 3.85323111
913 3518 1.99075872 0.00199075872 3.85323111
913 3518 1.99075982 0.00199075982 3.85323111
912 3509 1.97922148 0.00197922148 3.84758772
912 3509 1.97919796 0.00197919796 3.84758772
912 3512 1.97926052 0.00197926052 3.85087719
912 3512 1.97903897 0.00197903897 3.85087719
912 3512 1.97941492 0.00197941492 3.85087719
912 3512 1.97936459 0.00197936459 3.85087719
912 3512 1.97933036 0.00197933036 3.85087719
912 3512 1.97932271 0.00197932271 3.85087719
912 3512 1.97934839 0.00197934839 3.85087719
912 3512 1.97935625 0.00197935625 3.85087719
911 3498 1.96806304 0.00196806304 3.83973655
911 3502 1.96788584 0.00196788584 3.84412733
911 3502 1.96813257 0.00196813257 3.84412733
911 3502 1.96814091 0.00196814091 3.84412733
911 3502 1.96810852 0.00196810852 3.84412733
911 3502 1.9681448 0.0019681448 3.84412733
911 3502 1.96815111 0.00196815111 3.84412733
911 3502 1.96818003 0.00196818003 3.84412733
911 3502 1.96816069 0.00196816069 3.84412733
911 3502 1.9681369 0.0019681369 3.84412733
910 3488 1.9570912 0.0019570912 3.83296703
910 3494 1.9570472 0.0019570472 3.83956044
910 3500 1.95797697 0.00195797697 3.84615385
910 3500 1.95780209 0.00195780209 3.84615385
910 3500 1.95763604 0.00195763604 3.84615385
910 3500 1.95779111 0.00195779111 3.84615385
910 3500 1.95792934 0.00195792934 3.84615385
910 3500 1.95791213 0.00195791213 3.84615385
910 3500 1.95788629 0.00195788629 3.84615385
910 3500 1.95787546 0.00195787546 3.84615385
909 3486 1.94689739 0.00194689739 3.8349835
909 3490 1.94675864 0.00194675864 3.83938394
909 3490 1.94699923 0.00194699923 3.83938394
909 3490 1.94704391 0.00194704391 3.83938394
909 3490 1.94699152 0.00194699152 3.83938394
909 3490 1.94702185 0.00194702185 3.83938394
909 3490 1.94702252 0.00194702252 3.83938394
909 3490 1.94705533 0.00194705533 3.83938394
909 3490 1.94704292 0.00194704292 3.83938394
909 3490 1.94701524 0.00194701524 3.83938394
908 3476 1.93627214 0.00193627214 3.82819383
908 3476 1.93604765 0.00193604765 3.82819383
908 3476 1.93630812 0.00193630812 3.82819383
908 3476 1.93614514 0.00193614514 3.82819383
908 3476 1.93620926 0.00193620926 3.82819383
908 3476 1.93625311 0.00193625311 3.82819383
908 3476 1.93632874 0.00193632874 3.82819383
908 3476 1.93634412 0.00193634412 3.82819383
908 3476 1.93637687 0.00193637687 3.82819383
908 3476 1.93638734 0.00193638734 3.82819383
907 3465 1.92553714 0.00192553714 3.82028666
907 3473 1.92521692 0.00192521692 3.82910695
907 3477 1.93521897 0.00193521897 3.83351709
907 3477 1.93525756 0.00193525756 3.83351709
907 3477 1.93529099 0.00193529099 3.83351709
907 3477 1.93527208 0.00193527208 3.83351709
907 3477 1.93530262 0.00193530262 3.83351709
907 3477 1.93527386 0.00193527386 3.83351709
907 3477 1.93534868 0.00193534868 3.83351709
907 3477 1.93532368 0.00193532368 3.83351709
906 3468 1.92495591 0.00192495591 3.82781457
906 3468 1.92481381 0.00192481381 3.82781457
906 3468 1.924932 0.001924932 3.82781457
906 3468 1.92477236 0.00192477236 3.82781457
906 3468 1.92501933 0.00192501933 3.82781457
906 3468 1.92479021 0.00192479021 3.82781457
906 3468 1.92476974 0.00192476974 3.82781457
906 3468 1.92488997 0.00192488997 3.82781457
906 3468 1.92492631 0.00192492631 3.82781457
906 3468 1.92496707 0.00192496707 3.82781457
905 3457 1.91428782 0.00191428782 3.8198895
905 3459 1.91398325 0.00191398325 3.82209945
905 3463 1.91405508 0.00191405508 3.82651934
905 3463 1.91411712 0.00191411712 3.82651934
905 3459 1.91387981 0.00191387981 3.82209945
905 3457 1.9140168 0.0019140168 3.8198895
905 3457 1.91410289 0.00191410289 3.8198895
905 3459 1.9140873 0.0019140873 3.82209945
905 3463 1.91409424 0.00191409424 3.82651934
905 3463 1.91418763 0.00191418763 3.82651934
904 3454 1.90363127 0.00190363127 3.82079646
904 3454 1.90363319 0.00190363319 3.82079646
904 3452 1.90351531 0.00190351531 3.81858407
904 3452 1.9034526 0.0019034526 3.81858407
904 3454 1.90362251 0.00190362251 3.82079646
904 3456 1.90352578 0.00190352578 3.82300885
904 3460 1.90696642 0.00190696642 3.82743363
904 3458 1.91009063 0.00191009063 3.82522124
904 3453 1.91251133 0.00191251133 3.81969027
904 3458 1.91242966 0.00191242966 3.82522124
903 3448 1.9026491 0.0019026491 3.81838317
903 3447 1.90267246 0.00190267246 3.81727575
903 3448 1.90260562 0.00190260562 3.81838317
903 3447 1.90248446 0.00190248446 3.81727575
903 3448 1.90248719 0.00190248719 3.81838317
903 3447 1.90244555 0.00190244555 3.81727575
903 3448 1.90271016 0.00190271016 3.81838317
903 3448 1.90294684 0.00190294684 3.81838317
903 3447 1.9028601 0.0019028601 3.81727575
903 3448 1.90277612 0.00190277612 3.81838317
902 3442 1.89303339 0.00189303339 3.81596452
902 3442 1.89285015 0.00189285015 3.81596452
902 3442 1.8929354 0.0018929354 3.81596452
902 3442 1.89285979 0.00189285979 3.81596452
902 3442 1.89285562 0.00189285562 3.81596452
902 3442 1.89291387 0.00189291387 3.81596452
902 3442 1.89311394 0.00189311394 3.81596452
902 3442 1.89309353 0.00189309353 3.81596452
902 3442 1.89314477 0.00189314477 3.81596452
902 3442 1.89329798 0.00189329798 3.81596452
901 3431 1.88215636 0.00188215636 3.80799112
901 3433 1.88216616 0.00188216616 3.81021088
901 3433 1.88212173 0.00188212173 3.81021088
901 3433 1.8821551 0.0018821551 3.81021088
901 3433 1.88226779 0.00188226779 3.81021088
901 3433 1.88238556 0.00188238556 3.81021088
901 3433 1.88260485 0.00188260485 3.81021088
901 3433 1.88256111 0.00188256111 3.81021088
901 3433 1.88261736 0.00188261736 3.81021088
901 3433 1.8826881 0.0018826881 3.81021088
900 3422 1.87225656 0.00187225656 3.80222222
900 3423 1.87218208 0.00187218208 3.80333333
900 3422 1.87200872 0.00187200872 3.80222222
900 3423 1.87208966 0.00187208966 3.80333333
900 3422 1.87208825 0.00187208825 3.80222222
900 3423 1.87211995 0.00187211995 3.80333333
900 3422 1.87209243 0.00187209243 3.80222222
900 3423 1.87211125 0.00187211125 3.80333333
900 3422 1.87209228 0.00187209228 3.80222222
900 3423 1.87210527 0.00187210527 3.80333333
899 3414 1.86224003 0.00186224003 3.79755284
899 3414 1.86224892 0.00186224892 3.79755284
899 3414 1.86218646 0.00186218646 3.79755284
899 3414 1.8622432 0.0018622432 3.79755284
899 3414 1.86197659 0.00186197659 3.79755284
899 3414 1.86200881 0.00186200881 3.79755284
899 3414 1.86201598 0.00186201598 3.79755284
899 3414 1.86206063 0.00186206063 3.79755284
899 3414 1.86212747 0.00186212747 3.79755284
899 3414 1.86206939 0.00186206939 3.79755284
898 3405 1.85172671 0.00185172671 3.79175947
898 3405 1.85144205 0.00185144205 3.79175947
898 3405 1.85178164 0.00185178164 3.79175947
898 3405 1.85175891 0.00185175891 3.79175947
898 3405 1.85192997 0.00185192997 3.79175947
898 3405 1.85185151 0.00185185151 3.79175947
898 3405 1.85176128 0.00185176128 3.79175947
898 3405 1.85183069 0.00185183069 3.79175947
898 3405 1.85185482 0.00185185482 3.79175947
898 3405 1.8518145 0.0018518145 3.79175947
897 3396 1.84136438 0.00184136438 3.78595318
897 3396 1.84129111 0.00184129111 3.78595318
897 3396 1.8411836 0.0018411836 3.78595318
897 3399 1.8412896 0.0018412896 3.78929766
897 3399 1.84137961 0.00184137961 3.78929766
897 3399 1.84132623 0.00184132623 3.78929766
897 3399 1.84136044 0.00184136044 3.78929766
897 3399 1.84135497 0.00184135497 3.78929766
897 3399 1.84133893 0.00184133893 3.78929766
897 3399 1.84134355 0.00184134355 3.78929766
896 3390 1.83082825 0.00183082825 3.78348214
896 3390 1.83072602 0.00183072602 3.78348214
896 3390 1.83074433 0.00183074433 3.78348214
896 3390 1.83072284 0.00183072284 3.78348214
896 3390 1.83072157 0.00183072157 3.78348214
896 3390 1.83072697 0.00183072697 3.78348214
896 3390 1.83071596 0.00183071596 3.78348214
896 3390 1.83071515 0.00183071515 3.78348214
896 3390 1.83071346 0.00183071346 3.78348214
896 3390 1.83070927 0.00183070927 3.78348214
895 3384 1.82008161 0.00182008161 3.78100559
895 3384 1.82017103 0.00182017103 3.78100559
895 3384 1.82004166 0.00182004166 3.78100559
895 3384 1.82015911 0.00182015911 3.78100559
895 3384 1.82016134 0.00182016134 3.78100559
895 3384 1.82013952 0.00182013952 3.78100559
895 3384 1.82011488 0.00182011488 3.78100559
895 3384 1.82009423 0.00182009423 3.78100559
895 3384 1.82006806 0.00182006806 3.78100559
895 3384 1.82007513 0.00182007513 3.78100559
894 3378 1.80932856 0.00180932856 3.77852349
894 3378 1.80945212 0.00180945212 3.77852349
894 3378 1.8095043 0.0018095043 3.77852349
894 3378 1.80951549 0.00180951549 3.77852349
894 3378 1.80950744 0.00180950744 3.77852349
894 3378 1.80950797 0.00180950797 3.77852349
894 3378 1.80949731 0.00180949731 3.77852349
894 3378 1.80952776 0.00180952776 3.77852349
894 3378 1.80952057 0.00180952057 3.77852349
894 3378 1.80952043 0.00180952043 3.77852349
893 3369 1.79900223 0.00179900223 3.77267637
893 3369 1.79889836 0.00179889836 3.77267637
893 3369 1.79893288 0.00179893288 3.77267637
893 3369 1.79856864 0.00179856864 3.77267637
893 3369 1.79879138 0.00179879138 3.77267637
893 3369 1.79885841 0.00179885841 3.77267637
893 3369 1.7987818 0.0017987818 3.77267637
893 3369 1.79882434 0.00179882434 3.77267637
893 3369 1.79879982 0.00179879982 3.77267637
893 3369 1.79863789 0.00179863789 3.77267637
892 3361 1.7881726 0.0017881726 3.76793722
892 3365 1.79470496 0.00179470496 3.77242152
892 3369 1.7948141 0.0017948141 3.77690583
892 3369 1.79488202 0.00179488202 3.77690583
892 3366 1.79488381 0.00179488381 3.7735426
892 3365 1.79465717 0.00179465717 3.77242152
892 3365 1.79457674 0.00179457674 3.77242152
892 3365 1.79447781 0.00179447781 3.77242152
892 3369 1.79483776 0.00179483776 3.77690583
892 3369 1.79483804 0.00179483804 3.77690583
891 3360 1.78443604 0.00178443604 3.77104377
891 3356 1.78426094 0.00178426094 3.76655443
891 3360 1.78457614 0.00178457614 3.77104377
891 3360 1.78448033 0.00178448033 3.77104377
891 3356 1.78443074 0.00178443074 3.76655443
891 3360 1.78449576 0.00178449576 3.77104377
891 3360 1.78451548 0.00178451548 3.77104377
891 3356 1.78432346 0.00178432346 3.76655443
891 3360 1.78460773 0.00178460773 3.77104377
891 3360 1.78442137 0.00178442137 3.77104377
890 3351 1.77418808 0.00177418808 3.76516854
890 3351 1.77436677 0.00177436677 3.76516854
890 3351 1.77441458 0.00177441458 3.76516854
890 3351 1.77432003 0.00177432003 3.76516854
890 3351 1.77443425 0.00177443425 3.76516854
890 3351 1.77448847 0.00177448847 3.76516854
890 3351 1.77429252 0.00177429252 3.76516854
890 3351 1.77465173 0.00177465173 3.76516854
890 3351 1.77443834 0.00177443834 3.76516854
890 3351 1.77431617 0.00177431617 3.76516854
889 3343 1.76450243 0.00176450243 3.76040495
889 3341 1.76670645 0.00176670645 3.75815523
889 3342 1.76679734 0.00176679734 3.75928009
889 3346 1.76679134 0.00176679134 3.76377953
889 3346 1.76708826 0.00176708826 3.76377953
889 3346 1.7674152 0.0017674152 3.76377953
889 3351 1.76679635 0.00176679635 3.76940382
889 3347 1.76697985 0.00176697985 3.76490439
889 3347 1.76887619 0.00176887619 3.76490439
889 3344 1.77089862 0.00177089862 3.76152981
888 3338 1.76143487 0.00176143487 3.75900901
888 3341 1.7618178 0.0017618178 3.76238739
888 3341 1.76192097 0.00176192097 3.76238739
888 3341 1.7619594 0.0017619594 3.76238739
888 3341 1.76194988 0.00176194988 3.76238739
888 3341 1.76186374 0.00176186374 3.76238739
888 3341 1.76184506 0.00176184506 3.76238739
888 3341 1.76189408 0.00176189408 3.76238739
888 3341 1.7618222 0.0017618222 3.76238739
888 3341 1.76187952 0.00176187952 3.76238739
887 3332 1.75230922 0.00175230922 3.75648253
887 3332 1.75235894 0.00175235894 3.75648253
887 3332 1.75215244 0.00175215244 3.75648253
887 3332 1.75227405 0.00175227405 3.75648253
887 3332 1.7523788 0.0017523788 3.75648253
887 3332 1.75239182 0.00175239182 3.75648253
887 3332 1.75229561 0.00175229561 3.75648253
887 3332 1.75244637 0.00175244637 3.75648253
887 3332 1.75263759 0.00175263759 3.75648253
887 3332 1.75260687 0.00175260687 3.75648253
886 3327 1.7423284 0.0017423284 3.75507901
886 3323 1.74242323 0.00174242323 3.75056433
886 3327 1.74223203 0.00174223203 3.75507901
886 3323 1.7422748 0.0017422748 3.75056433
886 3327 1.74207935 0.00174207935 3.75507901
886 3323 1.74224957 0.00174224957 3.75056433
886 3327 1.74211845 0.00174211845 3.75507901
886 3323 1.74229075 0.00174229075 3.75056433
886 3327 1.74215418 0.00174215418 3.75507901
886 3327 1.74232476 0.00174232476 3.75507901
885 3318 1.73284054 0.00173284054 3.74915254
885 3318 1.73248037 0.00173248037 3.74915254
885 3318 1.73231219 0.00173231219 3.74915254
885 3314 1.73240784 0.00173240784 3.74463277
885 3314 1.73244452 0.00173244452 3.74463277
885 3318 1.73276857 0.00173276857 3.74915254
885 3318 1.73287994 0.00173287994 3.74915254
885 3318 1.73282614 0.00173282614 3.74915254
885 3318 1.73287919 0.00173287919 3.74915254
885 3318 1.733 0.001733 3.74915254
884 3308 1.72305411 0.00172305411 3.74208145
884 3308 1.7231696 0.0017231696 3.74208145
884 3309 1.72323322 0.00172323322 3.74321267
884 3309 1.72290467 0.00172290467 3.74321267
884 3309 1.72293828 0.00172293828 3.74321267
884 3309 1.72317528 0.00172317528 3.74321267
884 3309 1.72306571 0.00172306571 3.74321267
884 3309 1.72311287 0.00172311287 3.74321267
884 3309 1.72333474 0.00172333474 3.74321267
884 3309 1.72335386 0.00172335386 3.74321267
883 3300 1.71328433 0.00171328433 3.73725934
883 3300 1.71344571 0.00171344571 3.73725934
883 3300 1.71355388 0.00171355388 3.73725934
883 3300 1.7135495 0.0017135495 3.73725934
883 3300 1.71370732 0.00171370732 3.73725934
883 3300 1.71357244 0.00171357244 3.73725934
883 3300 1.71363574 0.00171363574 3.73725934
883 3300 1.71357575 0.00171357575 3.73725934
883 3300 1.71356574 0.00171356574 3.73725934
883 3300 1.71352866 0.00171352866 3.73725934
882 3290 1.70367597 0.00170367597 3.73015873
882 3290 1.70369702 0.00170369702 3.73015873
882 3291 1.7035322 0.0017035322 3.73129252
882 3290 1.70366106 0.00170366106 3.73015873
882 3291 1.7036322 0.0017036322 3.73129252
882 3290 1.70380805 0.00170380805 3.73015873
882 3291 1.70376591 0.00170376591 3.73129252
882 3290 1.70389706 0.00170389706 3.73015873
882 3291 1.70379608 0.00170379608 3.73129252
882 3290 1.70390988 0.00170390988 3.73015873
881 3281 1.69373208 0.00169373208 3.72417707
881 3281 1.6940285 0.0016940285 3.72417707
881 3281 1.69377394 0.00169377394 3.72417707
881 3281 1.69370286 0.00169370286 3.72417707
881 3281 1.69389638 0.00169389638 3.72417707
881 3281 1.69390155 0.00169390155 3.72417707
881 3281 1.69387559 0.00169387559 3.72417707
881 3281 1.69380497 0.00169380497 3.72417707
881 3281 1.69387417 0.00169387417 3.72417707
881 3281 1.69382495 0.00169382495 3.72417707
880 3276 1.68366752 0.00168366752 3.72272727
880 3275 1.68402515 0.00168402515 3.72159091
880 3275 1.68380109 0.00168380109 3.72159091
880 3275 1.68364818 0.00168364818 3.72159091
880 3275 1.68378642 0.00168378642 3.72159091
880 3275 1.68377425 0.00168377425 3.72159091
880 3275 1.68387454 0.00168387454 3.72159091
880 3275 1.68372764 0.00168372764 3.72159091
880 3275 1.68386986 0.00168386986 3.72159091
880 3275 1.68372508 0.00168372508 3.72159091
879 3269 1.6738179 0.0016738179 3.71899886
879 3270 1.67382939 0.00167382939 3.72013652
879 3273 1.67382108 0.00167382108 3.72354949
879 3272 1.67373221 0.00167373221 3.72241183
879 3273 1.67384292 0.00167384292 3.72354949
879 3273 1.67378645 0.00167378645 3.72354949
879 3273 1.67382206 0.00167382206 3.72354949
879 3273 1.67382574 0.00167382574 3.72354949
879 3273 1.67384602 0.00167384602 3.72354949
879 3273 1.67355575 0.00167355575 3.72354949
878 3266 1.66444237 0.00166444237 3.71981777
878 3266 1.66428706 0.00166428706 3.71981777
878 3266 1.66431413 0.00166431413 3.71981777
878 3266 1.66420824 0.00166420824 3.71981777
878 3266 1.66436047 0.00166436047 3.71981777
878 3266 1.66425904 0.00166425904 3.71981777
878 3266 1.66435387 0.00166435387 3.71981777
878 3266 1.6642951 0.0016642951 3.71981777
878 3266 1.66434461 0.00166434461 3.71981777
878 3266 1.66433001 0.00166433001 3.71981777
877 3257 1.65439828 0.00165439828 3.71379704
877 3257 1.65429931 0.00165429931 3.71379704
877 3260 1.65431169 0.00165431169 3.71721779
877 3257 1.6546936 0.0016546936 3.71379704
877 3258 1.65472802 0.00165472802 3.71493729
877 3260 1.65481636 0.00165481636 3.71721779
877 3257 1.65470719 0.00165470719 3.71379704
877 3257 1.65474598 0.00165474598 3.71379704
877 3258 1.65478718 0.00165478718 3.71493729
877 3260 1.65481038 0.00165481038 3.71721779
876 3251 1.64539843 0.00164539843 3.71118721
876 3251 1.64523363 0.00164523363 3.71118721
876 3251 1.6452842 0.0016452842 3.71118721
876 3251 1.64528076 0.00164528076 3.71118721
876 3251 1.64525437 0.00164525437 3.71118721
876 3251 1.64527508 0.00164527508 3.71118721
876 3251 1.64524579 0.00164524579 3.71118721
876 3251 1.64524793 0.00164524793 3.71118721
876 3251 1.64526412 0.00164526412 3.71118721
876 3251 1.64525329 0.00164525329 3.71118721
875 3244 1.63556034 0.00163556034 3.70742857
875 3241 1.63830123 0.00163830123 3.704
875 3241 1.638303 0.001638303 3.704
875 3241 1.63820615 0.00163820615 3.704
875 3240 1.63811121 0.00163811121 3.70285714
875 3241 1.63825481 0.00163825481 3.704
875 3241 1.63823043 0.00163823043 3.704
875 3243 1.63801271 0.00163801271 3.70628571
875 3240 1.63828628 0.00163828628 3.70285714
875 3240 1.63813436 0.00163813436 3.70285714
874 3234 1.62902379 0.00162902379 3.70022883
874 3234 1.6291685 0.0016291685 3.70022883
874 3234 1.62890153 0.00162890153 3.70022883
874 3234 1.62906996 0.00162906996 3.70022883
874 3234 1.6290876 0.0016290876 3.70022883
874 3234 1.62900802 0.00162900802 3.70022883
874 3234 1.62910436 0.00162910436 3.70022883
874 3234 1.62911698 0.00162911698 3.70022883
874 3234 1.6290348 0.0016290348 3.70022883
874 3234 1.6290751 0.0016290751 3.70022883
873 3232 1.61977713 0.00161977713 3.7021764
873 3232 1.61968977 0.00161968977 3.7021764
873 3226 1.61940888 0.00161940888 3.69530355
873 3232 1.61968817 0.00161968817 3.7021764
873 3232 1.61974469 0.00161974469 3.7021764
873 3226 1.6196207 0.0016196207 3.69530355
873 3232 1.61976034 0.00161976034 3.7021764
873 3232 1.6197063 0.0016197063 3.7021764
873 3226 1.61963656 0.00161963656 3.69530355
873 3232 1.61976242 0.00161976242 3.7021764
872 3224 1.61057836 0.00161057836 3.69724771
872 3224 1.61051024 0.00161051024 3.69724771
872 3224 1.61063166 0.00161063166 3.69724771
872 3224 1.61050041 0.00161050041 3.69724771
872 3224 1.61056442 0.00161056442 3.69724771
872 3224 1.61053369 0.00161053369 3.69724771
872 3224 1.61060505 0.00161060505 3.69724771
872 3224 1.61051212 0.00161051212 3.69724771
872 3224 1.61056993 0.00161056993 3.69724771
872 3224 1.61053979 0.00161053979 3.69724771
871 3219 1.60125039 0.00160125039 3.69575201
871 3219 1.60134029 0.00160134029 3.69575201
871 3219 1.6014737 0.0016014737 3.69575201
871 3219 1.60130356 0.00160130356 3.69575201
871 3220 1.60128118 0.00160128118 3.69690011
871 3218 1.60181707 0.00160181707 3.6946039
871 3217 1.60184428 0.00160184428 3.6934558
871 3214 1.6020984 0.0016020984 3.69001148
871 3214 1.60195336 0.00160195336 3.69001148
871 3214 1.60196004 0.00160196004 3.69001148
870 3208 1.59297592 0.00159297592 3.68735632
870 3212 1.59299499 0.00159299499 3.69195402
870 3211 1.59310464 0.00159310464 3.6908046
870 3211 1.59292419 0.00159292419 3.6908046
870 3211 1.59293602 0.00159293602 3.6908046
870 3211 1.59282002 0.00159282002 3.6908046
870 3211 1.59289676 0.00159289676 3.6908046
870 3211 1.5927925 0.0015927925 3.6908046
870 3211 1.59286258 0.00159286258 3.6908046
870 3211 1.59277709 0.00159277709 3.6908046
869 3206 1.58413956 0.00158413956 3.68929804
869 3206 1.58413019 0.00158413019 3.68929804
869 3206 1.58413266 0.00158413266 3.68929804
869 3206 1.58397059 0.00158397059 3.68929804
869 3206 1.58398032 0.00158398032 3.68929804
869 3206 1.58396955 0.00158396955 3.68929804
869 3206 1.58434012 0.00158434012 3.68929804
869 3206 1.58425211 0.00158425211 3.68929804
869 3206 1.58395013 0.00158395013 3.68929804
869 3206 1.58417919 0.00158417919 3.68929804
868 3200 1.57488049 0.00157488049 3.68663594
868 3200 1.57509411 0.00157509411 3.68663594
868 3200 1.57510365 0.00157510365 3.68663594
868 3200 1.57520299 0.00157520299 3.68663594
868 3200 1.57511943 0.00157511943 3.68663594
868 3200 1.57505027 0.00157505027 3.68663594
868 3200 1.57503014 0.00157503014 3.68663594
868 3200 1.57501284 0.00157501284 3.68663594
868 3200 1.57497574 0.00157497574 3.68663594
868 3200 1.57510724 0.00157510724 3.68663594
867 3194 1.56569198 0.00156569198 3.6839677
867 3192 1.56623069 0.00156623069 3.6816609
867 3192 1.56622374 0.00156622374 3.6816609
867 3192 1.56631458 0.00156631458 3.6816609
867 3192 1.56622202 0.00156622202 3.6816609
867 3192 1.56633815 0.00156633815 3.6816609
867 3192 1.56637348 0.00156637348 3.6816609
867 3192 1.56639576 0.00156639576 3.6816609
867 3192 1.56616725 0.00156616725 3.6816609
867 3192 1.56603445 0.00156603445 3.6816609
866 3186 1.55741244 0.00155741244 3.67898383
866 3186 1.55759878 0.00155759878 3.67898383
866 3186 1.55755342 0.00155755342 3.67898383
866 3186 1.55734838 0.00155734838 3.67898383
866 3186 1.55727121 0.00155727121 3.67898383
866 3186 1.55727572 0.00155727572 3.67898383
866 3186 1.55736395 0.00155736395 3.67898383
866 3186 1.55747987 0.00155747987 3.67898383
866 3186 1.55760195 0.00155760195 3.67898383
866 3186 1.55772223 0.00155772223 3.67898383
865 3181 1.54812213 0.00154812213 3.67745665
865 3181 1.54824253 0.00154824253 3.67745665
865 3180 1.54818804 0.00154818804 3.67630058
865 3181 1.54810057 0.00154810057 3.67745665
865 3181 1.54799608 0.00154799608 3.67745665
865 3181 1.54799451 0.00154799451 3.67745665
865 3180 1.54791951 0.00154791951 3.67630058
865 3181 1.5480088 0.0015480088 3.67745665
865 3181 1.54835416 0.00154835416 3.67745665
865 3181 1.54800761 0.00154800761 3.67745665
864 3175 1.53903789 0.00153903789 3.67476852
864 3175 1.5386642 0.0015386642 3.67476852
864 3175 1.53896519 0.00153896519 3.67476852
864 3175 1.53879788 0.00153879788 3.67476852
864 3175 1.53900455 0.00153900455 3.67476852
864 3175 1.53872355 0.00153872355 3.67476852
864 3175 1.5387424 0.0015387424 3.67476852
864 3175 1.53874558 0.00153874558 3.67476852
864 3175 1.53880454 0.00153880454 3.67476852
864 3175 1.53910294 0.00153910294 3.67476852
863 3168 1.52972101 0.00152972101 3.67091541
863 3168 1.52987382 0.00152987382 3.67091541
863 3166 1.52994517 0.00152994517 3.66859791
863 3166 1.5294647 0.0015294647 3.66859791
863 3166 1.52951726 0.00152951726 3.66859791
863 3166 1.52987125 0.00152987125 3.66859791
863 3166 1.52991545 0.00152991545 3.66859791
863 3166 1.52959425 0.00152959425 3.66859791
863 3166 1.5296211 0.0015296211 3.66859791
863 3166 1.52984682 0.00152984682 3.66859791
862 3160 1.52058246 0.00152058246 3.66589327
862 3160 1.52075741 0.00152075741 3.66589327
862 3160 1.52070712 0.00152070712 3.66589327
862 3160 1.52037585 0.00152037585 3.66589327
862 3160 1.5203342 0.0015203342 3.66589327
862 3160 1.52083258 0.00152083258 3.66589327
862 3160 1.52053643 0.00152053643 3.66589327
862 3160 1.52045884 0.00152045884 3.66589327
862 3160 1.52077234 0.00152077234 3.66589327
862 3160 1.52058999 0.00152058999 3.66589327
861 3156 1.51136221 0.00151136221 3.66550523
861 3156 1.51129304 0.00151129304 3.66550523
861 3156 1.51126728 0.00151126728 3.66550523
861 3156 1.51130825 0.00151130825 3.66550523
861 3156 1.51113604 0.00151113604 3.66550523
861 3156 1.51131572 0.00151131572 3.66550523
861 3156 1.51111496 0.00151111496 3.66550523
861 3156 1.51136953 0.00151136953 3.66550523
861 3156 1.51106241 0.00151106241 3.66550523
861 3156 1.51135311 0.00151135311 3.66550523
860 3151 1.50171904 0.00150171904 3.66395349
860 3151 1.50171346 0.00150171346 3.66395349
860 3151 1.5017513 0.0015017513 3.66395349
860 3151 1.50170279 0.00150170279 3.66395349
860 3151 1.50185492 0.00150185492 3.66395349
860 3151 1.50174524 0.00150174524 3.66395349
860 3151 1.50158599 0.00150158599 3.66395349
860 3151 1.50192752 0.00150192752 3.66395349
860 3151 1.5015955 0.0015015955 3.66395349
860 3151 1.50167395 0.00150167395 3.66395349
859 3145 1.49228154 0.00149228154 3.66123399
859 3141 1.49216647 0.00149216647 3.65657742
859 3140 1.4926549 0.0014926549 3.65541327
859 3140 1.49225515 0.00149225515 3.65541327
859 3140 1.49244016 0.00149244016 3.65541327
859 3140 1.49262601 0.00149262601 3.65541327
859 3140 1.49250803 0.00149250803 3.65541327
859 3140 1.49256002 0.00149256002 3.65541327
859 3140 1.4927316 0.0014927316 3.65541327
859 3140 1.49214261 0.00149214261 3.65541327
858 3135 1.4832284 0.0014832284 3.65384615
858 3135 1.48296086 0.00148296086 3.65384615
858 3130 1.48319627 0.00148319627 3.64801865
858 3130 1.4829142 0.0014829142 3.64801865
858 3130 1.48339776 0.00148339776 3.64801865
858 3130 1.48281251 0.00148281251 3.64801865
858 3130 1.48341863 0.00148341863 3.64801865
858 3130 1.4829815 0.0014829815 3.64801865
858 3130 1.48343989 0.00148343989 3.64801865
858 3130 1.48267747 0.00148267747 3.64801865
857 3123 1.47393586 0.00147393586 3.64410735
857 3123 1.47381696 0.00147381696 3.64410735
857 3123 1.47390256 0.00147390256 3.64410735
857 3123 1.47348127 0.00147348127 3.64410735
857 3123 1.47396771 0.00147396771 3.64410735
857 3123 1.47382498 0.00147382498 3.64410735
857 3123 1.47394196 0.00147394196 3.64410735
857 3123 1.47374081 0.00147374081 3.64410735
857 3123 1.47379814 0.00147379814 3.64410735
857 3123 1.47376787 0.00147376787 3.64410735
856 3117 1.4643899 0.0014643899 3.64135514
856 3120 1.4647734 0.0014647734 3.64485981
856 3117 1.46416903 0.00146416903 3.64135514
856 3120 1.46485783 0.00146485783 3.64485981
856 3117 1.46437505 0.00146437505 3.64135514
856 3120 1.46474833 0.00146474833 3.64485981
856 3117 1.46445323 0.00146445323 3.64135514
856 3120 1.46469809 0.00146469809 3.64485981
856 3117 1.4645095 0.0014645095 3.64135514
856 3120 1.46465341 0.00146465341 3.64485981
855 3114 1.45537556 0.00145537556 3.64210526
855 3115 1.45516605 0.00145516605 3.64327485
855 3114 1.45543237 0.00145543237 3.64210526
855 3114 1.45507054 0.00145507054 3.64210526
855 3115 1.45541989 0.00145541989 3.64327485
855 3114 1.45530887 0.00145530887 3.64210526
855 3114 1.45529625 0.00145529625 3.64210526
855 3115 1.45524753 0.00145524753 3.64327485
855 3114 1.45510546 0.00145510546 3.64210526
855 3114 1.45522774 0.00145522774 3.64210526
854 3109 1.44575608 0.00144575608 3.64051522
854 3109 1.4461262 0.0014461262 3.64051522
854 3109 1.4459158 0.0014459158 3.64051522
854 3109 1.44576406 0.00144576406 3.64051522
854 3109 1.445849 0.001445849 3.64051522
854 3109 1.44601052 0.00144601052 3.64051522
854 3109 1.44597566 0.00144597566 3.64051522
854 3109 1.44574719 0.00144574719 3.64051522
854 3109 1.44590436 0.00144590436 3.64051522
854 3109 1.44604449 0.00144604449 3.64051522
853 3101 1.43629848 0.00143629848 3.63540445
853 3101 1.43647785 0.00143647785 3.63540445
853 3101 1.43632581 0.00143632581 3.63540445
853 3101 1.43618813 0.00143618813 3.63540445
853 3101 1.43646693 0.00143646693 3.63540445
853 3101 1.43660871 0.00143660871 3.63540445
853 3101 1.43645988 0.00143645988 3.63540445
853 3101 1.43647678 0.00143647678 3.63540445
853 3101 1.43632532 0.00143632532 3.63540445
853 3101 1.4365167 0.0014365167 3.63540445
852 3098 1.42690173 0.00142690173 3.63615023
852 3098 1.42712739 0.00142712739 3.63615023
852 3098 1.42676375 0.00142676375 3.63615023
852 3098 1.42708307 0.00142708307 3.63615023
852 3098 1.42681994 0.00142681994 3.63615023
852 3098 1.42715568 0.00142715568 3.63615023
852 3098 1.42688817 0.00142688817 3.63615023
852 3098 1.42697831 0.00142697831 3.63615023
852 3098 1.42703177 0.00142703177 3.63615023
852 3098 1.426934 0.001426934 3.63615023
851 3088 1.41711167 0.00141711167 3.62867215
851 3087 1.42086756 0.00142086756 3.62749706
851 3089 1.42400899 0.00142400899 3.62984724
851 3087 1.42772901 0.00142772901 3.62749706
851 3086 1.42766185 0.00142766185 3.62632197
851 3086 1.4275655 0.0014275655 3.62632197
851 3086 1.42757046 0.00142757046 3.62632197
851 3089 1.42729901 0.00142729901 3.62984724
851 3087 1.42782723 0.00142782723 3.62749706
851 3086 1.42768754 0.00142768754 3.62632197
850 3081 1.41824945 0.00141824945 3.62470588
850 3083 1.41856588 0.00141856588 3.62705882
850 3083 1.41813186 0.00141813186 3.62705882
850 3084 1.41853046 0.00141853046 3.62823529
850 3081 1.41818211 0.00141818211 3.62470588
850 3083 1.41857387 0.00141857387 3.62705882
850 3084 1.41843157 0.00141843157 3.62823529
850 3081 1.41838261 0.00141838261 3.62470588
850 3083 1.41858797 0.00141858797 3.62705882
850 3084 1.41824027 0.00141824027 3.62823529
849 3078 1.40919619 0.00140919619 3.6254417
849 3075 1.40875445 0.00140875445 3.62190813
849 3074 1.40929539 0.00140929539 3.62073027
849 3077 1.4092859 0.0014092859 3.62426384
849 3076 1.40876094 0.00140876094 3.62308598
849 3076 1.40946349 0.00140946349 3.62308598
849 3077 1.4090126 0.0014090126 3.62426384
849 3076 1.40947237 0.00140947237 3.62308598
849 3076 1.40886351 0.00140886351 3.62308598
849 3077 1.40945967 0.00140945967 3.62426384
848 3071 1.39999815 0.00139999815 3.62146226
848 3069 1.39983906 0.00139983906 3.61910377
848 3068 1.40025344 0.00140025344 3.61792453
848 3069 1.39979464 0.00139979464 3.61910377
848 3071 1.39992445 0.00139992445 3.62146226
848 3071 1.40051798 0.00140051798 3.62146226
848 3071 1.39973706 0.00139973706 3.62146226
848 3071 1.39984596 0.00139984596 3.62146226
848 3071 1.39993414 0.00139993414 3.62146226
848 3071 1.40024755 0.00140024755 3.62146226
847 3063 1.39060205 0.00139060205 3.6162928
847 3063 1.39053725 0.00139053725 3.6162928
847 3063 1.39044348 0.00139044348 3.6162928
847 3063 1.39051046 0.00139051046 3.6162928
847 3063 1.39112945 0.00139112945 3.6162928
847 3063 1.39120015 0.00139120015 3.6162928
847 3063 1.39097605 0.00139097605 3.6162928
847 3063 1.39088619 0.00139088619 3.6162928
847 3063 1.39077312 0.00139077312 3.6162928
847 3063 1.39066832 0.00139066832 3.6162928
846 3056 1.38112516 0.00138112516 3.61229314
846 3055 1.38450979 0.00138450979 3.61111111
846 3054 1.38507992 0.00138507992 3.60992908
846 3054 1.38467679 0.00138467679 3.60992908
846 3055 1.38479988 0.00138479988 3.61111111
846 3054 1.38494247 0.00138494247 3.60992908
846 3054 1.38488945 0.00138488945 3.60992908
846 3055 1.3847757 0.0013847757 3.61111111
846 3054 1.3846272 0.0013846272 3.60992908
846 3054 1.38478552 0.00138478552 3.60992908
845 3049 1.37553919 0.00137553919 3.60828402
845 3049 1.3757374 0.0013757374 3.60828402
845 3049 1.37581871 0.00137581871 3.60828402
845 3049 1.37589742 0.00137589742 3.60828402
845 3049 1.37578598 0.00137578598 3.60828402
845 3049 1.37562607 0.00137562607 3.60828402
845 3049 1.37572018 0.00137572018 3.60828402
845 3049 1.37597656 0.00137597656 3.60828402
845 3049 1.37569324 0.00137569324 3.60828402
845 3049 1.37551304 0.00137551304 3.60828402
844 3044 1.36655789 0.00136655789 3.60663507
844 3045 1.36604198 0.00136604198 3.60781991
844 3044 1.36638434 0.00136638434 3.60663507
844 3044 1.36607248 0.00136607248 3.60663507
844 3045 1.36602568 0.00136602568 3.60781991
844 3044 1.36621305 0.00136621305 3.60663507
844 3045 1.36591725 0.00136591725 3.60781991
844 3044 1.36637034 0.00136637034 3.60663507
844 3044 1.36592355 0.00136592355 3.60663507
844 3045 1.36636846 0.00136636846 3.60781991
843 3039 1.35734362 0.00135734362 3.60498221
843 3039 1.35704824 0.00135704824 3.60498221
843 3039 1.35718868 0.00135718868 3.60498221
843 3039 1.35726007 0.00135726007 3.60498221
843 3039 1.35745366 0.00135745366 3.60498221
843 3039 1.3574043 0.0013574043 3.60498221
843 3039 1.35715104 0.00135715104 3.60498221
843 3039 1.35753161 0.00135753161 3.60498221
843 3039 1.35752541 0.00135752541 3.60498221
843 3039 1.35763314 0.00135763314 3.60498221
842 3033 1.34771461 0.00134771461 3.60213777
842 3033 1.34777672 0.00134777672 3.60213777
842 3033 1.34783856 0.00134783856 3.60213777
842 3033 1.34813726 0.00134813726 3.60213777
842 3033 1.34829552 0.00134829552 3.60213777
842 3033 1.34820347 0.00134820347 3.60213777
842 3033 1.34780867 0.00134780867 3.60213777
842 3033 1.34771725 0.00134771725 3.60213777
842 3033 1.3475416 0.0013475416 3.60213777
842 3033 1.34749447 0.00134749447 3.60213777
841 3028 1.33760537 0.00133760537 3.60047562
841 3029 1.33852936 0.00133852936 3.60166468
841 3029 1.33918522 0.00133918522 3.60166468
841 3031 1.34455492 0.00134455492 3.60404281
841 3031 1.34472829 0.00134472829 3.60404281
841 3031 1.34507922 0.00134507922 3.60404281
841 3031 1.34453401 0.00134453401 3.60404281
841 3031 1.34433664 0.00134433664 3.60404281
841 3031 1.3443707 0.0013443707 3.60404281
841 3031 1.34482613 0.00134482613 3.60404281
840 3025 1.33567766 0.00133567766 3.60119048
840 3025 1.33536151 0.00133536151 3.60119048
840 3025 1.33501851 0.00133501851 3.60119048
840 3025 1.3359998 0.0013359998 3.60119048
840 3025 1.33559313 0.00133559313 3.60119048
840 3025 1.33474968 0.00133474968 3.60119048
840 3025 1.33592234 0.00133592234 3.60119048
840 3025 1.33546029 0.00133546029 3.60119048
840 3025 1.33452328 0.00133452328 3.60119048
840 3025 1.33537613 0.00133537613 3.60119048
839 3015 1.32650287 0.00132650287 3.59356377
839 3015 1.32555277 0.00132555277 3.59356377
839 3015 1.32588506 0.00132588506 3.59356377
839 3015 1.32621903 0.00132621903 3.59356377
839 3015 1.32524622 0.00132524622 3.59356377
839 3015 1.32634374 0.00132634374 3.59356377
839 3015 1.32534907 0.00132534907 3.59356377
839 3015 1.32525795 0.00132525795 3.59356377
839 3015 1.32515206 0.00132515206 3.59356377
839 3015 1.324806 0.001324806 3.59356377
838 3005 1.31624591 0.00131624591 3.58591885
838 3010 1.31649025 0.00131649025 3.59188544
838 3015 1.31603423 0.00131603423 3.59785203
838 3015 1.31708762 0.00131708762 3.59785203
838 3015 1.31626433 0.00131626433 3.59785203
838 3015 1.31733961 0.00131733961 3.59785203
838 3015 1.31626123 0.00131626123 3.59785203
838 3015 1.31712731 0.00131712731 3.59785203
838 3015 1.31763841 0.00131763841 3.59785203
838 3015 1.3163255 0.0013163255 3.59785203
837 3005 1.30729975 0.00130729975 3.59020311
837 3005 1.30826253 0.00130826253 3.59020311
837 3005 1.30725368 0.00130725368 3.59020311
837 3005 1.30776704 0.00130776704 3.59020311
837 3005 1.30790202 0.00130790202 3.59020311
837 3005 1.30755602 0.00130755602 3.59020311
837 3005 1.30761466 0.00130761466 3.59020311
837 3005 1.30657025 0.00130657025 3.59020311
837 3005 1.30733706 0.00130733706 3.59020311
837 3005 1.30710689 0.00130710689 3.59020311
836 2998 1.29690209 0.00129690209 3.5861244
836 3003 1.29932871 0.00129932871 3.59210526
836 2999 1.29940245 0.00129940245 3.58732057
836 2998 1.29914651 0.00129914651 3.5861244
836 2998 1.29951057 0.00129951057 3.5861244
836 3003 1.29899093 0.00129899093 3.59210526
836 2999 1.29852893 0.00129852893 3.58732057
SP does not find any fixed points -> SP does not converge.
I am sorry I quit :(
