START ALGORITHM:
I am going to build an instance with N: 300 variables and 1245 clauses with a clause density equal to 4.15
START BSP WITH r=0.9:
Decimation scorer: cert
END UNIT PROPAGATION
300 1245 2.66679984 0.00888933279 4.15
300 1245 2.66730897 0.00889102989 4.15
300 1245 2.66674425 0.00888914751 4.15
300 1245 2.66735073 0.00889116909 4.15
300 1245 2.66680323 0.0088893441 4.15
300 1245 2.66722392 0.00889074641 4.15
300 1245 2.66697285 0.00888990951 4.15
300 1245 2.66707877 0.00889026256 4.15
300 1245 2.66705577 0.0088901859 4.15
299 1241 2.66715694 0.00889052315 4.15050167
299 1241 2.6670564 0.00889018801 4.15050167
299 1241 2.66702189 0.00889007295 4.15050167
299 1241 2.66705638 0.00889018793 4.15050167
299 1241 2.66704235 0.00889014117 4.15050167
299 1241 2.6670402 0.008890134 4.15050167
299 1241 2.66704101 0.00889013669 4.15050167
299 1241 2.66704164 0.00889013879 4.15050167
299 1241 2.66704271 0.00889014238 4.15050167
299 1241 2.66704174 0.00889013913 4.15050167
298 1232 2.66254993 0.00887516645 4.13422819
298 1232 2.66255734 0.00887519114 4.13422819
298 1232 2.66262172 0.00887540574 4.13422819
298 1232 2.66261084 0.00887536948 4.13422819
298 1232 2.66256541 0.00887521804 4.13422819
298 1232 2.66256549 0.0088752183 4.13422819
298 1232 2.66258155 0.00887527184 4.13422819
298 1232 2.66258341 0.00887527804 4.13422819
298 1232 2.66258057 0.00887526857 4.13422819
298 1232 2.66257875 0.0088752625 4.13422819
297 1222 2.65528553 0.00885095177 4.11447811
297 1222 2.65519687 0.00885065623 4.11447811
297 1229 2.65523697 0.00885078991 4.13804714
297 1229 2.65540239 0.00885134131 4.13804714
297 1229 2.65531193 0.00885103977 4.13804714
297 1229 2.65525987 0.00885086623 4.13804714
297 1229 2.65527506 0.00885091687 4.13804714
297 1229 2.65529468 0.00885098228 4.13804714
297 1229 2.65529532 0.00885098441 4.13804714
297 1229 2.65528808 0.00885096026 4.13804714
296 1219 2.64803026 0.00882676753 4.11824324
296 1219 2.64800339 0.00882667795 4.11824324
296 1219 2.648031 0.00882676999 4.11824324
296 1219 2.64801124 0.00882670412 4.11824324
296 1219 2.64804081 0.00882680269 4.11824324
296 1219 2.64806536 0.00882688454 4.11824324
296 1219 2.64806613 0.00882688711 4.11824324
296 1219 2.64806811 0.00882689369 4.11824324
296 1219 2.64806796 0.00882689321 4.11824324
296 1219 2.64806615 0.00882688717 4.11824324
295 1211 2.63806619 0.00879355397 4.10508475
295 1214 2.63326487 0.00877754956 4.11525424
295 1215 2.63718031 0.00879060105 4.11864407
295 1211 2.6380184 0.00879339466 4.10508475
295 1211 2.63803705 0.00879345682 4.10508475
295 1209 2.63796924 0.0087932308 4.09830508
295 1211 2.63801152 0.00879337172 4.10508475
295 1211 2.63802222 0.00879340739 4.10508475
295 1211 2.63802768 0.0087934256 4.10508475
295 1211 2.63801999 0.00879339997 4.10508475
294 1206 2.63085584 0.00876951946 4.10204082
294 1206 2.63087139 0.00876957131 4.10204082
294 1206 2.63084999 0.00876949996 4.10204082
294 1206 2.63085503 0.00876951675 4.10204082
294 1206 2.63091449 0.00876971496 4.10204082
294 1206 2.63089576 0.00876965255 4.10204082
294 1206 2.63089691 0.00876965636 4.10204082
294 1206 2.63090247 0.0087696749 4.10204082
294 1206 2.63089704 0.00876965681 4.10204082
294 1206 2.63089827 0.00876966091 4.10204082
293 1200 2.62062162 0.00873540539 4.09556314
293 1195 2.61635114 0.00872117045 4.07849829
293 1200 2.6205534 0.00873517799 4.09556314
293 1200 2.62048705 0.00873495684 4.09556314
293 1200 2.62056256 0.00873520852 4.09556314
293 1200 2.62051655 0.00873505517 4.09556314
293 1200 2.62053421 0.00873511404 4.09556314
293 1200 2.62055028 0.00873516761 4.09556314
293 1200 2.62054019 0.00873513396 4.09556314
293 1200 2.62053891 0.00873512969 4.09556314
292 1189 2.61075201 0.00870250671 4.07191781
292 1189 2.61080407 0.00870268023 4.07191781
292 1189 2.6107035 0.00870234499 4.07191781
292 1189 2.61072893 0.00870242978 4.07191781
292 1189 2.61083316 0.00870277721 4.07191781
292 1189 2.61069058 0.00870230192 4.07191781
292 1189 2.61068557 0.00870228525 4.07191781
292 1189 2.61070609 0.00870235364 4.07191781
292 1189 2.61066894 0.00870222981 4.07191781
292 1189 2.61072916 0.00870243055 4.07191781
291 1177 2.59823192 0.00866077308 4.04467354
291 1177 2.59833832 0.00866112775 4.04467354
291 1177 2.59829485 0.00866098283 4.04467354
291 1177 2.59827808 0.00866092695 4.04467354
291 1177 2.59827063 0.00866090209 4.04467354
291 1177 2.59826779 0.00866089264 4.04467354
291 1177 2.5982664 0.00866088798 4.04467354
291 1177 2.59826362 0.00866087875 4.04467354
291 1177 2.59826151 0.00866087172 4.04467354
291 1177 2.59826126 0.00866087086 4.04467354
290 1170 2.58542975 0.00861809916 4.03448276
290 1170 2.58536603 0.00861788677 4.03448276
290 1169 2.58510386 0.00861701286 4.03103448
290 1170 2.58489042 0.0086163014 4.03448276
290 1169 2.58502844 0.00861676147 4.03103448
290 1174 2.58453938 0.00861513127 4.04827586
290 1169 2.5850965 0.00861698832 4.03103448
290 1169 2.58507228 0.00861690761 4.03103448
290 1169 2.58521438 0.00861738126 4.03103448
290 1169 2.58508947 0.0086169649 4.03103448
289 1162 2.57245649 0.00857485496 4.02076125
289 1162 2.57230903 0.00857436344 4.02076125
289 1162 2.57264613 0.00857548711 4.02076125
289 1162 2.57260074 0.00857533578 4.02076125
289 1162 2.57238581 0.00857461936 4.02076125
289 1154 2.57259125 0.00857530416 3.99307958
289 1162 2.5720428 0.008573476 4.02076125
289 1155 2.5729311 0.008576437 3.99653979
289 1155 2.5726561 0.00857552033 3.99653979
289 1155 2.57281876 0.00857606254 3.99653979
288 1147 2.56042107 0.00853473689 3.98263889
288 1148 2.56000467 0.00853334891 3.98611111
288 1147 2.56026826 0.00853422753 3.98263889
288 1147 2.56035744 0.00853452482 3.98263889
288 1155 2.5595096 0.00853169867 4.01041667
288 1147 2.56042687 0.00853475624 3.98263889
288 1147 2.56024854 0.00853416182 3.98263889
288 1147 2.56008925 0.00853363085 3.98263889
288 1147 2.56018383 0.00853394612 3.98263889
288 1147 2.56024265 0.00853414218 3.98263889
287 1140 2.5485125 0.00849504166 3.97212544
287 1140 2.5483956 0.00849465198 3.97212544
287 1140 2.54809381 0.00849364602 3.97212544
287 1141 2.54774539 0.00849248462 3.97560976
287 1146 2.54801074 0.00849336912 3.99303136
287 1146 2.54784205 0.00849280685 3.99303136
287 1146 2.54792683 0.00849308943 3.99303136
287 1141 2.54757875 0.00849192915 3.97560976
287 1141 2.54777203 0.00849257343 3.97560976
287 1146 2.54805249 0.0084935083 3.99303136
286 1134 2.53601992 0.00845339974 3.96503497
286 1134 2.53580534 0.00845268446 3.96503497
286 1133 2.53591134 0.00845303779 3.96153846
286 1133 2.5358489 0.00845282967 3.96153846
286 1133 2.53590452 0.00845301508 3.96153846
286 1134 2.53575682 0.00845252274 3.96503497
286 1133 2.53601813 0.00845339376 3.96153846
286 1133 2.53596903 0.00845323009 3.96153846
286 1133 2.53591289 0.00845304297 3.96153846
286 1133 2.53577664 0.0084525888 3.96153846
285 1121 2.5236819 0.00841227301 3.93333333
285 1121 2.52358956 0.0084119652 3.93333333
285 1121 2.52370881 0.0084123627 3.93333333
285 1121 2.52371179 0.00841237263 3.93333333
285 1121 2.52370817 0.00841236056 3.93333333
285 1121 2.52371014 0.00841236714 3.93333333
285 1121 2.52371147 0.00841237155 3.93333333
285 1121 2.523711 0.00841237002 3.93333333
285 1121 2.52371038 0.00841236795 3.93333333
285 1121 2.52370993 0.00841236643 3.93333333
284 1112 2.51142835 0.00837142782 3.91549296
284 1112 2.51142946 0.00837143153 3.91549296
284 1112 2.51140428 0.00837134761 3.91549296
284 1112 2.51136084 0.00837120281 3.91549296
284 1117 2.51122324 0.00837074412 3.93309859
284 1112 2.51140095 0.0083713365 3.91549296
284 1112 2.51141409 0.00837138032 3.91549296
284 1112 2.5112999 0.00837099968 3.91549296
284 1112 2.51132441 0.00837108138 3.91549296
284 1112 2.51133468 0.00837111561 3.91549296
283 1108 2.49901095 0.0083300365 3.91519435
283 1108 2.49912193 0.00833040643 3.91519435
283 1108 2.49915693 0.0083305231 3.91519435
283 1108 2.49923104 0.00833077013 3.91519435
283 1108 2.4992089 0.00833069633 3.91519435
283 1108 2.49920339 0.00833067795 3.91519435
283 1108 2.49919793 0.00833065977 3.91519435
283 1108 2.49919484 0.00833064948 3.91519435
283 1108 2.49919887 0.0083306629 3.91519435
283 1108 2.49920003 0.00833066676 3.91519435
282 1097 2.48635099 0.00828783664 3.89007092
282 1097 2.48623618 0.00828745392 3.89007092
282 1097 2.48618337 0.00828727791 3.89007092
282 1097 2.48618695 0.00828728983 3.89007092
282 1097 2.48618626 0.00828728753 3.89007092
282 1097 2.48617825 0.00828726082 3.89007092
282 1097 2.48617697 0.00828725658 3.89007092
282 1097 2.48617612 0.00828725372 3.89007092
282 1097 2.48617554 0.0082872518 3.89007092
282 1097 2.48617541 0.00828725136 3.89007092
281 1085 2.47286953 0.00824289843 3.86120996
281 1085 2.47285721 0.00824285737 3.86120996
281 1085 2.47289042 0.00824296806 3.86120996
281 1085 2.47277329 0.00824257763 3.86120996
281 1085 2.47275425 0.00824251416 3.86120996
281 1085 2.4727653 0.008242551 3.86120996
281 1085 2.47274331 0.0082424777 3.86120996
281 1085 2.47272628 0.00824242093 3.86120996
281 1085 2.47272366 0.0082424122 3.86120996
281 1085 2.47272685 0.00824242283 3.86120996
280 1076 2.45732984 0.00819109945 3.84285714
280 1077 2.44992403 0.00816641343 3.84642857
280 1080 2.4592833 0.00819761101 3.85714286
280 1080 2.45904406 0.00819681353 3.85714286
280 1080 2.4590693 0.00819689766 3.85714286
280 1080 2.45909107 0.00819697025 3.85714286
280 1080 2.45909052 0.00819696839 3.85714286
280 1080 2.45909461 0.00819698205 3.85714286
280 1080 2.45909185 0.00819697284 3.85714286
280 1080 2.45908924 0.00819696413 3.85714286
279 1068 2.44603853 0.00815346178 3.82795699
279 1068 2.44610931 0.00815369771 3.82795699
279 1068 2.44603732 0.00815345772 3.82795699
279 1068 2.44605217 0.00815350722 3.82795699
279 1068 2.44614666 0.00815382219 3.82795699
279 1068 2.44612642 0.00815375474 3.82795699
279 1068 2.44611521 0.00815371736 3.82795699
279 1068 2.446116 0.00815372001 3.82795699
279 1068 2.44611187 0.00815370625 3.82795699
279 1068 2.44610862 0.00815369539 3.82795699
278 1063 2.43175002 0.00810583341 3.82374101
278 1063 2.43183934 0.00810613112 3.82374101
278 1060 2.42261589 0.00807538629 3.81294964
278 1063 2.43184006 0.00810613354 3.82374101
278 1063 2.43159888 0.0081053296 3.82374101
278 1063 2.4315287 0.00810509568 3.82374101
278 1063 2.43159611 0.00810532037 3.82374101
278 1063 2.43165111 0.00810550369 3.82374101
278 1063 2.43166111 0.00810553702 3.82374101
278 1063 2.43165162 0.00810550541 3.82374101
277 1055 2.41716402 0.0080572134 3.80866426
277 1055 2.41721342 0.00805737807 3.80866426
277 1055 2.41726278 0.0080575426 3.80866426
277 1055 2.41700618 0.00805668728 3.80866426
277 1055 2.41702945 0.00805676483 3.80866426
277 1055 2.41697833 0.00805659444 3.80866426
277 1055 2.41720699 0.00805735664 3.80866426
277 1055 2.41720887 0.00805736289 3.80866426
277 1055 2.41716787 0.00805722625 3.80866426
277 1055 2.41709878 0.00805699594 3.80866426
276 1045 2.40142118 0.00800473728 3.78623188
276 1050 2.40109017 0.00800363389 3.80434783
276 1045 2.40171098 0.00800570327 3.78623188
276 1050 2.400874 0.00800291335 3.80434783
276 1050 2.4009737 0.00800324568 3.80434783
276 1045 2.40157854 0.00800526179 3.78623188
276 1045 2.40168022 0.00800560072 3.78623188
276 1045 2.40157035 0.00800523451 3.78623188
276 1045 2.4014438 0.00800481268 3.78623188
276 1045 2.40147694 0.00800492312 3.78623188
275 1040 2.3865011 0.00795500365 3.78181818
275 1040 2.38633112 0.00795443706 3.78181818
275 1040 2.38634613 0.0079544871 3.78181818
275 1040 2.38634465 0.00795448217 3.78181818
275 1040 2.3861535 0.007953845 3.78181818
275 1040 2.38609709 0.00795365697 3.78181818
275 1040 2.3861899 0.00795396633 3.78181818
275 1040 2.38620556 0.00795401853 3.78181818
275 1040 2.3861953 0.00795398433 3.78181818
275 1040 2.38620867 0.0079540289 3.78181818
274 1036 2.36933948 0.00789779827 3.7810219
274 1034 2.36890956 0.00789636519 3.77372263
274 1036 2.36957726 0.00789859087 3.7810219
274 1036 2.36957751 0.00789859171 3.7810219
274 1036 2.36955085 0.00789850282 3.7810219
274 1036 2.36953161 0.00789843871 3.7810219
274 1036 2.36950937 0.00789836456 3.7810219
274 1036 2.36950742 0.00789835808 3.7810219
274 1036 2.36951249 0.00789837496 3.7810219
274 1036 2.36951482 0.00789838274 3.7810219
273 1030 2.35375636 0.00784585454 3.77289377
273 1030 2.35373928 0.00784579761 3.77289377
273 1030 2.35370167 0.00784567224 3.77289377
273 1029 2.35260378 0.00784201259 3.76923077
273 1030 2.35390888 0.00784636294 3.77289377
273 1030 2.35383434 0.00784611447 3.77289377
273 1030 2.35371434 0.00784571447 3.77289377
273 1030 2.35367322 0.00784557739 3.77289377
273 1030 2.35367177 0.00784557258 3.77289377
273 1030 2.35368179 0.00784560596 3.77289377
272 1023 2.33784923 0.00779283075 3.76102941
272 1023 2.33800462 0.00779334872 3.76102941
272 1023 2.33796422 0.00779321408 3.76102941
272 1023 2.33809594 0.00779365314 3.76102941
272 1023 2.33810366 0.00779367886 3.76102941
272 1023 2.33809615 0.00779365382 3.76102941
272 1023 2.33808599 0.00779361997 3.76102941
272 1023 2.3380884 0.00779362799 3.76102941
272 1023 2.33808952 0.00779363172 3.76102941
272 1023 2.33808835 0.00779362784 3.76102941
271 1016 2.32209105 0.00774030349 3.74907749
271 1012 2.31580331 0.00771934438 3.73431734
271 1012 2.3245334 0.00774844465 3.73431734
271 1009 2.32423591 0.00774745302 3.72324723
270 1005 2.31197142 0.00770657139 3.72222222
270 1000 2.30872923 0.00769576409 3.7037037
270 1001 2.31031888 0.00770106292 3.70740741
270 1005 2.3119675 0.00770655833 3.72222222
270 1003 2.3081664 0.00769388801 3.71481481
270 1005 2.31219804 0.00770732679 3.72222222
269 995 2.29770568 0.00765901894 3.69888476
269 995 2.29788964 0.00765963213 3.69888476
269 995 2.29759738 0.00765865793 3.69888476
269 995 2.29780235 0.00765934118 3.69888476
269 995 2.29800102 0.00766000339 3.69888476
269 995 2.29760638 0.00765868793 3.69888476
269 995 2.29777507 0.00765925023 3.69888476
269 995 2.29798561 0.00765995204 3.69888476
269 995 2.29760267 0.00765867557 3.69888476
269 995 2.29777509 0.0076592503 3.69888476
268 986 2.28021793 0.00760072643 3.67910448
268 987 2.27981438 0.00759938127 3.68283582
268 985 2.2790913 0.007596971 3.67537313
268 987 2.27984422 0.00759948074 3.68283582
268 987 2.27981251 0.00759937502 3.68283582
268 987 2.27976185 0.00759920615 3.68283582
268 987 2.27958481 0.00759861602 3.68283582
268 987 2.27954655 0.0075984885 3.68283582
268 987 2.27957508 0.0075985836 3.68283582
268 987 2.27960131 0.00759867103 3.68283582
267 977 2.26457895 0.0075485965 3.65917603
267 977 2.26488396 0.00754961319 3.65917603
267 977 2.26497762 0.0075499254 3.65917603
267 977 2.26502034 0.00755006779 3.65917603
267 977 2.26498907 0.00754996355 3.65917603
267 977 2.26496763 0.0075498921 3.65917603
267 977 2.2649601 0.00754986699 3.65917603
267 977 2.26495809 0.0075498603 3.65917603
267 977 2.264958 0.00754986001 3.65917603
267 977 2.2649595 0.00754986499 3.65917603
266 968 2.24730774 0.00749102578 3.63909774
266 968 2.24691987 0.00748973289 3.63909774
266 968 2.24674942 0.00748916473 3.63909774
266 968 2.24683009 0.00748943364 3.63909774
266 968 2.24663531 0.00748878437 3.63909774
266 968 2.24673758 0.00748912527 3.63909774
266 968 2.24686427 0.00748954758 3.63909774
266 968 2.24667786 0.0074889262 3.63909774
266 968 2.24673004 0.00748910013 3.63909774
266 968 2.24687023 0.00748956743 3.63909774
265 960 2.22770509 0.00742568364 3.62264151
265 960 2.22845028 0.0074281676 3.62264151
265 960 2.22859403 0.00742864676 3.62264151
265 960 2.22844154 0.00742813847 3.62264151
265 960 2.22856697 0.00742855658 3.62264151
265 960 2.22867142 0.00742890472 3.62264151
265 960 2.22871355 0.00742904516 3.62264151
265 960 2.2287149 0.00742904967 3.62264151
265 960 2.22870924 0.00742903079 3.62264151
265 960 2.22870251 0.00742900837 3.62264151
264 953 2.20845995 0.00736153317 3.60984848
263 945 2.19849493 0.00732831643 3.59315589
263 945 2.19863799 0.0073287933 3.59315589
263 945 2.19851642 0.00732838805 3.59315589
263 945 2.19899422 0.00732998072 3.59315589
263 945 2.19829323 0.00732764409 3.59315589
263 945 2.1977528 0.00732584268 3.59315589
263 945 2.19827997 0.00732759989 3.59315589
263 945 2.19799152 0.00732663842 3.59315589
263 945 2.19823962 0.00732746541 3.59315589
262 937 2.17735658 0.00725785526 3.57633588
262 937 2.17826394 0.00726087981 3.57633588
262 937 2.1782194 0.00726073132 3.57633588
262 937 2.17829006 0.00726096686 3.57633588
262 937 2.17828767 0.00726095889 3.57633588
262 937 2.17818317 0.00726061056 3.57633588
262 937 2.17840397 0.00726134657 3.57633588
262 937 2.17835774 0.00726119245 3.57633588
262 937 2.17821619 0.00726072062 3.57633588
262 937 2.17838503 0.00726128344 3.57633588
261 930 2.15657493 0.0071885831 3.56321839
261 933 2.15616237 0.00718720791 3.57471264
261 930 2.15649013 0.00718830044 3.56321839
261 930 2.15670575 0.00718901915 3.56321839
261 930 2.15657934 0.00718859781 3.56321839
261 930 2.15671874 0.00718906248 3.56321839
261 930 2.15638981 0.00718796605 3.56321839
261 930 2.15631069 0.00718770229 3.56321839
261 930 2.15631037 0.00718770122 3.56321839
261 930 2.15632666 0.00718775552 3.56321839
260 926 2.13517952 0.00711726507 3.56153846
260 926 2.13494814 0.00711649379 3.56153846
260 926 2.13508483 0.00711694943 3.56153846
260 926 2.13516503 0.00711721677 3.56153846
260 926 2.13496007 0.00711653356 3.56153846
260 926 2.13513402 0.00711711339 3.56153846
260 926 2.13512311 0.00711707705 3.56153846
260 926 2.13526998 0.00711756662 3.56153846
260 926 2.13465337 0.00711551125 3.56153846
260 926 2.13509447 0.00711698158 3.56153846
259 917 2.11200735 0.00704002451 3.54054054
259 923 2.11161058 0.00703870193 3.56370656
259 923 2.11155384 0.00703851281 3.56370656
259 923 2.11098399 0.00703661331 3.56370656
259 923 2.11142698 0.00703808994 3.56370656
259 923 2.11145417 0.00703818056 3.56370656
259 923 2.11154965 0.00703849883 3.56370656
259 923 2.1116426 0.00703880868 3.56370656
259 923 2.11106281 0.00703687605 3.56370656
259 923 2.11146282 0.00703820941 3.56370656
258 914 2.08834436 0.00696114787 3.54263566
258 914 2.08826019 0.00696086731 3.54263566
258 914 2.08833316 0.00696111054 3.54263566
258 915 2.08442007 0.00694806691 3.54651163
258 906 2.09951113 0.00699837044 3.51162791
257 897 2.07961984 0.00693206613 3.49027237
257 897 2.07977118 0.00693257059 3.49027237
257 897 2.07983427 0.00693278088 3.49027237
257 897 2.07994823 0.00693316076 3.49027237
257 897 2.07970748 0.00693235826 3.49027237
256 894 2.05591939 0.00685306465 3.4921875
256 894 2.0559492 0.006853164 3.4921875
256 894 2.05613981 0.00685379937 3.4921875
256 894 2.05580656 0.00685268853 3.4921875
256 894 2.05588593 0.00685295311 3.4921875
256 894 2.05614798 0.00685382662 3.4921875
256 894 2.05609497 0.00685364991 3.4921875
256 894 2.05607679 0.00685358929 3.4921875
256 894 2.05606771 0.00685355904 3.4921875
256 894 2.05607185 0.00685357284 3.4921875
255 888 2.03139961 0.00677133203 3.48235294
255 888 2.03119407 0.00677064691 3.48235294
255 890 2.0320317 0.00677343899 3.49019608
255 887 2.0339922 0.00677997399 3.47843137
255 886 2.03097972 0.00676993239 3.4745098
254 884 2.02318677 0.00674395591 3.48031496
254 884 2.01977787 0.00673259289 3.48031496
254 886 2.01486416 0.00671621387 3.48818898
254 887 2.02188074 0.00673960246 3.49212598
254 888 2.02395927 0.0067465309 3.49606299
253 880 2.00283004 0.00667610012 3.47826087
253 880 2.00282024 0.00667606746 3.47826087
253 880 2.00305344 0.00667684481 3.47826087
253 880 2.0029136 0.00667637865 3.47826087
253 880 2.00255333 0.00667517775 3.47826087
253 880 2.00288439 0.00667628131 3.47826087
253 880 2.00289324 0.00667631081 3.47826087
253 880 2.00260849 0.00667536164 3.47826087
253 880 2.0028554 0.00667618467 3.47826087
253 880 2.00290288 0.00667634293 3.47826087
252 877 1.97903715 0.00659679051 3.48015873
252 877 1.97936861 0.00659789535 3.48015873
252 877 1.97894376 0.0065964792 3.48015873
252 877 1.97946467 0.00659821558 3.48015873
252 877 1.97933074 0.00659776915 3.48015873
252 877 1.97933119 0.00659777062 3.48015873
252 877 1.9789863 0.006596621 3.48015873
252 877 1.97943698 0.00659812328 3.48015873
252 877 1.97928945 0.00659763151 3.48015873
252 877 1.97933411 0.00659778038 3.48015873
251 874 1.95590146 0.00651967152 3.48207171
251 874 1.95591852 0.00651972841 3.48207171
251 874 1.95614377 0.00652047923 3.48207171
251 870 1.95518922 0.00651729741 3.46613546
251 871 1.97875606 0.00659585354 3.47011952
251 871 1.97835878 0.00659452928 3.47011952
251 871 1.97822547 0.0065940849 3.47011952
251 871 1.97817604 0.00659392013 3.47011952
251 871 1.97831973 0.00659439909 3.47011952
251 871 1.97852672 0.00659508906 3.47011952
250 868 1.95591857 0.00651972857 3.472
250 868 1.95638378 0.00652127925 3.472
250 868 1.95634864 0.00652116213 3.472
250 868 1.95636819 0.00652122729 3.472
250 868 1.95638443 0.00652128145 3.472
250 868 1.95639435 0.00652131449 3.472
250 868 1.956392 0.00652130667 3.472
250 868 1.95638955 0.0065212985 3.472
250 868 1.95638957 0.00652129855 3.472
250 868 1.95638917 0.00652129723 3.472
249 865 1.93337234 0.00644457446 3.47389558
249 862 1.92013022 0.00640043407 3.46184739
249 862 1.93261177 0.00644203922 3.46184739
249 865 1.93303232 0.00644344106 3.47389558
249 865 1.93311202 0.00644370672 3.47389558
249 865 1.9330037 0.00644334566 3.47389558
249 865 1.93333602 0.0064444534 3.47389558
249 865 1.93344142 0.00644480472 3.47389558
249 865 1.93324854 0.0064441618 3.47389558
249 865 1.93319942 0.00644399808 3.47389558
248 859 1.91105342 0.00637017806 3.46370968
248 859 1.91108144 0.00637027148 3.46370968
248 859 1.91110068 0.00637033561 3.46370968
248 859 1.91110634 0.00637035448 3.46370968
248 859 1.91108637 0.00637028791 3.46370968
248 859 1.9110317 0.00637010566 3.46370968
248 859 1.91100228 0.00637000761 3.46370968
248 859 1.91099371 0.00636997905 3.46370968
248 859 1.91099329 0.00636997762 3.46370968
248 859 1.91099547 0.0063699849 3.46370968
247 851 1.88920846 0.00629736152 3.44534413
247 851 1.88926819 0.00629756064 3.44534413
247 851 1.88912809 0.00629709362 3.44534413
247 851 1.8891594 0.00629719799 3.44534413
247 851 1.8891701 0.00629723366 3.44534413
247 851 1.8891762 0.00629725399 3.44534413
247 851 1.88917423 0.00629724743 3.44534413
247 851 1.88917236 0.0062972412 3.44534413
247 851 1.88917113 0.00629723711 3.44534413
247 851 1.88917079 0.00629723597 3.44534413
246 850 1.86596884 0.00621989613 3.45528455
246 846 1.86501271 0.00621670902 3.43902439
246 853 1.86618806 0.00622062687 3.46747967
246 853 1.86539285 0.00621797618 3.46747967
246 854 1.86574282 0.00621914272 3.47154472
246 851 1.86431066 0.00621436887 3.45934959
246 854 1.86570482 0.00621901607 3.47154472
246 854 1.86597241 0.00621990804 3.47154472
246 849 1.86551954 0.00621839846 3.45121951
246 856 1.86596401 0.00621988002 3.4796748
245 848 1.84506122 0.00615020406 3.46122449
245 848 1.84514142 0.00615047139 3.46122449
245 848 1.84540203 0.00615134009 3.46122449
245 848 1.84537773 0.00615125911 3.46122449
245 848 1.84537307 0.00615124355 3.46122449
245 848 1.84534252 0.00615114174 3.46122449
245 848 1.84530646 0.00615102153 3.46122449
245 848 1.8453014 0.00615100467 3.46122449
245 848 1.84529729 0.00615099097 3.46122449
245 848 1.8452985 0.006150995 3.46122449
244 840 1.82347726 0.00607825752 3.44262295
244 843 1.82197316 0.00607324388 3.45491803
244 841 1.81630731 0.00605435772 3.44672131
244 843 1.82204829 0.00607349431 3.45491803
244 844 1.82383076 0.00607943587 3.45901639
244 844 1.8235448 0.00607848268 3.45901639
244 845 1.8233489 0.00607782968 3.46311475
244 844 1.82834824 0.00609449412 3.45901639
244 845 1.82841955 0.00609473184 3.46311475
244 844 1.82530476 0.00608434919 3.45901639
243 839 1.8089275 0.00602975832 3.4526749
242 834 1.78993589 0.00596645297 3.44628099
242 834 1.78987102 0.00596623674 3.44628099
242 834 1.78933772 0.00596445908 3.44628099
242 834 1.78907917 0.00596359723 3.44628099
242 834 1.78911824 0.00596372747 3.44628099
242 834 1.78926517 0.00596421723 3.44628099
242 834 1.78940257 0.00596467524 3.44628099
242 834 1.78948837 0.00596496123 3.44628099
242 834 1.78952142 0.00596507139 3.44628099
241 826 1.76822252 0.00589407505 3.42738589
241 826 1.768403 0.00589467668 3.42738589
241 826 1.76848606 0.00589495355 3.42738589
241 829 1.76744365 0.00589147885 3.43983402
241 826 1.76862065 0.00589540217 3.42738589
241 826 1.76841898 0.00589472994 3.42738589
241 826 1.76879561 0.00589598537 3.42738589
241 826 1.76865931 0.00589553103 3.42738589
241 826 1.76856313 0.00589521044 3.42738589
241 826 1.76859736 0.00589532453 3.42738589
240 821 1.74612458 0.00582041526 3.42083333
240 821 1.74629953 0.00582099845 3.42083333
240 821 1.74647522 0.00582158408 3.42083333
240 821 1.74647102 0.00582157008 3.42083333
240 821 1.74641217 0.0058213739 3.42083333
240 821 1.74632193 0.00582107311 3.42083333
240 821 1.74627694 0.00582092312 3.42083333
240 821 1.74626437 0.00582088123 3.42083333
240 821 1.74626901 0.00582089671 3.42083333
240 821 1.74627946 0.00582093152 3.42083333
239 813 1.72587633 0.00575292109 3.40167364
239 813 1.72564733 0.00575215777 3.40167364
239 813 1.72607885 0.00575359617 3.40167364
239 813 1.72604937 0.00575349789 3.40167364
239 813 1.72677034 0.00575590114 3.40167364
239 813 1.7265913 0.00575530432 3.40167364
239 813 1.72691631 0.00575638769 3.40167364
239 813 1.72679519 0.00575598397 3.40167364
239 813 1.72548743 0.00575162477 3.40167364
239 813 1.72562824 0.00575209414 3.40167364
238 809 1.70201851 0.00567339503 3.39915966
237 801 1.68196724 0.00560655747 3.37974684
237 801 1.68169289 0.00560564298 3.37974684
237 801 1.68135449 0.00560451498 3.37974684
237 801 1.68170581 0.00560568605 3.37974684
237 801 1.68158692 0.00560528973 3.37974684
237 801 1.68172233 0.00560574112 3.37974684
237 801 1.68158145 0.00560527148 3.37974684
237 801 1.68170591 0.00560568638 3.37974684
237 801 1.68157286 0.00560524286 3.37974684
236 794 1.65752663 0.00552508876 3.36440678
235 787 1.65282612 0.00550942039 3.34893617
235 787 1.65174266 0.00550580887 3.34893617
235 787 1.65228294 0.0055076098 3.34893617
235 787 1.65182602 0.00550608672 3.34893617
235 787 1.65170187 0.00550567292 3.34893617
235 787 1.65232632 0.00550775439 3.34893617
235 787 1.65203733 0.0055067911 3.34893617
235 787 1.65217304 0.00550724345 3.34893617
235 787 1.65206961 0.0055068987 3.34893617
234 782 1.62579141 0.0054193047 3.34188034
234 783 1.62574755 0.00541915852 3.34615385
233 776 1.62094586 0.00540315288 3.3304721
233 779 1.6146303 0.00538210099 3.34334764
233 776 1.60398185 0.00534660617 3.3304721
233 779 1.61963596 0.00539878654 3.34334764
233 776 1.62063006 0.00540210019 3.3304721
233 776 1.62107518 0.00540358392 3.3304721
233 776 1.62081376 0.00540271255 3.3304721
233 779 1.60072608 0.00533575361 3.34334764
232 771 1.60047551 0.00533491838 3.32327586
232 771 1.60089526 0.00533631752 3.32327586
232 771 1.60089102 0.0053363034 3.32327586
232 771 1.6007035 0.00533567833 3.32327586
232 771 1.60064603 0.00533548677 3.32327586
232 771 1.6005881 0.00533529365 3.32327586
232 771 1.60069942 0.00533566473 3.32327586
232 771 1.60077586 0.00533591955 3.32327586
232 771 1.60094923 0.00533649744 3.32327586
232 771 1.60058208 0.00533527361 3.32327586
231 766 1.57290744 0.00524302479 3.31601732
230 762 1.56828434 0.00522761445 3.31304348
230 762 1.5676892 0.00522563066 3.31304348
230 762 1.56846115 0.00522820383 3.31304348
230 762 1.56851472 0.00522838238 3.31304348
230 762 1.56850615 0.00522835383 3.31304348
230 762 1.56852528 0.00522841758 3.31304348
230 762 1.56851879 0.00522839596 3.31304348
230 762 1.56852122 0.00522840408 3.31304348
230 762 1.56852044 0.00522840148 3.31304348
229 756 1.54700245 0.00515667482 3.30131004
229 756 1.54714299 0.00515714329 3.30131004
229 756 1.5468028 0.00515600932 3.30131004
229 756 1.54692749 0.00515642495 3.30131004
229 756 1.54678877 0.00515596258 3.30131004
229 756 1.54680749 0.00515602497 3.30131004
229 756 1.54674177 0.00515580592 3.30131004
229 756 1.54681751 0.00515605837 3.30131004
229 756 1.54674606 0.00515582021 3.30131004
229 756 1.54682148 0.00515607159 3.30131004
228 752 1.52040508 0.00506801692 3.29824561
228 752 1.52057728 0.00506859094 3.29824561
228 750 1.5212678 0.00507089266 3.28947368
228 750 1.52050341 0.00506834469 3.28947368
228 750 1.52050927 0.00506836423 3.28947368
228 750 1.52055064 0.00506850212 3.28947368
228 750 1.52050493 0.00506834976 3.28947368
228 750 1.52057182 0.00506857274 3.28947368
228 750 1.52050291 0.00506834303 3.28947368
228 750 1.52057027 0.00506856756 3.28947368
227 746 1.49404059 0.00498013531 3.28634361
227 746 1.49442074 0.00498140247 3.28634361
227 746 1.49440995 0.0049813665 3.28634361
227 746 1.49391718 0.00497972392 3.28634361
227 746 1.49378793 0.0049792931 3.28634361
227 746 1.49397565 0.00497991882 3.28634361
227 746 1.49434685 0.00498115617 3.28634361
227 746 1.49397471 0.00497991569 3.28634361
227 746 1.49389525 0.00497965083 3.28634361
227 746 1.49379276 0.00497930919 3.28634361
226 736 1.46386418 0.00487954728 3.25663717
226 736 1.4446369 0.00481545634 3.25663717
226 730 1.46716084 0.00489053613 3.2300885
226 730 1.46158743 0.00487195811 3.2300885
225 722 1.46106479 0.00487021596 3.20888889
225 722 1.45685678 0.00485618927 3.20888889
224 716 1.44105106 0.00480350352 3.19642857
224 716 1.44128141 0.00480427135 3.19642857
224 716 1.4418732 0.004806244 3.19642857
224 716 1.44214972 0.00480716573 3.19642857
223 712 1.4136622 0.00471220733 3.19282511
223 712 1.41296515 0.00470988385 3.19282511
223 712 1.41368973 0.00471229911 3.19282511
223 712 1.41351556 0.00471171852 3.19282511
223 712 1.41358143 0.00471193811 3.19282511
223 712 1.41358728 0.00471195761 3.19282511
223 712 1.41357325 0.00471191083 3.19282511
223 712 1.413569 0.00471189666 3.19282511
223 712 1.4135658 0.00471188602 3.19282511
223 712 1.41356619 0.00471188729 3.19282511
222 705 1.38581305 0.00461937684 3.17567568
222 705 1.38556241 0.00461854137 3.17567568
222 705 1.38577335 0.00461924451 3.17567568
222 705 1.38584365 0.00461947882 3.17567568
222 705 1.38581578 0.00461938594 3.17567568
222 705 1.38579006 0.0046193002 3.17567568
222 705 1.38577542 0.00461925141 3.17567568
222 705 1.38576651 0.00461922168 3.17567568
222 705 1.38576206 0.00461920686 3.17567568
222 705 1.38576009 0.00461920031 3.17567568
221 701 1.35657291 0.00452190969 3.1719457
221 696 1.35249179 0.00450830597 3.14932127
221 701 1.36448234 0.00454827447 3.1719457
221 706 1.34651679 0.00448838931 3.19457014
221 701 1.36672582 0.00455575274 3.1719457
221 701 1.36641477 0.00455471591 3.1719457
221 701 1.36672109 0.00455573696 3.1719457
221 701 1.36685251 0.00455617502 3.1719457
221 701 1.36625935 0.00455419783 3.1719457
221 701 1.36672889 0.00455576296 3.1719457
220 697 1.34039606 0.00446798687 3.16818182
220 697 1.34040924 0.0044680308 3.16818182
220 697 1.3403763 0.00446792099 3.16818182
220 697 1.34042166 0.00446807219 3.16818182
220 697 1.34042142 0.00446807139 3.16818182
220 697 1.34042228 0.00446807425 3.16818182
220 697 1.34041767 0.00446805891 3.16818182
220 697 1.34041487 0.00446804957 3.16818182
220 697 1.34041352 0.00446804506 3.16818182
220 697 1.34041325 0.00446804418 3.16818182
219 690 1.31528384 0.00438427948 3.15068493
219 690 1.31440652 0.00438135507 3.15068493
219 690 1.31467288 0.00438224294 3.15068493
219 690 1.3148595 0.00438286499 3.15068493
219 690 1.3145545 0.00438184834 3.15068493
219 690 1.31469318 0.00438231061 3.15068493
219 690 1.31470396 0.00438234652 3.15068493
219 690 1.31483004 0.00438276681 3.15068493
219 690 1.31457576 0.0043819192 3.15068493
219 690 1.31470082 0.00438233605 3.15068493
218 686 1.28462891 0.00428209637 3.14678899
218 686 1.28472089 0.00428240296 3.14678899
218 686 1.28468465 0.00428228217 3.14678899
218 686 1.28447691 0.00428158969 3.14678899
218 686 1.28484275 0.00428280916 3.14678899
218 686 1.28471168 0.00428237227 3.14678899
218 686 1.28473355 0.00428244518 3.14678899
218 686 1.28446739 0.00428155796 3.14678899
218 686 1.28482799 0.00428275997 3.14678899
218 686 1.2847116 0.00428237198 3.14678899
217 676 1.25511834 0.0041837278 3.11520737
217 681 1.25432994 0.00418109979 3.13824885
217 680 1.2477157 0.00415905233 3.13364055
217 679 1.26120977 0.00420403258 3.12903226
217 680 1.27335476 0.00424451586 3.13364055
217 677 1.27621545 0.0042540515 3.11981567
217 674 1.25278962 0.00417596538 3.10599078
217 677 1.27606727 0.00425355758 3.11981567
217 677 1.27622292 0.00425407639 3.11981567
217 677 1.27607933 0.00425359776 3.11981567
216 673 1.25121239 0.00417070796 3.11574074
216 673 1.25121676 0.00417072254 3.11574074
216 673 1.2510452 0.00417015067 3.11574074
216 670 1.25263541 0.00417545138 3.10185185
216 670 1.25255879 0.00417519597 3.10185185
215 666 1.22718046 0.00409060154 3.09767442
215 665 1.22770063 0.00409233542 3.09302326
215 665 1.22749008 0.0040916336 3.09302326
215 665 1.22684384 0.00408947947 3.09302326
215 666 1.22720269 0.00409067564 3.09767442
214 661 1.20456247 0.00401520825 3.08878505
214 661 1.20460392 0.0040153464 3.08878505
214 661 1.20464781 0.0040154927 3.08878505
214 661 1.20458686 0.00401528955 3.08878505
214 661 1.20486975 0.00401623249 3.08878505
214 661 1.2041632 0.00401387734 3.08878505
214 661 1.20478069 0.00401593565 3.08878505
214 661 1.20422021 0.00401406738 3.08878505
214 661 1.20482316 0.0040160772 3.08878505
214 661 1.20422396 0.00401407986 3.08878505
213 657 1.18010939 0.00393369798 3.08450704
213 657 1.18049982 0.00393499941 3.08450704
213 657 1.18092062 0.00393640208 3.08450704
213 657 1.18071155 0.00393570517 3.08450704
213 657 1.18043378 0.00393477928 3.08450704
213 657 1.18067029 0.00393556762 3.08450704
213 657 1.18059587 0.00393531958 3.08450704
213 657 1.1805366 0.00393512198 3.08450704
213 653 1.18017931 0.00393393104 3.0657277
212 648 1.17427103 0.00391423678 3.05660377
211 641 1.15226495 0.00384088318 3.03791469
211 641 1.15218424 0.00384061413 3.03791469
211 642 1.15079734 0.00383599113 3.04265403
211 641 1.15236115 0.00384120384 3.03791469
211 641 1.15233851 0.00384112838 3.03791469
211 641 1.15216084 0.00384053612 3.03791469
211 641 1.15194739 0.00383982463 3.03791469
211 641 1.15238718 0.00384129059 3.03791469
211 641 1.15252064 0.00384173547 3.03791469
211 641 1.15248703 0.00384162344 3.03791469
210 637 1.12817055 0.0037605685 3.03333333
210 637 1.12914744 0.00376382479 3.03333333
210 635 1.12727044 0.00375756812 3.02380952
210 637 1.12868928 0.0037622976 3.03333333
210 637 1.12830453 0.0037610151 3.03333333
210 637 1.12907319 0.00376357729 3.03333333
210 637 1.12928961 0.00376429869 3.03333333
210 637 1.12902496 0.00376341654 3.03333333
210 637 1.12833391 0.00376111304 3.03333333
210 637 1.12905641 0.00376352138 3.03333333
209 631 1.10544483 0.00368481608 3.01913876
209 631 1.10542671 0.00368475571 3.01913876
209 631 1.10513022 0.00368376741 3.01913876
209 631 1.10466603 0.00368222009 3.01913876
209 631 1.10536242 0.00368454141 3.01913876
209 631 1.10496328 0.00368321092 3.01913876
209 631 1.10505083 0.00368350276 3.01913876
209 631 1.10511215 0.00368370716 3.01913876
209 631 1.10519314 0.00368397712 3.01913876
209 631 1.10529631 0.00368432105 3.01913876
208 624 1.07845964 0.00359486545 3
208 624 1.07905569 0.0035968523 3
208 624 1.07828624 0.00359428748 3
208 624 1.07899873 0.00359666242 3
208 624 1.07897141 0.00359657136 3
208 624 1.07865312 0.00359551039 3
208 624 1.07855236 0.00359517454 3
208 624 1.07847754 0.00359492512 3
208 624 1.07850859 0.00359502865 3
208 624 1.07861822 0.00359539405 3
207 614 1.0506619 0.00350220635 2.96618357
207 614 1.05070763 0.00350235876 2.96618357
207 614 1.05044373 0.00350147908 2.96618357
207 614 1.05035608 0.00350118694 2.96618357
207 614 1.05038681 0.00350128937 2.96618357
207 614 1.05048252 0.00350160841 2.96618357
207 614 1.05053196 0.00350177321 2.96618357
207 614 1.0505397 0.00350179901 2.96618357
207 614 1.0505425 0.00350180833 2.96618357
207 614 1.05053818 0.00350179394 2.96618357
206 607 1.02148316 0.00340494387 2.94660194
206 611 1.01893008 0.00339643359 2.96601942
206 607 1.02072379 0.00340241265 2.94660194
206 607 1.02093933 0.0034031311 2.94660194
206 607 1.02099315 0.00340331049 2.94660194
206 607 1.02093804 0.00340312679 2.94660194
206 607 1.02093134 0.00340310447 2.94660194
206 607 1.0209466 0.00340315532 2.94660194
206 607 1.0209467 0.00340315568 2.94660194
206 607 1.02094129 0.00340313763 2.94660194
205 604 0.989642324 0.00329880775 2.94634146
205 604 0.99014495 0.00330048317 2.94634146
205 604 0.990445417 0.00330148472 2.94634146
205 604 0.98968492 0.00329894973 2.94634146
205 604 0.989410482 0.00329803494 2.94634146
205 604 0.989223561 0.00329741187 2.94634146
205 604 0.989733038 0.00329911013 2.94634146
205 604 0.990014623 0.00330004874 2.94634146
205 604 0.989382317 0.00329794106 2.94634146
205 604 0.989564981 0.00329854994 2.94634146
204 602 0.959123397 0.00319707799 2.95098039
204 602 0.959046062 0.00319682021 2.95098039
204 602 0.95870913 0.0031956971 2.95098039
204 598 0.95281431 0.0031760477 2.93137255
204 594 0.97954543 0.00326515143 2.91176471
204 598 0.977120111 0.00325706704 2.93137255
204 601 0.97868316 0.0032622772 2.94607843
204 594 0.979796853 0.00326598951 2.91176471
204 594 0.979691195 0.00326563732 2.91176471
204 594 0.979942779 0.00326647593 2.91176471
203 591 0.952340116 0.00317446705 2.91133005
203 591 0.952049609 0.0031734987 2.91133005
203 591 0.953307737 0.00317769246 2.91133005
203 591 0.9522645 0.003174215 2.91133005
203 591 0.952269518 0.00317423173 2.91133005
203 591 0.952795443 0.00317598481 2.91133005
203 591 0.952416377 0.00317472126 2.91133005
203 591 0.951183894 0.00317061298 2.91133005
203 591 0.952239356 0.00317413119 2.91133005
203 591 0.952148049 0.00317382683 2.91133005
202 589 0.924709714 0.00308236571 2.91584158
202 589 0.924535999 0.00308178666 2.91584158
202 589 0.924829257 0.00308276419 2.91584158
202 589 0.924352571 0.00308117524 2.91584158
202 589 0.92408704 0.00308029013 2.91584158
202 589 0.924708723 0.00308236241 2.91584158
202 589 0.924879701 0.00308293234 2.91584158
202 589 0.924852558 0.00308284186 2.91584158
202 589 0.924916123 0.00308305374 2.91584158
202 589 0.924426584 0.00308142195 2.91584158
201 585 0.889654403 0.00296551468 2.91044776
201 585 0.884753682 0.00294917894 2.91044776
201 583 0.895419077 0.00298473026 2.90049751
201 583 0.895738443 0.00298579481 2.90049751
201 583 0.895934029 0.00298644676 2.90049751
200 581 0.868892108 0.00289630703 2.905
200 581 0.869121563 0.00289707188 2.905
200 581 0.869188084 0.00289729361 2.905
200 581 0.869274603 0.00289758201 2.905
200 581 0.86960113 0.00289867043 2.905
199 572 0.830122395 0.00276707465 2.87437186
199 577 0.831079517 0.00277026506 2.89949749
199 572 0.823319812 0.00274439937 2.87437186
199 577 0.832316366 0.00277438789 2.89949749
199 577 0.831486485 0.00277162162 2.89949749
199 577 0.83185756 0.00277285853 2.89949749
199 577 0.832006369 0.00277335456 2.89949749
199 577 0.832340423 0.00277446808 2.89949749
199 577 0.83230738 0.00277435793 2.89949749
199 577 0.831473604 0.00277157868 2.89949749
198 568 0.802932233 0.00267644078 2.86868687
198 575 0.794102882 0.00264700961 2.9040404
198 569 0.803104145 0.00267701382 2.87373737
198 576 0.801644573 0.00267214858 2.90909091
198 568 0.803150508 0.00267716836 2.86868687
198 568 0.803094873 0.00267698291 2.86868687
198 568 0.803072569 0.00267690856 2.86868687
198 568 0.803191826 0.00267730609 2.86868687
198 568 0.802982208 0.00267660736 2.86868687
198 568 0.802928755 0.00267642918 2.86868687
197 566 0.777576563 0.00259192188 2.87309645
197 566 0.777558831 0.00259186277 2.87309645
197 566 0.777872472 0.00259290824 2.87309645
197 566 0.777503464 0.00259167821 2.87309645
197 566 0.777484185 0.00259161395 2.87309645
197 566 0.776939674 0.00258979891 2.87309645
197 566 0.777658333 0.00259219444 2.87309645
197 566 0.778211472 0.00259403824 2.87309645
197 566 0.777323307 0.00259107769 2.87309645
197 566 0.777965428 0.00259321809 2.87309645
196 563 0.749218136 0.00249739379 2.87244898
196 563 0.749472335 0.00249824112 2.87244898
196 563 0.749590933 0.00249863644 2.87244898
196 563 0.749446853 0.00249815618 2.87244898
196 563 0.748758636 0.00249586212 2.87244898
196 563 0.749824677 0.00249941559 2.87244898
196 563 0.749380912 0.00249793637 2.87244898
196 563 0.748872709 0.00249624236 2.87244898
196 563 0.749445027 0.00249815009 2.87244898
196 563 0.749076397 0.00249692132 2.87244898
195 555 0.718122391 0.0023937413 2.84615385
195 555 0.717658298 0.00239219433 2.84615385
195 555 0.718890548 0.00239630183 2.84615385
195 555 0.717809941 0.0023926998 2.84615385
195 558 0.715707887 0.00238569296 2.86153846
195 555 0.717197948 0.00239065983 2.84615385
195 555 0.717695422 0.00239231807 2.84615385
195 555 0.718126775 0.00239375592 2.84615385
195 555 0.71778723 0.0023926241 2.84615385
195 555 0.717763455 0.00239254485 2.84615385
194 550 0.685950593 0.00228650198 2.83505155
194 552 0.68222065 0.00227406883 2.84536082
194 552 0.682944817 0.00227648272 2.84536082
194 550 0.686707146 0.00228902382 2.83505155
194 550 0.686589362 0.00228863121 2.83505155
194 550 0.686961708 0.00228987236 2.83505155
194 550 0.68652372 0.0022884124 2.83505155
194 550 0.686515817 0.00228838606 2.83505155
194 550 0.686229165 0.00228743055 2.83505155
194 550 0.686700518 0.00228900173 2.83505155
193 547 0.652882999 0.00217627666 2.83419689
193 546 0.647563992 0.00215854664 2.82901554
193 547 0.653380433 0.00217793478 2.83419689
193 547 0.653456661 0.00217818887 2.83419689
193 547 0.653774866 0.00217924955 2.83419689
193 547 0.653315774 0.00217771925 2.83419689
193 547 0.654005092 0.00218001697 2.83419689
193 547 0.653717753 0.00217905918 2.83419689
193 547 0.65353446 0.0021784482 2.83419689
193 547 0.654331706 0.00218110569 2.83419689
192 543 0.623012183 0.00207670728 2.828125
192 544 0.615768839 0.0020525628 2.83333333
192 544 0.616185164 0.00205395055 2.83333333
192 543 0.622076762 0.00207358921 2.828125
192 543 0.622472137 0.00207490712 2.828125
192 543 0.621572616 0.00207190872 2.828125
192 543 0.623642941 0.0020788098 2.828125
192 543 0.621576526 0.00207192175 2.828125
192 543 0.62263086 0.0020754362 2.828125
192 543 0.621387866 0.00207129289 2.828125
191 539 0.58828292 0.00196094307 2.82198953
191 537 0.589590558 0.00196530186 2.81151832
191 539 0.574719066 0.00191573022 2.82198953
191 537 0.589576361 0.00196525454 2.81151832
191 537 0.589319064 0.00196439688 2.81151832
191 537 0.589516846 0.00196505615 2.81151832
191 537 0.589718328 0.00196572776 2.81151832
191 537 0.589641985 0.00196547328 2.81151832
191 537 0.589451835 0.00196483945 2.81151832
191 537 0.589314073 0.00196438024 2.81151832
190 534 0.556131401 0.00185377134 2.81052632
190 533 0.55618909 0.00185396363 2.80526316
190 533 0.556296667 0.00185432222 2.80526316
190 533 0.556050613 0.00185350204 2.80526316
190 533 0.556798316 0.00185599439 2.80526316
190 533 0.553596038 0.00184532013 2.80526316
190 533 0.559419154 0.00186473051 2.80526316
190 530 0.554498529 0.00184832843 2.78947368
SP does not find any fixed points -> SP does not converge.
I am sorry I quit :(
