START ALGORITHM:
I am going to build an instance with N: 300 variables and 1200 clauses with a clause density equal to 4
START BSP WITH r=0.9:
Decimation scorer: gamma:0.01
END UNIT PROPAGATION
300 1200 6.09755966 0.0203251989 4
300 1200 6.09736159 0.0203245386 4
300 1200 6.09732813 0.0203244271 4
300 1200 6.09730917 0.0203243639 4
300 1200 6.09730544 0.0203243515 4
300 1200 6.09730437 0.0203243479 4
300 1200 6.09730417 0.0203243472 4
300 1200 6.09730414 0.0203243471 4
300 1200 6.09730414 0.0203243471 4
299 1193 6.0936738 0.020312246 3.98996656
299 1193 6.0936597 0.020312199 3.98996656
299 1193 6.09365569 0.0203121856 3.98996656
299 1193 6.09366023 0.0203122008 3.98996656
299 1193 6.09366177 0.0203122059 3.98996656
299 1193 6.0936625 0.0203122083 3.98996656
299 1193 6.09366278 0.0203122093 3.98996656
299 1193 6.0936629 0.0203122097 3.98996656
299 1193 6.09366297 0.0203122099 3.98996656
299 1193 6.09366301 0.02031221 3.98996656
298 1185 6.08634084 0.0202878028 3.97651007
298 1185 6.08634319 0.0202878106 3.97651007
298 1185 6.08634372 0.0202878124 3.97651007
298 1185 6.08634442 0.0202878147 3.97651007
298 1185 6.08634447 0.0202878149 3.97651007
298 1185 6.08634467 0.0202878156 3.97651007
298 1185 6.08634476 0.0202878159 3.97651007
298 1185 6.0863448 0.020287816 3.97651007
298 1185 6.08634483 0.0202878161 3.97651007
298 1185 6.08634484 0.0202878161 3.97651007
297 1181 6.08235148 0.0202745049 3.97643098
297 1181 6.08232775 0.0202744258 3.97643098
297 1181 6.08231152 0.0202743717 3.97643098
297 1181 6.08232616 0.0202744205 3.97643098
297 1181 6.08232975 0.0202744325 3.97643098
297 1181 6.08233079 0.020274436 3.97643098
297 1181 6.08233134 0.0202744378 3.97643098
297 1181 6.08233164 0.0202744388 3.97643098
297 1181 6.08233179 0.0202744393 3.97643098
297 1181 6.08233188 0.0202744396 3.97643098
296 1173 6.07326143 0.0202442048 3.96283784
296 1173 6.07327652 0.0202442551 3.96283784
296 1173 6.07328326 0.0202442775 3.96283784
296 1173 6.07328619 0.0202442873 3.96283784
296 1173 6.07328582 0.0202442861 3.96283784
296 1173 6.0732858 0.020244286 3.96283784
296 1173 6.07328587 0.0202442862 3.96283784
296 1173 6.07328594 0.0202442865 3.96283784
296 1173 6.07328597 0.0202442866 3.96283784
296 1173 6.07328599 0.0202442866 3.96283784
295 1160 6.06020539 0.0202006846 3.93220339
295 1160 6.06018824 0.0202006275 3.93220339
295 1160 6.06019748 0.0202006583 3.93220339
295 1160 6.06019852 0.0202006617 3.93220339
295 1160 6.06019867 0.0202006622 3.93220339
295 1160 6.0601988 0.0202006627 3.93220339
295 1160 6.06019884 0.0202006628 3.93220339
295 1160 6.06019886 0.0202006629 3.93220339
295 1160 6.06019887 0.0202006629 3.93220339
295 1160 6.06019887 0.0202006629 3.93220339
294 1154 6.04950414 0.0201650138 3.92517007
294 1155 6.03890646 0.0201296882 3.92857143
294 1161 6.05189324 0.0201729775 3.94897959
294 1161 6.05190133 0.0201730044 3.94897959
294 1161 6.05190713 0.0201730238 3.94897959
294 1161 6.05190648 0.0201730216 3.94897959
294 1161 6.0519064 0.0201730213 3.94897959
294 1161 6.05190644 0.0201730215 3.94897959
294 1161 6.05190651 0.0201730217 3.94897959
294 1161 6.05190657 0.0201730219 3.94897959
293 1149 6.03883861 0.020129462 3.92150171
293 1149 6.03884525 0.0201294842 3.92150171
293 1149 6.03883005 0.0201294335 3.92150171
293 1149 6.03888282 0.0201296094 3.92150171
293 1149 6.03888677 0.0201296226 3.92150171
293 1149 6.03884878 0.0201294959 3.92150171
293 1149 6.03888369 0.0201296123 3.92150171
293 1149 6.0388875 0.020129625 3.92150171
293 1149 6.03884976 0.0201294992 3.92150171
293 1149 6.03888405 0.0201296135 3.92150171
292 1142 6.02283966 0.0200761322 3.9109589
292 1142 6.02287301 0.0200762434 3.9109589
292 1142 6.02289023 0.0200763008 3.9109589
292 1142 6.0228985 0.0200763283 3.9109589
292 1142 6.02289915 0.0200763305 3.9109589
292 1142 6.02290083 0.0200763361 3.9109589
292 1142 6.02290113 0.0200763371 3.9109589
292 1142 6.02290143 0.0200763381 3.9109589
292 1142 6.02290157 0.0200763386 3.9109589
292 1142 6.02290167 0.0200763389 3.9109589
291 1131 6.00699313 0.0200233104 3.88659794
291 1131 6.00691393 0.0200230464 3.88659794
291 1131 6.00689083 0.0200229694 3.88659794
291 1131 6.00689273 0.0200229758 3.88659794
291 1131 6.0068936 0.0200229787 3.88659794
291 1131 6.00689396 0.0200229799 3.88659794
291 1131 6.00689402 0.0200229801 3.88659794
291 1131 6.00689414 0.0200229805 3.88659794
291 1131 6.00689424 0.0200229808 3.88659794
291 1131 6.0068943 0.020022981 3.88659794
290 1117 5.99064817 0.0199688272 3.85172414
290 1117 5.99071332 0.0199690444 3.85172414
290 1117 5.99068068 0.0199689356 3.85172414
290 1117 5.99071078 0.0199690359 3.85172414
290 1117 5.99071547 0.0199690516 3.85172414
290 1117 5.99072112 0.0199690704 3.85172414
290 1117 5.99072224 0.0199690741 3.85172414
290 1117 5.99072305 0.0199690768 3.85172414
290 1117 5.99072366 0.0199690789 3.85172414
290 1117 5.99072398 0.0199690799 3.85172414
289 1108 5.97370387 0.0199123462 3.83391003
289 1108 5.97362727 0.0199120909 3.83391003
289 1108 5.97356316 0.0199118772 3.83391003
289 1108 5.97367228 0.0199122409 3.83391003
289 1108 5.97371295 0.0199123765 3.83391003
289 1108 5.97355381 0.019911846 3.83391003
289 1108 5.97367856 0.0199122619 3.83391003
289 1108 5.97373101 0.0199124367 3.83391003
289 1108 5.97356296 0.0199118765 3.83391003
289 1108 5.97368533 0.0199122844 3.83391003
288 1095 5.95371778 0.0198457259 3.80208333
288 1095 5.95380068 0.0198460023 3.80208333
288 1095 5.95378649 0.019845955 3.80208333
288 1095 5.95377378 0.0198459126 3.80208333
288 1095 5.95377411 0.0198459137 3.80208333
288 1095 5.95377071 0.0198459024 3.80208333
288 1095 5.95376915 0.0198458972 3.80208333
288 1095 5.95376813 0.0198458938 3.80208333
288 1095 5.95376707 0.0198458902 3.80208333
288 1095 5.95376657 0.0198458886 3.80208333
287 1091 5.95376639 0.019845888 3.80139373
287 1091 5.95375438 0.0198458479 3.80139373
287 1091 5.95382238 0.0198460746 3.80139373
287 1091 5.95376444 0.0198458815 3.80139373
287 1091 5.95383212 0.0198461071 3.80139373
287 1091 5.95376684 0.0198458895 3.80139373
287 1091 5.95383329 0.019846111 3.80139373
287 1091 5.95376733 0.0198458911 3.80139373
287 1091 5.95383358 0.0198461119 3.80139373
287 1091 5.95376744 0.0198458915 3.80139373
286 1082 5.93087922 0.0197695974 3.78321678
286 1084 5.93871787 0.0197957262 3.79020979
286 1088 5.93067536 0.0197689179 3.8041958
286 1085 5.9306607 0.019768869 3.79370629
286 1085 5.93066142 0.0197688714 3.79370629
286 1085 5.93065963 0.0197688654 3.79370629
286 1085 5.9306594 0.0197688647 3.79370629
286 1085 5.93065916 0.0197688639 3.79370629
286 1085 5.93065937 0.0197688646 3.79370629
286 1085 5.93065922 0.0197688641 3.79370629
285 1081 5.93065921 0.019768864 3.79298246
285 1081 5.93071102 0.0197690367 3.79298246
285 1081 5.93071004 0.0197690335 3.79298246
285 1081 5.9307189 0.019769063 3.79298246
285 1081 5.93072155 0.0197690718 3.79298246
285 1081 5.93072243 0.0197690748 3.79298246
285 1081 5.93072293 0.0197690764 3.79298246
285 1081 5.93072317 0.0197690772 3.79298246
285 1081 5.93072328 0.0197690776 3.79298246
285 1081 5.93072333 0.0197690778 3.79298246
284 1072 5.90796004 0.0196932001 3.77464789
284 1070 5.90858475 0.0196952825 3.76760563
284 1072 5.90791104 0.0196930368 3.77464789
284 1070 5.90860684 0.0196953561 3.76760563
284 1070 5.90864195 0.0196954732 3.76760563
284 1072 5.90793152 0.0196931051 3.77464789
284 1072 5.90790448 0.0196930149 3.77464789
284 1070 5.90861946 0.0196953982 3.76760563
284 1070 5.90864587 0.0196954862 3.76760563
284 1070 5.90864029 0.0196954676 3.76760563
283 1061 5.88783026 0.0196261009 3.74911661
283 1061 5.88775291 0.019625843 3.74911661
283 1061 5.88776623 0.0196258874 3.74911661
283 1061 5.88777848 0.0196259283 3.74911661
283 1061 5.88778219 0.0196259406 3.74911661
283 1061 5.88778396 0.0196259465 3.74911661
283 1061 5.8877852 0.0196259507 3.74911661
283 1061 5.8877858 0.0196259527 3.74911661
283 1061 5.88778618 0.0196259539 3.74911661
283 1061 5.88778642 0.0196259547 3.74911661
282 1053 5.8654143 0.019551381 3.73404255
282 1052 5.86447511 0.0195482504 3.73049645
282 1052 5.8644994 0.0195483313 3.73049645
282 1052 5.86452725 0.0195484242 3.73049645
282 1052 5.86452607 0.0195484202 3.73049645
282 1052 5.86452786 0.0195484262 3.73049645
282 1052 5.8645291 0.0195484303 3.73049645
282 1052 5.86453018 0.0195484339 3.73049645
282 1052 5.86453085 0.0195484362 3.73049645
282 1052 5.86453124 0.0195484375 3.73049645
281 1044 5.84226661 0.019474222 3.71530249
281 1044 5.84222117 0.0194740706 3.71530249
281 1044 5.84221455 0.0194740485 3.71530249
281 1044 5.84221679 0.019474056 3.71530249
281 1044 5.8422162 0.019474054 3.71530249
281 1044 5.84221608 0.0194740536 3.71530249
281 1044 5.8422161 0.0194740537 3.71530249
281 1044 5.84221613 0.0194740538 3.71530249
281 1044 5.84221615 0.0194740538 3.71530249
281 1044 5.84221616 0.0194740539 3.71530249
280 1037 5.82249506 0.0194083169 3.70357143
280 1037 5.82255142 0.0194085047 3.70357143
280 1037 5.82261068 0.0194087023 3.70357143
280 1037 5.82265843 0.0194088614 3.70357143
280 1037 5.82266781 0.0194088927 3.70357143
280 1037 5.8226697 0.019408899 3.70357143
280 1037 5.82267129 0.0194089043 3.70357143
280 1037 5.82267198 0.0194089066 3.70357143
280 1037 5.82267248 0.0194089083 3.70357143
280 1037 5.82267276 0.0194089092 3.70357143
279 1030 5.79665671 0.019322189 3.69175627
279 1030 5.79647778 0.0193215926 3.69175627
279 1030 5.79645391 0.019321513 3.69175627
279 1030 5.79644966 0.0193214989 3.69175627
279 1030 5.79645223 0.0193215074 3.69175627
279 1030 5.79645329 0.019321511 3.69175627
279 1030 5.7964539 0.019321513 3.69175627
279 1030 5.79645424 0.0193215141 3.69175627
279 1030 5.79645441 0.0193215147 3.69175627
279 1030 5.7964545 0.019321515 3.69175627
278 1025 5.77571858 0.0192523953 3.68705036
278 1025 5.77571911 0.019252397 3.68705036
278 1025 5.77567617 0.0192522539 3.68705036
278 1025 5.77567849 0.0192522616 3.68705036
278 1025 5.77568623 0.0192522874 3.68705036
278 1025 5.77568835 0.0192522945 3.68705036
278 1025 5.77568954 0.0192522985 3.68705036
278 1025 5.77569025 0.0192523008 3.68705036
278 1025 5.77569058 0.0192523019 3.68705036
278 1025 5.77569075 0.0192523025 3.68705036
277 1017 5.74744739 0.019158158 3.67148014
277 1017 5.74896578 0.0191632193 3.67148014
277 1014 5.74216614 0.0191405538 3.66064982
277 1017 5.74753089 0.0191584363 3.67148014
277 1017 5.74751829 0.0191583943 3.67148014
277 1017 5.7474952 0.0191583173 3.67148014
277 1017 5.74749862 0.0191583287 3.67148014
277 1017 5.74750044 0.0191583348 3.67148014
277 1017 5.74750095 0.0191583365 3.67148014
277 1017 5.74750097 0.0191583366 3.67148014
276 1009 5.72210233 0.0190736744 3.6557971
276 1009 5.72207828 0.0190735943 3.6557971
276 1009 5.72209636 0.0190736545 3.6557971
276 1009 5.72210431 0.019073681 3.6557971
276 1009 5.72210474 0.0190736825 3.6557971
276 1009 5.7221056 0.0190736853 3.6557971
276 1009 5.72210624 0.0190736875 3.6557971
276 1009 5.72210656 0.0190736885 3.6557971
276 1009 5.72210672 0.0190736891 3.6557971
276 1009 5.72210681 0.0190736894 3.6557971
275 1002 5.6922643 0.0189742143 3.64363636
275 1002 5.69226325 0.0189742108 3.64363636
275 1002 5.69230835 0.0189743612 3.64363636
275 1002 5.69233411 0.018974447 3.64363636
275 1002 5.69234174 0.0189744725 3.64363636
275 1002 5.69234597 0.0189744866 3.64363636
275 1002 5.69234824 0.0189744941 3.64363636
275 1002 5.69234948 0.0189744983 3.64363636
275 1002 5.69235013 0.0189745004 3.64363636
275 1002 5.69235048 0.0189745016 3.64363636
274 994 5.65747527 0.0188582509 3.62773723
274 993 5.64608316 0.0188202772 3.62408759
274 994 5.65739014 0.0188579671 3.62773723
274 994 5.65711949 0.018857065 3.62773723
274 994 5.65719629 0.018857321 3.62773723
274 994 5.65722172 0.0188574057 3.62773723
274 994 5.65723908 0.0188574636 3.62773723
274 994 5.65725113 0.0188575038 3.62773723
274 994 5.65725808 0.0188575269 3.62773723
274 994 5.65726214 0.0188575405 3.62773723
273 985 5.62196166 0.0187398722 3.60805861
273 985 5.62202194 0.0187400731 3.60805861
273 985 5.62197641 0.0187399214 3.60805861
273 985 5.62198566 0.0187399522 3.60805861
273 985 5.62199302 0.0187399767 3.60805861
273 985 5.62199728 0.0187399909 3.60805861
273 985 5.62199953 0.0187399984 3.60805861
273 985 5.62200068 0.0187400023 3.60805861
273 985 5.62200126 0.0187400042 3.60805861
273 985 5.62200156 0.0187400052 3.60805861
272 978 5.58666667 0.0186222222 3.59558824
272 978 5.58655979 0.018621866 3.59558824
272 978 5.58686912 0.0186228971 3.59558824
272 978 5.5868952 0.018622984 3.59558824
272 978 5.58691666 0.0186230555 3.59558824
272 978 5.58692919 0.0186230973 3.59558824
272 978 5.58693626 0.0186231209 3.59558824
272 978 5.58694001 0.0186231334 3.59558824
272 978 5.58694199 0.01862314 3.59558824
272 978 5.58694303 0.0186231434 3.59558824
271 975 5.54356719 0.0184785573 3.59778598
271 969 5.53086835 0.0184362278 3.57564576
271 973 5.55732343 0.0185244114 3.5904059
271 973 5.55744349 0.0185248116 3.5904059
271 973 5.55741024 0.0185247008 3.5904059
271 973 5.55742007 0.0185247336 3.5904059
271 973 5.55742247 0.0185247416 3.5904059
271 973 5.55742392 0.0185247464 3.5904059
271 973 5.5574252 0.0185247507 3.5904059
271 973 5.55742594 0.0185247531 3.5904059
270 967 5.52328847 0.0184109616 3.58148148
270 967 5.52318989 0.018410633 3.58148148
270 967 5.52317536 0.0184105845 3.58148148
270 967 5.52318513 0.0184106171 3.58148148
270 967 5.5231911 0.018410637 3.58148148
270 967 5.52319481 0.0184106494 3.58148148
270 967 5.52319696 0.0184106565 3.58148148
270 967 5.52319818 0.0184106606 3.58148148
270 967 5.52319886 0.0184106629 3.58148148
270 967 5.52319924 0.0184106641 3.58148148
269 960 5.48765572 0.0182921857 3.56877323
269 960 5.48658646 0.0182886215 3.56877323
269 960 5.48754004 0.0182918001 3.56877323
269 960 5.48747729 0.018291591 3.56877323
269 960 5.48748389 0.018291613 3.56877323
269 960 5.48748751 0.018291625 3.56877323
269 960 5.48749117 0.0182916372 3.56877323
269 960 5.48749335 0.0182916445 3.56877323
269 960 5.48749465 0.0182916488 3.56877323
269 960 5.48749548 0.0182916516 3.56877323
268 953 5.45189827 0.0181729942 3.55597015
268 952 5.44331165 0.0181443722 3.55223881
268 955 5.4425216 0.0181417387 3.56343284
268 954 5.45211727 0.0181737242 3.55970149
268 953 5.45749309 0.0181916436 3.55597015
268 953 5.45752455 0.0181917485 3.55597015
268 953 5.45745443 0.0181915148 3.55597015
268 953 5.45746026 0.0181915342 3.55597015
268 953 5.45760084 0.0181920028 3.55597015
268 953 5.45748302 0.0181916101 3.55597015
267 946 5.42388125 0.0180796042 3.54307116
267 946 5.42391085 0.0180797028 3.54307116
267 947 5.42367598 0.0180789199 3.54681648
267 947 5.42360751 0.0180786917 3.54681648
267 947 5.42360509 0.0180786836 3.54681648
267 947 5.42360829 0.0180786943 3.54681648
267 947 5.4236108 0.0180787027 3.54681648
267 947 5.42361214 0.0180787071 3.54681648
267 947 5.4236129 0.0180787097 3.54681648
267 947 5.42361334 0.0180787111 3.54681648
266 940 5.38975274 0.0179658425 3.53383459
266 940 5.38963713 0.0179654571 3.53383459
266 940 5.38969653 0.0179656551 3.53383459
266 940 5.38973725 0.0179657908 3.53383459
266 940 5.38976789 0.017965893 3.53383459
266 940 5.38978952 0.0179659651 3.53383459
266 940 5.38980377 0.0179660126 3.53383459
266 940 5.38981289 0.017966043 3.53383459
266 940 5.38981863 0.0179660621 3.53383459
266 940 5.38982222 0.0179660741 3.53383459
265 934 5.34803662 0.0178267887 3.5245283
265 931 5.34762765 0.0178254255 3.51320755
265 934 5.34777612 0.0178259204 3.5245283
265 934 5.34782799 0.0178260933 3.5245283
265 934 5.34786051 0.0178262017 3.5245283
265 934 5.34789938 0.0178263313 3.5245283
265 934 5.34792774 0.0178264258 3.5245283
265 934 5.34794775 0.0178264925 3.5245283
265 934 5.34796157 0.0178265386 3.5245283
265 934 5.34797099 0.01782657 3.5245283
264 925 5.3078816 0.0176929387 3.50378788
264 925 5.30399533 0.0176799844 3.50378788
264 925 5.3077646 0.0176925487 3.50378788
264 925 5.30777478 0.0176925826 3.50378788
264 925 5.30782405 0.0176927468 3.50378788
264 925 5.3078755 0.0176929183 3.50378788
264 925 5.30792062 0.0176930687 3.50378788
264 925 5.30795737 0.0176931912 3.50378788
264 925 5.30798634 0.0176932878 3.50378788
264 925 5.30800875 0.0176933625 3.50378788
263 916 5.26712953 0.0175570984 3.48288973
263 916 5.26697887 0.0175565962 3.48288973
263 916 5.26686542 0.0175562181 3.48288973
263 916 5.26679289 0.0175559763 3.48288973
263 916 5.26675193 0.0175558398 3.48288973
263 916 5.26672876 0.0175557625 3.48288973
263 916 5.26671577 0.0175557192 3.48288973
263 916 5.26670869 0.0175556956 3.48288973
263 916 5.26670507 0.0175556836 3.48288973
263 916 5.26670342 0.0175556781 3.48288973
262 911 5.22509781 0.0174169927 3.47709924
262 911 5.21184888 0.0173728296 3.47709924
262 915 5.24215778 0.0174738593 3.49236641
262 912 5.26131663 0.0175377221 3.48091603
262 912 5.26080116 0.0175360039 3.48091603
262 912 5.26050384 0.0175350128 3.48091603
262 912 5.26030493 0.0175343498 3.48091603
262 912 5.2601715 0.017533905 3.48091603
262 912 5.26008113 0.0175336038 3.48091603
262 912 5.26001929 0.0175333976 3.48091603
261 906 5.21876562 0.0173958854 3.47126437
261 906 5.21852455 0.0173950818 3.47126437
261 906 5.2185723 0.017395241 3.47126437
261 906 5.21866466 0.0173955489 3.47126437
261 906 5.21856861 0.0173952287 3.47126437
261 906 5.21857388 0.0173952463 3.47126437
261 906 5.21857155 0.0173952385 3.47126437
261 906 5.21871228 0.0173957076 3.47126437
261 906 5.21859897 0.0173953299 3.47126437
261 906 5.21859266 0.0173953089 3.47126437
260 902 5.17759162 0.0172586387 3.46923077
260 905 5.15800587 0.0171933529 3.48076923
260 902 5.17765036 0.0172588345 3.46923077
260 902 5.17768238 0.0172589413 3.46923077
260 902 5.17765641 0.0172588547 3.46923077
260 902 5.17767401 0.0172589134 3.46923077
260 902 5.17769013 0.0172589671 3.46923077
260 902 5.1776624 0.0172588747 3.46923077
260 902 5.17767954 0.0172589318 3.46923077
260 902 5.17769546 0.0172589849 3.46923077
259 901 5.13474075 0.0171158025 3.47876448
259 901 5.13466978 0.0171155659 3.47876448
259 901 5.13473162 0.0171157721 3.47876448
259 901 5.13480157 0.0171160052 3.47876448
259 901 5.13486954 0.0171162318 3.47876448
259 901 5.13493081 0.017116436 3.47876448
259 901 5.13498499 0.0171166166 3.47876448
259 901 5.13503231 0.0171167744 3.47876448
259 901 5.13507326 0.0171169109 3.47876448
259 901 5.1351085 0.0171170283 3.47876448
258 892 5.08906932 0.0169635644 3.45736434
258 892 5.08721327 0.0169573776 3.45736434
258 899 5.08937009 0.016964567 3.48449612
258 891 5.09852656 0.0169950885 3.45348837
258 896 5.10294777 0.0170098259 3.47286822
258 896 5.1027409 0.0170091363 3.47286822
258 896 5.10271326 0.0170090442 3.47286822
258 896 5.10254672 0.0170084891 3.47286822
258 896 5.10257164 0.0170085721 3.47286822
258 896 5.10243487 0.0170081162 3.47286822
257 890 5.06058439 0.0168686146 3.46303502
257 888 5.05944373 0.0168648124 3.45525292
256 884 5.03047885 0.0167682628 3.453125
256 884 5.03010009 0.0167670003 3.453125
256 875 5.02628573 0.0167542858 3.41796875
256 876 5.01708953 0.0167236318 3.421875
256 876 5.01686347 0.0167228782 3.421875
256 876 5.01666249 0.0167222083 3.421875
256 876 5.01649021 0.016721634 3.421875
256 876 5.01633583 0.0167211194 3.421875
255 874 4.98915451 0.016630515 3.42745098
255 874 4.98871351 0.016629045 3.42745098
255 874 4.98819459 0.0166273153 3.42745098
255 874 4.98752933 0.0166250978 3.42745098
255 874 4.98652747 0.0166217582 3.42745098
255 874 4.98599861 0.0166199954 3.42745098
255 874 4.98534907 0.0166178302 3.42745098
255 874 4.98434826 0.0166144942 3.42745098
255 874 4.9828922 0.0166096407 3.42745098
255 874 4.98087531 0.0166029177 3.42745098
254 867 4.93747458 0.0164582486 3.41338583
254 867 4.93310477 0.0164436826 3.41338583
254 867 4.92203461 0.016406782 3.41338583
254 867 4.87741024 0.0162580341 3.41338583
254 867 0 0 3.41338583
allocating memory...
allocating memory...
allocating memory...
allocating memory...
allocating memory...
allocating memory...
allocating memory...
allocating memory...
walksat version 35
command line = test -solcnf -cutoff 100000000 -best -seed 1234567 -numsol 10 ./residualformula_seed4.cnf
seed = 1234567
cutoff = 100000000
tries = 10
heuristic = best, noise 50 / 100
tail starts after flip = 900
numatom = 300, numclause = 867, numliterals = 2527
wff read in

    lowest     final       avg     noise     noise     total                 avg        mean        mean
    #unsat    #unsat     noise   std dev     ratio     flips              length       flips       flips
      this      this      this      this      this      this   success   success       until         std
       try       try       try       try       try       try      rate     tries      assign         dev

         0         0      4.45      3.09      1.44      4780       100      4780     4780.00
         0         0      4.66      2.63      1.77      2094       100      3437     3437.00     1899.29
         0         0      4.28      1.87      2.29      1437       100      2770     2770.33     1771.15
         0         0      2.68      1.29      2.09      1426       100      2434     2434.25     1594.72
         0         0      5.12      2.79      1.84      3423       100      2632     2632.00     1450.13
         0         0      8.48      3.80      2.23      4315       100      2912     2912.50     1467.78
         0         0      3.10      1.70      1.83      1532       100      2715     2715.29     1437.90
         0         0      7.13      4.45      1.60      4881       100      2986     2986.00     1535.74
         0         0      7.14      2.88      2.48      2726       100      2957     2957.11     1439.16
         0         0      6.25      3.68      1.70      2532       100      2914     2914.60     1363.50

total elapsed seconds = 0.000000
average flips per second = -9223372036854775808
number solutions found = 10
final success rate = 100.000000
average length successful tries = 2914
mean flips until assign = 2914.600000
  variance = 1859132.044444
  standard deviation = 1363.499925
  standard error of mean = 431.176535
mean seconds until assign = 0.000000
  variance = 0.000000
  standard deviation = 0.000000
  standard error of mean = 0.000000
mean restarts until assign = 1.000000
  variance = 0.000000
  standard deviation = 0.000000
  standard error of mean = 0.000000
final noise level statistics
    statistics over all runs:
      overall mean average noise level = 5.329849
      overall mean noise std deviation = 2.815832
      overall ratio mean noise to mean std dev = 1.892815
    statistics on successful runs:
      successful mean average noise level = 5.329849
      successful mean noise std deviation = 2.815832
      successful ratio mean noise to mean std dev = 1.892815
    statistics on nonsuccessful runs:
      nonsuccessful mean average noise level = 0.000000
      nonsuccessful mean noise std deviation = 0.000000
      nonsuccessful ratio mean noise to mean std dev = 0.000000
ASSIGNMENT FOUND
Check and white a solution
time of whitening    freezing probability
6	 	 	 	1
8	 	 	 	1
9	 	 	 	1
9	 	 	 	1
7	 	 	 	1
7	 	 	 	1
8	 	 	 	1
8	 	 	 	1
5	 	 	 	1
9	 	 	 	1
