START ALGORITHM:
I am going to build an instance with N: 300 variables and 1245 clauses with a clause density equal to 4.15
START BSP WITH r=0.9:
Decimation scorer: pol
END UNIT PROPAGATION
300 1245 3.03196936 0.0101065645 4.15
300 1245 3.03197028 0.0101065676 4.15
300 1245 3.03227207 0.0101075736 4.15
300 1245 3.03279499 0.0101093166 4.15
300 1245 3.03323081 0.0101107694 4.15
300 1245 3.03359722 0.0101119907 4.15
300 1245 3.03374881 0.010112496 4.15
300 1245 3.0337396 0.0101124653 4.15
300 1245 3.03364592 0.0101121531 4.15
299 1232 3.02996589 0.0100998863 4.12040134
299 1232 3.02994846 0.0100998282 4.12040134
299 1232 3.02984235 0.0100994745 4.12040134
299 1232 3.03003846 0.0101001282 4.12040134
299 1232 3.02972894 0.0100990965 4.12040134
299 1232 3.02980964 0.0100993655 4.12040134
299 1232 3.02948852 0.0100982951 4.12040134
299 1232 3.02960509 0.0100986836 4.12040134
299 1232 3.02944745 0.0100981582 4.12040134
299 1232 3.02952329 0.010098411 4.12040134
298 1223 3.01924597 0.0100641532 4.10402685
298 1223 3.01928027 0.0100642676 4.10402685
298 1223 3.01933661 0.0100644554 4.10402685
298 1223 3.01936082 0.0100645361 4.10402685
298 1223 3.01934779 0.0100644926 4.10402685
298 1223 3.01930983 0.0100643661 4.10402685
298 1223 3.01927424 0.0100642475 4.10402685
298 1223 3.01925669 0.010064189 4.10402685
298 1223 3.01926321 0.0100642107 4.10402685
298 1223 3.01928538 0.0100642846 4.10402685
297 1213 3.01057593 0.0100352531 4.08417508
297 1213 3.01042656 0.0100347552 4.08417508
297 1213 3.01043293 0.0100347764 4.08417508
297 1213 3.01027163 0.0100342388 4.08417508
297 1213 3.01013209 0.0100337736 4.08417508
297 1215 3.00776042 0.0100258681 4.09090909
297 1213 3.0099968 0.0100333227 4.08417508
297 1213 3.01012207 0.0100337402 4.08417508
297 1213 3.01027076 0.0100342359 4.08417508
297 1213 3.01039563 0.0100346521 4.08417508
296 1205 2.99918187 0.00999727291 4.07094595
296 1205 2.99934399 0.00999781328 4.07094595
296 1202 2.99586743 0.00998622476 4.06081081
296 1205 2.99926377 0.0099975459 4.07094595
296 1205 2.99909555 0.00999698516 4.07094595
296 1205 2.99910753 0.00999702509 4.07094595
296 1205 2.99902272 0.0099967424 4.07094595
296 1205 2.9992678 0.00999755933 4.07094595
296 1205 2.99938236 0.0099979412 4.07094595
296 1205 2.99940304 0.00999801012 4.07094595
295 1194 2.98582206 0.00995274019 4.04745763
295 1194 2.98587331 0.00995291104 4.04745763
295 1194 2.98594967 0.00995316557 4.04745763
295 1194 2.9859671 0.00995322366 4.04745763
295 1194 2.98590525 0.00995301748 4.04745763
295 1194 2.98582064 0.00995273546 4.04745763
295 1194 2.98575037 0.00995250124 4.04745763
295 1194 2.98572388 0.00995241294 4.04745763
295 1194 2.98574242 0.00995247474 4.04745763
295 1194 2.98578834 0.00995262781 4.04745763
294 1185 2.98212267 0.00994040889 4.03061224
294 1185 2.98186105 0.00993953685 4.03061224
294 1185 2.9813989 0.00993799632 4.03061224
294 1186 2.97230672 0.00990768905 4.03401361
294 1185 2.98164645 0.0099388215 4.03061224
294 1185 2.98246408 0.00994154693 4.03061224
294 1185 2.98265455 0.00994218184 4.03061224
294 1185 2.98215098 0.00994050328 4.03061224
294 1185 2.981872 0.00993957332 4.03061224
294 1185 2.98170191 0.00993900638 4.03061224
293 1177 2.96913403 0.00989711342 4.01706485
293 1177 2.96921892 0.00989739641 4.01706485
293 1177 2.96912594 0.00989708648 4.01706485
293 1177 2.96897146 0.00989657152 4.01706485
293 1177 2.96889144 0.0098963048 4.01706485
293 1177 2.96891693 0.00989638978 4.01706485
293 1177 2.96902244 0.00989674146 4.01706485
293 1177 2.96912013 0.00989706711 4.01706485
293 1177 2.96916339 0.00989721131 4.01706485
293 1177 2.96914855 0.00989716185 4.01706485
292 1169 2.96088526 0.00986961752 4.00342466
292 1169 2.96076139 0.00986920465 4.00342466
292 1171 2.95371557 0.00984571857 4.01027397
292 1167 2.95555843 0.00985186144 3.99657534
292 1167 2.95794978 0.00985983261 3.99657534
292 1171 2.95354132 0.00984513774 4.01027397
292 1171 2.95354264 0.00984514212 4.01027397
292 1171 2.95362565 0.00984541884 4.01027397
292 1171 2.95362973 0.00984543242 4.01027397
292 1171 2.95361255 0.00984537517 4.01027397
291 1161 2.94717665 0.00982392218 3.98969072
291 1161 2.94708956 0.00982363185 3.98969072
291 1161 2.94705068 0.00982350227 3.98969072
291 1161 2.94703005 0.0098234335 3.98969072
291 1161 2.94708993 0.00982363311 3.98969072
291 1161 2.94715056 0.0098238352 3.98969072
291 1161 2.94718517 0.00982395057 3.98969072
291 1161 2.94718555 0.00982395184 3.98969072
291 1161 2.94716523 0.0098238841 3.98969072
291 1161 2.94714332 0.00982381107 3.98969072
290 1153 2.93947219 0.00979824065 3.97586207
290 1153 2.93932568 0.00979775227 3.97586207
290 1150 2.93163893 0.00977212977 3.96551724
290 1153 2.93865934 0.00979553112 3.97586207
290 1150 2.93121869 0.00977072897 3.96551724
290 1150 2.93118964 0.00977063214 3.96551724
290 1150 2.9312013 0.009770671 3.96551724
290 1150 2.9312692 0.00977089735 3.96551724
290 1150 2.93131099 0.00977103665 3.96551724
290 1150 2.93131103 0.00977103676 3.96551724
289 1142 2.92351623 0.00974505411 3.95155709
289 1142 2.92337031 0.0097445677 3.95155709
289 1140 2.91466575 0.00971555249 3.94463668
289 1144 2.91846281 0.00972820935 3.95847751
289 1140 2.91459881 0.00971532936 3.94463668
289 1140 2.91463271 0.00971544236 3.94463668
289 1140 2.91456238 0.00971520793 3.94463668
289 1140 2.9145661 0.00971522034 3.94463668
289 1140 2.91445726 0.00971485752 3.94463668
289 1140 2.9145783 0.00971526101 3.94463668
288 1134 2.90539679 0.00968465598 3.9375
288 1135 2.90912481 0.00969708271 3.94097222
288 1134 2.90532859 0.00968442864 3.9375
288 1134 2.90534791 0.00968449304 3.9375
288 1134 2.90539674 0.00968465581 3.9375
288 1134 2.90542748 0.00968475828 3.9375
288 1134 2.9054193 0.009684731 3.9375
288 1134 2.9054066 0.00968468868 3.9375
288 1134 2.90539758 0.0096846586 3.9375
288 1134 2.90539118 0.00968463728 3.9375
287 1129 2.90121888 0.00967072959 3.93379791
287 1129 2.90119585 0.00967065282 3.93379791
287 1129 2.90117034 0.00967056781 3.93379791
287 1126 2.8977509 0.00965916966 3.92334495
287 1129 2.90118943 0.00967063142 3.93379791
287 1129 2.90121118 0.00967070394 3.93379791
287 1129 2.90122641 0.0096707547 3.93379791
287 1129 2.90122169 0.00967073896 3.93379791
287 1129 2.90121541 0.00967071802 3.93379791
287 1129 2.90120752 0.00967069173 3.93379791
286 1121 2.89369509 0.00964565031 3.91958042
286 1121 2.89371109 0.00964570365 3.91958042
286 1121 2.8936612 0.00964553734 3.91958042
286 1121 2.89360628 0.00964535428 3.91958042
286 1121 2.89363652 0.00964545507 3.91958042
286 1121 2.89365797 0.00964552655 3.91958042
286 1121 2.89369086 0.00964563619 3.91958042
286 1121 2.89372156 0.00964573854 3.91958042
286 1121 2.89371941 0.00964573138 3.91958042
286 1121 2.89371167 0.00964570557 3.91958042
285 1112 2.88440162 0.00961467206 3.90175439
285 1112 2.88437831 0.00961459436 3.90175439
285 1112 2.88440852 0.00961469507 3.90175439
285 1112 2.88443014 0.00961476712 3.90175439
285 1112 2.88439269 0.0096146423 3.90175439
285 1112 2.88438803 0.00961462678 3.90175439
285 1112 2.88439569 0.00961465231 3.90175439
285 1112 2.88440373 0.00961467911 3.90175439
285 1112 2.88440248 0.00961467494 3.90175439
285 1112 2.884398 0.00961466 3.90175439
284 1099 2.87070554 0.00956901846 3.86971831
284 1099 2.87057476 0.00956858252 3.86971831
284 1101 2.86946248 0.00956487492 3.87676056
284 1105 2.87645063 0.00958816877 3.89084507
284 1107 2.88447826 0.00961492754 3.89788732
284 1107 2.88412626 0.00961375421 3.89788732
284 1107 2.8838569 0.00961285633 3.89788732
284 1107 2.88396351 0.00961321169 3.89788732
284 1107 2.88396369 0.00961321231 3.89788732
284 1107 2.88401723 0.00961339076 3.89788732
283 1094 2.87026633 0.00956755442 3.86572438
283 1094 2.87021202 0.00956737339 3.86572438
283 1096 2.869245 0.00956415001 3.87279152
283 1101 2.8723351 0.00957445033 3.89045936
283 1101 2.87231424 0.00957438082 3.89045936
283 1101 2.87247036 0.0095749012 3.89045936
283 1101 2.87252289 0.00957507631 3.89045936
283 1101 2.87248553 0.00957495177 3.89045936
283 1101 2.87244778 0.00957482593 3.89045936
283 1101 2.87243297 0.00957477656 3.89045936
282 1090 2.85987284 0.00953290945 3.86524823
282 1094 2.86881725 0.00956272418 3.87943262
282 1091 2.86434232 0.00954780772 3.86879433
282 1091 2.86436389 0.00954787962 3.86879433
282 1094 2.86887035 0.00956290116 3.87943262
282 1094 2.86892279 0.00956307596 3.87943262
282 1094 2.86889011 0.00956296703 3.87943262
282 1094 2.86884083 0.00956280276 3.87943262
282 1094 2.86881892 0.00956272973 3.87943262
282 1094 2.86882831 0.00956276102 3.87943262
281 1083 2.85697486 0.00952324953 3.85409253
281 1083 2.85680057 0.00952266855 3.85409253
281 1083 2.85676509 0.0095225503 3.85409253
281 1083 2.85690926 0.00952303085 3.85409253
281 1083 2.8569181 0.00952306033 3.85409253
281 1083 2.85685357 0.00952284523 3.85409253
281 1083 2.85683257 0.00952277523 3.85409253
281 1083 2.85682995 0.0095227665 3.85409253
281 1083 2.85684051 0.00952280168 3.85409253
281 1083 2.85685364 0.00952284547 3.85409253
280 1076 2.84722401 0.0094907467 3.84285714
280 1080 2.84580775 0.00948602582 3.85714286
280 1076 2.84723005 0.00949076685 3.84285714
280 1076 2.84724852 0.0094908284 3.84285714
280 1076 2.84728276 0.00949094252 3.84285714
280 1076 2.84727748 0.00949092492 3.84285714
280 1076 2.8472627 0.00949087566 3.84285714
280 1076 2.84725379 0.00949084595 3.84285714
280 1076 2.84724939 0.00949083131 3.84285714
280 1076 2.84724841 0.00949082804 3.84285714
279 1073 2.84077776 0.00946925919 3.84587814
279 1073 2.84079766 0.00946932553 3.84587814
279 1073 2.84087033 0.00946956778 3.84587814
279 1073 2.840885 0.00946961667 3.84587814
279 1073 2.84085459 0.0094695153 3.84587814
279 1073 2.8408439 0.00946947968 3.84587814
279 1073 2.84084658 0.00946948858 3.84587814
279 1073 2.84085226 0.00946950755 3.84587814
279 1073 2.8408571 0.00946952366 3.84587814
279 1073 2.8408568 0.00946952266 3.84587814
278 1061 2.82908327 0.00943027757 3.81654676
278 1061 2.82892857 0.0094297619 3.81654676
278 1066 2.83047443 0.00943491477 3.83453237
278 1066 2.83051309 0.00943504363 3.83453237
278 1066 2.83057901 0.00943526336 3.83453237
278 1066 2.83055007 0.0094351669 3.83453237
278 1066 2.83052107 0.00943507024 3.83453237
278 1066 2.83052066 0.00943506887 3.83453237
278 1066 2.83052627 0.00943508758 3.83453237
278 1066 2.83053273 0.00943510911 3.83453237
277 1054 2.81881589 0.00939605297 3.80505415
277 1054 2.8187199 0.00939573301 3.80505415
277 1054 2.8187483 0.00939582767 3.80505415
277 1054 2.81877174 0.0093959058 3.80505415
277 1054 2.81878324 0.00939594413 3.80505415
277 1054 2.81877511 0.00939591705 3.80505415
277 1054 2.81876917 0.00939589722 3.80505415
277 1054 2.81876647 0.00939588824 3.80505415
277 1054 2.81876539 0.00939588465 3.80505415
277 1054 2.81876597 0.00939588658 3.80505415
276 1044 2.81256244 0.00937520812 3.7826087
276 1044 2.81253064 0.00937510214 3.7826087
276 1044 2.81252334 0.00937507782 3.7826087
276 1044 2.81253563 0.00937511877 3.7826087
276 1044 2.81253218 0.00937510725 3.7826087
276 1044 2.81252782 0.00937509274 3.7826087
276 1044 2.81252665 0.00937508883 3.7826087
276 1044 2.81252693 0.00937508976 3.7826087
276 1044 2.81252825 0.00937509418 3.7826087
276 1044 2.812529 0.00937509666 3.7826087
275 1034 2.80554715 0.00935182385 3.76
275 1035 2.802288 0.00934096002 3.76363636
275 1034 2.80555991 0.00935186636 3.76
275 1034 2.80561214 0.00935204046 3.76
275 1034 2.80561969 0.00935206563 3.76
275 1034 2.80562425 0.00935208085 3.76
275 1034 2.80562368 0.00935207893 3.76
275 1034 2.80562237 0.00935207457 3.76
275 1034 2.80562195 0.00935207317 3.76
275 1034 2.80562217 0.00935207389 3.76
274 1025 2.79571642 0.00931905474 3.74087591
274 1025 2.79541604 0.00931805346 3.74087591
274 1025 2.79546694 0.00931822314 3.74087591
274 1025 2.79560002 0.00931866673 3.74087591
274 1025 2.79564197 0.00931880655 3.74087591
274 1025 2.79567218 0.00931890726 3.74087591
274 1025 2.79559305 0.00931864348 3.74087591
274 1025 2.79560717 0.00931869056 3.74087591
274 1025 2.79555687 0.00931852291 3.74087591
274 1025 2.79560249 0.00931867496 3.74087591
273 1012 2.78040157 0.00926800524 3.70695971
273 1012 2.78054289 0.00926847631 3.70695971
273 1012 2.78049715 0.00926832383 3.70695971
273 1012 2.78046423 0.00926821411 3.70695971
273 1012 2.78047133 0.00926823775 3.70695971
273 1012 2.78049381 0.00926831271 3.70695971
273 1012 2.78050896 0.00926836318 3.70695971
273 1012 2.78050953 0.0092683651 3.70695971
273 1012 2.78050291 0.00926834302 3.70695971
273 1012 2.78049753 0.00926832509 3.70695971
272 1004 2.77865649 0.00926218829 3.69117647
272 1004 2.77860995 0.00926203317 3.69117647
272 1004 2.75610284 0.00918700945 3.69117647
272 1002 2.75599908 0.0091866636 3.68382353
272 1007 2.75189386 0.00917297953 3.70220588
272 1011 2.75161986 0.00917206621 3.71691176
272 1014 2.74950842 0.00916502805 3.72794118
272 1014 2.75161851 0.00917206171 3.72794118
272 1014 2.75148964 0.00917163214 3.72794118
272 1014 2.75151997 0.00917173324 3.72794118
271 1001 2.73841755 0.00912805849 3.69372694
271 1001 2.73837908 0.00912793028 3.69372694
271 1001 2.73841295 0.00912804318 3.69372694
271 1001 2.73844998 0.00912816661 3.69372694
271 1001 2.73842856 0.00912809521 3.69372694
271 1001 2.73841767 0.00912805889 3.69372694
271 1001 2.73841704 0.00912805679 3.69372694
271 1001 2.73841736 0.00912805785 3.69372694
271 1001 2.73842025 0.00912806751 3.69372694
271 1001 2.73842254 0.00912807513 3.69372694
270 991 2.73119813 0.00910399375 3.67037037
270 991 2.73126172 0.00910420575 3.67037037
270 991 2.73127079 0.00910423597 3.67037037
270 991 2.73128613 0.00910428711 3.67037037
270 991 2.73128608 0.00910428692 3.67037037
270 991 2.73128139 0.00910427129 3.67037037
270 991 2.73127877 0.00910426258 3.67037037
270 991 2.73127906 0.00910426354 3.67037037
270 991 2.73128001 0.00910426668 3.67037037
270 991 2.73128072 0.00910426907 3.67037037
269 982 2.72133312 0.00907111041 3.65055762
269 982 2.72126846 0.00907089487 3.65055762
269 982 2.7212603 0.00907086766 3.65055762
269 982 2.72125731 0.00907085771 3.65055762
269 982 2.72126375 0.00907087916 3.65055762
269 982 2.72126534 0.00907088447 3.65055762
269 982 2.72126536 0.00907088452 3.65055762
269 982 2.72126485 0.00907088284 3.65055762
269 982 2.72126445 0.00907088149 3.65055762
269 982 2.72126416 0.00907088053 3.65055762
268 975 2.71974365 0.00906581216 3.6380597
268 975 2.71974846 0.0090658282 3.6380597
268 975 2.71974776 0.00906582587 3.6380597
268 975 2.71974565 0.00906581884 3.6380597
268 975 2.71974539 0.00906581797 3.6380597
268 975 2.71974656 0.00906582185 3.6380597
268 975 2.719748 0.00906582668 3.6380597
268 975 2.71974888 0.00906582961 3.6380597
268 975 2.719749 0.00906583 3.6380597
268 975 2.71974865 0.00906582883 3.6380597
267 967 2.71812692 0.00906042306 3.62172285
267 965 2.71974913 0.00906583043 3.61423221
267 965 2.71975052 0.00906583506 3.61423221
267 965 2.71974822 0.00906582741 3.61423221
267 965 2.71974744 0.00906582481 3.61423221
267 965 2.71974731 0.00906582437 3.61423221
267 965 2.71974743 0.00906582477 3.61423221
267 965 2.71974769 0.00906582562 3.61423221
267 965 2.71974779 0.00906582597 3.61423221
267 965 2.71974783 0.00906582609 3.61423221
266 957 2.71812753 0.00906042511 3.59774436
266 957 2.71811423 0.00906038076 3.59774436
266 957 2.71813835 0.00906046117 3.59774436
266 957 2.71811301 0.00906037669 3.59774436
266 957 2.71813258 0.00906044194 3.59774436
266 957 2.71813354 0.00906044514 3.59774436
266 957 2.71814169 0.00906047229 3.59774436
266 957 2.71814673 0.00906048909 3.59774436
266 957 2.7181465 0.00906048835 3.59774436
266 957 2.71814466 0.00906048221 3.59774436
265 948 2.71370452 0.00904568174 3.57735849
265 951 2.71198163 0.00903993876 3.58867925
265 948 2.71370707 0.00904569024 3.57735849
265 948 2.71370293 0.00904567643 3.57735849
265 948 2.71370614 0.00904568712 3.57735849
265 948 2.71372467 0.0090457489 3.57735849
265 948 2.71373721 0.00904579071 3.57735849
265 948 2.71374258 0.00904580861 3.57735849
265 948 2.7137426 0.00904580868 3.57735849
265 948 2.71373776 0.00904579253 3.57735849
264 942 2.70760164 0.00902533881 3.56818182
264 942 2.70758177 0.00902527257 3.56818182
264 942 2.70757524 0.0090252508 3.56818182
264 942 2.70758342 0.00902527807 3.56818182
264 942 2.70758642 0.00902528808 3.56818182
264 942 2.70758594 0.00902528646 3.56818182
264 942 2.70758414 0.00902528047 3.56818182
264 942 2.70758335 0.00902527785 3.56818182
264 942 2.7075834 0.00902527801 3.56818182
264 942 2.70758364 0.00902527879 3.56818182
263 934 2.70355286 0.00901184285 3.5513308
263 934 2.70282387 0.0090094129 3.5513308
263 934 2.68577207 0.00895257357 3.5513308
263 934 2.68505591 0.00895018636 3.5513308
263 934 2.68514458 0.00895048194 3.5513308
263 934 2.68557532 0.00895191774 3.5513308
263 934 2.68574856 0.00895249522 3.5513308
263 934 2.68570659 0.00895235529 3.5513308
263 934 2.68562983 0.00895209945 3.5513308
263 934 2.68557961 0.00895193204 3.5513308
262 929 2.67279483 0.00890931609 3.54580153
262 929 2.67282815 0.00890942717 3.54580153
262 929 2.67269598 0.00890898661 3.54580153
262 929 2.67270601 0.00890902002 3.54580153
262 929 2.67272947 0.00890909824 3.54580153
262 929 2.6727271 0.00890909032 3.54580153
262 929 2.67272107 0.00890907023 3.54580153
262 929 2.67272001 0.00890906671 3.54580153
262 929 2.67272056 0.00890906854 3.54580153
262 929 2.67272085 0.00890906949 3.54580153
261 921 2.66852449 0.00889508163 3.52873563
261 921 2.66865873 0.0088955291 3.52873563
261 921 2.66883919 0.00889613064 3.52873563
261 921 2.66876285 0.00889587616 3.52873563
261 921 2.66876911 0.00889589702 3.52873563
261 921 2.66877359 0.00889591198 3.52873563
261 921 2.66877189 0.00889590629 3.52873563
261 921 2.66877197 0.00889590655 3.52873563
261 921 2.66877209 0.00889590695 3.52873563
261 921 2.66877205 0.00889590683 3.52873563
260 916 2.64518853 0.0088172951 3.52307692
260 912 2.63299769 0.00877665897 3.50769231
260 915 2.62339707 0.00874465691 3.51923077
260 915 2.62338092 0.00874460306 3.51923077
260 915 2.62334045 0.00874446817 3.51923077
260 915 2.62339494 0.00874464981 3.51923077
260 915 2.62345283 0.00874484277 3.51923077
260 915 2.62346684 0.00874488948 3.51923077
260 915 2.6234603 0.00874486766 3.51923077
260 915 2.62345175 0.00874483918 3.51923077
259 906 2.61471949 0.00871573162 3.4980695
259 909 2.61711086 0.00872370288 3.50965251
259 906 2.61468484 0.00871561613 3.4980695
259 906 2.6146704 0.008715568 3.4980695
259 906 2.61467062 0.00871556874 3.4980695
259 906 2.61467595 0.0087155865 3.4980695
259 906 2.614677 0.00871559 3.4980695
259 906 2.61467603 0.00871558676 3.4980695
259 906 2.61467516 0.00871558388 3.4980695
259 906 2.61467474 0.00871558248 3.4980695
258 900 2.60884108 0.00869613692 3.48837209
258 900 2.60882248 0.00869607495 3.48837209
258 900 2.60881938 0.00869606459 3.48837209
258 900 2.60881801 0.00869606003 3.48837209
258 900 2.60881718 0.00869605725 3.48837209
258 900 2.60881652 0.00869605506 3.48837209
258 900 2.60881658 0.00869605528 3.48837209
258 900 2.60881679 0.00869605596 3.48837209
258 900 2.60881692 0.0086960564 3.48837209
258 900 2.60881695 0.00869605652 3.48837209
257 892 2.60604708 0.00868682359 3.47081712
257 892 2.60604022 0.00868680075 3.47081712
257 892 2.60604584 0.00868681946 3.47081712
257 892 2.60612888 0.00868709628 3.47081712
257 892 2.60609242 0.00868697473 3.47081712
257 892 2.60612037 0.00868706789 3.47081712
257 892 2.6060802 0.008686934 3.47081712
257 892 2.60611749 0.0086870583 3.47081712
257 892 2.60608233 0.0086869411 3.47081712
257 892 2.60611862 0.00868706206 3.47081712
256 886 2.58721094 0.00862403646 3.4609375
255 879 2.58281154 0.00860937181 3.44705882
255 879 2.58268131 0.00860893771 3.44705882
255 879 2.58252376 0.00860841254 3.44705882
255 879 2.58247939 0.00860826463 3.44705882
255 879 2.58250429 0.00860834762 3.44705882
255 879 2.58253601 0.00860845335 3.44705882
255 879 2.58255182 0.00860850607 3.44705882
255 879 2.58255415 0.00860851384 3.44705882
255 879 2.58255237 0.0086085079 3.44705882
254 871 2.58031985 0.00860106615 3.42913386
254 871 2.58039657 0.00860132188 3.42913386
254 871 2.5803251 0.00860108367 3.42913386
254 871 2.58045303 0.00860151011 3.42913386
254 871 2.58034029 0.0086011343 3.42913386
254 871 2.58045008 0.00860150028 3.42913386
254 871 2.58033813 0.00860112712 3.42913386
254 871 2.58044927 0.00860149757 3.42913386
254 871 2.58033823 0.00860112744 3.42913386
254 871 2.58044958 0.0086014986 3.42913386
253 865 2.5690586 0.00856352868 3.41897233
253 865 2.56910717 0.00856369057 3.41897233
253 865 2.56922627 0.00856408756 3.41897233
253 865 2.56915842 0.00856386139 3.41897233
253 865 2.56915989 0.0085638663 3.41897233
253 865 2.56914817 0.00856382725 3.41897233
253 865 2.56915745 0.00856385815 3.41897233
253 865 2.56916332 0.00856387775 3.41897233
253 865 2.56916769 0.0085638923 3.41897233
253 865 2.56916914 0.00856389715 3.41897233
252 861 2.5535731 0.00851191032 3.41666667
252 859 2.54951078 0.00849836927 3.40873016
252 861 2.55382173 0.00851273911 3.41666667
252 861 2.55391092 0.00851303639 3.41666667
252 861 2.55382682 0.00851275606 3.41666667
252 861 2.55380144 0.00851267145 3.41666667
252 861 2.55380418 0.00851268061 3.41666667
252 861 2.55380818 0.00851269393 3.41666667
252 861 2.55380877 0.0085126959 3.41666667
252 861 2.55380841 0.00851269469 3.41666667
251 855 2.5338753 0.00844625099 3.4063745
251 855 2.53351657 0.00844505524 3.4063745
251 855 2.53349013 0.0084449671 3.4063745
251 855 2.53350713 0.00844502375 3.4063745
251 855 2.53352097 0.00844506991 3.4063745
251 855 2.53352292 0.00844507639 3.4063745
251 855 2.53352219 0.00844507396 3.4063745
251 855 2.53352124 0.00844507082 3.4063745
251 855 2.53352064 0.00844506881 3.4063745
251 855 2.53352043 0.00844506809 3.4063745
250 848 2.52970412 0.00843234707 3.392
250 848 2.52967233 0.00843224112 3.392
250 848 2.52968378 0.00843227928 3.392
250 848 2.52970065 0.00843233552 3.392
250 848 2.52970715 0.00843235718 3.392
250 848 2.52970795 0.00843235985 3.392
250 848 2.52970728 0.00843235761 3.392
250 848 2.52970657 0.00843235523 3.392
250 848 2.52970619 0.00843235398 3.392
250 848 2.52970608 0.00843235359 3.392
249 838 2.52392561 0.00841308538 3.36546185
249 839 2.51562368 0.00838541225 3.36947791
249 838 2.52393577 0.00841311922 3.36546185
249 838 2.52395337 0.00841317789 3.36546185
249 838 2.5239531 0.008413177 3.36546185
249 838 2.52395069 0.00841316898 3.36546185
249 838 2.52395039 0.00841316798 3.36546185
249 838 2.5239503 0.00841316768 3.36546185
249 838 2.5239503 0.00841316767 3.36546185
249 838 2.5239503 0.00841316768 3.36546185
248 829 2.51076268 0.00836920895 3.34274194
248 829 2.51072126 0.00836907087 3.34274194
248 829 2.51064152 0.00836880507 3.34274194
248 829 2.5105253 0.00836841766 3.34274194
248 829 2.51070712 0.00836902372 3.34274194
248 829 2.5106053 0.00836868432 3.34274194
248 829 2.51073459 0.0083691153 3.34274194
248 829 2.51061013 0.00836870043 3.34274194
248 829 2.51073316 0.00836911054 3.34274194
248 829 2.5106088 0.00836869601 3.34274194
247 826 2.50002957 0.00833343189 3.34412955
247 826 2.50005512 0.00833351705 3.34412955
247 826 2.49979043 0.00833263477 3.34412955
247 820 2.48775677 0.00829252258 3.31983806
247 820 2.48778128 0.00829260425 3.31983806
247 820 2.48781515 0.00829271716 3.31983806
247 820 2.48786551 0.00829288504 3.31983806
247 820 2.48780683 0.00829268942 3.31983806
247 820 2.48781619 0.00829272065 3.31983806
247 820 2.48781841 0.00829272804 3.31983806
246 812 2.48317774 0.00827725914 3.30081301
246 812 2.483156 0.00827718667 3.30081301
246 817 2.47748674 0.00825828914 3.32113821
246 817 2.47729631 0.00825765436 3.32113821
246 817 2.4773906 0.00825796868 3.32113821
246 817 2.47852795 0.00826175982 3.32113821
246 817 2.47771675 0.00825905583 3.32113821
246 817 2.47757161 0.00825857204 3.32113821
246 817 2.47749862 0.00825832873 3.32113821
246 817 2.47742934 0.00825809779 3.32113821
245 812 2.464348 0.00821449334 3.31428571
245 808 2.4446631 0.00814887701 3.29795918
245 809 2.4736799 0.00824559966 3.30204082
245 809 2.47428175 0.00824760584 3.30204082
245 809 2.47321278 0.00824404259 3.30204082
245 809 2.47291853 0.00824306177 3.30204082
245 809 2.47290668 0.00824302226 3.30204082
245 809 2.47277555 0.00824258518 3.30204082
245 809 2.47281992 0.00824273305 3.30204082
245 809 2.47284853 0.00824282844 3.30204082
244 803 2.4383061 0.00812768699 3.29098361
244 808 2.4550152 0.008183384 3.31147541
244 808 2.45521783 0.00818405944 3.31147541
244 808 2.45533525 0.00818445084 3.31147541
244 808 2.45529937 0.00818433123 3.31147541
244 808 2.45531898 0.0081843966 3.31147541
244 808 2.45529105 0.00818430349 3.31147541
244 808 2.45531807 0.00818439355 3.31147541
244 808 2.45529115 0.00818430384 3.31147541
244 808 2.45531812 0.00818439372 3.31147541
243 799 2.42771887 0.00809239623 3.28806584
243 803 2.40708758 0.00802362527 3.30452675
243 799 2.38544985 0.00795149951 3.28806584
243 797 2.38295356 0.00794317854 3.27983539
243 800 2.38092834 0.0079364278 3.29218107
243 800 2.38106299 0.00793687663 3.29218107
243 800 2.38106161 0.00793687203 3.29218107
243 800 2.38112564 0.00793708548 3.29218107
243 800 2.38119854 0.00793732846 3.29218107
243 800 2.38127445 0.0079375815 3.29218107
242 791 2.35046032 0.00783486775 3.26859504
242 791 2.34945353 0.00783151178 3.26859504
242 791 2.34869793 0.0078289931 3.26859504
242 791 2.34787618 0.00782625394 3.26859504
242 791 2.34678744 0.00782262481 3.26859504
242 791 2.34499598 0.00781665328 3.26859504
242 791 2.34121892 0.00780406306 3.26859504
242 791 2.33016812 0.00776722706 3.26859504
242 791 0 0 3.26859504
allocating memory...
allocating memory...
allocating memory...
allocating memory...
allocating memory...
allocating memory...
allocating memory...
walksat version 35
command line = test -solcnf -cutoff 100000000 -best -seed 1234567 -numsol 10 ./residualformula_seed4.cnf
seed = 1234567
cutoff = 100000000
tries = 10
heuristic = best, noise 50 / 100
tail starts after flip = 900
numatom = 300, numclause = 791, numliterals = 2221
wff read in

    lowest     final       avg     noise     noise     total                 avg        mean        mean
    #unsat    #unsat     noise   std dev     ratio     flips              length       flips       flips
      this      this      this      this      this      this   success   success       until         std
       try       try       try       try       try       try      rate     tries      assign         dev

         0         0      4.50      1.97      2.29      1850       100      1850     1850.00
         0         0      1.85      1.32      1.40      1192       100      1521     1521.00      465.28
         0         0      3.06      2.11      1.45      2133       100      1725     1725.00      482.79
         0         0      0.00      0.00      0.00       375       100      1387     1387.50      781.68
         0         0      0.00      0.00      0.00       692       100      1248     1248.40      744.99
         0         0      3.32      1.96      1.69      2443       100      1447     1447.50      825.74
         0         0      0.00      0.00      0.00       696       100      1340     1340.14      805.54
         0         0      2.18      2.21      0.99      1229       100      1326     1326.25      746.82
         0         0      2.86      2.17      1.32      1710       100      1368     1368.89      710.20
         0         0      4.96      2.39      2.07      1212       100      1353     1353.20      671.42

total elapsed seconds = 0.000000
average flips per second = -9223372036854775808
number solutions found = 10
final success rate = 100.000000
average length successful tries = 1353
mean flips until assign = 1353.200000
  variance = 450798.844444
  standard deviation = 671.415553
  standard error of mean = 212.320240
mean seconds until assign = 0.000000
  variance = 0.000000
  standard deviation = 0.000000
  standard error of mean = 0.000000
mean restarts until assign = 1.000000
  variance = 0.000000
  standard deviation = 0.000000
  standard error of mean = 0.000000
final noise level statistics
    statistics over all runs:
      overall mean average noise level = 3.247112
      overall mean noise std deviation = 2.017787
      overall ratio mean noise to mean std dev = 1.609244
    statistics on successful runs:
      successful mean average noise level = 3.247112
      successful mean noise std deviation = 2.017787
      successful ratio mean noise to mean std dev = 1.609244
    statistics on nonsuccessful runs:
      nonsuccessful mean average noise level = 0.000000
      nonsuccessful mean noise std deviation = 0.000000
      nonsuccessful ratio mean noise to mean std dev = 0.000000
ASSIGNMENT FOUND
Check and white a solution
time of whitening    freezing probability
7	 	 	 	1
7	 	 	 	1
8	 	 	 	1
6	 	 	 	1
7	 	 	 	1
9	 	 	 	1
8	 	 	 	1
8	 	 	 	1
7	 	 	 	1
7	 	 	 	1
