START ALGORITHM:
I am going to build an instance with N: 300 variables and 1245 clauses with a clause density equal to 4.15
START BSP WITH r=0.9:
Decimation scorer: cert
END UNIT PROPAGATION
300 1245 1.92963742 0.00643212475 4.15
300 1245 1.92942592 0.00643141972 4.15
300 1245 1.92926263 0.00643087543 4.15
300 1245 1.92935738 0.00643119127 4.15
300 1245 1.92937314 0.0064312438 4.15
300 1245 1.9293795 0.006431265 4.15
300 1245 1.92939432 0.00643131441 4.15
300 1245 1.92937107 0.00643123689 4.15
300 1245 1.92938922 0.0064312974 4.15
299 1240 1.92937069 0.00643123564 4.14715719
299 1240 1.9293856 0.00643128532 4.14715719
299 1240 1.9293842 0.00643128066 4.14715719
299 1240 1.9293788 0.00643126268 4.14715719
299 1240 1.92939034 0.00643130113 4.14715719
299 1240 1.92938235 0.00643127451 4.14715719
299 1240 1.92938417 0.00643128056 4.14715719
299 1240 1.92938605 0.00643128682 4.14715719
299 1240 1.92938113 0.00643127043 4.14715719
299 1240 1.92938579 0.00643128595 4.14715719
298 1234 1.92938204 0.00643127347 4.1409396
298 1234 1.92938566 0.00643128552 4.1409396
298 1234 1.92938328 0.00643127761 4.1409396
298 1234 1.92938372 0.00643127906 4.1409396
298 1234 1.92938482 0.00643128273 4.1409396
298 1234 1.92938307 0.0064312769 4.1409396
298 1234 1.92938442 0.0064312814 4.1409396
298 1234 1.92938401 0.00643128005 4.1409396
298 1234 1.92938356 0.00643127854 4.1409396
298 1234 1.92938442 0.00643128139 4.1409396
297 1229 1.92938379 0.0064312793 4.13804714
297 1229 1.9293837 0.00643127899 4.13804714
297 1229 1.92938399 0.00643127996 4.13804714
297 1229 1.9293841 0.00643128033 4.13804714
297 1229 1.92938401 0.00643128004 4.13804714
297 1229 1.92938391 0.00643127971 4.13804714
297 1229 1.92938401 0.00643128004 4.13804714
297 1229 1.92938406 0.00643128019 4.13804714
297 1229 1.92938401 0.00643128003 4.13804714
297 1229 1.92938401 0.00643128003 4.13804714
296 1226 1.92926429 0.00643088098 4.14189189
296 1226 1.9292653 0.00643088435 4.14189189
296 1226 1.92926272 0.00643087575 4.14189189
296 1226 1.92926286 0.00643087619 4.14189189
296 1226 1.9292628 0.006430876 4.14189189
296 1226 1.92926291 0.00643087637 4.14189189
296 1226 1.92926282 0.00643087607 4.14189189
296 1226 1.9292642 0.00643088066 4.14189189
296 1226 1.92926464 0.00643088212 4.14189189
296 1226 1.92926542 0.00643088473 4.14189189
295 1222 1.92778931 0.00642596436 4.14237288
295 1222 1.92779016 0.0064259672 4.14237288
295 1222 1.92778313 0.00642594375 4.14237288
295 1222 1.92778177 0.00642593925 4.14237288
295 1222 1.92778246 0.00642594155 4.14237288
295 1222 1.92778221 0.00642594071 4.14237288
295 1222 1.92778339 0.00642594464 4.14237288
295 1222 1.9277838 0.00642594599 4.14237288
295 1222 1.92778412 0.00642594707 4.14237288
295 1222 1.92778423 0.00642594744 4.14237288
294 1214 1.92555322 0.00641851074 4.1292517
294 1214 1.92557112 0.00641857042 4.1292517
294 1214 1.92557249 0.00641857496 4.1292517
294 1214 1.92555718 0.00641852395 4.1292517
294 1214 1.9255468 0.00641848933 4.1292517
294 1214 1.92555217 0.00641850722 4.1292517
294 1214 1.92555838 0.00641852794 4.1292517
294 1214 1.92556528 0.00641855092 4.1292517
294 1214 1.92556902 0.00641856338 4.1292517
294 1214 1.92557092 0.00641856973 4.1292517
293 1204 1.92273644 0.00640912148 4.10921502
293 1204 1.92273169 0.00640910565 4.10921502
293 1204 1.9227338 0.00640911266 4.10921502
293 1204 1.92273623 0.00640912078 4.10921502
293 1204 1.922735 0.00640911666 4.10921502
293 1204 1.9227343 0.00640911435 4.10921502
293 1204 1.92273508 0.00640911694 4.10921502
293 1204 1.92273137 0.00640910457 4.10921502
293 1204 1.92273506 0.00640911686 4.10921502
293 1204 1.92273601 0.00640912004 4.10921502
292 1191 1.91952052 0.00639840174 4.07876712
292 1191 1.91950121 0.00639833736 4.07876712
292 1191 1.9194987 0.006398329 4.07876712
292 1191 1.91949937 0.00639833123 4.07876712
292 1191 1.91950754 0.00639835847 4.07876712
292 1191 1.91951594 0.00639838648 4.07876712
292 1191 1.9195213 0.00639840434 4.07876712
292 1191 1.91952349 0.00639841162 4.07876712
292 1191 1.91952325 0.00639841084 4.07876712
292 1191 1.91952186 0.0063984062 4.07876712
291 1180 1.91615527 0.00638718425 4.05498282
291 1180 1.91612425 0.00638708085 4.05498282
291 1180 1.91615846 0.00638719486 4.05498282
291 1180 1.91615194 0.00638717314 4.05498282
291 1180 1.91612929 0.00638709763 4.05498282
291 1180 1.91610787 0.00638702623 4.05498282
291 1180 1.91614648 0.00638715494 4.05498282
291 1180 1.91617326 0.0063872442 4.05498282
291 1180 1.91614222 0.00638714072 4.05498282
291 1180 1.91610421 0.00638701405 4.05498282
290 1170 1.9123048 0.00637434935 4.03448276
290 1170 1.9122788 0.00637426266 4.03448276
290 1170 1.91230484 0.00637434947 4.03448276
290 1170 1.91229697 0.00637432323 4.03448276
290 1170 1.91228475 0.00637428251 4.03448276
290 1170 1.91227645 0.00637425485 4.03448276
290 1170 1.9122705 0.006374235 4.03448276
290 1170 1.91226902 0.00637423008 4.03448276
290 1170 1.91227067 0.00637423556 4.03448276
290 1170 1.91227346 0.00637424486 4.03448276
289 1163 1.90773412 0.00635911374 4.02422145
289 1163 1.90777752 0.00635925838 4.02422145
289 1163 1.9077486 0.006359162 4.02422145
289 1163 1.90773972 0.00635913239 4.02422145
289 1163 1.90775714 0.00635919045 4.02422145
289 1163 1.90777783 0.00635925943 4.02422145
289 1163 1.90779513 0.00635931709 4.02422145
289 1163 1.90779805 0.00635932682 4.02422145
289 1163 1.90779523 0.00635931744 4.02422145
289 1163 1.90780071 0.00635933569 4.02422145
288 1159 1.9021021 0.00634034032 4.02430556
288 1160 1.90158031 0.00633860103 4.02777778
288 1159 1.90204762 0.00634015872 4.02430556
288 1159 1.90210055 0.00634033518 4.02430556
288 1159 1.9020959 0.00634031967 4.02430556
288 1159 1.90207011 0.00634023371 4.02430556
288 1159 1.90204732 0.00634015774 4.02430556
288 1159 1.90203581 0.00634011936 4.02430556
288 1159 1.90203453 0.00634011511 4.02430556
288 1159 1.90203598 0.00634011992 4.02430556
287 1156 1.89678802 0.00632262674 4.02787456
287 1156 1.89678004 0.00632260013 4.02787456
287 1156 1.89682638 0.00632275459 4.02787456
287 1156 1.89676852 0.00632256173 4.02787456
287 1156 1.8967436 0.00632247867 4.02787456
287 1156 1.89675451 0.00632251504 4.02787456
287 1156 1.89675243 0.00632250811 4.02787456
287 1156 1.896742 0.00632247335 4.02787456
287 1156 1.89673095 0.00632243649 4.02787456
287 1156 1.89673647 0.0063224549 4.02787456
286 1147 1.89104092 0.00630346974 4.01048951
286 1147 1.89106323 0.0063035441 4.01048951
286 1147 1.89105368 0.00630351228 4.01048951
286 1147 1.89107034 0.0063035678 4.01048951
286 1147 1.89109241 0.00630364138 4.01048951
286 1147 1.89107579 0.00630358598 4.01048951
286 1147 1.89106532 0.00630355107 4.01048951
286 1147 1.89106146 0.0063035382 4.01048951
286 1147 1.89105959 0.00630353198 4.01048951
286 1147 1.8910592 0.00630353068 4.01048951
285 1135 1.88517693 0.00628392312 3.98245614
285 1135 1.88518621 0.00628395403 3.98245614
285 1135 1.88514325 0.00628381082 3.98245614
285 1135 1.8852421 0.00628414035 3.98245614
285 1135 1.88515902 0.0062838634 3.98245614
285 1135 1.88517849 0.0062839283 3.98245614
285 1135 1.88523108 0.0062841036 3.98245614
285 1135 1.88518568 0.00628395225 3.98245614
285 1135 1.88518824 0.00628396079 3.98245614
285 1135 1.88524032 0.0062841344 3.98245614
284 1126 1.87854372 0.00626181239 3.96478873
284 1126 1.8785458 0.00626181934 3.96478873
284 1126 1.87852138 0.00626173792 3.96478873
284 1126 1.87852541 0.00626175135 3.96478873
284 1126 1.87853319 0.00626177729 3.96478873
284 1126 1.87852754 0.00626175846 3.96478873
284 1126 1.87852778 0.00626175926 3.96478873
284 1126 1.87853297 0.00626177658 3.96478873
284 1126 1.87853557 0.00626178524 3.96478873
284 1126 1.87853636 0.00626178785 3.96478873
283 1118 1.87184616 0.0062394872 3.95053004
283 1118 1.87188996 0.0062396332 3.95053004
283 1118 1.87187452 0.00623958174 3.95053004
283 1118 1.87188081 0.0062396027 3.95053004
283 1118 1.8718733 0.00623957766 3.95053004
283 1118 1.87186906 0.00623956352 3.95053004
283 1118 1.87186912 0.00623956373 3.95053004
283 1118 1.87187062 0.00623956874 3.95053004
283 1118 1.87186959 0.00623956529 3.95053004
283 1118 1.87186949 0.00623956497 3.95053004
282 1105 1.86450088 0.00621500293 3.91843972
282 1105 1.86458386 0.00621527954 3.91843972
282 1105 1.86459492 0.00621531639 3.91843972
282 1105 1.86466765 0.00621555883 3.91843972
282 1105 1.86467357 0.00621557855 3.91843972
282 1105 1.86469139 0.00621563797 3.91843972
282 1105 1.86468924 0.00621563081 3.91843972
282 1105 1.86467006 0.00621556686 3.91843972
282 1105 1.86467375 0.00621557916 3.91843972
282 1105 1.86467586 0.0062155862 3.91843972
281 1096 1.85676606 0.00618922019 3.90035587
281 1096 1.85668617 0.00618895391 3.90035587
281 1096 1.85664788 0.00618882625 3.90035587
281 1096 1.85668268 0.00618894227 3.90035587
281 1096 1.85674225 0.00618914082 3.90035587
281 1096 1.8565264 0.00618842133 3.90035587
281 1096 1.85634351 0.00618781169 3.90035587
281 1096 1.85679729 0.0061893243 3.90035587
281 1096 1.85668448 0.00618894828 3.90035587
281 1096 1.85645946 0.00618819819 3.90035587
280 1087 1.84779629 0.00615932096 3.88214286
280 1087 1.84785607 0.00615952023 3.88214286
280 1087 1.84806912 0.00616023039 3.88214286
280 1090 1.84595945 0.00615319816 3.89285714
280 1087 1.84792084 0.00615973612 3.88214286
280 1087 1.84787767 0.00615959223 3.88214286
280 1087 1.84795784 0.00615985946 3.88214286
280 1087 1.84799733 0.0061599911 3.88214286
280 1087 1.84796175 0.00615987251 3.88214286
280 1087 1.84793904 0.0061597968 3.88214286
279 1081 1.83940481 0.00613134936 3.87455197
279 1081 1.83941296 0.00613137653 3.87455197
279 1080 1.83914818 0.00613049394 3.87096774
279 1081 1.83951008 0.00613170028 3.87455197
279 1081 1.83955524 0.00613185079 3.87455197
279 1081 1.83957865 0.00613192883 3.87455197
279 1081 1.83943891 0.00613146305 3.87455197
279 1081 1.83930656 0.00613102188 3.87455197
279 1081 1.83927421 0.00613091404 3.87455197
279 1081 1.8392327 0.00613077567 3.87455197
278 1074 1.83066884 0.00610222946 3.86330935
278 1074 1.83091291 0.00610304302 3.86330935
278 1074 1.83093019 0.00610310065 3.86330935
278 1074 1.83096291 0.00610320968 3.86330935
278 1074 1.83092395 0.00610307983 3.86330935
278 1074 1.83090866 0.00610302888 3.86330935
278 1074 1.83091079 0.00610303595 3.86330935
278 1074 1.83091583 0.00610305276 3.86330935
278 1074 1.83092119 0.00610307063 3.86330935
278 1074 1.83092745 0.00610309149 3.86330935
277 1064 1.82157665 0.00607192216 3.84115523
277 1064 1.82159369 0.00607197896 3.84115523
277 1064 1.82162327 0.00607207756 3.84115523
277 1064 1.82161964 0.00607206546 3.84115523
277 1064 1.82162356 0.00607207854 3.84115523
277 1064 1.82147997 0.00607159992 3.84115523
277 1064 1.82156095 0.00607186984 3.84115523
277 1064 1.82159875 0.00607199583 3.84115523
277 1064 1.82152684 0.00607175613 3.84115523
277 1064 1.82149591 0.00607165304 3.84115523
276 1057 1.81183951 0.00603946505 3.82971014
276 1057 1.81192913 0.00603976377 3.82971014
276 1057 1.81194523 0.00603981742 3.82971014
276 1057 1.81193559 0.00603978531 3.82971014
276 1057 1.81195345 0.00603984483 3.82971014
276 1057 1.81197241 0.00603990802 3.82971014
276 1057 1.81197363 0.0060399121 3.82971014
276 1057 1.81195793 0.00603985976 3.82971014
276 1057 1.81193929 0.00603979764 3.82971014
276 1057 1.81192331 0.00603974435 3.82971014
275 1049 1.80204674 0.00600682246 3.81454545
275 1049 1.80204346 0.00600681154 3.81454545
275 1049 1.80220346 0.00600734487 3.81454545
275 1049 1.80186089 0.00600620298 3.81454545
275 1049 1.80248473 0.00600828244 3.81454545
275 1049 1.80203544 0.00600678481 3.81454545
275 1049 1.8018993 0.00600633099 3.81454545
275 1049 1.80183331 0.00600611102 3.81454545
275 1049 1.80172221 0.00600574069 3.81454545
275 1049 1.8024717 0.00600823901 3.81454545
274 1041 1.79185676 0.00597285587 3.79927007
274 1041 1.79174121 0.0059724707 3.79927007
274 1041 1.79194329 0.00597314431 3.79927007
274 1041 1.79196235 0.00597320784 3.79927007
274 1041 1.79190779 0.00597302598 3.79927007
274 1041 1.79183318 0.00597277727 3.79927007
274 1041 1.79178301 0.00597261002 3.79927007
274 1041 1.79176678 0.00597255594 3.79927007
274 1041 1.79177159 0.00597257195 3.79927007
274 1041 1.79178671 0.00597262235 3.79927007
273 1035 1.78120393 0.00593734642 3.79120879
273 1035 1.78116652 0.00593722175 3.79120879
273 1035 1.78112256 0.0059370752 3.79120879
273 1035 1.78111504 0.00593705014 3.79120879
273 1035 1.78105604 0.00593685347 3.79120879
273 1035 1.78106367 0.00593687891 3.79120879
273 1035 1.78106503 0.00593688343 3.79120879
273 1035 1.78106978 0.00593689928 3.79120879
273 1035 1.78106183 0.00593687276 3.79120879
273 1035 1.78106038 0.00593686794 3.79120879
272 1032 1.7701787 0.00590059567 3.79411765
272 1024 1.76945594 0.00589818648 3.76470588
272 1027 1.77172448 0.00590574825 3.77573529
272 1027 1.77171246 0.00590570821 3.77573529
272 1027 1.77175374 0.0059058458 3.77573529
272 1027 1.77174478 0.00590581593 3.77573529
272 1027 1.77169469 0.00590564898 3.77573529
272 1027 1.77165682 0.00590552274 3.77573529
272 1027 1.77164611 0.00590548703 3.77573529
272 1027 1.77164374 0.00590547914 3.77573529
271 1021 1.76126031 0.00587086769 3.76752768
271 1021 1.76109703 0.00587032342 3.76752768
271 1021 1.76142923 0.00587143075 3.76752768
271 1021 1.76146638 0.0058715546 3.76752768
271 1021 1.76142619 0.00587142062 3.76752768
271 1021 1.76134354 0.00587114513 3.76752768
271 1021 1.76131353 0.00587104509 3.76752768
271 1021 1.76130105 0.00587100352 3.76752768
271 1021 1.76130374 0.00587101246 3.76752768
271 1021 1.76131434 0.0058710478 3.76752768
270 1012 1.74976076 0.00583253586 3.74814815
270 1014 1.7471296 0.00582376534 3.75555556
270 1012 1.74965098 0.00583216992 3.74814815
270 1012 1.74971208 0.00583237359 3.74814815
270 1012 1.74974265 0.0058324755 3.74814815
270 1012 1.74973644 0.00583245479 3.74814815
270 1012 1.74971006 0.00583236685 3.74814815
270 1012 1.74968363 0.00583227878 3.74814815
270 1012 1.74967112 0.00583223708 3.74814815
270 1012 1.74966558 0.0058322186 3.74814815
269 1005 1.73912387 0.00579707957 3.73605948
269 1005 1.73911133 0.00579703777 3.73605948
269 1005 1.73922662 0.00579742207 3.73605948
269 1005 1.73944169 0.00579813896 3.73605948
269 1005 1.73963351 0.00579877837 3.73605948
269 1005 1.7397029 0.00579900966 3.73605948
269 1005 1.73967348 0.00579891159 3.73605948
269 1005 1.73959987 0.00579866622 3.73605948
269 1005 1.7395274 0.00579842468 3.73605948
269 1005 1.73947808 0.00579826027 3.73605948
268 998 1.72762283 0.00575874277 3.7238806
267 989 1.72655424 0.00575518079 3.70411985
267 989 1.72630089 0.0057543363 3.70411985
267 989 1.72623677 0.00575412257 3.70411985
267 989 1.72628915 0.00575429716 3.70411985
267 989 1.72637124 0.0057545708 3.70411985
267 989 1.7263916 0.00575463866 3.70411985
267 989 1.72638352 0.00575461173 3.70411985
267 989 1.72636409 0.00575454698 3.70411985
267 989 1.72634679 0.0057544893 3.70411985
266 983 1.71458662 0.00571528875 3.69548872
266 983 1.7147482 0.00571582734 3.69548872
266 983 1.71455361 0.00571517872 3.69548872
266 983 1.71458572 0.00571528574 3.69548872
266 983 1.71459844 0.00571532812 3.69548872
266 983 1.71460502 0.00571535006 3.69548872
266 983 1.71459187 0.00571530623 3.69548872
266 983 1.7145856 0.00571528532 3.69548872
266 983 1.71458992 0.00571529972 3.69548872
266 983 1.71459322 0.00571531075 3.69548872
265 977 1.70262484 0.00567541614 3.68679245
265 977 1.70245442 0.00567484807 3.68679245
265 977 1.71086163 0.0057028721 3.68679245
265 975 1.71017521 0.00570058404 3.67924528
265 977 1.71078111 0.0057026037 3.68679245
265 977 1.71057067 0.00570190223 3.68679245
265 977 1.71073457 0.00570244858 3.68679245
265 977 1.71077213 0.00570257375 3.68679245
265 977 1.71081562 0.00570271873 3.68679245
265 977 1.71083306 0.00570277685 3.68679245
264 968 1.70034821 0.00566782735 3.66666667
264 968 1.70022972 0.00566743239 3.66666667
264 968 1.70023639 0.00566745465 3.66666667
264 968 1.70025299 0.00566750996 3.66666667
264 968 1.70032137 0.00566773788 3.66666667
264 968 1.70029905 0.00566766351 3.66666667
264 968 1.70029547 0.00566765156 3.66666667
264 968 1.70029993 0.00566766644 3.66666667
264 968 1.70030185 0.00566767282 3.66666667
264 968 1.70029559 0.00566765197 3.66666667
263 962 1.68948274 0.00563160912 3.65779468
263 962 1.6896111 0.005632037 3.65779468
263 962 1.68970066 0.00563233553 3.65779468
263 962 1.68974782 0.00563249273 3.65779468
263 962 1.68982509 0.00563275029 3.65779468
263 962 1.68983758 0.00563279192 3.65779468
263 962 1.68985729 0.00563285763 3.65779468
263 962 1.68986545 0.00563288485 3.65779468
263 962 1.68985988 0.00563286627 3.65779468
263 962 1.68985692 0.00563285641 3.65779468
262 953 1.67652307 0.00558841025 3.63740458
262 955 1.67534074 0.00558446913 3.64503817
262 952 1.67863912 0.00559546374 3.63358779
262 955 1.67782653 0.00559275511 3.64503817
262 952 1.67582185 0.00558607284 3.63358779
262 952 1.67866793 0.00559555977 3.63358779
262 952 1.67855794 0.00559519314 3.63358779
262 952 1.67859889 0.00559532963 3.63358779
262 952 1.67857746 0.0055952582 3.63358779
262 952 1.67878456 0.00559594852 3.63358779
261 946 1.6683017 0.00556100565 3.62452107
261 946 1.66828585 0.00556095284 3.62452107
261 946 1.66835365 0.00556117882 3.62452107
261 946 1.66835448 0.0055611816 3.62452107
261 946 1.66835759 0.00556119197 3.62452107
261 946 1.66835664 0.00556118878 3.62452107
261 946 1.66835951 0.00556119836 3.62452107
261 946 1.66835803 0.00556119343 3.62452107
261 946 1.66835866 0.00556119554 3.62452107
261 946 1.66835838 0.00556119459 3.62452107
260 942 1.65566074 0.00551886914 3.62307692
259 935 1.65115215 0.00550384051 3.61003861
259 935 1.65116718 0.0055038906 3.61003861
259 935 1.65111039 0.00550370129 3.61003861
259 935 1.65105597 0.00550351989 3.61003861
259 935 1.65101071 0.00550336903 3.61003861
259 935 1.65110819 0.00550369395 3.61003861
259 935 1.65109961 0.00550366538 3.61003861
259 935 1.65106815 0.00550356051 3.61003861
259 935 1.65103185 0.00550343951 3.61003861
258 928 1.63720404 0.00545734681 3.59689922
258 928 1.63710903 0.0054570301 3.59689922
258 928 1.63723109 0.00545743697 3.59689922
258 928 1.63746037 0.00545820123 3.59689922
258 928 1.63739308 0.00545797693 3.59689922
258 928 1.63742825 0.00545809418 3.59689922
258 928 1.63743567 0.00545811891 3.59689922
258 928 1.63743353 0.00545811178 3.59689922
258 928 1.63743933 0.00545813109 3.59689922
258 928 1.6374343 0.00545811432 3.59689922
257 926 1.62256421 0.00540854736 3.60311284
257 926 1.62273021 0.00540910071 3.60311284
257 926 1.62287929 0.00540959764 3.60311284
257 926 1.62289421 0.00540964737 3.60311284
257 926 1.62285343 0.00540951143 3.60311284
257 926 1.62272535 0.00540908449 3.60311284
257 926 1.62258005 0.00540860018 3.60311284
257 926 1.62248438 0.00540828128 3.60311284
257 926 1.62244606 0.00540815352 3.60311284
257 926 1.62244503 0.00540815009 3.60311284
256 917 1.60743953 0.00535813176 3.58203125
256 923 1.606847 0.00535615667 3.60546875
256 916 1.60938524 0.00536461747 3.578125
256 916 1.60956156 0.0053652052 3.578125
256 916 1.60932677 0.00536442257 3.578125
256 916 1.60908686 0.00536362287 3.578125
256 916 1.60922002 0.00536406675 3.578125
256 916 1.60914762 0.00536382541 3.578125
256 916 1.60936378 0.00536454593 3.578125
256 916 1.60917001 0.00536390003 3.578125
255 908 1.59445352 0.00531484506 3.56078431
255 908 1.59467482 0.00531558272 3.56078431
255 908 1.59477369 0.00531591229 3.56078431
255 908 1.5945851 0.00531528367 3.56078431
255 908 1.5946866 0.00531562199 3.56078431
255 908 1.594648 0.00531549335 3.56078431
255 908 1.5946498 0.00531549933 3.56078431
255 908 1.59464248 0.00531547495 3.56078431
255 908 1.59466123 0.00531553744 3.56078431
255 908 1.59465847 0.00531552822 3.56078431
254 902 1.57952046 0.0052650682 3.5511811
254 902 1.57937322 0.00526457739 3.5511811
254 903 1.57890564 0.00526301879 3.55511811
254 903 1.58495762 0.00528319206 3.55511811
254 899 1.57906985 0.00526356616 3.53937008
254 897 1.58562822 0.00528542739 3.53149606
254 901 1.58636085 0.00528786949 3.54724409
254 897 1.58544212 0.00528480708 3.53149606
254 897 1.58545329 0.0052848443 3.53149606
254 897 1.58542163 0.00528473875 3.53149606
253 894 1.57330121 0.00524433735 3.53359684
253 894 1.57346068 0.00524486892 3.53359684
253 894 1.57357579 0.00524525263 3.53359684
253 894 1.57350785 0.00524502617 3.53359684
253 894 1.57369733 0.00524565778 3.53359684
253 894 1.57347483 0.0052449161 3.53359684
253 894 1.57349022 0.00524496741 3.53359684
253 894 1.57354629 0.00524515432 3.53359684
253 894 1.57352846 0.00524509488 3.53359684
253 894 1.57351588 0.00524505295 3.53359684
252 888 1.55997822 0.00519992739 3.52380952
252 888 1.55981682 0.00519938939 3.52380952
252 892 1.5599713 0.00519990434 3.53968254
252 892 1.5601343 0.00520044767 3.53968254
252 892 1.56007015 0.00520023384 3.53968254
252 892 1.56010645 0.00520035485 3.53968254
252 892 1.56008462 0.00520028208 3.53968254
252 892 1.56009508 0.00520031695 3.53968254
252 892 1.56009319 0.00520031062 3.53968254
252 892 1.56009311 0.00520031038 3.53968254
251 886 1.54635449 0.00515451496 3.52988048
251 886 1.54616769 0.00515389229 3.52988048
251 886 1.54602585 0.00515341951 3.52988048
251 886 1.5460846 0.00515361533 3.52988048
251 886 1.54607442 0.00515358141 3.52988048
251 886 1.5462173 0.00515405766 3.52988048
251 886 1.54591489 0.00515304963 3.52988048
251 886 1.5458823 0.00515294101 3.52988048
251 886 1.54592447 0.00515308156 3.52988048
251 886 1.54580126 0.00515267086 3.52988048
250 878 1.53117825 0.00510392751 3.512
250 878 1.5310884 0.005103628 3.512
250 878 1.53103183 0.00510343942 3.512
250 878 1.53140258 0.00510467526 3.512
250 878 1.53158588 0.00510528627 3.512
250 878 1.53158162 0.00510527207 3.512
250 878 1.53153709 0.00510512364 3.512
250 878 1.53143109 0.00510477031 3.512
250 878 1.53139674 0.00510465579 3.512
250 878 1.5313729 0.00510457635 3.512
249 874 1.51588239 0.0050529413 3.51004016
249 874 1.51594152 0.00505313841 3.51004016
249 874 1.51579423 0.00505264742 3.51004016
249 874 1.51579703 0.00505265678 3.51004016
249 874 1.51582124 0.00505273746 3.51004016
249 874 1.51583154 0.00505277181 3.51004016
249 874 1.51582762 0.00505275873 3.51004016
249 874 1.51581772 0.00505272574 3.51004016
249 874 1.51582138 0.00505273794 3.51004016
249 874 1.5158247 0.00505274899 3.51004016
248 870 1.49989369 0.00499964563 3.50806452
248 870 1.49986613 0.00499955378 3.50806452
248 868 1.49998284 0.00499994279 3.5
248 868 1.50020059 0.00500066862 3.5
248 870 1.49995383 0.00499984609 3.50806452
248 868 1.50015283 0.00500050942 3.5
248 868 1.50022545 0.00500075151 3.5
248 868 1.49992713 0.00499975709 3.5
248 868 1.49991808 0.00499972693 3.5
248 868 1.50001078 0.00500003594 3.5
247 864 1.48432918 0.00494776394 3.49797571
247 864 1.48443967 0.00494813222 3.49797571
247 864 1.48457462 0.00494858207 3.49797571
247 864 1.48455049 0.00494850162 3.49797571
247 864 1.48454455 0.00494848182 3.49797571
247 864 1.48444972 0.00494816572 3.49797571
247 864 1.48438476 0.0049479492 3.49797571
247 864 1.48437692 0.00494792307 3.49797571
247 864 1.48450148 0.00494833827 3.49797571
247 864 1.48459105 0.00494863685 3.49797571
246 858 1.46805945 0.00489353152 3.48780488
246 855 1.46799643 0.00489332144 3.47560976
246 855 1.46814279 0.00489380929 3.47560976
246 855 1.46814785 0.00489382616 3.47560976
246 855 1.46814331 0.00489381105 3.47560976
246 855 1.46812667 0.00489375558 3.47560976
246 855 1.46812599 0.00489375329 3.47560976
246 855 1.46812135 0.00489373782 3.47560976
246 855 1.46812033 0.00489373442 3.47560976
246 855 1.46811981 0.00489373269 3.47560976
245 849 1.45177338 0.00483924462 3.46530612
245 847 1.45082131 0.00483607102 3.45714286
245 849 1.45164992 0.00483883307 3.46530612
245 849 1.45197508 0.00483991694 3.46530612
245 849 1.45170201 0.00483900669 3.46530612
245 849 1.45146888 0.0048382296 3.46530612
245 849 1.45213266 0.00484044221 3.46530612
245 849 1.45169408 0.00483898028 3.46530612
245 849 1.45146531 0.00483821771 3.46530612
245 849 1.45211949 0.00484039831 3.46530612
244 842 1.43600543 0.00478668477 3.45081967
244 841 1.42903097 0.00476343657 3.44672131
244 843 1.43886795 0.0047962265 3.45491803
243 838 1.42411418 0.00474704727 3.44855967
243 834 1.42091293 0.00473637644 3.43209877
243 838 1.42438162 0.00474793875 3.44855967
243 838 1.42427599 0.00474758662 3.44855967
243 838 1.42423975 0.00474746583 3.44855967
243 838 1.42423432 0.00474744775 3.44855967
243 838 1.42436269 0.00474787565 3.44855967
242 829 1.40790441 0.00469301469 3.42561983
242 828 1.4085492 0.00469516401 3.4214876
242 829 1.40284039 0.00467613463 3.42561983
242 823 1.40545184 0.00468483948 3.40082645
242 828 1.40857579 0.00469525262 3.4214876
242 828 1.40878145 0.00469593818 3.4214876
242 828 1.40866371 0.0046955457 3.4214876
242 828 1.40866908 0.00469556359 3.4214876
242 828 1.40856019 0.00469520065 3.4214876
242 828 1.4087017 0.00469567233 3.4214876
241 819 1.39362636 0.00464542121 3.39834025
241 819 1.39345639 0.00464485463 3.39834025
241 819 1.39343656 0.00464478854 3.39834025
241 819 1.39343715 0.0046447905 3.39834025
241 819 1.39339159 0.00464463863 3.39834025
241 819 1.39338408 0.00464461359 3.39834025
241 819 1.39338234 0.0046446078 3.39834025
241 819 1.39337939 0.00464459796 3.39834025
241 819 1.39337845 0.00464459483 3.39834025
241 819 1.39337826 0.00464459419 3.39834025
240 810 1.3771172 0.00459039067 3.375
240 810 1.3770388 0.00459012932 3.375
240 810 1.3772465 0.00459082168 3.375
240 810 1.3764457 0.00458815234 3.375
240 810 1.37695605 0.00458985351 3.375
240 810 1.37728394 0.00459094647 3.375
240 810 1.37739622 0.00459132073 3.375
240 810 1.3774668 0.004591556 3.375
240 810 1.37750585 0.00459168618 3.375
240 810 1.37750771 0.00459169236 3.375
239 801 1.36132545 0.00453775149 3.35146444
239 801 1.36092907 0.00453643022 3.35146444
239 801 1.360797 0.00453599001 3.35146444
239 801 1.36063583 0.00453545278 3.35146444
239 801 1.36082179 0.00453607265 3.35146444
239 801 1.36076114 0.00453587046 3.35146444
239 801 1.36078682 0.00453595607 3.35146444
239 801 1.36075003 0.00453583345 3.35146444
239 801 1.36072277 0.00453574256 3.35146444
239 801 1.36078544 0.00453595148 3.35146444
238 797 1.34396281 0.00447987605 3.3487395
238 792 1.34431919 0.00448106396 3.32773109
238 798 1.34457263 0.00448190878 3.35294118
238 798 1.34418096 0.00448060321 3.35294118
238 795 1.34342218 0.00447807394 3.34033613
238 801 1.34151657 0.00447172191 3.36554622
238 798 1.34447314 0.00448157712 3.35294118
238 798 1.34400899 0.00448002998 3.35294118
238 798 1.34412765 0.00448042551 3.35294118
238 798 1.34421643 0.00448072145 3.35294118
237 792 1.32831888 0.0044277296 3.34177215
237 792 1.32842727 0.00442809089 3.34177215
237 793 1.32750398 0.00442501327 3.34599156
237 792 1.32845273 0.00442817577 3.34177215
237 797 1.32541583 0.00441805275 3.3628692
237 792 1.328183 0.00442727667 3.34177215
237 792 1.32198736 0.00440662454 3.34177215
237 792 1.32829543 0.00442765142 3.34177215
237 792 1.32816915 0.00442723051 3.34177215
237 792 1.32827284 0.00442757615 3.34177215
236 783 1.31248337 0.00437494457 3.31779661
236 783 1.31210249 0.00437367496 3.31779661
236 783 1.31220366 0.0043740122 3.31779661
236 783 1.31241239 0.00437470796 3.31779661
236 783 1.31200968 0.00437336559 3.31779661
236 783 1.31229254 0.00437430846 3.31779661
236 783 1.31248162 0.00437493872 3.31779661
236 783 1.31249496 0.0043749832 3.31779661
236 783 1.31239992 0.00437466639 3.31779661
236 783 1.31226819 0.00437422729 3.31779661
235 779 1.29705335 0.00432351116 3.31489362
235 779 1.29626965 0.00432089883 3.31489362
235 779 1.29663695 0.00432212317 3.31489362
235 779 1.29695648 0.00432318827 3.31489362
235 779 1.29712067 0.00432373558 3.31489362
235 779 1.29717305 0.00432391018 3.31489362
235 779 1.29718154 0.00432393846 3.31489362
235 779 1.29719035 0.00432396783 3.31489362
235 779 1.29719285 0.00432397618 3.31489362
235 779 1.29719406 0.00432398019 3.31489362
234 774 1.28149445 0.00427164817 3.30769231
234 774 1.2812281 0.00427076033 3.30769231
234 774 1.28095548 0.00426985159 3.30769231
234 774 1.28122411 0.00427074705 3.30769231
234 774 1.28122456 0.00427074853 3.30769231
234 774 1.28124682 0.00427082272 3.30769231
234 774 1.28125066 0.00427083552 3.30769231
234 774 1.2812534 0.00427084468 3.30769231
234 774 1.28125742 0.00427085807 3.30769231
234 774 1.28125869 0.0042708623 3.30769231
233 769 1.2652909 0.00421763634 3.30042918
233 769 1.26514258 0.00421714194 3.30042918
233 768 1.26441193 0.00421470643 3.29613734
233 767 1.26417171 0.0042139057 3.29184549
233 766 1.2642843 0.00421428098 3.28755365
233 763 1.26474931 0.00421583102 3.27467811
233 767 1.26538208 0.00421794026 3.29184549
233 766 1.26223522 0.00420745074 3.28755365
233 768 1.2599392 0.00419979733 3.29613734
233 769 1.26194509 0.00420648365 3.30042918
232 763 1.25171278 0.00417237595 3.2887931
232 762 1.24451856 0.00414839519 3.28448276
232 759 1.23835639 0.00412785462 3.27155172
232 762 1.2454873 0.00415162434 3.28448276
232 761 1.2498898 0.00416629932 3.28017241
232 763 1.24642739 0.00415475797 3.2887931
232 760 1.24598059 0.00415326862 3.27586207
232 761 1.25053816 0.00416846053 3.28017241
232 760 1.24974095 0.00416580316 3.27586207
232 763 1.25205566 0.00417351887 3.2887931
231 754 1.23839106 0.0041279702 3.26406926
231 754 1.23841357 0.00412804522 3.26406926
231 754 1.23821904 0.00412739681 3.26406926
231 754 1.23827433 0.0041275811 3.26406926
231 754 1.23833056 0.00412776852 3.26406926
231 754 1.23828574 0.00412761913 3.26406926
231 754 1.23831529 0.00412771763 3.26406926
231 754 1.23830689 0.00412768963 3.26406926
231 754 1.23832447 0.00412774823 3.26406926
231 754 1.2383281 0.00412776035 3.26406926
230 749 1.22408652 0.00408028839 3.25652174
230 749 1.22425373 0.00408084576 3.25652174
230 749 1.22416835 0.00408056117 3.25652174
230 753 1.22426425 0.00408088085 3.27391304
230 749 1.2224101 0.00407470035 3.25652174
230 753 1.21654563 0.00405515211 3.27391304
230 748 1.22347099 0.00407823663 3.25217391
230 747 1.21582051 0.00405273504 3.24782609
230 753 1.22435472 0.00408118239 3.27391304
230 746 1.22363892 0.00407879639 3.24347826
229 744 1.21154073 0.00403846912 3.2489083
229 744 1.21128506 0.00403761688 3.2489083
229 744 1.21156049 0.00403853497 3.2489083
229 744 1.21152487 0.00403841623 3.2489083
229 744 1.21150788 0.00403835961 3.2489083
229 744 1.21149899 0.00403832996 3.2489083
229 744 1.21150691 0.00403835636 3.2489083
229 744 1.21150494 0.0040383498 3.2489083
229 744 1.21150385 0.00403834618 3.2489083
229 744 1.21150309 0.00403834363 3.2489083
228 740 1.1956924 0.00398564134 3.24561404
228 738 1.18776578 0.00395921927 3.23684211
228 740 1.19581358 0.00398604527 3.24561404
228 740 1.19574404 0.00398581348 3.24561404
228 740 1.19577409 0.00398591364 3.24561404
228 740 1.19579994 0.00398599979 3.24561404
228 740 1.19582513 0.00398608377 3.24561404
228 740 1.195829 0.00398609668 3.24561404
228 740 1.19582627 0.00398608758 3.24561404
228 740 1.1958222 0.00398607401 3.24561404
227 734 1.18136886 0.0039378962 3.23348018
227 734 1.18131288 0.0039377096 3.23348018
227 734 1.18115404 0.00393718014 3.23348018
227 734 1.18120272 0.00393734239 3.23348018
227 734 1.18097948 0.00393659826 3.23348018
227 734 1.18130007 0.00393766689 3.23348018
227 734 1.18137261 0.00393790871 3.23348018
227 734 1.18103472 0.00393678239 3.23348018
227 734 1.18100368 0.00393667892 3.23348018
227 734 1.18104022 0.00393680074 3.23348018
226 728 1.16555245 0.00388517485 3.22123894
226 728 1.16533223 0.00388444078 3.22123894
226 728 1.16543667 0.00388478891 3.22123894
226 728 1.16530072 0.00388433574 3.22123894
226 728 1.16525827 0.00388419424 3.22123894
226 728 1.16524898 0.00388416326 3.22123894
226 728 1.16527368 0.00388424562 3.22123894
226 728 1.16527815 0.0038842605 3.22123894
226 728 1.16526944 0.00388423146 3.22123894
226 728 1.16526807 0.00388422689 3.22123894
225 724 1.1498029 0.00383267632 3.21777778
225 724 1.14999075 0.00383330251 3.21777778
225 724 1.15003853 0.00383346175 3.21777778
225 724 1.14841557 0.0038280519 3.21777778
225 724 1.15003664 0.00383345547 3.21777778
225 724 1.15001594 0.00383338647 3.21777778
225 726 1.14819291 0.0038273097 3.22666667
225 724 1.15004416 0.00383348052 3.21777778
225 724 1.15004612 0.00383348706 3.21777778
225 724 1.14985823 0.00383286077 3.21777778
224 718 1.13412745 0.00378042483 3.20535714
224 718 1.13392787 0.00377975955 3.20535714
224 718 1.13356554 0.0037785518 3.20535714
224 720 1.13373062 0.00377910207 3.21428571
224 718 1.13296725 0.00377655751 3.20535714
224 720 1.13286506 0.00377621686 3.21428571
224 718 1.13414299 0.00378047663 3.20535714
224 718 1.13429924 0.00378099747 3.20535714
224 718 1.13402736 0.00378009121 3.20535714
224 718 1.13414407 0.00378048022 3.20535714
223 714 1.11859286 0.00372864287 3.20179372
223 714 1.11872214 0.0037290738 3.20179372
223 714 1.11872423 0.00372908077 3.20179372
223 714 1.11859663 0.00372865544 3.20179372
223 714 1.11863935 0.00372879783 3.20179372
223 714 1.11861965 0.00372873217 3.20179372
223 714 1.11889987 0.00372966625 3.20179372
223 714 1.11889908 0.0037296636 3.20179372
223 714 1.11868162 0.00372893873 3.20179372
223 714 1.11889321 0.00372964402 3.20179372
222 708 1.10329015 0.00367763383 3.18918919
222 707 1.09757302 0.00365857673 3.18468468
222 707 1.10265762 0.00367552541 3.18468468
222 704 1.08867987 0.0036289329 3.17117117
222 708 1.103489 0.00367829668 3.18918919
222 708 1.10342195 0.00367807318 3.18918919
222 705 1.10305189 0.00367683963 3.17567568
222 705 1.10332606 0.00367775353 3.17567568
222 707 1.10201951 0.00367339837 3.18468468
222 708 1.10392785 0.0036797595 3.18918919
221 701 1.08880528 0.00362935094 3.1719457
221 701 1.08884712 0.0036294904 3.1719457
221 701 1.08886784 0.00362955946 3.1719457
221 701 1.08903993 0.00363013311 3.1719457
221 703 1.08765236 0.00362550786 3.18099548
221 703 1.08817069 0.00362723562 3.18099548
221 704 1.08950079 0.00363166931 3.18552036
221 702 1.08749789 0.00362499295 3.17647059
221 706 1.08987984 0.00363293281 3.19457014
221 708 1.09078536 0.0036359512 3.20361991
220 701 1.08337469 0.00361124896 3.18636364
220 701 1.0802398 0.00360079932 3.18636364
219 697 1.07110985 0.00357036617 3.1826484
218 690 1.06172056 0.00353906855 3.16513761
218 692 1.05966647 0.00353222155 3.17431193
218 689 1.05941339 0.00353137798 3.16055046
218 685 1.05837565 0.00352791882 3.14220183
218 690 1.05286463 0.00350954876 3.16513761
218 689 1.05042024 0.0035014008 3.16055046
218 689 1.06221452 0.00354071506 3.16055046
217 685 1.05221217 0.00350737389 3.15668203
217 684 1.04403997 0.00348013325 3.15207373
217 687 1.0483456 0.00349448534 3.16589862
217 686 1.04777059 0.00349256863 3.16129032
217 685 1.04738721 0.00349129071 3.15668203
217 686 1.05414439 0.00351381464 3.16129032
217 684 1.04502489 0.00348341629 3.15207373
217 686 1.04677298 0.00348924325 3.16129032
217 684 1.04731589 0.00349105297 3.15207373
216 680 1.04380179 0.00347933931 3.14814815
215 672 1.03356547 0.00344521822 3.1255814
215 673 1.03087342 0.00343624474 3.13023256
215 668 1.03139951 0.00343799838 3.10697674
215 671 1.02983006 0.00343276686 3.12093023
215 672 1.03449749 0.00344832498 3.1255814
215 669 1.02955695 0.0034318565 3.11162791
215 670 1.02683049 0.00342276831 3.11627907
215 674 1.03309535 0.00344365116 3.13488372
215 670 1.02873069 0.0034291023 3.11627907
215 673 1.02491339 0.00341637798 3.13023256
214 666 1.02465411 0.00341551372 3.11214953
214 666 1.02459291 0.00341530971 3.11214953
214 666 1.02432225 0.00341440748 3.11214953
214 666 1.02467691 0.00341558969 3.11214953
214 666 1.02465169 0.00341550563 3.11214953
214 666 1.02461466 0.00341538219 3.11214953
214 666 1.02451483 0.00341504944 3.11214953
214 666 1.02438795 0.00341462651 3.11214953
214 666 1.02467654 0.00341558845 3.11214953
214 666 1.02424807 0.00341416023 3.11214953
213 660 1.01387117 0.00337957057 3.09859155
213 660 1.01372015 0.00337906715 3.09859155
213 660 1.01354399 0.00337847996 3.09859155
213 660 1.01387306 0.00337957687 3.09859155
213 660 1.01360896 0.00337869653 3.09859155
213 660 1.01363484 0.00337878279 3.09859155
213 662 1.01369499 0.00337898331 3.10798122
213 660 1.01096834 0.00336989448 3.09859155
213 662 1.01366421 0.00337888069 3.10798122
213 662 1.013658 0.00337886002 3.10798122
212 656 1.003273 0.00334424333 3.09433962
212 656 1.00342399 0.00334474665 3.09433962
212 656 1.01005528 0.00336685095 3.09433962
212 658 1.00839285 0.0033613095 3.10377358
211 652 1.00603649 0.00335345498 3.09004739
211 653 1.00110169 0.00333700564 3.09478673
211 653 1.00585778 0.00335285927 3.09478673
210 646 0.996780858 0.00332260286 3.07619048
210 646 0.996940861 0.0033231362 3.07619048
210 646 0.996777421 0.0033225914 3.07619048
209 640 0.987119179 0.00329039726 3.06220096
209 640 0.987031786 0.00329010595 3.06220096
209 640 0.987088368 0.00329029456 3.06220096
209 640 0.987155798 0.00329051933 3.06220096
209 640 0.986753824 0.00328917941 3.06220096
209 640 0.987270966 0.00329090322 3.06220096
209 640 0.987016186 0.00329005395 3.06220096
209 640 0.987358362 0.00329119454 3.06220096
209 640 0.987471489 0.00329157163 3.06220096
209 640 0.987200631 0.00329066877 3.06220096
208 637 0.976790391 0.00325596797 3.0625
208 634 0.976108905 0.00325369635 3.04807692
208 637 0.977109132 0.00325703044 3.0625
208 637 0.976673528 0.00325557843 3.0625
208 637 0.972691071 0.00324230357 3.0625
208 637 0.97664564 0.00325548547 3.0625
208 637 0.976511931 0.00325503977 3.0625
208 637 0.977405066 0.00325801689 3.0625
208 637 0.97723972 0.00325746573 3.0625
208 637 0.976977059 0.0032565902 3.0625
207 631 0.966924254 0.00322308085 3.04830918
207 631 0.966951305 0.00322317102 3.04830918
207 630 0.966613065 0.00322204355 3.04347826
207 632 0.958535826 0.00319511942 3.0531401
207 632 0.964746744 0.00321582248 3.0531401
207 632 0.962292869 0.0032076429 3.0531401
206 625 0.958483688 0.00319494563 3.03398058
205 619 0.949293468 0.00316431156 3.0195122
205 619 0.949059765 0.00316353255 3.0195122
205 622 0.945330251 0.00315110084 3.03414634
204 616 0.939420912 0.00313140304 3.01960784
204 618 0.933323914 0.00311107971 3.02941176
204 613 0.939720586 0.00313240195 3.00490196
203 610 0.931827963 0.00310609321 3.00492611
203 610 0.931572579 0.00310524193 3.00492611
203 610 0.931676804 0.00310558935 3.00492611
203 610 0.931653771 0.00310551257 3.00492611
203 610 0.931619807 0.00310539936 3.00492611
203 610 0.931615197 0.00310538399 3.00492611
203 610 0.93160822 0.00310536073 3.00492611
202 603 0.91998251 0.00306660837 2.98514851
202 603 0.918231677 0.00306077226 2.98514851
202 606 0.92702895 0.0030900965 3
202 607 0.923484914 0.00307828305 3.0049505
202 608 0.924687094 0.00308229031 3.00990099
202 606 0.925571031 0.00308523677 3
201 600 0.918424307 0.00306141436 2.98507463
201 596 0.911873696 0.00303957899 2.96517413
201 599 0.916069603 0.00305356534 2.9800995
201 599 0.9157514 0.00305250467 2.9800995
200 593 0.909961081 0.0030332036 2.965
200 593 0.910085933 0.00303361978 2.965
200 593 0.910107427 0.00303369142 2.965
200 593 0.91009845 0.0030336615 2.965
200 593 0.910091605 0.00303363868 2.965
200 593 0.910096291 0.0030336543 2.965
200 593 0.910111277 0.00303370426 2.965
200 593 0.910113207 0.00303371069 2.965
200 593 0.910109481 0.00303369827 2.965
200 593 0.910106376 0.00303368792 2.965
199 591 0.898860238 0.00299620079 2.96984925
199 584 0.897919213 0.00299306404 2.93467337
198 582 0.892076666 0.00297358889 2.93939394
198 582 0.891896834 0.00297298945 2.93939394
198 582 0.892086978 0.00297362326 2.93939394
198 582 0.892073297 0.00297357766 2.93939394
198 582 0.892189206 0.00297396402 2.93939394
198 582 0.892335102 0.00297445034 2.93939394
198 582 0.892391091 0.00297463697 2.93939394
198 582 0.892331234 0.00297443745 2.93939394
197 576 0.880914149 0.0029363805 2.92385787
196 572 0.878912542 0.00292970847 2.91836735
196 573 0.885688308 0.00295229436 2.92346939
195 567 0.878968645 0.00292989548 2.90769231
195 567 0.879151582 0.00293050527 2.90769231
195 567 0.878985714 0.00292995238 2.90769231
195 567 0.878943272 0.00292981091 2.90769231
195 567 0.879200498 0.00293066833 2.90769231
195 567 0.879315393 0.00293105131 2.90769231
195 567 0.879117027 0.00293039009 2.90769231
194 561 0.868268259 0.00289422753 2.89175258
194 563 0.866967946 0.00288989315 2.90206186
194 564 0.873886389 0.00291295463 2.90721649
194 568 0.877835512 0.00292611837 2.92783505
194 568 0.88144793 0.00293815977 2.92783505
194 569 0.875164236 0.00291721412 2.93298969
194 566 0.876891468 0.00292297156 2.91752577
194 566 0.87884082 0.0029294694 2.91752577
193 562 0.87449173 0.00291497243 2.9119171
193 562 0.867962006 0.00289320669 2.9119171
192 555 0.866691429 0.00288897143 2.890625
192 555 0.866814745 0.00288938248 2.890625
192 555 0.86673363 0.0028891121 2.890625
192 555 0.866672485 0.00288890828 2.890625
192 555 0.866910822 0.00288970274 2.890625
192 555 0.867034058 0.00289011353 2.890625
192 555 0.866864599 0.00288954866 2.890625
192 555 0.866412734 0.00288804245 2.890625
192 555 0.866957033 0.00288985678 2.890625
192 555 0.866972197 0.00288990732 2.890625
191 549 0.856186473 0.00285395491 2.87434555
191 549 0.856023515 0.00285341172 2.87434555
191 549 0.85604041 0.00285346803 2.87434555
191 549 0.856120222 0.00285373407 2.87434555
191 549 0.856122042 0.00285374014 2.87434555
191 549 0.856106129 0.0028536871 2.87434555
191 549 0.856095729 0.00285365243 2.87434555
191 549 0.856092131 0.00285364044 2.87434555
191 549 0.856092951 0.00285364317 2.87434555
191 549 0.856094142 0.00285364714 2.87434555
190 544 0.847050395 0.00282350132 2.86315789
189 541 0.844560131 0.00281520044 2.86243386
189 541 0.844567201 0.002815224 2.86243386
189 541 0.844548525 0.00281516175 2.86243386
189 541 0.844750774 0.00281583591 2.86243386
189 541 0.844657784 0.00281552595 2.86243386
189 541 0.844564458 0.00281521486 2.86243386
189 541 0.84483378 0.0028161126 2.86243386
189 541 0.844719765 0.00281573255 2.86243386
189 541 0.844594665 0.00281531555 2.86243386
188 538 0.831684386 0.00277228129 2.86170213
188 538 0.831362166 0.00277120722 2.86170213
188 537 0.829815473 0.00276605158 2.85638298
187 531 0.820807304 0.00273602435 2.83957219
187 532 0.82581088 0.00275270293 2.84491979
186 526 0.817851655 0.00272617218 2.82795699
186 526 0.81778373 0.00272594577 2.82795699
186 526 0.817672746 0.00272557582 2.82795699
186 526 0.817591222 0.00272530407 2.82795699
186 526 0.817658023 0.00272552674 2.82795699
185 522 0.80800569 0.0026933523 2.82162162
184 513 0.802832143 0.00267610714 2.78804348
184 513 0.802930686 0.00267643562 2.78804348
184 513 0.802880094 0.00267626698 2.78804348
184 513 0.803231658 0.00267743886 2.78804348
184 513 0.802938595 0.00267646198 2.78804348
184 513 0.802991466 0.00267663822 2.78804348
184 513 0.802917518 0.00267639173 2.78804348
184 513 0.802821777 0.00267607259 2.78804348
184 513 0.802945296 0.00267648432 2.78804348
183 510 0.792605209 0.00264201736 2.78688525
183 510 0.792456022 0.00264152007 2.78688525
183 510 0.792486003 0.00264162001 2.78688525
183 510 0.792740731 0.0026424691 2.78688525
183 510 0.792748194 0.00264249398 2.78688525
183 510 0.79234088 0.00264113627 2.78688525
183 510 0.792306334 0.00264102111 2.78688525
183 510 0.792586501 0.002641955 2.78688525
183 510 0.79242445 0.00264141483 2.78688525
183 510 0.792412516 0.00264137505 2.78688525
182 502 0.779814004 0.00259938001 2.75824176
182 507 0.775549383 0.00258516461 2.78571429
182 502 0.781313501 0.00260437834 2.75824176
181 497 0.774728934 0.00258242978 2.74585635
181 495 0.774224096 0.00258074699 2.73480663
181 502 0.777043817 0.00259014606 2.77348066
181 500 0.775447475 0.00258482492 2.76243094
181 499 0.773948732 0.00257982911 2.75690608
181 496 0.773924197 0.00257974732 2.74033149
181 500 0.781510654 0.00260503551 2.76243094
180 494 0.773731563 0.00257910521 2.74444444
180 494 0.775089827 0.00258363276 2.74444444
180 494 0.774066603 0.00258022201 2.74444444
180 494 0.775069537 0.00258356512 2.74444444
180 494 0.775638145 0.00258546048 2.74444444
180 494 0.773963633 0.00257987878 2.74444444
180 494 0.775661927 0.00258553976 2.74444444
180 494 0.776012053 0.00258670684 2.74444444
SP does not find any fixed points -> SP does not converge.
I am sorry I quit :(
