START ALGORITHM:
I am going to build an instance with N: 300 variables and 1245 clauses with a clause density equal to 4.15
START BSP WITH r=0.9:
Decimation scorer: gamma:0.01
END UNIT PROPAGATION
300 1245 1.38774508 0.00462581693 4.15
300 1245 1.38539792 0.00461799307 4.15
300 1245 1.38660797 0.00462202657 4.15
300 1245 1.38552523 0.00461841742 4.15
300 1245 1.38577036 0.00461923452 4.15
300 1245 1.3866838 0.00462227932 4.15
300 1245 1.38679823 0.00462266075 4.15
300 1245 1.38612761 0.00462042537 4.15
300 1245 1.38582896 0.00461942986 4.15
299 1237 1.3865631 0.004621877 4.13712375
299 1237 1.38613123 0.00462043742 4.13712375
299 1237 1.38648163 0.00462160543 4.13712375
299 1237 1.38566783 0.00461889276 4.13712375
299 1237 1.38640886 0.00462136288 4.13712375
299 1237 1.38618244 0.00462060815 4.13712375
299 1237 1.38633466 0.00462111552 4.13712375
299 1237 1.38617044 0.00462056813 4.13712375
299 1237 1.38604288 0.00462014294 4.13712375
299 1237 1.38629938 0.00462099795 4.13712375
298 1226 1.37849125 0.00459497085 4.11409396
298 1226 1.37860336 0.00459534455 4.11409396
298 1226 1.37857745 0.00459525818 4.11409396
298 1226 1.37855699 0.00459518997 4.11409396
298 1226 1.37853378 0.00459511261 4.11409396
298 1226 1.37849774 0.00459499247 4.11409396
298 1226 1.37848328 0.00459494426 4.11409396
298 1226 1.37856036 0.00459520119 4.11409396
298 1226 1.37851488 0.0045950496 4.11409396
298 1226 1.37848977 0.00459496592 4.11409396
297 1214 1.37325466 0.00457751552 4.08754209
297 1214 1.37338237 0.00457794124 4.08754209
297 1214 1.37340386 0.00457801288 4.08754209
297 1214 1.37338431 0.0045779477 4.08754209
297 1214 1.37339034 0.0045779678 4.08754209
297 1214 1.37336085 0.0045778695 4.08754209
297 1214 1.37333214 0.00457777381 4.08754209
297 1214 1.37334249 0.00457780829 4.08754209
297 1214 1.373346 0.00457782001 4.08754209
297 1214 1.37334784 0.00457782612 4.08754209
296 1203 1.36340388 0.00454467958 4.06418919
296 1203 1.36334575 0.00454448584 4.06418919
296 1203 1.36322551 0.00454408504 4.06418919
296 1203 1.36327877 0.00454426257 4.06418919
296 1203 1.36345942 0.00454486475 4.06418919
296 1203 1.36341722 0.00454472407 4.06418919
296 1203 1.36339819 0.00454466064 4.06418919
296 1203 1.36336669 0.00454455563 4.06418919
296 1203 1.3633871 0.00454462365 4.06418919
296 1203 1.36340948 0.00454469826 4.06418919
295 1192 1.35263733 0.00450879109 4.04067797
295 1192 1.35255591 0.0045085197 4.04067797
295 1192 1.35257541 0.00450858471 4.04067797
295 1192 1.35254048 0.00450846827 4.04067797
295 1192 1.3525619 0.00450853967 4.04067797
295 1192 1.35268231 0.00450894103 4.04067797
295 1192 1.35248566 0.00450828555 4.04067797
295 1192 1.35244949 0.00450816497 4.04067797
295 1192 1.35255213 0.00450850711 4.04067797
295 1192 1.35270536 0.00450901786 4.04067797
294 1183 1.34139035 0.00447130118 4.02380952
294 1183 1.34125872 0.00447086239 4.02380952
294 1183 1.34137819 0.00447126064 4.02380952
294 1183 1.3414455 0.00447148501 4.02380952
294 1183 1.34140002 0.0044713334 4.02380952
294 1183 1.34138008 0.00447126693 4.02380952
294 1183 1.34137989 0.0044712663 4.02380952
294 1183 1.34138032 0.00447126775 4.02380952
294 1183 1.34138953 0.00447129844 4.02380952
294 1183 1.34139655 0.00447132184 4.02380952
293 1176 1.331605 0.00443868333 4.01365188
293 1178 1.32099003 0.0044033001 4.02047782
293 1180 1.33095368 0.00443651225 4.02730375
293 1176 1.33155956 0.00443853187 4.01365188
293 1176 1.33148824 0.00443829412 4.01365188
293 1181 1.33089907 0.00443633022 4.03071672
293 1176 1.33166366 0.00443887887 4.01365188
293 1176 1.33159462 0.00443864872 4.01365188
293 1176 1.33141046 0.00443803487 4.01365188
293 1176 1.33126798 0.00443755993 4.01365188
292 1171 1.32063462 0.00440211539 4.01027397
292 1171 1.32054567 0.0044018189 4.01027397
292 1171 1.32112755 0.0044037585 4.01027397
292 1171 1.32077892 0.00440259639 4.01027397
292 1171 1.32056021 0.00440186736 4.01027397
292 1171 1.32065204 0.00440217346 4.01027397
292 1171 1.32067783 0.00440225942 4.01027397
292 1171 1.32060089 0.00440200298 4.01027397
292 1171 1.32058175 0.00440193918 4.01027397
292 1171 1.32064478 0.00440214927 4.01027397
291 1163 1.30801353 0.0043600451 3.99656357
291 1163 1.30862018 0.00436206726 3.99656357
291 1163 1.30792214 0.00435974046 3.99656357
291 1163 1.30837831 0.00436126103 3.99656357
291 1163 1.30824961 0.00436083205 3.99656357
291 1163 1.30804272 0.00436014241 3.99656357
291 1163 1.30835425 0.00436118083 3.99656357
291 1163 1.30840478 0.00436134927 3.99656357
291 1163 1.30840365 0.0043613455 3.99656357
291 1163 1.30806457 0.00436021525 3.99656357
290 1161 1.30825047 0.00436083488 4.00344828
290 1161 1.30783651 0.00435945505 4.00344828
290 1161 1.30808894 0.00436029645 4.00344828
290 1161 1.30886303 0.00436287676 4.00344828
290 1157 1.29521998 0.00431739994 3.98965517
290 1157 1.29465579 0.0043155193 3.98965517
290 1157 1.29502521 0.00431675071 3.98965517
290 1157 1.29479204 0.00431597347 3.98965517
290 1157 1.29487382 0.00431624606 3.98965517
290 1157 1.29489989 0.00431633296 3.98965517
289 1155 1.29485383 0.00431617943 3.99653979
289 1155 1.29489653 0.00431632177 3.99653979
289 1155 1.29482675 0.00431608917 3.99653979
289 1155 1.29498852 0.0043166284 3.99653979
289 1155 1.29486113 0.00431620377 3.99653979
289 1155 1.29488085 0.00431626951 3.99653979
289 1155 1.29484259 0.00431614196 3.99653979
289 1155 1.29493009 0.00431643363 3.99653979
289 1155 1.2948736 0.00431624535 3.99653979
289 1155 1.29487164 0.00431623882 3.99653979
288 1148 1.28247777 0.00427492589 3.98611111
288 1145 1.27549862 0.00425166207 3.97569444
288 1140 1.27545402 0.0042515134 3.95833333
288 1140 1.2797616 0.004265872 3.95833333
288 1142 1.28333646 0.00427778819 3.96527778
288 1142 1.28327928 0.00427759759 3.96527778
288 1142 1.28314814 0.00427716047 3.96527778
288 1142 1.28321217 0.00427737391 3.96527778
288 1142 1.2831007 0.00427700235 3.96527778
288 1142 1.28300153 0.00427667177 3.96527778
287 1134 1.27073703 0.00423579009 3.95121951
287 1134 1.27081065 0.00423603549 3.95121951
287 1134 1.27083814 0.00423612714 3.95121951
287 1134 1.27090058 0.00423633526 3.95121951
287 1134 1.27087785 0.00423625951 3.95121951
287 1134 1.27088668 0.00423628893 3.95121951
287 1134 1.27087248 0.00423624161 3.95121951
287 1134 1.27087966 0.00423626553 3.95121951
287 1134 1.27088599 0.00423628662 3.95121951
287 1134 1.27087717 0.00423625725 3.95121951
286 1127 1.25885538 0.00419618459 3.94055944
286 1127 1.25882701 0.00419609004 3.94055944
286 1127 1.25882344 0.00419607813 3.94055944
286 1127 1.25882464 0.00419608213 3.94055944
286 1127 1.25882445 0.00419608151 3.94055944
286 1127 1.25881659 0.00419605532 3.94055944
286 1127 1.25882267 0.00419607558 3.94055944
286 1127 1.25882373 0.00419607911 3.94055944
286 1127 1.25882341 0.00419607805 3.94055944
286 1127 1.25882049 0.00419606831 3.94055944
285 1125 1.25882455 0.00419608183 3.94736842
285 1125 1.25882657 0.00419608858 3.94736842
285 1125 1.25883955 0.00419613183 3.94736842
285 1125 1.25885232 0.00419617439 3.94736842
285 1125 1.25885305 0.00419617682 3.94736842
285 1125 1.25885454 0.00419618179 3.94736842
285 1125 1.25885264 0.00419617547 3.94736842
285 1125 1.25885391 0.0041961797 3.94736842
285 1125 1.25885346 0.0041961782 3.94736842
285 1125 1.25885253 0.0041961751 3.94736842
284 1122 1.25477964 0.00418259881 3.95070423
284 1122 1.25512025 0.00418373417 3.95070423
284 1122 1.25529255 0.00418430849 3.95070423
284 1122 1.25469748 0.00418232494 3.95070423
284 1122 1.25516558 0.00418388527 3.95070423
284 1122 1.25499614 0.00418332045 3.95070423
284 1122 1.25490099 0.00418300331 3.95070423
284 1122 1.25479883 0.00418266277 3.95070423
284 1122 1.25493806 0.00418312686 3.95070423
284 1122 1.25454002 0.00418180008 3.95070423
283 1111 1.23929578 0.00413098594 3.92579505
283 1111 1.23906866 0.00413022885 3.92579505
283 1111 1.23883738 0.00412945794 3.92579505
283 1115 1.23904876 0.00413016254 3.93992933
283 1115 1.23787152 0.00412623839 3.93992933
283 1111 1.2298745 0.00409958165 3.92579505
283 1111 1.22540083 0.00408466945 3.92579505
283 1106 1.22047815 0.00406826051 3.90812721
283 1106 1.22056561 0.00406855204 3.90812721
283 1106 1.22053356 0.0040684452 3.90812721
282 1104 1.22056058 0.00406853526 3.91489362
282 1104 1.22049956 0.00406833186 3.91489362
282 1104 1.22056854 0.00406856181 3.91489362
282 1104 1.220559 0.00406852999 3.91489362
282 1104 1.22054464 0.00406848213 3.91489362
282 1104 1.22056015 0.00406853384 3.91489362
282 1104 1.22055658 0.00406852195 3.91489362
282 1104 1.22055516 0.00406851719 3.91489362
282 1104 1.22055618 0.00406852061 3.91489362
282 1104 1.22055715 0.00406852383 3.91489362
281 1101 1.21658963 0.00405529877 3.91814947
281 1101 1.21693976 0.00405646588 3.91814947
281 1101 1.21655687 0.00405518956 3.91814947
281 1101 1.2165727 0.00405524234 3.91814947
281 1101 1.21668843 0.00405562812 3.91814947
281 1101 1.21676708 0.00405589027 3.91814947
281 1101 1.21651405 0.00405504683 3.91814947
281 1101 1.2166076 0.00405535868 3.91814947
281 1101 1.21648078 0.00405493595 3.91814947
281 1101 1.21653365 0.00405511216 3.91814947
280 1090 1.20038141 0.00400127138 3.89285714
280 1090 1.20052006 0.00400173352 3.89285714
280 1090 1.20090741 0.00400302469 3.89285714
280 1090 1.20093412 0.00400311374 3.89285714
280 1090 1.20077661 0.00400258868 3.89285714
280 1090 1.2007907 0.00400263565 3.89285714
280 1090 1.20078899 0.00400262998 3.89285714
280 1090 1.20076079 0.00400253596 3.89285714
280 1090 1.20080378 0.00400267928 3.89285714
280 1090 1.20082631 0.00400275435 3.89285714
279 1082 1.18406769 0.00394689231 3.8781362
279 1082 1.18407435 0.00394691449 3.8781362
279 1082 1.18387433 0.00394624776 3.8781362
279 1082 1.18405326 0.0039468442 3.8781362
279 1082 1.18418303 0.00394727676 3.8781362
279 1082 1.18404027 0.00394680091 3.8781362
279 1082 1.18418631 0.0039472877 3.8781362
279 1082 1.18374114 0.00394580381 3.8781362
279 1082 1.18412647 0.00394708823 3.8781362
279 1082 1.18434413 0.00394781378 3.8781362
278 1075 1.1643595 0.00388119832 3.86690647
278 1075 1.16421231 0.0038807077 3.86690647
278 1075 1.16446779 0.00388155929 3.86690647
278 1075 1.16444207 0.00388147356 3.86690647
278 1075 1.16449859 0.00388166198 3.86690647
278 1075 1.16435672 0.00388118907 3.86690647
278 1075 1.16446029 0.0038815343 3.86690647
278 1075 1.16449363 0.00388164543 3.86690647
278 1075 1.16433838 0.00388112793 3.86690647
278 1075 1.16444794 0.00388149312 3.86690647
277 1069 1.14437142 0.0038145714 3.85920578
277 1069 1.14444943 0.00381483145 3.85920578
277 1069 1.14495663 0.0038165221 3.85920578
277 1069 1.14430607 0.00381435356 3.85920578
277 1069 1.14444136 0.00381480454 3.85920578
277 1069 1.14471867 0.00381572891 3.85920578
277 1069 1.14436256 0.00381454188 3.85920578
277 1069 1.1442125 0.00381404167 3.85920578
277 1069 1.14393897 0.0038131299 3.85920578
277 1069 1.1440846 0.00381361534 3.85920578
276 1063 1.12336402 0.00374454673 3.85144928
276 1061 1.12078128 0.00373593761 3.8442029
276 1061 1.12154642 0.00373848807 3.8442029
276 1063 1.12322362 0.00374407874 3.85144928
276 1063 1.12404084 0.00374680281 3.85144928
276 1061 1.12138594 0.00373795312 3.8442029
276 1061 1.12169408 0.00373898025 3.8442029
276 1061 1.1215017 0.00373833899 3.8442029
276 1061 1.12152795 0.00373842651 3.8442029
276 1061 1.12146188 0.00373820627 3.8442029
275 1055 1.10131229 0.00367104096 3.83636364
275 1055 1.10082017 0.00366940056 3.83636364
275 1055 1.099427 0.00366475668 3.83636364
275 1055 1.09932479 0.00366441597 3.83636364
275 1055 1.10149725 0.00367165749 3.83636364
275 1055 1.10100574 0.00367001914 3.83636364
275 1055 1.10118807 0.00367062691 3.83636364
275 1055 1.10120652 0.0036706884 3.83636364
275 1055 1.10126472 0.00367088242 3.83636364
275 1055 1.10124667 0.00367082224 3.83636364
274 1049 1.07922908 0.00359743027 3.82846715
274 1051 1.07717396 0.00359057987 3.83576642
274 1047 1.07289954 0.0035763318 3.82116788
274 1049 1.07985237 0.00359950788 3.82846715
274 1051 1.08073104 0.00360243679 3.83576642
274 1049 1.07477804 0.00358259346 3.82846715
274 1051 1.08080324 0.00360267747 3.83576642
274 1051 1.0795926 0.00359864199 3.83576642
274 1051 1.07945583 0.00359818609 3.83576642
274 1051 1.08021036 0.00360070118 3.83576642
273 1043 1.05801646 0.00352672152 3.82051282
273 1045 1.05831845 0.00352772817 3.82783883
273 1043 1.05862151 0.00352873836 3.82051282
273 1043 1.05914826 0.0035304942 3.82051282
273 1043 1.05937602 0.0035312534 3.82051282
273 1043 1.05845053 0.00352816843 3.82051282
273 1043 1.05875886 0.00352919621 3.82051282
273 1043 1.0587751 0.00352925034 3.82051282
273 1043 1.05881607 0.00352938691 3.82051282
273 1043 1.05867636 0.00352892119 3.82051282
272 1037 1.03905723 0.00346352409 3.8125
272 1037 1.03911441 0.0034637147 3.8125
272 1037 1.03899782 0.00346332607 3.8125
272 1037 1.03959224 0.00346530747 3.8125
272 1037 1.03931037 0.00346436789 3.8125
272 1037 1.03943596 0.00346478654 3.8125
272 1037 1.03987565 0.00346625217 3.8125
272 1037 1.03928059 0.00346426864 3.8125
272 1037 1.03912391 0.00346374636 3.8125
272 1037 1.03903367 0.00346344557 3.8125
271 1028 1.01613557 0.00338711856 3.79335793
271 1034 1.01613469 0.00338711563 3.81549815
271 1031 1.02361324 0.00341204412 3.80442804
271 1029 1.0297904 0.00343263468 3.79704797
271 1024 1.04347749 0.00347825829 3.77859779
271 1025 1.05216914 0.00350723047 3.78228782
271 1025 1.05168976 0.00350563254 3.78228782
271 1025 1.05141596 0.00350471987 3.78228782
271 1025 1.05145498 0.00350484992 3.78228782
271 1025 1.05172892 0.00350576306 3.78228782
270 1020 1.05185787 0.00350619289 3.77777778
270 1020 1.05164528 0.00350548428 3.77777778
270 1020 1.051747 0.00350582335 3.77777778
270 1020 1.05189432 0.00350631441 3.77777778
270 1020 1.05166796 0.00350555987 3.77777778
270 1020 1.05158697 0.0035052899 3.77777778
270 1020 1.05160994 0.00350536648 3.77777778
270 1020 1.05189094 0.00350630315 3.77777778
270 1020 1.05158741 0.00350529137 3.77777778
270 1020 1.05173937 0.00350579792 3.77777778
269 1014 1.03711299 0.00345704329 3.76951673
269 1014 1.03728036 0.00345760121 3.76951673
269 1014 1.03727698 0.00345758993 3.76951673
269 1014 1.03730157 0.00345767189 3.76951673
269 1014 1.03717771 0.00345725903 3.76951673
269 1014 1.03738814 0.00345796047 3.76951673
269 1014 1.03737924 0.0034579308 3.76951673
269 1014 1.03721239 0.00345737463 3.76951673
269 1014 1.03700494 0.00345668315 3.76951673
269 1014 1.03712969 0.00345709895 3.76951673
268 1008 1.01542285 0.00338474285 3.76119403
268 1008 1.01656211 0.00338854038 3.76119403
268 1008 1.01743384 0.00339144615 3.76119403
268 1008 1.01801574 0.00339338579 3.76119403
268 1008 1.01547138 0.00338490459 3.76119403
268 1008 1.01507438 0.00338358126 3.76119403
268 1006 1.01503199 0.00338343997 3.75373134
268 1006 1.01496738 0.00338322461 3.75373134
268 1006 1.01483474 0.00338278248 3.75373134
268 1006 1.01477341 0.00338257804 3.75373134
267 1000 0.995649507 0.00331883169 3.74531835
267 1000 0.995703064 0.00331901021 3.74531835
267 1000 0.995432562 0.00331810854 3.74531835
267 1000 0.995636075 0.00331878692 3.74531835
267 1000 0.995653846 0.00331884615 3.74531835
267 1000 0.995530015 0.00331843338 3.74531835
267 1000 0.99567525 0.0033189175 3.74531835
267 1000 0.995552791 0.0033185093 3.74531835
267 1000 0.995585443 0.00331861814 3.74531835
267 1000 0.995720364 0.00331906788 3.74531835
266 994 0.975371936 0.00325123979 3.73684211
266 994 0.975897456 0.00325299152 3.73684211
266 994 0.974925825 0.00324975275 3.73684211
266 994 0.975260725 0.00325086908 3.73684211
266 994 0.975350282 0.00325116761 3.73684211
266 994 0.97488733 0.00324962443 3.73684211
266 994 0.975533788 0.00325177929 3.73684211
266 994 0.975560851 0.0032518695 3.73684211
266 994 0.974941231 0.0032498041 3.73684211
266 994 0.975267346 0.00325089115 3.73684211
265 986 0.952649745 0.00317549915 3.72075472
264 980 0.940307462 0.00313435821 3.71212121
264 980 0.940416823 0.00313472274 3.71212121
264 980 0.940682668 0.00313560889 3.71212121
264 980 0.940789712 0.00313596571 3.71212121
264 980 0.940757484 0.00313585828 3.71212121
264 980 0.940735272 0.00313578424 3.71212121
264 980 0.940779498 0.00313593166 3.71212121
264 980 0.940772534 0.00313590845 3.71212121
264 980 0.94076125 0.00313587083 3.71212121
263 976 0.921595919 0.0030719864 3.71102662
263 975 0.917363389 0.00305787796 3.70722433
263 976 0.921346697 0.00307115566 3.71102662
263 976 0.921253098 0.00307084366 3.71102662
263 976 0.921370477 0.00307123492 3.71102662
263 976 0.92123247 0.0030707749 3.71102662
263 976 0.921441659 0.0030714722 3.71102662
263 976 0.921248594 0.00307082865 3.71102662
263 976 0.921557198 0.00307185733 3.71102662
263 976 0.921172629 0.00307057543 3.71102662
262 971 0.899126892 0.00299708964 3.70610687
262 971 0.898433018 0.00299477673 3.70610687
262 971 0.898543499 0.002995145 3.70610687
262 971 0.898503793 0.00299501264 3.70610687
262 971 0.898978595 0.00299659532 3.70610687
262 971 0.898871855 0.00299623952 3.70610687
262 971 0.898826255 0.00299608752 3.70610687
262 971 0.898584152 0.00299528051 3.70610687
262 971 0.898919448 0.00299639816 3.70610687
262 971 0.898971944 0.00299657315 3.70610687
261 969 0.880796277 0.00293598759 3.71264368
261 969 0.879064003 0.00293021334 3.71264368
261 961 0.874456064 0.00291485355 3.68199234
261 961 0.874324183 0.00291441394 3.68199234
261 961 0.874363905 0.00291454635 3.68199234
261 964 0.879203004 0.00293067668 3.69348659
261 964 0.87932446 0.00293108153 3.69348659
261 961 0.873788735 0.00291262912 3.68199234
261 961 0.874379953 0.00291459984 3.68199234
261 961 0.874282405 0.00291427468 3.68199234
260 959 0.857299623 0.00285766541 3.68846154
260 959 0.857465517 0.00285821839 3.68846154
260 959 0.857619886 0.00285873295 3.68846154
260 959 0.857483581 0.0028582786 3.68846154
260 959 0.856652098 0.00285550699 3.68846154
260 959 0.856791744 0.00285597248 3.68846154
260 959 0.857501335 0.00285833778 3.68846154
260 959 0.856916812 0.00285638937 3.68846154
260 959 0.857513717 0.00285837906 3.68846154
260 959 0.857397715 0.00285799238 3.68846154
259 956 0.833190361 0.0027773012 3.69111969
259 957 0.838395165 0.00279465055 3.69498069
259 957 0.837127479 0.00279042493 3.69498069
259 957 0.835966758 0.00278655586 3.69498069
259 957 0.837576168 0.00279192056 3.69498069
259 957 0.836549486 0.00278849829 3.69498069
259 957 0.836100115 0.00278700038 3.69498069
259 957 0.836914139 0.0027897138 3.69498069
259 957 0.836335804 0.00278778601 3.69498069
259 957 0.836974897 0.00278991632 3.69498069
258 954 0.813004597 0.00271001532 3.69767442
258 945 0.806150661 0.00268716887 3.6627907
258 953 0.804534064 0.00268178021 3.69379845
258 943 0.810304318 0.00270101439 3.65503876
258 943 0.811737584 0.00270579195 3.65503876
258 943 0.811639798 0.00270546599 3.65503876
258 943 0.811876449 0.00270625483 3.65503876
258 943 0.811652899 0.00270550966 3.65503876
258 943 0.812272337 0.00270757446 3.65503876
258 943 0.811692706 0.00270564235 3.65503876
257 941 0.792535846 0.00264178615 3.6614786
257 941 0.791940886 0.00263980295 3.6614786
257 941 0.792822611 0.00264274204 3.6614786
257 941 0.792259441 0.0026408648 3.6614786
257 941 0.792379829 0.0026412661 3.6614786
257 941 0.792331957 0.00264110652 3.6614786
257 941 0.792355633 0.00264118544 3.6614786
257 941 0.792303644 0.00264101215 3.6614786
257 941 0.792323359 0.00264107786 3.6614786
257 941 0.792283932 0.00264094644 3.6614786
256 938 0.768505474 0.00256168491 3.6640625
256 938 0.767620862 0.00255873621 3.6640625
256 938 0.768825352 0.00256275117 3.6640625
256 934 0.759719218 0.00253239739 3.6484375
256 936 0.757792103 0.00252597368 3.65625
256 931 0.757726781 0.00252575594 3.63671875
255 921 0.736371774 0.00245457258 3.61176471
255 921 0.736782358 0.00245594119 3.61176471
255 921 0.73720051 0.00245733503 3.61176471
255 921 0.736320884 0.00245440295 3.61176471
254 919 0.718416297 0.00239472099 3.61811024
254 918 0.71448499 0.00238161663 3.61417323
254 918 0.714796975 0.00238265658 3.61417323
254 919 0.718691112 0.00239563704 3.61811024
254 918 0.714620824 0.00238206941 3.61417323
254 918 0.714680079 0.00238226693 3.61417323
254 919 0.718896959 0.0023963232 3.61811024
254 919 0.71769489 0.0023923163 3.61811024
254 919 0.718202235 0.00239400745 3.61811024
254 919 0.717658273 0.00239219424 3.61811024
253 916 0.695380265 0.00231793422 3.62055336
253 916 0.695744686 0.00231914895 3.62055336
253 916 0.695564497 0.00231854832 3.62055336
253 916 0.695532627 0.00231844209 3.62055336
253 916 0.695536667 0.00231845556 3.62055336
253 916 0.695275013 0.00231758338 3.62055336
253 916 0.695511551 0.00231837184 3.62055336
253 916 0.695374467 0.00231791489 3.62055336
253 916 0.695483359 0.00231827786 3.62055336
253 916 0.695454216 0.00231818072 3.62055336
252 908 0.668039812 0.00222679937 3.6031746
252 908 0.668430488 0.00222810163 3.6031746
252 908 0.66765486 0.0022255162 3.6031746
252 908 0.667383934 0.00222461311 3.6031746
252 908 0.667858922 0.00222619641 3.6031746
252 908 0.669118838 0.00223039613 3.6031746
252 908 0.667417996 0.00222472665 3.6031746
252 908 0.667575259 0.00222525086 3.6031746
252 908 0.66848653 0.00222828843 3.6031746
252 908 0.665998694 0.00221999565 3.6031746
251 903 0.638217967 0.00212739322 3.59760956
251 901 0.634791909 0.00211597303 3.58964143
251 903 0.639950018 0.00213316673 3.59760956
251 905 0.626904604 0.00208968201 3.60557769
251 901 0.640703435 0.00213567812 3.58964143
251 900 0.633819288 0.00211273096 3.58565737
251 901 0.641262577 0.00213754192 3.58964143
251 901 0.64056642 0.0021352214 3.58964143
251 901 0.640732743 0.00213577581 3.58964143
251 901 0.641478271 0.0021382609 3.58964143
250 898 0.617827207 0.00205942402 3.592
250 898 0.618664078 0.00206221359 3.592
250 898 0.619853021 0.00206617674 3.592
250 898 0.619979261 0.00206659754 3.592
250 898 0.619363819 0.00206454606 3.592
250 898 0.619030091 0.00206343364 3.592
250 898 0.619308649 0.00206436216 3.592
250 898 0.617838523 0.00205946174 3.592
250 898 0.620145574 0.00206715191 3.592
250 898 0.619080233 0.00206360078 3.592
249 890 0.591304507 0.00197101502 3.57429719
249 895 0.591088349 0.0019702945 3.59437751
249 895 0.591607473 0.00197202491 3.59437751
249 895 0.591610972 0.00197203657 3.59437751
249 895 0.591882887 0.00197294296 3.59437751
249 895 0.591535102 0.00197178367 3.59437751
249 895 0.591447539 0.0019714918 3.59437751
249 895 0.591539558 0.00197179853 3.59437751
249 895 0.591830664 0.00197276888 3.59437751
249 895 0.591747756 0.00197249252 3.59437751
248 887 0.56628498 0.0018876166 3.5766129
248 887 0.565339162 0.00188446387 3.5766129
248 887 0.567254269 0.00189084756 3.5766129
248 887 0.566698787 0.00188899596 3.5766129
248 887 0.566241557 0.00188747186 3.5766129
SP does not find any fixed points -> SP does not converge.
I am sorry I quit :(
