START ALGORITHM:
I am going to build an instance with N: 300 variables and 1245 clauses with a clause density equal to 4.15
START BSP WITH r=0.9:
Decimation scorer: cert
END UNIT PROPAGATION
300 1245 1.38774508 0.00462581693 4.15
300 1245 1.38671249 0.00462237498 4.15
300 1245 1.38600655 0.00462002185 4.15
300 1245 1.38610994 0.00462036647 4.15
300 1245 1.386077 0.00462025667 4.15
300 1245 1.38651112 0.00462170372 4.15
300 1245 1.38644881 0.00462149604 4.15
300 1245 1.38614662 0.00462048873 4.15
300 1245 1.38657867 0.0046219289 4.15
299 1242 1.37914747 0.00459715823 4.15384615
299 1243 1.38612705 0.00462042349 4.15719064
299 1243 1.38661173 0.00462203909 4.15719064
299 1243 1.38636577 0.00462121925 4.15719064
299 1243 1.38618374 0.00462061248 4.15719064
299 1243 1.38616836 0.00462056119 4.15719064
299 1243 1.38620991 0.00462069969 4.15719064
299 1243 1.38639099 0.00462130331 4.15719064
299 1243 1.38632851 0.00462109502 4.15719064
299 1243 1.38638172 0.00462127239 4.15719064
298 1240 1.37928091 0.00459760304 4.16107383
298 1240 1.37950027 0.00459833424 4.16107383
298 1240 1.37941357 0.00459804523 4.16107383
298 1240 1.37910038 0.00459700128 4.16107383
298 1240 1.37931893 0.00459772976 4.16107383
298 1240 1.37929918 0.00459766393 4.16107383
298 1235 1.38627853 0.00462092844 4.1442953
298 1235 1.38644331 0.00462147769 4.1442953
298 1235 1.38621753 0.00462072509 4.1442953
298 1235 1.38636422 0.00462121407 4.1442953
297 1223 1.38098 0.00460326668 4.11784512
297 1223 1.38105162 0.0046035054 4.11784512
297 1223 1.381092 0.00460364 4.11784512
297 1223 1.38087855 0.00460292849 4.11784512
297 1223 1.3811435 0.00460381165 4.11784512
297 1223 1.38126925 0.00460423082 4.11784512
297 1223 1.38115328 0.00460384428 4.11784512
297 1223 1.38090793 0.00460302645 4.11784512
297 1223 1.38105322 0.00460351074 4.11784512
297 1223 1.38125806 0.00460419352 4.11784512
296 1212 1.37346245 0.00457820815 4.09459459
296 1212 1.37333403 0.00457778008 4.09459459
296 1212 1.37329048 0.00457763494 4.09459459
296 1212 1.37340415 0.00457801384 4.09459459
296 1220 1.37393155 0.00457977182 4.12162162
296 1220 1.3742363 0.00458078766 4.12162162
296 1220 1.37404756 0.00458015852 4.12162162
296 1220 1.37429951 0.00458099836 4.12162162
296 1220 1.37400035 0.00458000118 4.12162162
296 1220 1.37422267 0.00458074223 4.12162162
295 1213 1.35996384 0.00453321279 4.11186441
295 1210 1.36215609 0.00454052029 4.10169492
295 1209 1.36542073 0.00455140243 4.09830508
295 1209 1.36549413 0.00455164711 4.09830508
295 1209 1.36551493 0.00455171645 4.09830508
295 1209 1.36560353 0.00455201178 4.09830508
295 1215 1.36561467 0.00455204891 4.11864407
295 1215 1.36547215 0.00455157385 4.11864407
295 1215 1.36570729 0.00455235762 4.11864407
295 1215 1.3655441 0.00455181368 4.11864407
294 1208 1.35159566 0.00450531888 4.10884354
294 1204 1.35293485 0.00450978283 4.0952381
294 1204 1.35789189 0.00452630631 4.0952381
294 1204 1.35810922 0.00452703072 4.0952381
294 1204 1.35799321 0.00452664405 4.0952381
294 1204 1.35786752 0.00452622508 4.0952381
294 1204 1.35806506 0.00452688354 4.0952381
294 1204 1.35809639 0.00452698796 4.0952381
294 1204 1.35797197 0.00452657322 4.0952381
294 1204 1.3581436 0.00452714534 4.0952381
293 1196 1.34757583 0.00449191944 4.08191126
293 1196 1.34707853 0.00449026178 4.08191126
293 1196 1.34740095 0.00449133649 4.08191126
293 1196 1.34737812 0.00449126042 4.08191126
293 1196 1.34741929 0.00449139762 4.08191126
293 1193 1.34965804 0.00449886014 4.07167235
293 1193 1.34947206 0.0044982402 4.07167235
293 1193 1.34946512 0.00449821705 4.07167235
293 1193 1.34929017 0.00449763391 4.07167235
293 1193 1.34948006 0.00449826687 4.07167235
292 1182 1.33215843 0.00444052811 4.04794521
292 1185 1.33803973 0.00446013242 4.05821918
292 1185 1.33924407 0.0044641469 4.05821918
292 1185 1.3392228 0.00446407599 4.05821918
292 1185 1.33892378 0.00446307926 4.05821918
292 1185 1.33855295 0.00446184318 4.05821918
292 1185 1.33883549 0.00446278498 4.05821918
292 1182 1.33952353 0.00446507844 4.04794521
292 1182 1.33974807 0.0044658269 4.04794521
292 1182 1.33966568 0.00446555225 4.04794521
291 1176 1.32508282 0.00441694275 4.04123711
291 1175 1.32914618 0.00443048726 4.03780069
291 1175 1.32926684 0.00443088946 4.03780069
291 1175 1.32940506 0.0044313502 4.03780069
291 1175 1.32932816 0.00443109387 4.03780069
291 1175 1.32926705 0.00443089017 4.03780069
291 1175 1.3299001 0.00443300034 4.03780069
291 1175 1.32933787 0.00443112624 4.03780069
291 1175 1.32913142 0.00443043807 4.03780069
291 1175 1.32963174 0.00443210579 4.03780069
290 1170 1.31811449 0.00439371497 4.03448276
290 1170 1.31828864 0.00439429546 4.03448276
290 1166 1.31804619 0.00439348729 4.02068966
290 1166 1.31800549 0.00439335164 4.02068966
290 1166 1.31837946 0.00439459821 4.02068966
290 1166 1.3183832 0.00439461067 4.02068966
290 1166 1.31826602 0.00439422006 4.02068966
290 1166 1.31827568 0.00439425226 4.02068966
290 1166 1.31819349 0.00439397829 4.02068966
290 1166 1.31857294 0.00439524313 4.02068966
289 1159 1.30282784 0.00434275945 4.01038062
289 1159 1.30303818 0.00434346059 4.01038062
289 1161 1.30772829 0.0043590943 4.01730104
289 1161 1.30797726 0.00435992421 4.01730104
289 1161 1.30743725 0.00435812417 4.01730104
289 1161 1.30752232 0.00435840773 4.01730104
289 1161 1.30755165 0.00435850551 4.01730104
289 1161 1.30775861 0.00435919538 4.01730104
289 1161 1.30727674 0.00435758914 4.01730104
289 1161 1.30812834 0.0043604278 4.01730104
288 1153 1.28722697 0.00429075655 4.00347222
288 1150 1.2908406 0.00430280201 3.99305556
288 1150 1.2910162 0.00430338733 3.99305556
288 1155 1.29434387 0.00431447958 4.01041667
288 1155 1.29427119 0.00431423731 4.01041667
288 1153 1.2971526 0.00432384199 4.00347222
288 1153 1.29646015 0.00432153384 4.00347222
288 1153 1.29658863 0.00432196212 4.00347222
288 1153 1.29715303 0.00432384344 4.00347222
288 1153 1.29635858 0.00432119525 4.00347222
287 1146 1.27819279 0.00426064262 3.99303136
287 1142 1.28006435 0.00426688117 3.97909408
287 1147 1.28379216 0.0042793072 3.99651568
287 1147 1.28380381 0.00427934605 3.99651568
287 1147 1.28359984 0.00427866614 3.99651568
287 1147 1.28377534 0.00427925113 3.99651568
287 1147 1.28394355 0.00427981184 3.99651568
287 1147 1.28404716 0.0042801572 3.99651568
287 1147 1.28392267 0.00427974222 3.99651568
287 1146 1.28145782 0.00427152607 3.99303136
286 1140 1.27380249 0.00424600831 3.98601399
286 1140 1.27430065 0.00424766884 3.98601399
286 1140 1.27371383 0.00424571278 3.98601399
286 1140 1.27395277 0.00424650923 3.98601399
286 1140 1.27439618 0.00424798726 3.98601399
286 1140 1.27389254 0.00424630847 3.98601399
286 1140 1.27429543 0.00424765144 3.98601399
286 1140 1.27424324 0.00424747747 3.98601399
286 1138 1.27914863 0.00426382878 3.97902098
286 1138 1.27966767 0.0042655589 3.97902098
285 1130 1.26816082 0.00422720274 3.96491228
285 1132 1.27009544 0.00423365145 3.97192982
285 1132 1.27033567 0.00423445225 3.97192982
285 1132 1.27041655 0.00423472184 3.97192982
285 1132 1.27037847 0.0042345949 3.97192982
285 1133 1.26934478 0.00423114925 3.9754386
285 1133 1.26997483 0.00423324944 3.9754386
285 1133 1.26956153 0.00423187177 3.9754386
285 1132 1.2702435 0.004234145 3.97192982
285 1132 1.27073226 0.00423577421 3.97192982
284 1125 1.25794409 0.00419314697 3.96126761
284 1125 1.25744562 0.00419148539 3.96126761
284 1125 1.25778386 0.00419261286 3.96126761
284 1125 1.25827054 0.00419423514 3.96126761
284 1125 1.25766247 0.00419220822 3.96126761
284 1125 1.25745958 0.00419153195 3.96126761
284 1125 1.25823997 0.00419413323 3.96126761
284 1124 1.25974699 0.00419915663 3.95774648
284 1124 1.2591469 0.00419715632 3.95774648
284 1124 1.26043991 0.00420146636 3.95774648
283 1113 1.24366954 0.00414556515 3.93286219
283 1113 1.24312631 0.00414375438 3.93286219
283 1113 1.24391316 0.0041463772 3.93286219
283 1113 1.2435655 0.00414521833 3.93286219
283 1113 1.24393124 0.00414643747 3.93286219
283 1113 1.24421822 0.00414739406 3.93286219
283 1117 1.24772767 0.00415909224 3.94699647
283 1117 1.2474479 0.00415815968 3.94699647
283 1117 1.24789376 0.00415964586 3.94699647
283 1117 1.24750382 0.00415834607 3.94699647
282 1111 1.22532313 0.00408441042 3.93971631
282 1110 1.2301873 0.00410062434 3.93617021
282 1110 1.23051663 0.00410172211 3.93617021
282 1110 1.23104898 0.00410349661 3.93617021
282 1110 1.23134772 0.0041044924 3.93617021
282 1110 1.23138644 0.00410462148 3.93617021
282 1110 1.23139039 0.00410463464 3.93617021
282 1106 1.23160495 0.00410534983 3.92198582
282 1106 1.23165845 0.00410552817 3.92198582
282 1106 1.23153681 0.00410512269 3.92198582
281 1099 1.21544998 0.00405149993 3.91103203
281 1099 1.21563757 0.00405212524 3.91103203
281 1099 1.21551109 0.00405170362 3.91103203
281 1099 1.21490521 0.00404968402 3.91103203
281 1099 1.2155789 0.00405192966 3.91103203
281 1099 1.2158714 0.00405290467 3.91103203
281 1099 1.21460233 0.00404867443 3.91103203
281 1103 1.21918988 0.00406396628 3.9252669
281 1103 1.21448872 0.00404829575 3.9252669
281 1103 1.21469762 0.00404899208 3.9252669
280 1096 1.20942012 0.0040314004 3.91428571
280 1096 1.20961371 0.00403204571 3.91428571
280 1096 1.20927302 0.00403091008 3.91428571
280 1096 1.21004036 0.00403346786 3.91428571
280 1096 1.20958643 0.00403195478 3.91428571
280 1096 1.20918167 0.00403060556 3.91428571
280 1096 1.20979865 0.00403266216 3.91428571
280 1096 1.20881613 0.00402938709 3.91428571
280 1096 1.20928154 0.00403093846 3.91428571
280 1096 1.20988851 0.0040329617 3.91428571
279 1085 1.19392362 0.0039797454 3.88888889
279 1085 1.1942574 0.00398085799 3.88888889
279 1085 1.19377336 0.00397924452 3.88888889
279 1085 1.19431171 0.00398103904 3.88888889
279 1085 1.19404442 0.00398014808 3.88888889
279 1085 1.19367395 0.00397891315 3.88888889
279 1085 1.19382262 0.00397940872 3.88888889
279 1085 1.19389718 0.00397965727 3.88888889
279 1085 1.19364592 0.00397881974 3.88888889
279 1085 1.19396619 0.00397988732 3.88888889
278 1080 1.16924383 0.00389747944 3.88489209
278 1078 1.17560044 0.00391866814 3.87769784
278 1077 1.17056501 0.00390188338 3.87410072
278 1076 1.18171796 0.00393905988 3.8705036
278 1076 1.18128671 0.00393762237 3.8705036
278 1076 1.18169696 0.00393898987 3.8705036
278 1076 1.18096496 0.00393654985 3.8705036
278 1076 1.18150494 0.00393834979 3.8705036
278 1076 1.1814484 0.00393816133 3.8705036
278 1076 1.18156244 0.00393854148 3.8705036
277 1069 1.16753649 0.00389178831 3.85920578
277 1069 1.16745942 0.0038915314 3.85920578
277 1069 1.16747482 0.00389158272 3.85920578
277 1069 1.16753753 0.00389179176 3.85920578
277 1069 1.1670322 0.00389010734 3.85920578
277 1069 1.16692359 0.00388974529 3.85920578
277 1069 1.16712829 0.00389042763 3.85920578
277 1069 1.16807104 0.00389357015 3.85920578
277 1069 1.16731754 0.00389105845 3.85920578
277 1069 1.16754893 0.00389182976 3.85920578
276 1063 1.15052257 0.00383507522 3.85144928
276 1063 1.15014744 0.0038338248 3.85144928
276 1063 1.15056895 0.00383522983 3.85144928
276 1063 1.15024403 0.00383414677 3.85144928
276 1066 1.15221727 0.00384072424 3.86231884
276 1066 1.15168807 0.00383896023 3.86231884
276 1066 1.15178507 0.00383928358 3.86231884
276 1066 1.15148742 0.00383829139 3.86231884
276 1066 1.1520878 0.00384029266 3.86231884
276 1066 1.15199465 0.00383998217 3.86231884
275 1063 1.13329342 0.00377764472 3.86545455
275 1060 1.13557923 0.00378526409 3.85454545
275 1058 1.13509772 0.00378365907 3.84727273
275 1057 1.1363201 0.00378773365 3.84363636
275 1057 1.13689427 0.00378964757 3.84363636
275 1057 1.13667004 0.00378890013 3.84363636
275 1060 1.13642281 0.00378807602 3.85454545
275 1060 1.13611611 0.0037870537 3.85454545
275 1060 1.13562693 0.0037854231 3.85454545
275 1060 1.13521104 0.00378403679 3.85454545
274 1049 1.12162985 0.00373876617 3.82846715
274 1049 1.12183296 0.00373944319 3.82846715
274 1049 1.12128396 0.00373761319 3.82846715
274 1049 1.12161676 0.00373872254 3.82846715
274 1049 1.12130209 0.00373767364 3.82846715
274 1049 1.12130693 0.00373768976 3.82846715
274 1049 1.12138956 0.00373796522 3.82846715
274 1049 1.12179889 0.00373932962 3.82846715
274 1049 1.12155123 0.00373850411 3.82846715
274 1049 1.12175209 0.00373917365 3.82846715
273 1043 1.10053825 0.00366846083 3.82051282
273 1043 1.10508679 0.00368362263 3.82051282
273 1043 1.10495956 0.00368319854 3.82051282
273 1043 1.10569494 0.00368564979 3.82051282
273 1043 1.10482259 0.00368274197 3.82051282
273 1041 1.10455455 0.0036818485 3.81318681
273 1041 1.10435308 0.00368117693 3.81318681
273 1041 1.10434969 0.00368116564 3.81318681
273 1040 1.10694932 0.00368983107 3.80952381
273 1040 1.10731072 0.00369103572 3.80952381
272 1032 1.08184421 0.00360614736 3.79411765
272 1035 1.08264952 0.00360883174 3.80514706
272 1035 1.08181903 0.00360606345 3.80514706
272 1038 1.0880271 0.00362675701 3.81617647
272 1034 1.09400361 0.0036466787 3.80147059
272 1034 1.09389216 0.00364630721 3.80147059
272 1034 1.09382145 0.00364607151 3.80147059
272 1034 1.09470574 0.00364901915 3.80147059
272 1034 1.09429211 0.00364764038 3.80147059
272 1034 1.09402479 0.00364674929 3.80147059
271 1028 1.0702027 0.00356734232 3.79335793
271 1026 1.06919243 0.00356397477 3.78597786
271 1026 1.07697038 0.00358990126 3.78597786
271 1026 1.0764295 0.00358809833 3.78597786
271 1026 1.07698887 0.00358996291 3.78597786
271 1026 1.07716803 0.0035905601 3.78597786
271 1026 1.076664 0.00358887999 3.78597786
271 1026 1.07692196 0.00358973988 3.78597786
271 1026 1.07682393 0.0035894131 3.78597786
271 1026 1.07726912 0.00359089705 3.78597786
270 1024 1.05713359 0.00352377864 3.79259259
270 1024 1.05798542 0.00352661805 3.79259259
270 1024 1.056504 0.00352168 3.79259259
270 1024 1.05808236 0.00352694121 3.79259259
270 1024 1.05649069 0.00352163563 3.79259259
270 1024 1.05670344 0.00352234482 3.79259259
270 1024 1.05679927 0.00352266422 3.79259259
270 1024 1.05733257 0.0035244419 3.79259259
270 1024 1.05697897 0.00352326324 3.79259259
270 1024 1.05686433 0.0035228811 3.79259259
269 1016 1.03316235 0.0034438745 3.77695167
269 1016 1.03405438 0.00344684793 3.77695167
269 1016 1.03406872 0.00344689573 3.77695167
269 1016 1.03442724 0.00344809079 3.77695167
269 1018 1.03700127 0.00345667091 3.78438662
269 1018 1.03696422 0.00345654738 3.78438662
269 1018 1.03656383 0.00345521278 3.78438662
269 1018 1.03745252 0.00345817508 3.78438662
269 1018 1.03662482 0.00345541607 3.78438662
269 1018 1.03705151 0.00345683835 3.78438662
268 1013 1.0116781 0.00337226034 3.77985075
268 1010 1.01100076 0.00337000254 3.76865672
268 1016 1.01369687 0.00337898957 3.79104478
268 1013 1.01455109 0.00338183695 3.77985075
268 1010 1.01499649 0.00338332165 3.76865672
268 1010 1.01505584 0.00338351948 3.76865672
268 1010 1.01473517 0.00338245056 3.76865672
268 1010 1.01443819 0.00338146063 3.76865672
268 1010 1.0147634 0.00338254467 3.76865672
268 1010 1.0141028 0.00338034265 3.76865672
267 1006 0.993811796 0.00331270599 3.76779026
267 1004 0.992789387 0.00330929796 3.76029963
267 1004 0.993618382 0.00331206127 3.76029963
267 1004 0.993172704 0.00331057568 3.76029963
267 1004 0.993653362 0.00331217787 3.76029963
267 1004 0.99341851 0.00331139503 3.76029963
267 1004 0.993281957 0.00331093986 3.76029963
267 1004 0.993241689 0.00331080563 3.76029963
267 1004 0.993291951 0.00331097317 3.76029963
267 1004 0.992771286 0.00330923762 3.76029963
266 998 0.960522426 0.00320174142 3.7518797
266 1002 0.970922769 0.00323640923 3.76691729
266 1002 0.971015524 0.00323671841 3.76691729
266 1000 0.971844695 0.00323948232 3.7593985
266 1000 0.97204195 0.00324013983 3.7593985
266 998 0.976121955 0.00325373985 3.7518797
266 998 0.976271608 0.00325423869 3.7518797
266 1000 0.977198185 0.00325732728 3.7593985
266 1000 0.976435241 0.00325478414 3.7593985
266 1000 0.975771647 0.00325257216 3.7593985
265 995 0.94773352 0.00315911173 3.75471698
265 990 0.946837527 0.00315612509 3.73584906
265 988 0.947832371 0.00315944124 3.72830189
265 998 0.95580444 0.0031860148 3.76603774
265 998 0.956458672 0.00318819557 3.76603774
265 998 0.954750974 0.00318250325 3.76603774
265 998 0.95100055 0.00317000183 3.76603774
265 998 0.956320191 0.00318773397 3.76603774
265 998 0.955781616 0.00318593872 3.76603774
265 992 0.956277086 0.00318759029 3.74339623
264 980 0.927822572 0.00309274191 3.71212121
264 988 0.921122329 0.00307040776 3.74242424
264 988 0.919837636 0.00306612545 3.74242424
264 980 0.919448372 0.00306482791 3.71212121
264 980 0.919793249 0.0030659775 3.71212121
264 980 0.918930627 0.00306310209 3.71212121
264 980 0.919420046 0.00306473349 3.71212121
264 978 0.917862034 0.00305954011 3.70454545
264 978 0.918054049 0.00306018016 3.70454545
264 978 0.927262996 0.00309087665 3.70454545
263 974 0.914847838 0.00304949279 3.70342205
263 974 0.915107608 0.00305035869 3.70342205
263 974 0.915361288 0.00305120429 3.70342205
262 972 0.896063073 0.00298687691 3.70992366
262 972 0.896230014 0.00298743338 3.70992366
262 972 0.895759141 0.0029858638 3.70992366
262 970 0.895286741 0.00298428914 3.70229008
262 970 0.894871143 0.00298290381 3.70229008
262 972 0.896650954 0.00298883651 3.70992366
262 972 0.895731072 0.00298577024 3.70992366
261 964 0.865348771 0.0028844959 3.69348659
261 964 0.864053371 0.0028801779 3.69348659
261 966 0.87672962 0.00292243207 3.70114943
261 966 0.87754911 0.0029251637 3.70114943
261 966 0.877441927 0.00292480642 3.70114943
261 966 0.877807053 0.00292602351 3.70114943
261 966 0.877843249 0.00292614416 3.70114943
261 966 0.876753793 0.00292251264 3.70114943
261 966 0.877432958 0.00292477653 3.70114943
261 966 0.877427086 0.00292475695 3.70114943
260 962 0.859073798 0.00286357933 3.7
260 962 0.858362351 0.00286120784 3.7
260 962 0.859439536 0.00286479845 3.7
260 962 0.859239457 0.00286413152 3.7
260 962 0.858588296 0.00286196099 3.7
260 962 0.858864402 0.00286288134 3.7
260 962 0.859244367 0.00286414789 3.7
260 962 0.858163437 0.00286054479 3.7
260 962 0.859271312 0.00286423771 3.7
260 962 0.858300043 0.00286100014 3.7
259 956 0.838920665 0.00279640222 3.69111969
259 956 0.838885969 0.00279628656 3.69111969
259 956 0.838441147 0.00279480382 3.69111969
259 956 0.839642817 0.00279880939 3.69111969
259 956 0.838819132 0.00279606377 3.69111969
259 956 0.836812487 0.00278937496 3.69111969
259 956 0.836118959 0.0027870632 3.69111969
259 956 0.836657881 0.0027888596 3.69111969
259 956 0.83974885 0.00279916283 3.69111969
259 956 0.839242507 0.00279747502 3.69111969
258 951 0.809575757 0.00269858586 3.68604651
258 951 0.811385881 0.0027046196 3.68604651
258 951 0.815203368 0.00271734456 3.68604651
258 951 0.815688726 0.00271896242 3.68604651
258 951 0.816291026 0.00272097009 3.68604651
258 951 0.815951677 0.00271983892 3.68604651
258 951 0.816122892 0.00272040964 3.68604651
258 951 0.813815642 0.00271271881 3.68604651
258 951 0.810940261 0.0027031342 3.68604651
258 951 0.811619241 0.00270539747 3.68604651
257 941 0.79109479 0.00263698263 3.6614786
257 941 0.793334817 0.00264444939 3.6614786
257 941 0.791391928 0.00263797309 3.6614786
257 941 0.791343992 0.00263781331 3.6614786
257 941 0.793075997 0.00264358666 3.6614786
257 941 0.792279082 0.00264093027 3.6614786
257 941 0.792602007 0.00264200669 3.6614786
257 941 0.790824833 0.00263608278 3.6614786
257 941 0.793829317 0.00264609772 3.6614786
257 941 0.791870149 0.00263956716 3.6614786
256 935 0.762218712 0.00254072904 3.65234375
256 935 0.762895301 0.00254298434 3.65234375
256 935 0.761952517 0.00253984172 3.65234375
256 935 0.760385574 0.00253461858 3.65234375
256 935 0.76207808 0.00254026027 3.65234375
256 938 0.767541702 0.00255847234 3.6640625
256 938 0.769328551 0.0025644285 3.6640625
256 938 0.768954772 0.00256318257 3.6640625
256 938 0.76824116 0.00256080387 3.6640625
256 938 0.769130834 0.00256376945 3.6640625
255 933 0.740063914 0.00246687971 3.65882353
255 933 0.740351821 0.0024678394 3.65882353
255 933 0.740353777 0.00246784592 3.65882353
255 933 0.740641835 0.00246880612 3.65882353
255 933 0.737723419 0.00245907806 3.65882353
255 933 0.740624984 0.00246874995 3.65882353
255 933 0.740610882 0.00246870294 3.65882353
255 933 0.740393834 0.00246797945 3.65882353
255 933 0.739832676 0.00246610892 3.65882353
255 933 0.739812311 0.00246604104 3.65882353
254 928 0.708325172 0.00236108391 3.65354331
254 928 0.70847609 0.00236158697 3.65354331
254 926 0.711916995 0.00237305665 3.64566929
254 926 0.716233838 0.00238744613 3.64566929
254 926 0.715568738 0.00238522913 3.64566929
254 923 0.715912238 0.00238637413 3.63385827
254 923 0.716007186 0.00238669062 3.63385827
253 916 0.694456266 0.00231485422 3.62055336
253 916 0.69617473 0.00232058243 3.62055336
253 916 0.695522021 0.00231840674 3.62055336
252 911 0.666830337 0.00222276779 3.61507937
252 908 0.668101751 0.00222700584 3.6031746
252 908 0.668616861 0.00222872287 3.6031746
252 908 0.667188212 0.00222396071 3.6031746
252 908 0.66856799 0.00222855997 3.6031746
252 908 0.668629242 0.00222876414 3.6031746
252 908 0.669040003 0.00223013334 3.6031746
252 908 0.668384221 0.0022279474 3.6031746
252 908 0.668338331 0.00222779444 3.6031746
252 908 0.668088591 0.00222696197 3.6031746
251 905 0.632429334 0.00210809778 3.60557769
251 901 0.634432553 0.00211477518 3.58964143
251 901 0.634673 0.00211557667 3.58964143
251 901 0.634477686 0.00211492562 3.58964143
251 902 0.629704463 0.00209901488 3.5936255
251 903 0.640135725 0.00213378575 3.59760956
251 903 0.640444127 0.00213481376 3.59760956
251 903 0.639982545 0.00213327515 3.59760956
251 903 0.639868729 0.00213289576 3.59760956
251 901 0.64133233 0.00213777443 3.58964143
250 898 0.612391506 0.00204130502 3.592
250 898 0.61969492 0.00206564973 3.592
250 898 0.618672712 0.00206224237 3.592
250 898 0.618998235 0.00206332745 3.592
250 898 0.619272169 0.00206424056 3.592
250 898 0.618849558 0.00206283186 3.592
250 898 0.619002436 0.00206334145 3.592
250 898 0.61949099 0.00206496997 3.592
250 898 0.619824761 0.00206608254 3.592
250 898 0.619245046 0.00206415015 3.592
249 894 0.589853905 0.00196617968 3.59036145
249 894 0.590987635 0.00196995878 3.59036145
249 890 0.592961729 0.0019765391 3.57429719
249 890 0.592631278 0.00197543759 3.57429719
249 895 0.590435536 0.00196811845 3.59437751
249 895 0.591404775 0.00197134925 3.59437751
249 895 0.591308485 0.00197102828 3.59437751
249 895 0.591400162 0.00197133387 3.59437751
249 895 0.591249983 0.00197083328 3.59437751
249 895 0.591487977 0.00197162659 3.59437751
248 889 0.556556641 0.0018551888 3.58467742
248 887 0.565982619 0.00188660873 3.5766129
248 887 0.565170144 0.00188390048 3.5766129
248 887 0.56535639 0.0018845213 3.5766129
248 887 0.564629826 0.00188209942 3.5766129
248 887 0.563935139 0.0018797838 3.5766129
248 887 0.565193942 0.00188397981 3.5766129
248 887 0.567049562 0.00189016521 3.5766129
248 887 0.564812637 0.00188270879 3.5766129
248 887 0.565236311 0.00188412104 3.5766129
247 881 0.534451386 0.00178150462 3.56680162
247 882 0.529330351 0.0017644345 3.5708502
247 882 0.529004405 0.00176334802 3.5708502
247 882 0.529509037 0.00176503012 3.5708502
247 882 0.529919573 0.00176639858 3.5708502
247 880 0.54213003 0.0018071001 3.56275304
247 881 0.543290365 0.00181096788 3.56680162
247 881 0.543291186 0.00181097062 3.56680162
247 882 0.551665732 0.00183888577 3.5708502
247 882 0.551494561 0.0018383152 3.5708502
246 874 0.523213784 0.00174404595 3.55284553
246 878 0.523618195 0.00174539398 3.56910569
246 875 0.525101894 0.00175033965 3.55691057
246 875 0.524359277 0.00174786426 3.55691057
246 875 0.52492413 0.0017497471 3.55691057
246 875 0.524246816 0.00174748939 3.55691057
246 878 0.524244049 0.00174748016 3.56910569
246 878 0.523890083 0.00174630028 3.56910569
246 878 0.52427696 0.00174758987 3.56910569
246 878 0.524229002 0.00174743001 3.56910569
245 873 0.496856166 0.00165618722 3.56326531
245 873 0.497154248 0.00165718083 3.56326531
245 874 0.497435301 0.00165811767 3.56734694
245 871 0.498341959 0.00166113986 3.55510204
245 871 0.497193973 0.00165731324 3.55510204
245 871 0.49856745 0.0016618915 3.55510204
245 871 0.497259093 0.00165753031 3.55510204
245 871 0.499517702 0.00166505901 3.55510204
245 871 0.498881521 0.0016629384 3.55510204
245 871 0.497930486 0.00165976829 3.55510204
244 863 0.462853798 0.00154284599 3.53688525
244 868 0.469161771 0.00156387257 3.55737705
244 868 0.470449619 0.0015681654 3.55737705
SP does not find any fixed points -> SP does not converge.
I am sorry I quit :(
