START ALGORITHM:
I am going to build an instance with N: 300 variables and 1245 clauses with a clause density equal to 4.15
START BSP WITH r=0.9:
Decimation scorer: cert
END UNIT PROPAGATION
300 1245 1.38774508 0.00462581693 4.15
300 1245 1.38663718 0.00462212392 4.15
300 1245 1.38548734 0.00461829114 4.15
300 1245 1.38572332 0.00461907774 4.15
300 1245 1.38608315 0.00462027715 4.15
300 1245 1.38576971 0.00461923236 4.15
300 1245 1.3862571 0.00462085701 4.15
300 1245 1.3867065 0.00462235501 4.15
300 1245 1.38647494 0.00462158314 4.15
299 1243 1.38596731 0.00461989104 4.15719064
299 1243 1.38619252 0.00462064173 4.15719064
299 1243 1.38646075 0.00462153582 4.15719064
299 1243 1.38635218 0.00462117394 4.15719064
299 1243 1.38663978 0.0046221326 4.15719064
299 1243 1.38648127 0.00462160425 4.15719064
299 1243 1.38645756 0.00462152521 4.15719064
299 1243 1.38619833 0.0046206611 4.15719064
299 1243 1.38642861 0.00462142872 4.15719064
299 1243 1.38630131 0.00462100438 4.15719064
298 1235 1.38629831 0.00462099436 4.1442953
298 1235 1.38619011 0.0046206337 4.1442953
298 1235 1.38639234 0.00462130779 4.1442953
298 1235 1.386346 0.00462115332 4.1442953
298 1235 1.38610029 0.0046203343 4.1442953
298 1235 1.38644841 0.00462149469 4.1442953
298 1235 1.38631101 0.00462103668 4.1442953
298 1235 1.3862769 0.00462092301 4.1442953
298 1235 1.38624711 0.00462082371 4.1442953
298 1235 1.38638758 0.00462129195 4.1442953
297 1223 1.38110328 0.00460367762 4.11784512
297 1223 1.38101029 0.00460336762 4.11784512
297 1223 1.38102045 0.00460340149 4.11784512
297 1223 1.38118676 0.00460395588 4.11784512
297 1223 1.38112184 0.00460373947 4.11784512
297 1223 1.38094626 0.00460315419 4.11784512
297 1223 1.38104268 0.00460347561 4.11784512
297 1223 1.38084335 0.00460281117 4.11784512
297 1223 1.38082869 0.0046027623 4.11784512
297 1223 1.3813386 0.00460446199 4.11784512
296 1212 1.37343333 0.00457811111 4.09459459
296 1212 1.37326096 0.00457753653 4.09459459
296 1212 1.37314881 0.0045771627 4.09459459
296 1212 1.3732542 0.00457751401 4.09459459
296 1220 1.3740048 0.00458001601 4.12162162
296 1220 1.37409343 0.00458031144 4.12162162
296 1220 1.3739333 0.00457977766 4.12162162
296 1220 1.37412924 0.0045804308 4.12162162
296 1220 1.37385002 0.00457950008 4.12162162
296 1220 1.37417062 0.00458056874 4.12162162
295 1212 1.36033106 0.00453443685 4.10847458
295 1212 1.363083 0.00454361001 4.10847458
295 1215 1.3656843 0.00455228099 4.11864407
295 1215 1.36559511 0.0045519837 4.11864407
295 1215 1.36570512 0.00455235041 4.11864407
295 1215 1.36558387 0.00455194622 4.11864407
295 1215 1.36552008 0.0045517336 4.11864407
295 1215 1.36554445 0.00455181483 4.11864407
295 1215 1.36564669 0.00455215564 4.11864407
295 1215 1.36563102 0.00455210339 4.11864407
294 1204 1.35300244 0.00451000815 4.0952381
294 1205 1.35385455 0.00451284851 4.09863946
294 1204 1.35764361 0.00452547871 4.0952381
294 1198 1.35782173 0.00452607242 4.07482993
294 1198 1.35809847 0.0045269949 4.07482993
294 1198 1.35759352 0.00452531173 4.07482993
294 1204 1.35823704 0.00452745679 4.0952381
294 1204 1.35792933 0.0045264311 4.0952381
294 1204 1.35797257 0.00452657525 4.0952381
294 1204 1.35783226 0.00452610753 4.0952381
293 1196 1.34723354 0.00449077845 4.08191126
293 1196 1.34727571 0.00449091904 4.08191126
293 1196 1.34749718 0.00449165727 4.08191126
293 1196 1.3472066 0.00449068866 4.08191126
293 1196 1.34721259 0.00449070862 4.08191126
293 1193 1.34962163 0.00449873877 4.07167235
293 1193 1.34954459 0.00449848197 4.07167235
293 1193 1.34944874 0.00449816246 4.07167235
293 1193 1.34971512 0.0044990504 4.07167235
293 1193 1.3495596 0.00449853199 4.07167235
292 1182 1.33214927 0.00444049758 4.04794521
292 1184 1.33800647 0.00446002155 4.05479452
292 1185 1.33880703 0.00446269009 4.05821918
292 1182 1.33988285 0.00446627618 4.04794521
292 1182 1.33964922 0.00446549741 4.04794521
292 1182 1.33929361 0.00446431205 4.04794521
292 1182 1.33976089 0.00446586963 4.04794521
292 1182 1.33963721 0.00446545737 4.04794521
292 1182 1.33971478 0.00446571592 4.04794521
292 1182 1.33973126 0.00446577085 4.04794521
291 1176 1.32590951 0.00441969836 4.04123711
291 1175 1.32943537 0.00443145124 4.03780069
291 1175 1.3290689 0.00443022967 4.03780069
291 1175 1.32992582 0.00443308607 4.03780069
291 1175 1.32929813 0.00443099375 4.03780069
291 1175 1.3293786 0.00443126201 4.03780069
291 1175 1.32930487 0.00443101624 4.03780069
291 1175 1.32924659 0.00443082195 4.03780069
291 1175 1.32945033 0.00443150108 4.03780069
291 1175 1.32947063 0.00443156877 4.03780069
290 1170 1.31805367 0.00439351225 4.03448276
290 1170 1.31774891 0.00439249636 4.03448276
290 1166 1.31837462 0.00439458208 4.02068966
290 1166 1.31823692 0.00439412305 4.02068966
290 1166 1.31821028 0.00439403427 4.02068966
290 1166 1.3182617 0.00439420567 4.02068966
290 1166 1.31808923 0.00439363075 4.02068966
290 1166 1.31841339 0.0043947113 4.02068966
290 1166 1.31894692 0.00439648972 4.02068966
290 1166 1.31849323 0.00439497744 4.02068966
289 1159 1.305304 0.00435101332 4.01038062
289 1159 1.30594493 0.00435314977 4.01038062
289 1158 1.30728994 0.00435763313 4.00692042
289 1158 1.30760784 0.00435869279 4.00692042
289 1158 1.30718621 0.00435728736 4.00692042
289 1161 1.30771955 0.00435906517 4.01730104
289 1161 1.30755694 0.00435852313 4.01730104
289 1161 1.30749579 0.00435831931 4.01730104
289 1161 1.30746222 0.0043582074 4.01730104
289 1161 1.30795327 0.00435984424 4.01730104
288 1157 1.28697722 0.00428992407 4.01736111
288 1154 1.29251099 0.00430836998 4.00694444
288 1154 1.29230091 0.00430766971 4.00694444
288 1151 1.28386796 0.00427955988 3.99652778
288 1150 1.28924342 0.00429747808 3.99305556
288 1150 1.29853265 0.00432844216 3.99305556
288 1152 1.30010844 0.00433369481 4
288 1156 1.29962736 0.00433209119 4.01388889
288 1156 1.29951119 0.00433170398 4.01388889
288 1156 1.2995181 0.00433172701 4.01388889
287 1149 1.28589924 0.00428633081 4.00348432
287 1148 1.28821736 0.00429405788 4
287 1151 1.28864516 0.00429548386 4.01045296
287 1151 1.28938437 0.00429794789 4.01045296
287 1151 1.28905662 0.00429685539 4.01045296
287 1146 1.29130078 0.00430433592 3.99303136
287 1146 1.29081805 0.00430272683 3.99303136
287 1146 1.29057617 0.00430192058 3.99303136
287 1146 1.29078894 0.0043026298 3.99303136
287 1146 1.29056885 0.00430189615 3.99303136
286 1141 1.28011274 0.00426704248 3.98951049
286 1141 1.27999181 0.00426663936 3.98951049
286 1141 1.28041601 0.00426805337 3.98951049
286 1141 1.28040595 0.00426801983 3.98951049
286 1141 1.28030916 0.00426769718 3.98951049
286 1141 1.28002968 0.00426676559 3.98951049
286 1141 1.28036734 0.00426789115 3.98951049
286 1141 1.28012826 0.00426709419 3.98951049
286 1137 1.28012662 0.00426708874 3.97552448
286 1137 1.28014882 0.00426716274 3.97552448
285 1129 1.26888931 0.00422963103 3.96140351
285 1132 1.27024166 0.00423413885 3.97192982
285 1132 1.27030594 0.00423435313 3.97192982
285 1132 1.27030413 0.0042343471 3.97192982
285 1132 1.27014882 0.00423382941 3.97192982
285 1132 1.27008105 0.00423360349 3.97192982
285 1132 1.27018418 0.00423394728 3.97192982
285 1132 1.26975029 0.00423250095 3.97192982
285 1132 1.27013264 0.00423377548 3.97192982
285 1132 1.27013142 0.00423377141 3.97192982
284 1124 1.25965996 0.00419886653 3.95774648
284 1124 1.2589785 0.00419659502 3.95774648
284 1124 1.25919818 0.00419732726 3.95774648
284 1124 1.25951752 0.00419839175 3.95774648
284 1124 1.25976031 0.00419920104 3.95774648
284 1124 1.25974308 0.00419914361 3.95774648
284 1124 1.25933656 0.00419778852 3.95774648
284 1124 1.25954794 0.00419849313 3.95774648
284 1124 1.2598211 0.00419940368 3.95774648
284 1124 1.26007627 0.00420025424 3.95774648
283 1117 1.24766783 0.00415889277 3.94699647
283 1117 1.24791034 0.00415970113 3.94699647
283 1117 1.24725332 0.00415751106 3.94699647
283 1117 1.24730621 0.00415768736 3.94699647
283 1117 1.24727051 0.00415756837 3.94699647
283 1117 1.24733097 0.00415776991 3.94699647
283 1117 1.24732272 0.0041577424 3.94699647
283 1117 1.2477787 0.00415926233 3.94699647
283 1117 1.24754078 0.00415846928 3.94699647
283 1117 1.24774374 0.00415914581 3.94699647
282 1113 1.22682508 0.00408941693 3.94680851
282 1110 1.23042239 0.00410140795 3.93617021
282 1110 1.23009294 0.0041003098 3.93617021
282 1106 1.2318907 0.00410630233 3.92198582
282 1106 1.23216916 0.00410723054 3.92198582
282 1106 1.23170332 0.00410567773 3.92198582
282 1106 1.23196002 0.00410653339 3.92198582
282 1106 1.23169198 0.00410563993 3.92198582
282 1106 1.23201928 0.00410673095 3.92198582
282 1106 1.23190798 0.00410635993 3.92198582
281 1099 1.21568853 0.0040522951 3.91103203
281 1099 1.21559298 0.00405197662 3.91103203
281 1099 1.21467599 0.00404891997 3.91103203
281 1099 1.21450571 0.00404835238 3.91103203
281 1103 1.2192824 0.00406427468 3.9252669
281 1103 1.21913486 0.00406378286 3.9252669
281 1103 1.21428936 0.00404763121 3.9252669
281 1103 1.21752217 0.00405840723 3.9252669
281 1103 1.21760353 0.00405867844 3.9252669
281 1103 1.21773084 0.0040591028 3.9252669
280 1096 1.2095506 0.00403183534 3.91428571
280 1096 1.20951245 0.00403170816 3.91428571
280 1096 1.20980792 0.00403269307 3.91428571
280 1096 1.20978623 0.00403262076 3.91428571
280 1096 1.20943907 0.00403146357 3.91428571
280 1096 1.20932308 0.00403107692 3.91428571
280 1096 1.20959132 0.00403197107 3.91428571
280 1096 1.20980485 0.00403268284 3.91428571
280 1096 1.20954403 0.00403181344 3.91428571
280 1096 1.20947065 0.00403156885 3.91428571
279 1085 1.19431193 0.00398103975 3.88888889
279 1085 1.19397466 0.00397991553 3.88888889
279 1085 1.19433916 0.00398113055 3.88888889
279 1085 1.19385514 0.00397951714 3.88888889
279 1085 1.19421977 0.00398073257 3.88888889
279 1085 1.19340845 0.00397802815 3.88888889
279 1085 1.19373617 0.00397912058 3.88888889
279 1085 1.19384339 0.00397947796 3.88888889
279 1085 1.19395341 0.0039798447 3.88888889
279 1085 1.19382768 0.0039794256 3.88888889
278 1077 1.1706301 0.00390210033 3.87410072
277 1065 1.1668011 0.00388933698 3.84476534
277 1065 1.16662768 0.00388875894 3.84476534
277 1069 1.16764532 0.00389215108 3.85920578
277 1069 1.16727731 0.00389092437 3.85920578
277 1069 1.16729088 0.00389096961 3.85920578
277 1069 1.16751168 0.00389170562 3.85920578
277 1069 1.16709719 0.00389032396 3.85920578
277 1069 1.16766885 0.00389222949 3.85920578
277 1069 1.16743085 0.00389143617 3.85920578
276 1058 1.1526335 0.00384211167 3.83333333
276 1058 1.15265656 0.00384218853 3.83333333
276 1058 1.15274993 0.00384249975 3.83333333
276 1058 1.15262272 0.00384207574 3.83333333
276 1058 1.15260985 0.00384203283 3.83333333
276 1058 1.15263323 0.00384211076 3.83333333
276 1058 1.15292002 0.00384306675 3.83333333
276 1058 1.15240586 0.00384135288 3.83333333
276 1058 1.1528893 0.00384296433 3.83333333
276 1058 1.15278316 0.00384261054 3.83333333
275 1050 1.1361461 0.00378715367 3.81818182
275 1050 1.13614136 0.00378713787 3.81818182
275 1050 1.13618647 0.00378728824 3.81818182
275 1050 1.13624332 0.00378747772 3.81818182
275 1050 1.13597448 0.00378658161 3.81818182
275 1055 1.13690227 0.00378967425 3.83636364
275 1055 1.13698531 0.00378995104 3.83636364
275 1055 1.13641585 0.00378805283 3.83636364
275 1055 1.13624525 0.00378748417 3.83636364
275 1049 1.12210206 0.0037403402 3.81454545
274 1046 1.12213797 0.00374045991 3.81751825
274 1046 1.12139624 0.00373798746 3.81751825
274 1046 1.12178636 0.00373928787 3.81751825
274 1046 1.12143489 0.00373811629 3.81751825
274 1046 1.12190962 0.00373969873 3.81751825
274 1046 1.12166737 0.00373889122 3.81751825
274 1046 1.12173726 0.00373912419 3.81751825
274 1046 1.12148867 0.00373829556 3.81751825
274 1046 1.12174497 0.0037391499 3.81751825
274 1046 1.12160907 0.0037386969 3.81751825
273 1040 1.10882066 0.00369606887 3.80952381
273 1040 1.10857912 0.00369526374 3.80952381
273 1040 1.10856474 0.00369521581 3.80952381
273 1040 1.10886521 0.00369621737 3.80952381
273 1040 1.1084668 0.00369488934 3.80952381
273 1040 1.10849938 0.00369499795 3.80952381
273 1040 1.10821409 0.00369404697 3.80952381
273 1040 1.10925617 0.00369752057 3.80952381
273 1040 1.10865797 0.00369552657 3.80952381
273 1043 1.10536286 0.00368454288 3.82051282
272 1041 1.08524033 0.00361746778 3.82720588
272 1034 1.09384699 0.00364615664 3.80147059
272 1034 1.09388136 0.00364627121 3.80147059
272 1034 1.09373415 0.0036457805 3.80147059
272 1034 1.09380188 0.00364600628 3.80147059
272 1034 1.09456486 0.00364854955 3.80147059
272 1034 1.09401793 0.00364672645 3.80147059
272 1034 1.09373216 0.00364577388 3.80147059
272 1034 1.09404458 0.00364681526 3.80147059
272 1034 1.09385708 0.00364619028 3.80147059
271 1029 1.06889125 0.00356297083 3.79704797
271 1032 1.07095544 0.00356985147 3.80811808
271 1032 1.07111693 0.00357038976 3.80811808
271 1028 1.07368856 0.00357896185 3.79335793
271 1026 1.07719058 0.00359063525 3.78597786
271 1026 1.07728773 0.00359095908 3.78597786
271 1026 1.07710746 0.0035903582 3.78597786
271 1026 1.07715507 0.0035905169 3.78597786
271 1026 1.07739129 0.00359130431 3.78597786
271 1026 1.07736389 0.00359121297 3.78597786
270 1021 1.05168236 0.00350560787 3.78148148
270 1018 1.0544635 0.00351487832 3.77037037
270 1024 1.05738971 0.00352463237 3.79259259
270 1024 1.05678158 0.00352260527 3.79259259
270 1024 1.05758261 0.00352527536 3.79259259
270 1024 1.05704798 0.00352349327 3.79259259
270 1024 1.0587542 0.00352918066 3.79259259
270 1024 1.05693064 0.00352310214 3.79259259
270 1024 1.05686166 0.00352287218 3.79259259
270 1024 1.05752053 0.00352506844 3.79259259
269 1018 1.0362519 0.00345417299 3.78438662
269 1018 1.03771224 0.0034590408 3.78438662
269 1018 1.03682338 0.00345607794 3.78438662
269 1018 1.03453013 0.00344843377 3.78438662
269 1018 1.03735577 0.00345785257 3.78438662
269 1018 1.03664461 0.00345548202 3.78438662
269 1018 1.03675215 0.0034558405 3.78438662
269 1018 1.03755222 0.00345850741 3.78438662
269 1018 1.03679084 0.00345596946 3.78438662
269 1018 1.0371237 0.00345707902 3.78438662
268 1010 1.01295882 0.00337652941 3.76865672
268 1014 1.01452114 0.00338173714 3.78358209
268 1010 1.01117345 0.00337057818 3.76865672
268 1010 1.01149246 0.00337164152 3.76865672
268 1008 1.01755242 0.00339184141 3.76119403
268 1008 1.01761496 0.00339204988 3.76119403
268 1012 1.017716 0.00339238667 3.7761194
268 1012 1.0179004 0.00339300134 3.7761194
268 1012 1.01801836 0.00339339455 3.7761194
268 1012 1.01713344 0.00339044479 3.7761194
267 1004 0.994203151 0.0033140105 3.76029963
267 1004 0.99317176 0.00331057253 3.76029963
267 1010 0.99749473 0.00332498243 3.78277154
267 1006 0.997261925 0.00332420642 3.76779026
267 1006 0.997042497 0.00332347499 3.76779026
267 1006 0.99777742 0.00332592473 3.76779026
267 1006 0.997554226 0.00332518075 3.76779026
267 1006 0.998340434 0.00332780145 3.76779026
267 1006 0.997429623 0.00332476541 3.76779026
267 1006 0.997006299 0.00332335433 3.76779026
266 998 0.975864131 0.00325288044 3.7518797
266 1004 0.975903182 0.00325301061 3.77443609
266 1004 0.976279767 0.00325426589 3.77443609
266 1004 0.97582445 0.00325274817 3.77443609
266 1004 0.976412024 0.00325470675 3.77443609
266 1004 0.976474259 0.0032549142 3.77443609
266 1004 0.976936951 0.0032564565 3.77443609
266 1004 0.97670553 0.0032556851 3.77443609
266 1004 0.976749243 0.00325583081 3.77443609
266 1004 0.977069423 0.00325689808 3.77443609
265 999 0.945510295 0.00315170098 3.76981132
265 999 0.956346677 0.00318782226 3.76981132
265 999 0.956348167 0.00318782722 3.76981132
265 998 0.954623528 0.00318207843 3.76603774
265 998 0.955826537 0.00318608846 3.76603774
265 996 0.955066699 0.00318355566 3.75849057
265 994 0.954443224 0.00318147741 3.7509434
265 996 0.955145032 0.00318381677 3.75849057
265 998 0.956218864 0.00318739621 3.76603774
265 998 0.955886303 0.00318628768 3.76603774
264 988 0.928411146 0.00309470382 3.74242424
264 988 0.927362068 0.00309120689 3.74242424
264 995 0.928599872 0.00309533291 3.76893939
264 990 0.934313808 0.00311437936 3.75
264 990 0.935110303 0.00311703434 3.75
264 990 0.935709488 0.00311903163 3.75
264 990 0.934046799 0.00311348933 3.75
264 990 0.935009535 0.00311669845 3.75
264 990 0.934871107 0.00311623702 3.75
264 993 0.935496753 0.00311832251 3.76136364
263 981 0.906996975 0.00302332325 3.73003802
263 989 0.900860942 0.00300286981 3.76045627
263 982 0.909684609 0.00303228203 3.7338403
263 982 0.909886122 0.00303295374 3.7338403
263 982 0.910088072 0.00303362691 3.7338403
263 982 0.909823999 0.00303274666 3.7338403
263 982 0.909451458 0.00303150486 3.7338403
263 982 0.909011909 0.0030300397 3.7338403
263 982 0.909790822 0.00303263607 3.7338403
263 982 0.910036483 0.00303345494 3.7338403
262 974 0.889500563 0.00296500188 3.71755725
262 974 0.890264346 0.00296754782 3.71755725
262 974 0.888928561 0.0029630952 3.71755725
262 974 0.88711655 0.00295705517 3.71755725
262 977 0.889260574 0.00296420191 3.72900763
262 977 0.888949561 0.0029631652 3.72900763
262 977 0.889550008 0.00296516669 3.72900763
262 977 0.889271884 0.00296423961 3.72900763
262 977 0.889192592 0.00296397531 3.72900763
262 977 0.889298824 0.00296432941 3.72900763
261 969 0.856612425 0.00285537475 3.71264368
261 969 0.856307441 0.00285435814 3.71264368
261 970 0.869825491 0.0028994183 3.7164751
261 970 0.869691184 0.00289897061 3.7164751
261 970 0.869413914 0.00289804638 3.7164751
261 970 0.869152479 0.00289717493 3.7164751
261 970 0.869587014 0.00289862338 3.7164751
261 970 0.868617276 0.00289539092 3.7164751
261 970 0.870501984 0.00290167328 3.7164751
261 970 0.870087052 0.00290029017 3.7164751
260 962 0.849268273 0.00283089424 3.7
260 962 0.848935624 0.00282978541 3.7
259 956 0.838658122 0.00279552707 3.69111969
259 956 0.838768297 0.00279589432 3.69111969
259 956 0.838613357 0.00279537786 3.69111969
259 956 0.838711687 0.00279570562 3.69111969
259 956 0.839164088 0.00279721363 3.69111969
259 956 0.838576508 0.00279525503 3.69111969
259 956 0.839077083 0.00279692361 3.69111969
259 956 0.839127055 0.00279709018 3.69111969
258 951 0.815024647 0.00271674882 3.68604651
258 951 0.815535578 0.00271845193 3.68604651
258 951 0.815059979 0.0027168666 3.68604651
258 951 0.815873554 0.00271957851 3.68604651
258 951 0.813754846 0.00271251615 3.68604651
258 946 0.816495499 0.00272165166 3.66666667
258 946 0.814602334 0.00271534111 3.66666667
258 946 0.815591212 0.00271863737 3.66666667
258 946 0.815417475 0.00271805825 3.66666667
258 946 0.815363423 0.00271787808 3.66666667
257 941 0.786707517 0.00262235839 3.6614786
257 941 0.785819627 0.00261939876 3.6614786
257 941 0.791706603 0.00263902201 3.6614786
257 941 0.789450019 0.00263150006 3.6614786
257 941 0.793072208 0.00264357403 3.6614786
257 941 0.792228955 0.00264076318 3.6614786
257 941 0.79210697 0.00264035657 3.6614786
257 941 0.792210245 0.00264070082 3.6614786
257 941 0.792848301 0.00264282767 3.6614786
257 941 0.792261129 0.00264087043 3.6614786
256 938 0.769238317 0.00256412772 3.6640625
256 938 0.7686709 0.00256223633 3.6640625
256 938 0.76880522 0.00256268407 3.6640625
256 938 0.768638302 0.00256212767 3.6640625
256 938 0.769332318 0.00256444106 3.6640625
256 938 0.769564491 0.00256521497 3.6640625
256 938 0.770506562 0.00256835521 3.6640625
256 938 0.767308213 0.00255769404 3.6640625
256 938 0.769178617 0.00256392872 3.6640625
256 938 0.768776152 0.00256258717 3.6640625
255 930 0.739071156 0.00246357052 3.64705882
255 930 0.738701881 0.0024623396 3.64705882
255 930 0.738840536 0.00246280179 3.64705882
255 930 0.737076621 0.00245692207 3.64705882
255 930 0.737008854 0.00245669618 3.64705882
255 933 0.740648497 0.00246882832 3.65882353
255 933 0.740262131 0.00246754044 3.65882353
255 933 0.740407452 0.00246802484 3.65882353
255 933 0.739783126 0.00246594375 3.65882353
255 933 0.740357842 0.00246785947 3.65882353
254 926 0.711032199 0.00237010733 3.64566929
254 926 0.708990301 0.002363301 3.64566929
254 926 0.713182381 0.0023772746 3.64566929
254 928 0.706280675 0.00235426892 3.65354331
254 923 0.715489626 0.00238496542 3.63385827
253 916 0.695200317 0.00231733439 3.62055336
253 916 0.694680907 0.00231560302 3.62055336
253 916 0.696023041 0.0023200768 3.62055336
253 916 0.695965417 0.00231988472 3.62055336
253 916 0.696046138 0.00232015379 3.62055336
252 911 0.66640563 0.0022213521 3.61507937
252 911 0.666878054 0.00222292685 3.61507937
252 908 0.668886521 0.00222962174 3.6031746
252 908 0.668740545 0.00222913515 3.6031746
252 908 0.668100708 0.00222700236 3.6031746
252 908 0.668650652 0.00222883551 3.6031746
252 908 0.668499472 0.00222833157 3.6031746
252 908 0.668901291 0.00222967097 3.6031746
252 908 0.667464506 0.00222488169 3.6031746
252 908 0.667299411 0.00222433137 3.6031746
251 904 0.635696442 0.00211898814 3.60159363
251 901 0.634232034 0.00211410678 3.58964143
251 903 0.62961087 0.0020987029 3.59760956
251 904 0.641155925 0.00213718642 3.60159363
251 904 0.641397084 0.00213799028 3.60159363
251 901 0.640420706 0.00213473569 3.58964143
251 903 0.641446066 0.00213815355 3.59760956
251 903 0.641702839 0.00213900946 3.59760956
251 903 0.641451267 0.00213817089 3.59760956
251 903 0.641330024 0.00213776675 3.59760956
250 899 0.609640236 0.00203213412 3.596
250 898 0.619554699 0.00206518233 3.592
250 898 0.619165342 0.00206388447 3.592
250 898 0.618728609 0.0020624287 3.592
250 898 0.618808728 0.00206269576 3.592
250 898 0.618858706 0.00206286235 3.592
250 898 0.619142193 0.00206380731 3.592
250 898 0.618898442 0.00206299481 3.592
250 898 0.618721699 0.00206240566 3.592
250 898 0.618885786 0.00206295262 3.592
249 893 0.590404648 0.00196801549 3.58634538
249 895 0.591135935 0.00197045312 3.59437751
249 895 0.591256982 0.00197085661 3.59437751
249 895 0.590911755 0.00196970585 3.59437751
249 890 0.591731303 0.00197243768 3.57429719
249 890 0.592684827 0.00197561609 3.57429719
249 890 0.593101686 0.00197700562 3.57429719
249 890 0.592309184 0.00197436395 3.57429719
249 890 0.591612972 0.00197204324 3.57429719
249 890 0.592600143 0.00197533381 3.57429719
248 885 0.564463293 0.00188154431 3.56854839
248 885 0.564384685 0.00188128228 3.56854839
248 885 0.564194576 0.00188064859 3.56854839
248 885 0.563559049 0.00187853016 3.56854839
248 887 0.565977322 0.00188659107 3.5766129
248 887 0.56577374 0.00188591247 3.5766129
248 887 0.566280596 0.00188760199 3.5766129
248 887 0.566278533 0.00188759511 3.5766129
248 887 0.567105018 0.00189035006 3.5766129
248 887 0.566297964 0.00188765988 3.5766129
247 879 0.532663318 0.00177554439 3.55870445
247 878 0.535313296 0.00178437765 3.55465587
247 878 0.53430333 0.0017810111 3.55465587
247 873 0.53602525 0.00178675083 3.53441296
247 873 0.536092309 0.00178697436 3.53441296
247 873 0.534724047 0.00178241349 3.53441296
247 873 0.536396397 0.00178798799 3.53441296
247 878 0.534988287 0.00178329429 3.55465587
247 878 0.534480055 0.00178160018 3.55465587
247 878 0.532088802 0.00177362934 3.55465587
246 870 0.511236744 0.00170412248 3.53658537
246 870 0.510578796 0.00170192932 3.53658537
246 870 0.511015043 0.00170338348 3.53658537
246 870 0.512299743 0.00170766581 3.53658537
246 870 0.511282881 0.00170427627 3.53658537
246 870 0.512733122 0.00170911041 3.53658537
246 870 0.511597842 0.00170532614 3.53658537
246 870 0.511220869 0.00170406956 3.53658537
246 870 0.512390817 0.00170796939 3.53658537
246 870 0.512429871 0.00170809957 3.53658537
245 865 0.479514087 0.00159838029 3.53061224
245 865 0.474105866 0.00158035289 3.53061224
245 863 0.486286379 0.0016209546 3.52244898
245 863 0.486001208 0.00162000403 3.52244898
245 865 0.491523254 0.00163841085 3.53061224
245 865 0.491601354 0.00163867118 3.53061224
245 865 0.492344548 0.00164114849 3.53061224
245 865 0.490959803 0.00163653268 3.53061224
245 865 0.491527866 0.00163842622 3.53061224
245 865 0.491713133 0.00163904378 3.53061224
244 862 0.465078661 0.0015502622 3.53278689
244 862 0.46449853 0.00154832843 3.53278689
244 857 0.468082619 0.0015602754 3.51229508
244 857 0.466943207 0.00155647736 3.51229508
244 857 0.468142842 0.00156047614 3.51229508
244 857 0.469051232 0.00156350411 3.51229508
244 857 0.469491525 0.00156497175 3.51229508
244 857 0.469615923 0.00156538641 3.51229508
244 857 0.469413612 0.00156471204 3.51229508
244 857 0.469577866 0.00156525955 3.51229508
243 851 0.435120239 0.0014504008 3.50205761
243 850 0.441624467 0.00147208156 3.49794239
243 850 0.440887946 0.00146962649 3.49794239
243 850 0.440505484 0.00146835161 3.49794239
243 854 0.44229159 0.0014743053 3.51440329
243 854 0.442264859 0.0014742162 3.51440329
243 854 0.44266843 0.00147556143 3.51440329
243 854 0.44183781 0.0014727927 3.51440329
243 854 0.442676226 0.00147558742 3.51440329
243 854 0.443683891 0.0014789463 3.51440329
242 849 0.416394765 0.00138798255 3.50826446
242 849 0.41577036 0.0013859012 3.50826446
242 850 0.415856765 0.00138618922 3.51239669
242 850 0.415594029 0.00138531343 3.51239669
242 850 0.413501647 0.00137833882 3.51239669
242 850 0.414813729 0.00138271243 3.51239669
242 850 0.416089562 0.00138696521 3.51239669
242 850 0.415761389 0.0013858713 3.51239669
242 847 0.417190461 0.00139063487 3.5
242 847 0.417769491 0.00139256497 3.5
SP does not find any fixed points -> SP does not converge.
I am sorry I quit :(
