START ALGORITHM:
I am going to build an instance with N: 300 variables and 1245 clauses with a clause density equal to 4.15
START BSP WITH r=0.9:
Decimation scorer: cert
END UNIT PROPAGATION
300 1245 1.38774508 0.00462581693 4.15
300 1245 1.38558812 0.00461862708 4.15
300 1245 1.38564315 0.00461881049 4.15
300 1245 1.38697031 0.00462323438 4.15
300 1245 1.38614877 0.0046204959 4.15
300 1245 1.38612305 0.00462041016 4.15
300 1245 1.3863834 0.00462127799 4.15
300 1245 1.38668557 0.00462228523 4.15
300 1245 1.38640492 0.00462134972 4.15
299 1240 1.37789392 0.00459297975 4.14715719
299 1243 1.38629853 0.00462099511 4.15719064
299 1243 1.386211 0.00462070334 4.15719064
299 1243 1.38640537 0.00462135124 4.15719064
299 1243 1.38629238 0.00462097459 4.15719064
299 1243 1.38627197 0.00462090655 4.15719064
299 1243 1.38628093 0.00462093644 4.15719064
299 1243 1.38634059 0.00462113529 4.15719064
299 1243 1.38635015 0.00462116718 4.15719064
299 1243 1.38636619 0.00462122063 4.15719064
298 1232 1.37850719 0.00459502396 4.13422819
298 1232 1.37843287 0.00459477624 4.13422819
298 1232 1.37880392 0.00459601306 4.13422819
298 1232 1.37832333 0.00459441109 4.13422819
298 1232 1.37835226 0.00459450753 4.13422819
298 1232 1.37844018 0.00459480061 4.13422819
298 1231 1.38085725 0.00460285749 4.13087248
298 1231 1.3812647 0.00460421567 4.13087248
298 1231 1.38079168 0.00460263894 4.13087248
298 1235 1.38632272 0.00462107574 4.1442953
297 1223 1.38118705 0.00460395682 4.11784512
297 1223 1.38125929 0.00460419762 4.11784512
297 1223 1.3811118 0.00460370601 4.11784512
297 1223 1.38096272 0.00460320906 4.11784512
297 1223 1.3809245 0.00460308167 4.11784512
297 1223 1.3809275 0.00460309167 4.11784512
297 1223 1.38109011 0.0046036337 4.11784512
297 1223 1.38115178 0.00460383926 4.11784512
297 1223 1.38106333 0.00460354442 4.11784512
297 1223 1.38109492 0.00460364974 4.11784512
296 1218 1.37273137 0.00457577125 4.11486486
296 1218 1.37252621 0.00457508735 4.11486486
296 1218 1.37240099 0.00457466997 4.11486486
296 1218 1.37242461 0.00457474871 4.11486486
296 1212 1.37338718 0.00457795727 4.09459459
296 1212 1.37319391 0.00457731303 4.09459459
296 1220 1.37414756 0.00458049186 4.12162162
296 1220 1.37399245 0.00457997482 4.12162162
296 1220 1.37388699 0.00457962329 4.12162162
296 1220 1.37388489 0.00457961631 4.12162162
295 1214 1.35993841 0.00453312805 4.11525424
295 1210 1.36213755 0.00454045849 4.10169492
295 1215 1.36584571 0.00455281904 4.11864407
295 1215 1.36565763 0.0045521921 4.11864407
295 1215 1.36578863 0.00455262876 4.11864407
295 1215 1.36569196 0.00455230654 4.11864407
295 1215 1.36558798 0.00455195994 4.11864407
295 1215 1.3654479 0.00455149301 4.11864407
295 1215 1.36539902 0.00455133006 4.11864407
295 1215 1.36559852 0.00455199507 4.11864407
294 1208 1.35130648 0.00450435493 4.10884354
294 1209 1.35128801 0.00450429338 4.1122449
294 1208 1.34935972 0.00449786573 4.10884354
294 1204 1.35719381 0.00452397936 4.0952381
294 1204 1.35727603 0.00452425344 4.0952381
294 1204 1.35720636 0.00452402119 4.0952381
294 1198 1.35767695 0.00452558984 4.07482993
294 1198 1.35764724 0.00452549079 4.07482993
294 1198 1.35794789 0.00452649298 4.07482993
294 1198 1.35771619 0.00452572062 4.07482993
293 1190 1.34722921 0.00449076403 4.06143345
293 1190 1.34705176 0.00449017252 4.06143345
293 1190 1.34728845 0.0044909615 4.06143345
293 1190 1.34747262 0.00449157541 4.06143345
293 1190 1.34696418 0.00448988059 4.06143345
293 1193 1.34967544 0.00449891812 4.07167235
293 1193 1.34959052 0.00449863508 4.07167235
293 1193 1.34951791 0.00449839304 4.07167235
293 1193 1.34966475 0.0044988825 4.07167235
293 1193 1.34948383 0.00449827944 4.07167235
292 1182 1.3321987 0.00444066233 4.04794521
292 1187 1.33594768 0.00445315892 4.06506849
292 1186 1.33337865 0.00444459548 4.06164384
292 1183 1.32383276 0.00441277586 4.05136986
292 1183 1.32389829 0.00441299429 4.05136986
292 1183 1.32373175 0.00441243917 4.05136986
292 1187 1.33558385 0.00445194618 4.06506849
292 1187 1.33564754 0.00445215845 4.06506849
292 1187 1.33503163 0.00445010545 4.06506849
292 1187 1.33552427 0.00445174756 4.06506849
291 1181 1.32266468 0.00440888227 4.05841924
291 1180 1.325093 0.00441697666 4.05498282
291 1180 1.32523663 0.00441745543 4.05498282
291 1180 1.32510773 0.00441702576 4.05498282
291 1180 1.32498402 0.0044166134 4.05498282
291 1180 1.32546272 0.00441820907 4.05498282
291 1180 1.32489396 0.00441631319 4.05498282
291 1180 1.32500885 0.00441669615 4.05498282
291 1180 1.3245932 0.00441531066 4.05498282
291 1180 1.32498166 0.00441660554 4.05498282
290 1174 1.31412981 0.00438043269 4.04827586
290 1174 1.31478501 0.00438261671 4.04827586
290 1170 1.3189794 0.00439659799 4.03448276
290 1170 1.31923781 0.00439745937 4.03448276
290 1170 1.31895978 0.00439653262 4.03448276
290 1170 1.31874789 0.0043958263 4.03448276
290 1170 1.31874903 0.0043958301 4.03448276
290 1170 1.31859084 0.00439530279 4.03448276
290 1170 1.31893739 0.00439645798 4.03448276
290 1170 1.31923579 0.00439745264 4.03448276
289 1163 1.3010481 0.004336827 4.02422145
289 1163 1.30064734 0.00433549113 4.02422145
289 1162 1.30711353 0.00435704512 4.02076125
289 1162 1.30729084 0.00435763614 4.02076125
289 1159 1.30983926 0.00436613085 4.01038062
289 1159 1.30971807 0.0043657269 4.01038062
289 1159 1.30980842 0.00436602806 4.01038062
289 1159 1.30958651 0.00436528838 4.01038062
289 1159 1.30937601 0.0043645867 4.01038062
289 1159 1.30950073 0.00436500243 4.01038062
288 1152 1.28879801 0.00429599337 4
288 1152 1.29184895 0.00430616316 4
288 1152 1.29185132 0.00430617105 4
288 1151 1.29853268 0.00432844227 3.99652778
288 1151 1.2984915 0.00432830499 3.99652778
288 1152 1.30022874 0.0043340958 4
288 1152 1.30026459 0.0043342153 4
288 1153 1.30005297 0.00433350992 4.00347222
288 1153 1.30009542 0.00433365141 4.00347222
288 1153 1.30038072 0.00433460239 4.00347222
287 1149 1.27959703 0.00426532342 4.00348432
287 1148 1.28004855 0.0042668285 4
287 1142 1.28266205 0.00427554018 3.97909408
287 1142 1.28255646 0.0042751882 3.97909408
287 1142 1.2828086 0.00427602868 3.97909408
287 1144 1.2891554 0.00429718468 3.98606272
287 1144 1.28868154 0.00429560513 3.98606272
287 1144 1.28915542 0.00429718474 3.98606272
287 1144 1.28873523 0.00429578409 3.98606272
287 1144 1.28892403 0.00429641343 3.98606272
286 1136 1.2780136 0.00426004533 3.97202797
286 1136 1.27771001 0.00425903335 3.97202797
286 1136 1.27790719 0.00425969062 3.97202797
286 1136 1.2781376 0.00426045867 3.97202797
286 1136 1.27785143 0.00425950476 3.97202797
286 1136 1.27770159 0.00425900532 3.97202797
286 1136 1.27767806 0.00425892686 3.97202797
286 1136 1.27795321 0.00425984402 3.97202797
286 1136 1.27802933 0.00426009776 3.97202797
286 1136 1.27849151 0.00426163836 3.97202797
285 1129 1.26083297 0.00420277655 3.96140351
285 1129 1.26574535 0.00421915115 3.96140351
285 1129 1.26578822 0.00421929408 3.96140351
285 1129 1.26595619 0.00421985398 3.96140351
285 1129 1.26561115 0.00421870384 3.96140351
285 1129 1.26920775 0.00423069251 3.96140351
285 1129 1.26930537 0.00423101789 3.96140351
285 1129 1.26939219 0.0042313073 3.96140351
285 1129 1.26923425 0.00423078084 3.96140351
285 1129 1.2697304 0.00423243465 3.96140351
284 1122 1.25705415 0.00419018052 3.95070423
284 1122 1.25716894 0.00419056312 3.95070423
284 1122 1.25704129 0.00419013762 3.95070423
284 1122 1.25769416 0.00419231386 3.95070423
284 1122 1.25658521 0.00418861736 3.95070423
284 1122 1.2575378 0.00419179265 3.95070423
284 1122 1.2573874 0.00419129132 3.95070423
284 1124 1.25939155 0.00419797184 3.95774648
284 1124 1.2596835 0.00419894501 3.95774648
284 1124 1.25991232 0.00419970772 3.95774648
283 1117 1.24257158 0.00414190526 3.94699647
283 1117 1.24173905 0.00413913015 3.94699647
283 1117 1.24172206 0.00413907352 3.94699647
283 1113 1.24327715 0.00414425718 3.93286219
283 1113 1.24332168 0.00414440559 3.93286219
283 1113 1.24387874 0.00414626245 3.93286219
283 1113 1.24386958 0.00414623193 3.93286219
283 1117 1.24757747 0.00415859156 3.94699647
283 1117 1.24716042 0.00415720141 3.94699647
283 1117 1.24778977 0.00415929922 3.94699647
282 1111 1.22476142 0.00408253808 3.93971631
282 1109 1.2288476 0.00409615866 3.93262411
282 1109 1.22857937 0.00409526457 3.93262411
282 1106 1.23105278 0.00410350927 3.92198582
282 1106 1.23177872 0.00410592908 3.92198582
282 1106 1.23165086 0.00410550286 3.92198582
282 1106 1.23137126 0.00410457088 3.92198582
282 1106 1.23170408 0.00410568027 3.92198582
282 1106 1.23180293 0.00410600977 3.92198582
282 1106 1.23167887 0.00410559624 3.92198582
281 1099 1.21547525 0.00405158417 3.91103203
281 1099 1.21560705 0.0040520235 3.91103203
281 1099 1.21569265 0.00405230882 3.91103203
281 1099 1.21531041 0.00405103469 3.91103203
281 1099 1.21552733 0.00405175778 3.91103203
281 1099 1.21542477 0.00405141591 3.91103203
281 1099 1.2158481 0.004052827 3.91103203
281 1103 1.21770874 0.00405902913 3.9252669
281 1103 1.2187744 0.00406258132 3.9252669
281 1103 1.21890875 0.00406302918 3.9252669
280 1096 1.20950348 0.00403167827 3.91428571
280 1096 1.2095291 0.00403176365 3.91428571
280 1096 1.20961492 0.00403204974 3.91428571
280 1096 1.20988203 0.0040329401 3.91428571
280 1096 1.20958275 0.00403194251 3.91428571
280 1096 1.20924448 0.00403081493 3.91428571
280 1096 1.2094614 0.00403153799 3.91428571
280 1096 1.2093031 0.00403101033 3.91428571
280 1096 1.2096719 0.00403223966 3.91428571
280 1096 1.21000921 0.00403336402 3.91428571
279 1085 1.19378321 0.00397927736 3.88888889
279 1085 1.19380493 0.00397934977 3.88888889
279 1085 1.19403182 0.00398010608 3.88888889
279 1085 1.19361211 0.00397870704 3.88888889
279 1085 1.19423513 0.00398078378 3.88888889
279 1085 1.19394241 0.00397980803 3.88888889
279 1085 1.19358699 0.0039786233 3.88888889
279 1085 1.19422152 0.0039807384 3.88888889
279 1085 1.19399601 0.00397998669 3.88888889
279 1085 1.1936266 0.00397875534 3.88888889
278 1079 1.16865976 0.00389553253 3.88129496
278 1082 1.17299876 0.00390999587 3.89208633
278 1082 1.17227279 0.00390757596 3.89208633
278 1079 1.17742366 0.00392474552 3.88129496
278 1079 1.17682106 0.00392273686 3.88129496
278 1079 1.17738701 0.00392462338 3.88129496
278 1079 1.17734716 0.00392449054 3.88129496
278 1079 1.17710056 0.00392366852 3.88129496
278 1079 1.1771766 0.00392392198 3.88129496
278 1079 1.17727317 0.0039242439 3.88129496
277 1071 1.15993363 0.00386644545 3.86642599
277 1071 1.15984073 0.00386613578 3.86642599
277 1071 1.16036353 0.00386787843 3.86642599
277 1071 1.15948363 0.00386494543 3.86642599
277 1071 1.15392763 0.00384642542 3.86642599
277 1071 1.15378141 0.00384593804 3.86642599
277 1071 1.15387798 0.00384625993 3.86642599
277 1071 1.15422879 0.00384742932 3.86642599
277 1071 1.15383765 0.00384612549 3.86642599
277 1071 1.15350683 0.00384502277 3.86642599
276 1063 1.13732856 0.00379109521 3.85144928
276 1063 1.13604645 0.00378682151 3.85144928
276 1063 1.13656296 0.0037885432 3.85144928
276 1063 1.13714487 0.00379048289 3.85144928
276 1064 1.13638775 0.00378795916 3.85507246
276 1068 1.13705103 0.00379017009 3.86956522
276 1068 1.13752411 0.00379174702 3.86956522
276 1068 1.13814776 0.00379382587 3.86956522
276 1068 1.13771901 0.00379239671 3.86956522
276 1065 1.13818301 0.00379394337 3.85869565
275 1060 1.11538441 0.00371794802 3.85454545
275 1059 1.11665342 0.00372217808 3.85090909
275 1062 1.11720668 0.00372402227 3.86181818
275 1059 1.12432484 0.00374774945 3.85090909
275 1059 1.12296818 0.00374322728 3.85090909
275 1059 1.12348146 0.0037449382 3.85090909
275 1059 1.12361353 0.00374537843 3.85090909
275 1059 1.12299086 0.00374330286 3.85090909
275 1059 1.12424033 0.00374746777 3.85090909
275 1059 1.12327148 0.00374423825 3.85090909
274 1047 1.12161812 0.00373872707 3.82116788
274 1047 1.12142723 0.00373809077 3.82116788
274 1047 1.12030132 0.00373433773 3.82116788
274 1047 1.12195439 0.00373984796 3.82116788
274 1047 1.12152318 0.00373841061 3.82116788
274 1047 1.12107168 0.0037369056 3.82116788
274 1047 1.12151262 0.00373837539 3.82116788
274 1047 1.12143775 0.00373812582 3.82116788
274 1047 1.12176649 0.00373922163 3.82116788
274 1047 1.12079117 0.00373597057 3.82116788
273 1042 1.09874672 0.00366248907 3.81684982
273 1039 1.10386291 0.00367954304 3.80586081
273 1039 1.10385684 0.00367952281 3.80586081
273 1039 1.10413739 0.00368045797 3.80586081
273 1039 1.10410982 0.00368036606 3.80586081
273 1039 1.10372358 0.0036790786 3.80586081
273 1039 1.10495805 0.00368319349 3.80586081
273 1039 1.10379622 0.00367932074 3.80586081
273 1041 1.10772747 0.0036924249 3.81318681
273 1041 1.10840558 0.00369468525 3.81318681
272 1039 1.08266571 0.0036088857 3.81985294
272 1036 1.08300913 0.00361003043 3.80882353
272 1036 1.08305282 0.00361017606 3.80882353
272 1036 1.08509982 0.0036169994 3.80882353
272 1033 1.0910246 0.00363674867 3.79779412
272 1033 1.09059214 0.00363530714 3.79779412
272 1033 1.09073738 0.00363579127 3.79779412
272 1033 1.09099891 0.00363666303 3.79779412
272 1033 1.09160264 0.00363867548 3.79779412
272 1033 1.08961833 0.00363206111 3.79779412
271 1028 1.06510131 0.00355033769 3.79335793
271 1030 1.0681016 0.00356033868 3.80073801
271 1025 1.06777736 0.00355925787 3.78228782
271 1025 1.06821225 0.0035607075 3.78228782
271 1030 1.06846075 0.00356153584 3.80073801
271 1030 1.06832488 0.00356108293 3.80073801
271 1030 1.06802787 0.00356009291 3.80073801
271 1030 1.06877926 0.00356259754 3.80073801
271 1030 1.06855604 0.00356185348 3.80073801
271 1030 1.06953095 0.00356510317 3.80073801
270 1024 1.05695188 0.00352317293 3.79259259
270 1024 1.05655945 0.00352186485 3.79259259
270 1024 1.0560529 0.00352017634 3.79259259
270 1020 1.05706632 0.00352355441 3.77777778
270 1020 1.05639593 0.00352131977 3.77777778
270 1020 1.05695989 0.00352319963 3.77777778
270 1020 1.05714741 0.00352382469 3.77777778
270 1020 1.05659862 0.0035219954 3.77777778
270 1020 1.05741925 0.00352473083 3.77777778
270 1020 1.05586807 0.00351956022 3.77777778
269 1015 1.03282408 0.00344274692 3.7732342
269 1012 1.0305812 0.00343527066 3.76208178
269 1016 1.03292988 0.0034430996 3.77695167
269 1016 1.0340113 0.00344670433 3.77695167
269 1020 1.03331769 0.00344439229 3.79182156
269 1020 1.0334725 0.00344490834 3.79182156
269 1020 1.03315286 0.00344384285 3.79182156
269 1020 1.03348827 0.00344496089 3.79182156
269 1020 1.03331608 0.00344438693 3.79182156
269 1020 1.032728 0.00344242668 3.79182156
268 1015 1.00789243 0.00335964143 3.78731343
268 1012 1.01003954 0.00336679846 3.7761194
268 1014 1.01366361 0.0033788787 3.78358209
268 1012 1.01685674 0.00338952246 3.7761194
268 1012 1.01735248 0.00339117492 3.7761194
268 1012 1.01769117 0.00339230389 3.7761194
268 1012 1.01745075 0.00339150251 3.7761194
268 1012 1.01734335 0.00339114451 3.7761194
268 1012 1.01721981 0.00339073269 3.7761194
268 1012 1.01860087 0.00339533622 3.7761194
267 1004 0.993550861 0.0033118362 3.76029963
267 1007 0.994334956 0.00331444985 3.77153558
267 1007 0.997876249 0.00332625416 3.77153558
267 1007 0.996317601 0.00332105867 3.77153558
267 1007 0.996443191 0.0033214773 3.77153558
267 1007 0.996103488 0.00332034496 3.77153558
267 1007 0.995879952 0.00331959984 3.77153558
267 1007 0.995626225 0.00331875408 3.77153558
267 1007 0.996528878 0.00332176293 3.77153558
267 1007 0.996829385 0.00332276462 3.77153558
266 1002 0.964977072 0.00321659024 3.76691729
266 1000 0.973169925 0.00324389975 3.7593985
266 999 0.973264382 0.00324421461 3.7556391
266 1002 0.972543239 0.0032418108 3.76691729
266 996 0.972311229 0.00324103743 3.7443609
266 992 0.97931856 0.0032643952 3.72932331
266 992 0.979388916 0.00326462972 3.72932331
266 992 0.978842721 0.00326280907 3.72932331
266 992 0.979280679 0.00326426893 3.72932331
266 992 0.979319551 0.0032643985 3.72932331
265 980 0.951897851 0.00317299284 3.69811321
265 989 0.952974289 0.00317658096 3.73207547
265 989 0.951493862 0.00317164621 3.73207547
265 990 0.960080204 0.00320026735 3.73584906
265 990 0.959151455 0.00319717152 3.73584906
265 990 0.959626576 0.00319875525 3.73584906
265 990 0.958773862 0.00319591287 3.73584906
265 990 0.960370407 0.00320123469 3.73584906
265 990 0.959934083 0.00319978028 3.73584906
265 990 0.95980504 0.00319935013 3.73584906
264 985 0.929355022 0.00309785007 3.73106061
264 984 0.940453588 0.00313484529 3.72727273
264 984 0.940016613 0.00313338871 3.72727273
264 984 0.94046219 0.00313487397 3.72727273
264 984 0.939694814 0.00313231605 3.72727273
264 984 0.940358912 0.00313452971 3.72727273
264 984 0.940564289 0.0031352143 3.72727273
264 984 0.941060189 0.0031368673 3.72727273
264 984 0.94123589 0.00313745297 3.72727273
264 984 0.940663673 0.00313554558 3.72727273
263 982 0.91996198 0.00306653993 3.7338403
263 982 0.920214942 0.00306738314 3.7338403
263 982 0.920460083 0.00306820028 3.7338403
263 980 0.921554265 0.00307184755 3.72623574
263 980 0.922031467 0.00307343822 3.72623574
263 980 0.92374989 0.0030791663 3.72623574
263 980 0.921156969 0.00307052323 3.72623574
263 980 0.923483735 0.00307827912 3.72623574
263 980 0.921612941 0.00307204314 3.72623574
263 980 0.922816445 0.00307605482 3.72623574
262 973 0.888368388 0.00296122796 3.71374046
262 974 0.891820627 0.00297273542 3.71755725
262 974 0.903586005 0.00301195335 3.71755725
262 974 0.902528718 0.00300842906 3.71755725
262 974 0.90315638 0.00301052127 3.71755725
262 978 0.903089566 0.00301029855 3.73282443
262 978 0.902708929 0.00300902976 3.73282443
262 978 0.902760958 0.00300920319 3.73282443
262 978 0.903469372 0.00301156457 3.73282443
262 978 0.902979068 0.00300993023 3.73282443
261 973 0.880162932 0.00293387644 3.72796935
261 973 0.880028188 0.00293342729 3.72796935
261 973 0.880387819 0.00293462606 3.72796935
261 973 0.879460485 0.00293153495 3.72796935
261 972 0.883766568 0.00294588856 3.72413793
261 972 0.882584774 0.00294194925 3.72413793
261 972 0.88378697 0.00294595657 3.72413793
261 972 0.883840515 0.00294613505 3.72413793
261 972 0.884200255 0.00294733418 3.72413793
261 972 0.884296835 0.00294765612 3.72413793
260 962 0.85839582 0.0028613194 3.7
260 962 0.859859623 0.00286619874 3.7
260 962 0.859963162 0.00286654387 3.7
260 969 0.860089796 0.00286696599 3.72692308
260 967 0.861819798 0.00287273266 3.71923077
260 967 0.861162942 0.00287054314 3.71923077
260 967 0.861681415 0.00287227138 3.71923077
260 967 0.86180663 0.00287268877 3.71923077
260 967 0.860729364 0.00286909788 3.71923077
260 967 0.862282313 0.00287427438 3.71923077
259 960 0.82889089 0.00276296963 3.70656371
259 960 0.82832902 0.00276109673 3.70656371
259 957 0.835363335 0.00278454445 3.69498069
259 957 0.8374802 0.00279160067 3.69498069
259 957 0.836531267 0.00278843756 3.69498069
259 957 0.836848863 0.00278949621 3.69498069
259 957 0.836822028 0.00278940676 3.69498069
259 957 0.838620036 0.00279540012 3.69498069
259 957 0.837792231 0.00279264077 3.69498069
259 957 0.83717121 0.0027905707 3.69498069
258 952 0.807673948 0.00269224649 3.68992248
258 951 0.806944585 0.00268981528 3.68604651
258 951 0.806348041 0.0026878268 3.68604651
258 951 0.806008217 0.00268669406 3.68604651
258 951 0.806348079 0.00268782693 3.68604651
258 951 0.806495094 0.00268831698 3.68604651
258 952 0.807232741 0.0026907758 3.68992248
258 952 0.806702315 0.00268900772 3.68992248
258 952 0.806398504 0.00268799501 3.68992248
258 952 0.808420272 0.00269473424 3.68992248
257 946 0.778032906 0.00259344302 3.68093385
257 946 0.777085856 0.00259028619 3.68093385
257 946 0.776944726 0.00258981575 3.68093385
257 946 0.778100844 0.00259366948 3.68093385
257 946 0.777422036 0.00259140679 3.68093385
257 949 0.783520946 0.00261173649 3.692607
257 949 0.783203511 0.00261067837 3.692607
257 949 0.781968084 0.00260656028 3.692607
257 949 0.783845994 0.00261281998 3.692607
257 949 0.783073106 0.00261024369 3.692607
256 937 0.756202235 0.00252067412 3.66015625
256 937 0.756329912 0.00252109971 3.66015625
256 937 0.756035994 0.00252011998 3.66015625
256 935 0.756106095 0.00252035365 3.65234375
256 935 0.755352262 0.00251784087 3.65234375
256 937 0.749487172 0.00249829057 3.66015625
256 937 0.750216794 0.00250072265 3.66015625
256 937 0.749196632 0.00249732211 3.66015625
256 939 0.744893682 0.00248297894 3.66796875
256 939 0.744380253 0.00248126751 3.66796875
255 931 0.716711606 0.00238903869 3.65098039
255 931 0.716980677 0.00238993559 3.65098039
255 927 0.730403244 0.00243467748 3.63529412
254 923 0.715591066 0.00238530355 3.63385827
254 923 0.714686036 0.00238228679 3.63385827
254 919 0.717145276 0.00239048425 3.61811024
254 919 0.718003566 0.00239334522 3.61811024
254 919 0.717963755 0.00239321252 3.61811024
254 919 0.717047372 0.00239015791 3.61811024
254 919 0.71886795 0.0023962265 3.61811024
253 911 0.689975946 0.00229991982 3.60079051
253 916 0.695195704 0.00231731901 3.62055336
253 916 0.695338086 0.00231779362 3.62055336
253 916 0.69514167 0.0023171389 3.62055336
253 916 0.695278733 0.00231759578 3.62055336
253 916 0.695777187 0.00231925729 3.62055336
253 916 0.695298268 0.00231766089 3.62055336
253 916 0.694747337 0.00231582446 3.62055336
253 916 0.694697355 0.00231565785 3.62055336
253 916 0.696543214 0.00232181071 3.62055336
252 910 0.659051688 0.00219683896 3.61111111
252 909 0.662390852 0.00220796951 3.60714286
252 909 0.66242595 0.0022080865 3.60714286
252 909 0.662401927 0.00220800642 3.60714286
252 909 0.661746075 0.00220582025 3.60714286
252 911 0.656893562 0.00218964521 3.61507937
252 911 0.656974127 0.00218991376 3.61507937
252 911 0.656668126 0.00218889375 3.61507937
252 911 0.656231645 0.00218743882 3.61507937
252 913 0.663765617 0.00221255206 3.62301587
251 902 0.636526235 0.00212175412 3.5936255
251 907 0.640121032 0.00213373677 3.61354582
251 907 0.641750562 0.00213916854 3.61354582
251 907 0.640826947 0.00213608982 3.61354582
251 901 0.640987448 0.00213662483 3.58964143
251 901 0.640113318 0.00213371106 3.58964143
251 901 0.640861781 0.00213620594 3.58964143
251 901 0.640440078 0.00213480026 3.58964143
251 901 0.640537496 0.00213512499 3.58964143
251 901 0.640972162 0.00213657387 3.58964143
250 898 0.611943752 0.00203981251 3.592
250 898 0.611901484 0.00203967161 3.592
250 896 0.61253098 0.00204176993 3.584
250 896 0.612423806 0.00204141269 3.584
250 898 0.612002116 0.00204000705 3.592
250 898 0.612460863 0.00204153621 3.592
250 898 0.612056297 0.00204018766 3.592
250 898 0.612479603 0.00204159868 3.592
250 893 0.613698887 0.00204566296 3.572
250 893 0.614042085 0.00204680695 3.572
249 887 0.580491286 0.00193497095 3.562249
249 890 0.592488792 0.00197496264 3.57429719
249 890 0.593558236 0.00197852745 3.57429719
249 890 0.593848242 0.00197949414 3.57429719
SP does not find any fixed points -> SP does not converge.
I am sorry I quit :(
