START ALGORITHM:
I am going to build an instance with N: 300 variables and 1200 clauses with a clause density equal to 4
START BSP WITH r=0.9:
Decimation scorer: pol
END UNIT PROPAGATION
300 1200 6.16226307 0.0205408769 4
300 1200 6.16197676 0.0205399225 4
300 1200 6.16205193 0.0205401731 4
300 1200 6.16162661 0.0205387554 4
300 1200 6.16208506 0.0205402835 4
300 1200 6.16164141 0.0205388047 4
300 1200 6.16209458 0.0205403153 4
300 1200 6.16164437 0.0205388146 4
300 1200 6.16209607 0.0205403202 4
299 1186 6.10869521 0.0203623174 3.96655518
299 1188 6.13347997 0.0204449332 3.97324415
299 1186 6.10907734 0.0203635911 3.96655518
299 1186 6.10876944 0.0203625648 3.96655518
299 1186 6.10877151 0.0203625717 3.96655518
299 1186 6.10880043 0.0203626681 3.96655518
299 1186 6.10879033 0.0203626344 3.96655518
299 1186 6.10880115 0.0203626705 3.96655518
299 1186 6.10881013 0.0203627004 3.96655518
299 1186 6.10880994 0.0203626998 3.96655518
298 1174 6.09810682 0.0203270227 3.93959732
298 1174 6.09812103 0.0203270701 3.93959732
298 1178 6.0918324 0.020306108 3.95302013
298 1178 6.09180057 0.0203060019 3.95302013
298 1178 6.09180766 0.0203060255 3.95302013
298 1178 6.0917958 0.020305986 3.95302013
298 1178 6.09181547 0.0203060516 3.95302013
298 1178 6.09183099 0.0203061033 3.95302013
298 1178 6.09180996 0.0203060332 3.95302013
298 1178 6.09181427 0.0203060476 3.95302013
297 1166 6.08121919 0.0202707306 3.92592593
297 1166 6.08147914 0.0202715971 3.92592593
297 1166 6.08168115 0.0202722705 3.92592593
297 1166 6.0816921 0.020272307 3.92592593
297 1166 6.0816944 0.0202723147 3.92592593
297 1166 6.08169628 0.0202723209 3.92592593
297 1166 6.08169614 0.0202723205 3.92592593
297 1166 6.08169595 0.0202723198 3.92592593
297 1166 6.08169591 0.0202723197 3.92592593
297 1166 6.08169589 0.0202723196 3.92592593
296 1157 6.03998536 0.0201332845 3.90878378
296 1157 6.03970993 0.0201323664 3.90878378
296 1157 6.03964407 0.0201321469 3.90878378
296 1157 6.03962937 0.0201320979 3.90878378
296 1157 6.03963303 0.0201321101 3.90878378
296 1157 6.03963329 0.020132111 3.90878378
296 1157 6.03963333 0.0201321111 3.90878378
296 1157 6.03963345 0.0201321115 3.90878378
296 1157 6.03963348 0.0201321116 3.90878378
296 1157 6.03963349 0.0201321116 3.90878378
295 1147 6.00754115 0.0200251372 3.88813559
295 1147 6.00716928 0.0200238976 3.88813559
295 1147 6.00712449 0.0200237483 3.88813559
295 1147 6.00713044 0.0200237681 3.88813559
295 1147 6.00713616 0.0200237872 3.88813559
295 1147 6.00713888 0.0200237963 3.88813559
295 1147 6.00714148 0.0200238049 3.88813559
295 1147 6.0071426 0.0200238087 3.88813559
295 1147 6.00714312 0.0200238104 3.88813559
295 1147 6.00714337 0.0200238112 3.88813559
294 1137 5.95928644 0.0198642881 3.86734694
294 1136 5.94678854 0.0198226285 3.86394558
294 1141 5.97078682 0.0199026227 3.88095238
294 1144 5.9731779 0.019910593 3.89115646
294 1144 5.97288598 0.0199096199 3.89115646
294 1144 5.97311461 0.019910382 3.89115646
294 1144 5.97278849 0.019909295 3.89115646
294 1144 5.97287005 0.0199095668 3.89115646
294 1144 5.97304256 0.0199101419 3.89115646
294 1144 5.97277174 0.0199092391 3.89115646
293 1133 5.92885519 0.0197628506 3.8668942
293 1134 5.92698785 0.0197566262 3.87030717
293 1134 5.9273877 0.019757959 3.87030717
293 1130 5.92312035 0.0197437345 3.85665529
293 1130 5.9228271 0.019742757 3.85665529
293 1130 5.9230785 0.019743595 3.85665529
293 1130 5.92308506 0.0197436169 3.85665529
293 1130 5.92306527 0.0197435509 3.85665529
293 1130 5.92305416 0.0197435139 3.85665529
293 1130 5.92305426 0.0197435142 3.85665529
292 1123 5.89307632 0.0196435877 3.84589041
292 1123 5.89325104 0.0196441701 3.84589041
292 1123 5.89332028 0.0196444009 3.84589041
292 1123 5.89331126 0.0196443709 3.84589041
292 1123 5.89331218 0.0196443739 3.84589041
292 1123 5.8933143 0.019644381 3.84589041
292 1123 5.89331453 0.0196443818 3.84589041
292 1123 5.89331478 0.0196443826 3.84589041
292 1123 5.89331489 0.019644383 3.84589041
292 1123 5.89331494 0.0196443831 3.84589041
291 1113 5.86320659 0.019544022 3.82474227
291 1113 5.86323558 0.0195441186 3.82474227
291 1113 5.8632494 0.0195441647 3.82474227
291 1113 5.86323607 0.0195441202 3.82474227
291 1113 5.86323747 0.0195441249 3.82474227
291 1113 5.86323854 0.0195441285 3.82474227
291 1113 5.8632389 0.0195441297 3.82474227
291 1113 5.86323905 0.0195441302 3.82474227
291 1113 5.86323911 0.0195441304 3.82474227
291 1113 5.86323914 0.0195441305 3.82474227
290 1108 5.81038531 0.019367951 3.82068966
290 1104 5.80593405 0.0193531135 3.80689655
290 1108 5.81020567 0.0193673522 3.82068966
290 1108 5.80990517 0.0193663506 3.82068966
290 1108 5.81003938 0.0193667979 3.82068966
290 1108 5.81004293 0.0193668098 3.82068966
290 1108 5.81003678 0.0193667893 3.82068966
290 1108 5.81003844 0.0193667948 3.82068966
290 1108 5.81003835 0.0193667945 3.82068966
290 1108 5.81003833 0.0193667944 3.82068966
289 1099 5.75631098 0.0191877033 3.80276817
289 1099 5.75641574 0.0191880525 3.80276817
289 1099 5.75639226 0.0191879742 3.80276817
289 1099 5.75637533 0.0191879178 3.80276817
289 1099 5.75639098 0.0191879699 3.80276817
289 1099 5.75637861 0.0191879287 3.80276817
289 1099 5.75639347 0.0191879782 3.80276817
289 1099 5.75638148 0.0191879383 3.80276817
289 1099 5.75639482 0.0191879827 3.80276817
289 1099 5.7563823 0.019187941 3.80276817
288 1088 5.72871012 0.0190957004 3.77777778
288 1088 5.72872898 0.0190957633 3.77777778
288 1088 5.72870249 0.019095675 3.77777778
288 1088 5.72869792 0.0190956597 3.77777778
288 1088 5.72870013 0.0190956671 3.77777778
288 1088 5.72870212 0.0190956737 3.77777778
288 1088 5.72870324 0.0190956775 3.77777778
288 1088 5.72870382 0.0190956794 3.77777778
288 1088 5.72870414 0.0190956805 3.77777778
288 1088 5.72870432 0.0190956811 3.77777778
287 1076 5.69814846 0.0189938282 3.74912892
287 1076 5.69821616 0.0189940539 3.74912892
287 1076 5.69822228 0.0189940743 3.74912892
287 1076 5.69820354 0.0189940118 3.74912892
287 1076 5.69824262 0.0189941421 3.74912892
287 1076 5.69821283 0.0189940428 3.74912892
287 1076 5.69824865 0.0189941622 3.74912892
287 1076 5.69821803 0.0189940601 3.74912892
287 1076 5.69825089 0.0189941696 3.74912892
287 1076 5.69821976 0.0189940659 3.74912892
286 1064 5.6917208 0.0189724027 3.72027972
286 1064 5.69165818 0.0189721939 3.72027972
286 1064 5.69179194 0.0189726398 3.72027972
286 1064 5.69179825 0.0189726608 3.72027972
286 1064 5.69180597 0.0189726866 3.72027972
286 1064 5.6918117 0.0189727057 3.72027972
286 1064 5.691814 0.0189727133 3.72027972
286 1064 5.69181526 0.0189727175 3.72027972
286 1064 5.69181592 0.0189727197 3.72027972
286 1064 5.69181626 0.0189727209 3.72027972
285 1054 5.62632825 0.0187544275 3.69824561
285 1055 5.67987636 0.0189329212 3.70175439
285 1055 5.67974266 0.0189324755 3.70175439
285 1055 5.67975012 0.0189325004 3.70175439
285 1054 5.62634122 0.0187544707 3.69824561
285 1054 5.62634343 0.0187544781 3.69824561
285 1054 5.62634134 0.0187544711 3.69824561
285 1054 5.62633345 0.0187544448 3.69824561
285 1054 5.62633249 0.0187544416 3.69824561
285 1054 5.62633265 0.0187544422 3.69824561
284 1045 5.61479343 0.0187159781 3.67957746
284 1045 5.61476247 0.0187158749 3.67957746
284 1045 5.61477015 0.0187159005 3.67957746
284 1045 5.61477909 0.0187159303 3.67957746
284 1045 5.61478341 0.0187159447 3.67957746
284 1045 5.61478515 0.0187159505 3.67957746
284 1045 5.61478583 0.0187159528 3.67957746
284 1045 5.6147861 0.0187159537 3.67957746
284 1045 5.6147862 0.018715954 3.67957746
284 1045 5.61478625 0.0187159542 3.67957746
283 1038 5.52661982 0.0184220661 3.66784452
283 1040 5.56712407 0.0185570802 3.67491166
283 1040 5.56741608 0.0185580536 3.67491166
283 1040 5.56744834 0.0185581611 3.67491166
283 1040 5.56745421 0.0185581807 3.67491166
283 1040 5.56745687 0.0185581896 3.67491166
283 1040 5.56745818 0.0185581939 3.67491166
283 1040 5.5674588 0.018558196 3.67491166
283 1040 5.56745909 0.018558197 3.67491166
283 1040 5.56745922 0.0185581974 3.67491166
282 1033 5.48493514 0.0182831171 3.66312057
282 1033 5.48484831 0.0182828277 3.66312057
282 1033 5.48485436 0.0182828479 3.66312057
282 1033 5.48485394 0.0182828465 3.66312057
282 1033 5.48485472 0.0182828491 3.66312057
282 1033 5.48485454 0.0182828485 3.66312057
282 1033 5.4848546 0.0182828487 3.66312057
282 1033 5.4848547 0.018282849 3.66312057
282 1033 5.4848548 0.0182828493 3.66312057
282 1033 5.48485489 0.0182828496 3.66312057
281 1023 5.4610453 0.0182034843 3.6405694
281 1019 5.42194226 0.0180731409 3.62633452
281 1019 5.42186474 0.0180728825 3.62633452
281 1023 5.46096225 0.0182032075 3.6405694
280 1009 5.40406745 0.0180135582 3.60357143
280 1009 5.4044455 0.0180148183 3.60357143
280 1009 5.4040056 0.018013352 3.60357143
280 1009 5.40415859 0.018013862 3.60357143
280 1009 5.40415242 0.0180138414 3.60357143
280 1009 5.40412154 0.0180137385 3.60357143
279 1001 5.40412857 0.0180137619 3.58781362
279 1001 5.40433676 0.0180144559 3.58781362
279 1002 5.34297411 0.0178099137 3.59139785
279 1001 5.40422636 0.0180140879 3.58781362
279 1001 5.40428007 0.0180142669 3.58781362
279 1001 5.40414848 0.0180138283 3.58781362
279 1001 5.4043048 0.0180143493 3.58781362
279 1001 5.40414437 0.0180138146 3.58781362
279 1001 5.40430378 0.0180143459 3.58781362
279 1001 5.40414444 0.0180138148 3.58781362
278 992 5.33868226 0.0177956075 3.56834532
278 992 5.33810377 0.0177936792 3.56834532
278 992 5.33905619 0.017796854 3.56834532
278 992 5.33865944 0.0177955315 3.56834532
278 992 5.33867078 0.0177955693 3.56834532
278 992 5.33866525 0.0177955508 3.56834532
278 992 5.33866456 0.0177955485 3.56834532
278 992 5.33866478 0.0177955493 3.56834532
278 992 5.33866481 0.0177955494 3.56834532
278 992 5.33866482 0.0177955494 3.56834532
277 985 5.27586892 0.0175862297 3.55595668
277 985 5.2750623 0.017583541 3.55595668
277 985 5.27636847 0.0175878949 3.55595668
277 985 5.27505997 0.0175835332 3.55595668
277 985 5.2762548 0.017587516 3.55595668
277 985 5.27512064 0.0175837355 3.55595668
277 985 5.2762592 0.0175875307 3.55595668
277 985 5.27511928 0.0175837309 3.55595668
277 985 5.27625894 0.0175875298 3.55595668
277 985 5.27511926 0.0175837309 3.55595668
276 975 5.17310399 0.01724368 3.5326087
276 976 5.20034807 0.0173344936 3.53623188
276 976 5.19872784 0.0173290928 3.53623188
276 975 5.1733295 0.0172444317 3.5326087
276 975 5.17322148 0.0172440716 3.5326087
276 975 5.17321956 0.0172440652 3.5326087
276 975 5.17321745 0.0172440582 3.5326087
276 975 5.17321712 0.0172440571 3.5326087
276 975 5.17321705 0.0172440568 3.5326087
276 975 5.17321702 0.0172440567 3.5326087
275 966 5.09855526 0.0169951842 3.51272727
275 966 5.09842626 0.0169947542 3.51272727
275 966 5.0984224 0.0169947413 3.51272727
275 966 5.09842449 0.0169947483 3.51272727
275 966 5.09842439 0.016994748 3.51272727
275 966 5.09842462 0.0169947487 3.51272727
275 966 5.09842474 0.0169947491 3.51272727
275 966 5.0984248 0.0169947493 3.51272727
275 966 5.09842483 0.0169947494 3.51272727
275 966 5.09842485 0.0169947495 3.51272727
274 962 5.05930973 0.0168643658 3.51094891
274 962 5.05882272 0.0168627424 3.51094891
274 962 5.05887505 0.0168629168 3.51094891
274 962 5.05888636 0.0168629545 3.51094891
274 962 5.05945304 0.0168648435 3.51094891
274 962 5.05946695 0.0168648898 3.51094891
274 962 5.05885418 0.0168628473 3.51094891
274 962 5.05888179 0.0168629393 3.51094891
274 962 5.05945476 0.0168648492 3.51094891
274 962 5.05946777 0.0168648926 3.51094891
273 957 5.02052411 0.0167350804 3.50549451
273 957 5.02085148 0.0167361716 3.50549451
273 957 5.02124728 0.0167374909 3.50549451
273 957 5.02086413 0.0167362138 3.50549451
273 957 5.0212493 0.0167374977 3.50549451
273 957 5.02086512 0.0167362171 3.50549451
273 957 5.02124982 0.0167374994 3.50549451
273 957 5.02086532 0.0167362177 3.50549451
273 957 5.02124994 0.0167374998 3.50549451
273 957 5.02086536 0.0167362179 3.50549451
272 948 4.96522847 0.0165507616 3.48529412
272 949 4.95136872 0.0165045624 3.48897059
272 945 4.94865196 0.0164955065 3.47426471
272 945 4.94840763 0.0164946921 3.47426471
272 945 4.94840847 0.0164946949 3.47426471
272 945 4.94840749 0.0164946916 3.47426471
272 945 4.94840239 0.0164946746 3.47426471
272 945 4.94840008 0.0164946669 3.47426471
272 945 4.94839883 0.0164946628 3.47426471
272 945 4.94839813 0.0164946604 3.47426471
271 940 4.90886423 0.0163628808 3.46863469
271 940 4.90923889 0.0163641296 3.46863469
271 940 4.90943164 0.0163647721 3.46863469
271 940 4.90917401 0.0163639134 3.46863469
271 940 4.90923102 0.0163641034 3.46863469
271 940 4.90943364 0.0163647788 3.46863469
271 940 4.90917411 0.0163639137 3.46863469
271 940 4.90923081 0.0163641027 3.46863469
271 940 4.90943337 0.0163647779 3.46863469
271 940 4.90917417 0.0163639139 3.46863469
270 933 4.83704062 0.0161234687 3.45555556
270 934 4.80223179 0.0160074393 3.45925926
270 932 4.7787836 0.0159292787 3.45185185
270 933 4.83699575 0.0161233192 3.45555556
270 933 4.83690171 0.0161230057 3.45555556
270 933 4.8368963 0.0161229877 3.45555556
270 933 4.83689675 0.0161229892 3.45555556
270 933 4.83689659 0.0161229886 3.45555556
270 933 4.83689652 0.0161229884 3.45555556
270 933 4.83689649 0.0161229883 3.45555556
269 927 4.73832374 0.0157944125 3.44609665
269 927 4.73844033 0.0157948011 3.44609665
269 927 4.73826859 0.0157942286 3.44609665
269 927 4.73847963 0.0157949321 3.44609665
269 927 4.73825509 0.0157941836 3.44609665
269 927 4.73847931 0.015794931 3.44609665
269 927 4.73825537 0.0157941846 3.44609665
269 927 4.73847906 0.0157949302 3.44609665
269 927 4.73825522 0.0157941841 3.44609665
269 927 4.73847897 0.0157949299 3.44609665
268 919 4.69968932 0.0156656311 3.42910448
268 919 4.69995241 0.015666508 3.42910448
268 920 4.68600899 0.01562003 3.43283582
268 919 4.69985118 0.0156661706 3.42910448
268 919 4.70007269 0.015666909 3.42910448
268 919 4.70005121 0.0156668374 3.42910448
268 919 4.70004899 0.01566683 3.42910448
268 919 4.70004869 0.015666829 3.42910448
268 919 4.70004854 0.0156668285 3.42910448
268 919 4.70004844 0.0156668281 3.42910448
267 912 4.64813142 0.0154937714 3.41573034
267 912 4.64814332 0.0154938111 3.41573034
267 912 4.64856498 0.0154952166 3.41573034
267 912 4.64837258 0.0154945753 3.41573034
267 912 4.64854749 0.0154951583 3.41573034
267 912 4.64859934 0.0154953311 3.41573034
267 912 4.64839281 0.0154946427 3.41573034
267 912 4.64855692 0.0154951897 3.41573034
267 912 4.64860391 0.0154953464 3.41573034
267 912 4.64839594 0.0154946531 3.41573034
266 903 4.5827843 0.0152759477 3.39473684
266 903 4.58212029 0.0152737343 3.39473684
266 903 4.58214763 0.0152738254 3.39473684
266 903 4.58214301 0.01527381 3.39473684
266 903 4.5821423 0.0152738077 3.39473684
266 903 4.5821421 0.015273807 3.39473684
266 903 4.58214201 0.0152738067 3.39473684
266 903 4.58214196 0.0152738065 3.39473684
266 903 4.58214194 0.0152738065 3.39473684
266 903 4.58214193 0.0152738064 3.39473684
265 892 4.49449342 0.0149816447 3.36603774
265 895 4.45846549 0.0148615516 3.37735849
265 892 4.49466099 0.0149822033 3.36603774
265 892 4.494621 0.01498207 3.36603774
265 892 4.49437153 0.0149812384 3.36603774
265 892 4.49447247 0.0149815749 3.36603774
265 892 4.49447111 0.0149815704 3.36603774
265 892 4.49447133 0.0149815711 3.36603774
265 892 4.49447132 0.0149815711 3.36603774
265 892 4.49447132 0.0149815711 3.36603774
264 884 4.40398106 0.0146799369 3.34848485
264 886 4.40273556 0.0146757852 3.35606061
264 887 4.40405059 0.0146801686 3.35984848
264 885 4.38669776 0.0146223259 3.35227273
264 886 4.3712507 0.0145708357 3.35606061
264 887 4.40392466 0.0146797489 3.35984848
264 887 4.40395722 0.0146798574 3.35984848
264 887 4.40397146 0.0146799049 3.35984848
264 887 4.40395632 0.0146798544 3.35984848
264 887 4.40395824 0.0146798608 3.35984848
263 878 4.34518916 0.0144839639 3.33840304
263 878 4.34478552 0.0144826184 3.33840304
263 878 4.34526081 0.0144842027 3.33840304
263 878 4.34487854 0.0144829285 3.33840304
263 878 4.34525924 0.0144841975 3.33840304
263 878 4.34488076 0.0144829359 3.33840304
263 878 4.34526164 0.0144842055 3.33840304
263 878 4.34488276 0.0144829425 3.33840304
263 878 4.34526277 0.0144842092 3.33840304
263 878 4.3448837 0.0144829457 3.33840304
262 872 4.28113663 0.0142704554 3.32824427
262 872 4.28154414 0.0142718138 3.32824427
262 872 4.28172095 0.0142724032 3.32824427
262 872 4.28153665 0.0142717888 3.32824427
262 872 4.28171869 0.0142723956 3.32824427
262 872 4.28153583 0.0142717861 3.32824427
262 872 4.28171784 0.0142723928 3.32824427
262 872 4.28153568 0.0142717856 3.32824427
262 872 4.2817176 0.014272392 3.32824427
262 872 4.28153564 0.0142717855 3.32824427
261 867 4.21865539 0.0140621846 3.32183908
261 867 4.21820867 0.0140606956 3.32183908
261 867 4.21847467 0.0140615822 3.32183908
261 866 4.22484933 0.0140828311 3.31800766
261 866 4.10099002 0.0136699667 3.31800766
261 866 4.22484719 0.014082824 3.31800766
261 866 4.22453645 0.0140817882 3.31800766
261 866 4.22491096 0.0140830365 3.31800766
261 866 4.22451764 0.0140817255 3.31800766
261 866 4.22490588 0.0140830196 3.31800766
260 860 4.09811156 0.0136603719 3.30769231
260 853 4.15181113 0.0138393704 3.28076923
260 853 4.09190283 0.0136396761 3.28076923
260 856 4.09778202 0.0136592734 3.29230769
260 860 4.09788252 0.0136596084 3.30769231
260 854 4.07233443 0.0135744481 3.28461538
260 856 4.09752859 0.0136584286 3.29230769
260 856 4.09717156 0.0136572385 3.29230769
260 856 4.0971804 0.013657268 3.29230769
260 856 4.09717905 0.0136572635 3.29230769
259 847 4.03560751 0.013452025 3.27027027
259 847 4.03548833 0.0134516278 3.27027027
259 847 4.03546547 0.0134515516 3.27027027
259 847 4.03545689 0.013451523 3.27027027
259 847 4.035461 0.0134515367 3.27027027
259 847 4.03545993 0.0134515331 3.27027027
259 847 4.03545986 0.0134515329 3.27027027
259 847 4.03545984 0.0134515328 3.27027027
259 847 4.03545979 0.0134515326 3.27027027
259 847 4.03545977 0.0134515326 3.27027027
258 839 4.00750701 0.0133583567 3.25193798
258 840 3.99781103 0.0133260368 3.25581395
258 840 3.99770731 0.013325691 3.25581395
258 840 3.9977134 0.0133257113 3.25581395
258 840 3.99771564 0.0133257188 3.25581395
258 840 3.99771483 0.0133257161 3.25581395
258 840 3.99771514 0.0133257171 3.25581395
258 840 3.9977152 0.0133257173 3.25581395
258 840 3.99771526 0.0133257175 3.25581395
258 840 3.9977153 0.0133257177 3.25581395
257 832 3.97560413 0.0132520138 3.23735409
257 832 3.97555605 0.0132518535 3.23735409
257 838 3.96614927 0.0132204976 3.26070039
256 832 3.94272765 0.0131424255 3.25
256 833 3.92893416 0.0130964472 3.25390625
256 836 3.98400298 0.0132800099 3.265625
255 827 3.93236682 0.0131078894 3.24313725
255 827 3.93234707 0.0131078236 3.24313725
255 827 3.9322982 0.0131076607 3.24313725
255 827 3.93229437 0.0131076479 3.24313725
254 822 3.92606741 0.0130868914 3.23622047
254 822 3.92598339 0.0130866113 3.23622047
254 822 3.92610284 0.0130870095 3.23622047
254 822 3.92600774 0.0130866925 3.23622047
254 822 3.92610248 0.0130870083 3.23622047
254 822 3.92600813 0.0130866938 3.23622047
254 822 3.92610263 0.0130870088 3.23622047
254 822 3.92600829 0.0130866943 3.23622047
254 822 3.92610268 0.0130870089 3.23622047
254 822 3.92600841 0.0130866947 3.23622047
253 814 3.91085083 0.0130361694 3.2173913
253 815 3.84106555 0.0128035518 3.22134387
253 812 3.84472385 0.0128157462 3.20948617
253 814 3.91094615 0.0130364872 3.2173913
253 815 3.8409184 0.0128030613 3.22134387
253 814 3.87813942 0.0129271314 3.2173913
253 814 3.87801778 0.0129267259 3.2173913
253 814 3.87797117 0.0129265706 3.2173913
253 814 3.87789414 0.0129263138 3.2173913
253 814 3.87797284 0.0129265761 3.2173913
252 807 3.83900423 0.0127966808 3.20238095
252 807 3.8388178 0.0127960593 3.20238095
252 807 3.83881948 0.0127960649 3.20238095
252 807 3.83882012 0.0127960671 3.20238095
252 807 3.83881977 0.0127960659 3.20238095
252 807 3.83882005 0.0127960668 3.20238095
252 807 3.83882027 0.0127960676 3.20238095
252 807 3.83882041 0.012796068 3.20238095
252 807 3.83882051 0.0127960684 3.20238095
252 807 3.83882057 0.0127960686 3.20238095
251 800 3.77526932 0.0125842311 3.187251
251 799 3.79002732 0.0126334244 3.18326693
251 799 3.77271387 0.0125757129 3.18326693
251 798 3.80808194 0.0126936065 3.17928287
251 800 3.74056981 0.012468566 3.187251
251 808 3.76690751 0.0125563584 3.21912351
251 800 3.81810309 0.0127270103 3.187251
251 800 3.7402624 0.0124675413 3.187251
251 800 3.74054848 0.0124684949 3.187251
251 800 3.7404696 0.012468232 3.187251
250 795 3.71122676 0.0123707559 3.18
250 795 3.71112605 0.0123704202 3.18
250 795 3.71139452 0.0123713151 3.18
250 795 3.71139509 0.012371317 3.18
250 795 3.7113926 0.0123713087 3.18
250 795 3.71139268 0.0123713089 3.18
250 795 3.71139335 0.0123713112 3.18
250 795 3.71139373 0.0123713124 3.18
250 795 3.71139397 0.0123713132 3.18
250 795 3.71139413 0.0123713138 3.18
249 790 3.66370036 0.0122123345 3.17269076
249 790 3.6637658 0.0122125527 3.17269076
249 790 3.6637595 0.0122125317 3.17269076
249 790 3.66376743 0.0122125581 3.17269076
249 790 3.66377489 0.012212583 3.17269076
249 790 3.66377941 0.012212598 3.17269076
249 790 3.66378211 0.012212607 3.17269076
249 790 3.66378366 0.0122126122 3.17269076
249 790 3.66378454 0.0122126151 3.17269076
249 790 3.66378504 0.0122126168 3.17269076
248 783 3.5986266 0.011995422 3.15725806
248 782 3.51641116 0.0117213705 3.15322581
248 780 3.55581962 0.0118527321 3.14516129
248 778 3.54337379 0.011811246 3.13709677
248 779 3.58303717 0.0119434572 3.14112903
248 779 3.582519 0.01194173 3.14112903
248 778 3.57690139 0.0119230046 3.13709677
248 778 3.57706481 0.0119235494 3.13709677
248 778 3.57681692 0.0119227231 3.13709677
248 778 3.57703875 0.0119234625 3.13709677
247 772 3.51071356 0.0117023785 3.12550607
247 773 3.46765147 0.0115588382 3.12955466
246 767 3.41282927 0.0113760976 3.11788618
246 766 3.33315836 0.0111105279 3.11382114
246 766 3.36585516 0.0112195172 3.11382114
246 768 3.34196284 0.0111398761 3.12195122
246 766 3.36177333 0.0112059111 3.11382114
245 761 3.33309229 0.0111103076 3.10612245
245 759 3.36050802 0.0112016934 3.09795918
245 759 3.36127496 0.0112042499 3.09795918
244 751 3.29945233 0.0109981744 3.07786885
244 755 3.34826703 0.0111608901 3.0942623
244 755 3.34833155 0.0111611052 3.0942623
244 755 3.34855159 0.0111618386 3.0942623
244 755 3.34830905 0.0111610302 3.0942623
244 755 3.3482663 0.0111608877 3.0942623
244 755 3.34854011 0.0111618004 3.0942623
244 755 3.3483063 0.011161021 3.0942623
244 755 3.34826457 0.0111608819 3.0942623
244 755 3.34853795 0.0111617932 3.0942623
243 747 3.2870884 0.0109569613 3.07407407
243 752 3.2660727 0.010886909 3.09465021
242 746 3.20169853 0.0106723284 3.08264463
242 745 3.171323 0.0105710767 3.0785124
242 747 3.18778287 0.0106259429 3.08677686
242 745 3.17115668 0.0105705223 3.0785124
242 745 3.17116693 0.0105705564 3.0785124
242 745 3.17110309 0.0105703436 3.0785124
242 745 3.17108111 0.0105702704 3.0785124
242 745 3.17109336 0.0105703112 3.0785124
241 742 3.17108311 0.010570277 3.07883817
241 742 3.17094313 0.0105698104 3.07883817
241 742 3.17100092 0.0105700031 3.07883817
241 742 3.17100193 0.0105700064 3.07883817
241 742 3.17100559 0.0105700186 3.07883817
241 742 3.1710094 0.0105700313 3.07883817
241 742 3.17101322 0.0105700441 3.07883817
241 742 3.17101653 0.0105700551 3.07883817
241 742 3.17101922 0.0105700641 3.07883817
241 742 3.17102133 0.0105700711 3.07883817
240 736 3.1255559 0.0104185197 3.06666667
240 736 3.1256445 0.010418815 3.06666667
240 736 3.1255866 0.010418622 3.06666667
240 736 3.1255943 0.0104186477 3.06666667
240 736 3.12559147 0.0104186382 3.06666667
240 736 3.12558963 0.0104186321 3.06666667
240 736 3.12558868 0.0104186289 3.06666667
240 736 3.12558807 0.0104186269 3.06666667
240 736 3.12558803 0.0104186268 3.06666667
240 736 3.12558794 0.0104186265 3.06666667
239 730 3.11826043 0.0103942014 3.05439331
239 730 3.11824373 0.0103941458 3.05439331
239 730 3.11824996 0.0103941665 3.05439331
239 730 3.11824569 0.0103941523 3.05439331
239 730 3.1182453 0.010394151 3.05439331
239 730 3.11824469 0.010394149 3.05439331
239 730 3.11824414 0.0103941471 3.05439331
239 730 3.11824343 0.0103941448 3.05439331
239 730 3.11824316 0.0103941439 3.05439331
239 730 3.11824263 0.0103941421 3.05439331
238 726 3.11824247 0.0103941416 3.05042017
238 726 3.11828391 0.0103942797 3.05042017
238 726 3.1181437 0.0103938123 3.05042017
238 726 3.11823297 0.0103941099 3.05042017
238 726 3.11822962 0.0103940987 3.05042017
238 726 3.11828784 0.0103942928 3.05042017
238 726 3.11827543 0.0103942514 3.05042017
238 726 3.11832743 0.0103944248 3.05042017
238 726 3.11830836 0.0103943612 3.05042017
238 726 3.11835421 0.010394514 3.05042017
237 718 3.11535079 0.0103845026 3.02953586
237 719 3.095936 0.0103197867 3.03375527
237 719 3.09588413 0.0103196138 3.03375527
237 719 3.09582798 0.0103194266 3.03375527
237 719 3.09569993 0.0103189998 3.03375527
237 719 3.09592457 0.0103197486 3.03375527
237 719 3.09591289 0.0103197096 3.03375527
237 719 3.09586106 0.0103195369 3.03375527
237 719 3.09572039 0.010319068 3.03375527
237 719 3.09594875 0.0103198292 3.03375527
236 712 3.01331768 0.0100443923 3.01694915
236 714 3.02273388 0.0100757796 3.02542373
236 714 3.00571189 0.0100190396 3.02542373
236 712 2.89435529 0.00964785095 3.01694915
236 707 2.89572073 0.00965240244 2.99576271
236 707 2.8950817 0.00965027232 2.99576271
236 703 2.8376026 0.00945867532 2.97881356
235 700 2.83732478 0.00945774925 2.9787234
235 700 2.83338388 0.00944461292 2.9787234
235 700 2.82811563 0.00942705209 2.9787234
234 698 2.71941745 0.00906472485 2.98290598
233 692 2.67980689 0.00893268964 2.96995708
233 694 2.69189176 0.00897297253 2.97854077
233 694 2.62306512 0.00874355041 2.97854077
233 694 2.59670798 0.00865569327 2.97854077
233 694 0 0 2.97854077
allocating memory...
allocating memory...
allocating memory...
allocating memory...
allocating memory...
allocating memory...
walksat version 35
command line = test -solcnf -cutoff 100000000 -best -seed 1234567 -numsol 10 ./residualformula_seed1.cnf
seed = 1234567
cutoff = 100000000
tries = 10
heuristic = best, noise 50 / 100
tail starts after flip = 900
numatom = 300, numclause = 694, numliterals = 1935
wff read in

    lowest     final       avg     noise     noise     total                 avg        mean        mean
    #unsat    #unsat     noise   std dev     ratio     flips              length       flips       flips
      this      this      this      this      this      this   success   success       until         std
       try       try       try       try       try       try      rate     tries      assign         dev

         0         0      1.70      1.28      1.33      1028       100      1028     1028.00
         0         0      2.93      1.57      1.87      2032       100      1530     1530.00      709.94
         0         0      5.49      2.09      2.62      2022       100      1694     1694.00      576.79
         0         0      4.62      3.42      1.35      1095       100      1544     1544.25      558.12
         0         0      3.93      1.86      2.11       913       100      1418     1418.00      559.75
         0         0      3.07      1.65      1.86      1656       100      1457     1457.67      509.99
         0         0      2.78      1.66      1.68      5147       100      1984     1984.71     1470.10
         0         0      3.28      1.89      1.73      2403       100      2037     2037.00     1369.06
         0         0      1.35      0.65      2.09       933       100      1914     1914.33     1332.46
         0         0      3.40      2.30      1.48      2110       100      1933     1933.90     1257.78

total elapsed seconds = 0.000000
average flips per second = -9223372036854775808
number solutions found = 10
final success rate = 100.000000
average length successful tries = 1933
mean flips until assign = 1933.900000
  variance = 1582015.211111
  standard deviation = 1257.781861
  standard error of mean = 397.745548
mean seconds until assign = 0.000000
  variance = 0.000000
  standard deviation = 0.000000
  standard error of mean = 0.000000
mean restarts until assign = 1.000000
  variance = 0.000000
  standard deviation = 0.000000
  standard error of mean = 0.000000
final noise level statistics
    statistics over all runs:
      overall mean average noise level = 3.254285
      overall mean noise std deviation = 1.835274
      overall ratio mean noise to mean std dev = 1.773188
    statistics on successful runs:
      successful mean average noise level = 3.254285
      successful mean noise std deviation = 1.835274
      successful ratio mean noise to mean std dev = 1.773188
    statistics on nonsuccessful runs:
      nonsuccessful mean average noise level = 0.000000
      nonsuccessful mean noise std deviation = 0.000000
      nonsuccessful ratio mean noise to mean std dev = 0.000000
ASSIGNMENT FOUND
Check and white a solution
time of whitening    freezing probability
7	 	 	 	1
8	 	 	 	1
9	 	 	 	1
8	 	 	 	1
7	 	 	 	1
12	 	 	 	1
8	 	 	 	1
7	 	 	 	1
10	 	 	 	1
10	 	 	 	1
